▲ Next.js 16.1.6 (Turbopack)

  Creating an optimized production build ...

-----
[1m[31mFATAL[39m[0m: An unexpected Turbopack error occurred. A panic log has been written to /var/folders/l1/2866gs757tn3yw26g4sfv_mw0000gn/T/next-panic-815eec73045d5d064e349c55adf83c2f.log.

To help make Turbopack better, report this error by ]8;;https://github.com/vercel/next.js/discussions/new?category=turbopack-error-report&title=Turbopack%20Error%3A%20%20%20x%20Expected%20%27%2C%27%2C%20got%20%27ident%27&body=Turbopack%20version%3A%20%6023c464985%60%0ANext.js%20version%3A%20%600.0.0%60%0A%0AError%20message%3A%0A%60%60%60%0A%20%20x%20Expected%20%27%2C%27%2C%20got%20%27ident%27%0A%0ACaused%20by%3A%0A-%20failed%20to%20parse%20source%20code%0A%0ADebug%20info%3A%0A-%20Execution%20of%20get_all_written_entrypoints_with_issues_operation%20failed%0A-%20Execution%20of%20EntrypointsOperation%3A%3Anew%20failed%0A-%20Execution%20of%20all_entrypoints_write_to_disk_operation%20failed%0A-%20Execution%20of%20Project%3A%3Aemit_all_output_assets%20failed%0A-%20Execution%20of%20emit_assets%20failed%0A-%20Execution%20of%20emit%20failed%0A-%20Execution%20of%20%3CSourceMapAsset%20as%20Asset%3E%3A%3Acontent%20failed%0A-%20Execution%20of%20%3CEcmascriptBuildNodeChunkContent%20as%20GenerateSourceMap%3E%3A%3Agenerate_source_map%20failed%0A-%20Execution%20of%20%2A%3CCode%20as%20GenerateSourceMap%3E%3A%3Agenerate_source_map%20failed%0A-%20Execution%20of%20EcmascriptBuildNodeChunkContent%3A%3Acode%20failed%0A-%20%20%20x%20Expected%20%27%2C%27%2C%20got%20%27ident%27%0A%20%20%20%20%20%20%20%20%20%2C-%5B13071%3A1%5D%0A%20%20%2013068%20%7C%20children%3A%20%5B%0A%20%20%2013069%20%7C%20%2F%2A%23__PURE__%2A%2F%20%280%2C%20__TURBOPACK__imported__module__87924__4%5B%22jsx%22%5D%29%28%22h1%22%2C%20%7B%0A%20%20%2013070%20%7C%20className%3A%20%22jsx-175b30b60cce2342%22%20%2B%20%22%20%22%20%2B%20%22%0A%20%20%2013071%20%7C%20%20%20%20%20%20%20%20%20%20%20%20%20%20%20%20%20%20%20%20%20%20%20%20%20%20%20%20%20big-shoulders%0A%20%20%20%20%20%20%20%20%20%3A%20%20%20%20%20%20%20%20%20%20%20%20%20%20%20%20%20%20%20%20%20%20%20%20%20%20%20%20%20%5E%5E%5E%0A%20%20%2013072%20%7C%20%20%20%20%20%20%20%20%20%20%20%20%20%20%20%20%20%20%20%20%20%20%20%20%20%20%20%20%20text-%5B%23F0EBE6%5D%0A%20%20%2013073%20%7C%20%20%20%20%20%20%20%20%20%20%20%20%20%20%20%20%20%20%20%20%20%20%20%20%20%20%20%20%20font-bold%0A%20%20%2013074%20%7C%20%20%20%20%20%20%20%20%20%20%20%20%20%20%20%20%20%20%20%20%20%20%20%20%20%20%20%20%20mb-4%20sm%3Amb-5%20md%3Amb-6%0A%20%20%20%20%20%20%20%20%20%60----%0A-%20failed%20to%20parse%20source%20code%0A%20%20module.exports%20%3D%20%5B%0A%20%2033354%2C%20%28%28__turbopack_context__%2C%20module%2C%20exports%29%20%3D%3E%20%7B%0A%20%20%22use%20strict%22%3B%0A%20%20%0A%20%20function%20_interop_require_default%28obj%29%20%7B%0A%20%20return%20obj%20%26%26%20obj.__esModule%20%3F%20obj%20%3A%20%7B%0A%20%20default%3A%20obj%0A%20%20%7D%3B%0A%20%20%7D%0A%20%20exports._%20%3D%20_interop_require_default%3B%0A%20%20%7D%29%2C%0A%20%204987%2C%20%28%28__turbopack_context__%2C%20module%2C%20exports%29%20%3D%3E%20%7B%0A%20%20%22use%20strict%22%3B%0A%20%20%0A%20%20%2F%2A%2A%0A%20%20%20%2A%20A%20shared%20function%2C%20used%20on%20both%20client%20and%20server%2C%20to%20generate%20a%20SVG%20blur%20placeholder.%0A%20%20%20%2A%2F%20Object.defineProperty%28exports%2C%20%22__esModule%22%2C%20%7B%0A%20%20value%3A%20true%0A%20%20%7D%29%3B%0A%20%20Object.defineProperty%28exports%2C%20%22getImageBlurSvg%22%2C%20%7B%0A%20%20enumerable%3A%20true%2C%0A%20%20get%3A%20function%28%29%20%7B%0A%20%20return%20getImageBlurSvg%3B%0A%20%20%7D%0A%20%20%7D%29%3B%0A%20%20function%20getImageBlurSvg%28%7B%20widthInt%2C%20heightInt%2C%20blurWidth%2C%20blurHeight%2C%20blurDataURL%2C%20objectFit%20%7D%29%20%7B%0A%20%20const%20std%20%3D%2020%3B%0A%20%20const%20svgWidth%20%3D%20blurWidth%20%3F%20blurWidth%20%2A%2040%20%3A%20widthInt%3B%0A%20%20const%20svgHeight%20%3D%20blurHeight%20%3F%20blurHeight%20%2A%2040%20%3A%20heightInt%3B%0A%20%20const%20viewBox%20%3D%20svgWidth%20%26%26%20svgHeight%20%3F%20%60viewBox%3D%270%200%20%24%7BsvgWidth%7D%20%24%7BsvgHeight%7D%27%60%20%3A%20%27%27%3B%0A%20%20const%20preserveAspectRatio%20%3D%20viewBox%20%3F%20%27none%27%20%3A%20objectFit%20%3D%3D%3D%20%27contain%27%20%3F%20%27xMidYMid%27%20%3A%20objectFit%20%3D%3D%3D%20%27cover%27%20%3F%20%27xMidYMid%20slice%27%20%3A%20%27none%27%3B%0A%20%20return%20%60%253Csvg%20xmlns%3D%27http%3A%2F%2Fwww.w3.org%2F2000%2Fsvg%27%20%24%7BviewBox%7D%253E%253Cfilter%20id%3D%27b%27%20color-interpolation-filters%3D%27sRGB%27%253E%253CfeGaussianBlur%20stdDeviation%3D%27%24%7Bstd%7D%27%2F%253E%253CfeColorMatrix%20values%3D%271%200%200%200%200%200%201%200%200%200%200%200%201%200%200%200%200%200%20100%20-1%27%20result%3D%27s%27%2F%253E%253CfeFlood%20x%3D%270%27%20y%3D%270%27%20width%3D%27100%2525%27%20height%3D%27100%2525%27%2F%253E%253CfeComposite%20operator%3D%27out%27%20in%3D%27s%27%2F%253E%253CfeComposite%20in2%3D%27SourceGraphic%27%2F%253E%253CfeGaussianBlur%20stdDeviation%3D%27%24%7Bstd%7D%27%2F%253E%253C%2Ffilter%253E%253Cimage%20width%3D%27100%2525%27%20height%3D%27100%2525%27%20x%3D%270%27%20y%3D%270%27%20preserveAspectRatio%3D%27%24%7BpreserveAspectRatio%7D%27%20style%3D%27filter%3A%20url%28%2523b%29%3B%27%20href%3D%27%24%7BblurDataURL%7D%27%2F%253E%253C%2Fsvg%253E%60%3B%0A%20%20%7D%20%2F%2F%23%20sourceMappingURL%3Dimage-blur-svg.js.map%0A%20%20%7D%29%2C%0A%20%20345%2C%20%28%28__turbopack_context__%2C%20module%2C%20exports%29%20%3D%3E%20%7B%0A%20%20%22use%20strict%22%3B%0A%20%20%0A%20%20Object.defineProperty%28exports%2C%20%22__esModule%22%2C%20%7B%0A%20%20value%3A%20true%0A%20%20%7D%29%3B%0A%20%200%20%26%26%20%28module.exports%20%3D%20%7B%0A%20%20VALID_LOADERS%3A%20null%2C%0A%20%20imageConfigDefault%3A%20null%0A%20%20%7D%29%3B%0A%20%20function%20_export%28target%2C%20all%29%20%7B%0A%20%20for%28var%20name%20in%20all%29Object.defineProperty%28target%2C%20name%2C%20%7B%0A%20%20enumerable%3A%20true%2C%0A%20%20get%3A%20all%5Bname%5D%0A%20%20%7D%29%3B%0A%20%20%7D%0A%20%20_export%28exports%2C%20%7B%0A%20%20VALID_LOADERS%3A%20function%28%29%20%7B%0A%20%20return%20VALID_LOADERS%3B%0A%20%20%7D%2C%0A%20%20imageConfigDefault%3A%20function%28%29%20%7B%0A%20%20return%20imageConfigDefault%3B%0A%20%20%7D%0A%20%20%7D%29%3B%0A%20%20const%20VALID_LOADERS%20%3D%20%5B%0A%20%20%27default%27%2C%0A%20%20%27imgix%27%2C%0A%20%20%27cloudinary%27%2C%0A%20%20%27akamai%27%2C%0A%20%20%27custom%27%0A%20%20%5D%3B%0A%20%20const%20imageConfigDefault%20%3D%20%7B%0A%20%20deviceSizes%3A%20%5B%0A%20%20640%2C%0A%20%20750%2C%0A%20%20828%2C%0A%20%201080%2C%0A%20%201200%2C%0A%20%201920%2C%0A%20%202048%2C%0A%20%203840%0A%20%20%5D%2C%0A%20%20imageSizes%3A%20%5B%0A%20%2032%2C%0A%20%2048%2C%0A%20%2064%2C%0A%20%2096%2C%0A%20%20128%2C%0A%20%20256%2C%0A%20%20384%0A%20%20%5D%2C%0A%20%20path%3A%20%27%2F_next%2Fimage%27%2C%0A%20%20loader%3A%20%27default%27%2C%0A%20%20loaderFile%3A%20%27%27%2C%0A%20%20%2F%2A%2A%0A%20%20%20%20%20%2A%20%40deprecated%20Use%20%60remotePatterns%60%20instead%20to%20protect%20your%20application%20from%20malicious%20users.%0A%20%20%20%20%20%2A%2F%20domains%3A%20%5B%5D%2C%0A%20%20disableStaticImages%3A%20false%2C%0A%20%20minimumCacheTTL%3A%2014400%2C%0A%20%20formats%3A%20%5B%0A%20%20%27image%2Fwebp%27%0A%20%20%5D%2C%0A%20%20maximumRedirects%3A%203%2C%0A%20%20maximumResponseBody%3A%2050000000%2C%0A%20%20dangerouslyAllowLocalIP%3A%20false%2C%0A%20%20dangerouslyAllowSVG%3A%20false%2C%0A%20%20contentSecurityPolicy%3A%20%60script-src%20%27none%27%3B%20frame-src%20%27none%27%3B%20sandbox%3B%60%2C%0A%20%20contentDispositionType%3A%20%27attachment%27%2C%0A%20%20localPatterns%3A%20undefined%2C%0A%20%20remotePatterns%3A%20%5B%5D%2C%0A%20%20qualities%3A%20%5B%0A%20%2075%0A%20%20%5D%2C%0A%20%20unoptimized%3A%20false%0A%20%20%7D%3B%20%2F%2F%23%20sourceMappingURL%3Dimage-config.js.map%0A%20%20%7D%29%2C%0A%20%2094915%2C%20%28%28__turbopack_context__%2C%20module%2C%20exports%29%20%3D%3E%20%7B%0A%20%20%22use%20strict%22%3B%0A%20%20%0A%20%20Object.defineProperty%28exports%2C%20%22__esModule%22%2C%20%7B%0A%20%20value%3A%20true%0A%20%20%7D%29%3B%0A%20%20Object.defineProperty%28exports%2C%20%22getImgProps%22%2C%20%7B%0A%20%20enumerable%3A%20true%2C%0A%20%20get%3A%20function%28%29%20%7B%0A%20%20return%20getImgProps%3B%0A%20%20%7D%0A%20%20%7D%29%3B%0A%20%20const%20_warnonce%20%3D%20__turbopack_context__.r%2892434%29%3B%0A%20%20const%20_deploymentid%20%3D%20__turbopack_context__.r%2868063%29%3B%0A%20%20const%20_imageblursvg%20%3D%20__turbopack_context__.r%284987%29%3B%0A%20%20const%20_imageconfig%20%3D%20__turbopack_context__.r%28345%29%3B%0A%20%20const%20VALID_LOADING_VALUES%20%3D%20%5B%0A%20%20%27lazy%27%2C%0A%20%20%27eager%27%2C%0A%20%20undefined%0A%20%20%5D%3B%0A%20%20%2F%2F%20Object-fit%20values%20that%20are%20not%20valid%20background-size%20values%0A%20%20const%20INVALID_BACKGROUND_SIZE_VALUES%20%3D%20%5B%0A%20%20%27-moz-initial%27%2C%0A%20%20%27fill%27%2C%0A%20%20%27none%27%2C%0A%20%20%27scale-down%27%2C%0A%20%20undefined%0A%20%20%5D%3B%0A%20%20function%20isStaticRequire%28src%29%20%7B%0A%20%20return%20src.default%20%21%3D%3D%20undefined%3B%0A%20%20%7D%0A%20%20function%20isStaticImageData%28src%29%20%7B%0A%20%20return%20src.src%20%21%3D%3D%20undefined%3B%0A%20%20%7D%0A%20%20function%20isStaticImport%28src%29%20%7B%0A%20%20return%20%21%21src%20%26%26%20typeof%20src%20%3D%3D%3D%20%27object%27%20%26%26%20%28isStaticRequire%28src%29%20%7C%7C%20isStaticImageData%28src%29%29%3B%0A%20%20%7D%0A%20%20const%20allImgs%20%3D%20new%20Map%28%29%3B%0A%20%20let%20perfObserver%3B%0A%20%20function%20getInt%28x%29%20%7B%0A%20%20if%20%28typeof%20x%20%3D%3D%3D%20%27undefined%27%29%20%7B%0A%20%20return%20x%3B%0A%20%20%7D%0A%20%20if%20%28typeof%20x%20%3D%3D%3D%20%27number%27%29%20%7B%0A%20%20return%20Number.isFinite%28x%29%20%3F%20x%20%3A%20NaN%3B%0A%20%20%7D%0A%20%20if%20%28typeof%20x%20%3D%3D%3D%20%27string%27%20%26%26%20%2F%5E%5B0-9%5D%2B%24%2F.test%28x%29%29%20%7B%0A%20%20return%20parseInt%28x%2C%2010%29%3B%0A%20%20%7D%0A%20%20return%20NaN%3B%0A%20%20%7D%0A%20%20function%20getWidths%28%7B%20deviceSizes%2C%20allSizes%20%7D%2C%20width%2C%20sizes%29%20%7B%0A%20%20if%20%28sizes%29%20%7B%0A%20%20%2F%2F%20Find%20all%20the%20%22vw%22%20percent%20sizes%20used%20in%20the%20sizes%20prop%0A%20%20const%20viewportWidthRe%20%3D%20%2F%28%5E%7C%5Cs%29%281%3F%5Cd%3F%5Cd%29vw%2Fg%3B%0A%20%20const%20percentSizes%20%3D%20%5B%5D%3B%0A%20%20for%28let%20match%3B%20match%20%3D%20viewportWidthRe.exec%28sizes%29%3B%20match%29%7B%0A%20%20percentSizes.push%28parseInt%28match%5B2%5D%29%29%3B%0A%20%20%7D%0A%20%20if%20%28percentSizes.length%29%20%7B%0A%20%20const%20smallestRatio%20%3D%20Math.min%28...percentSizes%29%20%2A%200.01%3B%0A%20%20return%20%7B%0A%20%20widths%3A%20allSizes.filter%28%28s%29%3D%3Es%20%3E%3D%20deviceSizes%5B0%5D%20%2A%20smallestRatio%29%2C%0A%20%20kind%3A%20%27w%27%0A%20%20%7D%3B%0A%20%20%7D%0A%20%20return%20%7B%0A%20%20widths%3A%20allSizes%2C%0A%20%20kind%3A%20%27w%27%0A%20%20%7D%3B%0A%20%20%7D%0A%20%20if%20%28typeof%20width%20%21%3D%3D%20%27number%27%29%20%7B%0A%20%20return%20%7B%0A%20%20widths%3A%20deviceSizes%2C%0A%20%20kind%3A%20%27w%27%0A%20%20%7D%3B%0A%20%20%7D%0A%20%20const%20widths%20%3D%20%5B%0A%20%20...new%20Set%28%2F%2F%20%3E%20are%20actually%203x%20in%20the%20green%20color%2C%20but%20only%201.5x%20in%20the%20red%20and%0A%20%20%2F%2F%20%3E%20blue%20colors.%20Showing%20a%203x%20resolution%20image%20in%20the%20app%20vs%20a%202x%0A%20%20%2F%2F%20%3E%20resolution%20image%20will%20be%20visually%20the%20same%2C%20though%20the%203x%20image%0A%20%20%2F%2F%20%3E%20takes%20significantly%20more%20data.%20Even%20true%203x%20resolution%20screens%20are%0A%20%20%2F%2F%20%3E%20wasteful%20as%20the%20human%20eye%20cannot%20see%20that%20level%20of%20detail%20without%0A%20%20%2F%2F%20%3E%20something%20like%20a%20magnifying%20glass.%0A%20%20%2F%2F%20https%3A%2F%2Fblog.twitter.com%2Fengineering%2Fen_us%2Ftopics%2Finfrastructure%2F2019%2Fcapping-image-fidelity-on-ultra-high-resolution-devices.html%0A%20%20%5B%0A%20%20width%2C%0A%20%20width%20%2A%202%20%2F%2A%2C%20width%20%2A%203%2A%2F%20%0A%20%20%5D.map%28%28w%29%3D%3EallSizes.find%28%28p%29%3D%3Ep%20%3E%3D%20w%29%20%7C%7C%20allSizes%5BallSizes.length%20-%201%5D%29%29%0A%20%20%5D%3B%0A%20%20return%20%7B%0A%20%20widths%2C%0A%20%20kind%3A%20%27x%27%0A%20%20%7D%3B%0A%20%20%7D%0A%20%20function%20generateImgAttrs%28%7B%20config%2C%20src%2C%20unoptimized%2C%20width%2C%20quality%2C%20sizes%2C%20loader%20%7D%29%20%7B%0A%20%20if%20%28unoptimized%29%20%7B%0A%20%20const%20deploymentId%20%3D%20%280%2C%20_deploymentid.getDeploymentId%29%28%29%3B%0A%20%20if%20%28src.startsWith%28%27%2F%27%29%20%26%26%20%21src.startsWith%28%27%2F%2F%27%29%20%26%26%20deploymentId%29%20%7B%0A%20%20const%20sep%20%3D%20src.includes%28%27%3F%27%29%20%3F%20%27%26%27%20%3A%20%27%3F%27%3B%0A%20%20src%20%3D%20%60%24%7Bsrc%7D%24%7Bsep%7Ddpl%3D%24%7BdeploymentId%7D%60%3B%0A%20%20%7D%0A%20%20return%20%7B%0A%20%20src%2C%0A%20%20srcSet%3A%20undefined%2C%0A%20%20sizes%3A%20undefined%0A%20%20%7D%3B%0A%20%20%7D%0A%20%20const%20%7B%20widths%2C%20kind%20%7D%20%3D%20getWidths%28config%2C%20width%2C%20sizes%29%3B%0A%20%20const%20last%20%3D%20widths.length%20-%201%3B%0A%20%20return%20%7B%0A%20%20sizes%3A%20%21sizes%20%26%26%20kind%20%3D%3D%3D%20%27w%27%20%3F%20%27100vw%27%20%3A%20sizes%2C%0A%20%20srcSet%3A%20widths.map%28%28w%2C%20i%29%3D%3E%60%24%7Bloader%28%7B%0A%20%20config%2C%0A%20%20src%2C%0A%20%20quality%2C%0A%20%20width%3A%20w%0A%20%20%7D%29%7D%20%24%7Bkind%20%3D%3D%3D%20%27w%27%20%3F%20w%20%3A%20i%20%2B%201%7D%24%7Bkind%7D%60%29.join%28%27%2C%20%27%29%2C%0A%20%20%2F%2F%20It%27s%20intended%20to%20keep%20%60src%60%20the%20last%20attribute%20because%20React%20updates%0A%20%20%2F%2F%20attributes%20in%20order.%20If%20we%20keep%20%60src%60%20the%20first%20one%2C%20Safari%20will%0A%20%20%2F%2F%20immediately%20start%20to%20fetch%20%60src%60%2C%20before%20%60sizes%60%20and%20%60srcSet%60%20are%20even%0A%20%20%2F%2F%20updated%20by%20React.%20That%20causes%20multiple%20unnecessary%20requests%20if%20%60srcSet%60%0A%20%20%2F%2F%20and%20%60sizes%60%20are%20defined.%0A%20%20%2F%2F%20This%20bug%20cannot%20be%20reproduced%20in%20Chrome%20or%20Firefox.%0A%20%20src%3A%20loader%28%7B%0A%20%20config%2C%0A%20%20src%2C%0A%20%20quality%2C%0A%20%20width%3A%20widths%5Blast%5D%0A%20%20%7D%29%0A%20%20%7D%3B%0A%20%20%7D%0A%20%20function%20getImgProps%28%7B%20src%2C%20sizes%2C%20unoptimized%20%3D%20false%2C%20priority%20%3D%20false%2C%20preload%20%3D%20false%2C%20loading%2C%20className%2C%20quality%2C%20width%2C%20height%2C%20fill%20%3D%20false%2C%20style%2C%20overrideSrc%2C%20onLoad%2C%20onLoadingComplete%2C%20placeholder%20%3D%20%27empty%27%2C%20blurDataURL%2C%20fetchPriority%2C%20decoding%20%3D%20%27async%27%2C%20layout%2C%20objectFit%2C%20objectPosition%2C%20lazyBoundary%2C%20lazyRoot%2C%20...rest%20%7D%2C%20_state%29%20%7B%0A%20%20const%20%7B%20imgConf%2C%20showAltText%2C%20blurComplete%2C%20defaultLoader%20%7D%20%3D%20_state%3B%0A%20%20let%20config%3B%0A%20%20let%20c%20%3D%20imgConf%20%7C%7C%20_imageconfig.imageConfigDefault%3B%0A%20%20if%20%28%27allSizes%27%20in%20c%29%20%7B%0A%20%20config%20%3D%20c%3B%0A%20%20%7D%20else%20%7B%0A%20%20const%20allSizes%20%3D%20%5B%0A%20%20...c.deviceSizes%2C%0A%20%20...c.imageSizes%0A%20%20%5D.sort%28%28a%2C%20b%29%3D%3Ea%20-%20b%29%3B%0A%20%20const%20deviceSizes%20%3D%20c.deviceSizes.sort%28%28a%2C%20b%29%3D%3Ea%20-%20b%29%3B%0A%20%20const%20qualities%20%3D%20c.qualities%3F.sort%28%28a%2C%20b%29%3D%3Ea%20-%20b%29%3B%0A%20%20config%20%3D%20%7B%0A%20%20...c%2C%0A%20%20allSizes%2C%0A%20%20deviceSizes%2C%0A%20%20qualities%0A%20%20%7D%3B%0A%20%20%7D%0A%20%20if%20%28typeof%20defaultLoader%20%3D%3D%3D%20%27undefined%27%29%20%7B%0A%20%20throw%20Object.defineProperty%28new%20Error%28%27images.loaderFile%20detected%20but%20the%20file%20is%20missing%20default%20export.%5CnRead%20more%3A%20https%3A%2F%2Fnextjs.org%2Fdocs%2Fmessages%2Finvalid-images-config%27%29%2C%20%22__NEXT_ERROR_CODE%22%2C%20%7B%0A%20%20value%3A%20%22E163%22%2C%0A%20%20enumerable%3A%20false%2C%0A%20%20configurable%3A%20true%0A%20%20%7D%29%3B%0A%20%20%7D%0A%20%20let%20loader%20%3D%20rest.loader%20%7C%7C%20defaultLoader%3B%0A%20%20%2F%2F%20Remove%20property%20so%20it%27s%20not%20spread%20on%20%3Cimg%3E%20element%0A%20%20delete%20rest.loader%3B%0A%20%20delete%20rest.srcSet%3B%0A%20%20%2F%2F%20This%20special%20value%20indicates%20that%20the%20user%0A%20%20%2F%2F%20didn%27t%20define%20a%20%22loader%22%20prop%20or%20%22loader%22%20config.%0A%20%20const%20isDefaultLoader%20%3D%20%27__next_img_default%27%20in%20loader%3B%0A%20%20if%20%28isDefaultLoader%29%20%7B%0A%20%20if%20%28config.loader%20%3D%3D%3D%20%27custom%27%29%20%7B%0A%20%20throw%20Object.defineProperty%28new%20Error%28%60Image%20with%20src%20%22%24%7Bsrc%7D%22%20is%20missing%20%22loader%22%20prop.%60%20%2B%20%60%5CnRead%20more%3A%20https%3A%2F%2Fnextjs.org%2Fdocs%2Fmessages%2Fnext-image-missing-loader%60%29%2C%20%22__NEXT_ERROR_CODE%22%2C%20%7B%0A%20%20value%3A%20%22E252%22%2C%0A%20%20enumerable%3A%20false%2C%0A%20%20configurable%3A%20true%0A%20%20%7D%29%3B%0A%20%20%7D%0A%20%20%7D%20else%20%7B%0A%20%20%2F%2F%20The%20user%20defined%20a%20%22loader%22%20prop%20or%20config.%0A%20%20%2F%2F%20Since%20the%20config%20object%20is%20internal%20only%2C%20we%0A%20%20%2F%2F%20must%20not%20pass%20it%20to%20the%20user-defined%20%22loader%22.%0A%20%20const%20customImageLoader%20%3D%20loader%3B%0A%20%20loader%20%3D%20%28obj%29%3D%3E%7B%0A%20%20const%20%7B%20config%3A%20_%2C%20...opts%20%7D%20%3D%20obj%3B%0A%20%20return%20customImageLoader%28opts%29%3B%0A%20%20%7D%3B%0A%20%20%7D%0A%20%20if%20%28layout%29%20%7B%0A%20%20if%20%28layout%20%3D%3D%3D%20%27fill%27%29%20%7B%0A%20%20fill%20%3D%20true%3B%0A%20%20%7D%0A%20%20const%20layoutToStyle%20%3D%20%7B%0A%20%20intrinsic%3A%20%7B%0A%20%20maxWidth%3A%20%27100%25%27%2C%0A%20%20height%3A%20%27auto%27%0A%20%20%7D%2C%0A%20%20responsive%3A%20%7B%0A%20%20width%3A%20%27100%25%27%2C%0A%20%20height%3A%20%27auto%27%0A%20%20%7D%0A%20%20%7D%3B%0A%20%20const%20layoutToSizes%20%3D%20%7B%0A%20%20responsive%3A%20%27100vw%27%2C%0A%20%20fill%3A%20%27100vw%27%0A%20%20%7D%3B%0A%20%20const%20layoutStyle%20%3D%20layoutToStyle%5Blayout%5D%3B%0A%20%20if%20%28layoutStyle%29%20%7B%0A%20%20style%20%3D%20%7B%0A%20%20...style%2C%0A%20%20...layoutStyle%0A%20%20%7D%3B%0A%20%20%7D%0A%20%20const%20layoutSizes%20%3D%20layoutToSizes%5Blayout%5D%3B%0A%20%20if%20%28layoutSizes%20%26%26%20%21sizes%29%20%7B%0A%20%20sizes%20%3D%20layoutSizes%3B%0A%20%20%7D%0A%20%20%7D%0A%20%20let%20staticSrc%20%3D%20%27%27%3B%0A%20%20let%20widthInt%20%3D%20getInt%28width%29%3B%0A%20%20let%20heightInt%20%3D%20getInt%28height%29%3B%0A%20%20let%20blurWidth%3B%0A%20%20let%20blurHeight%3B%0A%20%20if%20%28isStaticImport%28src%29%29%20%7B%0A%20%20const%20staticImageData%20%3D%20isStaticRequire%28src%29%20%3F%20src.default%20%3A%20src%3B%0A%20%20if%20%28%21staticImageData.src%29%20%7B%0A%20%20throw%20Object.defineProperty%28new%20Error%28%60An%20object%20should%20only%20be%20passed%20to%20the%20image%20component%20src%20parameter%20if%20it%20comes%20from%20a%20static%20image%20import.%20It%20must%20include%20src.%20Received%20%24%7BJSON.stringify%28staticImageData%29%7D%60%29%2C%20%22__NEXT_ERROR_CODE%22%2C%20%7B%0A%20%20value%3A%20%22E460%22%2C%0A%20%20enumerable%3A%20false%2C%0A%20%20configurable%3A%20true%0A%20%20%7D%29%3B%0A%20%20%7D%0A%20%20if%20%28%21staticImageData.height%20%7C%7C%20%21staticImageData.width%29%20%7B%0A%20%20throw%20Object.defineProperty%28new%20Error%28%60An%20object%20should%20only%20be%20passed%20to%20the%20image%20component%20src%20parameter%20if%20it%20comes%20from%20a%20static%20image%20import.%20It%20must%20include%20height%20and%20width.%20Received%20%24%7BJSON.stringify%28staticImageData%29%7D%60%29%2C%20%22__NEXT_ERROR_CODE%22%2C%20%7B%0A%20%20value%3A%20%22E48%22%2C%0A%20%20enumerable%3A%20false%2C%0A%20%20configurable%3A%20true%0A%20%20%7D%29%3B%0A%20%20%7D%0A%20%20blurWidth%20%3D%20staticImageData.blurWidth%3B%0A%20%20blurHeight%20%3D%20staticImageData.blurHeight%3B%0A%20%20blurDataURL%20%3D%20blurDataURL%20%7C%7C%20staticImageData.blurDataURL%3B%0A%20%20staticSrc%20%3D%20staticImageData.src%3B%0A%20%20if%20%28%21fill%29%20%7B%0A%20%20if%20%28%21widthInt%20%26%26%20%21heightInt%29%20%7B%0A%20%20widthInt%20%3D%20staticImageData.width%3B%0A%20%20heightInt%20%3D%20staticImageData.height%3B%0A%20%20%7D%20else%20if%20%28widthInt%20%26%26%20%21heightInt%29%20%7B%0A%20%20const%20ratio%20%3D%20widthInt%20%2F%20staticImageData.width%3B%0A%20%20heightInt%20%3D%20Math.round%28staticImageData.height%20%2A%20ratio%29%3B%0A%20%20%7D%20else%20if%20%28%21widthInt%20%26%26%20heightInt%29%20%7B%0A%20%20const%20ratio%20%3D%20heightInt%20%2F%20staticImageData.height%3B%0A%20%20widthInt%20%3D%20Math.round%28staticImageData.width%20%2A%20ratio%29%3B%0A%20%20%7D%0A%20%20%7D%0A%20%20%7D%0A%20%20src%20%3D%20typeof%20src%20%3D%3D%3D%20%27string%27%20%3F%20src%20%3A%20staticSrc%3B%0A%20%20let%20isLazy%20%3D%20%21priority%20%26%26%20%21preload%20%26%26%20%28loading%20%3D%3D%3D%20%27lazy%27%20%7C%7C%20typeof%20loading%20%3D%3D%3D%20%27undefined%27%29%3B%0A%20%20if%20%28%21src%20%7C%7C%20src.startsWith%28%27data%3A%27%29%20%7C%7C%20src.startsWith%28%27blob%3A%27%29%29%20%7B%0A%20%20%2F%2F%20https%3A%2F%2Fdeveloper.mozilla.org%2Fdocs%2FWeb%2FHTTP%2FBasics_of_HTTP%2FData_URIs%0A%20%20unoptimized%20%3D%20true%3B%0A%20%20isLazy%20%3D%20false%3B%0A%20%20%7D%0A%20%20if%20%28config.unoptimized%29%20%7B%0A%20%20unoptimized%20%3D%20true%3B%0A%20%20%7D%0A%20%20if%20%28isDefaultLoader%20%26%26%20%21config.dangerouslyAllowSVG%20%26%26%20src.split%28%27%3F%27%2C%201%29%5B0%5D.endsWith%28%27.svg%27%29%29%20%7B%0A%20%20%2F%2F%20Special%20case%20to%20make%20svg%20serve%20as-is%20to%20avoid%20proxying%0A%20%20%2F%2F%20through%20the%20built-in%20Image%20Optimization%20API.%0A%20%20unoptimized%20%3D%20true%3B%0A%20%20%7D%0A%20%20const%20qualityInt%20%3D%20getInt%28quality%29%3B%0A%20%20if%20%28%22TURBOPACK%20compile-time%20falsy%22%2C%200%29%20%2F%2FTURBOPACK%20unreachable%0A%20%20%3B%0A%20%20const%20imgStyle%20%3D%20Object.assign%28fill%20%3F%20%7B%0A%20%20position%3A%20%27absolute%27%2C%0A%20%20height%3A%20%27100%25%27%2C%0A%20%20width%3A%20%27100%25%27%2C%0A%20%20left%3A%200%2C%0A%20%20top%3A%200%2C%0A%20%20right%3A%200%2C%0A%20%20bottom%3A%200%2C%0A%20%20objectFit%2C%0A%20%20objectPosition%0A%20%20%7D%20%3A%20%7B%7D%2C%20showAltText%20%3F%20%7B%7D%20%3A%20%7B%0A%20%20color%3A%20%27transparent%27%0A%20%20%7D%2C%20style%29%3B%0A%20%20const%20backgroundImage%20%3D%20%21blurComplete%20%26%26%20placeholder%20%21%3D%3D%20%27empty%27%20%3F%20placeholder%20%3D%3D%3D%20%27blur%27%20%3F%20%60url%28%22data%3Aimage%2Fsvg%2Bxml%3Bcharset%3Dutf-8%2C%24%7B%280%2C%20_imageblursvg.getImageBlurSvg%29%28%7B%0A%20%20widthInt%2C%0A%20%20heightInt%2C%0A%20%20blurWidth%2C%0A%20%20blurHeight%2C%0A%20%20blurDataURL%3A%20blurDataURL%20%7C%7C%20%27%27%2C%0A%20%20objectFit%3A%20imgStyle.objectFit%0A%20%20%7D%29%7D%22%29%60%20%3A%20%60url%28%22%24%7Bplaceholder%7D%22%29%60%20%2F%2F%20assume%20%60data%3Aimage%2F%60%0A%20%20%20%3A%20null%3B%0A%20%20const%20backgroundSize%20%3D%20%21INVALID_BACKGROUND_SIZE_VALUES.includes%28imgStyle.objectFit%29%20%3F%20imgStyle.objectFit%20%3A%20imgStyle.objectFit%20%3D%3D%3D%20%27fill%27%20%3F%20%27100%25%20100%25%27%20%2F%2F%20the%20background-size%20equivalent%20of%20%60fill%60%0A%20%20%20%3A%20%27cover%27%3B%0A%20%20let%20placeholderStyle%20%3D%20backgroundImage%20%3F%20%7B%0A%20%20backgroundSize%2C%0A%20%20backgroundPosition%3A%20imgStyle.objectPosition%20%7C%7C%20%2750%25%2050%25%27%2C%0A%20%20backgroundRepeat%3A%20%27no-repeat%27%2C%0A%20%20backgroundImage%0A%20%20%7D%20%3A%20%7B%7D%3B%0A%20%20if%20%28%22TURBOPACK%20compile-time%20falsy%22%2C%200%29%20%2F%2FTURBOPACK%20unreachable%0A%20%20%3B%0A%20%20const%20imgAttributes%20%3D%20generateImgAttrs%28%7B%0A%20%20config%2C%0A%20%20src%2C%0A%20%20unoptimized%2C%0A%20%20width%3A%20widthInt%2C%0A%20%20quality%3A%20qualityInt%2C%0A%20%20sizes%2C%0A%20%20loader%0A%20%20%7D%29%3B%0A%20%20const%20loadingFinal%20%3D%20isLazy%20%3F%20%27lazy%27%20%3A%20loading%3B%0A%20%20if%20%28%22TURBOPACK%20compile-time%20falsy%22%2C%200%29%20%2F%2FTURBOPACK%20unreachable%0A%20%20%3B%0A%20%20const%20props%20%3D%20%7B%0A%20%20...rest%2C%0A%20%20loading%3A%20loadingFinal%2C%0A%20%20fetchPriority%2C%0A%20%20width%3A%20widthInt%2C%0A%20%20height%3A%20heightInt%2C%0A%20%20decoding%2C%0A%20%20className%2C%0A%20%20style%3A%20%7B%0A%20%20...imgStyle%2C%0A%20%20...placeholderStyle%0A%20%20%7D%2C%0A%20%20sizes%3A%20imgAttributes.sizes%2C%0A%20%20srcSet%3A%20imgAttributes.srcSet%2C%0A%20%20src%3A%20overrideSrc%20%7C%7C%20imgAttributes.src%0A%20%20%7D%3B%0A%20%20const%20meta%20%3D%20%7B%0A%20%20unoptimized%2C%0A%20%20preload%3A%20preload%20%7C%7C%20priority%2C%0A%20%20placeholder%2C%0A%20%20fill%0A%20%20%7D%3B%0A%20%20return%20%7B%0A%20%20props%2C%0A%20%20meta%0A%20%20%7D%3B%0A%20%20%7D%20%2F%2F%23%20sourceMappingURL%3Dget-img-props.js.map%0A%20%20%7D%29%2C%0A%20%2094613%2C%20%28%28__turbopack_context__%2C%20module%2C%20exports%29%20%3D%3E%20%7B%0A%20%20%22use%20strict%22%3B%0A%20%20%0A%20%20Object.defineProperty%28exports%2C%20%22__esModule%22%2C%20%7B%0A%20%20value%3A%20true%0A%20%20%7D%29%3B%0A%20%20Object.defineProperty%28exports%2C%20%22default%22%2C%20%7B%0A%20%20enumerable%3A%20true%2C%0A%20%20get%3A%20function%28%29%20%7B%0A%20%20return%20SideEffect%3B%0A%20%20%7D%0A%20%20%7D%29%3B%0A%20%20const%20_react%20%3D%20__turbopack_context__.r%2872131%29%3B%0A%20%20const%20isServer%20%3D%20%28%22TURBOPACK%20compile-time%20value%22%2C%20%22undefined%22%29%20%3D%3D%3D%20%27undefined%27%3B%0A%20%20const%20useClientOnlyLayoutEffect%20%3D%20%28%22TURBOPACK%20compile-time%20truthy%22%2C%201%29%20%3F%20%28%29%3D%3E%7B%7D%20%3A%20%22TURBOPACK%20unreachable%22%3B%0A%20%20const%20useClientOnlyEffect%20%3D%20%28%22TURBOPACK%20compile-time%20truthy%22%2C%201%29%20%3F%20%28%29%3D%3E%7B%7D%20%3A%20%22TURBOPACK%20unreachable%22%3B%0A%20%20function%20SideEffect%28props%29%20%7B%0A%20%20const%20%7B%20headManager%2C%20reduceComponentsToState%20%7D%20%3D%20props%3B%0A%20%20function%20emitChange%28%29%20%7B%0A%20%20if%20%28headManager%20%26%26%20headManager.mountedInstances%29%20%7B%0A%20%20const%20headElements%20%3D%20_react.Children.toArray%28Array.from%28headManager.mountedInstances%29.filter%28Boolean%29%29%3B%0A%20%20headManager.updateHead%28reduceComponentsToState%28headElements%29%29%3B%0A%20%20%7D%0A%20%20%7D%0A%20%20if%20%28%22TURBOPACK%20compile-time%20truthy%22%2C%201%29%20%7B%0A%20%20headManager%3F.mountedInstances%3F.add%28props.children%29%3B%0A%20%20emitChange%28%29%3B%0A%20%20%7D%0A%20%20useClientOnlyLayoutEffect%28%28%29%3D%3E%7B%0A%20%20headManager%3F.mountedInstances%3F.add%28props.children%29%3B%0A%20%20return%20%28%29%3D%3E%7B%0A%20%20headManager%3F.mountedInstances%3F.delete%28props.children%29%3B%0A%20%20%7D%3B%0A%20%20%7D%29%3B%0A%20%20%2F%2F%20We%20need%20to%20call%20%60updateHead%60%20method%20whenever%20the%20%60SideEffect%60%20is%20trigger%20in%20all%0A%20%20%2F%2F%20life-cycles%3A%20mount%2C%20update%2C%20unmount.%20However%2C%20if%20there%20are%20multiple%20%60SideEffect%60s%0A%20%20%2F%2F%20being%20rendered%2C%20we%20only%20trigger%20the%20method%20from%20the%20last%20one.%0A%20%20%2F%2F%20This%20is%20ensured%20by%20keeping%20the%20last%20unflushed%20%60updateHead%60%20in%20the%20%60_pendingUpdate%60%0A%20%20%2F%2F%20singleton%20in%20the%20layout%20effect%20pass%2C%20and%20actually%20trigger%20it%20in%20the%20effect%20pass.%0A%20%20useClientOnlyLayoutEffect%28%28%29%3D%3E%7B%0A%20%20if%20%28headManager%29%20%7B%0A%20%20headManager._pendingUpdate%20%3D%20emitChange%3B%0A%20%20%7D%0A%20%20return%20%28%29%3D%3E%7B%0A%20%20if%20%28headManager%29%20%7B%0A%20%20headManager._pendingUpdate%20%3D%20emitChange%3B%0A%20%20%7D%0A%20%20%7D%3B%0A%20%20%7D%29%3B%0A%20%20useClientOnlyEffect%28%28%29%3D%3E%7B%0A%20%20if%20%28headManager%20%26%26%20headManager._pendingUpdate%29%20%7B%0A%20%20headManager._pendingUpdate%28%29%3B%0A%20%20headManager._pendingUpdate%20%3D%20null%3B%0A%20%20%7D%0A%20%20return%20%28%29%3D%3E%7B%0A%20%20if%20%28headManager%20%26%26%20headManager._pendingUpdate%29%20%7B%0A%20%20headManager._pendingUpdate%28%29%3B%0A%20%20headManager._pendingUpdate%20%3D%20null%3B%0A%20%20%7D%0A%20%20%7D%3B%0A%20%20%7D%29%3B%0A%20%20return%20null%3B%0A%20%20%7D%20%2F%2F%23%20sourceMappingURL%3Dside-effect.js.map%0A%20%20%7D%29%2C%0A%20%2092966%2C%20%28%28__turbopack_context__%2C%20module%2C%20exports%29%20%3D%3E%20%7B%0A%20%20%22use%20strict%22%3B%0A%20%20%0A%20%20module.exports%20%3D%20__turbopack_context__.r%2842602%29.vendored%5B%27contexts%27%5D.HeadManagerContext%3B%20%2F%2F%23%20sourceMappingURL%3Dhead-manager-context.js.map%0A%20%20%7D%29%2C%0A%20%2058018%2C%20%28%28__turbopack_context__%2C%20module%2C%20exports%29%20%3D%3E%20%7B%0A%20%20%22use%20strict%22%3B%0A%20%20%0A%20%20Object.defineProperty%28exports%2C%20%22__esModule%22%2C%20%7B%0A%20%20value%3A%20true%0A%20%20%7D%29%3B%0A%20%200%20%26%26%20%28module.exports%20%3D%20%7B%0A%20%20default%3A%20null%2C%0A%20%20defaultHead%3A%20null%0A%20%20%7D%29%3B%0A%20%20function%20_export%28target%2C%20all%29%20%7B%0A%20%20for%28var%20name%20in%20all%29Object.defineProperty%28target%2C%20name%2C%20%7B%0A%20%20enumerable%3A%20true%2C%0A%20%20get%3A%20all%5Bname%5D%0A%20%20%7D%29%3B%0A%20%20%7D%0A%20%20_export%28exports%2C%20%7B%0A%20%20default%3A%20function%28%29%20%7B%0A%20%20return%20_default%3B%0A%20%20%7D%2C%0A%20%20defaultHead%3A%20function%28%29%20%7B%0A%20%20return%20defaultHead%3B%0A%20%20%7D%0A%20%20%7D%29%3B%0A%20%20const%20_interop_require_default%20%3D%20__turbopack_context__.r%2833354%29%3B%0A%20%20const%20_interop_require_wildcard%20%3D%20__turbopack_context__.r%2846058%29%3B%0A%20%20const%20_jsxruntime%20%3D%20__turbopack_context__.r%2887924%29%3B%0A%20%20const%20_react%20%3D%20%2F%2A%23__PURE__%2A%2F%20_interop_require_wildcard._%28__turbopack_context__.r%2872131%29%29%3B%0A%20%20const%20_sideeffect%20%3D%20%2F%2A%23__PURE__%2A%2F%20_interop_require_default._%28__turbopack_context__.r%2894613%29%29%3B%0A%20%20const%20_headmanagercontextsharedruntime%20%3D%20__turbopack_context__.r%2892966%29%3B%0A%20%20const%20_warnonce%20%3D%20__turbopack_context__.r%2892434%29%3B%0A%20%20function%20defaultHead%28%29%20%7B%0A%20%20const%20head%20%3D%20%5B%0A%20%20%2F%2A%23__PURE__%2A%2F%20%280%2C%20_jsxruntime.jsx%29%28%22meta%22%2C%20%7B%0A%20%20charSet%3A%20%22utf-8%22%0A%20%20%7D%2C%20%22charset%22%29%2C%0A%20%20%2F%2A%23__PURE__%2A%2F%20%280%2C%20_jsxruntime.jsx%29%28%22meta%22%2C%20%7B%0A%20%20name%3A%20%22viewport%22%2C%0A%20%20content%3A%20%22width%3Ddevice-width%22%0A%20%20%7D%2C%20%22viewport%22%29%0A%20%20%5D%3B%0A%20%20return%20head%3B%0A%20%20%7D%0A%20%20function%20onlyReactElement%28list%2C%20child%29%20%7B%0A%20%20%2F%2F%20React%20children%20can%20be%20%22string%22%20or%20%22number%22%20in%20this%20case%20we%20ignore%20them%20for%20backwards%20compat%0A%20%20if%20%28typeof%20child%20%3D%3D%3D%20%27string%27%20%7C%7C%20typeof%20child%20%3D%3D%3D%20%27number%27%29%20%7B%0A%20%20return%20list%3B%0A%20%20%7D%0A%20%20%2F%2F%20Adds%20support%20for%20React.Fragment%0A%20%20if%20%28child.type%20%3D%3D%3D%20_react.default.Fragment%29%20%7B%0A%20%20return%20list.concat%28_react.default.Children.toArray%28child.props.children%29.reduce%28%28fragmentList%2C%20fragmentChild%29%3D%3E%7B%0A%20%20if%20%28typeof%20fragmentChild%20%3D%3D%3D%20%27string%27%20%7C%7C%20typeof%20fragmentChild%20%3D%3D%3D%20%27number%27%29%20%7B%0A%20%20return%20fragmentList%3B%0A%20%20%7D%0A%20%20return%20fragmentList.concat%28fragmentChild%29%3B%0A%20%20%7D%2C%20%5B%5D%29%29%3B%0A%20%20%7D%0A%20%20return%20list.concat%28child%29%3B%0A%20%20%7D%0A%20%20const%20METATYPES%20%3D%20%5B%0A%20%20%27name%27%2C%0A%20%20%27httpEquiv%27%2C%0A%20%20%27charSet%27%2C%0A%20%20%27itemProp%27%0A%20%20%5D%3B%0A%20%20%2F%2A%0A%20%20%20returns%20a%20function%20for%20filtering%20head%20child%20elements%0A%20%20%20which%20shouldn%27t%20be%20duplicated%2C%20like%20%3Ctitle%2F%3E%0A%20%20%20Also%20adds%20support%20for%20deduplicated%20%60key%60%20properties%0A%20%20%2A%2F%20function%20unique%28%29%20%7B%0A%20%20const%20keys%20%3D%20new%20Set%28%29%3B%0A%20%20const%20tags%20%3D%20new%20Set%28%29%3B%0A%20%20const%20metaTypes%20%3D%20new%20Set%28%29%3B%0A%20%20const%20metaCategories%20%3D%20%7B%7D%3B%0A%20%20return%20%28h%29%3D%3E%7B%0A%20%20let%20isUnique%20%3D%20true%3B%0A%20%20let%20hasKey%20%3D%20false%3B%0A%20%20if%20%28h.key%20%26%26%20typeof%20h.key%20%21%3D%3D%20%27number%27%20%26%26%20h.key.indexOf%28%27%24%27%29%20%3E%200%29%20%7B%0A%20%20hasKey%20%3D%20true%3B%0A%20%20const%20key%20%3D%20h.key.slice%28h.key.indexOf%28%27%24%27%29%20%2B%201%29%3B%0A%20%20if%20%28keys.has%28key%29%29%20%7B%0A%20%20isUnique%20%3D%20false%3B%0A%20%20%7D%20else%20%7B%0A%20%20keys.add%28key%29%3B%0A%20%20%7D%0A%20%20%7D%0A%20%20%2F%2F%20eslint-disable-next-line%20default-case%0A%20%20switch%28h.type%29%7B%0A%20%20case%20%27title%27%3A%0A%20%20case%20%27base%27%3A%0A%20%20if%20%28tags.has%28h.type%29%29%20%7B%0A%20%20isUnique%20%3D%20false%3B%0A%20%20%7D%20else%20%7B%0A%20%20tags.add%28h.type%29%3B%0A%20%20%7D%0A%20%20break%3B%0A%20%20case%20%27meta%27%3A%0A%20%20for%28let%20i%20%3D%200%2C%20len%20%3D%20METATYPES.length%3B%20i%20%3C%20len%3B%20i%2B%2B%29%7B%0A%20%20const%20metatype%20%3D%20METATYPES%5Bi%5D%3B%0A%20%20if%20%28%21h.props.hasOwnProperty%28metatype%29%29%20continue%3B%0A%20%20if%20%28metatype%20%3D%3D%3D%20%27charSet%27%29%20%7B%0A%20%20if%20%28metaTypes.has%28metatype%29%29%20%7B%0A%20%20isUnique%20%3D%20false%3B%0A%20%20%7D%20else%20%7B%0A%20%20metaTypes.add%28metatype%29%3B%0A%20%20%7D%0A%20%20%7D%20else%20%7B%0A%20%20const%20category%20%3D%20h.props%5Bmetatype%5D%3B%0A%20%20const%20categories%20%3D%20metaCategories%5Bmetatype%5D%20%7C%7C%20new%20Set%28%29%3B%0A%20%20if%20%28%28metatype%20%21%3D%3D%20%27name%27%20%7C%7C%20%21hasKey%29%20%26%26%20categories.has%28category%29%29%20%7B%0A%20%20isUnique%20%3D%20false%3B%0A%20%20%7D%20else%20%7B%0A%20%20categories.add%28category%29%3B%0A%20%20metaCategories%5Bmetatype%5D%20%3D%20categories%3B%0A%20%20%7D%0A%20%20%7D%0A%20%20%7D%0A%20%20break%3B%0A%20%20%7D%0A%20%20return%20isUnique%3B%0A%20%20%7D%3B%0A%20%20%7D%0A%20%20%2F%2A%2A%0A%20%20%20%2A%0A%20%20%20%2A%20%40param%20headChildrenElements%20List%20of%20children%20of%20%3CHead%3E%0A%20%20%20%2A%2F%20function%20reduceComponents%28headChildrenElements%29%20%7B%0A%20%20return%20headChildrenElements.reduce%28onlyReactElement%2C%20%5B%5D%29.reverse%28%29.concat%28defaultHead%28%29.reverse%28%29%29.filter%28unique%28%29%29.reverse%28%29.map%28%28c%2C%20i%29%3D%3E%7B%0A%20%20const%20key%20%3D%20c.key%20%7C%7C%20i%3B%0A%20%20if%20%28%22TURBOPACK%20compile-time%20falsy%22%2C%200%29%20%2F%2FTURBOPACK%20unreachable%0A%20%20%3B%0A%20%20return%20%2F%2A%23__PURE__%2A%2F%20_react.default.cloneElement%28c%2C%20%7B%0A%20%20key%0A%20%20%7D%29%3B%0A%20%20%7D%29%3B%0A%20%20%7D%0A%20%20%2F%2A%2A%0A%20%20%20%2A%20This%20component%20injects%20elements%20to%20%60%3Chead%3E%60%20of%20your%20page.%0A%20%20%20%2A%20To%20avoid%20duplicated%20%60tags%60%20in%20%60%3Chead%3E%60%20you%20can%20use%20the%20%60key%60%20property%2C%20which%20will%20make%20sure%20every%20tag%20is%20only%20rendered%20once.%0A%20%20%20%2A%2F%20function%20Head%28%7B%20children%20%7D%29%20%7B%0A%20%20const%20headManager%20%3D%20%280%2C%20_react.useContext%29%28_headmanagercontextsharedruntime.HeadManagerContext%29%3B%0A%20%20return%20%2F%2A%23__PURE__%2A%2F%20%280%2C%20_jsxruntime.jsx%29%28_sideeffect.default%2C%20%7B%0A%20%20reduceComponentsToState%3A%20reduceComponents%2C%0A%20%20headManager%3A%20headManager%2C%0A%20%20children%3A%20children%0A%20%20%7D%29%3B%0A%20%20%7D%0A%20%20const%20_default%20%3D%20Head%3B%0A%20%20if%20%28%28typeof%20exports.default%20%3D%3D%3D%20%27function%27%20%7C%7C%20typeof%20exports.default%20%3D%3D%3D%20%27object%27%20%26%26%20exports.default%20%21%3D%3D%20null%29%20%26%26%20typeof%20exports.default.__esModule%20%3D%3D%3D%20%27undefined%27%29%20%7B%0A%20%20Object.defineProperty%28exports.default%2C%20%27__esModule%27%2C%20%7B%0A%20%20value%3A%20true%0A%20%20%7D%29%3B%0A%20%20Object.assign%28exports.default%2C%20exports%29%3B%0A%20%20module.exports%20%3D%20exports.default%3B%0A%20%20%7D%20%2F%2F%23%20sourceMappingURL%3Dhead.js.map%0A%20%20%7D%29%2C%0A%20%204486%2C%20%28%28__turbopack_context__%2C%20module%2C%20exports%29%20%3D%3E%20%7B%0A%20%20%22use%20strict%22%3B%0A%20%20%0A%20%20module.exports%20%3D%20__turbopack_context__.r%2842602%29.vendored%5B%27contexts%27%5D.ImageConfigContext%3B%20%2F%2F%23%20sourceMappingURL%3Dimage-config-context.js.map%0A%20%20%7D%29%2C%0A%20%2053773%2C%20%28%28__turbopack_context__%2C%20module%2C%20exports%29%20%3D%3E%20%7B%0A%20%20%22use%20strict%22%3B%0A%20%20%0A%20%20module.exports%20%3D%20__turbopack_context__.r%2842602%29.vendored%5B%27contexts%27%5D.RouterContext%3B%20%2F%2F%23%20sourceMappingURL%3Drouter-context.js.map%0A%20%20%7D%29%2C%0A%20%2035444%2C%20%28%28__turbopack_context__%2C%20module%2C%20exports%29%20%3D%3E%20%7B%0A%20%20%22use%20strict%22%3B%0A%20%20%0A%20%20Object.defineProperty%28exports%2C%20%22__esModule%22%2C%20%7B%0A%20%20value%3A%20true%0A%20%20%7D%29%3B%0A%20%20Object.defineProperty%28exports%2C%20%22findClosestQuality%22%2C%20%7B%0A%20%20enumerable%3A%20true%2C%0A%20%20get%3A%20function%28%29%20%7B%0A%20%20return%20findClosestQuality%3B%0A%20%20%7D%0A%20%20%7D%29%3B%0A%20%20function%20findClosestQuality%28quality%2C%20config%29%20%7B%0A%20%20const%20q%20%3D%20quality%20%7C%7C%2075%3B%0A%20%20if%20%28%21config%3F.qualities%3F.length%29%20%7B%0A%20%20return%20q%3B%0A%20%20%7D%0A%20%20return%20config.qualities.reduce%28%28prev%2C%20cur%29%3D%3EMath.abs%28cur%20-%20q%29%20%3C%20Math.abs%28prev%20-%20q%29%20%3F%20cur%20%3A%20prev%2C%200%29%3B%0A%20%20%7D%20%2F%2F%23%20sourceMappingURL%3Dfind-closest-quality.js.map%0A%20%20%7D%29%2C%0A%20%202305%2C%20%28%28__turbopack_context__%2C%20module%2C%20exports%29%20%3D%3E%20%7B%0A%20%20%22use%20strict%22%3B%0A%20%20%0A%20%20Object.defineProperty%28exports%2C%20%22__esModule%22%2C%20%7B%0A%20%20value%3A%20true%0A%20%20%7D%29%3B%0A%20%20Object.defineProperty%28exports%2C%20%22default%22%2C%20%7B%0A%20%20enumerable%3A%20true%2C%0A%20%20get%3A%20function%28%29%20%7B%0A%20%20return%20_default%3B%0A%20%20%7D%0A%20%20%7D%29%3B%0A%20%20const%20_findclosestquality%20%3D%20__turbopack_context__.r%2835444%29%3B%0A%20%20const%20_deploymentid%20%3D%20__turbopack_context__.r%2868063%29%3B%0A%20%20function%20defaultLoader%28%7B%20config%2C%20src%2C%20width%2C%20quality%20%7D%29%20%7B%0A%20%20if%20%28src.startsWith%28%27%2F%27%29%20%26%26%20src.includes%28%27%3F%27%29%20%26%26%20config.localPatterns%3F.length%20%3D%3D%3D%201%20%26%26%20config.localPatterns%5B0%5D.pathname%20%3D%3D%3D%20%27%2A%2A%27%20%26%26%20config.localPatterns%5B0%5D.search%20%3D%3D%3D%20%27%27%29%20%7B%0A%20%20throw%20Object.defineProperty%28new%20Error%28%60Image%20with%20src%20%22%24%7Bsrc%7D%22%20is%20using%20a%20query%20string%20which%20is%20not%20configured%20in%20images.localPatterns.%60%20%2B%20%60%5CnRead%20more%3A%20https%3A%2F%2Fnextjs.org%2Fdocs%2Fmessages%2Fnext-image-unconfigured-localpatterns%60%29%2C%20%22__NEXT_ERROR_CODE%22%2C%20%7B%0A%20%20value%3A%20%22E871%22%2C%0A%20%20enumerable%3A%20false%2C%0A%20%20configurable%3A%20true%0A%20%20%7D%29%3B%0A%20%20%7D%0A%20%20if%20%28%22TURBOPACK%20compile-time%20falsy%22%2C%200%29%20%2F%2FTURBOPACK%20unreachable%0A%20%20%3B%0A%20%20const%20q%20%3D%20%280%2C%20_findclosestquality.findClosestQuality%29%28quality%2C%20config%29%3B%0A%20%20let%20deploymentId%20%3D%20%280%2C%20_deploymentid.getDeploymentId%29%28%29%3B%0A%20%20return%20%60%24%7Bconfig.path%7D%3Furl%3D%24%7BencodeURIComponent%28src%29%7D%26w%3D%24%7Bwidth%7D%26q%3D%24%7Bq%7D%24%7Bsrc.startsWith%28%27%2F%27%29%20%26%26%20deploymentId%20%3F%20%60%26dpl%3D%24%7BdeploymentId%7D%60%20%3A%20%27%27%7D%60%3B%0A%20%20%7D%0A%20%20%2F%2F%20We%20use%20this%20to%20determine%20if%20the%20import%20is%20the%20default%20loader%0A%20%20%2F%2F%20or%20a%20custom%20loader%20defined%20by%20the%20user%20in%20next.config.js%0A%20%20defaultLoader.__next_img_default%20%3D%20true%3B%0A%20%20const%20_default%20%3D%20defaultLoader%3B%20%2F%2F%23%20sourceMappingURL%3Dimage-loader.js.map%0A%20%20%7D%29%2C%0A%20%2067161%2C%20%28%28__turbopack_context__%2C%20module%2C%20exports%29%20%3D%3E%20%7B%0A%20%20%22use%20strict%22%3B%0A%20%20%0A%20%20Object.defineProperty%28exports%2C%20%22__esModule%22%2C%20%7B%0A%20%20value%3A%20true%0A%20%20%7D%29%3B%0A%20%20Object.defineProperty%28exports%2C%20%22Image%22%2C%20%7B%0A%20%20enumerable%3A%20true%2C%0A%20%20get%3A%20function%28%29%20%7B%0A%20%20return%20Image%3B%0A%20%20%7D%0A%20%20%7D%29%3B%0A%20%20const%20_interop_require_default%20%3D%20__turbopack_context__.r%2833354%29%3B%0A%20%20const%20_interop_require_wildcard%20%3D%20__turbopack_context__.r%2846058%29%3B%0A%20%20const%20_jsxruntime%20%3D%20__turbopack_context__.r%2887924%29%3B%0A%20%20const%20_react%20%3D%20%2F%2A%23__PURE__%2A%2F%20_interop_require_wildcard._%28__turbopack_context__.r%2872131%29%29%3B%0A%20%20const%20_reactdom%20%3D%20%2F%2A%23__PURE__%2A%2F%20_interop_require_default._%28__turbopack_context__.r%2835112%29%29%3B%0A%20%20const%20_head%20%3D%20%2F%2A%23__PURE__%2A%2F%20_interop_require_default._%28__turbopack_context__.r%2858018%29%29%3B%0A%20%20const%20_getimgprops%20%3D%20__turbopack_context__.r%2894915%29%3B%0A%20%20const%20_imageconfig%20%3D%20__turbopack_context__.r%28345%29%3B%0A%20%20const%20_imageconfigcontextsharedruntime%20%3D%20__turbopack_context__.r%284486%29%3B%0A%20%20const%20_warnonce%20%3D%20__turbopack_context__.r%2892434%29%3B%0A%20%20const%20_routercontextsharedruntime%20%3D%20__turbopack_context__.r%2853773%29%3B%0A%20%20const%20_imageloader%20%3D%20%2F%2A%23__PURE__%2A%2F%20_interop_require_default._%28__turbopack_context__.r%282305%29%29%3B%0A%20%20const%20_usemergedref%20%3D%20__turbopack_context__.r%288591%29%3B%0A%20%20%2F%2F%20This%20is%20replaced%20by%20webpack%20define%20plugin%0A%20%20const%20configEnv%20%3D%20%28%22TURBOPACK%20compile-time%20value%22%2C%20%7B%0A%20%20%22deviceSizes%22%3A%20%28%22TURBOPACK%20compile-time%20value%22%2C%20%5B%0A%20%20%28%22TURBOPACK%20compile-time%20value%22%2C%20640%29%2C%0A%20%20%28%22TURBOPACK%20compile-time%20value%22%2C%20750%29%2C%0A%20%20%28%22TURBOPACK%20compile-time%20value%22%2C%20828%29%2C%0A%20%20%28%22TURBOPACK%20compile-time%20value%22%2C%201080%29%2C%0A%20%20%28%22TURBOPACK%20compile-time%20value%22%2C%201200%29%2C%0A%20%20%28%22TURBOPACK%20compile-time%20value%22%2C%201920%29%2C%0A%20%20%28%22TURBOPACK%20compile-time%20value%22%2C%202048%29%2C%0A%20%20%28%22TURBOPACK%20compile-time%20value%22%2C%203840%29%0A%20%20%5D%29%2C%0A%20%20%22imageSizes%22%3A%20%28%22TURBOPACK%20compile-time%20value%22%2C%20%5B%0A%20%20%28%22TURBOPACK%20compile-time%20value%22%2C%2032%29%2C%0A%20%20%28%22TURBOPACK%20compile-time%20value%22%2C%2048%29%2C%0A%20%20%28%22TURBOPACK%20compile-time%20value%22%2C%2064%29%2C%0A%20%20%28%22TURBOPACK%20compile-time%20value%22%2C%2096%29%2C%0A%20%20%28%22TURBOPACK%20compile-time%20value%22%2C%20128%29%2C%0A%20%20%28%22TURBOPACK%20compile-time%20value%22%2C%20256%29%2C%0A%20%20%28%22TURBOPACK%20compile-time%20value%22%2C%20384%29%0A%20%20%5D%29%2C%0A%20%20%22qualities%22%3A%20%28%22TURBOPACK%20compile-time%20value%22%2C%20%5B%0A%20%20%28%22TURBOPACK%20compile-time%20value%22%2C%2075%29%0A%20%20%5D%29%2C%0A%20%20%22path%22%3A%20%28%22TURBOPACK%20compile-time%20value%22%2C%20%22%2F_next%2Fimage%22%29%2C%0A%20%20%22loader%22%3A%20%28%22TURBOPACK%20compile-time%20value%22%2C%20%22default%22%29%2C%0A%20%20%22dangerouslyAllowSVG%22%3A%20%28%22TURBOPACK%20compile-time%20value%22%2C%20false%29%2C%0A%20%20%22unoptimized%22%3A%20%28%22TURBOPACK%20compile-time%20value%22%2C%20false%29%0A%20%20%7D%29%3B%0A%20%20if%20%28%22TURBOPACK%20compile-time%20truthy%22%2C%201%29%20%7B%0A%20%20%3B%0A%20%20globalThis.__NEXT_IMAGE_IMPORTED%20%3D%20true%3B%0A%20%20%7D%0A%20%20%2F%2F%20See%20https%3A%2F%2Fstackoverflow.com%2Fq%2F39777833%2F266535%20for%20why%20we%20use%20this%20ref%0A%20%20%2F%2F%20handler%20instead%20of%20the%20img%27s%20onLoad%20attribute.%0A%20%20function%20handleLoading%28img%2C%20placeholder%2C%20onLoadRef%2C%20onLoadingCompleteRef%2C%20setBlurComplete%2C%20unoptimized%2C%20sizesInput%29%20%7B%0A%20%20const%20src%20%3D%20img%3F.src%3B%0A%20%20if%20%28%21img%20%7C%7C%20img%5B%27data-loaded-src%27%5D%20%3D%3D%3D%20src%29%20%7B%0A%20%20return%3B%0A%20%20%7D%0A%20%20img%5B%27data-loaded-src%27%5D%20%3D%20src%3B%0A%20%20const%20p%20%3D%20%27decode%27%20in%20img%20%3F%20img.decode%28%29%20%3A%20Promise.resolve%28%29%3B%0A%20%20p.catch%28%28%29%3D%3E%7B%7D%29.then%28%28%29%3D%3E%7B%0A%20%20if%20%28%21img.parentElement%20%7C%7C%20%21img.isConnected%29%20%7B%0A%20%20%2F%2F%20Exit%20early%20in%20case%20of%20race%20condition%3A%0A%20%20%2F%2F%20-%20onload%28%29%20is%20called%0A%20%20%2F%2F%20-%20decode%28%29%20is%20called%20but%20incomplete%0A%20%20%2F%2F%20-%20unmount%20is%20called%0A%20%20%2F%2F%20-%20decode%28%29%20completes%0A%20%20return%3B%0A%20%20%7D%0A%20%20if%20%28placeholder%20%21%3D%3D%20%27empty%27%29%20%7B%0A%20%20setBlurComplete%28true%29%3B%0A%20%20%7D%0A%20%20if%20%28onLoadRef%3F.current%29%20%7B%0A%20%20%2F%2F%20Since%20we%20don%27t%20have%20the%20SyntheticEvent%20here%2C%0A%20%20%2F%2F%20we%20must%20create%20one%20with%20the%20same%20shape.%0A%20%20%2F%2F%20See%20https%3A%2F%2Freactjs.org%2Fdocs%2Fevents.html%0A%20%20const%20event%20%3D%20new%20Event%28%27load%27%29%3B%0A%20%20Object.defineProperty%28event%2C%20%27target%27%2C%20%7B%0A%20%20writable%3A%20false%2C%0A%20%20value%3A%20img%0A%20%20%7D%29%3B%0A%20%20let%20prevented%20%3D%20false%3B%0A%20%20let%20stopped%20%3D%20false%3B%0A%20%20onLoadRef.current%28%7B%0A%20%20...event%2C%0A%20%20nativeEvent%3A%20event%2C%0A%20%20currentTarget%3A%20img%2C%0A%20%20target%3A%20img%2C%0A%20%20isDefaultPrevented%3A%20%28%29%3D%3Eprevented%2C%0A%20%20isPropagationStopped%3A%20%28%29%3D%3Estopped%2C%0A%20%20persist%3A%20%28%29%3D%3E%7B%7D%2C%0A%20%20preventDefault%3A%20%28%29%3D%3E%7B%0A%20%20prevented%20%3D%20true%3B%0A%20%20event.preventDefault%28%29%3B%0A%20%20%7D%2C%0A%20%20stopPropagation%3A%20%28%29%3D%3E%7B%0A%20%20stopped%20%3D%20true%3B%0A%20%20event.stopPropagation%28%29%3B%0A%20%20%7D%0A%20%20%7D%29%3B%0A%20%20%7D%0A%20%20if%20%28onLoadingCompleteRef%3F.current%29%20%7B%0A%20%20onLoadingCompleteRef.current%28img%29%3B%0A%20%20%7D%0A%20%20if%20%28%22TURBOPACK%20compile-time%20falsy%22%2C%200%29%20%2F%2FTURBOPACK%20unreachable%0A%20%20%3B%0A%20%20%7D%29%3B%0A%20%20%7D%0A%20%20function%20getDynamicProps%28fetchPriority%29%20%7B%0A%20%20if%20%28Boolean%28_react.use%29%29%20%7B%0A%20%20%2F%2F%20In%20React%2019.0.0%20or%20newer%2C%20we%20must%20use%20camelCase%0A%20%20%2F%2F%20prop%20to%20avoid%20%22Warning%3A%20Invalid%20DOM%20property%22.%0A%20%20%2F%2F%20See%20https%3A%2F%2Fgithub.com%2Ffacebook%2Freact%2Fpull%2F25927%0A%20%20return%20%7B%0A%20%20fetchPriority%0A%20%20%7D%3B%0A%20%20%7D%0A%20%20%2F%2F%20In%20React%2018.2.0%20or%20older%2C%20we%20must%20use%20lowercase%20prop%0A%20%20%2F%2F%20to%20avoid%20%22Warning%3A%20Invalid%20DOM%20property%22.%0A%20%20return%20%7B%0A%20%20fetchpriority%3A%20fetchPriority%0A%20%20%7D%3B%0A%20%20%7D%0A%20%20const%20ImageElement%20%3D%20%2F%2A%23__PURE__%2A%2F%20%280%2C%20_react.forwardRef%29%28%28%7B%20src%2C%20srcSet%2C%20sizes%2C%20height%2C%20width%2C%20decoding%2C%20className%2C%20style%2C%20fetchPriority%2C%20placeholder%2C%20loading%2C%20unoptimized%2C%20fill%2C%20onLoadRef%2C%20onLoadingCompleteRef%2C%20setBlurComplete%2C%20setShowAltText%2C%20sizesInput%2C%20onLoad%2C%20onError%2C%20...rest%20%7D%2C%20forwardedRef%29%3D%3E%7B%0A%20%20const%20ownRef%20%3D%20%280%2C%20_react.useCallback%29%28%28img%29%3D%3E%7B%0A%20%20if%20%28%21img%29%20%7B%0A%20%20return%3B%0A%20%20%7D%0A%20%20if%20%28onError%29%20%7B%0A%20%20%2F%2F%20If%20the%20image%20has%20an%20error%20before%20react%20hydrates%2C%20then%20the%20error%20is%20lost.%0A%20%20%2F%2F%20The%20workaround%20is%20to%20wait%20until%20the%20image%20is%20mounted%20which%20is%20after%20hydration%2C%0A%20%20%2F%2F%20then%20we%20set%20the%20src%20again%20to%20trigger%20the%20error%20handler%20%28if%20there%20was%20an%20error%29.%0A%20%20%2F%2F%20eslint-disable-next-line%20no-self-assign%0A%20%20img.src%20%3D%20img.src%3B%0A%20%20%7D%0A%20%20if%20%28%22TURBOPACK%20compile-time%20falsy%22%2C%200%29%20%2F%2FTURBOPACK%20unreachable%0A%20%20%3B%0A%20%20if%20%28img.complete%29%20%7B%0A%20%20handleLoading%28img%2C%20placeholder%2C%20onLoadRef%2C%20onLoadingCompleteRef%2C%20setBlurComplete%2C%20unoptimized%2C%20sizesInput%29%3B%0A%20%20%7D%0A%20%20%7D%2C%20%5B%0A%20%20src%2C%0A%20%20placeholder%2C%0A%20%20onLoadRef%2C%0A%20%20onLoadingCompleteRef%2C%0A%20%20setBlurComplete%2C%0A%20%20onError%2C%0A%20%20unoptimized%2C%0A%20%20sizesInput%0A%20%20%5D%29%3B%0A%20%20const%20ref%20%3D%20%280%2C%20_usemergedref.useMergedRef%29%28forwardedRef%2C%20ownRef%29%3B%0A%20%20return%20%2F%2A%23__PURE__%2A%2F%20%280%2C%20_jsxruntime.jsx%29%28%22img%22%2C%20%7B%0A%20%20...rest%2C%0A%20%20...getDynamicProps%28fetchPriority%29%2C%0A%20%20%2F%2F%20It%27s%20intended%20to%20keep%20%60loading%60%20before%20%60src%60%20because%20React%20updates%0A%20%20%2F%2F%20props%20in%20order%20which%20causes%20Safari%2FFirefox%20to%20not%20lazy%20load%20properly.%0A%20%20%2F%2F%20See%20https%3A%2F%2Fgithub.com%2Ffacebook%2Freact%2Fissues%2F25883%0A%20%20loading%3A%20loading%2C%0A%20%20width%3A%20width%2C%0A%20%20height%3A%20height%2C%0A%20%20decoding%3A%20decoding%2C%0A%20%20%22data-nimg%22%3A%20fill%20%3F%20%27fill%27%20%3A%20%271%27%2C%0A%20%20className%3A%20className%2C%0A%20%20style%3A%20style%2C%0A%20%20%2F%2F%20It%27s%20intended%20to%20keep%20%60src%60%20the%20last%20attribute%20because%20React%20updates%0A%20%20%2F%2F%20attributes%20in%20order.%20If%20we%20keep%20%60src%60%20the%20first%20one%2C%20Safari%20will%0A%20%20%2F%2F%20immediately%20start%20to%20fetch%20%60src%60%2C%20before%20%60sizes%60%20and%20%60srcSet%60%20are%20even%0A%20%20%2F%2F%20updated%20by%20React.%20That%20causes%20multiple%20unnecessary%20requests%20if%20%60srcSet%60%0A%20%20%2F%2F%20and%20%60sizes%60%20are%20defined.%0A%20%20%2F%2F%20This%20bug%20cannot%20be%20reproduced%20in%20Chrome%20or%20Firefox.%0A%20%20sizes%3A%20sizes%2C%0A%20%20srcSet%3A%20srcSet%2C%0A%20%20src%3A%20src%2C%0A%20%20ref%3A%20ref%2C%0A%20%20onLoad%3A%20%28event%29%3D%3E%7B%0A%20%20const%20img%20%3D%20event.currentTarget%3B%0A%20%20handleLoading%28img%2C%20placeholder%2C%20onLoadRef%2C%20onLoadingCompleteRef%2C%20setBlurComplete%2C%20unoptimized%2C%20sizesInput%29%3B%0A%20%20%7D%2C%0A%20%20onError%3A%20%28event%29%3D%3E%7B%0A%20%20%2F%2F%20if%20the%20real%20image%20fails%20to%20load%2C%20this%20will%20ensure%20%22alt%22%20is%20visible%0A%20%20setShowAltText%28true%29%3B%0A%20%20if%20%28placeholder%20%21%3D%3D%20%27empty%27%29%20%7B%0A%20%20%2F%2F%20If%20the%20real%20image%20fails%20to%20load%2C%20this%20will%20still%20remove%20the%20placeholder.%0A%20%20setBlurComplete%28true%29%3B%0A%20%20%7D%0A%20%20if%20%28onError%29%20%7B%0A%20%20onError%28event%29%3B%0A%20%20%7D%0A%20%20%7D%0A%20%20%7D%29%3B%0A%20%20%7D%29%3B%0A%20%20function%20ImagePreload%28%7B%20isAppRouter%2C%20imgAttributes%20%7D%29%20%7B%0A%20%20const%20opts%20%3D%20%7B%0A%20%20as%3A%20%27image%27%2C%0A%20%20imageSrcSet%3A%20imgAttributes.srcSet%2C%0A%20%20imageSizes%3A%20imgAttributes.sizes%2C%0A%20%20crossOrigin%3A%20imgAttributes.crossOrigin%2C%0A%20%20referrerPolicy%3A%20imgAttributes.referrerPolicy%2C%0A%20%20...getDynamicProps%28imgAttributes.fetchPriority%29%0A%20%20%7D%3B%0A%20%20if%20%28isAppRouter%20%26%26%20_reactdom.default.preload%29%20%7B%0A%20%20_reactdom.default.preload%28imgAttributes.src%2C%20opts%29%3B%0A%20%20return%20null%3B%0A%20%20%7D%0A%20%20return%20%2F%2A%23__PURE__%2A%2F%20%280%2C%20_jsxruntime.jsx%29%28_head.default%2C%20%7B%0A%20%20children%3A%20%2F%2A%23__PURE__%2A%2F%20%280%2C%20_jsxruntime.jsx%29%28%22link%22%2C%20%7B%0A%20%20rel%3A%20%22preload%22%2C%0A%20%20%2F%2F%20Note%20how%20we%20omit%20the%20%60href%60%20attribute%2C%20as%20it%20would%20only%20be%20relevant%0A%20%20%2F%2F%20for%20browsers%20that%20do%20not%20support%20%60imagesrcset%60%2C%20and%20in%20those%20cases%0A%20%20%2F%2F%20it%20would%20cause%20the%20incorrect%20image%20to%20be%20preloaded.%0A%20%20%2F%2F%0A%20%20%2F%2F%20https%3A%2F%2Fhtml.spec.whatwg.org%2Fmultipage%2Fsemantics.html%23attr-link-imagesrcset%0A%20%20href%3A%20imgAttributes.srcSet%20%3F%20undefined%20%3A%20imgAttributes.src%2C%0A%20%20...opts%0A%20%20%7D%2C%20%27__nimg-%27%20%2B%20imgAttributes.src%20%2B%20imgAttributes.srcSet%20%2B%20imgAttributes.sizes%29%0A%20%20%7D%29%3B%0A%20%20%7D%0A%20%20const%20Image%20%3D%20%2F%2A%23__PURE__%2A%2F%20%280%2C%20_react.forwardRef%29%28%28props%2C%20forwardedRef%29%3D%3E%7B%0A%20%20const%20pagesRouter%20%3D%20%280%2C%20_react.useContext%29%28_routercontextsharedruntime.RouterContext%29%3B%0A%20%20%2F%2F%20We%27re%20in%20the%20app%20directory%20if%20there%20is%20no%20pages%20router.%0A%20%20const%20isAppRouter%20%3D%20%21pagesRouter%3B%0A%20%20const%20configContext%20%3D%20%280%2C%20_react.useContext%29%28_imageconfigcontextsharedruntime.ImageConfigContext%29%3B%0A%20%20const%20config%20%3D%20%280%2C%20_react.useMemo%29%28%28%29%3D%3E%7B%0A%20%20const%20c%20%3D%20configEnv%20%7C%7C%20configContext%20%7C%7C%20_imageconfig.imageConfigDefault%3B%0A%20%20const%20allSizes%20%3D%20%5B%0A%20%20...c.deviceSizes%2C%0A%20%20...c.imageSizes%0A%20%20%5D.sort%28%28a%2C%20b%29%3D%3Ea%20-%20b%29%3B%0A%20%20const%20deviceSizes%20%3D%20c.deviceSizes.sort%28%28a%2C%20b%29%3D%3Ea%20-%20b%29%3B%0A%20%20const%20qualities%20%3D%20c.qualities%3F.sort%28%28a%2C%20b%29%3D%3Ea%20-%20b%29%3B%0A%20%20return%20%7B%0A%20%20...c%2C%0A%20%20allSizes%2C%0A%20%20deviceSizes%2C%0A%20%20qualities%2C%0A%20%20%2F%2F%20During%20the%20SSR%2C%20configEnv%20%28__NEXT_IMAGE_OPTS%29%20does%20not%20include%0A%20%20%2F%2F%20security%20sensitive%20configs%20like%20%60localPatterns%60%2C%20which%20is%20needed%0A%20%20%2F%2F%20during%20the%20server%20render%20to%20ensure%20it%27s%20validated.%20Therefore%20use%0A%20%20%2F%2F%20configContext%2C%20which%20holds%20the%20config%20from%20the%20server%20for%20validation.%0A%20%20localPatterns%3A%20%28%22TURBOPACK%20compile-time%20truthy%22%2C%201%29%20%3F%20configContext%3F.localPatterns%20%3A%20%22TURBOPACK%20unreachable%22%0A%20%20%7D%3B%0A%20%20%7D%2C%20%5B%0A%20%20configContext%0A%20%20%5D%29%3B%0A%20%20const%20%7B%20onLoad%2C%20onLoadingComplete%20%7D%20%3D%20props%3B%0A%20%20const%20onLoadRef%20%3D%20%280%2C%20_react.useRef%29%28onLoad%29%3B%0A%20%20%280%2C%20_react.useEffect%29%28%28%29%3D%3E%7B%0A%20%20onLoadRef.current%20%3D%20onLoad%3B%0A%20%20%7D%2C%20%5B%0A%20%20onLoad%0A%20%20%5D%29%3B%0A%20%20const%20onLoadingCompleteRef%20%3D%20%280%2C%20_react.useRef%29%28onLoadingComplete%29%3B%0A%20%20%280%2C%20_react.useEffect%29%28%28%29%3D%3E%7B%0A%20%20onLoadingCompleteRef.current%20%3D%20onLoadingComplete%3B%0A%20%20%7D%2C%20%5B%0A%20%20onLoadingComplete%0A%20%20%5D%29%3B%0A%20%20const%20%5BblurComplete%2C%20setBlurComplete%5D%20%3D%20%280%2C%20_react.useState%29%28false%29%3B%0A%20%20const%20%5BshowAltText%2C%20setShowAltText%5D%20%3D%20%280%2C%20_react.useState%29%28false%29%3B%0A%20%20const%20%7B%20props%3A%20imgAttributes%2C%20meta%3A%20imgMeta%20%7D%20%3D%20%280%2C%20_getimgprops.getImgProps%29%28props%2C%20%7B%0A%20%20defaultLoader%3A%20_imageloader.default%2C%0A%20%20imgConf%3A%20config%2C%0A%20%20blurComplete%2C%0A%20%20showAltText%0A%20%20%7D%29%3B%0A%20%20return%20%2F%2A%23__PURE__%2A%2F%20%280%2C%20_jsxruntime.jsxs%29%28_jsxruntime.Fragment%2C%20%7B%0A%20%20children%3A%20%5B%0A%20%20%2F%2A%23__PURE__%2A%2F%20%280%2C%20_jsxruntime.jsx%29%28ImageElement%2C%20%7B%0A%20%20...imgAttributes%2C%0A%20%20unoptimized%3A%20imgMeta.unoptimized%2C%0A%20%20placeholder%3A%20imgMeta.placeholder%2C%0A%20%20fill%3A%20imgMeta.fill%2C%0A%20%20onLoadRef%3A%20onLoadRef%2C%0A%20%20onLoadingCompleteRef%3A%20onLoadingCompleteRef%2C%0A%20%20setBlurComplete%3A%20setBlurComplete%2C%0A%20%20setShowAltText%3A%20setShowAltText%2C%0A%20%20sizesInput%3A%20props.sizes%2C%0A%20%20ref%3A%20forwardedRef%0A%20%20%7D%29%2C%0A%20%20imgMeta.preload%20%3F%20%2F%2A%23__PURE__%2A%2F%20%280%2C%20_jsxruntime.jsx%29%28ImagePreload%2C%20%7B%0A%20%20isAppRouter%3A%20isAppRouter%2C%0A%20%20imgAttributes%3A%20imgAttributes%0A%20%20%7D%29%20%3A%20null%0A%20%20%5D%0A%20%20%7D%29%3B%0A%20%20%7D%29%3B%0A%20%20if%20%28%28typeof%20exports.default%20%3D%3D%3D%20%27function%27%20%7C%7C%20typeof%20exports.default%20%3D%3D%3D%20%27object%27%20%26%26%20exports.default%20%21%3D%3D%20null%29%20%26%26%20typeof%20exports.default.__esModule%20%3D%3D%3D%20%27undefined%27%29%20%7B%0A%20%20Object.defineProperty%28exports.default%2C%20%27__esModule%27%2C%20%7B%0A%20%20value%3A%20true%0A%20%20%7D%29%3B%0A%20%20Object.assign%28exports.default%2C%20exports%29%3B%0A%20%20module.exports%20%3D%20exports.default%3B%0A%20%20%7D%20%2F%2F%23%20sourceMappingURL%3Dimage-component.js.map%0A%20%20%7D%29%2C%0A%20%2033095%2C%20%28%28__turbopack_context__%2C%20module%2C%20exports%29%20%3D%3E%20%7B%0A%20%20%22use%20strict%22%3B%0A%20%20%0A%20%20Object.defineProperty%28exports%2C%20%22__esModule%22%2C%20%7B%0A%20%20value%3A%20true%0A%20%20%7D%29%3B%0A%20%200%20%26%26%20%28module.exports%20%3D%20%7B%0A%20%20default%3A%20null%2C%0A%20%20getImageProps%3A%20null%0A%20%20%7D%29%3B%0A%20%20function%20_export%28target%2C%20all%29%20%7B%0A%20%20for%28var%20name%20in%20all%29Object.defineProperty%28target%2C%20name%2C%20%7B%0A%20%20enumerable%3A%20true%2C%0A%20%20get%3A%20all%5Bname%5D%0A%20%20%7D%29%3B%0A%20%20%7D%0A%20%20_export%28exports%2C%20%7B%0A%20%20default%3A%20function%28%29%20%7B%0A%20%20return%20_default%3B%0A%20%20%7D%2C%0A%20%20getImageProps%3A%20function%28%29%20%7B%0A%20%20return%20getImageProps%3B%0A%20%20%7D%0A%20%20%7D%29%3B%0A%20%20const%20_interop_require_default%20%3D%20__turbopack_context__.r%2833354%29%3B%0A%20%20const%20_getimgprops%20%3D%20__turbopack_context__.r%2894915%29%3B%0A%20%20const%20_imagecomponent%20%3D%20__turbopack_context__.r%2867161%29%3B%0A%20%20const%20_imageloader%20%3D%20%2F%2A%23__PURE__%2A%2F%20_interop_require_default._%28__turbopack_context__.r%282305%29%29%3B%0A%20%20function%20getImageProps%28imgProps%29%20%7B%0A%20%20const%20%7B%20props%20%7D%20%3D%20%280%2C%20_getimgprops.getImgProps%29%28imgProps%2C%20%7B%0A%20%20defaultLoader%3A%20_imageloader.default%2C%0A%20%20%2F%2F%20This%20is%20replaced%20by%20webpack%20define%20plugin%0A%20%20imgConf%3A%20%28%22TURBOPACK%20compile-time%20value%22%2C%20%7B%0A%20%20%22deviceSizes%22%3A%20%28%22TURBOPACK%20compile-time%20value%22%2C%20%5B%0A%20%20%28%22TURBOPACK%20compile-time%20value%22%2C%20640%29%2C%0A%20%20%28%22TURBOPACK%20compile-time%20value%22%2C%20750%29%2C%0A%20%20%28%22TURBOPACK%20compile-time%20value%22%2C%20828%29%2C%0A%20%20%28%22TURBOPACK%20compile-time%20value%22%2C%201080%29%2C%0A%20%20%28%22TURBOPACK%20compile-time%20value%22%2C%201200%29%2C%0A%20%20%28%22TURBOPACK%20compile-time%20value%22%2C%201920%29%2C%0A%20%20%28%22TURBOPACK%20compile-time%20value%22%2C%202048%29%2C%0A%20%20%28%22TURBOPACK%20compile-time%20value%22%2C%203840%29%0A%20%20%5D%29%2C%0A%20%20%22imageSizes%22%3A%20%28%22TURBOPACK%20compile-time%20value%22%2C%20%5B%0A%20%20%28%22TURBOPACK%20compile-time%20value%22%2C%2032%29%2C%0A%20%20%28%22TURBOPACK%20compile-time%20value%22%2C%2048%29%2C%0A%20%20%28%22TURBOPACK%20compile-time%20value%22%2C%2064%29%2C%0A%20%20%28%22TURBOPACK%20compile-time%20value%22%2C%2096%29%2C%0A%20%20%28%22TURBOPACK%20compile-time%20value%22%2C%20128%29%2C%0A%20%20%28%22TURBOPACK%20compile-time%20value%22%2C%20256%29%2C%0A%20%20%28%22TURBOPACK%20compile-time%20value%22%2C%20384%29%0A%20%20%5D%29%2C%0A%20%20%22qualities%22%3A%20%28%22TURBOPACK%20compile-time%20value%22%2C%20%5B%0A%20%20%28%22TURBOPACK%20compile-time%20value%22%2C%2075%29%0A%20%20%5D%29%2C%0A%20%20%22path%22%3A%20%28%22TURBOPACK%20compile-time%20value%22%2C%20%22%2F_next%2Fimage%22%29%2C%0A%20%20%22loader%22%3A%20%28%22TURBOPACK%20compile-time%20value%22%2C%20%22default%22%29%2C%0A%20%20%22dangerouslyAllowSVG%22%3A%20%28%22TURBOPACK%20compile-time%20value%22%2C%20false%29%2C%0A%20%20%22unoptimized%22%3A%20%28%22TURBOPACK%20compile-time%20value%22%2C%20false%29%0A%20%20%7D%29%0A%20%20%7D%29%3B%0A%20%20%2F%2F%20Normally%20we%20don%27t%20care%20about%20undefined%20props%20because%20we%20pass%20to%20JSX%2C%0A%20%20%2F%2F%20but%20this%20exported%20function%20could%20be%20used%20by%20the%20end%20user%20for%20anything%0A%20%20%2F%2F%20so%20we%20delete%20undefined%20props%20to%20clean%20it%20up%20a%20little.%0A%20%20for%20%28const%20%5Bkey%2C%20value%5D%20of%20Object.entries%28props%29%29%7B%0A%20%20if%20%28value%20%3D%3D%3D%20undefined%29%20%7B%0A%20%20delete%20props%5Bkey%5D%3B%0A%20%20%7D%0A%20%20%7D%0A%20%20return%20%7B%0A%20%20props%0A%20%20%7D%3B%0A%20%20%7D%0A%20%20const%20_default%20%3D%20_imagecomponent.Image%3B%20%2F%2F%23%20sourceMappingURL%3Dimage-external.js.map%0A%20%20%7D%29%2C%0A%20%2071987%2C%20%28%28__turbopack_context__%2C%20module%2C%20exports%29%20%3D%3E%20%7B%0A%20%20%0A%20%20module.exports%20%3D%20__turbopack_context__.r%2833095%29%3B%0A%20%20%7D%29%2C%0A%20%2071476%2C%20%28%28__turbopack_context__%2C%20module%2C%20exports%29%20%3D%3E%20%7B%0A%20%20%0A%20%20%21function%28e%2C%20t%29%20%7B%0A%20%20%28%22TURBOPACK%20compile-time%20truthy%22%2C%201%29%20%3F%20module.exports%20%3D%20t%28%29%20%3A%20%22TURBOPACK%20unreachable%22%3B%0A%20%20%7D%28%2F%2ATURBOPACK%20member%20replacement%2A%2F%20__turbopack_context__.e%2C%20function%28%29%20%7B%0A%20%20return%20function%28e%29%20%7B%0A%20%20function%20t%28o%29%20%7B%0A%20%20if%20%28n%5Bo%5D%29%20return%20n%5Bo%5D.exports%3B%0A%20%20var%20i%20%3D%20n%5Bo%5D%20%3D%20%7B%0A%20%20exports%3A%20%7B%7D%2C%0A%20%20id%3A%20o%2C%0A%20%20loaded%3A%20%211%0A%20%20%7D%3B%0A%20%20return%20e%5Bo%5D.call%28i.exports%2C%20i%2C%20i.exports%2C%20t%29%2C%20i.loaded%20%3D%20%210%2C%20i.exports%3B%0A%20%20%7D%0A%20%20var%20n%20%3D%20%7B%7D%3B%0A%20%20return%20t.m%20%3D%20e%2C%20t.c%20%3D%20n%2C%20t.p%20%3D%20%22dist%2F%22%2C%20t%280%29%3B%0A%20%20%7D%28%5B%0A%20%20function%28e%2C%20t%2C%20n%29%20%7B%0A%20%20%22use%20strict%22%3B%0A%20%20function%20o%28e%29%20%7B%0A%20%20return%20e%20%26%26%20e.__esModule%20%3F%20e%20%3A%20%7B%0A%20%20default%3A%20e%0A%20%20%7D%3B%0A%20%20%7D%0A%20%20var%20i%20%3D%20Object.assign%20%7C%7C%20function%28e%29%20%7B%0A%20%20for%28var%20t%20%3D%201%3B%20t%20%3C%20arguments.length%3B%20t%2B%2B%29%7B%0A%20%20var%20n%20%3D%20arguments%5Bt%5D%3B%0A%20%20for%28var%20o%20in%20n%29Object.prototype.hasOwnProperty.call%28n%2C%20o%29%20%26%26%20%28e%5Bo%5D%20%3D%20n%5Bo%5D%29%3B%0A%20%20%7D%0A%20%20return%20e%3B%0A%20%20%7D%2C%20r%20%3D%20n%281%29%2C%20a%20%3D%20%28o%28r%29%2C%20n%286%29%29%2C%20u%20%3D%20o%28a%29%2C%20c%20%3D%20n%287%29%2C%20s%20%3D%20o%28c%29%2C%20f%20%3D%20n%288%29%2C%20d%20%3D%20o%28f%29%2C%20l%20%3D%20n%289%29%2C%20p%20%3D%20o%28l%29%2C%20m%20%3D%20n%2810%29%2C%20b%20%3D%20o%28m%29%2C%20v%20%3D%20n%2811%29%2C%20y%20%3D%20o%28v%29%2C%20g%20%3D%20n%2814%29%2C%20h%20%3D%20o%28g%29%2C%20w%20%3D%20%5B%5D%2C%20k%20%3D%20%211%2C%20x%20%3D%20%7B%0A%20%20offset%3A%20120%2C%0A%20%20delay%3A%200%2C%0A%20%20easing%3A%20%22ease%22%2C%0A%20%20duration%3A%20400%2C%0A%20%20disable%3A%20%211%2C%0A%20%20once%3A%20%211%2C%0A%20%20startEvent%3A%20%22DOMContentLoaded%22%2C%0A%20%20throttleDelay%3A%2099%2C%0A%20%20debounceDelay%3A%2050%2C%0A%20%20disableMutationObserver%3A%20%211%0A%20%20%7D%2C%20j%20%3D%20function%28%29%20%7B%0A%20%20var%20e%20%3D%20arguments.length%20%3E%200%20%26%26%20void%200%20%21%3D%3D%20arguments%5B0%5D%20%26%26%20arguments%5B0%5D%3B%0A%20%20if%20%28e%20%26%26%20%28k%20%3D%20%210%29%2C%20k%29%20return%20w%20%3D%20%280%2C%20y.default%29%28w%2C%20x%29%2C%20%280%2C%20b.default%29%28w%2C%20x.once%29%2C%20w%3B%0A%20%20%7D%2C%20O%20%3D%20function%28%29%20%7B%0A%20%20w%20%3D%20%280%2C%20h.default%29%28%29%2C%20j%28%29%3B%0A%20%20%7D%2C%20M%20%3D%20function%28%29%20%7B%0A%20%20w.forEach%28function%28e%2C%20t%29%20%7B%0A%20%20e.node.removeAttribute%28%22data-aos%22%29%2C%20e.node.removeAttribute%28%22data-aos-easing%22%29%2C%20e.node.removeAttribute%28%22data-aos-duration%22%29%2C%20e.node.removeAttribute%28%22data-aos-delay%22%29%3B%0A%20%20%7D%29%3B%0A%20%20%7D%2C%20S%20%3D%20function%28e%29%20%7B%0A%20%20return%20e%20%3D%3D%3D%20%210%20%7C%7C%20%22mobile%22%20%3D%3D%3D%20e%20%26%26%20p.default.mobile%28%29%20%7C%7C%20%22phone%22%20%3D%3D%3D%20e%20%26%26%20p.default.phone%28%29%20%7C%7C%20%22tablet%22%20%3D%3D%3D%20e%20%26%26%20p.default.tablet%28%29%20%7C%7C%20%22function%22%20%3D%3D%20typeof%20e%20%26%26%20e%28%29%20%3D%3D%3D%20%210%3B%0A%20%20%7D%2C%20_%20%3D%20function%28e%29%20%7B%0A%20%20x%20%3D%20i%28x%2C%20e%29%2C%20w%20%3D%20%280%2C%20h.default%29%28%29%3B%0A%20%20var%20t%20%3D%20document.all%20%26%26%20%21window.atob%3B%0A%20%20return%20S%28x.disable%29%20%7C%7C%20t%20%3F%20M%28%29%20%3A%20%28x.disableMutationObserver%20%7C%7C%20d.default.isSupported%28%29%20%7C%7C%20%28console.info%28%27%5Cn%20%20%20%20%20%20aos%3A%20MutationObserver%20is%20not%20supported%20on%20this%20browser%2C%5Cn%20%20%20%20%20%20code%20mutations%20observing%20has%20been%20disabled.%5Cn%20%20%20%20%20%20You%20may%20have%20to%20call%20%22refreshHard%28%29%22%20by%20yourself.%5Cn%20%20%20%20%27%29%2C%20x.disableMutationObserver%20%3D%20%210%29%2C%20document.querySelector%28%22body%22%29.setAttribute%28%22data-aos-easing%22%2C%20x.easing%29%2C%20document.querySelector%28%22body%22%29.setAttribute%28%22data-aos-duration%22%2C%20x.duration%29%2C%20document.querySelector%28%22body%22%29.setAttribute%28%22data-aos-delay%22%2C%20x.delay%29%2C%20%22DOMContentLoaded%22%20%3D%3D%3D%20x.startEvent%20%26%26%20%5B%0A%20%20%22complete%22%2C%0A%20%20%22interactive%22%0A%20%20%5D.indexOf%28document.readyState%29%20%3E%20-1%20%3F%20j%28%210%29%20%3A%20%22load%22%20%3D%3D%3D%20x.startEvent%20%3F%20window.addEventListener%28x.startEvent%2C%20function%28%29%20%7B%0A%20%20j%28%210%29%3B%0A%20%20%7D%29%20%3A%20document.addEventListener%28x.startEvent%2C%20function%28%29%20%7B%0A%20%20j%28%210%29%3B%0A%20%20%7D%29%2C%20window.addEventListener%28%22resize%22%2C%20%280%2C%20s.default%29%28j%2C%20x.debounceDelay%2C%20%210%29%29%2C%20window.addEventListener%28%22orientationchange%22%2C%20%280%2C%20s.default%29%28j%2C%20x.debounceDelay%2C%20%210%29%29%2C%20window.addEventListener%28%22scroll%22%2C%20%280%2C%20u.default%29%28function%28%29%20%7B%0A%20%20%280%2C%20b.default%29%28w%2C%20x.once%29%3B%0A%20%20%7D%2C%20x.throttleDelay%29%29%2C%20x.disableMutationObserver%20%7C%7C%20d.default.ready%28%22%5Bdata-aos%5D%22%2C%20O%29%2C%20w%29%3B%0A%20%20%7D%3B%0A%20%20e.exports%20%3D%20%7B%0A%20%20init%3A%20_%2C%0A%20%20refresh%3A%20j%2C%0A%20%20refreshHard%3A%20O%0A%20%20%7D%3B%0A%20%20%7D%2C%0A%20%20function%28e%2C%20t%29%20%7B%7D%2C%0A%20%20%2C%0A%20%20%2C%0A%20%20%2C%0A%20%20%2C%0A%20%20function%28e%2C%20t%29%20%7B%0A%20%20%28function%28t%29%20%7B%0A%20%20%22use%20strict%22%3B%0A%20%20function%20n%28e%2C%20t%2C%20n%29%20%7B%0A%20%20function%20o%28t%29%20%7B%0A%20%20var%20n%20%3D%20b%2C%20o%20%3D%20v%3B%0A%20%20return%20b%20%3D%20v%20%3D%20void%200%2C%20k%20%3D%20t%2C%20g%20%3D%20e.apply%28o%2C%20n%29%3B%0A%20%20%7D%0A%20%20function%20r%28e%29%20%7B%0A%20%20return%20k%20%3D%20e%2C%20h%20%3D%20setTimeout%28f%2C%20t%29%2C%20M%20%3F%20o%28e%29%20%3A%20g%3B%0A%20%20%7D%0A%20%20function%20a%28e%29%20%7B%0A%20%20var%20n%20%3D%20e%20-%20w%2C%20o%20%3D%20e%20-%20k%2C%20i%20%3D%20t%20-%20n%3B%0A%20%20return%20S%20%3F%20j%28i%2C%20y%20-%20o%29%20%3A%20i%3B%0A%20%20%7D%0A%20%20function%20c%28e%29%20%7B%0A%20%20var%20n%20%3D%20e%20-%20w%2C%20o%20%3D%20e%20-%20k%3B%0A%20%20return%20void%200%20%3D%3D%3D%20w%20%7C%7C%20n%20%3E%3D%20t%20%7C%7C%20n%20%3C%200%20%7C%7C%20S%20%26%26%20o%20%3E%3D%20y%3B%0A%20%20%7D%0A%20%20function%20f%28%29%20%7B%0A%20%20var%20e%20%3D%20O%28%29%3B%0A%20%20return%20c%28e%29%20%3F%20d%28e%29%20%3A%20void%20%28h%20%3D%20setTimeout%28f%2C%20a%28e%29%29%29%3B%0A%20%20%7D%0A%20%20function%20d%28e%29%20%7B%0A%20%20return%20h%20%3D%20void%200%2C%20_%20%26%26%20b%20%3F%20o%28e%29%20%3A%20%28b%20%3D%20v%20%3D%20void%200%2C%20g%29%3B%0A%20%20%7D%0A%20%20function%20l%28%29%20%7B%0A%20%20void%200%20%21%3D%3D%20h%20%26%26%20clearTimeout%28h%29%2C%20k%20%3D%200%2C%20b%20%3D%20w%20%3D%20v%20%3D%20h%20%3D%20void%200%3B%0A%20%20%7D%0A%20%20function%20p%28%29%20%7B%0A%20%20return%20void%200%20%3D%3D%3D%20h%20%3F%20g%20%3A%20d%28O%28%29%29%3B%0A%20%20%7D%0A%20%20function%20m%28%29%20%7B%0A%20%20var%20e%20%3D%20O%28%29%2C%20n%20%3D%20c%28e%29%3B%0A%20%20if%20%28b%20%3D%20arguments%2C%20v%20%3D%20this%2C%20w%20%3D%20e%2C%20n%29%20%7B%0A%20%20if%20%28void%200%20%3D%3D%3D%20h%29%20return%20r%28w%29%3B%0A%20%20if%20%28S%29%20return%20h%20%3D%20setTimeout%28f%2C%20t%29%2C%20o%28w%29%3B%0A%20%20%7D%0A%20%20return%20void%200%20%3D%3D%3D%20h%20%26%26%20%28h%20%3D%20setTimeout%28f%2C%20t%29%29%2C%20g%3B%0A%20%20%7D%0A%20%20var%20b%2C%20v%2C%20y%2C%20g%2C%20h%2C%20w%2C%20k%20%3D%200%2C%20M%20%3D%20%211%2C%20S%20%3D%20%211%2C%20_%20%3D%20%210%3B%0A%20%20if%20%28%22function%22%20%21%3D%20typeof%20e%29%20throw%20new%20TypeError%28s%29%3B%0A%20%20return%20t%20%3D%20u%28t%29%20%7C%7C%200%2C%20i%28n%29%20%26%26%20%28M%20%3D%20%21%21n.leading%2C%20S%20%3D%20%22maxWait%22%20in%20n%2C%20y%20%3D%20S%20%3F%20x%28u%28n.maxWait%29%20%7C%7C%200%2C%20t%29%20%3A%20y%2C%20_%20%3D%20%22trailing%22%20in%20n%20%3F%20%21%21n.trailing%20%3A%20_%29%2C%20m.cancel%20%3D%20l%2C%20m.flush%20%3D%20p%2C%20m%3B%0A%20%20%7D%0A%20%20function%20o%28e%2C%20t%2C%20o%29%20%7B%0A%20%20var%20r%20%3D%20%210%2C%20a%20%3D%20%210%3B%0A%20%20if%20%28%22function%22%20%21%3D%20typeof%20e%29%20throw%20new%20TypeError%28s%29%3B%0A%20%20return%20i%28o%29%20%26%26%20%28r%20%3D%20%22leading%22%20in%20o%20%3F%20%21%21o.leading%20%3A%20r%2C%20a%20%3D%20%22trailing%22%20in%20o%20%3F%20%21%21o.trailing%20%3A%20a%29%2C%20n%28e%2C%20t%2C%20%7B%0A%20%20leading%3A%20r%2C%0A%20%20maxWait%3A%20t%2C%0A%20%20trailing%3A%20a%0A%20%20%7D%29%3B%0A%20%20%7D%0A%20%20function%20i%28e%29%20%7B%0A%20%20var%20t%20%3D%20%22undefined%22%20%3D%3D%20typeof%20e%20%3F%20%22undefined%22%20%3A%20c%28e%29%3B%0A%20%20return%20%21%21e%20%26%26%20%28%22object%22%20%3D%3D%20t%20%7C%7C%20%22function%22%20%3D%3D%20t%29%3B%0A%20%20%7D%0A%20%20function%20r%28e%29%20%7B%0A%20%20return%20%21%21e%20%26%26%20%22object%22%20%3D%3D%20%28%22undefined%22%20%3D%3D%20typeof%20e%20%3F%20%22undefined%22%20%3A%20c%28e%29%29%3B%0A%20%20%7D%0A%20%20function%20a%28e%29%20%7B%0A%20%20return%20%22symbol%22%20%3D%3D%20%28%22undefined%22%20%3D%3D%20typeof%20e%20%3F%20%22undefined%22%20%3A%20c%28e%29%29%20%7C%7C%20r%28e%29%20%26%26%20k.call%28e%29%20%3D%3D%20d%3B%0A%20%20%7D%0A%20%20function%20u%28e%29%20%7B%0A%20%20if%20%28%22number%22%20%3D%3D%20typeof%20e%29%20return%20e%3B%0A%20%20if%20%28a%28e%29%29%20return%20f%3B%0A%20%20if%20%28i%28e%29%29%20%7B%0A%20%20var%20t%20%3D%20%22function%22%20%3D%3D%20typeof%20e.valueOf%20%3F%20e.valueOf%28%29%20%3A%20e%3B%0A%20%20e%20%3D%20i%28t%29%20%3F%20t%20%2B%20%22%22%20%3A%20t%3B%0A%20%20%7D%0A%20%20if%20%28%22string%22%20%21%3D%20typeof%20e%29%20return%200%20%3D%3D%3D%20e%20%3F%20e%20%3A%20%2Be%3B%0A%20%20e%20%3D%20e.replace%28l%2C%20%22%22%29%3B%0A%20%20var%20n%20%3D%20m.test%28e%29%3B%0A%20%20return%20n%20%7C%7C%20b.test%28e%29%20%3F%20v%28e.slice%282%29%2C%20n%20%3F%202%20%3A%208%29%20%3A%20p.test%28e%29%20%3F%20f%20%3A%20%2Be%3B%0A%20%20%7D%0A%20%20var%20c%20%3D%20%22function%22%20%3D%3D%20typeof%20Symbol%20%26%26%20%22symbol%22%20%3D%3D%20typeof%20Symbol.iterator%20%3F%20function%28e%29%20%7B%0A%20%20return%20typeof%20e%3B%0A%20%20%7D%20%3A%20function%28e%29%20%7B%0A%20%20return%20e%20%26%26%20%22function%22%20%3D%3D%20typeof%20Symbol%20%26%26%20e.constructor%20%3D%3D%3D%20Symbol%20%26%26%20e%20%21%3D%3D%20Symbol.prototype%20%3F%20%22symbol%22%20%3A%20typeof%20e%3B%0A%20%20%7D%2C%20s%20%3D%20%22Expected%20a%20function%22%2C%20f%20%3D%20NaN%2C%20d%20%3D%20%22%5Bobject%20Symbol%5D%22%2C%20l%20%3D%20%2F%5E%5Cs%2B%7C%5Cs%2B%24%2Fg%2C%20p%20%3D%20%2F%5E%5B-%2B%5D0x%5B0-9a-f%5D%2B%24%2Fi%2C%20m%20%3D%20%2F%5E0b%5B01%5D%2B%24%2Fi%2C%20b%20%3D%20%2F%5E0o%5B0-7%5D%2B%24%2Fi%2C%20v%20%3D%20parseInt%2C%20y%20%3D%20%22object%22%20%3D%3D%20%28%22undefined%22%20%3D%3D%20typeof%20t%20%3F%20%22undefined%22%20%3A%20c%28t%29%29%20%26%26%20t%20%26%26%20t.Object%20%3D%3D%3D%20Object%20%26%26%20t%2C%20g%20%3D%20%22object%22%20%3D%3D%20%28%22undefined%22%20%3D%3D%20typeof%20self%20%3F%20%22undefined%22%20%3A%20c%28self%29%29%20%26%26%20self%20%26%26%20self.Object%20%3D%3D%3D%20Object%20%26%26%20self%2C%20h%20%3D%20y%20%7C%7C%20g%20%7C%7C%20Function%28%22return%20this%22%29%28%29%2C%20w%20%3D%20Object.prototype%2C%20k%20%3D%20w.toString%2C%20x%20%3D%20Math.max%2C%20j%20%3D%20Math.min%2C%20O%20%3D%20function%28%29%20%7B%0A%20%20return%20h.Date.now%28%29%3B%0A%20%20%7D%3B%0A%20%20e.exports%20%3D%20o%3B%0A%20%20%7D%29.call%28t%2C%20function%28%29%20%7B%0A%20%20return%20this%3B%0A%20%20%7D%28%29%29%3B%0A%20%20%7D%2C%0A%20%20function%28e%2C%20t%29%20%7B%0A%20%20%28function%28t%29%20%7B%0A%20%20%22use%20strict%22%3B%0A%20%20function%20n%28e%2C%20t%2C%20n%29%20%7B%0A%20%20function%20i%28t%29%20%7B%0A%20%20var%20n%20%3D%20b%2C%20o%20%3D%20v%3B%0A%20%20return%20b%20%3D%20v%20%3D%20void%200%2C%20O%20%3D%20t%2C%20g%20%3D%20e.apply%28o%2C%20n%29%3B%0A%20%20%7D%0A%20%20function%20r%28e%29%20%7B%0A%20%20return%20O%20%3D%20e%2C%20h%20%3D%20setTimeout%28f%2C%20t%29%2C%20M%20%3F%20i%28e%29%20%3A%20g%3B%0A%20%20%7D%0A%20%20function%20u%28e%29%20%7B%0A%20%20var%20n%20%3D%20e%20-%20w%2C%20o%20%3D%20e%20-%20O%2C%20i%20%3D%20t%20-%20n%3B%0A%20%20return%20S%20%3F%20x%28i%2C%20y%20-%20o%29%20%3A%20i%3B%0A%20%20%7D%0A%20%20function%20s%28e%29%20%7B%0A%20%20var%20n%20%3D%20e%20-%20w%2C%20o%20%3D%20e%20-%20O%3B%0A%20%20return%20void%200%20%3D%3D%3D%20w%20%7C%7C%20n%20%3E%3D%20t%20%7C%7C%20n%20%3C%200%20%7C%7C%20S%20%26%26%20o%20%3E%3D%20y%3B%0A%20%20%7D%0A%20%20function%20f%28%29%20%7B%0A%20%20var%20e%20%3D%20j%28%29%3B%0A%20%20return%20s%28e%29%20%3F%20d%28e%29%20%3A%20void%20%28h%20%3D%20setTimeout%28f%2C%20u%28e%29%29%29%3B%0A%20%20%7D%0A%20%20function%20d%28e%29%20%7B%0A%20%20return%20h%20%3D%20void%200%2C%20_%20%26%26%20b%20%3F%20i%28e%29%20%3A%20%28b%20%3D%20v%20%3D%20void%200%2C%20g%29%3B%0A%20%20%7D%0A%20%20function%20l%28%29%20%7B%0A%20%20void%200%20%21%3D%3D%20h%20%26%26%20clearTimeout%28h%29%2C%20O%20%3D%200%2C%20b%20%3D%20w%20%3D%20v%20%3D%20h%20%3D%20void%200%3B%0A%20%20%7D%0A%20%20function%20p%28%29%20%7B%0A%20%20return%20void%200%20%3D%3D%3D%20h%20%3F%20g%20%3A%20d%28j%28%29%29%3B%0A%20%20%7D%0A%20%20function%20m%28%29%20%7B%0A%20%20var%20e%20%3D%20j%28%29%2C%20n%20%3D%20s%28e%29%3B%0A%20%20if%20%28b%20%3D%20arguments%2C%20v%20%3D%20this%2C%20w%20%3D%20e%2C%20n%29%20%7B%0A%20%20if%20%28void%200%20%3D%3D%3D%20h%29%20return%20r%28w%29%3B%0A%20%20if%20%28S%29%20return%20h%20%3D%20setTimeout%28f%2C%20t%29%2C%20i%28w%29%3B%0A%20%20%7D%0A%20%20return%20void%200%20%3D%3D%3D%20h%20%26%26%20%28h%20%3D%20setTimeout%28f%2C%20t%29%29%2C%20g%3B%0A%20%20%7D%0A%20%20var%20b%2C%20v%2C%20y%2C%20g%2C%20h%2C%20w%2C%20O%20%3D%200%2C%20M%20%3D%20%211%2C%20S%20%3D%20%211%2C%20_%20%3D%20%210%3B%0A%20%20if%20%28%22function%22%20%21%3D%20typeof%20e%29%20throw%20new%20TypeError%28c%29%3B%0A%20%20return%20t%20%3D%20a%28t%29%20%7C%7C%200%2C%20o%28n%29%20%26%26%20%28M%20%3D%20%21%21n.leading%2C%20S%20%3D%20%22maxWait%22%20in%20n%2C%20y%20%3D%20S%20%3F%20k%28a%28n.maxWait%29%20%7C%7C%200%2C%20t%29%20%3A%20y%2C%20_%20%3D%20%22trailing%22%20in%20n%20%3F%20%21%21n.trailing%20%3A%20_%29%2C%20m.cancel%20%3D%20l%2C%20m.flush%20%3D%20p%2C%20m%3B%0A%20%20%7D%0A%20%20function%20o%28e%29%20%7B%0A%20%20var%20t%20%3D%20%22undefined%22%20%3D%3D%20typeof%20e%20%3F%20%22undefined%22%20%3A%20u%28e%29%3B%0A%20%20return%20%21%21e%20%26%26%20%28%22object%22%20%3D%3D%20t%20%7C%7C%20%22function%22%20%3D%3D%20t%29%3B%0A%20%20%7D%0A%20%20function%20i%28e%29%20%7B%0A%20%20return%20%21%21e%20%26%26%20%22object%22%20%3D%3D%20%28%22undefined%22%20%3D%3D%20typeof%20e%20%3F%20%22undefined%22%20%3A%20u%28e%29%29%3B%0A%20%20%7D%0A%20%20function%20r%28e%29%20%7B%0A%20%20return%20%22symbol%22%20%3D%3D%20%28%22undefined%22%20%3D%3D%20typeof%20e%20%3F%20%22undefined%22%20%3A%20u%28e%29%29%20%7C%7C%20i%28e%29%20%26%26%20w.call%28e%29%20%3D%3D%20f%3B%0A%20%20%7D%0A%20%20function%20a%28e%29%20%7B%0A%20%20if%20%28%22number%22%20%3D%3D%20typeof%20e%29%20return%20e%3B%0A%20%20if%20%28r%28e%29%29%20return%20s%3B%0A%20%20if%20%28o%28e%29%29%20%7B%0A%20%20var%20t%20%3D%20%22function%22%20%3D%3D%20typeof%20e.valueOf%20%3F%20e.valueOf%28%29%20%3A%20e%3B%0A%20%20e%20%3D%20o%28t%29%20%3F%20t%20%2B%20%22%22%20%3A%20t%3B%0A%20%20%7D%0A%20%20if%20%28%22string%22%20%21%3D%20typeof%20e%29%20return%200%20%3D%3D%3D%20e%20%3F%20e%20%3A%20%2Be%3B%0A%20%20e%20%3D%20e.replace%28d%2C%20%22%22%29%3B%0A%20%20var%20n%20%3D%20p.test%28e%29%3B%0A%20%20return%20n%20%7C%7C%20m.test%28e%29%20%3F%20b%28e.slice%282%29%2C%20n%20%3F%202%20%3A%208%29%20%3A%20l.test%28e%29%20%3F%20s%20%3A%20%2Be%3B%0A%20%20%7D%0A%20%20var%20u%20%3D%20%22function%22%20%3D%3D%20typeof%20Symbol%20%26%26%20%22symbol%22%20%3D%3D%20typeof%20Symbol.iterator%20%3F%20function%28e%29%20%7B%0A%20%20return%20typeof%20e%3B%0A%20%20%7D%20%3A%20function%28e%29%20%7B%0A%20%20return%20e%20%26%26%20%22function%22%20%3D%3D%20typeof%20Symbol%20%26%26%20e.constructor%20%3D%3D%3D%20Symbol%20%26%26%20e%20%21%3D%3D%20Symbol.prototype%20%3F%20%22symbol%22%20%3A%20typeof%20e%3B%0A%20%20%7D%2C%20c%20%3D%20%22Expected%20a%20function%22%2C%20s%20%3D%20NaN%2C%20f%20%3D%20%22%5Bobject%20Symbol%5D%22%2C%20d%20%3D%20%2F%5E%5Cs%2B%7C%5Cs%2B%24%2Fg%2C%20l%20%3D%20%2F%5E%5B-%2B%5D0x%5B0-9a-f%5D%2B%24%2Fi%2C%20p%20%3D%20%2F%5E0b%5B01%5D%2B%24%2Fi%2C%20m%20%3D%20%2F%5E0o%5B0-7%5D%2B%24%2Fi%2C%20b%20%3D%20parseInt%2C%20v%20%3D%20%22object%22%20%3D%3D%20%28%22undefined%22%20%3D%3D%20typeof%20t%20%3F%20%22undefined%22%20%3A%20u%28t%29%29%20%26%26%20t%20%26%26%20t.Object%20%3D%3D%3D%20Object%20%26%26%20t%2C%20y%20%3D%20%22object%22%20%3D%3D%20%28%22undefined%22%20%3D%3D%20typeof%20self%20%3F%20%22undefined%22%20%3A%20u%28self%29%29%20%26%26%20self%20%26%26%20self.Object%20%3D%3D%3D%20Object%20%26%26%20self%2C%20g%20%3D%20v%20%7C%7C%20y%20%7C%7C%20Function%28%22return%20this%22%29%28%29%2C%20h%20%3D%20Object.prototype%2C%20w%20%3D%20h.toString%2C%20k%20%3D%20Math.max%2C%20x%20%3D%20Math.min%2C%20j%20%3D%20function%28%29%20%7B%0A%20%20return%20g.Date.now%28%29%3B%0A%20%20%7D%3B%0A%20%20e.exports%20%3D%20n%3B%0A%20%20%7D%29.call%28t%2C%20function%28%29%20%7B%0A%20%20return%20this%3B%0A%20%20%7D%28%29%29%3B%0A%20%20%7D%2C%0A%20%20function%28e%2C%20t%29%20%7B%0A%20%20%22use%20strict%22%3B%0A%20%20function%20n%28e%29%20%7B%0A%20%20var%20t%20%3D%20void%200%2C%20o%20%3D%20void%200%2C%20i%20%3D%20void%200%3B%0A%20%20for%28t%20%3D%200%3B%20t%20%3C%20e.length%3B%20t%20%2B%3D%201%29%7B%0A%20%20if%20%28o%20%3D%20e%5Bt%5D%2C%20o.dataset%20%26%26%20o.dataset.aos%29%20return%20%210%3B%0A%20%20if%20%28i%20%3D%20o.children%20%26%26%20n%28o.children%29%29%20return%20%210%3B%0A%20%20%7D%0A%20%20return%20%211%3B%0A%20%20%7D%0A%20%20function%20o%28%29%20%7B%0A%20%20return%20window.MutationObserver%20%7C%7C%20window.WebKitMutationObserver%20%7C%7C%20window.MozMutationObserver%3B%0A%20%20%7D%0A%20%20function%20i%28%29%20%7B%0A%20%20return%20%21%21o%28%29%3B%0A%20%20%7D%0A%20%20function%20r%28e%2C%20t%29%20%7B%0A%20%20var%20n%20%3D%20window.document%2C%20i%20%3D%20o%28%29%2C%20r%20%3D%20new%20i%28a%29%3B%0A%20%20u%20%3D%20t%2C%20r.observe%28n.documentElement%2C%20%7B%0A%20%20childList%3A%20%210%2C%0A%20%20subtree%3A%20%210%2C%0A%20%20removedNodes%3A%20%210%0A%20%20%7D%29%3B%0A%20%20%7D%0A%20%20function%20a%28e%29%20%7B%0A%20%20e%20%26%26%20e.forEach%28function%28e%29%20%7B%0A%20%20var%20t%20%3D%20Array.prototype.slice.call%28e.addedNodes%29%2C%20o%20%3D%20Array.prototype.slice.call%28e.removedNodes%29%2C%20i%20%3D%20t.concat%28o%29%3B%0A%20%20if%20%28n%28i%29%29%20return%20u%28%29%3B%0A%20%20%7D%29%3B%0A%20%20%7D%0A%20%20Object.defineProperty%28t%2C%20%22__esModule%22%2C%20%7B%0A%20%20value%3A%20%210%0A%20%20%7D%29%3B%0A%20%20var%20u%20%3D%20function%28%29%20%7B%7D%3B%0A%20%20t.default%20%3D%20%7B%0A%20%20isSupported%3A%20i%2C%0A%20%20ready%3A%20r%0A%20%20%7D%3B%0A%20%20%7D%2C%0A%20%20function%28e%2C%20t%29%20%7B%0A%20%20%22use%20strict%22%3B%0A%20%20function%20n%28e%2C%20t%29%20%7B%0A%20%20if%20%28%21%28e%20instanceof%20t%29%29%20throw%20new%20TypeError%28%22Cannot%20call%20a%20class%20as%20a%20function%22%29%3B%0A%20%20%7D%0A%20%20function%20o%28%29%20%7B%0A%20%20return%20navigator.userAgent%20%7C%7C%20navigator.vendor%20%7C%7C%20window.opera%20%7C%7C%20%22%22%3B%0A%20%20%7D%0A%20%20Object.defineProperty%28t%2C%20%22__esModule%22%2C%20%7B%0A%20%20value%3A%20%210%0A%20%20%7D%29%3B%0A%20%20var%20i%20%3D%20function%28%29%20%7B%0A%20%20function%20e%28e%2C%20t%29%20%7B%0A%20%20for%28var%20n%20%3D%200%3B%20n%20%3C%20t.length%3B%20n%2B%2B%29%7B%0A%20%20var%20o%20%3D%20t%5Bn%5D%3B%0A%20%20o.enumerable%20%3D%20o.enumerable%20%7C%7C%20%211%2C%20o.configurable%20%3D%20%210%2C%20%22value%22%20in%20o%20%26%26%20%28o.writable%20%3D%20%210%29%2C%20Object.defineProperty%28e%2C%20o.key%2C%20o%29%3B%0A%20%20%7D%0A%20%20%7D%0A%20%20return%20function%28t%2C%20n%2C%20o%29%20%7B%0A%20%20return%20n%20%26%26%20e%28t.prototype%2C%20n%29%2C%20o%20%26%26%20e%28t%2C%20o%29%2C%20t%3B%0A%20%20%7D%3B%0A%20%20%7D%28%29%2C%20r%20%3D%20%2F%28android%7Cbb%5Cd%2B%7Cmeego%29.%2Bmobile%7Cavantgo%7Cbada%5C%2F%7Cblackberry%7Cblazer%7Ccompal%7Celaine%7Cfennec%7Chiptop%7Ciemobile%7Cip%28hone%7Cod%29%7Ciris%7Ckindle%7Clge%20%7Cmaemo%7Cmidp%7Cmmp%7Cmobile.%2Bfirefox%7Cnetfront%7Copera%20m%28ob%7Cin%29i%7Cpalm%28%20os%29%3F%7Cphone%7Cp%28ixi%7Cre%29%5C%2F%7Cplucker%7Cpocket%7Cpsp%7Cseries%284%7C6%290%7Csymbian%7Ctreo%7Cup%5C.%28browser%7Clink%29%7Cvodafone%7Cwap%7Cwindows%20ce%7Cxda%7Cxiino%2Fi%2C%20a%20%3D%20%2F1207%7C6310%7C6590%7C3gso%7C4thp%7C50%5B1-6%5Di%7C770s%7C802s%7Ca%20wa%7Cabac%7Cac%28er%7Coo%7Cs%5C-%29%7Cai%28ko%7Crn%29%7Cal%28av%7Cca%7Cco%29%7Camoi%7Can%28ex%7Cny%7Cyw%29%7Captu%7Car%28ch%7Cgo%29%7Cas%28te%7Cus%29%7Cattw%7Cau%28di%7C%5C-m%7Cr%20%7Cs%20%29%7Cavan%7Cbe%28ck%7Cll%7Cnq%29%7Cbi%28lb%7Crd%29%7Cbl%28ac%7Caz%29%7Cbr%28e%7Cv%29w%7Cbumb%7Cbw%5C-%28n%7Cu%29%7Cc55%5C%2F%7Ccapi%7Cccwa%7Ccdm%5C-%7Ccell%7Cchtm%7Ccldc%7Ccmd%5C-%7Cco%28mp%7Cnd%29%7Ccraw%7Cda%28it%7Cll%7Cng%29%7Cdbte%7Cdc%5C-s%7Cdevi%7Cdica%7Cdmob%7Cdo%28c%7Cp%29o%7Cds%2812%7C%5C-d%29%7Cel%2849%7Cai%29%7Cem%28l2%7Cul%29%7Cer%28ic%7Ck0%29%7Cesl8%7Cez%28%5B4-7%5D0%7Cos%7Cwa%7Cze%29%7Cfetc%7Cfly%28%5C-%7C_%29%7Cg1%20u%7Cg560%7Cgene%7Cgf%5C-5%7Cg%5C-mo%7Cgo%28%5C.w%7Cod%29%7Cgr%28ad%7Cun%29%7Chaie%7Chcit%7Chd%5C-%28m%7Cp%7Ct%29%7Chei%5C-%7Chi%28pt%7Cta%29%7Chp%28%20i%7Cip%29%7Chs%5C-c%7Cht%28c%28%5C-%7C%20%7C_%7Ca%7Cg%7Cp%7Cs%7Ct%29%7Ctp%29%7Chu%28aw%7Ctc%29%7Ci%5C-%2820%7Cgo%7Cma%29%7Ci230%7Ciac%28%20%7C%5C-%7C%5C%2F%29%7Cibro%7Cidea%7Cig01%7Cikom%7Cim1k%7Cinno%7Cipaq%7Ciris%7Cja%28t%7Cv%29a%7Cjbro%7Cjemu%7Cjigs%7Ckddi%7Ckeji%7Ckgt%28%20%7C%5C%2F%29%7Cklon%7Ckpt%20%7Ckwc%5C-%7Ckyo%28c%7Ck%29%7Cle%28no%7Cxi%29%7Clg%28%20g%7C%5C%2F%28k%7Cl%7Cu%29%7C50%7C54%7C%5C-%5Ba-w%5D%29%7Clibw%7Clynx%7Cm1%5C-w%7Cm3ga%7Cm50%5C%2F%7Cma%28te%7Cui%7Cxo%29%7Cmc%2801%7C21%7Cca%29%7Cm%5C-cr%7Cme%28rc%7Cri%29%7Cmi%28o8%7Coa%7Cts%29%7Cmmef%7Cmo%2801%7C02%7Cbi%7Cde%7Cdo%7Ct%28%5C-%7C%20%7Co%7Cv%29%7Czz%29%7Cmt%2850%7Cp1%7Cv%20%29%7Cmwbp%7Cmywa%7Cn10%5B0-2%5D%7Cn20%5B2-3%5D%7Cn30%280%7C2%29%7Cn50%280%7C2%7C5%29%7Cn7%280%280%7C1%29%7C10%29%7Cne%28%28c%7Cm%29%5C-%7Con%7Ctf%7Cwf%7Cwg%7Cwt%29%7Cnok%286%7Ci%29%7Cnzph%7Co2im%7Cop%28ti%7Cwv%29%7Coran%7Cowg1%7Cp800%7Cpan%28a%7Cd%7Ct%29%7Cpdxg%7Cpg%2813%7C%5C-%28%5B1-8%5D%7Cc%29%29%7Cphil%7Cpire%7Cpl%28ay%7Cuc%29%7Cpn%5C-2%7Cpo%28ck%7Crt%7Cse%29%7Cprox%7Cpsio%7Cpt%5C-g%7Cqa%5C-a%7Cqc%2807%7C12%7C21%7C32%7C60%7C%5C-%5B2-7%5D%7Ci%5C-%29%7Cqtek%7Cr380%7Cr600%7Craks%7Crim9%7Cro%28ve%7Czo%29%7Cs55%5C%2F%7Csa%28ge%7Cma%7Cmm%7Cms%7Cny%7Cva%29%7Csc%2801%7Ch%5C-%7Coo%7Cp%5C-%29%7Csdk%5C%2F%7Cse%28c%28%5C-%7C0%7C1%29%7C47%7Cmc%7Cnd%7Cri%29%7Csgh%5C-%7Cshar%7Csie%28%5C-%7Cm%29%7Csk%5C-0%7Csl%2845%7Cid%29%7Csm%28al%7Car%7Cb3%7Cit%7Ct5%29%7Cso%28ft%7Cny%29%7Csp%2801%7Ch%5C-%7Cv%5C-%7Cv%20%29%7Csy%2801%7Cmb%29%7Ct2%2818%7C50%29%7Ct6%2800%7C10%7C18%29%7Cta%28gt%7Clk%29%7Ctcl%5C-%7Ctdg%5C-%7Ctel%28i%7Cm%29%7Ctim%5C-%7Ct%5C-mo%7Cto%28pl%7Csh%29%7Cts%2870%7Cm%5C-%7Cm3%7Cm5%29%7Ctx%5C-9%7Cup%28%5C.b%7Cg1%7Csi%29%7Cutst%7Cv400%7Cv750%7Cveri%7Cvi%28rg%7Cte%29%7Cvk%2840%7C5%5B0-3%5D%7C%5C-v%29%7Cvm40%7Cvoda%7Cvulc%7Cvx%2852%7C53%7C60%7C61%7C70%7C80%7C81%7C83%7C85%7C98%29%7Cw3c%28%5C-%7C%20%29%7Cwebc%7Cwhit%7Cwi%28g%20%7Cnc%7Cnw%29%7Cwmlb%7Cwonu%7Cx700%7Cyas%5C-%7Cyour%7Czeto%7Czte%5C-%2Fi%2C%20u%20%3D%20%2F%28android%7Cbb%5Cd%2B%7Cmeego%29.%2Bmobile%7Cavantgo%7Cbada%5C%2F%7Cblackberry%7Cblazer%7Ccompal%7Celaine%7Cfennec%7Chiptop%7Ciemobile%7Cip%28hone%7Cod%29%7Ciris%7Ckindle%7Clge%20%7Cmaemo%7Cmidp%7Cmmp%7Cmobile.%2Bfirefox%7Cnetfront%7Copera%20m%28ob%7Cin%29i%7Cpalm%28%20os%29%3F%7Cphone%7Cp%28ixi%7Cre%29%5C%2F%7Cplucker%7Cpocket%7Cpsp%7Cseries%284%7C6%290%7Csymbian%7Ctreo%7Cup%5C.%28browser%7Clink%29%7Cvodafone%7Cwap%7Cwindows%20ce%7Cxda%7Cxiino%7Candroid%7Cipad%7Cplaybook%7Csilk%2Fi%2C%20c%20%3D%20%2F1207%7C6310%7C6590%7C3gso%7C4thp%7C50%5B1-6%5Di%7C770s%7C802s%7Ca%20wa%7Cabac%7Cac%28er%7Coo%7Cs%5C-%29%7Cai%28ko%7Crn%29%7Cal%28av%7Cca%7Cco%29%7Camoi%7Can%28ex%7Cny%7Cyw%29%7Captu%7Car%28ch%7Cgo%29%7Cas%28te%7Cus%29%7Cattw%7Cau%28di%7C%5C-m%7Cr%20%7Cs%20%29%7Cavan%7Cbe%28ck%7Cll%7Cnq%29%7Cbi%28lb%7Crd%29%7Cbl%28ac%7Caz%29%7Cbr%28e%7Cv%29w%7Cbumb%7Cbw%5C-%28n%7Cu%29%7Cc55%5C%2F%7Ccapi%7Cccwa%7Ccdm%5C-%7Ccell%7Cchtm%7Ccldc%7Ccmd%5C-%7Cco%28mp%7Cnd%29%7Ccraw%7Cda%28it%7Cll%7Cng%29%7Cdbte%7Cdc%5C-s%7Cdevi%7Cdica%7Cdmob%7Cdo%28c%7Cp%29o%7Cds%2812%7C%5C-d%29%7Cel%2849%7Cai%29%7Cem%28l2%7Cul%29%7Cer%28ic%7Ck0%29%7Cesl8%7Cez%28%5B4-7%5D0%7Cos%7Cwa%7Cze%29%7Cfetc%7Cfly%28%5C-%7C_%29%7Cg1%20u%7Cg560%7Cgene%7Cgf%5C-5%7Cg%5C-mo%7Cgo%28%5C.w%7Cod%29%7Cgr%28ad%7Cun%29%7Chaie%7Chcit%7Chd%5C-%28m%7Cp%7Ct%29%7Chei%5C-%7Chi%28pt%7Cta%29%7Chp%28%20i%7Cip%29%7Chs%5C-c%7Cht%28c%28%5C-%7C%20%7C_%7Ca%7Cg%7Cp%7Cs%7Ct%29%7Ctp%29%7Chu%28aw%7Ctc%29%7Ci%5C-%2820%7Cgo%7Cma%29%7Ci230%7Ciac%28%20%7C%5C-%7C%5C%2F%29%7Cibro%7Cidea%7Cig01%7Cikom%7Cim1k%7Cinno%7Cipaq%7Ciris%7Cja%28t%7Cv%29a%7Cjbro%7Cjemu%7Cjigs%7Ckddi%7Ckeji%7Ckgt%28%20%7C%5C%2F%29%7Cklon%7Ckpt%20%7Ckwc%5C-%7Ckyo%28c%7Ck%29%7Cle%28no%7Cxi%29%7Clg%28%20g%7C%5C%2F%28k%7Cl%7Cu%29%7C50%7C54%7C%5C-%5Ba-w%5D%29%7Clibw%7Clynx%7Cm1%5C-w%7Cm3ga%7Cm50%5C%2F%7Cma%28te%7Cui%7Cxo%29%7Cmc%2801%7C21%7Cca%29%7Cm%5C-cr%7Cme%28rc%7Cri%29%7Cmi%28o8%7Coa%7Cts%29%7Cmmef%7Cmo%2801%7C02%7Cbi%7Cde%7Cdo%7Ct%28%5C-%7C%20%7Co%7Cv%29%7Czz%29%7Cmt%2850%7Cp1%7Cv%20%29%7Cmwbp%7Cmywa%7Cn10%5B0-2%5D%7Cn20%5B2-3%5D%7Cn30%280%7C2%29%7Cn50%280%7C2%7C5%29%7Cn7%280%280%7C1%29%7C10%29%7Cne%28%28c%7Cm%29%5C-%7Con%7Ctf%7Cwf%7Cwg%7Cwt%29%7Cnok%286%7Ci%29%7Cnzph%7Co2im%7Cop%28ti%7Cwv%29%7Coran%7Cowg1%7Cp800%7Cpan%28a%7Cd%7Ct%29%7Cpdxg%7Cpg%2813%7C%5C-%28%5B1-8%5D%7Cc%29%29%7Cphil%7Cpire%7Cpl%28ay%7Cuc%29%7Cpn%5C-2%7Cpo%28ck%7Crt%7Cse%29%7Cprox%7Cpsio%7Cpt%5C-g%7Cqa%5C-a%7Cqc%2807%7C12%7C21%7C32%7C60%7C%5C-%5B2-7%5D%7Ci%5C-%29%7Cqtek%7Cr380%7Cr600%7Craks%7Crim9%7Cro%28ve%7Czo%29%7Cs55%5C%2F%7Csa%28ge%7Cma%7Cmm%7Cms%7Cny%7Cva%29%7Csc%2801%7Ch%5C-%7Coo%7Cp%5C-%29%7Csdk%5C%2F%7Cse%28c%28%5C-%7C0%7C1%29%7C47%7Cmc%7Cnd%7Cri%29%7Csgh%5C-%7Cshar%7Csie%28%5C-%7Cm%29%7Csk%5C-0%7Csl%2845%7Cid%29%7Csm%28al%7Car%7Cb3%7Cit%7Ct5%29%7Cso%28ft%7Cny%29%7Csp%2801%7Ch%5C-%7Cv%5C-%7Cv%20%29%7Csy%2801%7Cmb%29%7Ct2%2818%7C50%29%7Ct6%2800%7C10%7C18%29%7Cta%28gt%7Clk%29%7Ctcl%5C-%7Ctdg%5C-%7Ctel%28i%7Cm%29%7Ctim%5C-%7Ct%5C-mo%7Cto%28pl%7Csh%29%7Cts%2870%7Cm%5C-%7Cm3%7Cm5%29%7Ctx%5C-9%7Cup%28%5C.b%7Cg1%7Csi%29%7Cutst%7Cv400%7Cv750%7Cveri%7Cvi%28rg%7Cte%29%7Cvk%2840%7C5%5B0-3%5D%7C%5C-v%29%7Cvm40%7Cvoda%7Cvulc%7Cvx%2852%7C53%7C60%7C61%7C70%7C80%7C81%7C83%7C85%7C98%29%7Cw3c%28%5C-%7C%20%29%7Cwebc%7Cwhit%7Cwi%28g%20%7Cnc%7Cnw%29%7Cwmlb%7Cwonu%7Cx700%7Cyas%5C-%7Cyour%7Czeto%7Czte%5C-%2Fi%2C%20s%20%3D%20function%28%29%20%7B%0A%20%20function%20e%28%29%20%7B%0A%20%20n%28this%2C%20e%29%3B%0A%20%20%7D%0A%20%20return%20i%28e%2C%20%5B%0A%20%20%7B%0A%20%20key%3A%20%22phone%22%2C%0A%20%20value%3A%20function%28%29%20%7B%0A%20%20var%20e%20%3D%20o%28%29%3B%0A%20%20return%20%21%28%21r.test%28e%29%20%26%26%20%21a.test%28e.substr%280%2C%204%29%29%29%3B%0A%20%20%7D%0A%20%20%7D%2C%0A%20%20%7B%0A%20%20key%3A%20%22mobile%22%2C%0A%20%20value%3A%20function%28%29%20%7B%0A%20%20var%20e%20%3D%20o%28%29%3B%0A%20%20return%20%21%28%21u.test%28e%29%20%26%26%20%21c.test%28e.substr%280%2C%204%29%29%29%3B%0A%20%20%7D%0A%20%20%7D%2C%0A%20%20%7B%0A%20%20key%3A%20%22tablet%22%2C%0A%20%20value%3A%20function%28%29%20%7B%0A%20%20return%20this.mobile%28%29%20%26%26%20%21this.phone%28%29%3B%0A%20%20%7D%0A%20%20%7D%0A%20%20%5D%29%2C%20e%3B%0A%20%20%7D%28%29%3B%0A%20%20t.default%20%3D%20new%20s%3B%0A%20%20%7D%2C%0A%20%20function%28e%2C%20t%29%20%7B%0A%20%20%22use%20strict%22%3B%0A%20%20Object.defineProperty%28t%2C%20%22__esModule%22%2C%20%7B%0A%20%20value%3A%20%210%0A%20%20%7D%29%3B%0A%20%20var%20n%20%3D%20function%28e%2C%20t%2C%20n%29%20%7B%0A%20%20var%20o%20%3D%20e.node.getAttribute%28%22data-aos-once%22%29%3B%0A%20%20t%20%3E%20e.position%20%3F%20e.node.classList.add%28%22aos-animate%22%29%20%3A%20%22undefined%22%20%21%3D%20typeof%20o%20%26%26%20%28%22false%22%20%3D%3D%3D%20o%20%7C%7C%20%21n%20%26%26%20%22true%22%20%21%3D%3D%20o%29%20%26%26%20e.node.classList.remove%28%22aos-animate%22%29%3B%0A%20%20%7D%2C%20o%20%3D%20function%28e%2C%20t%29%20%7B%0A%20%20var%20o%20%3D%20window.pageYOffset%2C%20i%20%3D%20window.innerHeight%3B%0A%20%20e.forEach%28function%28e%2C%20r%29%20%7B%0A%20%20n%28e%2C%20i%20%2B%20o%2C%20t%29%3B%0A%20%20%7D%29%3B%0A%20%20%7D%3B%0A%20%20t.default%20%3D%20o%3B%0A%20%20%7D%2C%0A%20%20function%28e%2C%20t%2C%20n%29%20%7B%0A%20%20%22use%20strict%22%3B%0A%20%20function%20o%28e%29%20%7B%0A%20%20return%20e%20%26%26%20e.__esModule%20%3F%20e%20%3A%20%7B%0A%20%20default%3A%20e%0A%20%20%7D%3B%0A%20%20%7D%0A%20%20Object.defineProperty%28t%2C%20%22__esModule%22%2C%20%7B%0A%20%20value%3A%20%210%0A%20%20%7D%29%3B%0A%20%20var%20i%20%3D%20n%2812%29%2C%20r%20%3D%20o%28i%29%2C%20a%20%3D%20function%28e%2C%20t%29%20%7B%0A%20%20return%20e.forEach%28function%28e%2C%20n%29%20%7B%0A%20%20e.node.classList.add%28%22aos-init%22%29%2C%20e.position%20%3D%20%280%2C%20r.default%29%28e.node%2C%20t.offset%29%3B%0A%20%20%7D%29%2C%20e%3B%0A%20%20%7D%3B%0A%20%20t.default%20%3D%20a%3B%0A%20%20%7D%2C%0A%20%20function%28e%2C%20t%2C%20n%29%20%7B%0A%20%20%22use%20strict%22%3B%0A%20%20function%20o%28e%29%20%7B%0A%20%20return%20e%20%26%26%20e.__esModule%20%3F%20e%20%3A%20%7B%0A%20%20default%3A%20e%0A%20%20%7D%3B%0A%20%20%7D%0A%20%20Object.defineProperty%28t%2C%20%22__esModule%22%2C%20%7B%0A%20%20value%3A%20%210%0A%20%20%7D%29%3B%0A%20%20var%20i%20%3D%20n%2813%29%2C%20r%20%3D%20o%28i%29%2C%20a%20%3D%20function%28e%2C%20t%29%20%7B%0A%20%20var%20n%20%3D%200%2C%20o%20%3D%200%2C%20i%20%3D%20window.innerHeight%2C%20a%20%3D%20%7B%0A%20%20offset%3A%20e.getAttribute%28%22data-aos-offset%22%29%2C%0A%20%20anchor%3A%20e.getAttribute%28%22data-aos-anchor%22%29%2C%0A%20%20anchorPlacement%3A%20e.getAttribute%28%22data-aos-anchor-placement%22%29%0A%20%20%7D%3B%0A%20%20switch%28a.offset%20%26%26%20%21isNaN%28a.offset%29%20%26%26%20%28o%20%3D%20parseInt%28a.offset%29%29%2C%20a.anchor%20%26%26%20document.querySelectorAll%28a.anchor%29%20%26%26%20%28e%20%3D%20document.querySelectorAll%28a.anchor%29%5B0%5D%29%2C%20n%20%3D%20%280%2C%20r.default%29%28e%29.top%2C%20a.anchorPlacement%29%7B%0A%20%20case%20%22top-bottom%22%3A%0A%20%20break%3B%0A%20%20case%20%22center-bottom%22%3A%0A%20%20n%20%2B%3D%20e.offsetHeight%20%2F%202%3B%0A%20%20break%3B%0A%20%20case%20%22bottom-bottom%22%3A%0A%20%20n%20%2B%3D%20e.offsetHeight%3B%0A%20%20break%3B%0A%20%20case%20%22top-center%22%3A%0A%20%20n%20%2B%3D%20i%20%2F%202%3B%0A%20%20break%3B%0A%20%20case%20%22bottom-center%22%3A%0A%20%20n%20%2B%3D%20i%20%2F%202%20%2B%20e.offsetHeight%3B%0A%20%20break%3B%0A%20%20case%20%22center-center%22%3A%0A%20%20n%20%2B%3D%20i%20%2F%202%20%2B%20e.offsetHeight%20%2F%202%3B%0A%20%20break%3B%0A%20%20case%20%22top-top%22%3A%0A%20%20n%20%2B%3D%20i%3B%0A%20%20break%3B%0A%20%20case%20%22bottom-top%22%3A%0A%20%20n%20%2B%3D%20e.offsetHeight%20%2B%20i%3B%0A%20%20break%3B%0A%20%20case%20%22center-top%22%3A%0A%20%20n%20%2B%3D%20e.offsetHeight%20%2F%202%20%2B%20i%3B%0A%20%20%7D%0A%20%20return%20a.anchorPlacement%20%7C%7C%20a.offset%20%7C%7C%20isNaN%28t%29%20%7C%7C%20%28o%20%3D%20t%29%2C%20n%20%2B%20o%3B%0A%20%20%7D%3B%0A%20%20t.default%20%3D%20a%3B%0A%20%20%7D%2C%0A%20%20function%28e%2C%20t%29%20%7B%0A%20%20%22use%20strict%22%3B%0A%20%20Object.defineProperty%28t%2C%20%22__esModule%22%2C%20%7B%0A%20%20value%3A%20%210%0A%20%20%7D%29%3B%0A%20%20var%20n%20%3D%20function%28e%29%20%7B%0A%20%20for%28var%20t%20%3D%200%2C%20n%20%3D%200%3B%20e%20%26%26%20%21isNaN%28e.offsetLeft%29%20%26%26%20%21isNaN%28e.offsetTop%29%3B%29t%20%2B%3D%20e.offsetLeft%20-%20%28%22BODY%22%20%21%3D%20e.tagName%20%3F%20e.scrollLeft%20%3A%200%29%2C%20n%20%2B%3D%20e.offsetTop%20-%20%28%22BODY%22%20%21%3D%20e.tagName%20%3F%20e.scrollTop%20%3A%200%29%2C%20e%20%3D%20e.offsetParent%3B%0A%20%20return%20%7B%0A%20%20top%3A%20n%2C%0A%20%20left%3A%20t%0A%20%20%7D%3B%0A%20%20%7D%3B%0A%20%20t.default%20%3D%20n%3B%0A%20%20%7D%2C%0A%20%20function%28e%2C%20t%29%20%7B%0A%20%20%22use%20strict%22%3B%0A%20%20Object.defineProperty%28t%2C%20%22__esModule%22%2C%20%7B%0A%20%20value%3A%20%210%0A%20%20%7D%29%3B%0A%20%20var%20n%20%3D%20function%28e%29%20%7B%0A%20%20return%20e%20%3D%20e%20%7C%7C%20document.querySelectorAll%28%22%5Bdata-aos%5D%22%29%2C%20Array.prototype.map.call%28e%2C%20function%28e%29%20%7B%0A%20%20return%20%7B%0A%20%20node%3A%20e%0A%20%20%7D%3B%0A%20%20%7D%29%3B%0A%20%20%7D%3B%0A%20%20t.default%20%3D%20n%3B%0A%20%20%7D%0A%20%20%5D%29%3B%0A%20%20%7D%29%3B%0A%20%20%7D%29%2C%0A%20%2054826%2C%20%28%28__turbopack_context__%2C%20module%2C%20exports%29%20%3D%3E%20%7B%0A%20%20%0A%20%20%7D%29%2C%0A%20%2015299%2C%20%28%28__turbopack_context__%2C%20module%2C%20exports%29%20%3D%3E%20%7B%0A%20%20%0A%20%20__turbopack_context__.r%2854826%29%3B%0A%20%20var%20React%20%3D%20__turbopack_context__.r%2872131%29%3B%0A%20%20function%20_interopDefaultLegacy%28e%29%20%7B%0A%20%20return%20e%20%26%26%20typeof%20e%20%3D%3D%3D%20%27object%27%20%26%26%20%27default%27%20in%20e%20%3F%20e%20%3A%20%7B%0A%20%20%27default%27%3A%20e%0A%20%20%7D%3B%0A%20%20%7D%0A%20%20var%20React__default%20%3D%20%2F%2A%23__PURE__%2A%2F%20_interopDefaultLegacy%28React%29%3B%0A%20%20%2F%2A%0A%20%20Based%20on%20Glamor%27s%20sheet%0A%20%20https%3A%2F%2Fgithub.com%2Fthreepointone%2Fglamor%2Fblob%2F667b480d31b3721a905021b26e1290ce92ca2879%2Fsrc%2Fsheet.js%0A%20%20%2A%2F%20function%20_defineProperties%28target%2C%20props%29%20%7B%0A%20%20for%28var%20i%20%3D%200%3B%20i%20%3C%20props.length%3B%20i%2B%2B%29%7B%0A%20%20var%20descriptor%20%3D%20props%5Bi%5D%3B%0A%20%20descriptor.enumerable%20%3D%20descriptor.enumerable%20%7C%7C%20false%3B%0A%20%20descriptor.configurable%20%3D%20true%3B%0A%20%20if%20%28%22value%22%20in%20descriptor%29%20descriptor.writable%20%3D%20true%3B%0A%20%20Object.defineProperty%28target%2C%20descriptor.key%2C%20descriptor%29%3B%0A%20%20%7D%0A%20%20%7D%0A%20%20function%20_createClass%28Constructor%2C%20protoProps%2C%20staticProps%29%20%7B%0A%20%20if%20%28protoProps%29%20_defineProperties%28Constructor.prototype%2C%20protoProps%29%3B%0A%20%20if%20%28staticProps%29%20_defineProperties%28Constructor%2C%20staticProps%29%3B%0A%20%20return%20Constructor%3B%0A%20%20%7D%0A%20%20var%20isProd%20%3D%20typeof%20process%20%21%3D%3D%20%22undefined%22%20%26%26%20process.env%20%26%26%20%28%22TURBOPACK%20compile-time%20value%22%2C%20%22production%22%29%20%3D%3D%3D%20%22production%22%3B%0A%20%20var%20isString%20%3D%20function%28o%29%20%7B%0A%20%20return%20Object.prototype.toString.call%28o%29%20%3D%3D%3D%20%22%5Bobject%20String%5D%22%3B%0A%20%20%7D%3B%0A%20%20var%20StyleSheet%20%3D%20%2F%2A%23__PURE__%2A%2F%20function%28%29%20%7B%0A%20%20function%20StyleSheet%28param%29%20%7B%0A%20%20var%20ref%20%3D%20param%20%3D%3D%3D%20void%200%20%3F%20%7B%7D%20%3A%20param%2C%20_name%20%3D%20ref.name%2C%20name%20%3D%20_name%20%3D%3D%3D%20void%200%20%3F%20%22stylesheet%22%20%3A%20_name%2C%20_optimizeForSpeed%20%3D%20ref.optimizeForSpeed%2C%20optimizeForSpeed%20%3D%20_optimizeForSpeed%20%3D%3D%3D%20void%200%20%3F%20isProd%20%3A%20_optimizeForSpeed%3B%0A%20%20invariant%241%28isString%28name%29%2C%20%22%60name%60%20must%20be%20a%20string%22%29%3B%0A%20%20this._name%20%3D%20name%3B%0A%20%20this._deletedRulePlaceholder%20%3D%20%22%23%22%20%2B%20name%20%2B%20%22-deleted-rule____%7B%7D%22%3B%0A%20%20invariant%241%28typeof%20optimizeForSpeed%20%3D%3D%3D%20%22boolean%22%2C%20%22%60optimizeForSpeed%60%20must%20be%20a%20boolean%22%29%3B%0A%20%20this._optimizeForSpeed%20%3D%20optimizeForSpeed%3B%0A%20%20this._serverSheet%20%3D%20undefined%3B%0A%20%20this._tags%20%3D%20%5B%5D%3B%0A%20%20this._injected%20%3D%20false%3B%0A%20%20this._rulesCount%20%3D%200%3B%0A%20%20var%20node%20%3D%20%28%22TURBOPACK%20compile-time%20value%22%2C%20%22undefined%22%29%20%21%3D%3D%20%22undefined%22%20%26%26%20document.querySelector%28%27meta%5Bproperty%3D%22csp-nonce%22%5D%27%29%3B%0A%20%20this._nonce%20%3D%20%28%22TURBOPACK%20compile-time%20falsy%22%2C%200%29%20%3F%20%22TURBOPACK%20unreachable%22%20%3A%20null%3B%0A%20%20%7D%0A%20%20var%20_proto%20%3D%20StyleSheet.prototype%3B%0A%20%20_proto.setOptimizeForSpeed%20%3D%20function%20setOptimizeForSpeed%28bool%29%20%7B%0A%20%20invariant%241%28typeof%20bool%20%3D%3D%3D%20%22boolean%22%2C%20%22%60setOptimizeForSpeed%60%20accepts%20a%20boolean%22%29%3B%0A%20%20invariant%241%28this._rulesCount%20%3D%3D%3D%200%2C%20%22optimizeForSpeed%20cannot%20be%20when%20rules%20have%20already%20been%20inserted%22%29%3B%0A%20%20this.flush%28%29%3B%0A%20%20this._optimizeForSpeed%20%3D%20bool%3B%0A%20%20this.inject%28%29%3B%0A%20%20%7D%3B%0A%20%20_proto.isOptimizeForSpeed%20%3D%20function%20isOptimizeForSpeed%28%29%20%7B%0A%20%20return%20this._optimizeForSpeed%3B%0A%20%20%7D%3B%0A%20%20_proto.inject%20%3D%20function%20inject%28%29%20%7B%0A%20%20var%20_this%20%3D%20this%3B%0A%20%20invariant%241%28%21this._injected%2C%20%22sheet%20already%20injected%22%29%3B%0A%20%20this._injected%20%3D%20true%3B%0A%20%20if%20%28%28%22TURBOPACK%20compile-time%20value%22%2C%20%22undefined%22%29%20%21%3D%3D%20%22undefined%22%20%26%26%20this._optimizeForSpeed%29%20%2F%2FTURBOPACK%20unreachable%0A%20%20%3B%0A%20%20this._serverSheet%20%3D%20%7B%0A%20%20cssRules%3A%20%5B%5D%2C%0A%20%20insertRule%3A%20function%28rule%2C%20index%29%20%7B%0A%20%20if%20%28typeof%20index%20%3D%3D%3D%20%22number%22%29%20%7B%0A%20%20_this._serverSheet.cssRules%5Bindex%5D%20%3D%20%7B%0A%20%20cssText%3A%20rule%0A%20%20%7D%3B%0A%20%20%7D%20else%20%7B%0A%20%20_this._serverSheet.cssRules.push%28%7B%0A%20%20cssText%3A%20rule%0A%20%20%7D%29%3B%0A%20%20%7D%0A%20%20return%20index%3B%0A%20%20%7D%2C%0A%20%20deleteRule%3A%20function%28index%29%20%7B%0A%20%20_this._serverSheet.cssRules%5Bindex%5D%20%3D%20null%3B%0A%20%20%7D%0A%20%20%7D%3B%0A%20%20%7D%3B%0A%20%20_proto.getSheetForTag%20%3D%20function%20getSheetForTag%28tag%29%20%7B%0A%20%20if%20%28tag.sheet%29%20%7B%0A%20%20return%20tag.sheet%3B%0A%20%20%7D%0A%20%20%2F%2F%20this%20weirdness%20brought%20to%20you%20by%20firefox%0A%20%20for%28var%20i%20%3D%200%3B%20i%20%3C%20document.styleSheets.length%3B%20i%2B%2B%29%7B%0A%20%20if%20%28document.styleSheets%5Bi%5D.ownerNode%20%3D%3D%3D%20tag%29%20%7B%0A%20%20return%20document.styleSheets%5Bi%5D%3B%0A%20%20%7D%0A%20%20%7D%0A%20%20%7D%3B%0A%20%20_proto.getSheet%20%3D%20function%20getSheet%28%29%20%7B%0A%20%20return%20this.getSheetForTag%28this._tags%5Bthis._tags.length%20-%201%5D%29%3B%0A%20%20%7D%3B%0A%20%20_proto.insertRule%20%3D%20function%20insertRule%28rule%2C%20index%29%20%7B%0A%20%20invariant%241%28isString%28rule%29%2C%20%22%60insertRule%60%20accepts%20only%20strings%22%29%3B%0A%20%20if%20%28%22TURBOPACK%20compile-time%20truthy%22%2C%201%29%20%7B%0A%20%20if%20%28typeof%20index%20%21%3D%3D%20%22number%22%29%20%7B%0A%20%20index%20%3D%20this._serverSheet.cssRules.length%3B%0A%20%20%7D%0A%20%20this._serverSheet.insertRule%28rule%2C%20index%29%3B%0A%20%20return%20this._rulesCount%2B%2B%3B%0A%20%20%7D%0A%20%20%2F%2FTURBOPACK%20unreachable%0A%20%20%3B%0A%20%20var%20sheet%3B%0A%20%20var%20insertionPoint%3B%0A%20%20%7D%3B%0A%20%20_proto.replaceRule%20%3D%20function%20replaceRule%28index%2C%20rule%29%20%7B%0A%20%20if%20%28this._optimizeForSpeed%20%7C%7C%20%28%22TURBOPACK%20compile-time%20value%22%2C%20%22undefined%22%29%20%3D%3D%3D%20%22undefined%22%29%20%7B%0A%20%20var%20sheet%20%3D%20%28%22TURBOPACK%20compile-time%20falsy%22%2C%200%29%20%3F%20%22TURBOPACK%20unreachable%22%20%3A%20this._serverSheet%3B%0A%20%20if%20%28%21rule.trim%28%29%29%20%7B%0A%20%20rule%20%3D%20this._deletedRulePlaceholder%3B%0A%20%20%7D%0A%20%20if%20%28%21sheet.cssRules%5Bindex%5D%29%20%7B%0A%20%20%2F%2F%20%40TBD%20Should%20we%20throw%20an%20error%3F%0A%20%20return%20index%3B%0A%20%20%7D%0A%20%20sheet.deleteRule%28index%29%3B%0A%20%20try%20%7B%0A%20%20sheet.insertRule%28rule%2C%20index%29%3B%0A%20%20%7D%20catch%20%28error%29%20%7B%0A%20%20if%20%28%21isProd%29%20%7B%0A%20%20console.warn%28%22StyleSheet%3A%20illegal%20rule%3A%20%5Cn%5Cn%22%20%2B%20rule%20%2B%20%22%5Cn%5CnSee%20https%3A%2F%2Fstackoverflow.com%2Fq%2F20007992%20for%20more%20info%22%29%3B%0A%20%20%7D%0A%20%20%2F%2F%20In%20order%20to%20preserve%20the%20indices%20we%20insert%20a%20deleteRulePlaceholder%0A%20%20sheet.insertRule%28this._deletedRulePlaceholder%2C%20index%29%3B%0A%20%20%7D%0A%20%20%7D%20else%20%2F%2FTURBOPACK%20unreachable%0A%20%20%7B%0A%20%20var%20tag%3B%0A%20%20%7D%0A%20%20return%20index%3B%0A%20%20%7D%3B%0A%20%20_proto.deleteRule%20%3D%20function%20deleteRule%28index%29%20%7B%0A%20%20if%20%28%22TURBOPACK%20compile-time%20truthy%22%2C%201%29%20%7B%0A%20%20this._serverSheet.deleteRule%28index%29%3B%0A%20%20return%3B%0A%20%20%7D%0A%20%20%2F%2FTURBOPACK%20unreachable%0A%20%20%3B%0A%20%20var%20tag%3B%0A%20%20%7D%3B%0A%20%20_proto.flush%20%3D%20function%20flush%28%29%20%7B%0A%20%20this._injected%20%3D%20false%3B%0A%20%20this._rulesCount%20%3D%200%3B%0A%20%20if%20%28%22TURBOPACK%20compile-time%20falsy%22%2C%200%29%20%2F%2FTURBOPACK%20unreachable%0A%20%20%3B%0A%20%20else%20%7B%0A%20%20%2F%2F%20simpler%20on%20server%0A%20%20this._serverSheet.cssRules%20%3D%20%5B%5D%3B%0A%20%20%7D%0A%20%20%7D%3B%0A%20%20_proto.cssRules%20%3D%20function%20cssRules%28%29%20%7B%0A%20%20var%20_this%20%3D%20this%3B%0A%20%20if%20%28%22TURBOPACK%20compile-time%20truthy%22%2C%201%29%20%7B%0A%20%20return%20this._serverSheet.cssRules%3B%0A%20%20%7D%0A%20%20%2F%2FTURBOPACK%20unreachable%0A%20%20%3B%0A%20%20%7D%3B%0A%20%20_proto.makeStyleTag%20%3D%20function%20makeStyleTag%28name%2C%20cssString%2C%20relativeToTag%29%20%7B%0A%20%20if%20%28cssString%29%20%7B%0A%20%20invariant%241%28isString%28cssString%29%2C%20%22makeStyleTag%20accepts%20only%20strings%20as%20second%20parameter%22%29%3B%0A%20%20%7D%0A%20%20var%20tag%20%3D%20document.createElement%28%22style%22%29%3B%0A%20%20if%20%28this._nonce%29%20tag.setAttribute%28%22nonce%22%2C%20this._nonce%29%3B%0A%20%20tag.type%20%3D%20%22text%2Fcss%22%3B%0A%20%20tag.setAttribute%28%22data-%22%20%2B%20name%2C%20%22%22%29%3B%0A%20%20if%20%28cssString%29%20%7B%0A%20%20tag.appendChild%28document.createTextNode%28cssString%29%29%3B%0A%20%20%7D%0A%20%20var%20head%20%3D%20document.head%20%7C%7C%20document.getElementsByTagName%28%22head%22%29%5B0%5D%3B%0A%20%20if%20%28relativeToTag%29%20%7B%0A%20%20head.insertBefore%28tag%2C%20relativeToTag%29%3B%0A%20%20%7D%20else%20%7B%0A%20%20head.appendChild%28tag%29%3B%0A%20%20%7D%0A%20%20return%20tag%3B%0A%20%20%7D%3B%0A%20%20_createClass%28StyleSheet%2C%20%5B%0A%20%20%7B%0A%20%20key%3A%20%22length%22%2C%0A%20%20get%3A%20function%20get%28%29%20%7B%0A%20%20return%20this._rulesCount%3B%0A%20%20%7D%0A%20%20%7D%0A%20%20%5D%29%3B%0A%20%20return%20StyleSheet%3B%0A%20%20%7D%28%29%3B%0A%20%20function%20invariant%241%28condition%2C%20message%29%20%7B%0A%20%20if%20%28%21condition%29%20%7B%0A%20%20throw%20new%20Error%28%22StyleSheet%3A%20%22%20%2B%20message%20%2B%20%22.%22%29%3B%0A%20%20%7D%0A%20%20%7D%0A%20%20function%20hash%28str%29%20%7B%0A%20%20var%20_%24hash%20%3D%205381%2C%20i%20%3D%20str.length%3B%0A%20%20while%28i%29%7B%0A%20%20_%24hash%20%3D%20_%24hash%20%2A%2033%20%5E%20str.charCodeAt%28--i%29%3B%0A%20%20%7D%0A%20%20%2F%2A%20JavaScript%20does%20bitwise%20operations%20%28like%20XOR%2C%20above%29%20on%2032-bit%20signed%0A%20%20%20%20%20%2A%20integers.%20Since%20we%20want%20the%20results%20to%20be%20always%20positive%2C%20convert%20the%0A%20%20%20%20%20%2A%20signed%20int%20to%20an%20unsigned%20by%20doing%20an%20unsigned%20bitshift.%20%2A%2F%20return%20_%24hash%20%3E%3E%3E%200%3B%0A%20%20%7D%0A%20%20var%20stringHash%20%3D%20hash%3B%0A%20%20var%20sanitize%20%3D%20function%28rule%29%20%7B%0A%20%20return%20rule.replace%28%2F%5C%2Fstyle%2Fgi%2C%20%22%5C%5C%2Fstyle%22%29%3B%0A%20%20%7D%3B%0A%20%20var%20cache%20%3D%20%7B%7D%3B%0A%20%20%2F%2A%2A%0A%20%20%20%2A%20computeId%0A%20%20%20%2A%0A%20%20%20%2A%20Compute%20and%20memoize%20a%20jsx%20id%20from%20a%20basedId%20and%20optionally%20props.%0A%20%20%20%2A%2F%20function%20computeId%28baseId%2C%20props%29%20%7B%0A%20%20if%20%28%21props%29%20%7B%0A%20%20return%20%22jsx-%22%20%2B%20baseId%3B%0A%20%20%7D%0A%20%20var%20propsToString%20%3D%20String%28props%29%3B%0A%20%20var%20key%20%3D%20baseId%20%2B%20propsToString%3B%0A%20%20if%20%28%21cache%5Bkey%5D%29%20%7B%0A%20%20cache%5Bkey%5D%20%3D%20%22jsx-%22%20%2B%20stringHash%28baseId%20%2B%20%22-%22%20%2B%20propsToString%29%3B%0A%20%20%7D%0A%20%20return%20cache%5Bkey%5D%3B%0A%20%20%7D%0A%20%20%2F%2A%2A%0A%20%20%20%2A%20computeSelector%0A%20%20%20%2A%0A%20%20%20%2A%20Compute%20and%20memoize%20dynamic%20selectors.%0A%20%20%20%2A%2F%20function%20computeSelector%28id%2C%20css%29%20%7B%0A%20%20var%20selectoPlaceholderRegexp%20%3D%20%2F__jsx-style-dynamic-selector%2Fg%3B%0A%20%20%2F%2F%20Sanitize%20SSR-ed%20CSS.%0A%20%20%2F%2F%20Client%20side%20code%20doesn%27t%20need%20to%20be%20sanitized%20since%20we%20use%0A%20%20%2F%2F%20document.createTextNode%20%28dev%29%20and%20the%20CSSOM%20api%20sheet.insertRule%20%28prod%29.%0A%20%20if%20%28%22TURBOPACK%20compile-time%20truthy%22%2C%201%29%20%7B%0A%20%20css%20%3D%20sanitize%28css%29%3B%0A%20%20%7D%0A%20%20var%20idcss%20%3D%20id%20%2B%20css%3B%0A%20%20if%20%28%21cache%5Bidcss%5D%29%20%7B%0A%20%20cache%5Bidcss%5D%20%3D%20css.replace%28selectoPlaceholderRegexp%2C%20id%29%3B%0A%20%20%7D%0A%20%20return%20cache%5Bidcss%5D%3B%0A%20%20%7D%0A%20%20function%20mapRulesToStyle%28cssRules%2C%20options%29%20%7B%0A%20%20if%20%28options%20%3D%3D%3D%20void%200%29%20options%20%3D%20%7B%7D%3B%0A%20%20return%20cssRules.map%28function%28args%29%20%7B%0A%20%20var%20id%20%3D%20args%5B0%5D%3B%0A%20%20var%20css%20%3D%20args%5B1%5D%3B%0A%20%20return%20%2F%2A%23__PURE__%2A%2F%20React__default%5B%22default%22%5D.createElement%28%22style%22%2C%20%7B%0A%20%20id%3A%20%22__%22%20%2B%20id%2C%0A%20%20%2F%2F%20Avoid%20warnings%20upon%20render%20with%20a%20key%0A%20%20key%3A%20%22__%22%20%2B%20id%2C%0A%20%20nonce%3A%20options.nonce%20%3F%20options.nonce%20%3A%20undefined%2C%0A%20%20dangerouslySetInnerHTML%3A%20%7B%0A%20%20__html%3A%20css%0A%20%20%7D%0A%20%20%7D%29%3B%0A%20%20%7D%29%3B%0A%20%20%7D%0A%20%20var%20StyleSheetRegistry%20%3D%20%2F%2A%23__PURE__%2A%2F%20function%28%29%20%7B%0A%20%20function%20StyleSheetRegistry%28param%29%20%7B%0A%20%20var%20ref%20%3D%20param%20%3D%3D%3D%20void%200%20%3F%20%7B%7D%20%3A%20param%2C%20_styleSheet%20%3D%20ref.styleSheet%2C%20styleSheet%20%3D%20_styleSheet%20%3D%3D%3D%20void%200%20%3F%20null%20%3A%20_styleSheet%2C%20_optimizeForSpeed%20%3D%20ref.optimizeForSpeed%2C%20optimizeForSpeed%20%3D%20_optimizeForSpeed%20%3D%3D%3D%20void%200%20%3F%20false%20%3A%20_optimizeForSpeed%3B%0A%20%20this._sheet%20%3D%20styleSheet%20%7C%7C%20new%20StyleSheet%28%7B%0A%20%20name%3A%20%22styled-jsx%22%2C%0A%20%20optimizeForSpeed%3A%20optimizeForSpeed%0A%20%20%7D%29%3B%0A%20%20this._sheet.inject%28%29%3B%0A%20%20if%20%28styleSheet%20%26%26%20typeof%20optimizeForSpeed%20%3D%3D%3D%20%22boolean%22%29%20%7B%0A%20%20this._sheet.setOptimizeForSpeed%28optimizeForSpeed%29%3B%0A%20%20this._optimizeForSpeed%20%3D%20this._sheet.isOptimizeForSpeed%28%29%3B%0A%20%20%7D%0A%20%20this._fromServer%20%3D%20undefined%3B%0A%20%20this._indices%20%3D%20%7B%7D%3B%0A%20%20this._instancesCounts%20%3D%20%7B%7D%3B%0A%20%20%7D%0A%20%20var%20_proto%20%3D%20StyleSheetRegistry.prototype%3B%0A%20%20_proto.add%20%3D%20function%20add%28props%29%20%7B%0A%20%20var%20_this%20%3D%20this%3B%0A%20%20if%20%28undefined%20%3D%3D%3D%20this._optimizeForSpeed%29%20%7B%0A%20%20this._optimizeForSpeed%20%3D%20Array.isArray%28props.children%29%3B%0A%20%20this._sheet.setOptimizeForSpeed%28this._optimizeForSpeed%29%3B%0A%20%20this._optimizeForSpeed%20%3D%20this._sheet.isOptimizeForSpeed%28%29%3B%0A%20%20%7D%0A%20%20if%20%28%28%22TURBOPACK%20compile-time%20value%22%2C%20%22undefined%22%29%20%21%3D%3D%20%22undefined%22%20%26%26%20%21this._fromServer%29%20%2F%2FTURBOPACK%20unreachable%0A%20%20%3B%0A%20%20var%20ref%20%3D%20this.getIdAndRules%28props%29%2C%20styleId%20%3D%20ref.styleId%2C%20rules%20%3D%20ref.rules%3B%0A%20%20%2F%2F%20Deduping%3A%20just%20increase%20the%20instances%20count.%0A%20%20if%20%28styleId%20in%20this._instancesCounts%29%20%7B%0A%20%20this._instancesCounts%5BstyleId%5D%20%2B%3D%201%3B%0A%20%20return%3B%0A%20%20%7D%0A%20%20var%20indices%20%3D%20rules.map%28function%28rule%29%20%7B%0A%20%20return%20_this._sheet.insertRule%28rule%29%3B%0A%20%20%7D%29%20%2F%2F%20Filter%20out%20invalid%20rules%0A%20%20.filter%28function%28index%29%20%7B%0A%20%20return%20index%20%21%3D%3D%20-1%3B%0A%20%20%7D%29%3B%0A%20%20this._indices%5BstyleId%5D%20%3D%20indices%3B%0A%20%20this._instancesCounts%5BstyleId%5D%20%3D%201%3B%0A%20%20%7D%3B%0A%20%20_proto.remove%20%3D%20function%20remove%28props%29%20%7B%0A%20%20var%20_this%20%3D%20this%3B%0A%20%20var%20styleId%20%3D%20this.getIdAndRules%28props%29.styleId%3B%0A%20%20invariant%28styleId%20in%20this._instancesCounts%2C%20%22styleId%3A%20%60%22%20%2B%20styleId%20%2B%20%22%60%20not%20found%22%29%3B%0A%20%20this._instancesCounts%5BstyleId%5D%20-%3D%201%3B%0A%20%20if%20%28this._instancesCounts%5BstyleId%5D%20%3C%201%29%20%7B%0A%20%20var%20tagFromServer%20%3D%20this._fromServer%20%26%26%20this._fromServer%5BstyleId%5D%3B%0A%20%20if%20%28tagFromServer%29%20%7B%0A%20%20tagFromServer.parentNode.removeChild%28tagFromServer%29%3B%0A%20%20delete%20this._fromServer%5BstyleId%5D%3B%0A%20%20%7D%20else%20%7B%0A%20%20this._indices%5BstyleId%5D.forEach%28function%28index%29%20%7B%0A%20%20return%20_this._sheet.deleteRule%28index%29%3B%0A%20%20%7D%29%3B%0A%20%20delete%20this._indices%5BstyleId%5D%3B%0A%20%20%7D%0A%20%20delete%20this._instancesCounts%5BstyleId%5D%3B%0A%20%20%7D%0A%20%20%7D%3B%0A%20%20_proto.update%20%3D%20function%20update%28props%2C%20nextProps%29%20%7B%0A%20%20this.add%28nextProps%29%3B%0A%20%20this.remove%28props%29%3B%0A%20%20%7D%3B%0A%20%20_proto.flush%20%3D%20function%20flush%28%29%20%7B%0A%20%20this._sheet.flush%28%29%3B%0A%20%20this._sheet.inject%28%29%3B%0A%20%20this._fromServer%20%3D%20undefined%3B%0A%20%20this._indices%20%3D%20%7B%7D%3B%0A%20%20this._instancesCounts%20%3D%20%7B%7D%3B%0A%20%20%7D%3B%0A%20%20_proto.cssRules%20%3D%20function%20cssRules%28%29%20%7B%0A%20%20var%20_this%20%3D%20this%3B%0A%20%20var%20fromServer%20%3D%20this._fromServer%20%3F%20Object.keys%28this._fromServer%29.map%28function%28styleId%29%20%7B%0A%20%20return%20%5B%0A%20%20styleId%2C%0A%20%20_this._fromServer%5BstyleId%5D%0A%20%20%5D%3B%0A%20%20%7D%29%20%3A%20%5B%5D%3B%0A%20%20var%20cssRules%20%3D%20this._sheet.cssRules%28%29%3B%0A%20%20return%20fromServer.concat%28Object.keys%28this._indices%29.map%28function%28styleId%29%20%7B%0A%20%20return%20%5B%0A%20%20styleId%2C%0A%20%20_this._indices%5BstyleId%5D.map%28function%28index%29%20%7B%0A%20%20return%20cssRules%5Bindex%5D.cssText%3B%0A%20%20%7D%29.join%28_this._optimizeForSpeed%20%3F%20%22%22%20%3A%20%22%5Cn%22%29%0A%20%20%5D%3B%0A%20%20%7D%29%20%2F%2F%20filter%20out%20empty%20rules%0A%20%20.filter%28function%28rule%29%20%7B%0A%20%20return%20Boolean%28rule%5B1%5D%29%3B%0A%20%20%7D%29%29%3B%0A%20%20%7D%3B%0A%20%20_proto.styles%20%3D%20function%20styles%28options%29%20%7B%0A%20%20return%20mapRulesToStyle%28this.cssRules%28%29%2C%20options%29%3B%0A%20%20%7D%3B%0A%20%20_proto.getIdAndRules%20%3D%20function%20getIdAndRules%28props%29%20%7B%0A%20%20var%20css%20%3D%20props.children%2C%20dynamic%20%3D%20props.dynamic%2C%20id%20%3D%20props.id%3B%0A%20%20if%20%28dynamic%29%20%7B%0A%20%20var%20styleId%20%3D%20computeId%28id%2C%20dynamic%29%3B%0A%20%20return%20%7B%0A%20%20styleId%3A%20styleId%2C%0A%20%20rules%3A%20Array.isArray%28css%29%20%3F%20css.map%28function%28rule%29%20%7B%0A%20%20return%20computeSelector%28styleId%2C%20rule%29%3B%0A%20%20%7D%29%20%3A%20%5B%0A%20%20computeSelector%28styleId%2C%20css%29%0A%20%20%5D%0A%20%20%7D%3B%0A%20%20%7D%0A%20%20return%20%7B%0A%20%20styleId%3A%20computeId%28id%29%2C%0A%20%20rules%3A%20Array.isArray%28css%29%20%3F%20css%20%3A%20%5B%0A%20%20css%0A%20%20%5D%0A%20%20%7D%3B%0A%20%20%7D%3B%0A%20%20%2F%2A%2A%0A%20%20%20%20%20%2A%20selectFromServer%0A%20%20%20%20%20%2A%0A%20%20%20%20%20%2A%20Collects%20style%20tags%20from%20the%20document%20with%20id%20__jsx-XXX%0A%20%20%20%20%20%2A%2F%20_proto.selectFromServer%20%3D%20function%20selectFromServer%28%29%20%7B%0A%20%20var%20elements%20%3D%20Array.prototype.slice.call%28document.querySelectorAll%28%27%5Bid%5E%3D%22__jsx-%22%5D%27%29%29%3B%0A%20%20return%20elements.reduce%28function%28acc%2C%20element%29%20%7B%0A%20%20var%20id%20%3D%20element.id.slice%282%29%3B%0A%20%20acc%5Bid%5D%20%3D%20element%3B%0A%20%20return%20acc%3B%0A%20%20%7D%2C%20%7B%7D%29%3B%0A%20%20%7D%3B%0A%20%20return%20StyleSheetRegistry%3B%0A%20%20%7D%28%29%3B%0A%20%20function%20invariant%28condition%2C%20message%29%20%7B%0A%20%20if%20%28%21condition%29%20%7B%0A%20%20throw%20new%20Error%28%22StyleSheetRegistry%3A%20%22%20%2B%20message%20%2B%20%22.%22%29%3B%0A%20%20%7D%0A%20%20%7D%0A%20%20var%20StyleSheetContext%20%3D%20%2F%2A%23__PURE__%2A%2F%20React.createContext%28null%29%3B%0A%20%20StyleSheetContext.displayName%20%3D%20%22StyleSheetContext%22%3B%0A%20%20function%20createStyleRegistry%28%29%20%7B%0A%20%20return%20new%20StyleSheetRegistry%28%29%3B%0A%20%20%7D%0A%20%20function%20StyleRegistry%28param%29%20%7B%0A%20%20var%20configuredRegistry%20%3D%20param.registry%2C%20children%20%3D%20param.children%3B%0A%20%20var%20rootRegistry%20%3D%20React.useContext%28StyleSheetContext%29%3B%0A%20%20var%20ref%20%3D%20React.useState%28function%28%29%20%7B%0A%20%20return%20rootRegistry%20%7C%7C%20configuredRegistry%20%7C%7C%20createStyleRegistry%28%29%3B%0A%20%20%7D%29%2C%20registry%20%3D%20ref%5B0%5D%3B%0A%20%20return%20%2F%2A%23__PURE__%2A%2F%20React__default%5B%22default%22%5D.createElement%28StyleSheetContext.Provider%2C%20%7B%0A%20%20value%3A%20registry%0A%20%20%7D%2C%20children%29%3B%0A%20%20%7D%0A%20%20function%20useStyleRegistry%28%29%20%7B%0A%20%20return%20React.useContext%28StyleSheetContext%29%3B%0A%20%20%7D%0A%20%20%2F%2F%20Opt-into%20the%20new%20%60useInsertionEffect%60%20API%20in%20React%2018%2C%20fallback%20to%20%60useLayoutEffect%60.%0A%20%20%2F%2F%20https%3A%2F%2Fgithub.com%2Freactwg%2Freact-18%2Fdiscussions%2F110%0A%20%20var%20useInsertionEffect%20%3D%20React__default%5B%22default%22%5D.useInsertionEffect%20%7C%7C%20React__default%5B%22default%22%5D.useLayoutEffect%3B%0A%20%20var%20defaultRegistry%20%3D%20%28%22TURBOPACK%20compile-time%20falsy%22%2C%200%29%20%3F%20%22TURBOPACK%20unreachable%22%20%3A%20undefined%3B%0A%20%20function%20JSXStyle%28props%29%20%7B%0A%20%20var%20registry%20%3D%20%28%22TURBOPACK%20compile-time%20falsy%22%2C%200%29%20%3F%20%22TURBOPACK%20unreachable%22%20%3A%20useStyleRegistry%28%29%3B%0A%20%20%2F%2F%20If%20%60registry%60%20does%20not%20exist%2C%20we%20do%20nothing%20here.%0A%20%20if%20%28%21registry%29%20%7B%0A%20%20return%20null%3B%0A%20%20%7D%0A%20%20if%20%28%22TURBOPACK%20compile-time%20truthy%22%2C%201%29%20%7B%0A%20%20registry.add%28props%29%3B%0A%20%20return%20null%3B%0A%20%20%7D%0A%20%20%2F%2FTURBOPACK%20unreachable%0A%20%20%3B%0A%20%20%7D%0A%20%20JSXStyle.dynamic%20%3D%20function%28info%29%20%7B%0A%20%20return%20info.map%28function%28tagInfo%29%20%7B%0A%20%20var%20baseId%20%3D%20tagInfo%5B0%5D%3B%0A%20%20var%20props%20%3D%20tagInfo%5B1%5D%3B%0A%20%20return%20computeId%28baseId%2C%20props%29%3B%0A%20%20%7D%29.join%28%22%20%22%29%3B%0A%20%20%7D%3B%0A%20%20exports.StyleRegistry%20%3D%20StyleRegistry%3B%0A%20%20exports.createStyleRegistry%20%3D%20createStyleRegistry%3B%0A%20%20exports.style%20%3D%20JSXStyle%3B%0A%20%20exports.useStyleRegistry%20%3D%20useStyleRegistry%3B%0A%20%20%7D%29%2C%0A%20%2031626%2C%20%28%28__turbopack_context__%2C%20module%2C%20exports%29%20%3D%3E%20%7B%0A%20%20%0A%20%20module.exports%20%3D%20__turbopack_context__.r%2815299%29.style%3B%0A%20%20%7D%29%2C%0A%20%2040777%2C%20%28%28__turbopack_context__%29%20%3D%3E%20%7B%0A%20%20%22use%20strict%22%3B%0A%20%20%0A%20%20var%20__TURBOPACK__imported__module__87924__%20%3D%20__turbopack_context__.i%2887924%29%3B%0A%20%20var%20__TURBOPACK__imported__module__87924__1%20%3D%20__TURBOPACK__imported__module__87924__%3B%0A%20%20var%20__TURBOPACK__imported__module__72131__%20%3D%20__turbopack_context__.i%2872131%29%3B%0A%20%20var%20__TURBOPACK__imported__module__71987__%20%3D%20__turbopack_context__.i%2871987%29%3B%0A%20%20var%20__TURBOPACK__imported__module__71476__%20%3D%20__turbopack_context__.i%2871476%29%3B%0A%20%20var%20__TURBOPACK__imported__module__46156__%20%3D%20__turbopack_context__.i%2846156%29%3B%0A%20%20%3B%0A%20%20const%20__TURBOPACK__default__export__%20%3D%20%7B%0A%20%20src%3A%20__TURBOPACK__imported__module__46156__%5B%22default%22%5D%2C%0A%20%20width%3A%20888%2C%0A%20%20height%3A%20674%2C%0A%20%20blurWidth%3A%208%2C%0A%20%20blurHeight%3A%206%2C%0A%20%20blurDataURL%3A%20%22data%3Aimage%2Fpng%3Bbase64%2CiVBORw0KGgoAAAANSUhEUgAAAAgAAAAGCAYAAAD%2BBd%2F7AAAAtklEQVR42l2MPQ%2FBUBiFr%2Fe%2B9163Qn009VFNh%2FpYKogYVSIxd7UZRNfG3zH7JZZudovRYDGUiIG6g4UneZZzTg4hX3KCh%2FNB92gZpRH5h1EQfsfarqe9p%2BfUlz9lhhBqG4VFMGzFE7d6a5T1DQBUKAAiACeUwkzLZk9SiDvn%2FK0X9ETP53eebQZ%2BuxkRRNwjsoQx%2FmJcpFJqqSblte%2FUDq5ZXBF1FylDSvGihqnyAUBjhuys8vEH6SofJ%2B0%2FLzgAAAAASUVORK5CYII%3D%22%0A%20%20%7D%3B%0A%20%20var%20__TURBOPACK__imported__module__38723__%20%3D%20__turbopack_context__.i%2838723%29%3B%0A%20%20%3B%0A%20%20const%20__TURBOPACK__default__export__1%20%3D%20%7B%0A%20%20src%3A%20__TURBOPACK__imported__module__38723__%5B%22default%22%5D%2C%0A%20%20width%3A%20230%2C%0A%20%20height%3A%20276%2C%0A%20%20blurWidth%3A%207%2C%0A%20%20blurHeight%3A%208%2C%0A%20%20blurDataURL%3A%20%22data%3Aimage%2Fpng%3Bbase64%2CiVBORw0KGgoAAAANSUhEUgAAAAcAAAAICAYAAAA1BOUGAAAA80lEQVR42gHoABf%2FAAgICAMhIiIOLy4uFiUjIxWum5lvPTw8IAAAAAAAbXFwQrG0tHaonp1mRUREKIN1dFkWFRULAQEBAABLTk4xkpiXeZOSkl0XFxcKIyMjEl5eXjg7OzseAAwNDQQbHBwODg4OBhcXFwt7gH9fqqytk42OjlMAc21sQFtdXDUICAgDMzY2H6KpqX%2BKj45xISEhEQCLiIdR0be1hjU1NBsDAwMBJigoGSQmJhgCAgIAAFNUUyzn2tiOpqCfXxEREAcBAQEAAgICAAAAAAAAFhYWCaOlpVhlZWU1CQgIAwICAgACAgIAAQEBADgYODoS0G5VAAAAAElFTkSuQmCC%22%0A%20%20%7D%3B%0A%20%20var%20__TURBOPACK__imported__module__87924__2%20%3D%20__TURBOPACK__imported__module__87924__%3B%0A%20%20var%20__TURBOPACK__imported__module__72131__1%20%3D%20__TURBOPACK__imported__module__72131__%3B%0A%20%20var%20__TURBOPACK__imported__module__71987__1%20%3D%20__TURBOPACK__imported__module__71987__%3B%0A%20%20var%20__TURBOPACK__imported__module__72131__2%20%3D%20__TURBOPACK__imported__module__72131__%3B%0A%20%20%2F%2A%2A%0A%20%20%20%2A%20%40license%20lucide-react%20v1.6.0%20-%20ISC%0A%20%20%20%2A%0A%20%20%20%2A%20This%20source%20code%20is%20licensed%20under%20the%20ISC%20license.%0A%20%20%20%2A%20See%20the%20LICENSE%20file%20in%20the%20root%20directory%20of%20this%20source%20tree.%0A%20%20%20%2A%2F%20const%20mergeClasses%20%3D%20%28...classes%29%3D%3Eclasses.filter%28%28className%2C%20index%2C%20array%29%3D%3E%7B%0A%20%20return%20Boolean%28className%29%20%26%26%20className.trim%28%29%20%21%3D%3D%20%22%22%20%26%26%20array.indexOf%28className%29%20%3D%3D%3D%20index%3B%0A%20%20%7D%29.join%28%22%20%22%29.trim%28%29%3B%0A%20%20%3B%0A%20%20%2F%2A%2A%0A%20%20%20%2A%20%40license%20lucide-react%20v1.6.0%20-%20ISC%0A%20%20%20%2A%0A%20%20%20%2A%20This%20source%20code%20is%20licensed%20under%20the%20ISC%20license.%0A%20%20%20%2A%20See%20the%20LICENSE%20file%20in%20the%20root%20directory%20of%20this%20source%20tree.%0A%20%20%20%2A%2F%20const%20toKebabCase%20%3D%20%28string%29%3D%3Estring.replace%28%2F%28%5Ba-z0-9%5D%29%28%5BA-Z%5D%29%2Fg%2C%20%22%241-%242%22%29.toLowerCase%28%29%3B%0A%20%20%3B%0A%20%20%2F%2A%2A%0A%20%20%20%2A%20%40license%20lucide-react%20v1.6.0%20-%20ISC%0A%20%20%20%2A%0A%20%20%20%2A%20This%20source%20code%20is%20licensed%20under%20the%20ISC%20license.%0A%20%20%20%2A%20See%20the%20LICENSE%20file%20in%20the%20root%20directory%20of%20this%20source%20tree.%0A%20%20%20%2A%2F%20const%20toCamelCase%20%3D%20%28string%29%3D%3Estring.replace%28%2F%5E%28%5BA-Z%5D%29%7C%5B%5Cs-_%5D%2B%28%5Cw%29%2Fg%2C%20%28match%2C%20p1%2C%20p2%29%3D%3Ep2%20%3F%20p2.toUpperCase%28%29%20%3A%20p1.toLowerCase%28%29%29%3B%0A%20%20%3B%0A%20%20%3B%0A%20%20const%20toPascalCase%20%3D%20%28string%29%3D%3E%7B%0A%20%20const%20camelCase%20%3D%20toCamelCase%28string%29%3B%0A%20%20return%20camelCase.charAt%280%29.toUpperCase%28%29%20%2B%20camelCase.slice%281%29%3B%0A%20%20%7D%3B%0A%20%20%3B%0A%20%20var%20__TURBOPACK__imported__module__72131__3%20%3D%20__TURBOPACK__imported__module__72131__%3B%0A%20%20%2F%2A%2A%0A%20%20%20%2A%20%40license%20lucide-react%20v1.6.0%20-%20ISC%0A%20%20%20%2A%0A%20%20%20%2A%20This%20source%20code%20is%20licensed%20under%20the%20ISC%20license.%0A%20%20%20%2A%20See%20the%20LICENSE%20file%20in%20the%20root%20directory%20of%20this%20source%20tree.%0A%20%20%20%2A%2F%20var%20defaultAttributes%20%3D%20%7B%0A%20%20xmlns%3A%20%22http%3A%2F%2Fwww.w3.org%2F2000%2Fsvg%22%2C%0A%20%20width%3A%2024%2C%0A%20%20height%3A%2024%2C%0A%20%20viewBox%3A%20%220%200%2024%2024%22%2C%0A%20%20fill%3A%20%22none%22%2C%0A%20%20stroke%3A%20%22currentColor%22%2C%0A%20%20strokeWidth%3A%202%2C%0A%20%20strokeLinecap%3A%20%22round%22%2C%0A%20%20strokeLinejoin%3A%20%22round%22%0A%20%20%7D%3B%0A%20%20%3B%0A%20%20%2F%2A%2A%0A%20%20%20%2A%20%40license%20lucide-react%20v1.6.0%20-%20ISC%0A%20%20%20%2A%0A%20%20%20%2A%20This%20source%20code%20is%20licensed%20under%20the%20ISC%20license.%0A%20%20%20%2A%20See%20the%20LICENSE%20file%20in%20the%20root%20directory%20of%20this%20source%20tree.%0A%20%20%20%2A%2F%20const%20hasA11yProp%20%3D%20%28props%29%3D%3E%7B%0A%20%20for%28const%20prop%20in%20props%29%7B%0A%20%20if%20%28prop.startsWith%28%22aria-%22%29%20%7C%7C%20prop%20%3D%3D%3D%20%22role%22%20%7C%7C%20prop%20%3D%3D%3D%20%22title%22%29%20%7B%0A%20%20return%20true%3B%0A%20%20%7D%0A%20%20%7D%0A%20%20return%20false%3B%0A%20%20%7D%3B%0A%20%20%3B%0A%20%20var%20__TURBOPACK__imported__module__72131__4%20%3D%20__TURBOPACK__imported__module__72131__%3B%0A%20%20%22use%20strict%22%3B%0A%20%20%22use%20client%22%3B%0A%20%20%3B%0A%20%20const%20LucideContext%20%3D%20%280%2C%20__TURBOPACK__imported__module__72131__4%5B%22createContext%22%5D%29%28%7B%7D%29%3B%0A%20%20function%20LucideProvider%28%7B%20children%2C%20size%2C%20color%2C%20strokeWidth%2C%20absoluteStrokeWidth%2C%20className%20%7D%29%20%7B%0A%20%20const%20value%20%3D%20%280%2C%20__TURBOPACK__imported__module__72131__4%5B%22useMemo%22%5D%29%28%28%29%3D%3E%28%7B%0A%20%20size%2C%0A%20%20color%2C%0A%20%20strokeWidth%2C%0A%20%20absoluteStrokeWidth%2C%0A%20%20className%0A%20%20%7D%29%2C%20%5B%0A%20%20size%2C%0A%20%20color%2C%0A%20%20strokeWidth%2C%0A%20%20absoluteStrokeWidth%2C%0A%20%20className%0A%20%20%5D%29%3B%0A%20%20return%20%280%2C%20__TURBOPACK__imported__module__72131__4%5B%22createElement%22%5D%29%28LucideContext.Provider%2C%20%7B%0A%20%20value%0A%20%20%7D%2C%20children%29%3B%0A%20%20%7D%0A%20%20const%20useLucideContext%20%3D%20%28%29%3D%3E%280%2C%20__TURBOPACK__imported__module__72131__4%5B%22useContext%22%5D%29%28LucideContext%29%3B%0A%20%20%3B%0A%20%20%22use%20strict%22%3B%0A%20%20%22use%20client%22%3B%0A%20%20%3B%0A%20%20%3B%0A%20%20%3B%0A%20%20%3B%0A%20%20%3B%0A%20%20const%20Icon%20%3D%20%280%2C%20__TURBOPACK__imported__module__72131__3%5B%22forwardRef%22%5D%29%28%28%7B%20color%2C%20size%2C%20strokeWidth%2C%20absoluteStrokeWidth%2C%20className%20%3D%20%22%22%2C%20children%2C%20iconNode%2C%20...rest%20%7D%2C%20ref%29%3D%3E%7B%0A%20%20const%20%7B%20size%3A%20contextSize%20%3D%2024%2C%20strokeWidth%3A%20contextStrokeWidth%20%3D%202%2C%20absoluteStrokeWidth%3A%20contextAbsoluteStrokeWidth%20%3D%20false%2C%20color%3A%20contextColor%20%3D%20%22currentColor%22%2C%20className%3A%20contextClass%20%3D%20%22%22%20%7D%20%3D%20useLucideContext%28%29%20%3F%3F%20%7B%7D%3B%0A%20%20const%20calculatedStrokeWidth%20%3D%20absoluteStrokeWidth%20%3F%3F%20contextAbsoluteStrokeWidth%20%3F%20Number%28strokeWidth%20%3F%3F%20contextStrokeWidth%29%20%2A%2024%20%2F%20Number%28size%20%3F%3F%20contextSize%29%20%3A%20strokeWidth%20%3F%3F%20contextStrokeWidth%3B%0A%20%20return%20%280%2C%20__TURBOPACK__imported__module__72131__3%5B%22createElement%22%5D%29%28%22svg%22%2C%20%7B%0A%20%20ref%2C%0A%20%20...defaultAttributes%2C%0A%20%20width%3A%20size%20%3F%3F%20contextSize%20%3F%3F%20defaultAttributes.width%2C%0A%20%20height%3A%20size%20%3F%3F%20contextSize%20%3F%3F%20defaultAttributes.height%2C%0A%20%20stroke%3A%20color%20%3F%3F%20contextColor%2C%0A%20%20strokeWidth%3A%20calculatedStrokeWidth%2C%0A%20%20className%3A%20mergeClasses%28%22lucide%22%2C%20contextClass%2C%20className%29%2C%0A%20%20...%21children%20%26%26%20%21hasA11yProp%28rest%29%20%26%26%20%7B%0A%20%20%22aria-hidden%22%3A%20%22true%22%0A%20%20%7D%2C%0A%20%20...rest%0A%20%20%7D%2C%20%5B%0A%20%20...iconNode.map%28%28%5Btag%2C%20attrs%5D%29%3D%3E%280%2C%20__TURBOPACK__imported__module__72131__3%5B%22createElement%22%5D%29%28tag%2C%20attrs%29%29%2C%0A%20%20...Array.isArray%28children%29%20%3F%20children%20%3A%20%5B%0A%20%20children%0A%20%20%5D%0A%20%20%5D%29%3B%0A%20%20%7D%29%3B%0A%20%20%3B%0A%20%20%3B%0A%20%20%3B%0A%20%20%3B%0A%20%20%3B%0A%20%20%3B%0A%20%20const%20createLucideIcon%20%3D%20%28iconName%2C%20iconNode%29%3D%3E%7B%0A%20%20const%20Component%20%3D%20%280%2C%20__TURBOPACK__imported__module__72131__2%5B%22forwardRef%22%5D%29%28%28%7B%20className%2C%20...props%20%7D%2C%20ref%29%3D%3E%280%2C%20__TURBOPACK__imported__module__72131__2%5B%22createElement%22%5D%29%28Icon%2C%20%7B%0A%20%20ref%2C%0A%20%20iconNode%2C%0A%20%20className%3A%20mergeClasses%28%60lucide-%24%7BtoKebabCase%28toPascalCase%28iconName%29%29%7D%60%2C%20%60lucide-%24%7BiconName%7D%60%2C%20className%29%2C%0A%20%20...props%0A%20%20%7D%29%29%3B%0A%20%20Component.displayName%20%3D%20toPascalCase%28iconName%29%3B%0A%20%20return%20Component%3B%0A%20%20%7D%3B%0A%20%20%3B%0A%20%20%3B%0A%20%20const%20__iconNode%20%3D%20%5B%0A%20%20%5B%0A%20%20%22path%22%2C%0A%20%20%7B%0A%20%20d%3A%20%22M4%205h16%22%2C%0A%20%20key%3A%20%221tepv9%22%0A%20%20%7D%0A%20%20%5D%2C%0A%20%20%5B%0A%20%20%22path%22%2C%0A%20%20%7B%0A%20%20d%3A%20%22M4%2012h16%22%2C%0A%20%20key%3A%20%221lakjw%22%0A%20%20%7D%0A%20%20%5D%2C%0A%20%20%5B%0A%20%20%22path%22%2C%0A%20%20%7B%0A%20%20d%3A%20%22M4%2019h16%22%2C%0A%20%20key%3A%20%221djgab%22%0A%20%20%7D%0A%20%20%5D%0A%20%20%5D%3B%0A%20%20const%20Menu%20%3D%20createLucideIcon%28%22menu%22%2C%20__iconNode%29%3B%0A%20%20%3B%0A%20%20%3B%0A%20%20const%20__iconNode1%20%3D%20%5B%0A%20%20%5B%0A%20%20%22path%22%2C%0A%20%20%7B%0A%20%20d%3A%20%22M18%206%206%2018%22%2C%0A%20%20key%3A%20%221bl5f8%22%0A%20%20%7D%0A%20%20%5D%2C%0A%20%20%5B%0A%20%20%22path%22%2C%0A%20%20%7B%0A%20%20d%3A%20%22m6%206%2012%2012%22%2C%0A%20%20key%3A%20%22d8bk6v%22%0A%20%20%7D%0A%20%20%5D%0A%20%20%5D%3B%0A%20%20const%20X%20%3D%20createLucideIcon%28%22x%22%2C%20__iconNode1%29%3B%0A%20%20%3B%0A%20%20var%20__TURBOPACK__imported__module__38246__%20%3D%20__turbopack_context__.i%2838246%29%3B%0A%20%20var%20__TURBOPACK__imported__module__7699__%20%3D%20__turbopack_context__.i%287699%29%3B%0A%20%20%3B%0A%20%20const%20__TURBOPACK__default__export__2%20%3D%20%7B%0A%20%20src%3A%20__TURBOPACK__imported__module__7699__%5B%22default%22%5D%2C%0A%20%20width%3A%2057%2C%0A%20%20height%3A%2063%2C%0A%20%20blurWidth%3A%207%2C%0A%20%20blurHeight%3A%208%2C%0A%20%20blurDataURL%3A%20%22data%3Aimage%2Fpng%3Bbase64%2CiVBORw0KGgoAAAANSUhEUgAAAAcAAAAICAYAAAA1BOUGAAAA20lEQVR42k2OPQuCUBiFb0P4F8rJpSIzcHB1rc1FaI5qUURwMRojEjRupUP4QaEgSk6COtUiuOmP6hoEPdv7vJzDAQDRQbAsy8RxfGMYZgr%2BoShqHATBNYqis%2Bd5J5Ikh78HCSHcy7K8CMPwKAjCwjCMA%2FIjYJqmxvP8LEkSWBSF6zjOmeO4uWVZB%2BC6LqRpmsqy7Nk0zTvP8xjdE9u2T0BRlLWmaVvf9y8ofUdAXdd3oiguAYZhXdQ%2FUFV1k6bpQ5KkFRo0aP13FEEQ%2FbquX2VZplVVvXAc77X%2BA1w3Vd%2FBBcOIAAAAAElFTkSuQmCC%22%0A%20%20%7D%3B%0A%20%20var%20__TURBOPACK__imported__module__37207__%20%3D%20__turbopack_context__.i%2837207%29%3B%0A%20%20%3B%0A%20%20const%20__TURBOPACK__default__export__3%20%3D%20%7B%0A%20%20src%3A%20__TURBOPACK__imported__module__37207__%5B%22default%22%5D%2C%0A%20%20width%3A%20387%2C%0A%20%20height%3A%20387%2C%0A%20%20blurWidth%3A%208%2C%0A%20%20blurHeight%3A%208%2C%0A%20%20blurDataURL%3A%20%22data%3Aimage%2Fpng%3Bbase64%2CiVBORw0KGgoAAAANSUhEUgAAAAgAAAAICAYAAADED76LAAAA%2BUlEQVR42g3MTUvCcADA4f89Usm2Uuds%2BULpRJSMMEeokWEWZpHLxlotK0QSYck6RHUoKKjPUJ%2F0l8fn8gjrtMPA6jG%2BsXlzz%2FjrV9HlINZxm3d%2FgnDME4bOBd79FdNei0cjS3NNxZ%2F558VHjK%2F7TAY23t0lT%2BYBH40c9bTCrdnl%2B3mK%2BBzZvA5tzvcMyqsKVkmjrMpkIjKHtSri12ni7hvUsxqVZIz1pQXyisymFkXX4gjPyFFRJdJSkFJcRg3Nk48uspOJoydiiEYxRzG1QklTeGhtM6oVKUTCZGZTcllCWN02dqfFrp7i62gLdyNFQQoQDcyRCIf4B4d5cV6wffWuAAAAAElFTkSuQmCC%22%0A%20%20%7D%3B%0A%20%20var%20__TURBOPACK__imported__module__57029__%20%3D%20__turbopack_context__.i%2857029%29%3B%0A%20%20var%20__TURBOPACK__imported__module__26304__%20%3D%20__turbopack_context__.i%2826304%29%3B%0A%20%20var%20__TURBOPACK__imported__module__81783__%20%3D%20__turbopack_context__.i%2881783%29%3B%0A%20%20%22use%20client%22%3B%0A%20%20%3B%0A%20%20%3B%0A%20%20%3B%0A%20%20%3B%0A%20%20%3B%0A%20%20%3B%0A%20%20%3B%0A%20%20%3B%0A%20%20%3B%0A%20%20%3B%0A%20%20__TURBOPACK__imported__module__26304__%5B%22default%22%5D.registerPlugin%28__TURBOPACK__imported__module__81783__%5B%22ScrollTrigger%22%5D%29%3B%0A%20%20const%20Nav%20%3D%20%28%29%3D%3E%7B%0A%20%20const%20%5BmobileOpen%2C%20setMobileOpen%5D%20%3D%20%280%2C%20__TURBOPACK__imported__module__72131__1%5B%22useState%22%5D%29%28false%29%3B%0A%20%20const%20%5BmodalOpen%2C%20setModalOpen%5D%20%3D%20%280%2C%20__TURBOPACK__imported__module__72131__1%5B%22useState%22%5D%29%28false%29%3B%0A%20%20const%20navRef%20%3D%20%280%2C%20__TURBOPACK__imported__module__72131__1%5B%22useRef%22%5D%29%28null%29%3B%0A%20%20const%20topNavRef%20%3D%20%280%2C%20__TURBOPACK__imported__module__72131__1%5B%22useRef%22%5D%29%28null%29%3B%0A%20%20const%20bottomNavRef%20%3D%20%280%2C%20__TURBOPACK__imported__module__72131__1%5B%22useRef%22%5D%29%28null%29%3B%0A%20%20%2F%2F%20SCROLL%20LOCK%20%E2%80%94%20prevents%20background%20page%20scroll%20when%20modal%20or%20mobile%20menu%20is%20open%0A%20%20%280%2C%20__TURBOPACK__imported__module__72131__1%5B%22useEffect%22%5D%29%28%28%29%3D%3E%7B%0A%20%20if%20%28modalOpen%20%7C%7C%20mobileOpen%29%20%7B%0A%20%20document.body.style.overflow%20%3D%20%22hidden%22%3B%0A%20%20%7D%20else%20%7B%0A%20%20document.body.style.overflow%20%3D%20%22%22%3B%0A%20%20%7D%0A%20%20return%20%28%29%3D%3E%7B%0A%20%20document.body.style.overflow%20%3D%20%22%22%3B%0A%20%20%7D%3B%0A%20%20%7D%2C%20%5B%0A%20%20modalOpen%2C%0A%20%20mobileOpen%0A%20%20%5D%29%3B%0A%20%20%280%2C%20__TURBOPACK__imported__module__72131__1%5B%22useEffect%22%5D%29%28%28%29%3D%3E%7B%0A%20%20const%20nav%20%3D%20navRef.current%3B%0A%20%20const%20topNav%20%3D%20topNavRef.current%3B%0A%20%20const%20bottomNav%20%3D%20bottomNavRef.current%3B%0A%20%20if%20%28%21nav%20%7C%7C%20%21topNav%20%7C%7C%20%21bottomNav%29%20return%3B%0A%20%20__TURBOPACK__imported__module__26304__%5B%22default%22%5D.set%28bottomNav%2C%20%7B%0A%20%20opacity%3A%200%2C%0A%20%20y%3A%2050%2C%0A%20%20pointerEvents%3A%20%22none%22%0A%20%20%7D%29%3B%0A%20%20__TURBOPACK__imported__module__81783__%5B%22ScrollTrigger%22%5D.create%28%7B%0A%20%20trigger%3A%20nav%2C%0A%20%20start%3A%20%22bottom%20top%22%2C%0A%20%20onEnter%3A%20%28%29%3D%3E%7B%0A%20%20__TURBOPACK__imported__module__26304__%5B%22default%22%5D.to%28topNav%2C%20%7B%0A%20%20opacity%3A%200%2C%0A%20%20y%3A%20-20%2C%0A%20%20duration%3A%200.3%2C%0A%20%20pointerEvents%3A%20%22none%22%0A%20%20%7D%29%3B%0A%20%20__TURBOPACK__imported__module__26304__%5B%22default%22%5D.to%28bottomNav%2C%20%7B%0A%20%20opacity%3A%201%2C%0A%20%20y%3A%200%2C%0A%20%20duration%3A%200.4%2C%0A%20%20pointerEvents%3A%20%22auto%22%0A%20%20%7D%29%3B%0A%20%20%7D%2C%0A%20%20onLeaveBack%3A%20%28%29%3D%3E%7B%0A%20%20__TURBOPACK__imported__module__26304__%5B%22default%22%5D.to%28topNav%2C%20%7B%0A%20%20opacity%3A%201%2C%0A%20%20y%3A%200%2C%0A%20%20duration%3A%200.3%2C%0A%20%20pointerEvents%3A%20%22auto%22%0A%20%20%7D%29%3B%0A%20%20__TURBOPACK__imported__module__26304__%5B%22default%22%5D.to%28bottomNav%2C%20%7B%0A%20%20opacity%3A%200%2C%0A%20%20y%3A%2050%2C%0A%20%20duration%3A%200.3%2C%0A%20%20pointerEvents%3A%20%22none%22%0A%20%20%7D%29%3B%0A%20%20%7D%0A%20%20%7D%29%3B%0A%20%20%7D%2C%20%5B%5D%29%3B%0A%20%20return%20%2F%2A%23__PURE__%2A%2F%20%280%2C%20__TURBOPACK__imported__module__87924__2%5B%22jsxs%22%5D%29%28%22header%22%2C%20%7B%0A%20%20className%3A%20%22w-full%22%2C%0A%20%20children%3A%20%5B%0A%20%20%2F%2A%23__PURE__%2A%2F%20%280%2C%20__TURBOPACK__imported__module__87924__2%5B%22jsxs%22%5D%29%28%22div%22%2C%20%7B%0A%20%20ref%3A%20navRef%2C%0A%20%20className%3A%20%22relative%20w-full%20max-w-%5B1440px%5D%20mx-auto%20px-%5B20px%5D%20md%3Apx-%5B80px%5D%20z-50%22%2C%0A%20%20children%3A%20%5B%0A%20%20%2F%2A%23__PURE__%2A%2F%20%280%2C%20__TURBOPACK__imported__module__87924__2%5B%22jsxs%22%5D%29%28%22div%22%2C%20%7B%0A%20%20ref%3A%20topNavRef%2C%0A%20%20className%3A%20%22flex%20justify-between%20items-center%20py-%5B10px%5D%20transition-all%20duration-300%22%2C%0A%20%20children%3A%20%5B%0A%20%20%2F%2A%23__PURE__%2A%2F%20%280%2C%20__TURBOPACK__imported__module__87924__2%5B%22jsx%22%5D%29%28%22div%22%2C%20%7B%0A%20%20children%3A%20%2F%2A%23__PURE__%2A%2F%20%280%2C%20__TURBOPACK__imported__module__87924__2%5B%22jsx%22%5D%29%28__TURBOPACK__imported__module__71987__1%5B%22default%22%5D%2C%20%7B%0A%20%20src%3A%20__TURBOPACK__default__export__2%2C%0A%20%20alt%3A%20%22Logo%22%2C%0A%20%20className%3A%20%22w-%5B57px%5D%20h-auto%22%0A%20%20%7D%29%0A%20%20%7D%29%2C%0A%20%20%2F%2A%23__PURE__%2A%2F%20%280%2C%20__TURBOPACK__imported__module__87924__2%5B%22jsxs%22%5D%29%28%22div%22%2C%20%7B%0A%20%20className%3A%20%22flex%20items-center%20gap-%5B15px%5D%22%2C%0A%20%20children%3A%20%5B%0A%20%20%2F%2A%23__PURE__%2A%2F%20%280%2C%20__TURBOPACK__imported__module__87924__2%5B%22jsxs%22%5D%29%28%22div%22%2C%20%7B%0A%20%20className%3A%20%22hidden%20md%3Aflex%20items-center%20gap-6%22%2C%0A%20%20children%3A%20%5B%0A%20%20%2F%2A%23__PURE__%2A%2F%20%280%2C%20__TURBOPACK__imported__module__87924__2%5B%22jsxs%22%5D%29%28%22span%22%2C%20%7B%0A%20%20className%3A%20%22uppercase%20text-sm%20flex%20items-center%20gap-2%22%2C%0A%20%20children%3A%20%5B%0A%20%20%22BASED%20IN%22%2C%0A%20%20%2F%2A%23__PURE__%2A%2F%20%280%2C%20__TURBOPACK__imported__module__87924__2%5B%22jsx%22%5D%29%28%22span%22%2C%20%7B%0A%20%20className%3A%20%22w-%5B120px%5D%20md%3Aw-%5B160px%5D%20overflow-hidden%22%2C%0A%20%20children%3A%20%2F%2A%23__PURE__%2A%2F%20%280%2C%20__TURBOPACK__imported__module__87924__2%5B%22jsx%22%5D%29%28__TURBOPACK__imported__module__57029__%5B%22default%22%5D%2C%20%7B%0A%20%20speed%3A%2040%2C%0A%20%20gradient%3A%20false%2C%0A%20%20pauseOnHover%3A%20true%2C%0A%20%20children%3A%20%2F%2A%23__PURE__%2A%2F%20%280%2C%20__TURBOPACK__imported__module__87924__2%5B%22jsx%22%5D%29%28%22span%22%2C%20%7B%0A%20%20className%3A%20%22text-red-600%20font-semibold%22%2C%0A%20%20children%3A%20%22KATHMANDU%20%C2%A0%20Nepal%22%0A%20%20%7D%29%0A%20%20%7D%29%0A%20%20%7D%29%0A%20%20%5D%0A%20%20%7D%29%2C%0A%20%20%2F%2A%23__PURE__%2A%2F%20%280%2C%20__TURBOPACK__imported__module__87924__2%5B%22jsxs%22%5D%29%28%22div%22%2C%20%7B%0A%20%20className%3A%20%22flex%20items-center%20gap-%5B15px%5D%22%2C%0A%20%20children%3A%20%5B%0A%20%20%2F%2A%23__PURE__%2A%2F%20%280%2C%20__TURBOPACK__imported__module__87924__2%5B%22jsx%22%5D%29%28__TURBOPACK__imported__module__38246__%5B%22default%22%5D%2C%20%7B%0A%20%20href%3A%20%22https%3A%2F%2Fweeztix.shop%2F6e4keua6%22%2C%0A%20%20className%3A%20%22px-6%20py-2%20border%20rounded-%5B27px%5D%20hover%3Aborder-%5B%23F13333%5D%20hover%3Atext-%5B%23F13333%5D%20transition-colors%20duration-300%20ease-in-out%22%2C%0A%20%20target%3A%20%22_blank%22%2C%0A%20%20children%3A%20%22BUY%20TICKETS%22%0A%20%20%7D%29%2C%0A%20%20%2F%2A%23__PURE__%2A%2F%20%280%2C%20__TURBOPACK__imported__module__87924__2%5B%22jsx%22%5D%29%28%22button%22%2C%20%7B%0A%20%20onClick%3A%20%28%29%3D%3EsetModalOpen%28true%29%2C%0A%20%20className%3A%20%22px-6%20py-2%20border%20rounded-%5B27px%5D%20cursor-pointer%20hover%3Aborder-%5B%23F13333%5D%20hover%3Atext-%5B%23F13333%5D%20transition-colors%20duration-300%20ease-in-out%22%2C%0A%20%20children%3A%20%60LET%27S%20TALK%60%0A%20%20%7D%29%0A%20%20%5D%0A%20%20%7D%29%0A%20%20%5D%0A%20%20%7D%29%2C%0A%20%20%2F%2A%23__PURE__%2A%2F%20%280%2C%20__TURBOPACK__imported__module__87924__2%5B%22jsx%22%5D%29%28%22button%22%2C%20%7B%0A%20%20onClick%3A%20%28%29%3D%3EsetMobileOpen%28true%29%2C%0A%20%20className%3A%20%22border%20p-3%20rounded-full%20cursor-pointer%20transition-transform%20duration-300%20ease-in-out%20hover%3Ascale-105%22%2C%0A%20%20children%3A%20%2F%2A%23__PURE__%2A%2F%20%280%2C%20__TURBOPACK__imported__module__87924__2%5B%22jsx%22%5D%29%28Menu%2C%20%7B%0A%20%20className%3A%20%22w-6%20h-6%22%0A%20%20%7D%29%0A%20%20%7D%29%0A%20%20%5D%0A%20%20%7D%29%0A%20%20%5D%0A%20%20%7D%29%2C%0A%20%20%2F%2A%23__PURE__%2A%2F%20%280%2C%20__TURBOPACK__imported__module__87924__2%5B%22jsxs%22%5D%29%28%22div%22%2C%20%7B%0A%20%20ref%3A%20bottomNavRef%2C%0A%20%20className%3A%20%22fixed%20bottom-6%20left-1%2F2%20-translate-x-1%2F2%20%20flex%20items-center%20justify-center%20gap-8%20%20bg-white%2F30%20backdrop-blur-md%20shadow-xl%20%20rounded-full%20px-6%20py-3%20%20z-50%20w-fit%22%2C%0A%20%20children%3A%20%5B%0A%20%20%2F%2A%23__PURE__%2A%2F%20%280%2C%20__TURBOPACK__imported__module__87924__2%5B%22jsxs%22%5D%29%28%22div%22%2C%20%7B%0A%20%20className%3A%20%22flex%20items-center%20gap-6%22%2C%0A%20%20children%3A%20%5B%0A%20%20%2F%2A%23__PURE__%2A%2F%20%280%2C%20__TURBOPACK__imported__module__87924__2%5B%22jsx%22%5D%29%28__TURBOPACK__imported__module__38246__%5B%22default%22%5D%2C%20%7B%0A%20%20href%3A%20%22%23home%22%2C%0A%20%20className%3A%20%22text-sm%22%2C%0A%20%20children%3A%20%22Home%22%0A%20%20%7D%29%2C%0A%20%20%2F%2A%23__PURE__%2A%2F%20%280%2C%20__TURBOPACK__imported__module__87924__2%5B%22jsx%22%5D%29%28__TURBOPACK__imported__module__38246__%5B%22default%22%5D%2C%20%7B%0A%20%20href%3A%20%22%23about%22%2C%0A%20%20className%3A%20%22text-sm%22%2C%0A%20%20children%3A%20%22About%22%0A%20%20%7D%29%0A%20%20%5D%0A%20%20%7D%29%2C%0A%20%20%2F%2A%23__PURE__%2A%2F%20%280%2C%20__TURBOPACK__imported__module__87924__2%5B%22jsx%22%5D%29%28%22div%22%2C%20%7B%0A%20%20className%3A%20%22flex-shrink-0%20w-%5B40px%5D%20h-%5B40px%5D%20mx-4%22%2C%0A%20%20children%3A%20%2F%2A%23__PURE__%2A%2F%20%280%2C%20__TURBOPACK__imported__module__87924__2%5B%22jsx%22%5D%29%28__TURBOPACK__imported__module__71987__1%5B%22default%22%5D%2C%20%7B%0A%20%20src%3A%20__TURBOPACK__default__export__2%2C%0A%20%20alt%3A%20%22Logo%22%2C%0A%20%20className%3A%20%22w-full%20h-full%22%0A%20%20%7D%29%0A%20%20%7D%29%2C%0A%20%20%2F%2A%23__PURE__%2A%2F%20%280%2C%20__TURBOPACK__imported__module__87924__2%5B%22jsxs%22%5D%29%28%22div%22%2C%20%7B%0A%20%20className%3A%20%22flex%20items-center%20gap-6%22%2C%0A%20%20children%3A%20%5B%0A%20%20%2F%2A%23__PURE__%2A%2F%20%280%2C%20__TURBOPACK__imported__module__87924__2%5B%22jsx%22%5D%29%28__TURBOPACK__imported__module__38246__%5B%22default%22%5D%2C%20%7B%0A%20%20href%3A%20%22%23work%22%2C%0A%20%20className%3A%20%22text-sm%22%2C%0A%20%20children%3A%20%22Work%22%0A%20%20%7D%29%2C%0A%20%20%2F%2A%23__PURE__%2A%2F%20%280%2C%20__TURBOPACK__imported__module__87924__2%5B%22jsx%22%5D%29%28%22button%22%2C%20%7B%0A%20%20onClick%3A%20%28%29%3D%3EsetModalOpen%28true%29%2C%0A%20%20className%3A%20%22text-sm%22%2C%0A%20%20children%3A%20%22Contact%22%0A%20%20%7D%29%0A%20%20%5D%0A%20%20%7D%29%0A%20%20%5D%0A%20%20%7D%29%0A%20%20%5D%0A%20%20%7D%29%2C%0A%20%20mobileOpen%20%26%26%20%2F%2A%23__PURE__%2A%2F%20%280%2C%20__TURBOPACK__imported__module__87924__2%5B%22jsxs%22%5D%29%28%22div%22%2C%20%7B%0A%20%20className%3A%20%22fixed%20inset-0%20bg-black%20text-white%20z-50%20flex%20flex-col%20justify-center%20items-center%20space-y-6%22%2C%0A%20%20children%3A%20%5B%0A%20%20%2F%2A%23__PURE__%2A%2F%20%280%2C%20__TURBOPACK__imported__module__87924__2%5B%22jsx%22%5D%29%28%22button%22%2C%20%7B%0A%20%20onClick%3A%20%28%29%3D%3EsetMobileOpen%28false%29%2C%0A%20%20className%3A%20%22absolute%20top-4%20right-5%20sm%3Aright-20%20p-3%20border%20rounded-full%22%2C%0A%20%20children%3A%20%2F%2A%23__PURE__%2A%2F%20%280%2C%20__TURBOPACK__imported__module__87924__2%5B%22jsx%22%5D%29%28X%2C%20%7B%0A%20%20className%3A%20%22w-6%20h-6%22%0A%20%20%7D%29%0A%20%20%7D%29%2C%0A%20%20%2F%2A%23__PURE__%2A%2F%20%280%2C%20__TURBOPACK__imported__module__87924__2%5B%22jsxs%22%5D%29%28%22ul%22%2C%20%7B%0A%20%20className%3A%20%22flex%20flex-col%20gap-%5B10px%5D%20items-center%22%2C%0A%20%20children%3A%20%5B%0A%20%20%2F%2A%23__PURE__%2A%2F%20%280%2C%20__TURBOPACK__imported__module__87924__2%5B%22jsx%22%5D%29%28%22li%22%2C%20%7B%0A%20%20children%3A%20%2F%2A%23__PURE__%2A%2F%20%280%2C%20__TURBOPACK__imported__module__87924__2%5B%22jsx%22%5D%29%28__TURBOPACK__imported__module__38246__%5B%22default%22%5D%2C%20%7B%0A%20%20href%3A%20%22%22%2C%0A%20%20className%3A%20%22uppercase%20text-xl%22%2C%0A%20%20children%3A%20%22Home%22%0A%20%20%7D%29%0A%20%20%7D%29%2C%0A%20%20%2F%2A%23__PURE__%2A%2F%20%280%2C%20__TURBOPACK__imported__module__87924__2%5B%22jsx%22%5D%29%28%22li%22%2C%20%7B%0A%20%20children%3A%20%2F%2A%23__PURE__%2A%2F%20%280%2C%20__TURBOPACK__imported__module__87924__2%5B%22jsx%22%5D%29%28__TURBOPACK__imported__module__38246__%5B%22default%22%5D%2C%20%7B%0A%20%20href%3A%20%22%22%2C%0A%20%20className%3A%20%22uppercase%20text-xl%22%2C%0A%20%20children%3A%20%22Services%22%0A%20%20%7D%29%0A%20%20%7D%29%2C%0A%20%20%2F%2A%23__PURE__%2A%2F%20%280%2C%20__TURBOPACK__imported__module__87924__2%5B%22jsx%22%5D%29%28%22li%22%2C%20%7B%0A%20%20children%3A%20%2F%2A%23__PURE__%2A%2F%20%280%2C%20__TURBOPACK__imported__module__87924__2%5B%22jsx%22%5D%29%28__TURBOPACK__imported__module__38246__%5B%22default%22%5D%2C%20%7B%0A%20%20href%3A%20%22%22%2C%0A%20%20className%3A%20%22uppercase%20text-xl%22%2C%0A%20%20children%3A%20%22Work%22%0A%20%20%7D%29%0A%20%20%7D%29%2C%0A%20%20%2F%2A%23__PURE__%2A%2F%20%280%2C%20__TURBOPACK__imported__module__87924__2%5B%22jsx%22%5D%29%28%22li%22%2C%20%7B%0A%20%20children%3A%20%2F%2A%23__PURE__%2A%2F%20%280%2C%20__TURBOPACK__imported__module__87924__2%5B%22jsx%22%5D%29%28__TURBOPACK__imported__module__38246__%5B%22default%22%5D%2C%20%7B%0A%20%20href%3A%20%22%22%2C%0A%20%20className%3A%20%22uppercase%20text-xl%22%2C%0A%20%20children%3A%20%22Gallery%22%0A%20%20%7D%29%0A%20%20%7D%29%2C%0A%20%20%2F%2A%23__PURE__%2A%2F%20%280%2C%20__TURBOPACK__imported__module__87924__2%5B%22jsx%22%5D%29%28%22li%22%2C%20%7B%0A%20%20children%3A%20%2F%2A%23__PURE__%2A%2F%20%280%2C%20__TURBOPACK__imported__module__87924__2%5B%22jsx%22%5D%29%28__TURBOPACK__imported__module__38246__%5B%22default%22%5D%2C%20%7B%0A%20%20href%3A%20%22%22%2C%0A%20%20className%3A%20%22uppercase%20text-xl%22%2C%0A%20%20children%3A%20%22Contact%22%0A%20%20%7D%29%0A%20%20%7D%29%0A%20%20%5D%0A%20%20%7D%29%2C%0A%20%20%2F%2A%23__PURE__%2A%2F%20%280%2C%20__TURBOPACK__imported__module__87924__2%5B%22jsxs%22%5D%29%28%22span%22%2C%20%7B%0A%20%20className%3A%20%22uppercase%20text-xl%22%2C%0A%20%20children%3A%20%5B%0A%20%20%22BASED%20IN%20%22%2C%0A%20%20%2F%2A%23__PURE__%2A%2F%20%280%2C%20__TURBOPACK__imported__module__87924__2%5B%22jsx%22%5D%29%28%22span%22%2C%20%7B%0A%20%20className%3A%20%22text-red-600%22%2C%0A%20%20children%3A%20%22KATHMANDU%22%0A%20%20%7D%29%0A%20%20%5D%0A%20%20%7D%29%2C%0A%20%20%2F%2A%23__PURE__%2A%2F%20%280%2C%20__TURBOPACK__imported__module__87924__2%5B%22jsx%22%5D%29%28__TURBOPACK__imported__module__38246__%5B%22default%22%5D%2C%20%7B%0A%20%20href%3A%20%22%23showreel%22%2C%0A%20%20onClick%3A%20%28%29%3D%3EsetMobileOpen%28false%29%2C%0A%20%20className%3A%20%22px-8%20py-3%20border%20rounded-full%22%2C%0A%20%20children%3A%20%22BUY%20TICKETS%22%0A%20%20%7D%29%2C%0A%20%20%2F%2A%23__PURE__%2A%2F%20%280%2C%20__TURBOPACK__imported__module__87924__2%5B%22jsx%22%5D%29%28%22button%22%2C%20%7B%0A%20%20onClick%3A%20%28%29%3D%3E%7B%0A%20%20setModalOpen%28true%29%3B%0A%20%20setMobileOpen%28false%29%3B%0A%20%20%7D%2C%0A%20%20className%3A%20%22px-8%20py-3%20border%20rounded-full%22%2C%0A%20%20children%3A%20%60LET%27S%20TALK%60%0A%20%20%7D%29%0A%20%20%5D%0A%20%20%7D%29%2C%0A%20%20modalOpen%20%26%26%20%2F%2A%23__PURE__%2A%2F%20%280%2C%20__TURBOPACK__imported__module__87924__2%5B%22jsx%22%5D%29%28%22div%22%2C%20%7B%0A%20%20className%3A%20%22fixed%20inset-0%20z-50%20bg-black%2F60%20backdrop-blur-md%20flex%20items-center%20justify-center%20p-4%22%2C%0A%20%20children%3A%20%2F%2A%23__PURE__%2A%2F%20%280%2C%20__TURBOPACK__imported__module__87924__2%5B%22jsxs%22%5D%29%28%22div%22%2C%20%7B%0A%20%20className%3A%20%22%20relative%20w-full%20max-w-5xl%20h-%5B90vh%5D%20bg-%5B%230E0E0E%5D%20rounded-2xl%20border%20border-white%2F10%20flex%20flex-col%20md%3Aflex-row%20overflow-hidden%20transition-all%20duration-300%20ease-in-out%20hover%3Aborder-%5B%23F13333%5D%2F60%20hover%3Ascale-%5B1.02%5D%20%22%2C%0A%20%20children%3A%20%5B%0A%20%20%2F%2A%23__PURE__%2A%2F%20%280%2C%20__TURBOPACK__imported__module__87924__2%5B%22jsx%22%5D%29%28%22button%22%2C%20%7B%0A%20%20onClick%3A%20%28%29%3D%3EsetModalOpen%28false%29%2C%0A%20%20className%3A%20%22%20absolute%20top-4%20right-4%20z-10%20p-2%20rounded-full%20border%20border-white%2F20%20text-white%2F70%20hover%3Abg-%5B%23F13333%5D%20hover%3Atext-white%20hover%3Aborder-%5B%23F13333%5D%20cursor-pointer%20transition-all%20duration-300%20ease-in-out%20%22%2C%0A%20%20children%3A%20%2F%2A%23__PURE__%2A%2F%20%280%2C%20__TURBOPACK__imported__module__87924__2%5B%22jsx%22%5D%29%28X%2C%20%7B%0A%20%20className%3A%20%22w-5%20h-5%22%0A%20%20%7D%29%0A%20%20%7D%29%2C%0A%20%20%2F%2A%23__PURE__%2A%2F%20%280%2C%20__TURBOPACK__imported__module__87924__2%5B%22jsxs%22%5D%29%28%22div%22%2C%20%7B%0A%20%20className%3A%20%22relative%20w-full%20md%3Aw-%5B45%25%5D%20h-%5B200px%5D%20md%3Ah-full%20shrink-0%22%2C%0A%20%20children%3A%20%5B%0A%20%20%2F%2A%23__PURE__%2A%2F%20%280%2C%20__TURBOPACK__imported__module__87924__2%5B%22jsx%22%5D%29%28__TURBOPACK__imported__module__71987__1%5B%22default%22%5D%2C%20%7B%0A%20%20src%3A%20__TURBOPACK__default__export__3%2C%0A%20%20alt%3A%20%22experience%22%2C%0A%20%20fill%3A%20true%2C%0A%20%20className%3A%20%22object-cover%20object-center%22%0A%20%20%7D%29%2C%0A%20%20%2F%2A%23__PURE__%2A%2F%20%280%2C%20__TURBOPACK__imported__module__87924__2%5B%22jsx%22%5D%29%28%22div%22%2C%20%7B%0A%20%20className%3A%20%22absolute%20inset-0%20bg-gradient-to-t%20from-black%2F70%20to-transparent%22%0A%20%20%7D%29%0A%20%20%5D%0A%20%20%7D%29%2C%0A%20%20%2F%2A%23__PURE__%2A%2F%20%280%2C%20__TURBOPACK__imported__module__87924__2%5B%22jsxs%22%5D%29%28%22div%22%2C%20%7B%0A%20%20className%3A%20%22flex-1%20min-h-0%20min-w-0%20overflow-y-auto%20p-4%20md%3Ap-6%22%2C%0A%20%20children%3A%20%5B%0A%20%20%2F%2A%23__PURE__%2A%2F%20%280%2C%20__TURBOPACK__imported__module__87924__2%5B%22jsxs%22%5D%29%28%22div%22%2C%20%7B%0A%20%20className%3A%20%22mb-6%20text-white%22%2C%0A%20%20children%3A%20%5B%0A%20%20%2F%2A%23__PURE__%2A%2F%20%280%2C%20__TURBOPACK__imported__module__87924__2%5B%22jsxs%22%5D%29%28%22h2%22%2C%20%7B%0A%20%20className%3A%20%22big-shoulders%20text-3xl%20md%3Atext-4xl%20font-bold%20leading-tight%22%2C%0A%20%20children%3A%20%5B%0A%20%20%22Book%20an%20%22%2C%0A%20%20%2F%2A%23__PURE__%2A%2F%20%280%2C%20__TURBOPACK__imported__module__87924__2%5B%22jsx%22%5D%29%28%22span%22%2C%20%7B%0A%20%20className%3A%20%22text-%5B%23F13333%5D%22%2C%0A%20%20children%3A%20%22Experience%22%0A%20%20%7D%29%2C%0A%20%20%22%20%22%2C%0A%20%20%2F%2A%23__PURE__%2A%2F%20%280%2C%20__TURBOPACK__imported__module__87924__2%5B%22jsx%22%5D%29%28%22br%22%2C%20%7B%7D%29%2C%0A%20%20%22Your%20Guests%20Will%20Never%20Forget%22%0A%20%20%5D%0A%20%20%7D%29%2C%0A%20%20%2F%2A%23__PURE__%2A%2F%20%280%2C%20__TURBOPACK__imported__module__87924__2%5B%22jsx%22%5D%29%28%22p%22%2C%20%7B%0A%20%20className%3A%20%22text-sm%20text-white%2F70%20mt-2%20max-w-md%22%2C%0A%20%20children%3A%20%22Looking%20for%20a%20magician%20for%20your%20corporate%20event%3F%20Saman%20is%20a%20professional%20magician.%22%0A%20%20%7D%29%0A%20%20%5D%0A%20%20%7D%29%2C%0A%20%20%2F%2A%23__PURE__%2A%2F%20%280%2C%20__TURBOPACK__imported__module__87924__2%5B%22jsxs%22%5D%29%28%22form%22%2C%20%7B%0A%20%20className%3A%20%22flex%20flex-col%20gap-4%22%2C%0A%20%20children%3A%20%5B%0A%20%20%2F%2A%23__PURE__%2A%2F%20%280%2C%20__TURBOPACK__imported__module__87924__2%5B%22jsxs%22%5D%29%28%22div%22%2C%20%7B%0A%20%20className%3A%20%22flex%20flex-col%20md%3Aflex-row%20gap-4%20md%3Agap-6%22%2C%0A%20%20children%3A%20%5B%0A%20%20%2F%2A%23__PURE__%2A%2F%20%280%2C%20__TURBOPACK__imported__module__87924__2%5B%22jsx%22%5D%29%28%22input%22%2C%20%7B%0A%20%20type%3A%20%22text%22%2C%0A%20%20placeholder%3A%20%22Full%20Name%22%2C%0A%20%20className%3A%20%22flex-1%20bg-white%2F5%20border%20border-white%2F10%20px-4%20py-2%20rounded-md%20text-sm%20focus%3Aoutline-none%20hover%3Aborder-%5B%23F13333%5D%20focus%3Aborder-%5B%23F13333%5D%20transition-colors%20duration-300%20ease-in-out%22%2C%0A%20%20required%3A%20true%0A%20%20%7D%29%2C%0A%20%20%2F%2A%23__PURE__%2A%2F%20%280%2C%20__TURBOPACK__imported__module__87924__2%5B%22jsx%22%5D%29%28%22input%22%2C%20%7B%0A%20%20type%3A%20%22email%22%2C%0A%20%20placeholder%3A%20%22Email%22%2C%0A%20%20className%3A%20%22flex-1%20bg-white%2F5%20border%20border-white%2F10%20px-4%20py-2%20rounded-md%20text-sm%20focus%3Aoutline-none%20focus%3Aborder-%5B%23F13333%5D%20hover%3Aborder-%5B%23F13333%5D%20transition-colors%20duration-300%20ease-in-out%22%2C%0A%20%20required%3A%20true%0A%20%20%7D%29%0A%20%20%5D%0A%20%20%7D%29%2C%0A%20%20%2F%2A%23__PURE__%2A%2F%20%280%2C%20__TURBOPACK__imported__module__87924__2%5B%22jsxs%22%5D%29%28%22div%22%2C%20%7B%0A%20%20className%3A%20%22flex%20flex-col%20md%3Aflex-row%20gap-4%20md%3Agap-6%22%2C%0A%20%20children%3A%20%5B%0A%20%20%2F%2A%23__PURE__%2A%2F%20%280%2C%20__TURBOPACK__imported__module__87924__2%5B%22jsx%22%5D%29%28%22input%22%2C%20%7B%0A%20%20type%3A%20%22number%22%2C%0A%20%20placeholder%3A%20%22Phone%20Number%22%2C%0A%20%20className%3A%20%22flex-1%20bg-white%2F5%20border%20border-white%2F10%20px-4%20py-2%20rounded-md%20text-sm%20focus%3Aoutline-none%20focus%3Aborder-%5B%23F13333%5D%20hover%3Aborder-%5B%23F13333%5D%20transition-colors%20duration-300%20ease-in-out%22%2C%0A%20%20required%3A%20true%0A%20%20%7D%29%2C%0A%20%20%2F%2A%23__PURE__%2A%2F%20%280%2C%20__TURBOPACK__imported__module__87924__2%5B%22jsx%22%5D%29%28%22input%22%2C%20%7B%0A%20%20type%3A%20%22text%22%2C%0A%20%20placeholder%3A%20%22Event%20Location%22%2C%0A%20%20className%3A%20%22flex-1%20bg-white%2F5%20border%20border-white%2F10%20px-4%20py-2%20rounded-md%20text-sm%20focus%3Aoutline-none%20focus%3Aborder-%5B%23F13333%5D%20hover%3Aborder-%5B%23F13333%5D%20transition-colors%20duration-300%20ease-in-out%22%2C%0A%20%20required%3A%20true%0A%20%20%7D%29%0A%20%20%5D%0A%20%20%7D%29%2C%0A%20%20%2F%2A%23__PURE__%2A%2F%20%280%2C%20__TURBOPACK__imported__module__87924__2%5B%22jsxs%22%5D%29%28%22div%22%2C%20%7B%0A%20%20className%3A%20%22flex%20flex-col%20md%3Aflex-row%20gap-4%20md%3Agap-6%22%2C%0A%20%20children%3A%20%5B%0A%20%20%2F%2A%23__PURE__%2A%2F%20%280%2C%20__TURBOPACK__imported__module__87924__2%5B%22jsx%22%5D%29%28%22input%22%2C%20%7B%0A%20%20type%3A%20%22text%22%2C%0A%20%20placeholder%3A%20%22Event%20Day%22%2C%0A%20%20className%3A%20%22flex-1%20bg-white%2F5%20border%20border-white%2F10%20px-4%20py-2%20rounded-md%20text-sm%20focus%3Aoutline-none%20focus%3Aborder-%5B%23F13333%5D%20hover%3Aborder-%5B%23F13333%5D%20transition-colors%20duration-300%20ease-in-out%22%2C%0A%20%20required%3A%20true%0A%20%20%7D%29%2C%0A%20%20%2F%2A%23__PURE__%2A%2F%20%280%2C%20__TURBOPACK__imported__module__87924__2%5B%22jsx%22%5D%29%28%22input%22%2C%20%7B%0A%20%20type%3A%20%22number%22%2C%0A%20%20placeholder%3A%20%22Estimated%20Guests%22%2C%0A%20%20className%3A%20%22flex-1%20bg-white%2F5%20border%20border-white%2F10%20px-4%20py-2%20rounded-md%20text-sm%20focus%3Aoutline-none%20focus%3Aborder-%5B%23F13333%5D%20hover%3Aborder-%5B%23F13333%5D%20transition-colors%20duration-300%20ease-in-out%22%2C%0A%20%20required%3A%20true%0A%20%20%7D%29%0A%20%20%5D%0A%20%20%7D%29%2C%0A%20%20%2F%2A%23__PURE__%2A%2F%20%280%2C%20__TURBOPACK__imported__module__87924__2%5B%22jsx%22%5D%29%28%22input%22%2C%20%7B%0A%20%20type%3A%20%22text%22%2C%0A%20%20placeholder%3A%20%22How%20did%20you%20hear%20about%20Saman%20Maharjan%3F%22%2C%0A%20%20className%3A%20%22bg-white%2F5%20border%20border-white%2F10%20px-4%20py-2%20rounded-md%20text-sm%20focus%3Aoutline-none%20focus%3Aborder-%5B%23F13333%5D%20hover%3Aborder-%5B%23F13333%5D%20transition-colors%20duration-300%20ease-in-out%22%2C%0A%20%20required%3A%20true%0A%20%20%7D%29%2C%0A%20%20%2F%2A%23__PURE__%2A%2F%20%280%2C%20__TURBOPACK__imported__module__87924__2%5B%22jsx%22%5D%29%28%22textarea%22%2C%20%7B%0A%20%20placeholder%3A%20%22Info%20About%20Your%20Event%22%2C%0A%20%20className%3A%20%22bg-white%2F5%20border%20border-white%2F10%20px-4%20py-2%20rounded-md%20text-sm%20focus%3Aoutline-none%20focus%3Aborder-%5B%23F13333%5D%20hover%3Aborder-%5B%23F13333%5D%20transition-colors%20duration-300%20ease-in-out%22%2C%0A%20%20rows%3A%204%2C%0A%20%20required%3A%20true%0A%20%20%7D%29%2C%0A%20%20%2F%2A%23__PURE__%2A%2F%20%280%2C%20__TURBOPACK__imported__module__87924__2%5B%22jsx%22%5D%29%28%22button%22%2C%20%7B%0A%20%20type%3A%20%22submit%22%2C%0A%20%20className%3A%20%22mt-2%20bg-%5B%23F13333%5D%20text-white%20py-3%20rounded-md%20font-semibold%20hover%3Abg-%5B%23d92b2b%5D%20transition-all%20duration-300%20ease-in-out%20cursor-pointer%22%2C%0A%20%20children%3A%20%22Send%20Inquiry%22%0A%20%20%7D%29%0A%20%20%5D%0A%20%20%7D%29%0A%20%20%5D%0A%20%20%7D%29%0A%20%20%5D%0A%20%20%7D%29%0A%20%20%7D%29%0A%20%20%5D%0A%20%20%7D%29%3B%0A%20%20%7D%3B%0A%20%20const%20__TURBOPACK__default__export__4%20%3D%20Nav%3B%0A%20%20%22use%20client%22%3B%0A%20%20%3B%0A%20%20%3B%0A%20%20%3B%0A%20%20%3B%0A%20%20%3B%0A%20%20%3B%0A%20%20%3B%0A%20%20%3B%0A%20%20const%20items%20%3D%20%5B%0A%20%20%22Virtual%20Shows%22%2C%0A%20%20%22Corporate%20Events%22%2C%0A%20%20%22Private%20Events%22%2C%0A%20%20%22Special%20Events%22%0A%20%20%5D%3B%0A%20%20function%20MagicianPortfolio%28%29%20%7B%0A%20%20const%20%5BactiveIndex%2C%20setActiveIndex%5D%20%3D%20%280%2C%20__TURBOPACK__imported__module__72131__%5B%22useState%22%5D%29%280%29%3B%0A%20%20%2F%2F%20Auto-cycle%20list%0A%20%20%280%2C%20__TURBOPACK__imported__module__72131__%5B%22useEffect%22%5D%29%28%28%29%3D%3E%7B%0A%20%20const%20interval%20%3D%20setInterval%28%28%29%3D%3E%7B%0A%20%20setActiveIndex%28%28prev%29%3D%3E%28prev%20%2B%201%29%20%25%20items.length%29%3B%0A%20%20%7D%2C%201500%29%3B%0A%20%20return%20%28%29%3D%3EclearInterval%28interval%29%3B%0A%20%20%7D%2C%20%5B%5D%29%3B%0A%20%20%2F%2F%20Init%20AOS%0A%20%20%280%2C%20__TURBOPACK__imported__module__72131__%5B%22useEffect%22%5D%29%28%28%29%3D%3E%7B%0A%20%20__TURBOPACK__imported__module__71476__%5B%22default%22%5D.init%28%7B%0A%20%20duration%3A%20800%2C%0A%20%20easing%3A%20%22ease-out-cubic%22%2C%0A%20%20once%3A%20true%0A%20%20%7D%29%3B%0A%20%20%7D%2C%20%5B%5D%29%3B%0A%20%20return%20%2F%2A%23__PURE__%2A%2F%20%280%2C%20__TURBOPACK__imported__module__87924__1%5B%22jsxs%22%5D%29%28%22div%22%2C%20%7B%0A%20%20className%3A%20%22relative%20w-full%20bg-black%20text-white%20overflow-hidden%22%2C%0A%20%20children%3A%20%5B%0A%20%20%2F%2A%23__PURE__%2A%2F%20%280%2C%20__TURBOPACK__imported__module__87924__1%5B%22jsx%22%5D%29%28__TURBOPACK__default__export__4%2C%20%7B%7D%29%2C%0A%20%20%2F%2A%23__PURE__%2A%2F%20%280%2C%20__TURBOPACK__imported__module__87924__1%5B%22jsx%22%5D%29%28%22div%22%2C%20%7B%0A%20%20className%3A%20%22absolute%20inset-0%20flex%20items-center%20justify-center%20pointer-events-none%22%2C%0A%20%20children%3A%20%2F%2A%23__PURE__%2A%2F%20%280%2C%20__TURBOPACK__imported__module__87924__1%5B%22jsx%22%5D%29%28%22div%22%2C%20%7B%0A%20%20className%3A%20%22w-%5B400px%5D%20h-%5B400px%5D%20sm%3Aw-%5B600px%5D%20sm%3Ah-%5B600px%5D%20lg%3Aw-%5B900px%5D%20lg%3Ah-%5B900px%5D%20bg-%5Bradial-gradient%28circle%2C_%237a0f0f_0%25%2C_transparent_70%25%29%5D%20opacity-70%20blur-2xl%22%0A%20%20%7D%29%0A%20%20%7D%29%2C%0A%20%20%2F%2A%23__PURE__%2A%2F%20%280%2C%20__TURBOPACK__imported__module__87924__1%5B%22jsxs%22%5D%29%28%22div%22%2C%20%7B%0A%20%20className%3A%20%22hidden%20lg%3Aflex%20relative%20max-w-%5B1440px%5D%20mx-auto%20px-%5B80px%5D%20h-screen%20items-center%20justify-center%22%2C%0A%20%20children%3A%20%5B%0A%20%20%2F%2A%23__PURE__%2A%2F%20%280%2C%20__TURBOPACK__imported__module__87924__1%5B%22jsxs%22%5D%29%28%22div%22%2C%20%7B%0A%20%20className%3A%20%22relative%20w-full%22%2C%0A%20%20children%3A%20%5B%0A%20%20%2F%2A%23__PURE__%2A%2F%20%280%2C%20__TURBOPACK__imported__module__87924__1%5B%22jsx%22%5D%29%28%22div%22%2C%20%7B%0A%20%20className%3A%20%22relative%20w-full%20max-w-%5B1440px%5D%20h-%5B750px%5D%22%2C%0A%20%20%22data-aos%22%3A%20%22fade-up%22%2C%0A%20%20children%3A%20%2F%2A%23__PURE__%2A%2F%20%280%2C%20__TURBOPACK__imported__module__87924__1%5B%22jsx%22%5D%29%28__TURBOPACK__imported__module__71987__%5B%22default%22%5D%2C%20%7B%0A%20%20src%3A%20__TURBOPACK__default__export__%2C%0A%20%20alt%3A%20%22Magician%22%2C%0A%20%20fill%3A%20true%2C%0A%20%20className%3A%20%22object-contain%20z-10%22%2C%0A%20%20priority%3A%20true%0A%20%20%7D%29%0A%20%20%7D%29%2C%0A%20%20%2F%2A%23__PURE__%2A%2F%20%280%2C%20__TURBOPACK__imported__module__87924__1%5B%22jsxs%22%5D%29%28%22div%22%2C%20%7B%0A%20%20className%3A%20%22absolute%20top-16%20z-20%22%2C%0A%20%20%22data-aos%22%3A%20%22fade-up%22%2C%0A%20%20children%3A%20%5B%0A%20%20%2F%2A%23__PURE__%2A%2F%20%280%2C%20__TURBOPACK__imported__module__87924__1%5B%22jsxs%22%5D%29%28%22p%22%2C%20%7B%0A%20%20className%3A%20%22text-base%20text-%5B%23F5F5F5%5D%20mb-2%20max-w-%5B400px%5D%22%2C%0A%20%20children%3A%20%5B%0A%20%20%22I%20do%20believe%20that%20%22%2C%0A%20%20%2F%2A%23__PURE__%2A%2F%20%280%2C%20__TURBOPACK__imported__module__87924__1%5B%22jsx%22%5D%29%28%22br%22%2C%20%7B%7D%29%2C%0A%20%20%2F%2A%23__PURE__%2A%2F%20%280%2C%20__TURBOPACK__imported__module__87924__1%5B%22jsxs%22%5D%29%28%22span%22%2C%20%7B%0A%20%20className%3A%20%22text-%5B%23B9B9B9%5D%22%2C%0A%20%20children%3A%20%5B%0A%20%20%22magic%20is%20a%20powerful%20communication%20%22%2C%0A%20%20%2F%2A%23__PURE__%2A%2F%20%280%2C%20__TURBOPACK__imported__module__87924__1%5B%22jsx%22%5D%29%28%22br%22%2C%20%7B%7D%29%2C%0A%20%20%22and%20expression%20medium.%22%0A%20%20%5D%0A%20%20%7D%29%0A%20%20%5D%0A%20%20%7D%29%2C%0A%20%20%2F%2A%23__PURE__%2A%2F%20%280%2C%20__TURBOPACK__imported__module__87924__1%5B%22jsxs%22%5D%29%28%22div%22%2C%20%7B%0A%20%20className%3A%20%22mt-6%20absolute%20top-%5B300px%5D%22%2C%0A%20%20children%3A%20%5B%0A%20%20%2F%2A%23__PURE__%2A%2F%20%280%2C%20__TURBOPACK__imported__module__87924__1%5B%22jsx%22%5D%29%28%22p%22%2C%20%7B%0A%20%20className%3A%20%22uppercase%20text-sm%20tracking-widest%20text-%5B%23B9B9B9%5D%20mb-2%22%2C%0A%20%20children%3A%20%22Magician%20%26%20Mentalist%20from%20Nepal%22%0A%20%20%7D%29%2C%0A%20%20%2F%2A%23__PURE__%2A%2F%20%280%2C%20__TURBOPACK__imported__module__87924__1%5B%22jsxs%22%5D%29%28%22h1%22%2C%20%7B%0A%20%20className%3A%20%22uppercase%20big-shoulders%20text-%5B100px%5D%20font-extrabold%20leading-%5B1.1%5D%20text-%5B%23F0EBE6%5D%22%2C%0A%20%20children%3A%20%5B%0A%20%20%22SAMAN%20%22%2C%0A%20%20%2F%2A%23__PURE__%2A%2F%20%280%2C%20__TURBOPACK__imported__module__87924__1%5B%22jsx%22%5D%29%28%22br%22%2C%20%7B%7D%29%2C%0A%20%20%22%20MAHARJAN%22%0A%20%20%5D%0A%20%20%7D%29%0A%20%20%5D%0A%20%20%7D%29%0A%20%20%5D%0A%20%20%7D%29%2C%0A%20%20%2F%2A%23__PURE__%2A%2F%20%280%2C%20__TURBOPACK__imported__module__87924__1%5B%22jsxs%22%5D%29%28%22div%22%2C%20%7B%0A%20%20className%3A%20%22absolute%20right-%5B40px%5D%20top-%5B200px%5D%20w-%5B190px%5D%20z-30%20floating-card%22%2C%0A%20%20style%3A%20%7B%0A%20%20animation%3A%20%22float%204s%20ease-in-out%20infinite%22%0A%20%20%7D%2C%0A%20%20children%3A%20%5B%0A%20%20%2F%2A%23__PURE__%2A%2F%20%280%2C%20__TURBOPACK__imported__module__87924__1%5B%22jsx%22%5D%29%28%22style%22%2C%20%7B%0A%20%20children%3A%20%60%0A%20%20%20%20%20%20%20%20%20%20%20%20%20%20%20%20%20%20%20%20%20%20%20%20%20%20%20%20%20%20%40keyframes%20float%20%7B%0A%20%20%20%20%20%20%20%20%20%20%20%20%20%20%20%20%20%20%20%20%20%20%20%20%20%20%20%20%20%200%25%2C%20100%25%20%7B%20transform%3A%20translateY%280px%29%3B%20%7D%0A%20%20%20%20%20%20%20%20%20%20%20%20%20%20%20%20%20%20%20%20%20%20%20%20%20%20%20%20%20%2050%25%20%7B%20transform%3A%20translateY%28-10px%29%3B%20%7D%0A%20%20%20%20%20%20%20%20%20%20%20%20%20%20%20%20%20%20%20%20%20%20%20%20%20%20%20%20%20%20%7D%0A%20%20%20%20%20%20%20%20%20%20%20%20%20%20%20%20%20%20%20%20%20%20%20%20%20%20%20%20%20%20%60%0A%20%20%7D%29%2C%0A%20%20%2F%2A%23__PURE__%2A%2F%20%280%2C%20__TURBOPACK__imported__module__87924__1%5B%22jsx%22%5D%29%28__TURBOPACK__imported__module__71987__%5B%22default%22%5D%2C%20%7B%0A%20%20src%3A%20__TURBOPACK__default__export__1%2C%0A%20%20alt%3A%20%22cards%22%0A%20%20%7D%29%0A%20%20%5D%0A%20%20%7D%29%0A%20%20%5D%0A%20%20%7D%29%2C%0A%20%20%2F%2A%23__PURE__%2A%2F%20%280%2C%20__TURBOPACK__imported__module__87924__1%5B%22jsx%22%5D%29%28%22ul%22%2C%20%7B%0A%20%20className%3A%20%22absolute%20top-22%20right-24%20-translate-y-1%2F2%20flex%20flex-col%20gap-2%20text-right%20text-xl%20geist-medium%20z-40%20geist%22%2C%0A%20%20children%3A%20items.map%28%28item%2C%20index%29%3D%3E%2F%2A%23__PURE__%2A%2F%20%280%2C%20__TURBOPACK__imported__module__87924__1%5B%22jsx%22%5D%29%28%22li%22%2C%20%7B%0A%20%20className%3A%20%60transition-all%20duration-500%20%24%7Bindex%20%3D%3D%3D%20activeIndex%20%3F%20%22opacity-100%20translate-x-0%20text-%5B%23F0EBE6%5D%22%20%3A%20%22opacity-70%20translate-x-4%20text-%5B%23817F7F%5D%22%7D%60%2C%0A%20%20children%3A%20item%0A%20%20%7D%2C%20index%29%29%0A%20%20%7D%29%0A%20%20%5D%0A%20%20%7D%29%2C%0A%20%20%2F%2A%23__PURE__%2A%2F%20%280%2C%20__TURBOPACK__imported__module__87924__1%5B%22jsxs%22%5D%29%28%22div%22%2C%20%7B%0A%20%20className%3A%20%22lg%3Ahidden%20relative%20px-6%20pt-5%20pb-10%20flex%20flex-col%20items-center%20text-center%22%2C%0A%20%20children%3A%20%5B%0A%20%20%2F%2A%23__PURE__%2A%2F%20%280%2C%20__TURBOPACK__imported__module__87924__1%5B%22jsxs%22%5D%29%28%22p%22%2C%20%7B%0A%20%20className%3A%20%22text-sm%20text-%5B%23F5F5F5%5D%20mt-6%22%2C%0A%20%20%22data-aos%22%3A%20%22fade-up%22%2C%0A%20%20children%3A%20%5B%0A%20%20%22I%20do%20believe%20that%20%22%2C%0A%20%20%2F%2A%23__PURE__%2A%2F%20%280%2C%20__TURBOPACK__imported__module__87924__1%5B%22jsx%22%5D%29%28%22br%22%2C%20%7B%7D%29%2C%0A%20%20%2F%2A%23__PURE__%2A%2F%20%280%2C%20__TURBOPACK__imported__module__87924__1%5B%22jsxs%22%5D%29%28%22span%22%2C%20%7B%0A%20%20className%3A%20%22text-%5B%23B9B9B9%5D%22%2C%0A%20%20children%3A%20%5B%0A%20%20%22magic%20is%20a%20powerful%20communication%20%22%2C%0A%20%20%2F%2A%23__PURE__%2A%2F%20%280%2C%20__TURBOPACK__imported__module__87924__1%5B%22jsx%22%5D%29%28%22br%22%2C%20%7B%7D%29%2C%0A%20%20%22and%20expression%20medium.%22%0A%20%20%5D%0A%20%20%7D%29%0A%20%20%5D%0A%20%20%7D%29%2C%0A%20%20%2F%2A%23__PURE__%2A%2F%20%280%2C%20__TURBOPACK__imported__module__87924__1%5B%22jsx%22%5D%29%28%22div%22%2C%20%7B%0A%20%20className%3A%20%22relative%20w-full%20max-w-%5B520px%5D%20h-%5B300px%5D%22%2C%0A%20%20%22data-aos%22%3A%20%22fade-up%22%2C%0A%20%20children%3A%20%2F%2A%23__PURE__%2A%2F%20%280%2C%20__TURBOPACK__imported__module__87924__1%5B%22jsx%22%5D%29%28__TURBOPACK__imported__module__71987__%5B%22default%22%5D%2C%20%7B%0A%20%20src%3A%20__TURBOPACK__default__export__%2C%0A%20%20alt%3A%20%22Magician%22%2C%0A%20%20fill%3A%20true%2C%0A%20%20className%3A%20%22object-contain%22%2C%0A%20%20priority%3A%20true%0A%20%20%7D%29%0A%20%20%7D%29%2C%0A%20%20%2F%2A%23__PURE__%2A%2F%20%280%2C%20__TURBOPACK__imported__module__87924__1%5B%22jsx%22%5D%29%28%22div%22%2C%20%7B%0A%20%20className%3A%20%22absolute%20right-4%20top-%5B120px%5D%20w-%5B100px%5D%20floating-card%22%2C%0A%20%20children%3A%20%2F%2A%23__PURE__%2A%2F%20%280%2C%20__TURBOPACK__imported__module__87924__1%5B%22jsx%22%5D%29%28__TURBOPACK__imported__module__71987__%5B%22default%22%5D%2C%20%7B%0A%20%20src%3A%20__TURBOPACK__default__export__1%2C%0A%20%20alt%3A%20%22cards%22%0A%20%20%7D%29%0A%20%20%7D%29%2C%0A%20%20%2F%2A%23__PURE__%2A%2F%20%280%2C%20__TURBOPACK__imported__module__87924__1%5B%22jsx%22%5D%29%28%22p%22%2C%20%7B%0A%20%20className%3A%20%22uppercase%20text-xs%20tracking-widest%20text-%5B%23B9B9B9%5D%20mt-6%22%2C%0A%20%20children%3A%20%22Magician%20%26%20Mentalist%20from%20Nepal%22%0A%20%20%7D%29%2C%0A%20%20%2F%2A%23__PURE__%2A%2F%20%280%2C%20__TURBOPACK__imported__module__87924__1%5B%22jsxs%22%5D%29%28%22h1%22%2C%20%7B%0A%20%20className%3A%20%22uppercase%20big-shoulders%20text-6xl%20font-extrabold%20leading-tight%20text-%5B%23F0EBE6%5D%20mt-2%22%2C%0A%20%20%22data-aos%22%3A%20%22fade-up%22%2C%0A%20%20children%3A%20%5B%0A%20%20%22SAMAN%20%22%2C%0A%20%20%2F%2A%23__PURE__%2A%2F%20%280%2C%20__TURBOPACK__imported__module__87924__1%5B%22jsx%22%5D%29%28%22br%22%2C%20%7B%7D%29%2C%0A%20%20%22%20MAHARJAN%22%0A%20%20%5D%0A%20%20%7D%29%0A%20%20%5D%0A%20%20%7D%29%0A%20%20%5D%0A%20%20%7D%29%3B%0A%20%20%7D%0A%20%20var%20__TURBOPACK__imported__module__87924__3%20%3D%20__TURBOPACK__imported__module__87924__%3B%0A%20%20var%20__TURBOPACK__imported__module__57029__1%20%3D%20__TURBOPACK__imported__module__57029__%3B%0A%20%20var%20__TURBOPACK__imported__module__71987__2%20%3D%20__TURBOPACK__imported__module__71987__%3B%0A%20%20%22use%20client%22%3B%0A%20%20%3B%0A%20%20%3B%0A%20%20%3B%0A%20%20const%20logos%20%3D%20%5B%0A%20%20%22%2Fassets%2Fimg%2Fsponsr%2Fimage_1.png%22%2C%0A%20%20%22%2Fassets%2Fimg%2Fsponsr%2Fimage_2.png%22%2C%0A%20%20%22%2Fassets%2Fimg%2Fsponsr%2Fimage_3.png%22%2C%0A%20%20%22%2Fassets%2Fimg%2Fsponsr%2Fimage_4.png%22%2C%0A%20%20%22%2Fassets%2Fimg%2Fsponsr%2Fimage_5.png%22%2C%0A%20%20%22%2Fassets%2Fimg%2Fsponsr%2Fimage_1.png%22%2C%0A%20%20%22%2Fassets%2Fimg%2Fsponsr%2Fimage_2.png%22%2C%0A%20%20%22%2Fassets%2Fimg%2Fsponsr%2Fimage_3.png%22%0A%20%20%5D%3B%0A%20%20const%20LogoMarquee%20%3D%20%28%29%3D%3E%7B%0A%20%20return%20%2F%2A%23__PURE__%2A%2F%20%280%2C%20__TURBOPACK__imported__module__87924__3%5B%22jsxs%22%5D%29%28%22div%22%2C%20%7B%0A%20%20className%3A%20%22relative%20w-full%20bg-black%20py-6%20overflow-hidden%22%2C%0A%20%20children%3A%20%5B%0A%20%20%2F%2A%23__PURE__%2A%2F%20%280%2C%20__TURBOPACK__imported__module__87924__3%5B%22jsx%22%5D%29%28%22div%22%2C%20%7B%0A%20%20className%3A%20%22pointer-events-none%20absolute%20left-0%20top-0%20h-full%20w-50%20z-10%20bg-gradient-to-r%20from-black%20to-transparent%22%0A%20%20%7D%29%2C%0A%20%20%2F%2A%23__PURE__%2A%2F%20%280%2C%20__TURBOPACK__imported__module__87924__3%5B%22jsx%22%5D%29%28%22div%22%2C%20%7B%0A%20%20className%3A%20%22pointer-events-none%20absolute%20right-0%20top-0%20h-full%20w-50%20z-10%20bg-gradient-to-l%20from-black%20to-transparent%22%0A%20%20%7D%29%2C%0A%20%20%2F%2A%23__PURE__%2A%2F%20%280%2C%20__TURBOPACK__imported__module__87924__3%5B%22jsx%22%5D%29%28__TURBOPACK__imported__module__57029__1%5B%22default%22%5D%2C%20%7B%0A%20%20speed%3A%2040%2C%0A%20%20pauseOnHover%3A%20false%2C%0A%20%20gradient%3A%20false%2C%0A%20%20children%3A%20logos.map%28%28logo%2C%20index%29%3D%3E%2F%2A%23__PURE__%2A%2F%20%280%2C%20__TURBOPACK__imported__module__87924__3%5B%22jsx%22%5D%29%28%22div%22%2C%20%7B%0A%20%20className%3A%20%22mx-4%20sm%3Amx-6%20md%3Amx-10%20flex%20items-center%22%2C%0A%20%20children%3A%20%2F%2A%23__PURE__%2A%2F%20%280%2C%20__TURBOPACK__imported__module__87924__3%5B%22jsx%22%5D%29%28%22div%22%2C%20%7B%0A%20%20className%3A%20%22relative%20h-8%20sm%3Ah-10%20md%3Ah-12%20lg%3Ah-14%20w-%5B80px%5D%20sm%3Aw-%5B100px%5D%20md%3Aw-%5B120px%5D%20lg%3Aw-%5B140px%5D%22%2C%0A%20%20children%3A%20%2F%2A%23__PURE__%2A%2F%20%280%2C%20__TURBOPACK__imported__module__87924__3%5B%22jsx%22%5D%29%28__TURBOPACK__imported__module__71987__2%5B%22default%22%5D%2C%20%7B%0A%20%20src%3A%20logo%2C%0A%20%20alt%3A%20%60logo-%24%7Bindex%7D%60%2C%0A%20%20fill%3A%20true%2C%0A%20%20className%3A%20%22object-contain%20opacity-70%20hover%3Aopacity-100%20transition%20duration-300%22%0A%20%20%7D%29%0A%20%20%7D%29%0A%20%20%7D%2C%20index%29%29%0A%20%20%7D%29%0A%20%20%5D%0A%20%20%7D%29%3B%0A%20%20%7D%3B%0A%20%20const%20__TURBOPACK__default__export__5%20%3D%20LogoMarquee%3B%0A%20%20var%20__TURBOPACK__imported__module__87924__4%20%3D%20__TURBOPACK__imported__module__87924__%3B%0A%20%20var%20__TURBOPACK__imported__module__31626__%20%3D%20__turbopack_context__.i%2831626%29%3B%0A%20%20var%20__TURBOPACK__imported__module__72131__5%20%3D%20__TURBOPACK__imported__module__72131__%3B%0A%20%20%2F%2A%2A%0A%20%20%20%2A%20SSR%20Window%205.0.1%0A%20%20%20%2A%20Better%20handling%20for%20window%20object%20in%20SSR%20environment%0A%20%20%20%2A%20https%3A%2F%2Fgithub.com%2Fnolimits4web%2Fssr-window%0A%20%20%20%2A%0A%20%20%20%2A%20Copyright%202025%2C%20Vladimir%20Kharlampidi%0A%20%20%20%2A%0A%20%20%20%2A%20Licensed%20under%20MIT%0A%20%20%20%2A%0A%20%20%20%2A%20Released%20on%3A%20June%2027%2C%202025%0A%20%20%20%2A%2F%20%2F%2A%20eslint-disable%20no-param-reassign%20%2A%2F%20function%20isObject%28obj%29%20%7B%0A%20%20return%20obj%20%21%3D%3D%20null%20%26%26%20typeof%20obj%20%3D%3D%3D%20%27object%27%20%26%26%20%27constructor%27%20in%20obj%20%26%26%20obj.constructor%20%3D%3D%3D%20Object%3B%0A%20%20%7D%0A%20%20function%20extend%28target%20%3D%20%7B%7D%2C%20src%20%3D%20%7B%7D%29%20%7B%0A%20%20const%20noExtend%20%3D%20%5B%0A%20%20%27__proto__%27%2C%0A%20%20%27constructor%27%2C%0A%20%20%27prototype%27%0A%20%20%5D%3B%0A%20%20Object.keys%28src%29.filter%28%28key%29%3D%3EnoExtend.indexOf%28key%29%20%3C%200%29.forEach%28%28key%29%3D%3E%7B%0A%20%20if%20%28typeof%20target%5Bkey%5D%20%3D%3D%3D%20%27undefined%27%29%20target%5Bkey%5D%20%3D%20src%5Bkey%5D%3B%0A%20%20else%20if%20%28isObject%28src%5Bkey%5D%29%20%26%26%20isObject%28target%5Bkey%5D%29%20%26%26%20Object.keys%28src%5Bkey%5D%29.length%20%3E%200%29%20%7B%0A%20%20extend%28target%5Bkey%5D%2C%20src%5Bkey%5D%29%3B%0A%20%20%7D%0A%20%20%7D%29%3B%0A%20%20%7D%0A%20%20const%20ssrDocument%20%3D%20%7B%0A%20%20body%3A%20%7B%7D%2C%0A%20%20addEventListener%20%28%29%20%7B%7D%2C%0A%20%20removeEventListener%20%28%29%20%7B%7D%2C%0A%20%20activeElement%3A%20%7B%0A%20%20blur%20%28%29%20%7B%7D%2C%0A%20%20nodeName%3A%20%27%27%0A%20%20%7D%2C%0A%20%20querySelector%20%28%29%20%7B%0A%20%20return%20null%3B%0A%20%20%7D%2C%0A%20%20querySelectorAll%20%28%29%20%7B%0A%20%20return%20%5B%5D%3B%0A%20%20%7D%2C%0A%20%20getElementById%20%28%29%20%7B%0A%20%20return%20null%3B%0A%20%20%7D%2C%0A%20%20createEvent%20%28%29%20%7B%0A%20%20return%20%7B%0A%20%20initEvent%20%28%29%20%7B%7D%0A%20%20%7D%3B%0A%20%20%7D%2C%0A%20%20createElement%20%28%29%20%7B%0A%20%20return%20%7B%0A%20%20children%3A%20%5B%5D%2C%0A%20%20childNodes%3A%20%5B%5D%2C%0A%20%20style%3A%20%7B%7D%2C%0A%20%20setAttribute%20%28%29%20%7B%7D%2C%0A%20%20getElementsByTagName%20%28%29%20%7B%0A%20%20return%20%5B%5D%3B%0A%20%20%7D%0A%20%20%7D%3B%0A%20%20%7D%2C%0A%20%20createElementNS%20%28%29%20%7B%0A%20%20return%20%7B%7D%3B%0A%20%20%7D%2C%0A%20%20importNode%20%28%29%20%7B%0A%20%20return%20null%3B%0A%20%20%7D%2C%0A%20%20location%3A%20%7B%0A%20%20hash%3A%20%27%27%2C%0A%20%20host%3A%20%27%27%2C%0A%20%20hostname%3A%20%27%27%2C%0A%20%20href%3A%20%27%27%2C%0A%20%20origin%3A%20%27%27%2C%0A%20%20pathname%3A%20%27%27%2C%0A%20%20protocol%3A%20%27%27%2C%0A%20%20search%3A%20%27%27%0A%20%20%7D%0A%20%20%7D%3B%0A%20%20function%20getDocument%28%29%20%7B%0A%20%20const%20doc%20%3D%20typeof%20document%20%21%3D%3D%20%27undefined%27%20%3F%20document%20%3A%20%7B%7D%3B%0A%20%20extend%28doc%2C%20ssrDocument%29%3B%0A%20%20return%20doc%3B%0A%20%20%7D%0A%20%20const%20ssrWindow%20%3D%20%7B%0A%20%20document%3A%20ssrDocument%2C%0A%20%20navigator%3A%20%7B%0A%20%20userAgent%3A%20%27%27%0A%20%20%7D%2C%0A%20%20location%3A%20%7B%0A%20%20hash%3A%20%27%27%2C%0A%20%20host%3A%20%27%27%2C%0A%20%20hostname%3A%20%27%27%2C%0A%20%20href%3A%20%27%27%2C%0A%20%20origin%3A%20%27%27%2C%0A%20%20pathname%3A%20%27%27%2C%0A%20%20protocol%3A%20%27%27%2C%0A%20%20search%3A%20%27%27%0A%20%20%7D%2C%0A%20%20history%3A%20%7B%0A%20%20replaceState%20%28%29%20%7B%7D%2C%0A%20%20pushState%20%28%29%20%7B%7D%2C%0A%20%20go%20%28%29%20%7B%7D%2C%0A%20%20back%20%28%29%20%7B%7D%0A%20%20%7D%2C%0A%20%20CustomEvent%3A%20function%20CustomEvent%28%29%20%7B%0A%20%20return%20this%3B%0A%20%20%7D%2C%0A%20%20addEventListener%20%28%29%20%7B%7D%2C%0A%20%20removeEventListener%20%28%29%20%7B%7D%2C%0A%20%20getComputedStyle%20%28%29%20%7B%0A%20%20return%20%7B%0A%20%20getPropertyValue%20%28%29%20%7B%0A%20%20return%20%27%27%3B%0A%20%20%7D%0A%20%20%7D%3B%0A%20%20%7D%2C%0A%20%20Image%20%28%29%20%7B%7D%2C%0A%20%20Date%20%28%29%20%7B%7D%2C%0A%20%20screen%3A%20%7B%7D%2C%0A%20%20setTimeout%20%28%29%20%7B%7D%2C%0A%20%20clearTimeout%20%28%29%20%7B%7D%2C%0A%20%20matchMedia%20%28%29%20%7B%0A%20%20return%20%7B%7D%3B%0A%20%20%7D%2C%0A%20%20requestAnimationFrame%20%28callback%29%20%7B%0A%20%20if%20%28typeof%20setTimeout%20%3D%3D%3D%20%27undefined%27%29%20%7B%0A%20%20callback%28%29%3B%0A%20%20return%20null%3B%0A%20%20%7D%0A%20%20return%20setTimeout%28callback%2C%200%29%3B%0A%20%20%7D%2C%0A%20%20cancelAnimationFrame%20%28id%29%20%7B%0A%20%20if%20%28typeof%20setTimeout%20%3D%3D%3D%20%27undefined%27%29%20%7B%0A%20%20return%3B%0A%20%20%7D%0A%20%20clearTimeout%28id%29%3B%0A%20%20%7D%0A%20%20%7D%3B%0A%20%20function%20getWindow%28%29%20%7B%0A%20%20const%20win%20%3D%20%28%22TURBOPACK%20compile-time%20falsy%22%2C%200%29%20%3F%20%22TURBOPACK%20unreachable%22%20%3A%20%7B%7D%3B%0A%20%20extend%28win%2C%20ssrWindow%29%3B%0A%20%20return%20win%3B%0A%20%20%7D%0A%20%20%3B%0A%20%20%3B%0A%20%20function%20classesToTokens%28classes%20%3D%20%27%27%29%20%7B%0A%20%20return%20classes.trim%28%29.split%28%27%20%27%29.filter%28%28c%29%3D%3E%21%21c.trim%28%29%29%3B%0A%20%20%7D%0A%20%20function%20deleteProps%28obj%29%20%7B%0A%20%20const%20object%20%3D%20obj%3B%0A%20%20Object.keys%28object%29.forEach%28%28key%29%3D%3E%7B%0A%20%20try%20%7B%0A%20%20object%5Bkey%5D%20%3D%20null%3B%0A%20%20%7D%20catch%20%28e%29%20%7B%0A%20%20%2F%2F%20no%20getter%20for%20object%0A%20%20%7D%0A%20%20try%20%7B%0A%20%20delete%20object%5Bkey%5D%3B%0A%20%20%7D%20catch%20%28e%29%20%7B%0A%20%20%2F%2F%20something%20got%20wrong%0A%20%20%7D%0A%20%20%7D%29%3B%0A%20%20%7D%0A%20%20function%20nextTick%28callback%2C%20delay%20%3D%200%29%20%7B%0A%20%20return%20setTimeout%28callback%2C%20delay%29%3B%0A%20%20%7D%0A%20%20function%20now%28%29%20%7B%0A%20%20return%20Date.now%28%29%3B%0A%20%20%7D%0A%20%20function%20getComputedStyle1%28el%29%20%7B%0A%20%20const%20window1%20%3D%20getWindow%28%29%3B%0A%20%20let%20style%3B%0A%20%20if%20%28window1.getComputedStyle%29%20%7B%0A%20%20style%20%3D%20window1.getComputedStyle%28el%2C%20null%29%3B%0A%20%20%7D%0A%20%20if%20%28%21style%20%26%26%20el.currentStyle%29%20%7B%0A%20%20style%20%3D%20el.currentStyle%3B%0A%20%20%7D%0A%20%20if%20%28%21style%29%20%7B%0A%20%20style%20%3D%20el.style%3B%0A%20%20%7D%0A%20%20return%20style%3B%0A%20%20%7D%0A%20%20function%20getTranslate%28el%2C%20axis%20%3D%20%27x%27%29%20%7B%0A%20%20const%20window1%20%3D%20getWindow%28%29%3B%0A%20%20let%20matrix%3B%0A%20%20let%20curTransform%3B%0A%20%20let%20transformMatrix%3B%0A%20%20const%20curStyle%20%3D%20getComputedStyle1%28el%29%3B%0A%20%20if%20%28window1.WebKitCSSMatrix%29%20%7B%0A%20%20curTransform%20%3D%20curStyle.transform%20%7C%7C%20curStyle.webkitTransform%3B%0A%20%20if%20%28curTransform.split%28%27%2C%27%29.length%20%3E%206%29%20%7B%0A%20%20curTransform%20%3D%20curTransform.split%28%27%2C%20%27%29.map%28%28a1%29%3D%3Ea1.replace%28%27%2C%27%2C%20%27.%27%29%29.join%28%27%2C%20%27%29%3B%0A%20%20%7D%0A%20%20%2F%2F%20Some%20old%20versions%20of%20Webkit%20choke%20when%20%27none%27%20is%20passed%3B%20pass%0A%20%20%2F%2F%20empty%20string%20instead%20in%20this%20case%0A%20%20transformMatrix%20%3D%20new%20window1.WebKitCSSMatrix%28curTransform%20%3D%3D%3D%20%27none%27%20%3F%20%27%27%20%3A%20curTransform%29%3B%0A%20%20%7D%20else%20%7B%0A%20%20transformMatrix%20%3D%20curStyle.MozTransform%20%7C%7C%20curStyle.OTransform%20%7C%7C%20curStyle.MsTransform%20%7C%7C%20curStyle.msTransform%20%7C%7C%20curStyle.transform%20%7C%7C%20curStyle.getPropertyValue%28%27transform%27%29.replace%28%27translate%28%27%2C%20%27matrix%281%2C%200%2C%200%2C%201%2C%27%29%3B%0A%20%20matrix%20%3D%20transformMatrix.toString%28%29.split%28%27%2C%27%29%3B%0A%20%20%7D%0A%20%20if%20%28axis%20%3D%3D%3D%20%27x%27%29%20%7B%0A%20%20%2F%2F%20Latest%20Chrome%20and%20webkits%20Fix%0A%20%20if%20%28window1.WebKitCSSMatrix%29%20curTransform%20%3D%20transformMatrix.m41%3B%0A%20%20else%20if%20%28matrix.length%20%3D%3D%3D%2016%29%20curTransform%20%3D%20parseFloat%28matrix%5B12%5D%29%3B%0A%20%20else%20curTransform%20%3D%20parseFloat%28matrix%5B4%5D%29%3B%0A%20%20%7D%0A%20%20if%20%28axis%20%3D%3D%3D%20%27y%27%29%20%7B%0A%20%20%2F%2F%20Latest%20Chrome%20and%20webkits%20Fix%0A%20%20if%20%28window1.WebKitCSSMatrix%29%20curTransform%20%3D%20transformMatrix.m42%3B%0A%20%20else%20if%20%28matrix.length%20%3D%3D%3D%2016%29%20curTransform%20%3D%20parseFloat%28matrix%5B13%5D%29%3B%0A%20%20else%20curTransform%20%3D%20parseFloat%28matrix%5B5%5D%29%3B%0A%20%20%7D%0A%20%20return%20curTransform%20%7C%7C%200%3B%0A%20%20%7D%0A%20%20function%20isObject1%28o%29%20%7B%0A%20%20return%20typeof%20o%20%3D%3D%3D%20%27object%27%20%26%26%20o%20%21%3D%3D%20null%20%26%26%20o.constructor%20%26%26%20Object.prototype.toString.call%28o%29.slice%288%2C%20-1%29%20%3D%3D%3D%20%27Object%27%3B%0A%20%20%7D%0A%20%20function%20isNode%28node%29%20%7B%0A%20%20%2F%2F%20eslint-disable-next-line%0A%20%20if%20%28%22TURBOPACK%20compile-time%20falsy%22%2C%200%29%20%2F%2FTURBOPACK%20unreachable%0A%20%20%3B%0A%20%20return%20node%20%26%26%20%28node.nodeType%20%3D%3D%3D%201%20%7C%7C%20node.nodeType%20%3D%3D%3D%2011%29%3B%0A%20%20%7D%0A%20%20function%20extend1%28...args%29%20%7B%0A%20%20const%20to%20%3D%20Object%28args%5B0%5D%29%3B%0A%20%20for%28let%20i%20%3D%201%3B%20i%20%3C%20args.length%3B%20i%20%2B%3D%201%29%7B%0A%20%20const%20nextSource%20%3D%20args%5Bi%5D%3B%0A%20%20if%20%28nextSource%20%21%3D%3D%20undefined%20%26%26%20nextSource%20%21%3D%3D%20null%20%26%26%20%21isNode%28nextSource%29%29%20%7B%0A%20%20const%20keysArray%20%3D%20Object.keys%28Object%28nextSource%29%29.filter%28%28key%29%3D%3Ekey%20%21%3D%3D%20%27__proto__%27%20%26%26%20key%20%21%3D%3D%20%27constructor%27%20%26%26%20key%20%21%3D%3D%20%27prototype%27%29%3B%0A%20%20for%28let%20nextIndex%20%3D%200%2C%20len%20%3D%20keysArray.length%3B%20nextIndex%20%3C%20len%3B%20nextIndex%20%2B%3D%201%29%7B%0A%20%20const%20nextKey%20%3D%20keysArray%5BnextIndex%5D%3B%0A%20%20const%20desc%20%3D%20Object.getOwnPropertyDescriptor%28nextSource%2C%20nextKey%29%3B%0A%20%20if%20%28desc%20%21%3D%3D%20undefined%20%26%26%20desc.enumerable%29%20%7B%0A%20%20if%20%28isObject1%28to%5BnextKey%5D%29%20%26%26%20isObject1%28nextSource%5BnextKey%5D%29%29%20%7B%0A%20%20if%20%28nextSource%5BnextKey%5D.__swiper__%29%20%7B%0A%20%20to%5BnextKey%5D%20%3D%20nextSource%5BnextKey%5D%3B%0A%20%20%7D%20else%20%7B%0A%20%20extend1%28to%5BnextKey%5D%2C%20nextSource%5BnextKey%5D%29%3B%0A%20%20%7D%0A%20%20%7D%20else%20if%20%28%21isObject1%28to%5BnextKey%5D%29%20%26%26%20isObject1%28nextSource%5BnextKey%5D%29%29%20%7B%0A%20%20to%5BnextKey%5D%20%3D%20%7B%7D%3B%0A%20%20if%20%28nextSource%5BnextKey%5D.__swiper__%29%20%7B%0A%20%20to%5BnextKey%5D%20%3D%20nextSource%5BnextKey%5D%3B%0A%20%20%7D%20else%20%7B%0A%20%20extend1%28to%5BnextKey%5D%2C%20nextSource%5BnextKey%5D%29%3B%0A%20%20%7D%0A%20%20%7D%20else%20%7B%0A%20%20to%5BnextKey%5D%20%3D%20nextSource%5BnextKey%5D%3B%0A%20%20%7D%0A%20%20%7D%0A%20%20%7D%0A%20%20%7D%0A%20%20%7D%0A%20%20return%20to%3B%0A%20%20%7D%0A%20%20function%20setCSSProperty%28el%2C%20varName%2C%20varValue%29%20%7B%0A%20%20el.style.setProperty%28varName%2C%20varValue%29%3B%0A%20%20%7D%0A%20%20function%20animateCSSModeScroll%28%7B%20swiper%2C%20targetPosition%2C%20side%20%7D%29%20%7B%0A%20%20const%20window1%20%3D%20getWindow%28%29%3B%0A%20%20const%20startPosition%20%3D%20-swiper.translate%3B%0A%20%20let%20startTime%20%3D%20null%3B%0A%20%20let%20time%3B%0A%20%20const%20duration%20%3D%20swiper.params.speed%3B%0A%20%20swiper.wrapperEl.style.scrollSnapType%20%3D%20%27none%27%3B%0A%20%20window1.cancelAnimationFrame%28swiper.cssModeFrameID%29%3B%0A%20%20const%20dir%20%3D%20targetPosition%20%3E%20startPosition%20%3F%20%27next%27%20%3A%20%27prev%27%3B%0A%20%20const%20isOutOfBound%20%3D%20%28current%2C%20target%29%3D%3E%7B%0A%20%20return%20dir%20%3D%3D%3D%20%27next%27%20%26%26%20current%20%3E%3D%20target%20%7C%7C%20dir%20%3D%3D%3D%20%27prev%27%20%26%26%20current%20%3C%3D%20target%3B%0A%20%20%7D%3B%0A%20%20const%20animate%20%3D%20%28%29%3D%3E%7B%0A%20%20time%20%3D%20new%20Date%28%29.getTime%28%29%3B%0A%20%20if%20%28startTime%20%3D%3D%3D%20null%29%20%7B%0A%20%20startTime%20%3D%20time%3B%0A%20%20%7D%0A%20%20const%20progress%20%3D%20Math.max%28Math.min%28%28time%20-%20startTime%29%20%2F%20duration%2C%201%29%2C%200%29%3B%0A%20%20const%20easeProgress%20%3D%200.5%20-%20Math.cos%28progress%20%2A%20Math.PI%29%20%2F%202%3B%0A%20%20let%20currentPosition%20%3D%20startPosition%20%2B%20easeProgress%20%2A%20%28targetPosition%20-%20startPosition%29%3B%0A%20%20if%20%28isOutOfBound%28currentPosition%2C%20targetPosition%29%29%20%7B%0A%20%20currentPosition%20%3D%20targetPosition%3B%0A%20%20%7D%0A%20%20swiper.wrapperEl.scrollTo%28%7B%0A%20%20%5Bside%5D%3A%20currentPosition%0A%20%20%7D%29%3B%0A%20%20if%20%28isOutOfBound%28currentPosition%2C%20targetPosition%29%29%20%7B%0A%20%20swiper.wrapperEl.style.overflow%20%3D%20%27hidden%27%3B%0A%20%20swiper.wrapperEl.style.scrollSnapType%20%3D%20%27%27%3B%0A%20%20setTimeout%28%28%29%3D%3E%7B%0A%20%20swiper.wrapperEl.style.overflow%20%3D%20%27%27%3B%0A%20%20swiper.wrapperEl.scrollTo%28%7B%0A%20%20%5Bside%5D%3A%20currentPosition%0A%20%20%7D%29%3B%0A%20%20%7D%29%3B%0A%20%20window1.cancelAnimationFrame%28swiper.cssModeFrameID%29%3B%0A%20%20return%3B%0A%20%20%7D%0A%20%20swiper.cssModeFrameID%20%3D%20window1.requestAnimationFrame%28animate%29%3B%0A%20%20%7D%3B%0A%20%20animate%28%29%3B%0A%20%20%7D%0A%20%20function%20getSlideTransformEl%28slideEl%29%20%7B%0A%20%20return%20slideEl.querySelector%28%27.swiper-slide-transform%27%29%20%7C%7C%20slideEl.shadowRoot%20%26%26%20slideEl.shadowRoot.querySelector%28%27.swiper-slide-transform%27%29%20%7C%7C%20slideEl%3B%0A%20%20%7D%0A%20%20function%20elementChildren%28element%2C%20selector%20%3D%20%27%27%29%20%7B%0A%20%20const%20window1%20%3D%20getWindow%28%29%3B%0A%20%20const%20children%20%3D%20%5B%0A%20%20...element.children%0A%20%20%5D%3B%0A%20%20if%20%28window1.HTMLSlotElement%20%26%26%20element%20instanceof%20HTMLSlotElement%29%20%7B%0A%20%20children.push%28...element.assignedElements%28%29%29%3B%0A%20%20%7D%0A%20%20if%20%28%21selector%29%20%7B%0A%20%20return%20children%3B%0A%20%20%7D%0A%20%20return%20children.filter%28%28el%29%3D%3Eel.matches%28selector%29%29%3B%0A%20%20%7D%0A%20%20function%20elementIsChildOfSlot%28el%2C%20slot%29%20%7B%0A%20%20%2F%2F%20Breadth-first%20search%20through%20all%20parent%27s%20children%20and%20assigned%20elements%0A%20%20const%20elementsQueue%20%3D%20%5B%0A%20%20slot%0A%20%20%5D%3B%0A%20%20while%28elementsQueue.length%20%3E%200%29%7B%0A%20%20const%20elementToCheck%20%3D%20elementsQueue.shift%28%29%3B%0A%20%20if%20%28el%20%3D%3D%3D%20elementToCheck%29%20%7B%0A%20%20return%20true%3B%0A%20%20%7D%0A%20%20elementsQueue.push%28...elementToCheck.children%2C%20...elementToCheck.shadowRoot%20%3F%20elementToCheck.shadowRoot.children%20%3A%20%5B%5D%2C%20...elementToCheck.assignedElements%20%3F%20elementToCheck.assignedElements%28%29%20%3A%20%5B%5D%29%3B%0A%20%20%7D%0A%20%20%7D%0A%20%20function%20elementIsChildOf%28el%2C%20parent%29%20%7B%0A%20%20const%20window1%20%3D%20getWindow%28%29%3B%0A%20%20let%20isChild%20%3D%20parent.contains%28el%29%3B%0A%20%20if%20%28%21isChild%20%26%26%20window1.HTMLSlotElement%20%26%26%20parent%20instanceof%20HTMLSlotElement%29%20%7B%0A%20%20const%20children%20%3D%20%5B%0A%20%20...parent.assignedElements%28%29%0A%20%20%5D%3B%0A%20%20isChild%20%3D%20children.includes%28el%29%3B%0A%20%20if%20%28%21isChild%29%20%7B%0A%20%20isChild%20%3D%20elementIsChildOfSlot%28el%2C%20parent%29%3B%0A%20%20%7D%0A%20%20%7D%0A%20%20return%20isChild%3B%0A%20%20%7D%0A%20%20function%20showWarning%28text%29%20%7B%0A%20%20try%20%7B%0A%20%20console.warn%28text%29%3B%0A%20%20return%3B%0A%20%20%7D%20catch%20%28err%29%20%7B%0A%20%20%2F%2F%20err%0A%20%20%7D%0A%20%20%7D%0A%20%20function%20createElement%28tag%2C%20classes%20%3D%20%5B%5D%29%20%7B%0A%20%20const%20el%20%3D%20document.createElement%28tag%29%3B%0A%20%20el.classList.add%28...Array.isArray%28classes%29%20%3F%20classes%20%3A%20classesToTokens%28classes%29%29%3B%0A%20%20return%20el%3B%0A%20%20%7D%0A%20%20function%20elementOffset%28el%29%20%7B%0A%20%20const%20window1%20%3D%20getWindow%28%29%3B%0A%20%20const%20document1%20%3D%20getDocument%28%29%3B%0A%20%20const%20box%20%3D%20el.getBoundingClientRect%28%29%3B%0A%20%20const%20body%20%3D%20document1.body%3B%0A%20%20const%20clientTop%20%3D%20el.clientTop%20%7C%7C%20body.clientTop%20%7C%7C%200%3B%0A%20%20const%20clientLeft%20%3D%20el.clientLeft%20%7C%7C%20body.clientLeft%20%7C%7C%200%3B%0A%20%20const%20scrollTop%20%3D%20el%20%3D%3D%3D%20window1%20%3F%20window1.scrollY%20%3A%20el.scrollTop%3B%0A%20%20const%20scrollLeft%20%3D%20el%20%3D%3D%3D%20window1%20%3F%20window1.scrollX%20%3A%20el.scrollLeft%3B%0A%20%20return%20%7B%0A%20%20top%3A%20box.top%20%2B%20scrollTop%20-%20clientTop%2C%0A%20%20left%3A%20box.left%20%2B%20scrollLeft%20-%20clientLeft%0A%20%20%7D%3B%0A%20%20%7D%0A%20%20function%20elementPrevAll%28el%2C%20selector%29%20%7B%0A%20%20const%20prevEls%20%3D%20%5B%5D%3B%0A%20%20while%28el.previousElementSibling%29%7B%0A%20%20const%20prev%20%3D%20el.previousElementSibling%3B%20%2F%2F%20eslint-disable-line%0A%20%20if%20%28selector%29%20%7B%0A%20%20if%20%28prev.matches%28selector%29%29%20prevEls.push%28prev%29%3B%0A%20%20%7D%20else%20prevEls.push%28prev%29%3B%0A%20%20el%20%3D%20prev%3B%0A%20%20%7D%0A%20%20return%20prevEls%3B%0A%20%20%7D%0A%20%20function%20elementNextAll%28el%2C%20selector%29%20%7B%0A%20%20const%20nextEls%20%3D%20%5B%5D%3B%0A%20%20while%28el.nextElementSibling%29%7B%0A%20%20const%20next%20%3D%20el.nextElementSibling%3B%20%2F%2F%20eslint-disable-line%0A%20%20if%20%28selector%29%20%7B%0A%20%20if%20%28next.matches%28selector%29%29%20nextEls.push%28next%29%3B%0A%20%20%7D%20else%20nextEls.push%28next%29%3B%0A%20%20el%20%3D%20next%3B%0A%20%20%7D%0A%20%20return%20nextEls%3B%0A%20%20%7D%0A%20%20function%20elementStyle%28el%2C%20prop%29%20%7B%0A%20%20const%20window1%20%3D%20getWindow%28%29%3B%0A%20%20return%20window1.getComputedStyle%28el%2C%20null%29.getPropertyValue%28prop%29%3B%0A%20%20%7D%0A%20%20function%20elementIndex%28el%29%20%7B%0A%20%20let%20child%20%3D%20el%3B%0A%20%20let%20i%3B%0A%20%20if%20%28child%29%20%7B%0A%20%20i%20%3D%200%3B%0A%20%20%2F%2F%20eslint-disable-next-line%0A%20%20while%28%28child%20%3D%20child.previousSibling%29%20%21%3D%3D%20null%29%7B%0A%20%20if%20%28child.nodeType%20%3D%3D%3D%201%29%20i%20%2B%3D%201%3B%0A%20%20%7D%0A%20%20return%20i%3B%0A%20%20%7D%0A%20%20return%20undefined%3B%0A%20%20%7D%0A%20%20function%20elementParents%28el%2C%20selector%29%20%7B%0A%20%20const%20parents%20%3D%20%5B%5D%3B%20%2F%2F%20eslint-disable-line%0A%20%20let%20parent%20%3D%20el.parentElement%3B%20%2F%2F%20eslint-disable-line%0A%20%20while%28parent%29%7B%0A%20%20if%20%28selector%29%20%7B%0A%20%20if%20%28parent.matches%28selector%29%29%20parents.push%28parent%29%3B%0A%20%20%7D%20else%20%7B%0A%20%20parents.push%28parent%29%3B%0A%20%20%7D%0A%20%20parent%20%3D%20parent.parentElement%3B%0A%20%20%7D%0A%20%20return%20parents%3B%0A%20%20%7D%0A%20%20function%20elementTransitionEnd%28el%2C%20callback%29%20%7B%0A%20%20function%20fireCallBack%28e%29%20%7B%0A%20%20if%20%28e.target%20%21%3D%3D%20el%29%20return%3B%0A%20%20callback.call%28el%2C%20e%29%3B%0A%20%20el.removeEventListener%28%27transitionend%27%2C%20fireCallBack%29%3B%0A%20%20%7D%0A%20%20if%20%28callback%29%20%7B%0A%20%20el.addEventListener%28%27transitionend%27%2C%20fireCallBack%29%3B%0A%20%20%7D%0A%20%20%7D%0A%20%20function%20elementOuterSize%28el%2C%20size%2C%20includeMargins%29%20%7B%0A%20%20const%20window1%20%3D%20getWindow%28%29%3B%0A%20%20if%20%28includeMargins%29%20%7B%0A%20%20return%20el%5Bsize%20%3D%3D%3D%20%27width%27%20%3F%20%27offsetWidth%27%20%3A%20%27offsetHeight%27%5D%20%2B%20parseFloat%28window1.getComputedStyle%28el%2C%20null%29.getPropertyValue%28size%20%3D%3D%3D%20%27width%27%20%3F%20%27margin-right%27%20%3A%20%27margin-top%27%29%29%20%2B%20parseFloat%28window1.getComputedStyle%28el%2C%20null%29.getPropertyValue%28size%20%3D%3D%3D%20%27width%27%20%3F%20%27margin-left%27%20%3A%20%27margin-bottom%27%29%29%3B%0A%20%20%7D%0A%20%20return%20el.offsetWidth%3B%0A%20%20%7D%0A%20%20function%20makeElementsArray%28el%29%20%7B%0A%20%20return%20%28Array.isArray%28el%29%20%3F%20el%20%3A%20%5B%0A%20%20el%0A%20%20%5D%29.filter%28%28e%29%3D%3E%21%21e%29%3B%0A%20%20%7D%0A%20%20function%20getRotateFix%28swiper%29%20%7B%0A%20%20return%20%28v%29%3D%3E%7B%0A%20%20if%20%28Math.abs%28v%29%20%3E%200%20%26%26%20swiper.browser%20%26%26%20swiper.browser.need3dFix%20%26%26%20Math.abs%28v%29%20%25%2090%20%3D%3D%3D%200%29%20%7B%0A%20%20return%20v%20%2B%200.001%3B%0A%20%20%7D%0A%20%20return%20v%3B%0A%20%20%7D%3B%0A%20%20%7D%0A%20%20function%20setInnerHTML%28el%2C%20html%20%3D%20%27%27%29%20%7B%0A%20%20if%20%28typeof%20trustedTypes%20%21%3D%3D%20%27undefined%27%29%20%7B%0A%20%20el.innerHTML%20%3D%20trustedTypes.createPolicy%28%27html%27%2C%20%7B%0A%20%20createHTML%3A%20%28s%29%3D%3Es%0A%20%20%7D%29.createHTML%28html%29%3B%0A%20%20%7D%20else%20%7B%0A%20%20el.innerHTML%20%3D%20html%3B%0A%20%20%7D%0A%20%20%7D%0A%20%20%3B%0A%20%20%3B%0A%20%20%3B%0A%20%20let%20support%3B%0A%20%20function%20calcSupport%28%29%20%7B%0A%20%20const%20window1%20%3D%20getWindow%28%29%3B%0A%20%20const%20document1%20%3D%20getDocument%28%29%3B%0A%20%20return%20%7B%0A%20%20smoothScroll%3A%20document1.documentElement%20%26%26%20document1.documentElement.style%20%26%26%20%27scrollBehavior%27%20in%20document1.documentElement.style%2C%0A%20%20touch%3A%20%21%21%28%27ontouchstart%27%20in%20window1%20%7C%7C%20window1.DocumentTouch%20%26%26%20document1%20instanceof%20window1.DocumentTouch%29%0A%20%20%7D%3B%0A%20%20%7D%0A%20%20function%20getSupport%28%29%20%7B%0A%20%20if%20%28%21support%29%20%7B%0A%20%20support%20%3D%20calcSupport%28%29%3B%0A%20%20%7D%0A%20%20return%20support%3B%0A%20%20%7D%0A%20%20let%20deviceCached%3B%0A%20%20function%20calcDevice%28%7B%20userAgent%20%7D%20%3D%20%7B%7D%29%20%7B%0A%20%20const%20support%20%3D%20getSupport%28%29%3B%0A%20%20const%20window1%20%3D%20getWindow%28%29%3B%0A%20%20const%20platform%20%3D%20window1.navigator.platform%3B%0A%20%20const%20ua%20%3D%20userAgent%20%7C%7C%20window1.navigator.userAgent%3B%0A%20%20const%20device%20%3D%20%7B%0A%20%20ios%3A%20false%2C%0A%20%20android%3A%20false%0A%20%20%7D%3B%0A%20%20const%20screenWidth%20%3D%20window1.screen.width%3B%0A%20%20const%20screenHeight%20%3D%20window1.screen.height%3B%0A%20%20const%20android%20%3D%20ua.match%28%2F%28Android%29%3B%3F%5B%5Cs%5C%2F%5D%2B%28%5B%5Cd.%5D%2B%29%3F%2F%29%3B%20%2F%2F%20eslint-disable-line%0A%20%20let%20ipad%20%3D%20ua.match%28%2F%28iPad%29%28%3F%21%5C1%29.%2AOS%5Cs%28%5B%5Cd_%5D%2B%29%2F%29%3B%0A%20%20const%20ipod%20%3D%20ua.match%28%2F%28iPod%29%28.%2AOS%5Cs%28%5B%5Cd_%5D%2B%29%29%3F%2F%29%3B%0A%20%20const%20iphone%20%3D%20%21ipad%20%26%26%20ua.match%28%2F%28iPhone%5CsOS%7CiOS%29%5Cs%28%5B%5Cd_%5D%2B%29%2F%29%3B%0A%20%20const%20windows%20%3D%20platform%20%3D%3D%3D%20%27Win32%27%3B%0A%20%20let%20macos%20%3D%20platform%20%3D%3D%3D%20%27MacIntel%27%3B%0A%20%20%2F%2F%20iPadOs%2013%20fix%0A%20%20const%20iPadScreens%20%3D%20%5B%0A%20%20%271024x1366%27%2C%0A%20%20%271366x1024%27%2C%0A%20%20%27834x1194%27%2C%0A%20%20%271194x834%27%2C%0A%20%20%27834x1112%27%2C%0A%20%20%271112x834%27%2C%0A%20%20%27768x1024%27%2C%0A%20%20%271024x768%27%2C%0A%20%20%27820x1180%27%2C%0A%20%20%271180x820%27%2C%0A%20%20%27810x1080%27%2C%0A%20%20%271080x810%27%0A%20%20%5D%3B%0A%20%20if%20%28%21ipad%20%26%26%20macos%20%26%26%20support.touch%20%26%26%20iPadScreens.indexOf%28%60%24%7BscreenWidth%7Dx%24%7BscreenHeight%7D%60%29%20%3E%3D%200%29%20%7B%0A%20%20ipad%20%3D%20ua.match%28%2F%28Version%29%5C%2F%28%5B%5Cd.%5D%2B%29%2F%29%3B%0A%20%20if%20%28%21ipad%29%20ipad%20%3D%20%5B%0A%20%200%2C%0A%20%201%2C%0A%20%20%2713_0_0%27%0A%20%20%5D%3B%0A%20%20macos%20%3D%20false%3B%0A%20%20%7D%0A%20%20%2F%2F%20Android%0A%20%20if%20%28android%20%26%26%20%21windows%29%20%7B%0A%20%20device.os%20%3D%20%27android%27%3B%0A%20%20device.android%20%3D%20true%3B%0A%20%20%7D%0A%20%20if%20%28ipad%20%7C%7C%20iphone%20%7C%7C%20ipod%29%20%7B%0A%20%20device.os%20%3D%20%27ios%27%3B%0A%20%20device.ios%20%3D%20true%3B%0A%20%20%7D%0A%20%20%2F%2F%20Export%20object%0A%20%20return%20device%3B%0A%20%20%7D%0A%20%20function%20getDevice%28overrides%20%3D%20%7B%7D%29%20%7B%0A%20%20if%20%28%21deviceCached%29%20%7B%0A%20%20deviceCached%20%3D%20calcDevice%28overrides%29%3B%0A%20%20%7D%0A%20%20return%20deviceCached%3B%0A%20%20%7D%0A%20%20let%20browser%3B%0A%20%20function%20calcBrowser%28%29%20%7B%0A%20%20const%20window1%20%3D%20getWindow%28%29%3B%0A%20%20const%20device%20%3D%20getDevice%28%29%3B%0A%20%20let%20needPerspectiveFix%20%3D%20false%3B%0A%20%20function%20isSafari%28%29%20%7B%0A%20%20const%20ua%20%3D%20window1.navigator.userAgent.toLowerCase%28%29%3B%0A%20%20return%20ua.indexOf%28%27safari%27%29%20%3E%3D%200%20%26%26%20ua.indexOf%28%27chrome%27%29%20%3C%200%20%26%26%20ua.indexOf%28%27android%27%29%20%3C%200%3B%0A%20%20%7D%0A%20%20if%20%28isSafari%28%29%29%20%7B%0A%20%20const%20ua%20%3D%20String%28window1.navigator.userAgent%29%3B%0A%20%20if%20%28ua.includes%28%27Version%2F%27%29%29%20%7B%0A%20%20const%20%5Bmajor%2C%20minor%5D%20%3D%20ua.split%28%27Version%2F%27%29%5B1%5D.split%28%27%20%27%29%5B0%5D.split%28%27.%27%29.map%28%28num%29%3D%3ENumber%28num%29%29%3B%0A%20%20needPerspectiveFix%20%3D%20major%20%3C%2016%20%7C%7C%20major%20%3D%3D%3D%2016%20%26%26%20minor%20%3C%202%3B%0A%20%20%7D%0A%20%20%7D%0A%20%20const%20isWebView%20%3D%20%2F%28iPhone%7CiPod%7CiPad%29.%2AAppleWebKit%28%3F%21.%2ASafari%29%2Fi.test%28window1.navigator.userAgent%29%3B%0A%20%20const%20isSafariBrowser%20%3D%20isSafari%28%29%3B%0A%20%20const%20need3dFix%20%3D%20isSafariBrowser%20%7C%7C%20isWebView%20%26%26%20device.ios%3B%0A%20%20return%20%7B%0A%20%20isSafari%3A%20needPerspectiveFix%20%7C%7C%20isSafariBrowser%2C%0A%20%20needPerspectiveFix%2C%0A%20%20need3dFix%2C%0A%20%20isWebView%0A%20%20%7D%3B%0A%20%20%7D%0A%20%20function%20getBrowser%28%29%20%7B%0A%20%20if%20%28%21browser%29%20%7B%0A%20%20browser%20%3D%20calcBrowser%28%29%3B%0A%20%20%7D%0A%20%20return%20browser%3B%0A%20%20%7D%0A%20%20function%20Resize%28%7B%20swiper%2C%20on%2C%20emit%20%7D%29%20%7B%0A%20%20const%20window1%20%3D%20getWindow%28%29%3B%0A%20%20let%20observer%20%3D%20null%3B%0A%20%20let%20animationFrame%20%3D%20null%3B%0A%20%20const%20resizeHandler%20%3D%20%28%29%3D%3E%7B%0A%20%20if%20%28%21swiper%20%7C%7C%20swiper.destroyed%20%7C%7C%20%21swiper.initialized%29%20return%3B%0A%20%20emit%28%27beforeResize%27%29%3B%0A%20%20emit%28%27resize%27%29%3B%0A%20%20%7D%3B%0A%20%20const%20createObserver%20%3D%20%28%29%3D%3E%7B%0A%20%20if%20%28%21swiper%20%7C%7C%20swiper.destroyed%20%7C%7C%20%21swiper.initialized%29%20return%3B%0A%20%20observer%20%3D%20new%20ResizeObserver%28%28entries%29%3D%3E%7B%0A%20%20animationFrame%20%3D%20window1.requestAnimationFrame%28%28%29%3D%3E%7B%0A%20%20const%20%7B%20width%2C%20height%20%7D%20%3D%20swiper%3B%0A%20%20let%20newWidth%20%3D%20width%3B%0A%20%20let%20newHeight%20%3D%20height%3B%0A%20%20entries.forEach%28%28%7B%20contentBoxSize%2C%20contentRect%2C%20target%20%7D%29%3D%3E%7B%0A%20%20if%20%28target%20%26%26%20target%20%21%3D%3D%20swiper.el%29%20return%3B%0A%20%20newWidth%20%3D%20contentRect%20%3F%20contentRect.width%20%3A%20%28contentBoxSize%5B0%5D%20%7C%7C%20contentBoxSize%29.inlineSize%3B%0A%20%20newHeight%20%3D%20contentRect%20%3F%20contentRect.height%20%3A%20%28contentBoxSize%5B0%5D%20%7C%7C%20contentBoxSize%29.blockSize%3B%0A%20%20%7D%29%3B%0A%20%20if%20%28newWidth%20%21%3D%3D%20width%20%7C%7C%20newHeight%20%21%3D%3D%20height%29%20%7B%0A%20%20resizeHandler%28%29%3B%0A%20%20%7D%0A%20%20%7D%29%3B%0A%20%20%7D%29%3B%0A%20%20observer.observe%28swiper.el%29%3B%0A%20%20%7D%3B%0A%20%20const%20removeObserver%20%3D%20%28%29%3D%3E%7B%0A%20%20if%20%28animationFrame%29%20%7B%0A%20%20window1.cancelAnimationFrame%28animationFrame%29%3B%0A%20%20%7D%0A%20%20if%20%28observer%20%26%26%20observer.unobserve%20%26%26%20swiper.el%29%20%7B%0A%20%20observer.unobserve%28swiper.el%29%3B%0A%20%20observer%20%3D%20null%3B%0A%20%20%7D%0A%20%20%7D%3B%0A%20%20const%20orientationChangeHandler%20%3D%20%28%29%3D%3E%7B%0A%20%20if%20%28%21swiper%20%7C%7C%20swiper.destroyed%20%7C%7C%20%21swiper.initialized%29%20return%3B%0A%20%20emit%28%27orientationchange%27%29%3B%0A%20%20%7D%3B%0A%20%20on%28%27init%27%2C%20%28%29%3D%3E%7B%0A%20%20if%20%28swiper.params.resizeObserver%20%26%26%20typeof%20window1.ResizeObserver%20%21%3D%3D%20%27undefined%27%29%20%7B%0A%20%20createObserver%28%29%3B%0A%20%20return%3B%0A%20%20%7D%0A%20%20window1.addEventListener%28%27resize%27%2C%20resizeHandler%29%3B%0A%20%20window1.addEventListener%28%27orientationchange%27%2C%20orientationChangeHandler%29%3B%0A%20%20%7D%29%3B%0A%20%20on%28%27destroy%27%2C%20%28%29%3D%3E%7B%0A%20%20removeObserver%28%29%3B%0A%20%20window1.removeEventListener%28%27resize%27%2C%20resizeHandler%29%3B%0A%20%20window1.removeEventListener%28%27orientationchange%27%2C%20orientationChangeHandler%29%3B%0A%20%20%7D%29%3B%0A%20%20%7D%0A%20%20function%20Observer%28%7B%20swiper%2C%20extendParams%2C%20on%2C%20emit%20%7D%29%20%7B%0A%20%20const%20observers%20%3D%20%5B%5D%3B%0A%20%20const%20window1%20%3D%20getWindow%28%29%3B%0A%20%20const%20attach%20%3D%20%28target%2C%20options%20%3D%20%7B%7D%29%3D%3E%7B%0A%20%20const%20ObserverFunc%20%3D%20window1.MutationObserver%20%7C%7C%20window1.WebkitMutationObserver%3B%0A%20%20const%20observer%20%3D%20new%20ObserverFunc%28%28mutations%29%3D%3E%7B%0A%20%20%2F%2F%20The%20observerUpdate%20event%20should%20only%20be%20triggered%0A%20%20%2F%2F%20once%20despite%20the%20number%20of%20mutations.%20%20Additional%0A%20%20%2F%2F%20triggers%20are%20redundant%20and%20are%20very%20costly%0A%20%20if%20%28swiper.__preventObserver__%29%20return%3B%0A%20%20if%20%28mutations.length%20%3D%3D%3D%201%29%20%7B%0A%20%20emit%28%27observerUpdate%27%2C%20mutations%5B0%5D%29%3B%0A%20%20return%3B%0A%20%20%7D%0A%20%20const%20observerUpdate%20%3D%20function%20observerUpdate%28%29%20%7B%0A%20%20emit%28%27observerUpdate%27%2C%20mutations%5B0%5D%29%3B%0A%20%20%7D%3B%0A%20%20if%20%28window1.requestAnimationFrame%29%20%7B%0A%20%20window1.requestAnimationFrame%28observerUpdate%29%3B%0A%20%20%7D%20else%20%7B%0A%20%20window1.setTimeout%28observerUpdate%2C%200%29%3B%0A%20%20%7D%0A%20%20%7D%29%3B%0A%20%20observer.observe%28target%2C%20%7B%0A%20%20attributes%3A%20typeof%20options.attributes%20%3D%3D%3D%20%27undefined%27%20%3F%20true%20%3A%20options.attributes%2C%0A%20%20childList%3A%20swiper.isElement%20%7C%7C%20%28typeof%20options.childList%20%3D%3D%3D%20%27undefined%27%20%3F%20true%20%3A%20options%29.childList%2C%0A%20%20characterData%3A%20typeof%20options.characterData%20%3D%3D%3D%20%27undefined%27%20%3F%20true%20%3A%20options.characterData%0A%20%20%7D%29%3B%0A%20%20observers.push%28observer%29%3B%0A%20%20%7D%3B%0A%20%20const%20init%20%3D%20%28%29%3D%3E%7B%0A%20%20if%20%28%21swiper.params.observer%29%20return%3B%0A%20%20if%20%28swiper.params.observeParents%29%20%7B%0A%20%20const%20containerParents%20%3D%20elementParents%28swiper.hostEl%29%3B%0A%20%20for%28let%20i1%20%3D%200%3B%20i1%20%3C%20containerParents.length%3B%20i1%20%2B%3D%201%29%7B%0A%20%20attach%28containerParents%5Bi1%5D%29%3B%0A%20%20%7D%0A%20%20%7D%0A%20%20%2F%2F%20Observe%20container%0A%20%20attach%28swiper.hostEl%2C%20%7B%0A%20%20childList%3A%20swiper.params.observeSlideChildren%0A%20%20%7D%29%3B%0A%20%20%2F%2F%20Observe%20wrapper%0A%20%20attach%28swiper.wrapperEl%2C%20%7B%0A%20%20attributes%3A%20false%0A%20%20%7D%29%3B%0A%20%20%7D%3B%0A%20%20const%20destroy%20%3D%20%28%29%3D%3E%7B%0A%20%20observers.forEach%28%28observer%29%3D%3E%7B%0A%20%20observer.disconnect%28%29%3B%0A%20%20%7D%29%3B%0A%20%20observers.splice%280%2C%20observers.length%29%3B%0A%20%20%7D%3B%0A%20%20extendParams%28%7B%0A%20%20observer%3A%20false%2C%0A%20%20observeParents%3A%20false%2C%0A%20%20observeSlideChildren%3A%20false%0A%20%20%7D%29%3B%0A%20%20on%28%27init%27%2C%20init%29%3B%0A%20%20on%28%27destroy%27%2C%20destroy%29%3B%0A%20%20%7D%0A%20%20%2F%2A%20eslint-disable%20no-underscore-dangle%20%2A%2F%20var%20eventsEmitter%20%3D%20%7B%0A%20%20on%20%28events%2C%20handler%2C%20priority%29%20%7B%0A%20%20const%20self%20%3D%20this%3B%0A%20%20if%20%28%21self.eventsListeners%20%7C%7C%20self.destroyed%29%20return%20self%3B%0A%20%20if%20%28typeof%20handler%20%21%3D%3D%20%27function%27%29%20return%20self%3B%0A%20%20const%20method%20%3D%20priority%20%3F%20%27unshift%27%20%3A%20%27push%27%3B%0A%20%20events.split%28%27%20%27%29.forEach%28%28event1%29%3D%3E%7B%0A%20%20if%20%28%21self.eventsListeners%5Bevent1%5D%29%20self.eventsListeners%5Bevent1%5D%20%3D%20%5B%5D%3B%0A%20%20self.eventsListeners%5Bevent1%5D%5Bmethod%5D%28handler%29%3B%0A%20%20%7D%29%3B%0A%20%20return%20self%3B%0A%20%20%7D%2C%0A%20%20once%20%28events%2C%20handler%2C%20priority%29%20%7B%0A%20%20const%20self%20%3D%20this%3B%0A%20%20if%20%28%21self.eventsListeners%20%7C%7C%20self.destroyed%29%20return%20self%3B%0A%20%20if%20%28typeof%20handler%20%21%3D%3D%20%27function%27%29%20return%20self%3B%0A%20%20function%20onceHandler%28...args%29%20%7B%0A%20%20self.off%28events%2C%20onceHandler%29%3B%0A%20%20if%20%28onceHandler.__emitterProxy%29%20%7B%0A%20%20delete%20onceHandler.__emitterProxy%3B%0A%20%20%7D%0A%20%20handler.apply%28self%2C%20args%29%3B%0A%20%20%7D%0A%20%20onceHandler.__emitterProxy%20%3D%20handler%3B%0A%20%20return%20self.on%28events%2C%20onceHandler%2C%20priority%29%3B%0A%20%20%7D%2C%0A%20%20onAny%20%28handler%2C%20priority%29%20%7B%0A%20%20const%20self%20%3D%20this%3B%0A%20%20if%20%28%21self.eventsListeners%20%7C%7C%20self.destroyed%29%20return%20self%3B%0A%20%20if%20%28typeof%20handler%20%21%3D%3D%20%27function%27%29%20return%20self%3B%0A%20%20const%20method%20%3D%20priority%20%3F%20%27unshift%27%20%3A%20%27push%27%3B%0A%20%20if%20%28self.eventsAnyListeners.indexOf%28handler%29%20%3C%200%29%20%7B%0A%20%20self.eventsAnyListeners%5Bmethod%5D%28handler%29%3B%0A%20%20%7D%0A%20%20return%20self%3B%0A%20%20%7D%2C%0A%20%20offAny%20%28handler%29%20%7B%0A%20%20const%20self%20%3D%20this%3B%0A%20%20if%20%28%21self.eventsListeners%20%7C%7C%20self.destroyed%29%20return%20self%3B%0A%20%20if%20%28%21self.eventsAnyListeners%29%20return%20self%3B%0A%20%20const%20index%20%3D%20self.eventsAnyListeners.indexOf%28handler%29%3B%0A%20%20if%20%28index%20%3E%3D%200%29%20%7B%0A%20%20self.eventsAnyListeners.splice%28index%2C%201%29%3B%0A%20%20%7D%0A%20%20return%20self%3B%0A%20%20%7D%2C%0A%20%20off%20%28events%2C%20handler%29%20%7B%0A%20%20const%20self%20%3D%20this%3B%0A%20%20if%20%28%21self.eventsListeners%20%7C%7C%20self.destroyed%29%20return%20self%3B%0A%20%20if%20%28%21self.eventsListeners%29%20return%20self%3B%0A%20%20events.split%28%27%20%27%29.forEach%28%28event1%29%3D%3E%7B%0A%20%20if%20%28typeof%20handler%20%3D%3D%3D%20%27undefined%27%29%20%7B%0A%20%20self.eventsListeners%5Bevent1%5D%20%3D%20%5B%5D%3B%0A%20%20%7D%20else%20if%20%28self.eventsListeners%5Bevent1%5D%29%20%7B%0A%20%20self.eventsListeners%5Bevent1%5D.forEach%28%28eventHandler%2C%20index%29%3D%3E%7B%0A%20%20if%20%28eventHandler%20%3D%3D%3D%20handler%20%7C%7C%20eventHandler.__emitterProxy%20%26%26%20eventHandler.__emitterProxy%20%3D%3D%3D%20handler%29%20%7B%0A%20%20self.eventsListeners%5Bevent1%5D.splice%28index%2C%201%29%3B%0A%20%20%7D%0A%20%20%7D%29%3B%0A%20%20%7D%0A%20%20%7D%29%3B%0A%20%20return%20self%3B%0A%20%20%7D%2C%0A%20%20emit%20%28...args%29%20%7B%0A%20%20const%20self%20%3D%20this%3B%0A%20%20if%20%28%21self.eventsListeners%20%7C%7C%20self.destroyed%29%20return%20self%3B%0A%20%20if%20%28%21self.eventsListeners%29%20return%20self%3B%0A%20%20let%20events%3B%0A%20%20let%20data%3B%0A%20%20let%20context%3B%0A%20%20if%20%28typeof%20args%5B0%5D%20%3D%3D%3D%20%27string%27%20%7C%7C%20Array.isArray%28args%5B0%5D%29%29%20%7B%0A%20%20events%20%3D%20args%5B0%5D%3B%0A%20%20data%20%3D%20args.slice%281%2C%20args.length%29%3B%0A%20%20context%20%3D%20self%3B%0A%20%20%7D%20else%20%7B%0A%20%20events%20%3D%20args%5B0%5D.events%3B%0A%20%20data%20%3D%20args%5B0%5D.data%3B%0A%20%20context%20%3D%20args%5B0%5D.context%20%7C%7C%20self%3B%0A%20%20%7D%0A%20%20data.unshift%28context%29%3B%0A%20%20const%20eventsArray%20%3D%20Array.isArray%28events%29%20%3F%20events%20%3A%20events.split%28%27%20%27%29%3B%0A%20%20eventsArray.forEach%28%28event1%29%3D%3E%7B%0A%20%20if%20%28self.eventsAnyListeners%20%26%26%20self.eventsAnyListeners.length%29%20%7B%0A%20%20self.eventsAnyListeners.forEach%28%28eventHandler%29%3D%3E%7B%0A%20%20eventHandler.apply%28context%2C%20%5B%0A%20%20event1%2C%0A%20%20...data%0A%20%20%5D%29%3B%0A%20%20%7D%29%3B%0A%20%20%7D%0A%20%20if%20%28self.eventsListeners%20%26%26%20self.eventsListeners%5Bevent1%5D%29%20%7B%0A%20%20self.eventsListeners%5Bevent1%5D.forEach%28%28eventHandler%29%3D%3E%7B%0A%20%20eventHandler.apply%28context%2C%20data%29%3B%0A%20%20%7D%29%3B%0A%20%20%7D%0A%20%20%7D%29%3B%0A%20%20return%20self%3B%0A%20%20%7D%0A%20%20%7D%3B%0A%20%20function%20updateSize%28%29%20%7B%0A%20%20const%20swiper%20%3D%20this%3B%0A%20%20let%20width%3B%0A%20%20let%20height%3B%0A%20%20const%20el%20%3D%20swiper.el%3B%0A%20%20if%20%28typeof%20swiper.params.width%20%21%3D%3D%20%27undefined%27%20%26%26%20swiper.params.width%20%21%3D%3D%20null%29%20%7B%0A%20%20width%20%3D%20swiper.params.width%3B%0A%20%20%7D%20else%20%7B%0A%20%20width%20%3D%20el.clientWidth%3B%0A%20%20%7D%0A%20%20if%20%28typeof%20swiper.params.height%20%21%3D%3D%20%27undefined%27%20%26%26%20swiper.params.height%20%21%3D%3D%20null%29%20%7B%0A%20%20height%20%3D%20swiper.params.height%3B%0A%20%20%7D%20else%20%7B%0A%20%20height%20%3D%20el.clientHeight%3B%0A%20%20%7D%0A%20%20if%20%28width%20%3D%3D%3D%200%20%26%26%20swiper.isHorizontal%28%29%20%7C%7C%20height%20%3D%3D%3D%200%20%26%26%20swiper.isVertical%28%29%29%20%7B%0A%20%20return%3B%0A%20%20%7D%0A%20%20%2F%2F%20Subtract%20paddings%0A%20%20width%20%3D%20width%20-%20parseInt%28elementStyle%28el%2C%20%27padding-left%27%29%20%7C%7C%200%2C%2010%29%20-%20parseInt%28elementStyle%28el%2C%20%27padding-right%27%29%20%7C%7C%200%2C%2010%29%3B%0A%20%20height%20%3D%20height%20-%20parseInt%28elementStyle%28el%2C%20%27padding-top%27%29%20%7C%7C%200%2C%2010%29%20-%20parseInt%28elementStyle%28el%2C%20%27padding-bottom%27%29%20%7C%7C%200%2C%2010%29%3B%0A%20%20if%20%28Number.isNaN%28width%29%29%20width%20%3D%200%3B%0A%20%20if%20%28Number.isNaN%28height%29%29%20height%20%3D%200%3B%0A%20%20Object.assign%28swiper%2C%20%7B%0A%20%20width%2C%0A%20%20height%2C%0A%20%20size%3A%20swiper.isHorizontal%28%29%20%3F%20width%20%3A%20height%0A%20%20%7D%29%3B%0A%20%20%7D%0A%20%20function%20updateSlides%28%29%20%7B%0A%20%20const%20swiper%20%3D%20this%3B%0A%20%20function%20getDirectionPropertyValue%28node%2C%20label%29%20%7B%0A%20%20return%20parseFloat%28node.getPropertyValue%28swiper.getDirectionLabel%28label%29%29%20%7C%7C%200%29%3B%0A%20%20%7D%0A%20%20const%20params%20%3D%20swiper.params%3B%0A%20%20const%20%7B%20wrapperEl%2C%20slidesEl%2C%20rtlTranslate%3A%20rtl%2C%20wrongRTL%20%7D%20%3D%20swiper%3B%0A%20%20const%20isVirtual%20%3D%20swiper.virtual%20%26%26%20params.virtual.enabled%3B%0A%20%20const%20previousSlidesLength%20%3D%20isVirtual%20%3F%20swiper.virtual.slides.length%20%3A%20swiper.slides.length%3B%0A%20%20const%20slides%20%3D%20elementChildren%28slidesEl%2C%20%60.%24%7Bswiper.params.slideClass%7D%2C%20swiper-slide%60%29%3B%0A%20%20const%20slidesLength%20%3D%20isVirtual%20%3F%20swiper.virtual.slides.length%20%3A%20slides.length%3B%0A%20%20let%20snapGrid%20%3D%20%5B%5D%3B%0A%20%20const%20slidesGrid%20%3D%20%5B%5D%3B%0A%20%20const%20slidesSizesGrid%20%3D%20%5B%5D%3B%0A%20%20let%20offsetBefore%20%3D%20params.slidesOffsetBefore%3B%0A%20%20if%20%28typeof%20offsetBefore%20%3D%3D%3D%20%27function%27%29%20%7B%0A%20%20offsetBefore%20%3D%20params.slidesOffsetBefore.call%28swiper%29%3B%0A%20%20%7D%0A%20%20let%20offsetAfter%20%3D%20params.slidesOffsetAfter%3B%0A%20%20if%20%28typeof%20offsetAfter%20%3D%3D%3D%20%27function%27%29%20%7B%0A%20%20offsetAfter%20%3D%20params.slidesOffsetAfter.call%28swiper%29%3B%0A%20%20%7D%0A%20%20const%20previousSnapGridLength%20%3D%20swiper.snapGrid.length%3B%0A%20%20const%20previousSlidesGridLength%20%3D%20swiper.slidesGrid.length%3B%0A%20%20const%20swiperSize%20%3D%20swiper.size%20-%20offsetBefore%20-%20offsetAfter%3B%0A%20%20let%20spaceBetween%20%3D%20params.spaceBetween%3B%0A%20%20let%20slidePosition%20%3D%20-offsetBefore%3B%0A%20%20let%20prevSlideSize%20%3D%200%3B%0A%20%20let%20index%20%3D%200%3B%0A%20%20if%20%28typeof%20swiperSize%20%3D%3D%3D%20%27undefined%27%29%20%7B%0A%20%20return%3B%0A%20%20%7D%0A%20%20if%20%28typeof%20spaceBetween%20%3D%3D%3D%20%27string%27%20%26%26%20spaceBetween.indexOf%28%27%25%27%29%20%3E%3D%200%29%20%7B%0A%20%20spaceBetween%20%3D%20parseFloat%28spaceBetween.replace%28%27%25%27%2C%20%27%27%29%29%20%2F%20100%20%2A%20swiperSize%3B%0A%20%20%7D%20else%20if%20%28typeof%20spaceBetween%20%3D%3D%3D%20%27string%27%29%20%7B%0A%20%20spaceBetween%20%3D%20parseFloat%28spaceBetween%29%3B%0A%20%20%7D%0A%20%20swiper.virtualSize%20%3D%20-spaceBetween%20-%20offsetBefore%20-%20offsetAfter%3B%0A%20%20%2F%2F%20reset%20margins%0A%20%20slides.forEach%28%28slideEl%29%3D%3E%7B%0A%20%20if%20%28rtl%29%20%7B%0A%20%20slideEl.style.marginLeft%20%3D%20%27%27%3B%0A%20%20%7D%20else%20%7B%0A%20%20slideEl.style.marginRight%20%3D%20%27%27%3B%0A%20%20%7D%0A%20%20slideEl.style.marginBottom%20%3D%20%27%27%3B%0A%20%20slideEl.style.marginTop%20%3D%20%27%27%3B%0A%20%20%7D%29%3B%0A%20%20%2F%2F%20reset%20cssMode%20offsets%0A%20%20if%20%28params.centeredSlides%20%26%26%20params.cssMode%29%20%7B%0A%20%20setCSSProperty%28wrapperEl%2C%20%27--swiper-centered-offset-before%27%2C%20%27%27%29%3B%0A%20%20setCSSProperty%28wrapperEl%2C%20%27--swiper-centered-offset-after%27%2C%20%27%27%29%3B%0A%20%20%7D%0A%20%20%2F%2F%20set%20cssMode%20offsets%0A%20%20if%20%28params.cssMode%29%20%7B%0A%20%20setCSSProperty%28wrapperEl%2C%20%27--swiper-slides-offset-before%27%2C%20%60%24%7BoffsetBefore%7Dpx%60%29%3B%0A%20%20setCSSProperty%28wrapperEl%2C%20%27--swiper-slides-offset-after%27%2C%20%60%24%7BoffsetAfter%7Dpx%60%29%3B%0A%20%20%7D%0A%20%20const%20gridEnabled%20%3D%20params.grid%20%26%26%20params.grid.rows%20%3E%201%20%26%26%20swiper.grid%3B%0A%20%20if%20%28gridEnabled%29%20%7B%0A%20%20swiper.grid.initSlides%28slides%29%3B%0A%20%20%7D%20else%20if%20%28swiper.grid%29%20%7B%0A%20%20swiper.grid.unsetSlides%28%29%3B%0A%20%20%7D%0A%20%20%2F%2F%20Calc%20slides%0A%20%20let%20slideSize%3B%0A%20%20const%20shouldResetSlideSize%20%3D%20params.slidesPerView%20%3D%3D%3D%20%27auto%27%20%26%26%20params.breakpoints%20%26%26%20Object.keys%28params.breakpoints%29.filter%28%28key%29%3D%3E%7B%0A%20%20return%20typeof%20params.breakpoints%5Bkey%5D.slidesPerView%20%21%3D%3D%20%27undefined%27%3B%0A%20%20%7D%29.length%20%3E%200%3B%0A%20%20for%28let%20i1%20%3D%200%3B%20i1%20%3C%20slidesLength%3B%20i1%20%2B%3D%201%29%7B%0A%20%20slideSize%20%3D%200%3B%0A%20%20const%20slide%20%3D%20slides%5Bi1%5D%3B%0A%20%20if%20%28slide%29%20%7B%0A%20%20if%20%28gridEnabled%29%20%7B%0A%20%20swiper.grid.updateSlide%28i1%2C%20slide%2C%20slides%29%3B%0A%20%20%7D%0A%20%20if%20%28elementStyle%28slide%2C%20%27display%27%29%20%3D%3D%3D%20%27none%27%29%20continue%3B%20%2F%2F%20eslint-disable-line%0A%20%20%7D%0A%20%20if%20%28isVirtual%20%26%26%20params.slidesPerView%20%3D%3D%3D%20%27auto%27%29%20%7B%0A%20%20if%20%28params.virtual.slidesPerViewAutoSlideSize%29%20%7B%0A%20%20slideSize%20%3D%20params.virtual.slidesPerViewAutoSlideSize%3B%0A%20%20%7D%0A%20%20if%20%28slideSize%20%26%26%20slide%29%20%7B%0A%20%20if%20%28params.roundLengths%29%20slideSize%20%3D%20Math.floor%28slideSize%29%3B%0A%20%20slide.style%5Bswiper.getDirectionLabel%28%27width%27%29%5D%20%3D%20%60%24%7BslideSize%7Dpx%60%3B%0A%20%20%7D%0A%20%20%7D%20else%20if%20%28params.slidesPerView%20%3D%3D%3D%20%27auto%27%29%20%7B%0A%20%20if%20%28shouldResetSlideSize%29%20%7B%0A%20%20slide.style%5Bswiper.getDirectionLabel%28%27width%27%29%5D%20%3D%20%60%60%3B%0A%20%20%7D%0A%20%20const%20slideStyles%20%3D%20getComputedStyle%28slide%29%3B%0A%20%20const%20currentTransform%20%3D%20slide.style.transform%3B%0A%20%20const%20currentWebKitTransform%20%3D%20slide.style.webkitTransform%3B%0A%20%20if%20%28currentTransform%29%20%7B%0A%20%20slide.style.transform%20%3D%20%27none%27%3B%0A%20%20%7D%0A%20%20if%20%28currentWebKitTransform%29%20%7B%0A%20%20slide.style.webkitTransform%20%3D%20%27none%27%3B%0A%20%20%7D%0A%20%20if%20%28params.roundLengths%29%20%7B%0A%20%20slideSize%20%3D%20swiper.isHorizontal%28%29%20%3F%20elementOuterSize%28slide%2C%20%27width%27%2C%20true%29%20%3A%20elementOuterSize%28slide%2C%20%27height%27%2C%20true%29%3B%0A%20%20%7D%20else%20%7B%0A%20%20%2F%2F%20eslint-disable-next-line%0A%20%20const%20width%20%3D%20getDirectionPropertyValue%28slideStyles%2C%20%27width%27%29%3B%0A%20%20const%20paddingLeft%20%3D%20getDirectionPropertyValue%28slideStyles%2C%20%27padding-left%27%29%3B%0A%20%20const%20paddingRight%20%3D%20getDirectionPropertyValue%28slideStyles%2C%20%27padding-right%27%29%3B%0A%20%20const%20marginLeft%20%3D%20getDirectionPropertyValue%28slideStyles%2C%20%27margin-left%27%29%3B%0A%20%20const%20marginRight%20%3D%20getDirectionPropertyValue%28slideStyles%2C%20%27margin-right%27%29%3B%0A%20%20const%20boxSizing%20%3D%20slideStyles.getPropertyValue%28%27box-sizing%27%29%3B%0A%20%20if%20%28boxSizing%20%26%26%20boxSizing%20%3D%3D%3D%20%27border-box%27%29%20%7B%0A%20%20slideSize%20%3D%20width%20%2B%20marginLeft%20%2B%20marginRight%3B%0A%20%20%7D%20else%20%7B%0A%20%20const%20%7B%20clientWidth%2C%20offsetWidth%20%7D%20%3D%20slide%3B%0A%20%20slideSize%20%3D%20width%20%2B%20paddingLeft%20%2B%20paddingRight%20%2B%20marginLeft%20%2B%20marginRight%20%2B%20%28offsetWidth%20-%20clientWidth%29%3B%0A%20%20%7D%0A%20%20%7D%0A%20%20if%20%28currentTransform%29%20%7B%0A%20%20slide.style.transform%20%3D%20currentTransform%3B%0A%20%20%7D%0A%20%20if%20%28currentWebKitTransform%29%20%7B%0A%20%20slide.style.webkitTransform%20%3D%20currentWebKitTransform%3B%0A%20%20%7D%0A%20%20if%20%28params.roundLengths%29%20slideSize%20%3D%20Math.floor%28slideSize%29%3B%0A%20%20%7D%20else%20%7B%0A%20%20slideSize%20%3D%20%28swiperSize%20-%20%28params.slidesPerView%20-%201%29%20%2A%20spaceBetween%29%20%2F%20params.slidesPerView%3B%0A%20%20if%20%28params.roundLengths%29%20slideSize%20%3D%20Math.floor%28slideSize%29%3B%0A%20%20if%20%28slide%29%20%7B%0A%20%20slide.style%5Bswiper.getDirectionLabel%28%27width%27%29%5D%20%3D%20%60%24%7BslideSize%7Dpx%60%3B%0A%20%20%7D%0A%20%20%7D%0A%20%20if%20%28slide%29%20%7B%0A%20%20slide.swiperSlideSize%20%3D%20slideSize%3B%0A%20%20%7D%0A%20%20slidesSizesGrid.push%28slideSize%29%3B%0A%20%20if%20%28params.centeredSlides%29%20%7B%0A%20%20slidePosition%20%3D%20slidePosition%20%2B%20slideSize%20%2F%202%20%2B%20prevSlideSize%20%2F%202%20%2B%20spaceBetween%3B%0A%20%20if%20%28prevSlideSize%20%3D%3D%3D%200%20%26%26%20i1%20%21%3D%3D%200%29%20slidePosition%20%3D%20slidePosition%20-%20swiperSize%20%2F%202%20-%20spaceBetween%3B%0A%20%20if%20%28i1%20%3D%3D%3D%200%29%20slidePosition%20%3D%20slidePosition%20-%20swiperSize%20%2F%202%20-%20spaceBetween%3B%0A%20%20if%20%28Math.abs%28slidePosition%29%20%3C%201%20%2F%201000%29%20slidePosition%20%3D%200%3B%0A%20%20if%20%28params.roundLengths%29%20slidePosition%20%3D%20Math.floor%28slidePosition%29%3B%0A%20%20if%20%28index%20%25%20params.slidesPerGroup%20%3D%3D%3D%200%29%20snapGrid.push%28slidePosition%29%3B%0A%20%20slidesGrid.push%28slidePosition%29%3B%0A%20%20%7D%20else%20%7B%0A%20%20if%20%28params.roundLengths%29%20slidePosition%20%3D%20Math.floor%28slidePosition%29%3B%0A%20%20if%20%28%28index%20-%20Math.min%28swiper.params.slidesPerGroupSkip%2C%20index%29%29%20%25%20swiper.params.slidesPerGroup%20%3D%3D%3D%200%29%20snapGrid.push%28slidePosition%29%3B%0A%20%20slidesGrid.push%28slidePosition%29%3B%0A%20%20slidePosition%20%3D%20slidePosition%20%2B%20slideSize%20%2B%20spaceBetween%3B%0A%20%20%7D%0A%20%20swiper.virtualSize%20%2B%3D%20slideSize%20%2B%20spaceBetween%3B%0A%20%20prevSlideSize%20%3D%20slideSize%3B%0A%20%20index%20%2B%3D%201%3B%0A%20%20%7D%0A%20%20swiper.virtualSize%20%3D%20Math.max%28swiper.virtualSize%2C%20swiperSize%29%20%2B%20offsetAfter%3B%0A%20%20if%20%28rtl%20%26%26%20wrongRTL%20%26%26%20%28params.effect%20%3D%3D%3D%20%27slide%27%20%7C%7C%20params.effect%20%3D%3D%3D%20%27coverflow%27%29%29%20%7B%0A%20%20wrapperEl.style.width%20%3D%20%60%24%7Bswiper.virtualSize%20%2B%20spaceBetween%7Dpx%60%3B%0A%20%20%7D%0A%20%20if%20%28params.setWrapperSize%29%20%7B%0A%20%20wrapperEl.style%5Bswiper.getDirectionLabel%28%27width%27%29%5D%20%3D%20%60%24%7Bswiper.virtualSize%20%2B%20spaceBetween%7Dpx%60%3B%0A%20%20%7D%0A%20%20if%20%28gridEnabled%29%20%7B%0A%20%20swiper.grid.updateWrapperSize%28slideSize%2C%20snapGrid%29%3B%0A%20%20%7D%0A%20%20%2F%2F%20Remove%20last%20grid%20elements%20depending%20on%20width%0A%20%20if%20%28%21params.centeredSlides%29%20%7B%0A%20%20%2F%2F%20Check%20if%20snapToSlideEdge%20should%20be%20applied%0A%20%20const%20isFractionalSlidesPerView%20%3D%20params.slidesPerView%20%21%3D%3D%20%27auto%27%20%26%26%20params.slidesPerView%20%25%201%20%21%3D%3D%200%3B%0A%20%20const%20shouldSnapToSlideEdge%20%3D%20params.snapToSlideEdge%20%26%26%20%21params.loop%20%26%26%20%28params.slidesPerView%20%3D%3D%3D%20%27auto%27%20%7C%7C%20isFractionalSlidesPerView%29%3B%0A%20%20%2F%2F%20Calculate%20the%20last%20allowed%20snap%20index%20when%20snapToSlideEdge%20is%20enabled%0A%20%20%2F%2F%20This%20ensures%20minimum%20slides%20are%20visible%20at%20the%20end%0A%20%20let%20lastAllowedSnapIndex%20%3D%20snapGrid.length%3B%0A%20%20if%20%28shouldSnapToSlideEdge%29%20%7B%0A%20%20let%20minVisibleSlides%3B%0A%20%20if%20%28params.slidesPerView%20%3D%3D%3D%20%27auto%27%29%20%7B%0A%20%20%2F%2F%20For%20%27auto%27%20mode%2C%20calculate%20how%20many%20slides%20fit%20based%20on%20actual%20sizes%0A%20%20minVisibleSlides%20%3D%201%3B%0A%20%20let%20accumulatedSize%20%3D%200%3B%0A%20%20for%28let%20i1%20%3D%20slidesSizesGrid.length%20-%201%3B%20i1%20%3E%3D%200%3B%20i1%20-%3D%201%29%7B%0A%20%20accumulatedSize%20%2B%3D%20slidesSizesGrid%5Bi1%5D%20%2B%20%28i1%20%3C%20slidesSizesGrid.length%20-%201%20%3F%20spaceBetween%20%3A%200%29%3B%0A%20%20if%20%28accumulatedSize%20%3C%3D%20swiperSize%29%20%7B%0A%20%20minVisibleSlides%20%3D%20slidesSizesGrid.length%20-%20i1%3B%0A%20%20%7D%20else%20%7B%0A%20%20break%3B%0A%20%20%7D%0A%20%20%7D%0A%20%20%7D%20else%20%7B%0A%20%20minVisibleSlides%20%3D%20Math.floor%28params.slidesPerView%29%3B%0A%20%20%7D%0A%20%20lastAllowedSnapIndex%20%3D%20Math.max%28slidesLength%20-%20minVisibleSlides%2C%200%29%3B%0A%20%20%7D%0A%20%20const%20newSlidesGrid%20%3D%20%5B%5D%3B%0A%20%20for%28let%20i1%20%3D%200%3B%20i1%20%3C%20snapGrid.length%3B%20i1%20%2B%3D%201%29%7B%0A%20%20let%20slidesGridItem%20%3D%20snapGrid%5Bi1%5D%3B%0A%20%20if%20%28params.roundLengths%29%20slidesGridItem%20%3D%20Math.floor%28slidesGridItem%29%3B%0A%20%20if%20%28shouldSnapToSlideEdge%29%20%7B%0A%20%20%2F%2F%20When%20snapToSlideEdge%20is%20enabled%2C%20only%20keep%20snaps%20up%20to%20lastAllowedSnapIndex%0A%20%20if%20%28i1%20%3C%3D%20lastAllowedSnapIndex%29%20%7B%0A%20%20newSlidesGrid.push%28slidesGridItem%29%3B%0A%20%20%7D%0A%20%20%7D%20else%20if%20%28snapGrid%5Bi1%5D%20%3C%3D%20swiper.virtualSize%20-%20swiperSize%29%20%7B%0A%20%20%2F%2F%20When%20snapToSlideEdge%20is%20disabled%2C%20keep%20snaps%20that%20fit%20within%20scrollable%20area%0A%20%20newSlidesGrid.push%28slidesGridItem%29%3B%0A%20%20%7D%0A%20%20%7D%0A%20%20snapGrid%20%3D%20newSlidesGrid%3B%0A%20%20if%20%28Math.floor%28swiper.virtualSize%20-%20swiperSize%29%20-%20Math.floor%28snapGrid%5BsnapGrid.length%20-%201%5D%29%20%3E%201%29%20%7B%0A%20%20%2F%2F%20Only%20add%20edge-aligned%20snap%20if%20snapToSlideEdge%20is%20not%20enabled%0A%20%20if%20%28%21shouldSnapToSlideEdge%29%20%7B%0A%20%20snapGrid.push%28swiper.virtualSize%20-%20swiperSize%29%3B%0A%20%20%7D%0A%20%20%7D%0A%20%20%7D%0A%20%20if%20%28isVirtual%20%26%26%20params.loop%29%20%7B%0A%20%20const%20size%20%3D%20slidesSizesGrid%5B0%5D%20%2B%20spaceBetween%3B%0A%20%20if%20%28params.slidesPerGroup%20%3E%201%29%20%7B%0A%20%20const%20groups%20%3D%20Math.ceil%28%28swiper.virtual.slidesBefore%20%2B%20swiper.virtual.slidesAfter%29%20%2F%20params.slidesPerGroup%29%3B%0A%20%20const%20groupSize%20%3D%20size%20%2A%20params.slidesPerGroup%3B%0A%20%20for%28let%20i1%20%3D%200%3B%20i1%20%3C%20groups%3B%20i1%20%2B%3D%201%29%7B%0A%20%20snapGrid.push%28snapGrid%5BsnapGrid.length%20-%201%5D%20%2B%20groupSize%29%3B%0A%20%20%7D%0A%20%20%7D%0A%20%20for%28let%20i1%20%3D%200%3B%20i1%20%3C%20swiper.virtual.slidesBefore%20%2B%20swiper.virtual.slidesAfter%3B%20i1%20%2B%3D%201%29%7B%0A%20%20if%20%28params.slidesPerGroup%20%3D%3D%3D%201%29%20%7B%0A%20%20snapGrid.push%28snapGrid%5BsnapGrid.length%20-%201%5D%20%2B%20size%29%3B%0A%20%20%7D%0A%20%20slidesGrid.push%28slidesGrid%5BslidesGrid.length%20-%201%5D%20%2B%20size%29%3B%0A%20%20swiper.virtualSize%20%2B%3D%20size%3B%0A%20%20%7D%0A%20%20%7D%0A%20%20if%20%28snapGrid.length%20%3D%3D%3D%200%29%20snapGrid%20%3D%20%5B%0A%20%200%0A%20%20%5D%3B%0A%20%20if%20%28spaceBetween%20%21%3D%3D%200%29%20%7B%0A%20%20const%20key%20%3D%20swiper.isHorizontal%28%29%20%26%26%20rtl%20%3F%20%27marginLeft%27%20%3A%20swiper.getDirectionLabel%28%27marginRight%27%29%3B%0A%20%20slides.filter%28%28_%2C%20slideIndex%29%3D%3E%7B%0A%20%20if%20%28%21params.cssMode%20%7C%7C%20params.loop%29%20return%20true%3B%0A%20%20if%20%28slideIndex%20%3D%3D%3D%20slides.length%20-%201%29%20%7B%0A%20%20return%20false%3B%0A%20%20%7D%0A%20%20return%20true%3B%0A%20%20%7D%29.forEach%28%28slideEl%29%3D%3E%7B%0A%20%20slideEl.style%5Bkey%5D%20%3D%20%60%24%7BspaceBetween%7Dpx%60%3B%0A%20%20%7D%29%3B%0A%20%20%7D%0A%20%20if%20%28params.centeredSlides%20%26%26%20params.centeredSlidesBounds%29%20%7B%0A%20%20let%20allSlidesSize%20%3D%200%3B%0A%20%20slidesSizesGrid.forEach%28%28slideSizeValue%29%3D%3E%7B%0A%20%20allSlidesSize%20%2B%3D%20slideSizeValue%20%2B%20%28spaceBetween%20%7C%7C%200%29%3B%0A%20%20%7D%29%3B%0A%20%20allSlidesSize%20-%3D%20spaceBetween%3B%0A%20%20const%20maxSnap%20%3D%20allSlidesSize%20%3E%20swiperSize%20%3F%20allSlidesSize%20-%20swiperSize%20%3A%200%3B%0A%20%20snapGrid%20%3D%20snapGrid.map%28%28snap%29%3D%3E%7B%0A%20%20if%20%28snap%20%3C%3D%200%29%20return%20-offsetBefore%3B%0A%20%20if%20%28snap%20%3E%20maxSnap%29%20return%20maxSnap%20%2B%20offsetAfter%3B%0A%20%20return%20snap%3B%0A%20%20%7D%29%3B%0A%20%20%7D%0A%20%20if%20%28params.centerInsufficientSlides%29%20%7B%0A%20%20let%20allSlidesSize%20%3D%200%3B%0A%20%20slidesSizesGrid.forEach%28%28slideSizeValue%29%3D%3E%7B%0A%20%20allSlidesSize%20%2B%3D%20slideSizeValue%20%2B%20%28spaceBetween%20%7C%7C%200%29%3B%0A%20%20%7D%29%3B%0A%20%20allSlidesSize%20-%3D%20spaceBetween%3B%0A%20%20if%20%28allSlidesSize%20%3C%20swiperSize%29%20%7B%0A%20%20const%20allSlidesOffset%20%3D%20%28swiperSize%20-%20allSlidesSize%29%20%2F%202%3B%0A%20%20snapGrid.forEach%28%28snap%2C%20snapIndex%29%3D%3E%7B%0A%20%20snapGrid%5BsnapIndex%5D%20%3D%20snap%20-%20allSlidesOffset%3B%0A%20%20%7D%29%3B%0A%20%20slidesGrid.forEach%28%28snap%2C%20snapIndex%29%3D%3E%7B%0A%20%20slidesGrid%5BsnapIndex%5D%20%3D%20snap%20%2B%20allSlidesOffset%3B%0A%20%20%7D%29%3B%0A%20%20%7D%0A%20%20%7D%0A%20%20Object.assign%28swiper%2C%20%7B%0A%20%20slides%2C%0A%20%20snapGrid%2C%0A%20%20slidesGrid%2C%0A%20%20slidesSizesGrid%0A%20%20%7D%29%3B%0A%20%20if%20%28params.centeredSlides%20%26%26%20params.cssMode%20%26%26%20%21params.centeredSlidesBounds%29%20%7B%0A%20%20setCSSProperty%28wrapperEl%2C%20%27--swiper-centered-offset-before%27%2C%20%60%24%7B-snapGrid%5B0%5D%7Dpx%60%29%3B%0A%20%20setCSSProperty%28wrapperEl%2C%20%27--swiper-centered-offset-after%27%2C%20%60%24%7Bswiper.size%20%2F%202%20-%20slidesSizesGrid%5BslidesSizesGrid.length%20-%201%5D%20%2F%202%7Dpx%60%29%3B%0A%20%20const%20addToSnapGrid%20%3D%20-swiper.snapGrid%5B0%5D%3B%0A%20%20const%20addToSlidesGrid%20%3D%20-swiper.slidesGrid%5B0%5D%3B%0A%20%20swiper.snapGrid%20%3D%20swiper.snapGrid.map%28%28v1%29%3D%3Ev1%20%2B%20addToSnapGrid%29%3B%0A%20%20swiper.slidesGrid%20%3D%20swiper.slidesGrid.map%28%28v1%29%3D%3Ev1%20%2B%20addToSlidesGrid%29%3B%0A%20%20%7D%0A%20%20if%20%28slidesLength%20%21%3D%3D%20previousSlidesLength%29%20%7B%0A%20%20swiper.emit%28%27slidesLengthChange%27%29%3B%0A%20%20%7D%0A%20%20if%20%28snapGrid.length%20%21%3D%3D%20previousSnapGridLength%29%20%7B%0A%20%20if%20%28swiper.params.watchOverflow%29%20swiper.checkOverflow%28%29%3B%0A%20%20swiper.emit%28%27snapGridLengthChange%27%29%3B%0A%20%20%7D%0A%20%20if%20%28slidesGrid.length%20%21%3D%3D%20previousSlidesGridLength%29%20%7B%0A%20%20swiper.emit%28%27slidesGridLengthChange%27%29%3B%0A%20%20%7D%0A%20%20if%20%28params.watchSlidesProgress%29%20%7B%0A%20%20swiper.updateSlidesOffset%28%29%3B%0A%20%20%7D%0A%20%20swiper.emit%28%27slidesUpdated%27%29%3B%0A%20%20if%20%28%21isVirtual%20%26%26%20%21params.cssMode%20%26%26%20%28params.effect%20%3D%3D%3D%20%27slide%27%20%7C%7C%20params.effect%20%3D%3D%3D%20%27fade%27%29%29%20%7B%0A%20%20const%20backFaceHiddenClass%20%3D%20%60%24%7Bparams.containerModifierClass%7Dbackface-hidden%60%3B%0A%20%20const%20hasClassBackfaceClassAdded%20%3D%20swiper.el.classList.contains%28backFaceHiddenClass%29%3B%0A%20%20if%20%28slidesLength%20%3C%3D%20params.maxBackfaceHiddenSlides%29%20%7B%0A%20%20if%20%28%21hasClassBackfaceClassAdded%29%20swiper.el.classList.add%28backFaceHiddenClass%29%3B%0A%20%20%7D%20else%20if%20%28hasClassBackfaceClassAdded%29%20%7B%0A%20%20swiper.el.classList.remove%28backFaceHiddenClass%29%3B%0A%20%20%7D%0A%20%20%7D%0A%20%20%7D%0A%20%20function%20updateAutoHeight%28speed%29%20%7B%0A%20%20const%20swiper%20%3D%20this%3B%0A%20%20const%20activeSlides%20%3D%20%5B%5D%3B%0A%20%20const%20isVirtual%20%3D%20swiper.virtual%20%26%26%20swiper.params.virtual.enabled%3B%0A%20%20let%20newHeight%20%3D%200%3B%0A%20%20let%20i1%3B%0A%20%20if%20%28typeof%20speed%20%3D%3D%3D%20%27number%27%29%20%7B%0A%20%20swiper.setTransition%28speed%29%3B%0A%20%20%7D%20else%20if%20%28speed%20%3D%3D%3D%20true%29%20%7B%0A%20%20swiper.setTransition%28swiper.params.speed%29%3B%0A%20%20%7D%0A%20%20const%20getSlideByIndex%20%3D%20%28index%29%3D%3E%7B%0A%20%20if%20%28isVirtual%29%20%7B%0A%20%20return%20swiper.slides%5Bswiper.getSlideIndexByData%28index%29%5D%3B%0A%20%20%7D%0A%20%20return%20swiper.slides%5Bindex%5D%3B%0A%20%20%7D%3B%0A%20%20%2F%2F%20Find%20slides%20currently%20in%20view%0A%20%20if%20%28swiper.params.slidesPerView%20%21%3D%3D%20%27auto%27%20%26%26%20swiper.params.slidesPerView%20%3E%201%29%20%7B%0A%20%20if%20%28swiper.params.centeredSlides%29%20%7B%0A%20%20%28swiper.visibleSlides%20%7C%7C%20%5B%5D%29.forEach%28%28slide%29%3D%3E%7B%0A%20%20activeSlides.push%28slide%29%3B%0A%20%20%7D%29%3B%0A%20%20%7D%20else%20%7B%0A%20%20for%28i1%20%3D%200%3B%20i1%20%3C%20Math.ceil%28swiper.params.slidesPerView%29%3B%20i1%20%2B%3D%201%29%7B%0A%20%20const%20index%20%3D%20swiper.activeIndex%20%2B%20i1%3B%0A%20%20if%20%28index%20%3E%20swiper.slides.length%20%26%26%20%21isVirtual%29%20break%3B%0A%20%20activeSlides.push%28getSlideByIndex%28index%29%29%3B%0A%20%20%7D%0A%20%20%7D%0A%20%20%7D%20else%20%7B%0A%20%20activeSlides.push%28getSlideByIndex%28swiper.activeIndex%29%29%3B%0A%20%20%7D%0A%20%20%2F%2F%20Find%20new%20height%20from%20highest%20slide%20in%20view%0A%20%20for%28i1%20%3D%200%3B%20i1%20%3C%20activeSlides.length%3B%20i1%20%2B%3D%201%29%7B%0A%20%20if%20%28typeof%20activeSlides%5Bi1%5D%20%21%3D%3D%20%27undefined%27%29%20%7B%0A%20%20const%20height%20%3D%20activeSlides%5Bi1%5D.offsetHeight%3B%0A%20%20newHeight%20%3D%20height%20%3E%20newHeight%20%3F%20height%20%3A%20newHeight%3B%0A%20%20%7D%0A%20%20%7D%0A%20%20%2F%2F%20Update%20Height%0A%20%20if%20%28newHeight%20%7C%7C%20newHeight%20%3D%3D%3D%200%29%20swiper.wrapperEl.style.height%20%3D%20%60%24%7BnewHeight%7Dpx%60%3B%0A%20%20%7D%0A%20%20function%20updateSlidesOffset%28%29%20%7B%0A%20%20const%20swiper%20%3D%20this%3B%0A%20%20const%20slides%20%3D%20swiper.slides%3B%0A%20%20%2F%2F%20eslint-disable-next-line%0A%20%20const%20minusOffset%20%3D%20swiper.isElement%20%3F%20swiper.isHorizontal%28%29%20%3F%20swiper.wrapperEl.offsetLeft%20%3A%20swiper.wrapperEl.offsetTop%20%3A%200%3B%0A%20%20for%28let%20i1%20%3D%200%3B%20i1%20%3C%20slides.length%3B%20i1%20%2B%3D%201%29%7B%0A%20%20slides%5Bi1%5D.swiperSlideOffset%20%3D%20%28swiper.isHorizontal%28%29%20%3F%20slides%5Bi1%5D.offsetLeft%20%3A%20slides%5Bi1%5D.offsetTop%29%20-%20minusOffset%20-%20swiper.cssOverflowAdjustment%28%29%3B%0A%20%20%7D%0A%20%20%7D%0A%20%20const%20toggleSlideClasses%241%20%3D%20%28slideEl%2C%20condition%2C%20className%29%3D%3E%7B%0A%20%20if%20%28condition%20%26%26%20%21slideEl.classList.contains%28className%29%29%20%7B%0A%20%20slideEl.classList.add%28className%29%3B%0A%20%20%7D%20else%20if%20%28%21condition%20%26%26%20slideEl.classList.contains%28className%29%29%20%7B%0A%20%20slideEl.classList.remove%28className%29%3B%0A%20%20%7D%0A%20%20%7D%3B%0A%20%20function%20updateSlidesProgress%28translate%20%3D%20this%20%26%26%20this.translate%20%7C%7C%200%29%20%7B%0A%20%20const%20swiper%20%3D%20this%3B%0A%20%20const%20params%20%3D%20swiper.params%3B%0A%20%20const%20%7B%20slides%2C%20rtlTranslate%3A%20rtl%2C%20snapGrid%20%7D%20%3D%20swiper%3B%0A%20%20if%20%28slides.length%20%3D%3D%3D%200%29%20return%3B%0A%20%20if%20%28typeof%20slides%5B0%5D.swiperSlideOffset%20%3D%3D%3D%20%27undefined%27%29%20swiper.updateSlidesOffset%28%29%3B%0A%20%20let%20offsetCenter%20%3D%20-translate%3B%0A%20%20if%20%28rtl%29%20offsetCenter%20%3D%20translate%3B%0A%20%20swiper.visibleSlidesIndexes%20%3D%20%5B%5D%3B%0A%20%20swiper.visibleSlides%20%3D%20%5B%5D%3B%0A%20%20let%20spaceBetween%20%3D%20params.spaceBetween%3B%0A%20%20if%20%28typeof%20spaceBetween%20%3D%3D%3D%20%27string%27%20%26%26%20spaceBetween.indexOf%28%27%25%27%29%20%3E%3D%200%29%20%7B%0A%20%20spaceBetween%20%3D%20parseFloat%28spaceBetween.replace%28%27%25%27%2C%20%27%27%29%29%20%2F%20100%20%2A%20swiper.size%3B%0A%20%20%7D%20else%20if%20%28typeof%20spaceBetween%20%3D%3D%3D%20%27string%27%29%20%7B%0A%20%20spaceBetween%20%3D%20parseFloat%28spaceBetween%29%3B%0A%20%20%7D%0A%20%20for%28let%20i1%20%3D%200%3B%20i1%20%3C%20slides.length%3B%20i1%20%2B%3D%201%29%7B%0A%20%20const%20slide%20%3D%20slides%5Bi1%5D%3B%0A%20%20let%20slideOffset%20%3D%20slide.swiperSlideOffset%3B%0A%20%20if%20%28params.cssMode%20%26%26%20params.centeredSlides%29%20%7B%0A%20%20slideOffset%20-%3D%20slides%5B0%5D.swiperSlideOffset%3B%0A%20%20%7D%0A%20%20const%20slideProgress%20%3D%20%28offsetCenter%20%2B%20%28params.centeredSlides%20%3F%20swiper.minTranslate%28%29%20%3A%200%29%20-%20slideOffset%29%20%2F%20%28slide.swiperSlideSize%20%2B%20spaceBetween%29%3B%0A%20%20const%20originalSlideProgress%20%3D%20%28offsetCenter%20-%20snapGrid%5B0%5D%20%2B%20%28params.centeredSlides%20%3F%20swiper.minTranslate%28%29%20%3A%200%29%20-%20slideOffset%29%20%2F%20%28slide.swiperSlideSize%20%2B%20spaceBetween%29%3B%0A%20%20const%20slideBefore%20%3D%20-%28offsetCenter%20-%20slideOffset%29%3B%0A%20%20const%20slideAfter%20%3D%20slideBefore%20%2B%20swiper.slidesSizesGrid%5Bi1%5D%3B%0A%20%20const%20isFullyVisible%20%3D%20slideBefore%20%3E%3D%200%20%26%26%20slideBefore%20%3C%3D%20swiper.size%20-%20swiper.slidesSizesGrid%5Bi1%5D%3B%0A%20%20const%20isVisible%20%3D%20slideBefore%20%3E%3D%200%20%26%26%20slideBefore%20%3C%20swiper.size%20-%201%20%7C%7C%20slideAfter%20%3E%201%20%26%26%20slideAfter%20%3C%3D%20swiper.size%20%7C%7C%20slideBefore%20%3C%3D%200%20%26%26%20slideAfter%20%3E%3D%20swiper.size%3B%0A%20%20if%20%28isVisible%29%20%7B%0A%20%20swiper.visibleSlides.push%28slide%29%3B%0A%20%20swiper.visibleSlidesIndexes.push%28i1%29%3B%0A%20%20%7D%0A%20%20toggleSlideClasses%241%28slide%2C%20isVisible%2C%20params.slideVisibleClass%29%3B%0A%20%20toggleSlideClasses%241%28slide%2C%20isFullyVisible%2C%20params.slideFullyVisibleClass%29%3B%0A%20%20slide.progress%20%3D%20rtl%20%3F%20-slideProgress%20%3A%20slideProgress%3B%0A%20%20slide.originalProgress%20%3D%20rtl%20%3F%20-originalSlideProgress%20%3A%20originalSlideProgress%3B%0A%20%20%7D%0A%20%20%7D%0A%20%20function%20updateProgress%28translate%29%20%7B%0A%20%20const%20swiper%20%3D%20this%3B%0A%20%20if%20%28typeof%20translate%20%3D%3D%3D%20%27undefined%27%29%20%7B%0A%20%20const%20multiplier%20%3D%20swiper.rtlTranslate%20%3F%20-1%20%3A%201%3B%0A%20%20%2F%2F%20eslint-disable-next-line%0A%20%20translate%20%3D%20swiper%20%26%26%20swiper.translate%20%26%26%20swiper.translate%20%2A%20multiplier%20%7C%7C%200%3B%0A%20%20%7D%0A%20%20const%20params%20%3D%20swiper.params%3B%0A%20%20const%20translatesDiff%20%3D%20swiper.maxTranslate%28%29%20-%20swiper.minTranslate%28%29%3B%0A%20%20let%20%7B%20progress%2C%20isBeginning%2C%20isEnd%2C%20progressLoop%20%7D%20%3D%20swiper%3B%0A%20%20const%20wasBeginning%20%3D%20isBeginning%3B%0A%20%20const%20wasEnd%20%3D%20isEnd%3B%0A%20%20if%20%28translatesDiff%20%3D%3D%3D%200%29%20%7B%0A%20%20progress%20%3D%200%3B%0A%20%20isBeginning%20%3D%20true%3B%0A%20%20isEnd%20%3D%20true%3B%0A%20%20%7D%20else%20%7B%0A%20%20progress%20%3D%20%28translate%20-%20swiper.minTranslate%28%29%29%20%2F%20translatesDiff%3B%0A%20%20const%20isBeginningRounded%20%3D%20Math.abs%28translate%20-%20swiper.minTranslate%28%29%29%20%3C%201%3B%0A%20%20const%20isEndRounded%20%3D%20Math.abs%28translate%20-%20swiper.maxTranslate%28%29%29%20%3C%201%3B%0A%20%20isBeginning%20%3D%20isBeginningRounded%20%7C%7C%20progress%20%3C%3D%200%3B%0A%20%20isEnd%20%3D%20isEndRounded%20%7C%7C%20progress%20%3E%3D%201%3B%0A%20%20if%20%28isBeginningRounded%29%20progress%20%3D%200%3B%0A%20%20if%20%28isEndRounded%29%20progress%20%3D%201%3B%0A%20%20%7D%0A%20%20if%20%28params.loop%29%20%7B%0A%20%20const%20firstSlideIndex%20%3D%20swiper.getSlideIndexByData%280%29%3B%0A%20%20const%20lastSlideIndex%20%3D%20swiper.getSlideIndexByData%28swiper.slides.length%20-%201%29%3B%0A%20%20const%20firstSlideTranslate%20%3D%20swiper.slidesGrid%5BfirstSlideIndex%5D%3B%0A%20%20const%20lastSlideTranslate%20%3D%20swiper.slidesGrid%5BlastSlideIndex%5D%3B%0A%20%20const%20translateMax%20%3D%20swiper.slidesGrid%5Bswiper.slidesGrid.length%20-%201%5D%3B%0A%20%20const%20translateAbs%20%3D%20Math.abs%28translate%29%3B%0A%20%20if%20%28translateAbs%20%3E%3D%20firstSlideTranslate%29%20%7B%0A%20%20progressLoop%20%3D%20%28translateAbs%20-%20firstSlideTranslate%29%20%2F%20translateMax%3B%0A%20%20%7D%20else%20%7B%0A%20%20progressLoop%20%3D%20%28translateAbs%20%2B%20translateMax%20-%20lastSlideTranslate%29%20%2F%20translateMax%3B%0A%20%20%7D%0A%20%20if%20%28progressLoop%20%3E%201%29%20progressLoop%20-%3D%201%3B%0A%20%20%7D%0A%20%20Object.assign%28swiper%2C%20%7B%0A%20%20progress%2C%0A%20%20progressLoop%2C%0A%20%20isBeginning%2C%0A%20%20isEnd%0A%20%20%7D%29%3B%0A%20%20if%20%28params.watchSlidesProgress%20%7C%7C%20params.centeredSlides%20%26%26%20params.autoHeight%29%20swiper.updateSlidesProgress%28translate%29%3B%0A%20%20if%20%28isBeginning%20%26%26%20%21wasBeginning%29%20%7B%0A%20%20swiper.emit%28%27reachBeginning%20toEdge%27%29%3B%0A%20%20%7D%0A%20%20if%20%28isEnd%20%26%26%20%21wasEnd%29%20%7B%0A%20%20swiper.emit%28%27reachEnd%20toEdge%27%29%3B%0A%20%20%7D%0A%20%20if%20%28wasBeginning%20%26%26%20%21isBeginning%20%7C%7C%20wasEnd%20%26%26%20%21isEnd%29%20%7B%0A%20%20swiper.emit%28%27fromEdge%27%29%3B%0A%20%20%7D%0A%20%20swiper.emit%28%27progress%27%2C%20progress%29%3B%0A%20%20%7D%0A%20%20const%20toggleSlideClasses%20%3D%20%28slideEl%2C%20condition%2C%20className%29%3D%3E%7B%0A%20%20if%20%28condition%20%26%26%20%21slideEl.classList.contains%28className%29%29%20%7B%0A%20%20slideEl.classList.add%28className%29%3B%0A%20%20%7D%20else%20if%20%28%21condition%20%26%26%20slideEl.classList.contains%28className%29%29%20%7B%0A%20%20slideEl.classList.remove%28className%29%3B%0A%20%20%7D%0A%20%20%7D%3B%0A%20%20function%20updateSlidesClasses%28%29%20%7B%0A%20%20const%20swiper%20%3D%20this%3B%0A%20%20const%20%7B%20slides%2C%20params%2C%20slidesEl%2C%20activeIndex%20%7D%20%3D%20swiper%3B%0A%20%20const%20isVirtual%20%3D%20swiper.virtual%20%26%26%20params.virtual.enabled%3B%0A%20%20const%20gridEnabled%20%3D%20swiper.grid%20%26%26%20params.grid%20%26%26%20params.grid.rows%20%3E%201%3B%0A%20%20const%20getFilteredSlide%20%3D%20%28selector%29%3D%3E%7B%0A%20%20return%20elementChildren%28slidesEl%2C%20%60.%24%7Bparams.slideClass%7D%24%7Bselector%7D%2C%20swiper-slide%24%7Bselector%7D%60%29%5B0%5D%3B%0A%20%20%7D%3B%0A%20%20let%20activeSlide%3B%0A%20%20let%20prevSlide%3B%0A%20%20let%20nextSlide%3B%0A%20%20if%20%28isVirtual%29%20%7B%0A%20%20if%20%28params.loop%29%20%7B%0A%20%20let%20slideIndex%20%3D%20activeIndex%20-%20swiper.virtual.slidesBefore%3B%0A%20%20if%20%28slideIndex%20%3C%200%29%20slideIndex%20%3D%20swiper.virtual.slides.length%20%2B%20slideIndex%3B%0A%20%20if%20%28slideIndex%20%3E%3D%20swiper.virtual.slides.length%29%20slideIndex%20-%3D%20swiper.virtual.slides.length%3B%0A%20%20activeSlide%20%3D%20getFilteredSlide%28%60%5Bdata-swiper-slide-index%3D%22%24%7BslideIndex%7D%22%5D%60%29%3B%0A%20%20%7D%20else%20%7B%0A%20%20activeSlide%20%3D%20getFilteredSlide%28%60%5Bdata-swiper-slide-index%3D%22%24%7BactiveIndex%7D%22%5D%60%29%3B%0A%20%20%7D%0A%20%20%7D%20else%20%7B%0A%20%20if%20%28gridEnabled%29%20%7B%0A%20%20activeSlide%20%3D%20slides.find%28%28slideEl%29%3D%3EslideEl.column%20%3D%3D%3D%20activeIndex%29%3B%0A%20%20nextSlide%20%3D%20slides.find%28%28slideEl%29%3D%3EslideEl.column%20%3D%3D%3D%20activeIndex%20%2B%201%29%3B%0A%20%20prevSlide%20%3D%20slides.find%28%28slideEl%29%3D%3EslideEl.column%20%3D%3D%3D%20activeIndex%20-%201%29%3B%0A%20%20%7D%20else%20%7B%0A%20%20activeSlide%20%3D%20slides%5BactiveIndex%5D%3B%0A%20%20%7D%0A%20%20%7D%0A%20%20if%20%28activeSlide%29%20%7B%0A%20%20if%20%28%21gridEnabled%29%20%7B%0A%20%20%2F%2F%20Next%20Slide%0A%20%20nextSlide%20%3D%20elementNextAll%28activeSlide%2C%20%60.%24%7Bparams.slideClass%7D%2C%20swiper-slide%60%29%5B0%5D%3B%0A%20%20if%20%28params.loop%20%26%26%20%21nextSlide%29%20%7B%0A%20%20nextSlide%20%3D%20slides%5B0%5D%3B%0A%20%20%7D%0A%20%20%2F%2F%20Prev%20Slide%0A%20%20prevSlide%20%3D%20elementPrevAll%28activeSlide%2C%20%60.%24%7Bparams.slideClass%7D%2C%20swiper-slide%60%29%5B0%5D%3B%0A%20%20if%20%28params.loop%20%26%26%20%21prevSlide%20%3D%3D%3D%200%29%20%7B%0A%20%20prevSlide%20%3D%20slides%5Bslides.length%20-%201%5D%3B%0A%20%20%7D%0A%20%20%7D%0A%20%20%7D%0A%20%20slides.forEach%28%28slideEl%29%3D%3E%7B%0A%20%20toggleSlideClasses%28slideEl%2C%20slideEl%20%3D%3D%3D%20activeSlide%2C%20params.slideActiveClass%29%3B%0A%20%20toggleSlideClasses%28slideEl%2C%20slideEl%20%3D%3D%3D%20nextSlide%2C%20params.slideNextClass%29%3B%0A%20%20toggleSlideClasses%28slideEl%2C%20slideEl%20%3D%3D%3D%20prevSlide%2C%20params.slidePrevClass%29%3B%0A%20%20%7D%29%3B%0A%20%20swiper.emitSlidesClasses%28%29%3B%0A%20%20%7D%0A%20%20const%20processLazyPreloader%20%3D%20%28swiper%2C%20imageEl%29%3D%3E%7B%0A%20%20if%20%28%21swiper%20%7C%7C%20swiper.destroyed%20%7C%7C%20%21swiper.params%29%20return%3B%0A%20%20const%20slideSelector%20%3D%20%28%29%3D%3Eswiper.isElement%20%3F%20%60swiper-slide%60%20%3A%20%60.%24%7Bswiper.params.slideClass%7D%60%3B%0A%20%20const%20slideEl%20%3D%20imageEl.closest%28slideSelector%28%29%29%3B%0A%20%20if%20%28slideEl%29%20%7B%0A%20%20let%20lazyEl%20%3D%20slideEl.querySelector%28%60.%24%7Bswiper.params.lazyPreloaderClass%7D%60%29%3B%0A%20%20if%20%28%21lazyEl%20%26%26%20swiper.isElement%29%20%7B%0A%20%20if%20%28slideEl.shadowRoot%29%20%7B%0A%20%20lazyEl%20%3D%20slideEl.shadowRoot.querySelector%28%60.%24%7Bswiper.params.lazyPreloaderClass%7D%60%29%3B%0A%20%20%7D%20else%20%7B%0A%20%20%2F%2F%20init%20later%0A%20%20requestAnimationFrame%28%28%29%3D%3E%7B%0A%20%20if%20%28slideEl.shadowRoot%29%20%7B%0A%20%20lazyEl%20%3D%20slideEl.shadowRoot.querySelector%28%60.%24%7Bswiper.params.lazyPreloaderClass%7D%60%29%3B%0A%20%20if%20%28lazyEl%20%26%26%20%21lazyEl.lazyPreloaderManaged%29%20lazyEl.remove%28%29%3B%0A%20%20%7D%0A%20%20%7D%29%3B%0A%20%20%7D%0A%20%20%7D%0A%20%20%2F%2F%20Skip%20removal%20if%20managed%20by%20React%2FVue%20component%0A%20%20if%20%28lazyEl%20%26%26%20%21lazyEl.lazyPreloaderManaged%29%20lazyEl.remove%28%29%3B%0A%20%20%7D%0A%20%20%7D%3B%0A%20%20const%20unlazy%20%3D%20%28swiper%2C%20index%29%3D%3E%7B%0A%20%20if%20%28%21swiper.slides%5Bindex%5D%29%20return%3B%0A%20%20const%20imageEl%20%3D%20swiper.slides%5Bindex%5D.querySelector%28%27%5Bloading%3D%22lazy%22%5D%27%29%3B%0A%20%20if%20%28imageEl%29%20imageEl.removeAttribute%28%27loading%27%29%3B%0A%20%20%7D%3B%0A%20%20const%20preload%20%3D%20%28swiper%29%3D%3E%7B%0A%20%20if%20%28%21swiper%20%7C%7C%20swiper.destroyed%20%7C%7C%20%21swiper.params%29%20return%3B%0A%20%20let%20amount%20%3D%20swiper.params.lazyPreloadPrevNext%3B%0A%20%20const%20len%20%3D%20swiper.slides.length%3B%0A%20%20if%20%28%21len%20%7C%7C%20%21amount%20%7C%7C%20amount%20%3C%200%29%20return%3B%0A%20%20amount%20%3D%20Math.min%28amount%2C%20len%29%3B%0A%20%20const%20slidesPerView%20%3D%20swiper.params.slidesPerView%20%3D%3D%3D%20%27auto%27%20%3F%20swiper.slidesPerViewDynamic%28%29%20%3A%20Math.ceil%28swiper.params.slidesPerView%29%3B%0A%20%20const%20activeIndex%20%3D%20swiper.activeIndex%3B%0A%20%20if%20%28swiper.params.grid%20%26%26%20swiper.params.grid.rows%20%3E%201%29%20%7B%0A%20%20const%20activeColumn%20%3D%20activeIndex%3B%0A%20%20const%20preloadColumns%20%3D%20%5B%0A%20%20activeColumn%20-%20amount%0A%20%20%5D%3B%0A%20%20preloadColumns.push%28...Array.from%28%7B%0A%20%20length%3A%20amount%0A%20%20%7D%29.map%28%28_%2C%20i1%29%3D%3E%7B%0A%20%20return%20activeColumn%20%2B%20slidesPerView%20%2B%20i1%3B%0A%20%20%7D%29%29%3B%0A%20%20swiper.slides.forEach%28%28slideEl%2C%20i1%29%3D%3E%7B%0A%20%20if%20%28preloadColumns.includes%28slideEl.column%29%29%20unlazy%28swiper%2C%20i1%29%3B%0A%20%20%7D%29%3B%0A%20%20return%3B%0A%20%20%7D%0A%20%20const%20slideIndexLastInView%20%3D%20activeIndex%20%2B%20slidesPerView%20-%201%3B%0A%20%20if%20%28swiper.params.rewind%20%7C%7C%20swiper.params.loop%29%20%7B%0A%20%20for%28let%20i1%20%3D%20activeIndex%20-%20amount%3B%20i1%20%3C%3D%20slideIndexLastInView%20%2B%20amount%3B%20i1%20%2B%3D%201%29%7B%0A%20%20const%20realIndex%20%3D%20%28i1%20%25%20len%20%2B%20len%29%20%25%20len%3B%0A%20%20if%20%28realIndex%20%3C%20activeIndex%20%7C%7C%20realIndex%20%3E%20slideIndexLastInView%29%20unlazy%28swiper%2C%20realIndex%29%3B%0A%20%20%7D%0A%20%20%7D%20else%20%7B%0A%20%20for%28let%20i1%20%3D%20Math.max%28activeIndex%20-%20amount%2C%200%29%3B%20i1%20%3C%3D%20Math.min%28slideIndexLastInView%20%2B%20amount%2C%20len%20-%201%29%3B%20i1%20%2B%3D%201%29%7B%0A%20%20if%20%28i1%20%21%3D%3D%20activeIndex%20%26%26%20%28i1%20%3E%20slideIndexLastInView%20%7C%7C%20i1%20%3C%20activeIndex%29%29%20%7B%0A%20%20unlazy%28swiper%2C%20i1%29%3B%0A%20%20%7D%0A%20%20%7D%0A%20%20%7D%0A%20%20%7D%3B%0A%20%20function%20getActiveIndexByTranslate%28swiper%29%20%7B%0A%20%20const%20%7B%20slidesGrid%2C%20params%20%7D%20%3D%20swiper%3B%0A%20%20const%20translate%20%3D%20swiper.rtlTranslate%20%3F%20swiper.translate%20%3A%20-swiper.translate%3B%0A%20%20let%20activeIndex%3B%0A%20%20for%28let%20i1%20%3D%200%3B%20i1%20%3C%20slidesGrid.length%3B%20i1%20%2B%3D%201%29%7B%0A%20%20if%20%28typeof%20slidesGrid%5Bi1%20%2B%201%5D%20%21%3D%3D%20%27undefined%27%29%20%7B%0A%20%20if%20%28translate%20%3E%3D%20slidesGrid%5Bi1%5D%20%26%26%20translate%20%3C%20slidesGrid%5Bi1%20%2B%201%5D%20-%20%28slidesGrid%5Bi1%20%2B%201%5D%20-%20slidesGrid%5Bi1%5D%29%20%2F%202%29%20%7B%0A%20%20activeIndex%20%3D%20i1%3B%0A%20%20%7D%20else%20if%20%28translate%20%3E%3D%20slidesGrid%5Bi1%5D%20%26%26%20translate%20%3C%20slidesGrid%5Bi1%20%2B%201%5D%29%20%7B%0A%20%20activeIndex%20%3D%20i1%20%2B%201%3B%0A%20%20%7D%0A%20%20%7D%20else%20if%20%28translate%20%3E%3D%20slidesGrid%5Bi1%5D%29%20%7B%0A%20%20activeIndex%20%3D%20i1%3B%0A%20%20%7D%0A%20%20%7D%0A%20%20%2F%2F%20Normalize%20slideIndex%0A%20%20if%20%28params.normalizeSlideIndex%29%20%7B%0A%20%20if%20%28activeIndex%20%3C%200%20%7C%7C%20typeof%20activeIndex%20%3D%3D%3D%20%27undefined%27%29%20activeIndex%20%3D%200%3B%0A%20%20%7D%0A%20%20return%20activeIndex%3B%0A%20%20%7D%0A%20%20function%20updateActiveIndex%28newActiveIndex%29%20%7B%0A%20%20const%20swiper%20%3D%20this%3B%0A%20%20const%20translate%20%3D%20swiper.rtlTranslate%20%3F%20swiper.translate%20%3A%20-swiper.translate%3B%0A%20%20const%20%7B%20snapGrid%2C%20params%2C%20activeIndex%3A%20previousIndex%2C%20realIndex%3A%20previousRealIndex%2C%20snapIndex%3A%20previousSnapIndex%20%7D%20%3D%20swiper%3B%0A%20%20let%20activeIndex%20%3D%20newActiveIndex%3B%0A%20%20let%20snapIndex%3B%0A%20%20const%20getVirtualRealIndex%20%3D%20%28aIndex%29%3D%3E%7B%0A%20%20let%20realIndex%20%3D%20aIndex%20-%20swiper.virtual.slidesBefore%3B%0A%20%20if%20%28realIndex%20%3C%200%29%20%7B%0A%20%20realIndex%20%3D%20swiper.virtual.slides.length%20%2B%20realIndex%3B%0A%20%20%7D%0A%20%20if%20%28realIndex%20%3E%3D%20swiper.virtual.slides.length%29%20%7B%0A%20%20realIndex%20-%3D%20swiper.virtual.slides.length%3B%0A%20%20%7D%0A%20%20return%20realIndex%3B%0A%20%20%7D%3B%0A%20%20if%20%28typeof%20activeIndex%20%3D%3D%3D%20%27undefined%27%29%20%7B%0A%20%20activeIndex%20%3D%20getActiveIndexByTranslate%28swiper%29%3B%0A%20%20%7D%0A%20%20if%20%28snapGrid.indexOf%28translate%29%20%3E%3D%200%29%20%7B%0A%20%20snapIndex%20%3D%20snapGrid.indexOf%28translate%29%3B%0A%20%20%7D%20else%20%7B%0A%20%20const%20skip%20%3D%20Math.min%28params.slidesPerGroupSkip%2C%20activeIndex%29%3B%0A%20%20snapIndex%20%3D%20skip%20%2B%20Math.floor%28%28activeIndex%20-%20skip%29%20%2F%20params.slidesPerGroup%29%3B%0A%20%20%7D%0A%20%20if%20%28snapIndex%20%3E%3D%20snapGrid.length%29%20snapIndex%20%3D%20snapGrid.length%20-%201%3B%0A%20%20if%20%28activeIndex%20%3D%3D%3D%20previousIndex%20%26%26%20%21swiper.params.loop%29%20%7B%0A%20%20if%20%28snapIndex%20%21%3D%3D%20previousSnapIndex%29%20%7B%0A%20%20swiper.snapIndex%20%3D%20snapIndex%3B%0A%20%20swiper.emit%28%27snapIndexChange%27%29%3B%0A%20%20%7D%0A%20%20return%3B%0A%20%20%7D%0A%20%20if%20%28activeIndex%20%3D%3D%3D%20previousIndex%20%26%26%20swiper.params.loop%20%26%26%20swiper.virtual%20%26%26%20swiper.params.virtual.enabled%29%20%7B%0A%20%20swiper.realIndex%20%3D%20getVirtualRealIndex%28activeIndex%29%3B%0A%20%20return%3B%0A%20%20%7D%0A%20%20const%20gridEnabled%20%3D%20swiper.grid%20%26%26%20params.grid%20%26%26%20params.grid.rows%20%3E%201%3B%0A%20%20%2F%2F%20Get%20real%20index%0A%20%20let%20realIndex%3B%0A%20%20if%20%28swiper.virtual%20%26%26%20params.virtual.enabled%29%20%7B%0A%20%20if%20%28params.loop%29%20%7B%0A%20%20realIndex%20%3D%20getVirtualRealIndex%28activeIndex%29%3B%0A%20%20%7D%20else%20%7B%0A%20%20realIndex%20%3D%20activeIndex%3B%0A%20%20%7D%0A%20%20%7D%20else%20if%20%28gridEnabled%29%20%7B%0A%20%20const%20firstSlideInColumn%20%3D%20swiper.slides.find%28%28slideEl%29%3D%3EslideEl.column%20%3D%3D%3D%20activeIndex%29%3B%0A%20%20let%20activeSlideIndex%20%3D%20parseInt%28firstSlideInColumn.getAttribute%28%27data-swiper-slide-index%27%29%2C%2010%29%3B%0A%20%20if%20%28Number.isNaN%28activeSlideIndex%29%29%20%7B%0A%20%20activeSlideIndex%20%3D%20Math.max%28swiper.slides.indexOf%28firstSlideInColumn%29%2C%200%29%3B%0A%20%20%7D%0A%20%20realIndex%20%3D%20Math.floor%28activeSlideIndex%20%2F%20params.grid.rows%29%3B%0A%20%20%7D%20else%20if%20%28swiper.slides%5BactiveIndex%5D%29%20%7B%0A%20%20const%20slideIndex%20%3D%20swiper.slides%5BactiveIndex%5D.getAttribute%28%27data-swiper-slide-index%27%29%3B%0A%20%20if%20%28slideIndex%29%20%7B%0A%20%20realIndex%20%3D%20parseInt%28slideIndex%2C%2010%29%3B%0A%20%20%7D%20else%20%7B%0A%20%20realIndex%20%3D%20activeIndex%3B%0A%20%20%7D%0A%20%20%7D%20else%20%7B%0A%20%20realIndex%20%3D%20activeIndex%3B%0A%20%20%7D%0A%20%20Object.assign%28swiper%2C%20%7B%0A%20%20previousSnapIndex%2C%0A%20%20snapIndex%2C%0A%20%20previousRealIndex%2C%0A%20%20realIndex%2C%0A%20%20previousIndex%2C%0A%20%20activeIndex%0A%20%20%7D%29%3B%0A%20%20if%20%28swiper.initialized%29%20%7B%0A%20%20preload%28swiper%29%3B%0A%20%20%7D%0A%20%20swiper.emit%28%27activeIndexChange%27%29%3B%0A%20%20swiper.emit%28%27snapIndexChange%27%29%3B%0A%20%20if%20%28swiper.initialized%20%7C%7C%20swiper.params.runCallbacksOnInit%29%20%7B%0A%20%20if%20%28previousRealIndex%20%21%3D%3D%20realIndex%29%20%7B%0A%20%20swiper.emit%28%27realIndexChange%27%29%3B%0A%20%20%7D%0A%20%20swiper.emit%28%27slideChange%27%29%3B%0A%20%20%7D%0A%20%20%7D%0A%20%20function%20updateClickedSlide%28el%2C%20path%29%20%7B%0A%20%20const%20swiper%20%3D%20this%3B%0A%20%20const%20params%20%3D%20swiper.params%3B%0A%20%20let%20slide%20%3D%20el.closest%28%60.%24%7Bparams.slideClass%7D%2C%20swiper-slide%60%29%3B%0A%20%20if%20%28%21slide%20%26%26%20swiper.isElement%20%26%26%20path%20%26%26%20path.length%20%3E%201%20%26%26%20path.includes%28el%29%29%20%7B%0A%20%20%5B%0A%20%20...path.slice%28path.indexOf%28el%29%20%2B%201%2C%20path.length%29%0A%20%20%5D.forEach%28%28pathEl%29%3D%3E%7B%0A%20%20if%20%28%21slide%20%26%26%20pathEl.matches%20%26%26%20pathEl.matches%28%60.%24%7Bparams.slideClass%7D%2C%20swiper-slide%60%29%29%20%7B%0A%20%20slide%20%3D%20pathEl%3B%0A%20%20%7D%0A%20%20%7D%29%3B%0A%20%20%7D%0A%20%20let%20slideFound%20%3D%20false%3B%0A%20%20let%20slideIndex%3B%0A%20%20if%20%28slide%29%20%7B%0A%20%20for%28let%20i1%20%3D%200%3B%20i1%20%3C%20swiper.slides.length%3B%20i1%20%2B%3D%201%29%7B%0A%20%20if%20%28swiper.slides%5Bi1%5D%20%3D%3D%3D%20slide%29%20%7B%0A%20%20slideFound%20%3D%20true%3B%0A%20%20slideIndex%20%3D%20i1%3B%0A%20%20break%3B%0A%20%20%7D%0A%20%20%7D%0A%20%20%7D%0A%20%20if%20%28slide%20%26%26%20slideFound%29%20%7B%0A%20%20swiper.clickedSlide%20%3D%20slide%3B%0A%20%20if%20%28swiper.virtual%20%26%26%20swiper.params.virtual.enabled%29%20%7B%0A%20%20swiper.clickedIndex%20%3D%20parseInt%28slide.getAttribute%28%27data-swiper-slide-index%27%29%2C%2010%29%3B%0A%20%20%7D%20else%20%7B%0A%20%20swiper.clickedIndex%20%3D%20slideIndex%3B%0A%20%20%7D%0A%20%20%7D%20else%20%7B%0A%20%20swiper.clickedSlide%20%3D%20undefined%3B%0A%20%20swiper.clickedIndex%20%3D%20undefined%3B%0A%20%20return%3B%0A%20%20%7D%0A%20%20if%20%28params.slideToClickedSlide%20%26%26%20swiper.clickedIndex%20%21%3D%3D%20undefined%20%26%26%20swiper.clickedIndex%20%21%3D%3D%20swiper.activeIndex%29%20%7B%0A%20%20swiper.slideToClickedSlide%28%29%3B%0A%20%20%7D%0A%20%20%7D%0A%20%20var%20update%20%3D%20%7B%0A%20%20updateSize%2C%0A%20%20updateSlides%2C%0A%20%20updateAutoHeight%2C%0A%20%20updateSlidesOffset%2C%0A%20%20updateSlidesProgress%2C%0A%20%20updateProgress%2C%0A%20%20updateSlidesClasses%2C%0A%20%20updateActiveIndex%2C%0A%20%20updateClickedSlide%0A%20%20%7D%3B%0A%20%20function%20getSwiperTranslate%28axis%20%3D%20this.isHorizontal%28%29%20%3F%20%27x%27%20%3A%20%27y%27%29%20%7B%0A%20%20const%20swiper%20%3D%20this%3B%0A%20%20const%20%7B%20params%2C%20rtlTranslate%3A%20rtl%2C%20translate%2C%20wrapperEl%20%7D%20%3D%20swiper%3B%0A%20%20if%20%28params.virtualTranslate%29%20%7B%0A%20%20return%20rtl%20%3F%20-translate%20%3A%20translate%3B%0A%20%20%7D%0A%20%20if%20%28params.cssMode%29%20%7B%0A%20%20return%20translate%3B%0A%20%20%7D%0A%20%20let%20currentTranslate%20%3D%20getTranslate%28wrapperEl%2C%20axis%29%3B%0A%20%20currentTranslate%20%2B%3D%20swiper.cssOverflowAdjustment%28%29%3B%0A%20%20if%20%28rtl%29%20currentTranslate%20%3D%20-currentTranslate%3B%0A%20%20return%20currentTranslate%20%7C%7C%200%3B%0A%20%20%7D%0A%20%20function%20setTranslate%28translate%2C%20byController%29%20%7B%0A%20%20const%20swiper%20%3D%20this%3B%0A%20%20const%20%7B%20rtlTranslate%3A%20rtl%2C%20params%2C%20wrapperEl%2C%20progress%20%7D%20%3D%20swiper%3B%0A%20%20let%20x1%20%3D%200%3B%0A%20%20let%20y1%20%3D%200%3B%0A%20%20const%20z%20%3D%200%3B%0A%20%20if%20%28swiper.isHorizontal%28%29%29%20%7B%0A%20%20x1%20%3D%20rtl%20%3F%20-translate%20%3A%20translate%3B%0A%20%20%7D%20else%20%7B%0A%20%20y1%20%3D%20translate%3B%0A%20%20%7D%0A%20%20if%20%28params.roundLengths%29%20%7B%0A%20%20x1%20%3D%20Math.floor%28x1%29%3B%0A%20%20y1%20%3D%20Math.floor%28y1%29%3B%0A%20%20%7D%0A%20%20swiper.previousTranslate%20%3D%20swiper.translate%3B%0A%20%20swiper.translate%20%3D%20swiper.isHorizontal%28%29%20%3F%20x1%20%3A%20y1%3B%0A%20%20if%20%28params.cssMode%29%20%7B%0A%20%20wrapperEl%5Bswiper.isHorizontal%28%29%20%3F%20%27scrollLeft%27%20%3A%20%27scrollTop%27%5D%20%3D%20swiper.isHorizontal%28%29%20%3F%20-x1%20%3A%20-y1%3B%0A%20%20%7D%20else%20if%20%28%21params.virtualTranslate%29%20%7B%0A%20%20if%20%28swiper.isHorizontal%28%29%29%20%7B%0A%20%20x1%20-%3D%20swiper.cssOverflowAdjustment%28%29%3B%0A%20%20%7D%20else%20%7B%0A%20%20y1%20-%3D%20swiper.cssOverflowAdjustment%28%29%3B%0A%20%20%7D%0A%20%20wrapperEl.style.transform%20%3D%20%60translate3d%28%24%7Bx1%7Dpx%2C%20%24%7By1%7Dpx%2C%20%24%7Bz%7Dpx%29%60%3B%0A%20%20%7D%0A%20%20%2F%2F%20Check%20if%20we%20need%20to%20update%20progress%0A%20%20let%20newProgress%3B%0A%20%20const%20translatesDiff%20%3D%20swiper.maxTranslate%28%29%20-%20swiper.minTranslate%28%29%3B%0A%20%20if%20%28translatesDiff%20%3D%3D%3D%200%29%20%7B%0A%20%20newProgress%20%3D%200%3B%0A%20%20%7D%20else%20%7B%0A%20%20newProgress%20%3D%20%28translate%20-%20swiper.minTranslate%28%29%29%20%2F%20translatesDiff%3B%0A%20%20%7D%0A%20%20if%20%28newProgress%20%21%3D%3D%20progress%29%20%7B%0A%20%20swiper.updateProgress%28translate%29%3B%0A%20%20%7D%0A%20%20swiper.emit%28%27setTranslate%27%2C%20swiper.translate%2C%20byController%29%3B%0A%20%20%7D%0A%20%20function%20minTranslate%28%29%20%7B%0A%20%20return%20-this.snapGrid%5B0%5D%3B%0A%20%20%7D%0A%20%20function%20maxTranslate%28%29%20%7B%0A%20%20return%20-this.snapGrid%5Bthis.snapGrid.length%20-%201%5D%3B%0A%20%20%7D%0A%20%20function%20translateTo%28translate%20%3D%200%2C%20speed%20%3D%20this.params.speed%2C%20runCallbacks%20%3D%20true%2C%20translateBounds%20%3D%20true%2C%20internal%29%20%7B%0A%20%20const%20swiper%20%3D%20this%3B%0A%20%20const%20%7B%20params%2C%20wrapperEl%20%7D%20%3D%20swiper%3B%0A%20%20if%20%28swiper.animating%20%26%26%20params.preventInteractionOnTransition%29%20%7B%0A%20%20return%20false%3B%0A%20%20%7D%0A%20%20const%20minTranslate%20%3D%20swiper.minTranslate%28%29%3B%0A%20%20const%20maxTranslate%20%3D%20swiper.maxTranslate%28%29%3B%0A%20%20let%20newTranslate%3B%0A%20%20if%20%28translateBounds%20%26%26%20translate%20%3E%20minTranslate%29%20newTranslate%20%3D%20minTranslate%3B%0A%20%20else%20if%20%28translateBounds%20%26%26%20translate%20%3C%20maxTranslate%29%20newTranslate%20%3D%20maxTranslate%3B%0A%20%20else%20newTranslate%20%3D%20translate%3B%0A%20%20%2F%2F%20Update%20progress%0A%20%20swiper.updateProgress%28newTranslate%29%3B%0A%20%20if%20%28params.cssMode%29%20%7B%0A%20%20const%20isH%20%3D%20swiper.isHorizontal%28%29%3B%0A%20%20if%20%28speed%20%3D%3D%3D%200%29%20%7B%0A%20%20wrapperEl%5BisH%20%3F%20%27scrollLeft%27%20%3A%20%27scrollTop%27%5D%20%3D%20-newTranslate%3B%0A%20%20%7D%20else%20%7B%0A%20%20if%20%28%21swiper.support.smoothScroll%29%20%7B%0A%20%20animateCSSModeScroll%28%7B%0A%20%20swiper%2C%0A%20%20targetPosition%3A%20-newTranslate%2C%0A%20%20side%3A%20isH%20%3F%20%27left%27%20%3A%20%27top%27%0A%20%20%7D%29%3B%0A%20%20return%20true%3B%0A%20%20%7D%0A%20%20wrapperEl.scrollTo%28%7B%0A%20%20%5BisH%20%3F%20%27left%27%20%3A%20%27top%27%5D%3A%20-newTranslate%2C%0A%20%20behavior%3A%20%27smooth%27%0A%20%20%7D%29%3B%0A%20%20%7D%0A%20%20return%20true%3B%0A%20%20%7D%0A%20%20if%20%28speed%20%3D%3D%3D%200%29%20%7B%0A%20%20swiper.setTransition%280%29%3B%0A%20%20swiper.setTranslate%28newTranslate%29%3B%0A%20%20if%20%28runCallbacks%29%20%7B%0A%20%20swiper.emit%28%27beforeTransitionStart%27%2C%20speed%2C%20internal%29%3B%0A%20%20swiper.emit%28%27transitionEnd%27%29%3B%0A%20%20%7D%0A%20%20%7D%20else%20%7B%0A%20%20swiper.setTransition%28speed%29%3B%0A%20%20swiper.setTranslate%28newTranslate%29%3B%0A%20%20if%20%28runCallbacks%29%20%7B%0A%20%20swiper.emit%28%27beforeTransitionStart%27%2C%20speed%2C%20internal%29%3B%0A%20%20swiper.emit%28%27transitionStart%27%29%3B%0A%20%20%7D%0A%20%20if%20%28%21swiper.animating%29%20%7B%0A%20%20swiper.animating%20%3D%20true%3B%0A%20%20if%20%28%21swiper.onTranslateToWrapperTransitionEnd%29%20%7B%0A%20%20swiper.onTranslateToWrapperTransitionEnd%20%3D%20function%20transitionEnd%28e1%29%20%7B%0A%20%20if%20%28%21swiper%20%7C%7C%20swiper.destroyed%29%20return%3B%0A%20%20if%20%28e1.target%20%21%3D%3D%20this%29%20return%3B%0A%20%20swiper.wrapperEl.removeEventListener%28%27transitionend%27%2C%20swiper.onTranslateToWrapperTransitionEnd%29%3B%0A%20%20swiper.onTranslateToWrapperTransitionEnd%20%3D%20null%3B%0A%20%20delete%20swiper.onTranslateToWrapperTransitionEnd%3B%0A%20%20swiper.animating%20%3D%20false%3B%0A%20%20if%20%28runCallbacks%29%20%7B%0A%20%20swiper.emit%28%27transitionEnd%27%29%3B%0A%20%20%7D%0A%20%20%7D%3B%0A%20%20%7D%0A%20%20swiper.wrapperEl.addEventListener%28%27transitionend%27%2C%20swiper.onTranslateToWrapperTransitionEnd%29%3B%0A%20%20%7D%0A%20%20%7D%0A%20%20return%20true%3B%0A%20%20%7D%0A%20%20var%20translate%20%3D%20%7B%0A%20%20getTranslate%3A%20getSwiperTranslate%2C%0A%20%20setTranslate%2C%0A%20%20minTranslate%2C%0A%20%20maxTranslate%2C%0A%20%20translateTo%0A%20%20%7D%3B%0A%20%20function%20setTransition%28duration%2C%20byController%29%20%7B%0A%20%20const%20swiper%20%3D%20this%3B%0A%20%20if%20%28%21swiper.params.cssMode%29%20%7B%0A%20%20swiper.wrapperEl.style.transitionDuration%20%3D%20%60%24%7Bduration%7Dms%60%3B%0A%20%20swiper.wrapperEl.style.transitionDelay%20%3D%20duration%20%3D%3D%3D%200%20%3F%20%600ms%60%20%3A%20%27%27%3B%0A%20%20%7D%0A%20%20swiper.emit%28%27setTransition%27%2C%20duration%2C%20byController%29%3B%0A%20%20%7D%0A%20%20function%20transitionEmit%28%7B%20swiper%2C%20runCallbacks%2C%20direction%2C%20step%20%7D%29%20%7B%0A%20%20const%20%7B%20activeIndex%2C%20previousIndex%20%7D%20%3D%20swiper%3B%0A%20%20let%20dir%20%3D%20direction%3B%0A%20%20if%20%28%21dir%29%20%7B%0A%20%20if%20%28activeIndex%20%3E%20previousIndex%29%20dir%20%3D%20%27next%27%3B%0A%20%20else%20if%20%28activeIndex%20%3C%20previousIndex%29%20dir%20%3D%20%27prev%27%3B%0A%20%20else%20dir%20%3D%20%27reset%27%3B%0A%20%20%7D%0A%20%20swiper.emit%28%60transition%24%7Bstep%7D%60%29%3B%0A%20%20if%20%28runCallbacks%20%26%26%20dir%20%3D%3D%3D%20%27reset%27%29%20%7B%0A%20%20swiper.emit%28%60slideResetTransition%24%7Bstep%7D%60%29%3B%0A%20%20%7D%20else%20if%20%28runCallbacks%20%26%26%20activeIndex%20%21%3D%3D%20previousIndex%29%20%7B%0A%20%20swiper.emit%28%60slideChangeTransition%24%7Bstep%7D%60%29%3B%0A%20%20if%20%28dir%20%3D%3D%3D%20%27next%27%29%20%7B%0A%20%20swiper.emit%28%60slideNextTransition%24%7Bstep%7D%60%29%3B%0A%20%20%7D%20else%20%7B%0A%20%20swiper.emit%28%60slidePrevTransition%24%7Bstep%7D%60%29%3B%0A%20%20%7D%0A%20%20%7D%0A%20%20%7D%0A%20%20function%20transitionStart%28runCallbacks%20%3D%20true%2C%20direction%29%20%7B%0A%20%20const%20swiper%20%3D%20this%3B%0A%20%20const%20%7B%20params%20%7D%20%3D%20swiper%3B%0A%20%20if%20%28params.cssMode%29%20return%3B%0A%20%20if%20%28params.autoHeight%29%20%7B%0A%20%20swiper.updateAutoHeight%28%29%3B%0A%20%20%7D%0A%20%20transitionEmit%28%7B%0A%20%20swiper%2C%0A%20%20runCallbacks%2C%0A%20%20direction%2C%0A%20%20step%3A%20%27Start%27%0A%20%20%7D%29%3B%0A%20%20%7D%0A%20%20function%20transitionEnd%28runCallbacks%20%3D%20true%2C%20direction%29%20%7B%0A%20%20const%20swiper%20%3D%20this%3B%0A%20%20const%20%7B%20params%20%7D%20%3D%20swiper%3B%0A%20%20swiper.animating%20%3D%20false%3B%0A%20%20if%20%28params.cssMode%29%20return%3B%0A%20%20swiper.setTransition%280%29%3B%0A%20%20transitionEmit%28%7B%0A%20%20swiper%2C%0A%20%20runCallbacks%2C%0A%20%20direction%2C%0A%20%20step%3A%20%27End%27%0A%20%20%7D%29%3B%0A%20%20%7D%0A%20%20var%20transition%20%3D%20%7B%0A%20%20setTransition%2C%0A%20%20transitionStart%2C%0A%20%20transitionEnd%0A%20%20%7D%3B%0A%20%20function%20slideTo%28index%20%3D%200%2C%20speed%2C%20runCallbacks%20%3D%20true%2C%20internal%2C%20initial%29%20%7B%0A%20%20if%20%28typeof%20index%20%3D%3D%3D%20%27string%27%29%20%7B%0A%20%20index%20%3D%20parseInt%28index%2C%2010%29%3B%0A%20%20%7D%0A%20%20const%20swiper%20%3D%20this%3B%0A%20%20let%20slideIndex%20%3D%20index%3B%0A%20%20if%20%28slideIndex%20%3C%200%29%20slideIndex%20%3D%200%3B%0A%20%20const%20%7B%20params%2C%20snapGrid%2C%20slidesGrid%2C%20previousIndex%2C%20activeIndex%2C%20rtlTranslate%3A%20rtl%2C%20wrapperEl%2C%20enabled%20%7D%20%3D%20swiper%3B%0A%20%20if%20%28%21enabled%20%26%26%20%21internal%20%26%26%20%21initial%20%7C%7C%20swiper.destroyed%20%7C%7C%20swiper.animating%20%26%26%20params.preventInteractionOnTransition%29%20%7B%0A%20%20return%20false%3B%0A%20%20%7D%0A%20%20if%20%28typeof%20speed%20%3D%3D%3D%20%27undefined%27%29%20%7B%0A%20%20speed%20%3D%20swiper.params.speed%3B%0A%20%20%7D%0A%20%20const%20skip%20%3D%20Math.min%28swiper.params.slidesPerGroupSkip%2C%20slideIndex%29%3B%0A%20%20let%20snapIndex%20%3D%20skip%20%2B%20Math.floor%28%28slideIndex%20-%20skip%29%20%2F%20swiper.params.slidesPerGroup%29%3B%0A%20%20if%20%28snapIndex%20%3E%3D%20snapGrid.length%29%20snapIndex%20%3D%20snapGrid.length%20-%201%3B%0A%20%20const%20translate%20%3D%20-snapGrid%5BsnapIndex%5D%3B%0A%20%20%2F%2F%20Normalize%20slideIndex%0A%20%20if%20%28params.normalizeSlideIndex%29%20%7B%0A%20%20for%28let%20i1%20%3D%200%3B%20i1%20%3C%20slidesGrid.length%3B%20i1%20%2B%3D%201%29%7B%0A%20%20const%20normalizedTranslate%20%3D%20-Math.floor%28translate%20%2A%20100%29%3B%0A%20%20const%20normalizedGrid%20%3D%20Math.floor%28slidesGrid%5Bi1%5D%20%2A%20100%29%3B%0A%20%20const%20normalizedGridNext%20%3D%20Math.floor%28slidesGrid%5Bi1%20%2B%201%5D%20%2A%20100%29%3B%0A%20%20if%20%28typeof%20slidesGrid%5Bi1%20%2B%201%5D%20%21%3D%3D%20%27undefined%27%29%20%7B%0A%20%20if%20%28normalizedTranslate%20%3E%3D%20normalizedGrid%20%26%26%20normalizedTranslate%20%3C%20normalizedGridNext%20-%20%28normalizedGridNext%20-%20normalizedGrid%29%20%2F%202%29%20%7B%0A%20%20slideIndex%20%3D%20i1%3B%0A%20%20%7D%20else%20if%20%28normalizedTranslate%20%3E%3D%20normalizedGrid%20%26%26%20normalizedTranslate%20%3C%20normalizedGridNext%29%20%7B%0A%20%20slideIndex%20%3D%20i1%20%2B%201%3B%0A%20%20%7D%0A%20%20%7D%20else%20if%20%28normalizedTranslate%20%3E%3D%20normalizedGrid%29%20%7B%0A%20%20slideIndex%20%3D%20i1%3B%0A%20%20%7D%0A%20%20%7D%0A%20%20%7D%0A%20%20%2F%2F%20Directions%20locks%0A%20%20if%20%28swiper.initialized%20%26%26%20slideIndex%20%21%3D%3D%20activeIndex%29%20%7B%0A%20%20if%20%28%21swiper.allowSlideNext%20%26%26%20%28rtl%20%3F%20translate%20%3E%20swiper.translate%20%26%26%20translate%20%3E%20swiper.minTranslate%28%29%20%3A%20translate%20%3C%20swiper.translate%20%26%26%20translate%20%3C%20swiper.minTranslate%28%29%29%29%20%7B%0A%20%20return%20false%3B%0A%20%20%7D%0A%20%20if%20%28%21swiper.allowSlidePrev%20%26%26%20translate%20%3E%20swiper.translate%20%26%26%20translate%20%3E%20swiper.maxTranslate%28%29%29%20%7B%0A%20%20if%20%28%28activeIndex%20%7C%7C%200%29%20%21%3D%3D%20slideIndex%29%20%7B%0A%20%20return%20false%3B%0A%20%20%7D%0A%20%20%7D%0A%20%20%7D%0A%20%20if%20%28slideIndex%20%21%3D%3D%20%28previousIndex%20%7C%7C%200%29%20%26%26%20runCallbacks%29%20%7B%0A%20%20swiper.emit%28%27beforeSlideChangeStart%27%29%3B%0A%20%20%7D%0A%20%20%2F%2F%20Update%20progress%0A%20%20swiper.updateProgress%28translate%29%3B%0A%20%20let%20direction%3B%0A%20%20if%20%28slideIndex%20%3E%20activeIndex%29%20direction%20%3D%20%27next%27%3B%0A%20%20else%20if%20%28slideIndex%20%3C%20activeIndex%29%20direction%20%3D%20%27prev%27%3B%0A%20%20else%20direction%20%3D%20%27reset%27%3B%0A%20%20%2F%2F%20initial%20virtual%0A%20%20const%20isVirtual%20%3D%20swiper.virtual%20%26%26%20swiper.params.virtual.enabled%3B%0A%20%20const%20isInitialVirtual%20%3D%20isVirtual%20%26%26%20initial%3B%0A%20%20%2F%2F%20Update%20Index%0A%20%20if%20%28%21isInitialVirtual%20%26%26%20%28rtl%20%26%26%20-translate%20%3D%3D%3D%20swiper.translate%20%7C%7C%20%21rtl%20%26%26%20translate%20%3D%3D%3D%20swiper.translate%29%29%20%7B%0A%20%20swiper.updateActiveIndex%28slideIndex%29%3B%0A%20%20%2F%2F%20Update%20Height%0A%20%20if%20%28params.autoHeight%29%20%7B%0A%20%20swiper.updateAutoHeight%28%29%3B%0A%20%20%7D%0A%20%20swiper.updateSlidesClasses%28%29%3B%0A%20%20if%20%28params.effect%20%21%3D%3D%20%27slide%27%29%20%7B%0A%20%20swiper.setTranslate%28translate%29%3B%0A%20%20%7D%0A%20%20if%20%28direction%20%21%3D%3D%20%27reset%27%29%20%7B%0A%20%20swiper.transitionStart%28runCallbacks%2C%20direction%29%3B%0A%20%20swiper.transitionEnd%28runCallbacks%2C%20direction%29%3B%0A%20%20%7D%0A%20%20return%20false%3B%0A%20%20%7D%0A%20%20if%20%28params.cssMode%29%20%7B%0A%20%20const%20isH%20%3D%20swiper.isHorizontal%28%29%3B%0A%20%20const%20t1%20%3D%20rtl%20%3F%20translate%20%3A%20-translate%3B%0A%20%20if%20%28speed%20%3D%3D%3D%200%29%20%7B%0A%20%20if%20%28isVirtual%29%20%7B%0A%20%20swiper.wrapperEl.style.scrollSnapType%20%3D%20%27none%27%3B%0A%20%20swiper._immediateVirtual%20%3D%20true%3B%0A%20%20%7D%0A%20%20if%20%28isVirtual%20%26%26%20%21swiper._cssModeVirtualInitialSet%20%26%26%20swiper.params.initialSlide%20%3E%200%29%20%7B%0A%20%20swiper._cssModeVirtualInitialSet%20%3D%20true%3B%0A%20%20requestAnimationFrame%28%28%29%3D%3E%7B%0A%20%20wrapperEl%5BisH%20%3F%20%27scrollLeft%27%20%3A%20%27scrollTop%27%5D%20%3D%20t1%3B%0A%20%20%7D%29%3B%0A%20%20%7D%20else%20%7B%0A%20%20wrapperEl%5BisH%20%3F%20%27scrollLeft%27%20%3A%20%27scrollTop%27%5D%20%3D%20t1%3B%0A%20%20%7D%0A%20%20if%20%28isVirtual%29%20%7B%0A%20%20requestAnimationFrame%28%28%29%3D%3E%7B%0A%20%20swiper.wrapperEl.style.scrollSnapType%20%3D%20%27%27%3B%0A%20%20swiper._immediateVirtual%20%3D%20false%3B%0A%20%20%7D%29%3B%0A%20%20%7D%0A%20%20%7D%20else%20%7B%0A%20%20if%20%28%21swiper.support.smoothScroll%29%20%7B%0A%20%20animateCSSModeScroll%28%7B%0A%20%20swiper%2C%0A%20%20targetPosition%3A%20t1%2C%0A%20%20side%3A%20isH%20%3F%20%27left%27%20%3A%20%27top%27%0A%20%20%7D%29%3B%0A%20%20return%20true%3B%0A%20%20%7D%0A%20%20wrapperEl.scrollTo%28%7B%0A%20%20%5BisH%20%3F%20%27left%27%20%3A%20%27top%27%5D%3A%20t1%2C%0A%20%20behavior%3A%20%27smooth%27%0A%20%20%7D%29%3B%0A%20%20%7D%0A%20%20return%20true%3B%0A%20%20%7D%0A%20%20const%20browser%20%3D%20getBrowser%28%29%3B%0A%20%20const%20isSafari%20%3D%20browser.isSafari%3B%0A%20%20if%20%28isVirtual%20%26%26%20%21initial%20%26%26%20isSafari%20%26%26%20swiper.isElement%29%20%7B%0A%20%20swiper.virtual.update%28false%2C%20false%2C%20slideIndex%29%3B%0A%20%20%7D%0A%20%20swiper.setTransition%28speed%29%3B%0A%20%20swiper.setTranslate%28translate%29%3B%0A%20%20swiper.updateActiveIndex%28slideIndex%29%3B%0A%20%20swiper.updateSlidesClasses%28%29%3B%0A%20%20swiper.emit%28%27beforeTransitionStart%27%2C%20speed%2C%20internal%29%3B%0A%20%20swiper.transitionStart%28runCallbacks%2C%20direction%29%3B%0A%20%20if%20%28speed%20%3D%3D%3D%200%29%20%7B%0A%20%20swiper.transitionEnd%28runCallbacks%2C%20direction%29%3B%0A%20%20%7D%20else%20if%20%28%21swiper.animating%29%20%7B%0A%20%20swiper.animating%20%3D%20true%3B%0A%20%20if%20%28%21swiper.onSlideToWrapperTransitionEnd%29%20%7B%0A%20%20swiper.onSlideToWrapperTransitionEnd%20%3D%20function%20transitionEnd%28e1%29%20%7B%0A%20%20if%20%28%21swiper%20%7C%7C%20swiper.destroyed%29%20return%3B%0A%20%20if%20%28e1.target%20%21%3D%3D%20this%29%20return%3B%0A%20%20swiper.wrapperEl.removeEventListener%28%27transitionend%27%2C%20swiper.onSlideToWrapperTransitionEnd%29%3B%0A%20%20swiper.onSlideToWrapperTransitionEnd%20%3D%20null%3B%0A%20%20delete%20swiper.onSlideToWrapperTransitionEnd%3B%0A%20%20swiper.transitionEnd%28runCallbacks%2C%20direction%29%3B%0A%20%20%7D%3B%0A%20%20%7D%0A%20%20swiper.wrapperEl.addEventListener%28%27transitionend%27%2C%20swiper.onSlideToWrapperTransitionEnd%29%3B%0A%20%20%7D%0A%20%20return%20true%3B%0A%20%20%7D%0A%20%20function%20slideToLoop%28index%20%3D%200%2C%20speed%2C%20runCallbacks%20%3D%20true%2C%20internal%29%20%7B%0A%20%20if%20%28typeof%20index%20%3D%3D%3D%20%27string%27%29%20%7B%0A%20%20const%20indexAsNumber%20%3D%20parseInt%28index%2C%2010%29%3B%0A%20%20index%20%3D%20indexAsNumber%3B%0A%20%20%7D%0A%20%20const%20swiper%20%3D%20this%3B%0A%20%20if%20%28swiper.destroyed%29%20return%3B%0A%20%20if%20%28typeof%20speed%20%3D%3D%3D%20%27undefined%27%29%20%7B%0A%20%20speed%20%3D%20swiper.params.speed%3B%0A%20%20%7D%0A%20%20const%20gridEnabled%20%3D%20swiper.grid%20%26%26%20swiper.params.grid%20%26%26%20swiper.params.grid.rows%20%3E%201%3B%0A%20%20let%20newIndex%20%3D%20index%3B%0A%20%20if%20%28swiper.params.loop%29%20%7B%0A%20%20if%20%28swiper.virtual%20%26%26%20swiper.params.virtual.enabled%29%20%7B%0A%20%20%2F%2F%20eslint-disable-next-line%0A%20%20newIndex%20%3D%20newIndex%20%2B%20swiper.virtual.slidesBefore%3B%0A%20%20%7D%20else%20%7B%0A%20%20let%20targetSlideIndex%3B%0A%20%20if%20%28gridEnabled%29%20%7B%0A%20%20const%20slideIndex%20%3D%20newIndex%20%2A%20swiper.params.grid.rows%3B%0A%20%20targetSlideIndex%20%3D%20swiper.slides.find%28%28slideEl%29%3D%3EslideEl.getAttribute%28%27data-swiper-slide-index%27%29%20%2A%201%20%3D%3D%3D%20slideIndex%29.column%3B%0A%20%20%7D%20else%20%7B%0A%20%20targetSlideIndex%20%3D%20swiper.getSlideIndexByData%28newIndex%29%3B%0A%20%20%7D%0A%20%20const%20cols%20%3D%20gridEnabled%20%3F%20Math.ceil%28swiper.slides.length%20%2F%20swiper.params.grid.rows%29%20%3A%20swiper.slides.length%3B%0A%20%20const%20%7B%20centeredSlides%2C%20slidesOffsetBefore%2C%20slidesOffsetAfter%20%7D%20%3D%20swiper.params%3B%0A%20%20const%20bothDirections%20%3D%20centeredSlides%20%7C%7C%20%21%21slidesOffsetBefore%20%7C%7C%20%21%21slidesOffsetAfter%3B%0A%20%20let%20slidesPerView%20%3D%20swiper.params.slidesPerView%3B%0A%20%20if%20%28slidesPerView%20%3D%3D%3D%20%27auto%27%29%20%7B%0A%20%20slidesPerView%20%3D%20swiper.slidesPerViewDynamic%28%29%3B%0A%20%20%7D%20else%20%7B%0A%20%20slidesPerView%20%3D%20Math.ceil%28parseFloat%28swiper.params.slidesPerView%2C%2010%29%29%3B%0A%20%20if%20%28bothDirections%20%26%26%20slidesPerView%20%25%202%20%3D%3D%3D%200%29%20%7B%0A%20%20slidesPerView%20%3D%20slidesPerView%20%2B%201%3B%0A%20%20%7D%0A%20%20%7D%0A%20%20let%20needLoopFix%20%3D%20cols%20-%20targetSlideIndex%20%3C%20slidesPerView%3B%0A%20%20if%20%28bothDirections%29%20%7B%0A%20%20needLoopFix%20%3D%20needLoopFix%20%7C%7C%20targetSlideIndex%20%3C%20Math.ceil%28slidesPerView%20%2F%202%29%3B%0A%20%20%7D%0A%20%20if%20%28internal%20%26%26%20bothDirections%20%26%26%20swiper.params.slidesPerView%20%21%3D%3D%20%27auto%27%20%26%26%20%21gridEnabled%29%20%7B%0A%20%20needLoopFix%20%3D%20false%3B%0A%20%20%7D%0A%20%20if%20%28needLoopFix%29%20%7B%0A%20%20const%20direction%20%3D%20bothDirections%20%3F%20targetSlideIndex%20%3C%20swiper.activeIndex%20%3F%20%27prev%27%20%3A%20%27next%27%20%3A%20targetSlideIndex%20-%20swiper.activeIndex%20-%201%20%3C%20swiper.params.slidesPerView%20%3F%20%27next%27%20%3A%20%27prev%27%3B%0A%20%20swiper.loopFix%28%7B%0A%20%20direction%2C%0A%20%20slideTo%3A%20true%2C%0A%20%20activeSlideIndex%3A%20direction%20%3D%3D%3D%20%27next%27%20%3F%20targetSlideIndex%20%2B%201%20%3A%20targetSlideIndex%20-%20cols%20%2B%201%2C%0A%20%20slideRealIndex%3A%20direction%20%3D%3D%3D%20%27next%27%20%3F%20swiper.realIndex%20%3A%20undefined%0A%20%20%7D%29%3B%0A%20%20%7D%0A%20%20if%20%28gridEnabled%29%20%7B%0A%20%20const%20slideIndex%20%3D%20newIndex%20%2A%20swiper.params.grid.rows%3B%0A%20%20newIndex%20%3D%20swiper.slides.find%28%28slideEl%29%3D%3EslideEl.getAttribute%28%27data-swiper-slide-index%27%29%20%2A%201%20%3D%3D%3D%20slideIndex%29.column%3B%0A%20%20%7D%20else%20%7B%0A%20%20newIndex%20%3D%20swiper.getSlideIndexByData%28newIndex%29%3B%0A%20%20%7D%0A%20%20%7D%0A%20%20%7D%0A%20%20requestAnimationFrame%28%28%29%3D%3E%7B%0A%20%20swiper.slideTo%28newIndex%2C%20speed%2C%20runCallbacks%2C%20internal%29%3B%0A%20%20%7D%29%3B%0A%20%20return%20swiper%3B%0A%20%20%7D%0A%20%20%2F%2A%20eslint%20no-unused-vars%3A%20%22off%22%20%2A%2F%20function%20slideNext%28speed%2C%20runCallbacks%20%3D%20true%2C%20internal%29%20%7B%0A%20%20const%20swiper%20%3D%20this%3B%0A%20%20const%20%7B%20enabled%2C%20params%2C%20animating%20%7D%20%3D%20swiper%3B%0A%20%20if%20%28%21enabled%20%7C%7C%20swiper.destroyed%29%20return%20swiper%3B%0A%20%20if%20%28typeof%20speed%20%3D%3D%3D%20%27undefined%27%29%20%7B%0A%20%20speed%20%3D%20swiper.params.speed%3B%0A%20%20%7D%0A%20%20let%20perGroup%20%3D%20params.slidesPerGroup%3B%0A%20%20if%20%28params.slidesPerView%20%3D%3D%3D%20%27auto%27%20%26%26%20params.slidesPerGroup%20%3D%3D%3D%201%20%26%26%20params.slidesPerGroupAuto%29%20%7B%0A%20%20perGroup%20%3D%20Math.max%28swiper.slidesPerViewDynamic%28%27current%27%2C%20true%29%2C%201%29%3B%0A%20%20%7D%0A%20%20const%20increment%20%3D%20swiper.activeIndex%20%3C%20params.slidesPerGroupSkip%20%3F%201%20%3A%20perGroup%3B%0A%20%20const%20isVirtual%20%3D%20swiper.virtual%20%26%26%20params.virtual.enabled%3B%0A%20%20if%20%28params.loop%29%20%7B%0A%20%20if%20%28animating%20%26%26%20%21isVirtual%20%26%26%20params.loopPreventsSliding%29%20return%20false%3B%0A%20%20swiper.loopFix%28%7B%0A%20%20direction%3A%20%27next%27%0A%20%20%7D%29%3B%0A%20%20%2F%2F%20eslint-disable-next-line%0A%20%20swiper._clientLeft%20%3D%20swiper.wrapperEl.clientLeft%3B%0A%20%20if%20%28swiper.activeIndex%20%3D%3D%3D%20swiper.slides.length%20-%201%20%26%26%20params.cssMode%29%20%7B%0A%20%20requestAnimationFrame%28%28%29%3D%3E%7B%0A%20%20swiper.slideTo%28swiper.activeIndex%20%2B%20increment%2C%20speed%2C%20runCallbacks%2C%20internal%29%3B%0A%20%20%7D%29%3B%0A%20%20return%20true%3B%0A%20%20%7D%0A%20%20%7D%0A%20%20if%20%28params.rewind%20%26%26%20swiper.isEnd%29%20%7B%0A%20%20return%20swiper.slideTo%280%2C%20speed%2C%20runCallbacks%2C%20internal%29%3B%0A%20%20%7D%0A%20%20return%20swiper.slideTo%28swiper.activeIndex%20%2B%20increment%2C%20speed%2C%20runCallbacks%2C%20internal%29%3B%0A%20%20%7D%0A%20%20%2F%2A%20eslint%20no-unused-vars%3A%20%22off%22%20%2A%2F%20function%20slidePrev%28speed%2C%20runCallbacks%20%3D%20true%2C%20internal%29%20%7B%0A%20%20const%20swiper%20%3D%20this%3B%0A%20%20const%20%7B%20params%2C%20snapGrid%2C%20slidesGrid%2C%20rtlTranslate%2C%20enabled%2C%20animating%20%7D%20%3D%20swiper%3B%0A%20%20if%20%28%21enabled%20%7C%7C%20swiper.destroyed%29%20return%20swiper%3B%0A%20%20if%20%28typeof%20speed%20%3D%3D%3D%20%27undefined%27%29%20%7B%0A%20%20speed%20%3D%20swiper.params.speed%3B%0A%20%20%7D%0A%20%20const%20isVirtual%20%3D%20swiper.virtual%20%26%26%20params.virtual.enabled%3B%0A%20%20if%20%28params.loop%29%20%7B%0A%20%20if%20%28animating%20%26%26%20%21isVirtual%20%26%26%20params.loopPreventsSliding%29%20return%20false%3B%0A%20%20swiper.loopFix%28%7B%0A%20%20direction%3A%20%27prev%27%0A%20%20%7D%29%3B%0A%20%20%2F%2F%20eslint-disable-next-line%0A%20%20swiper._clientLeft%20%3D%20swiper.wrapperEl.clientLeft%3B%0A%20%20%7D%0A%20%20const%20translate%20%3D%20rtlTranslate%20%3F%20swiper.translate%20%3A%20-swiper.translate%3B%0A%20%20function%20normalize%28val%29%20%7B%0A%20%20if%20%28val%20%3C%200%29%20return%20-Math.floor%28Math.abs%28val%29%29%3B%0A%20%20return%20Math.floor%28val%29%3B%0A%20%20%7D%0A%20%20const%20normalizedTranslate%20%3D%20normalize%28translate%29%3B%0A%20%20const%20normalizedSnapGrid%20%3D%20snapGrid.map%28%28val%29%3D%3Enormalize%28val%29%29%3B%0A%20%20const%20isFreeMode%20%3D%20params.freeMode%20%26%26%20params.freeMode.enabled%3B%0A%20%20let%20prevSnap%20%3D%20snapGrid%5BnormalizedSnapGrid.indexOf%28normalizedTranslate%29%20-%201%5D%3B%0A%20%20if%20%28typeof%20prevSnap%20%3D%3D%3D%20%27undefined%27%20%26%26%20%28params.cssMode%20%7C%7C%20isFreeMode%29%29%20%7B%0A%20%20let%20prevSnapIndex%3B%0A%20%20snapGrid.forEach%28%28snap%2C%20snapIndex%29%3D%3E%7B%0A%20%20if%20%28normalizedTranslate%20%3E%3D%20snap%29%20%7B%0A%20%20%2F%2F%20prevSnap%20%3D%20snap%3B%0A%20%20prevSnapIndex%20%3D%20snapIndex%3B%0A%20%20%7D%0A%20%20%7D%29%3B%0A%20%20if%20%28typeof%20prevSnapIndex%20%21%3D%3D%20%27undefined%27%29%20%7B%0A%20%20prevSnap%20%3D%20isFreeMode%20%3F%20snapGrid%5BprevSnapIndex%5D%20%3A%20snapGrid%5BprevSnapIndex%20%3E%200%20%3F%20prevSnapIndex%20-%201%20%3A%20prevSnapIndex%5D%3B%0A%20%20%7D%0A%20%20%7D%0A%20%20let%20prevIndex%20%3D%200%3B%0A%20%20if%20%28typeof%20prevSnap%20%21%3D%3D%20%27undefined%27%29%20%7B%0A%20%20prevIndex%20%3D%20slidesGrid.indexOf%28prevSnap%29%3B%0A%20%20if%20%28prevIndex%20%3C%200%29%20prevIndex%20%3D%20swiper.activeIndex%20-%201%3B%0A%20%20if%20%28params.slidesPerView%20%3D%3D%3D%20%27auto%27%20%26%26%20params.slidesPerGroup%20%3D%3D%3D%201%20%26%26%20params.slidesPerGroupAuto%29%20%7B%0A%20%20prevIndex%20%3D%20prevIndex%20-%20swiper.slidesPerViewDynamic%28%27previous%27%2C%20true%29%20%2B%201%3B%0A%20%20prevIndex%20%3D%20Math.max%28prevIndex%2C%200%29%3B%0A%20%20%7D%0A%20%20%7D%0A%20%20if%20%28params.rewind%20%26%26%20swiper.isBeginning%29%20%7B%0A%20%20const%20lastIndex%20%3D%20swiper.params.virtual%20%26%26%20swiper.params.virtual.enabled%20%26%26%20swiper.virtual%20%3F%20swiper.virtual.slides.length%20-%201%20%3A%20swiper.slides.length%20-%201%3B%0A%20%20return%20swiper.slideTo%28lastIndex%2C%20speed%2C%20runCallbacks%2C%20internal%29%3B%0A%20%20%7D%20else%20if%20%28params.loop%20%26%26%20swiper.activeIndex%20%3D%3D%3D%200%20%26%26%20params.cssMode%29%20%7B%0A%20%20requestAnimationFrame%28%28%29%3D%3E%7B%0A%20%20swiper.slideTo%28prevIndex%2C%20speed%2C%20runCallbacks%2C%20internal%29%3B%0A%20%20%7D%29%3B%0A%20%20return%20true%3B%0A%20%20%7D%0A%20%20return%20swiper.slideTo%28prevIndex%2C%20speed%2C%20runCallbacks%2C%20internal%29%3B%0A%20%20%7D%0A%20%20%2F%2A%20eslint%20no-unused-vars%3A%20%22off%22%20%2A%2F%20function%20slideReset%28speed%2C%20runCallbacks%20%3D%20true%2C%20internal%29%20%7B%0A%20%20const%20swiper%20%3D%20this%3B%0A%20%20if%20%28swiper.destroyed%29%20return%3B%0A%20%20if%20%28typeof%20speed%20%3D%3D%3D%20%27undefined%27%29%20%7B%0A%20%20speed%20%3D%20swiper.params.speed%3B%0A%20%20%7D%0A%20%20return%20swiper.slideTo%28swiper.activeIndex%2C%20speed%2C%20runCallbacks%2C%20internal%29%3B%0A%20%20%7D%0A%20%20%2F%2A%20eslint%20no-unused-vars%3A%20%22off%22%20%2A%2F%20function%20slideToClosest%28speed%2C%20runCallbacks%20%3D%20true%2C%20internal%2C%20threshold%20%3D%200.5%29%20%7B%0A%20%20const%20swiper%20%3D%20this%3B%0A%20%20if%20%28swiper.destroyed%29%20return%3B%0A%20%20if%20%28typeof%20speed%20%3D%3D%3D%20%27undefined%27%29%20%7B%0A%20%20speed%20%3D%20swiper.params.speed%3B%0A%20%20%7D%0A%20%20let%20index%20%3D%20swiper.activeIndex%3B%0A%20%20const%20skip%20%3D%20Math.min%28swiper.params.slidesPerGroupSkip%2C%20index%29%3B%0A%20%20const%20snapIndex%20%3D%20skip%20%2B%20Math.floor%28%28index%20-%20skip%29%20%2F%20swiper.params.slidesPerGroup%29%3B%0A%20%20const%20translate%20%3D%20swiper.rtlTranslate%20%3F%20swiper.translate%20%3A%20-swiper.translate%3B%0A%20%20if%20%28translate%20%3E%3D%20swiper.snapGrid%5BsnapIndex%5D%29%20%7B%0A%20%20%2F%2F%20The%20current%20translate%20is%20on%20or%20after%20the%20current%20snap%20index%2C%20so%20the%20choice%0A%20%20%2F%2F%20is%20between%20the%20current%20index%20and%20the%20one%20after%20it.%0A%20%20const%20currentSnap%20%3D%20swiper.snapGrid%5BsnapIndex%5D%3B%0A%20%20const%20nextSnap%20%3D%20swiper.snapGrid%5BsnapIndex%20%2B%201%5D%3B%0A%20%20if%20%28translate%20-%20currentSnap%20%3E%20%28nextSnap%20-%20currentSnap%29%20%2A%20threshold%29%20%7B%0A%20%20index%20%2B%3D%20swiper.params.slidesPerGroup%3B%0A%20%20%7D%0A%20%20%7D%20else%20%7B%0A%20%20%2F%2F%20The%20current%20translate%20is%20before%20the%20current%20snap%20index%2C%20so%20the%20choice%0A%20%20%2F%2F%20is%20between%20the%20current%20index%20and%20the%20one%20before%20it.%0A%20%20const%20prevSnap%20%3D%20swiper.snapGrid%5BsnapIndex%20-%201%5D%3B%0A%20%20const%20currentSnap%20%3D%20swiper.snapGrid%5BsnapIndex%5D%3B%0A%20%20if%20%28translate%20-%20prevSnap%20%3C%3D%20%28currentSnap%20-%20prevSnap%29%20%2A%20threshold%29%20%7B%0A%20%20index%20-%3D%20swiper.params.slidesPerGroup%3B%0A%20%20%7D%0A%20%20%7D%0A%20%20index%20%3D%20Math.max%28index%2C%200%29%3B%0A%20%20index%20%3D%20Math.min%28index%2C%20swiper.slidesGrid.length%20-%201%29%3B%0A%20%20return%20swiper.slideTo%28index%2C%20speed%2C%20runCallbacks%2C%20internal%29%3B%0A%20%20%7D%0A%20%20function%20slideToClickedSlide%28%29%20%7B%0A%20%20const%20swiper%20%3D%20this%3B%0A%20%20if%20%28swiper.destroyed%29%20return%3B%0A%20%20const%20%7B%20params%2C%20slidesEl%20%7D%20%3D%20swiper%3B%0A%20%20const%20slidesPerView%20%3D%20params.slidesPerView%20%3D%3D%3D%20%27auto%27%20%3F%20swiper.slidesPerViewDynamic%28%29%20%3A%20params.slidesPerView%3B%0A%20%20let%20slideToIndex%20%3D%20swiper.getSlideIndexWhenGrid%28swiper.clickedIndex%29%3B%0A%20%20let%20realIndex%3B%0A%20%20const%20slideSelector%20%3D%20swiper.isElement%20%3F%20%60swiper-slide%60%20%3A%20%60.%24%7Bparams.slideClass%7D%60%3B%0A%20%20const%20isGrid%20%3D%20swiper.grid%20%26%26%20swiper.params.grid%20%26%26%20swiper.params.grid.rows%20%3E%201%3B%0A%20%20if%20%28params.loop%29%20%7B%0A%20%20if%20%28swiper.animating%29%20return%3B%0A%20%20realIndex%20%3D%20parseInt%28swiper.clickedSlide.getAttribute%28%27data-swiper-slide-index%27%29%2C%2010%29%3B%0A%20%20if%20%28params.centeredSlides%29%20%7B%0A%20%20swiper.slideToLoop%28realIndex%29%3B%0A%20%20%7D%20else%20if%20%28slideToIndex%20%3E%20%28isGrid%20%3F%20%28swiper.slides.length%20-%20slidesPerView%29%20%2F%202%20-%20%28swiper.params.grid.rows%20-%201%29%20%3A%20swiper.slides.length%20-%20slidesPerView%29%29%20%7B%0A%20%20swiper.loopFix%28%29%3B%0A%20%20slideToIndex%20%3D%20swiper.getSlideIndex%28elementChildren%28slidesEl%2C%20%60%24%7BslideSelector%7D%5Bdata-swiper-slide-index%3D%22%24%7BrealIndex%7D%22%5D%60%29%5B0%5D%29%3B%0A%20%20nextTick%28%28%29%3D%3E%7B%0A%20%20swiper.slideTo%28slideToIndex%29%3B%0A%20%20%7D%29%3B%0A%20%20%7D%20else%20%7B%0A%20%20swiper.slideTo%28slideToIndex%29%3B%0A%20%20%7D%0A%20%20%7D%20else%20%7B%0A%20%20swiper.slideTo%28slideToIndex%29%3B%0A%20%20%7D%0A%20%20%7D%0A%20%20var%20slide%20%3D%20%7B%0A%20%20slideTo%2C%0A%20%20slideToLoop%2C%0A%20%20slideNext%2C%0A%20%20slidePrev%2C%0A%20%20slideReset%2C%0A%20%20slideToClosest%2C%0A%20%20slideToClickedSlide%0A%20%20%7D%3B%0A%20%20function%20loopCreate%28slideRealIndex%2C%20initial%29%20%7B%0A%20%20const%20swiper%20%3D%20this%3B%0A%20%20const%20%7B%20params%2C%20slidesEl%20%7D%20%3D%20swiper%3B%0A%20%20if%20%28%21params.loop%20%7C%7C%20swiper.virtual%20%26%26%20swiper.params.virtual.enabled%29%20return%3B%0A%20%20const%20initSlides%20%3D%20%28%29%3D%3E%7B%0A%20%20const%20slides%20%3D%20elementChildren%28slidesEl%2C%20%60.%24%7Bparams.slideClass%7D%2C%20swiper-slide%60%29%3B%0A%20%20slides.forEach%28%28el%2C%20index%29%3D%3E%7B%0A%20%20el.setAttribute%28%27data-swiper-slide-index%27%2C%20index%29%3B%0A%20%20%7D%29%3B%0A%20%20%7D%3B%0A%20%20const%20clearBlankSlides%20%3D%20%28%29%3D%3E%7B%0A%20%20const%20slides%20%3D%20elementChildren%28slidesEl%2C%20%60.%24%7Bparams.slideBlankClass%7D%60%29%3B%0A%20%20slides.forEach%28%28el%29%3D%3E%7B%0A%20%20el.remove%28%29%3B%0A%20%20%7D%29%3B%0A%20%20if%20%28slides.length%20%3E%200%29%20%7B%0A%20%20swiper.recalcSlides%28%29%3B%0A%20%20swiper.updateSlides%28%29%3B%0A%20%20%7D%0A%20%20%7D%3B%0A%20%20const%20gridEnabled%20%3D%20swiper.grid%20%26%26%20params.grid%20%26%26%20params.grid.rows%20%3E%201%3B%0A%20%20if%20%28params.loopAddBlankSlides%20%26%26%20%28params.slidesPerGroup%20%3E%201%20%7C%7C%20gridEnabled%29%29%20%7B%0A%20%20clearBlankSlides%28%29%3B%0A%20%20%7D%0A%20%20const%20slidesPerGroup%20%3D%20params.slidesPerGroup%20%2A%20%28gridEnabled%20%3F%20params.grid.rows%20%3A%201%29%3B%0A%20%20const%20shouldFillGroup%20%3D%20swiper.slides.length%20%25%20slidesPerGroup%20%21%3D%3D%200%3B%0A%20%20const%20shouldFillGrid%20%3D%20gridEnabled%20%26%26%20swiper.slides.length%20%25%20params.grid.rows%20%21%3D%3D%200%3B%0A%20%20const%20addBlankSlides%20%3D%20%28amountOfSlides%29%3D%3E%7B%0A%20%20for%28let%20i1%20%3D%200%3B%20i1%20%3C%20amountOfSlides%3B%20i1%20%2B%3D%201%29%7B%0A%20%20const%20slideEl%20%3D%20swiper.isElement%20%3F%20createElement%28%27swiper-slide%27%2C%20%5B%0A%20%20params.slideBlankClass%0A%20%20%5D%29%20%3A%20createElement%28%27div%27%2C%20%5B%0A%20%20params.slideClass%2C%0A%20%20params.slideBlankClass%0A%20%20%5D%29%3B%0A%20%20swiper.slidesEl.append%28slideEl%29%3B%0A%20%20%7D%0A%20%20%7D%3B%0A%20%20if%20%28shouldFillGroup%29%20%7B%0A%20%20if%20%28params.loopAddBlankSlides%29%20%7B%0A%20%20const%20slidesToAdd%20%3D%20slidesPerGroup%20-%20swiper.slides.length%20%25%20slidesPerGroup%3B%0A%20%20addBlankSlides%28slidesToAdd%29%3B%0A%20%20swiper.recalcSlides%28%29%3B%0A%20%20swiper.updateSlides%28%29%3B%0A%20%20%7D%20else%20%7B%0A%20%20showWarning%28%27Swiper%20Loop%20Warning%3A%20The%20number%20of%20slides%20is%20not%20even%20to%20slidesPerGroup%2C%20loop%20mode%20may%20not%20function%20properly.%20You%20need%20to%20add%20more%20slides%20%28or%20make%20duplicates%2C%20or%20empty%20slides%29%27%29%3B%0A%20%20%7D%0A%20%20initSlides%28%29%3B%0A%20%20%7D%20else%20if%20%28shouldFillGrid%29%20%7B%0A%20%20if%20%28params.loopAddBlankSlides%29%20%7B%0A%20%20const%20slidesToAdd%20%3D%20params.grid.rows%20-%20swiper.slides.length%20%25%20params.grid.rows%3B%0A%20%20addBlankSlides%28slidesToAdd%29%3B%0A%20%20swiper.recalcSlides%28%29%3B%0A%20%20swiper.updateSlides%28%29%3B%0A%20%20%7D%20else%20%7B%0A%20%20showWarning%28%27Swiper%20Loop%20Warning%3A%20The%20number%20of%20slides%20is%20not%20even%20to%20grid.rows%2C%20loop%20mode%20may%20not%20function%20properly.%20You%20need%20to%20add%20more%20slides%20%28or%20make%20duplicates%2C%20or%20empty%20slides%29%27%29%3B%0A%20%20%7D%0A%20%20initSlides%28%29%3B%0A%20%20%7D%20else%20%7B%0A%20%20initSlides%28%29%3B%0A%20%20%7D%0A%20%20const%20bothDirections%20%3D%20params.centeredSlides%20%7C%7C%20%21%21params.slidesOffsetBefore%20%7C%7C%20%21%21params.slidesOffsetAfter%3B%0A%20%20swiper.loopFix%28%7B%0A%20%20slideRealIndex%2C%0A%20%20direction%3A%20bothDirections%20%3F%20undefined%20%3A%20%27next%27%2C%0A%20%20initial%0A%20%20%7D%29%3B%0A%20%20%7D%0A%20%20function%20loopFix%28%7B%20slideRealIndex%2C%20slideTo%20%3D%20true%2C%20direction%2C%20setTranslate%2C%20activeSlideIndex%2C%20initial%2C%20byController%2C%20byMousewheel%20%7D%20%3D%20%7B%7D%29%20%7B%0A%20%20const%20swiper%20%3D%20this%3B%0A%20%20if%20%28%21swiper.params.loop%29%20return%3B%0A%20%20swiper.emit%28%27beforeLoopFix%27%29%3B%0A%20%20const%20%7B%20slides%2C%20allowSlidePrev%2C%20allowSlideNext%2C%20slidesEl%2C%20params%20%7D%20%3D%20swiper%3B%0A%20%20const%20%7B%20centeredSlides%2C%20slidesOffsetBefore%2C%20slidesOffsetAfter%2C%20initialSlide%20%7D%20%3D%20params%3B%0A%20%20const%20bothDirections%20%3D%20centeredSlides%20%7C%7C%20%21%21slidesOffsetBefore%20%7C%7C%20%21%21slidesOffsetAfter%3B%0A%20%20swiper.allowSlidePrev%20%3D%20true%3B%0A%20%20swiper.allowSlideNext%20%3D%20true%3B%0A%20%20if%20%28swiper.virtual%20%26%26%20params.virtual.enabled%29%20%7B%0A%20%20if%20%28slideTo%29%20%7B%0A%20%20if%20%28%21bothDirections%20%26%26%20swiper.snapIndex%20%3D%3D%3D%200%29%20%7B%0A%20%20swiper.slideTo%28swiper.virtual.slides.length%2C%200%2C%20false%2C%20true%29%3B%0A%20%20%7D%20else%20if%20%28bothDirections%20%26%26%20swiper.snapIndex%20%3C%20params.slidesPerView%29%20%7B%0A%20%20swiper.slideTo%28swiper.virtual.slides.length%20%2B%20swiper.snapIndex%2C%200%2C%20false%2C%20true%29%3B%0A%20%20%7D%20else%20if%20%28swiper.snapIndex%20%3D%3D%3D%20swiper.snapGrid.length%20-%201%29%20%7B%0A%20%20swiper.slideTo%28swiper.virtual.slidesBefore%2C%200%2C%20false%2C%20true%29%3B%0A%20%20%7D%0A%20%20%7D%0A%20%20swiper.allowSlidePrev%20%3D%20allowSlidePrev%3B%0A%20%20swiper.allowSlideNext%20%3D%20allowSlideNext%3B%0A%20%20swiper.emit%28%27loopFix%27%29%3B%0A%20%20return%3B%0A%20%20%7D%0A%20%20let%20slidesPerView%20%3D%20params.slidesPerView%3B%0A%20%20if%20%28slidesPerView%20%3D%3D%3D%20%27auto%27%29%20%7B%0A%20%20slidesPerView%20%3D%20swiper.slidesPerViewDynamic%28%29%3B%0A%20%20%7D%20else%20%7B%0A%20%20slidesPerView%20%3D%20Math.ceil%28parseFloat%28params.slidesPerView%2C%2010%29%29%3B%0A%20%20if%20%28bothDirections%20%26%26%20slidesPerView%20%25%202%20%3D%3D%3D%200%29%20%7B%0A%20%20slidesPerView%20%3D%20slidesPerView%20%2B%201%3B%0A%20%20%7D%0A%20%20%7D%0A%20%20const%20slidesPerGroup%20%3D%20params.slidesPerGroupAuto%20%3F%20slidesPerView%20%3A%20params.slidesPerGroup%3B%0A%20%20let%20loopedSlides%20%3D%20bothDirections%20%3F%20Math.max%28slidesPerGroup%2C%20Math.ceil%28slidesPerView%20%2F%202%29%29%20%3A%20slidesPerGroup%3B%0A%20%20if%20%28loopedSlides%20%25%20slidesPerGroup%20%21%3D%3D%200%29%20%7B%0A%20%20loopedSlides%20%2B%3D%20slidesPerGroup%20-%20loopedSlides%20%25%20slidesPerGroup%3B%0A%20%20%7D%0A%20%20loopedSlides%20%2B%3D%20params.loopAdditionalSlides%3B%0A%20%20swiper.loopedSlides%20%3D%20loopedSlides%3B%0A%20%20const%20gridEnabled%20%3D%20swiper.grid%20%26%26%20params.grid%20%26%26%20params.grid.rows%20%3E%201%3B%0A%20%20if%20%28slides.length%20%3C%20slidesPerView%20%2B%20loopedSlides%20%7C%7C%20swiper.params.effect%20%3D%3D%3D%20%27cards%27%20%26%26%20slides.length%20%3C%20slidesPerView%20%2B%20loopedSlides%20%2A%202%29%20%7B%0A%20%20showWarning%28%27Swiper%20Loop%20Warning%3A%20The%20number%20of%20slides%20is%20not%20enough%20for%20loop%20mode%2C%20it%20will%20be%20disabled%20or%20not%20function%20properly.%20You%20need%20to%20add%20more%20slides%20%28or%20make%20duplicates%29%20or%20lower%20the%20values%20of%20slidesPerView%20and%20slidesPerGroup%20parameters%27%29%3B%0A%20%20%7D%20else%20if%20%28gridEnabled%20%26%26%20params.grid.fill%20%3D%3D%3D%20%27row%27%29%20%7B%0A%20%20showWarning%28%27Swiper%20Loop%20Warning%3A%20Loop%20mode%20is%20not%20compatible%20with%20grid.fill%20%3D%20%60row%60%27%29%3B%0A%20%20%7D%0A%20%20const%20prependSlidesIndexes%20%3D%20%5B%5D%3B%0A%20%20const%20appendSlidesIndexes%20%3D%20%5B%5D%3B%0A%20%20const%20cols%20%3D%20gridEnabled%20%3F%20Math.ceil%28slides.length%20%2F%20params.grid.rows%29%20%3A%20slides.length%3B%0A%20%20const%20isInitialOverflow%20%3D%20initial%20%26%26%20cols%20-%20initialSlide%20%3C%20slidesPerView%20%26%26%20%21bothDirections%3B%0A%20%20let%20activeIndex%20%3D%20isInitialOverflow%20%3F%20initialSlide%20%3A%20swiper.activeIndex%3B%0A%20%20if%20%28typeof%20activeSlideIndex%20%3D%3D%3D%20%27undefined%27%29%20%7B%0A%20%20activeSlideIndex%20%3D%20swiper.getSlideIndex%28slides.find%28%28el%29%3D%3Eel.classList.contains%28params.slideActiveClass%29%29%29%3B%0A%20%20%7D%20else%20%7B%0A%20%20activeIndex%20%3D%20activeSlideIndex%3B%0A%20%20%7D%0A%20%20const%20isNext%20%3D%20direction%20%3D%3D%3D%20%27next%27%20%7C%7C%20%21direction%3B%0A%20%20const%20isPrev%20%3D%20direction%20%3D%3D%3D%20%27prev%27%20%7C%7C%20%21direction%3B%0A%20%20let%20slidesPrepended%20%3D%200%3B%0A%20%20let%20slidesAppended%20%3D%200%3B%0A%20%20const%20activeColIndex%20%3D%20gridEnabled%20%3F%20slides%5BactiveSlideIndex%5D.column%20%3A%20activeSlideIndex%3B%0A%20%20const%20activeColIndexWithShift%20%3D%20activeColIndex%20%2B%20%28bothDirections%20%26%26%20typeof%20setTranslate%20%3D%3D%3D%20%27undefined%27%20%3F%20-slidesPerView%20%2F%202%20%2B%200.5%20%3A%200%29%3B%0A%20%20%2F%2F%20prepend%20last%20slides%20before%20start%0A%20%20if%20%28activeColIndexWithShift%20%3C%20loopedSlides%29%20%7B%0A%20%20slidesPrepended%20%3D%20Math.max%28loopedSlides%20-%20activeColIndexWithShift%2C%20slidesPerGroup%29%3B%0A%20%20for%28let%20i1%20%3D%200%3B%20i1%20%3C%20loopedSlides%20-%20activeColIndexWithShift%3B%20i1%20%2B%3D%201%29%7B%0A%20%20const%20index%20%3D%20i1%20-%20Math.floor%28i1%20%2F%20cols%29%20%2A%20cols%3B%0A%20%20if%20%28gridEnabled%29%20%7B%0A%20%20const%20colIndexToPrepend%20%3D%20cols%20-%20index%20-%201%3B%0A%20%20for%28let%20i1%20%3D%20slides.length%20-%201%3B%20i1%20%3E%3D%200%3B%20i1%20-%3D%201%29%7B%0A%20%20if%20%28slides%5Bi1%5D.column%20%3D%3D%3D%20colIndexToPrepend%29%20prependSlidesIndexes.push%28i1%29%3B%0A%20%20%7D%0A%20%20%2F%2F%20slides.forEach%28%28slide%2C%20slideIndex%29%20%3D%3E%20%7B%0A%20%20%2F%2F%20%20%20if%20%28slide.column%20%3D%3D%3D%20colIndexToPrepend%29%20prependSlidesIndexes.push%28slideIndex%29%3B%0A%20%20%2F%2F%20%7D%29%3B%0A%20%20%7D%20else%20%7B%0A%20%20prependSlidesIndexes.push%28cols%20-%20index%20-%201%29%3B%0A%20%20%7D%0A%20%20%7D%0A%20%20%7D%20else%20if%20%28activeColIndexWithShift%20%2B%20slidesPerView%20%3E%20cols%20-%20loopedSlides%29%20%7B%0A%20%20slidesAppended%20%3D%20Math.max%28activeColIndexWithShift%20-%20%28cols%20-%20loopedSlides%20%2A%202%29%2C%20slidesPerGroup%29%3B%0A%20%20if%20%28isInitialOverflow%29%20%7B%0A%20%20slidesAppended%20%3D%20Math.max%28slidesAppended%2C%20slidesPerView%20-%20cols%20%2B%20initialSlide%20%2B%201%29%3B%0A%20%20%7D%0A%20%20for%28let%20i1%20%3D%200%3B%20i1%20%3C%20slidesAppended%3B%20i1%20%2B%3D%201%29%7B%0A%20%20const%20index%20%3D%20i1%20-%20Math.floor%28i1%20%2F%20cols%29%20%2A%20cols%3B%0A%20%20if%20%28gridEnabled%29%20%7B%0A%20%20slides.forEach%28%28slide%2C%20slideIndex%29%3D%3E%7B%0A%20%20if%20%28slide.column%20%3D%3D%3D%20index%29%20appendSlidesIndexes.push%28slideIndex%29%3B%0A%20%20%7D%29%3B%0A%20%20%7D%20else%20%7B%0A%20%20appendSlidesIndexes.push%28index%29%3B%0A%20%20%7D%0A%20%20%7D%0A%20%20%7D%0A%20%20swiper.__preventObserver__%20%3D%20true%3B%0A%20%20requestAnimationFrame%28%28%29%3D%3E%7B%0A%20%20swiper.__preventObserver__%20%3D%20false%3B%0A%20%20%7D%29%3B%0A%20%20if%20%28swiper.params.effect%20%3D%3D%3D%20%27cards%27%20%26%26%20slides.length%20%3C%20slidesPerView%20%2B%20loopedSlides%20%2A%202%29%20%7B%0A%20%20if%20%28appendSlidesIndexes.includes%28activeSlideIndex%29%29%20%7B%0A%20%20appendSlidesIndexes.splice%28appendSlidesIndexes.indexOf%28activeSlideIndex%29%2C%201%29%3B%0A%20%20%7D%0A%20%20if%20%28prependSlidesIndexes.includes%28activeSlideIndex%29%29%20%7B%0A%20%20prependSlidesIndexes.splice%28prependSlidesIndexes.indexOf%28activeSlideIndex%29%2C%201%29%3B%0A%20%20%7D%0A%20%20%7D%0A%20%20if%20%28isPrev%29%20%7B%0A%20%20prependSlidesIndexes.forEach%28%28index%29%3D%3E%7B%0A%20%20slides%5Bindex%5D.swiperLoopMoveDOM%20%3D%20true%3B%0A%20%20slidesEl.prepend%28slides%5Bindex%5D%29%3B%0A%20%20slides%5Bindex%5D.swiperLoopMoveDOM%20%3D%20false%3B%0A%20%20%7D%29%3B%0A%20%20%7D%0A%20%20if%20%28isNext%29%20%7B%0A%20%20appendSlidesIndexes.forEach%28%28index%29%3D%3E%7B%0A%20%20slides%5Bindex%5D.swiperLoopMoveDOM%20%3D%20true%3B%0A%20%20slidesEl.append%28slides%5Bindex%5D%29%3B%0A%20%20slides%5Bindex%5D.swiperLoopMoveDOM%20%3D%20false%3B%0A%20%20%7D%29%3B%0A%20%20%7D%0A%20%20swiper.recalcSlides%28%29%3B%0A%20%20if%20%28params.slidesPerView%20%3D%3D%3D%20%27auto%27%29%20%7B%0A%20%20swiper.updateSlides%28%29%3B%0A%20%20%7D%20else%20if%20%28gridEnabled%20%26%26%20%28prependSlidesIndexes.length%20%3E%200%20%26%26%20isPrev%20%7C%7C%20appendSlidesIndexes.length%20%3E%200%20%26%26%20isNext%29%29%20%7B%0A%20%20swiper.slides.forEach%28%28slide%2C%20slideIndex%29%3D%3E%7B%0A%20%20swiper.grid.updateSlide%28slideIndex%2C%20slide%2C%20swiper.slides%29%3B%0A%20%20%7D%29%3B%0A%20%20%7D%0A%20%20if%20%28params.watchSlidesProgress%29%20%7B%0A%20%20swiper.updateSlidesOffset%28%29%3B%0A%20%20%7D%0A%20%20if%20%28slideTo%29%20%7B%0A%20%20if%20%28prependSlidesIndexes.length%20%3E%200%20%26%26%20isPrev%29%20%7B%0A%20%20if%20%28typeof%20slideRealIndex%20%3D%3D%3D%20%27undefined%27%29%20%7B%0A%20%20const%20currentSlideTranslate%20%3D%20swiper.slidesGrid%5BactiveIndex%5D%3B%0A%20%20const%20newSlideTranslate%20%3D%20swiper.slidesGrid%5BactiveIndex%20%2B%20slidesPrepended%5D%3B%0A%20%20const%20diff%20%3D%20newSlideTranslate%20-%20currentSlideTranslate%3B%0A%20%20if%20%28byMousewheel%29%20%7B%0A%20%20swiper.setTranslate%28swiper.translate%20-%20diff%29%3B%0A%20%20%7D%20else%20%7B%0A%20%20swiper.slideTo%28activeIndex%20%2B%20Math.ceil%28slidesPrepended%29%2C%200%2C%20false%2C%20true%29%3B%0A%20%20if%20%28setTranslate%29%20%7B%0A%20%20swiper.touchEventsData.startTranslate%20%3D%20swiper.touchEventsData.startTranslate%20-%20diff%3B%0A%20%20swiper.touchEventsData.currentTranslate%20%3D%20swiper.touchEventsData.currentTranslate%20-%20diff%3B%0A%20%20%7D%0A%20%20%7D%0A%20%20%7D%20else%20%7B%0A%20%20if%20%28setTranslate%29%20%7B%0A%20%20const%20shift%20%3D%20gridEnabled%20%3F%20prependSlidesIndexes.length%20%2F%20params.grid.rows%20%3A%20prependSlidesIndexes.length%3B%0A%20%20swiper.slideTo%28swiper.activeIndex%20%2B%20shift%2C%200%2C%20false%2C%20true%29%3B%0A%20%20swiper.touchEventsData.currentTranslate%20%3D%20swiper.translate%3B%0A%20%20%7D%0A%20%20%7D%0A%20%20%7D%20else%20if%20%28appendSlidesIndexes.length%20%3E%200%20%26%26%20isNext%29%20%7B%0A%20%20if%20%28typeof%20slideRealIndex%20%3D%3D%3D%20%27undefined%27%29%20%7B%0A%20%20const%20currentSlideTranslate%20%3D%20swiper.slidesGrid%5BactiveIndex%5D%3B%0A%20%20const%20newSlideTranslate%20%3D%20swiper.slidesGrid%5BactiveIndex%20-%20slidesAppended%5D%3B%0A%20%20const%20diff%20%3D%20newSlideTranslate%20-%20currentSlideTranslate%3B%0A%20%20if%20%28byMousewheel%29%20%7B%0A%20%20swiper.setTranslate%28swiper.translate%20-%20diff%29%3B%0A%20%20%7D%20else%20%7B%0A%20%20swiper.slideTo%28activeIndex%20-%20slidesAppended%2C%200%2C%20false%2C%20true%29%3B%0A%20%20if%20%28setTranslate%29%20%7B%0A%20%20swiper.touchEventsData.startTranslate%20%3D%20swiper.touchEventsData.startTranslate%20-%20diff%3B%0A%20%20swiper.touchEventsData.currentTranslate%20%3D%20swiper.touchEventsData.currentTranslate%20-%20diff%3B%0A%20%20%7D%0A%20%20%7D%0A%20%20%7D%20else%20%7B%0A%20%20const%20shift%20%3D%20gridEnabled%20%3F%20appendSlidesIndexes.length%20%2F%20params.grid.rows%20%3A%20appendSlidesIndexes.length%3B%0A%20%20swiper.slideTo%28swiper.activeIndex%20-%20shift%2C%200%2C%20false%2C%20true%29%3B%0A%20%20%7D%0A%20%20%7D%0A%20%20%7D%0A%20%20swiper.allowSlidePrev%20%3D%20allowSlidePrev%3B%0A%20%20swiper.allowSlideNext%20%3D%20allowSlideNext%3B%0A%20%20if%20%28swiper.controller%20%26%26%20swiper.controller.control%20%26%26%20%21byController%29%20%7B%0A%20%20const%20loopParams%20%3D%20%7B%0A%20%20slideRealIndex%2C%0A%20%20direction%2C%0A%20%20setTranslate%2C%0A%20%20activeSlideIndex%2C%0A%20%20byController%3A%20true%0A%20%20%7D%3B%0A%20%20if%20%28Array.isArray%28swiper.controller.control%29%29%20%7B%0A%20%20swiper.controller.control.forEach%28%28c1%29%3D%3E%7B%0A%20%20if%20%28%21c1.destroyed%20%26%26%20c1.params.loop%29%20c1.loopFix%28%7B%0A%20%20...loopParams%2C%0A%20%20slideTo%3A%20c1.params.slidesPerView%20%3D%3D%3D%20params.slidesPerView%20%3F%20slideTo%20%3A%20false%0A%20%20%7D%29%3B%0A%20%20%7D%29%3B%0A%20%20%7D%20else%20if%20%28swiper.controller.control%20instanceof%20swiper.constructor%20%26%26%20swiper.controller.control.params.loop%29%20%7B%0A%20%20swiper.controller.control.loopFix%28%7B%0A%20%20...loopParams%2C%0A%20%20slideTo%3A%20swiper.controller.control.params.slidesPerView%20%3D%3D%3D%20params.slidesPerView%20%3F%20slideTo%20%3A%20false%0A%20%20%7D%29%3B%0A%20%20%7D%0A%20%20%7D%0A%20%20swiper.emit%28%27loopFix%27%29%3B%0A%20%20%7D%0A%20%20function%20loopDestroy%28%29%20%7B%0A%20%20const%20swiper%20%3D%20this%3B%0A%20%20const%20%7B%20params%2C%20slidesEl%20%7D%20%3D%20swiper%3B%0A%20%20if%20%28%21params.loop%20%7C%7C%20%21slidesEl%20%7C%7C%20swiper.virtual%20%26%26%20swiper.params.virtual.enabled%29%20return%3B%0A%20%20swiper.recalcSlides%28%29%3B%0A%20%20const%20newSlidesOrder%20%3D%20%5B%5D%3B%0A%20%20swiper.slides.forEach%28%28slideEl%29%3D%3E%7B%0A%20%20const%20index%20%3D%20typeof%20slideEl.swiperSlideIndex%20%3D%3D%3D%20%27undefined%27%20%3F%20slideEl.getAttribute%28%27data-swiper-slide-index%27%29%20%2A%201%20%3A%20slideEl.swiperSlideIndex%3B%0A%20%20newSlidesOrder%5Bindex%5D%20%3D%20slideEl%3B%0A%20%20%7D%29%3B%0A%20%20swiper.slides.forEach%28%28slideEl%29%3D%3E%7B%0A%20%20slideEl.removeAttribute%28%27data-swiper-slide-index%27%29%3B%0A%20%20%7D%29%3B%0A%20%20newSlidesOrder.forEach%28%28slideEl%29%3D%3E%7B%0A%20%20slidesEl.append%28slideEl%29%3B%0A%20%20%7D%29%3B%0A%20%20swiper.recalcSlides%28%29%3B%0A%20%20swiper.slideTo%28swiper.realIndex%2C%200%29%3B%0A%20%20%7D%0A%20%20var%20loop%20%3D%20%7B%0A%20%20loopCreate%2C%0A%20%20loopFix%2C%0A%20%20loopDestroy%0A%20%20%7D%3B%0A%20%20function%20setGrabCursor%28moving%29%20%7B%0A%20%20const%20swiper%20%3D%20this%3B%0A%20%20if%20%28%21swiper.params.simulateTouch%20%7C%7C%20swiper.params.watchOverflow%20%26%26%20swiper.isLocked%20%7C%7C%20swiper.params.cssMode%29%20return%3B%0A%20%20const%20el%20%3D%20swiper.params.touchEventsTarget%20%3D%3D%3D%20%27container%27%20%3F%20swiper.el%20%3A%20swiper.wrapperEl%3B%0A%20%20if%20%28swiper.isElement%29%20%7B%0A%20%20swiper.__preventObserver__%20%3D%20true%3B%0A%20%20%7D%0A%20%20el.style.cursor%20%3D%20%27move%27%3B%0A%20%20el.style.cursor%20%3D%20moving%20%3F%20%27grabbing%27%20%3A%20%27grab%27%3B%0A%20%20if%20%28swiper.isElement%29%20%7B%0A%20%20requestAnimationFrame%28%28%29%3D%3E%7B%0A%20%20swiper.__preventObserver__%20%3D%20false%3B%0A%20%20%7D%29%3B%0A%20%20%7D%0A%20%20%7D%0A%20%20function%20unsetGrabCursor%28%29%20%7B%0A%20%20const%20swiper%20%3D%20this%3B%0A%20%20if%20%28swiper.params.watchOverflow%20%26%26%20swiper.isLocked%20%7C%7C%20swiper.params.cssMode%29%20%7B%0A%20%20return%3B%0A%20%20%7D%0A%20%20if%20%28swiper.isElement%29%20%7B%0A%20%20swiper.__preventObserver__%20%3D%20true%3B%0A%20%20%7D%0A%20%20swiper%5Bswiper.params.touchEventsTarget%20%3D%3D%3D%20%27container%27%20%3F%20%27el%27%20%3A%20%27wrapperEl%27%5D.style.cursor%20%3D%20%27%27%3B%0A%20%20if%20%28swiper.isElement%29%20%7B%0A%20%20requestAnimationFrame%28%28%29%3D%3E%7B%0A%20%20swiper.__preventObserver__%20%3D%20false%3B%0A%20%20%7D%29%3B%0A%20%20%7D%0A%20%20%7D%0A%20%20var%20grabCursor%20%3D%20%7B%0A%20%20setGrabCursor%2C%0A%20%20unsetGrabCursor%0A%20%20%7D%3B%0A%20%20%2F%2F%20Modified%20from%20https%3A%2F%2Fstackoverflow.com%2Fquestions%2F54520554%2Fcustom-element-getrootnode-closest-function-crossing-multiple-parent-shadowd%0A%20%20function%20closestElement%28selector%2C%20base%20%3D%20this%29%20%7B%0A%20%20function%20__closestFrom%28el%29%20%7B%0A%20%20if%20%28%21el%20%7C%7C%20el%20%3D%3D%3D%20getDocument%28%29%20%7C%7C%20el%20%3D%3D%3D%20getWindow%28%29%29%20return%20null%3B%0A%20%20if%20%28el.assignedSlot%29%20el%20%3D%20el.assignedSlot%3B%0A%20%20const%20found%20%3D%20el.closest%28selector%29%3B%0A%20%20if%20%28%21found%20%26%26%20%21el.getRootNode%29%20%7B%0A%20%20return%20null%3B%0A%20%20%7D%0A%20%20return%20found%20%7C%7C%20__closestFrom%28el.getRootNode%28%29.host%29%3B%0A%20%20%7D%0A%20%20return%20__closestFrom%28base%29%3B%0A%20%20%7D%0A%20%20function%20preventEdgeSwipe%28swiper%2C%20event1%2C%20startX%29%20%7B%0A%20%20const%20window1%20%3D%20getWindow%28%29%3B%0A%20%20const%20%7B%20params%20%7D%20%3D%20swiper%3B%0A%20%20const%20edgeSwipeDetection%20%3D%20params.edgeSwipeDetection%3B%0A%20%20const%20edgeSwipeThreshold%20%3D%20params.edgeSwipeThreshold%3B%0A%20%20if%20%28edgeSwipeDetection%20%26%26%20%28startX%20%3C%3D%20edgeSwipeThreshold%20%7C%7C%20startX%20%3E%3D%20window1.innerWidth%20-%20edgeSwipeThreshold%29%29%20%7B%0A%20%20if%20%28edgeSwipeDetection%20%3D%3D%3D%20%27prevent%27%29%20%7B%0A%20%20event1.preventDefault%28%29%3B%0A%20%20return%20true%3B%0A%20%20%7D%0A%20%20return%20false%3B%0A%20%20%7D%0A%20%20return%20true%3B%0A%20%20%7D%0A%20%20function%20onTouchStart%28event1%29%20%7B%0A%20%20const%20swiper%20%3D%20this%3B%0A%20%20const%20document1%20%3D%20getDocument%28%29%3B%0A%20%20let%20e1%20%3D%20event1%3B%0A%20%20if%20%28e1.originalEvent%29%20e1%20%3D%20e1.originalEvent%3B%0A%20%20const%20data%20%3D%20swiper.touchEventsData%3B%0A%20%20if%20%28e1.type%20%3D%3D%3D%20%27pointerdown%27%29%20%7B%0A%20%20if%20%28data.pointerId%20%21%3D%3D%20null%20%26%26%20data.pointerId%20%21%3D%3D%20e1.pointerId%29%20%7B%0A%20%20return%3B%0A%20%20%7D%0A%20%20data.pointerId%20%3D%20e1.pointerId%3B%0A%20%20%7D%20else%20if%20%28e1.type%20%3D%3D%3D%20%27touchstart%27%20%26%26%20e1.targetTouches.length%20%3D%3D%3D%201%29%20%7B%0A%20%20data.touchId%20%3D%20e1.targetTouches%5B0%5D.identifier%3B%0A%20%20%7D%0A%20%20if%20%28e1.type%20%3D%3D%3D%20%27touchstart%27%29%20%7B%0A%20%20%2F%2F%20don%27t%20proceed%20touch%20event%0A%20%20preventEdgeSwipe%28swiper%2C%20e1%2C%20e1.targetTouches%5B0%5D.pageX%29%3B%0A%20%20return%3B%0A%20%20%7D%0A%20%20const%20%7B%20params%2C%20touches%2C%20enabled%20%7D%20%3D%20swiper%3B%0A%20%20if%20%28%21enabled%29%20return%3B%0A%20%20if%20%28%21params.simulateTouch%20%26%26%20e1.pointerType%20%3D%3D%3D%20%27mouse%27%29%20return%3B%0A%20%20if%20%28swiper.animating%20%26%26%20params.preventInteractionOnTransition%29%20%7B%0A%20%20return%3B%0A%20%20%7D%0A%20%20if%20%28%21swiper.animating%20%26%26%20params.cssMode%20%26%26%20params.loop%29%20%7B%0A%20%20swiper.loopFix%28%29%3B%0A%20%20%7D%0A%20%20let%20targetEl%20%3D%20e1.target%3B%0A%20%20if%20%28params.touchEventsTarget%20%3D%3D%3D%20%27wrapper%27%29%20%7B%0A%20%20if%20%28%21elementIsChildOf%28targetEl%2C%20swiper.wrapperEl%29%29%20return%3B%0A%20%20%7D%0A%20%20if%20%28%27which%27%20in%20e1%20%26%26%20e1.which%20%3D%3D%3D%203%29%20return%3B%0A%20%20if%20%28%27button%27%20in%20e1%20%26%26%20e1.button%20%3E%200%29%20return%3B%0A%20%20if%20%28data.isTouched%20%26%26%20data.isMoved%29%20return%3B%0A%20%20%2F%2F%20change%20target%20el%20for%20shadow%20root%20component%0A%20%20const%20swipingClassHasValue%20%3D%20%21%21params.noSwipingClass%20%26%26%20params.noSwipingClass%20%21%3D%3D%20%27%27%3B%0A%20%20%2F%2F%20eslint-disable-next-line%0A%20%20const%20eventPath%20%3D%20e1.composedPath%20%3F%20e1.composedPath%28%29%20%3A%20e1.path%3B%0A%20%20if%20%28swipingClassHasValue%20%26%26%20e1.target%20%26%26%20e1.target.shadowRoot%20%26%26%20eventPath%29%20%7B%0A%20%20targetEl%20%3D%20eventPath%5B0%5D%3B%0A%20%20%7D%0A%20%20const%20noSwipingSelector%20%3D%20params.noSwipingSelector%20%3F%20params.noSwipingSelector%20%3A%20%60.%24%7Bparams.noSwipingClass%7D%60%3B%0A%20%20const%20isTargetShadow%20%3D%20%21%21%28e1.target%20%26%26%20e1.target.shadowRoot%29%3B%0A%20%20%2F%2F%20use%20closestElement%20for%20shadow%20root%20element%20to%20get%20the%20actual%20closest%20for%20nested%20shadow%20root%20element%0A%20%20if%20%28params.noSwiping%20%26%26%20%28isTargetShadow%20%3F%20closestElement%28noSwipingSelector%2C%20targetEl%29%20%3A%20targetEl.closest%28noSwipingSelector%29%29%29%20%7B%0A%20%20swiper.allowClick%20%3D%20true%3B%0A%20%20return%3B%0A%20%20%7D%0A%20%20if%20%28params.swipeHandler%29%20%7B%0A%20%20if%20%28%21targetEl.closest%28params.swipeHandler%29%29%20return%3B%0A%20%20%7D%0A%20%20touches.currentX%20%3D%20e1.pageX%3B%0A%20%20touches.currentY%20%3D%20e1.pageY%3B%0A%20%20const%20startX%20%3D%20touches.currentX%3B%0A%20%20const%20startY%20%3D%20touches.currentY%3B%0A%20%20%2F%2F%20Do%20NOT%20start%20if%20iOS%20edge%20swipe%20is%20detected.%20Otherwise%20iOS%20app%20cannot%20swipe-to-go-back%20anymore%0A%20%20if%20%28%21preventEdgeSwipe%28swiper%2C%20e1%2C%20startX%29%29%20%7B%0A%20%20return%3B%0A%20%20%7D%0A%20%20Object.assign%28data%2C%20%7B%0A%20%20isTouched%3A%20true%2C%0A%20%20isMoved%3A%20false%2C%0A%20%20allowTouchCallbacks%3A%20true%2C%0A%20%20isScrolling%3A%20undefined%2C%0A%20%20startMoving%3A%20undefined%0A%20%20%7D%29%3B%0A%20%20touches.startX%20%3D%20startX%3B%0A%20%20touches.startY%20%3D%20startY%3B%0A%20%20data.touchStartTime%20%3D%20now%28%29%3B%0A%20%20swiper.allowClick%20%3D%20true%3B%0A%20%20swiper.updateSize%28%29%3B%0A%20%20swiper.swipeDirection%20%3D%20undefined%3B%0A%20%20if%20%28params.threshold%20%3E%200%29%20data.allowThresholdMove%20%3D%20false%3B%0A%20%20let%20preventDefault%20%3D%20true%3B%0A%20%20if%20%28targetEl.matches%28data.focusableElements%29%29%20%7B%0A%20%20preventDefault%20%3D%20false%3B%0A%20%20if%20%28targetEl.nodeName%20%3D%3D%3D%20%27SELECT%27%29%20%7B%0A%20%20data.isTouched%20%3D%20false%3B%0A%20%20%7D%0A%20%20%7D%0A%20%20if%20%28document1.activeElement%20%26%26%20document1.activeElement.matches%28data.focusableElements%29%20%26%26%20document1.activeElement%20%21%3D%3D%20targetEl%20%26%26%20%28e1.pointerType%20%3D%3D%3D%20%27mouse%27%20%7C%7C%20e1.pointerType%20%21%3D%3D%20%27mouse%27%20%26%26%20%21targetEl.matches%28data.focusableElements%29%29%29%20%7B%0A%20%20document1.activeElement.blur%28%29%3B%0A%20%20%7D%0A%20%20const%20shouldPreventDefault%20%3D%20preventDefault%20%26%26%20swiper.allowTouchMove%20%26%26%20params.touchStartPreventDefault%3B%0A%20%20if%20%28%28params.touchStartForcePreventDefault%20%7C%7C%20shouldPreventDefault%29%20%26%26%20%21targetEl.isContentEditable%29%20%7B%0A%20%20e1.preventDefault%28%29%3B%0A%20%20%7D%0A%20%20if%20%28params.freeMode%20%26%26%20params.freeMode.enabled%20%26%26%20swiper.freeMode%20%26%26%20swiper.animating%20%26%26%20%21params.cssMode%29%20%7B%0A%20%20swiper.freeMode.onTouchStart%28%29%3B%0A%20%20%7D%0A%20%20swiper.emit%28%27touchStart%27%2C%20e1%29%3B%0A%20%20%7D%0A%20%20function%20onTouchMove%28event1%29%20%7B%0A%20%20const%20document1%20%3D%20getDocument%28%29%3B%0A%20%20const%20swiper%20%3D%20this%3B%0A%20%20const%20data%20%3D%20swiper.touchEventsData%3B%0A%20%20const%20%7B%20params%2C%20touches%2C%20rtlTranslate%3A%20rtl%2C%20enabled%20%7D%20%3D%20swiper%3B%0A%20%20if%20%28%21enabled%29%20return%3B%0A%20%20if%20%28%21params.simulateTouch%20%26%26%20event1.pointerType%20%3D%3D%3D%20%27mouse%27%29%20return%3B%0A%20%20let%20e1%20%3D%20event1%3B%0A%20%20if%20%28e1.originalEvent%29%20e1%20%3D%20e1.originalEvent%3B%0A%20%20if%20%28e1.type%20%3D%3D%3D%20%27pointermove%27%29%20%7B%0A%20%20if%20%28data.touchId%20%21%3D%3D%20null%29%20return%3B%20%2F%2F%20return%20from%20pointer%20if%20we%20use%20touch%0A%20%20const%20id%20%3D%20e1.pointerId%3B%0A%20%20if%20%28id%20%21%3D%3D%20data.pointerId%29%20return%3B%0A%20%20%7D%0A%20%20let%20targetTouch%3B%0A%20%20if%20%28e1.type%20%3D%3D%3D%20%27touchmove%27%29%20%7B%0A%20%20targetTouch%20%3D%20%5B%0A%20%20...e1.changedTouches%0A%20%20%5D.find%28%28t1%29%3D%3Et1.identifier%20%3D%3D%3D%20data.touchId%29%3B%0A%20%20if%20%28%21targetTouch%20%7C%7C%20targetTouch.identifier%20%21%3D%3D%20data.touchId%29%20return%3B%0A%20%20%7D%20else%20%7B%0A%20%20targetTouch%20%3D%20e1%3B%0A%20%20%7D%0A%20%20if%20%28%21data.isTouched%29%20%7B%0A%20%20if%20%28data.startMoving%20%26%26%20data.isScrolling%29%20%7B%0A%20%20swiper.emit%28%27touchMoveOpposite%27%2C%20e1%29%3B%0A%20%20%7D%0A%20%20return%3B%0A%20%20%7D%0A%20%20const%20pageX%20%3D%20targetTouch.pageX%3B%0A%20%20const%20pageY%20%3D%20targetTouch.pageY%3B%0A%20%20if%20%28e1.preventedByNestedSwiper%29%20%7B%0A%20%20touches.startX%20%3D%20pageX%3B%0A%20%20touches.startY%20%3D%20pageY%3B%0A%20%20return%3B%0A%20%20%7D%0A%20%20if%20%28%21swiper.allowTouchMove%29%20%7B%0A%20%20if%20%28%21e1.target.matches%28data.focusableElements%29%29%20%7B%0A%20%20swiper.allowClick%20%3D%20false%3B%0A%20%20%7D%0A%20%20if%20%28data.isTouched%29%20%7B%0A%20%20Object.assign%28touches%2C%20%7B%0A%20%20startX%3A%20pageX%2C%0A%20%20startY%3A%20pageY%2C%0A%20%20currentX%3A%20pageX%2C%0A%20%20currentY%3A%20pageY%0A%20%20%7D%29%3B%0A%20%20data.touchStartTime%20%3D%20now%28%29%3B%0A%20%20%7D%0A%20%20return%3B%0A%20%20%7D%0A%20%20if%20%28params.touchReleaseOnEdges%20%26%26%20%21params.loop%29%20%7B%0A%20%20if%20%28swiper.isVertical%28%29%29%20%7B%0A%20%20%2F%2F%20Vertical%0A%20%20if%20%28pageY%20%3C%20touches.startY%20%26%26%20swiper.translate%20%3C%3D%20swiper.maxTranslate%28%29%20%7C%7C%20pageY%20%3E%20touches.startY%20%26%26%20swiper.translate%20%3E%3D%20swiper.minTranslate%28%29%29%20%7B%0A%20%20data.isTouched%20%3D%20false%3B%0A%20%20data.isMoved%20%3D%20false%3B%0A%20%20return%3B%0A%20%20%7D%0A%20%20%7D%20else%20if%20%28rtl%20%26%26%20%28pageX%20%3E%20touches.startX%20%26%26%20-swiper.translate%20%3C%3D%20swiper.maxTranslate%28%29%20%7C%7C%20pageX%20%3C%20touches.startX%20%26%26%20-swiper.translate%20%3E%3D%20swiper.minTranslate%28%29%29%29%20%7B%0A%20%20return%3B%0A%20%20%7D%20else%20if%20%28%21rtl%20%26%26%20%28pageX%20%3C%20touches.startX%20%26%26%20swiper.translate%20%3C%3D%20swiper.maxTranslate%28%29%20%7C%7C%20pageX%20%3E%20touches.startX%20%26%26%20swiper.translate%20%3E%3D%20swiper.minTranslate%28%29%29%29%20%7B%0A%20%20return%3B%0A%20%20%7D%0A%20%20%7D%0A%20%20if%20%28document1.activeElement%20%26%26%20document1.activeElement.matches%28data.focusableElements%29%20%26%26%20document1.activeElement%20%21%3D%3D%20e1.target%20%26%26%20e1.pointerType%20%21%3D%3D%20%27mouse%27%29%20%7B%0A%20%20document1.activeElement.blur%28%29%3B%0A%20%20%7D%0A%20%20if%20%28document1.activeElement%29%20%7B%0A%20%20if%20%28e1.target%20%3D%3D%3D%20document1.activeElement%20%26%26%20e1.target.matches%28data.focusableElements%29%29%20%7B%0A%20%20data.isMoved%20%3D%20true%3B%0A%20%20swiper.allowClick%20%3D%20false%3B%0A%20%20return%3B%0A%20%20%7D%0A%20%20%7D%0A%20%20if%20%28data.allowTouchCallbacks%29%20%7B%0A%20%20swiper.emit%28%27touchMove%27%2C%20e1%29%3B%0A%20%20%7D%0A%20%20touches.previousX%20%3D%20touches.currentX%3B%0A%20%20touches.previousY%20%3D%20touches.currentY%3B%0A%20%20touches.currentX%20%3D%20pageX%3B%0A%20%20touches.currentY%20%3D%20pageY%3B%0A%20%20const%20diffX%20%3D%20touches.currentX%20-%20touches.startX%3B%0A%20%20const%20diffY%20%3D%20touches.currentY%20-%20touches.startY%3B%0A%20%20if%20%28swiper.params.threshold%20%26%26%20Math.sqrt%28diffX%20%2A%2A%202%20%2B%20diffY%20%2A%2A%202%29%20%3C%20swiper.params.threshold%29%20return%3B%0A%20%20if%20%28typeof%20data.isScrolling%20%3D%3D%3D%20%27undefined%27%29%20%7B%0A%20%20let%20touchAngle%3B%0A%20%20if%20%28swiper.isHorizontal%28%29%20%26%26%20touches.currentY%20%3D%3D%3D%20touches.startY%20%7C%7C%20swiper.isVertical%28%29%20%26%26%20touches.currentX%20%3D%3D%3D%20touches.startX%29%20%7B%0A%20%20data.isScrolling%20%3D%20false%3B%0A%20%20%7D%20else%20%7B%0A%20%20%2F%2F%20eslint-disable-next-line%0A%20%20if%20%28diffX%20%2A%20diffX%20%2B%20diffY%20%2A%20diffY%20%3E%3D%2025%29%20%7B%0A%20%20touchAngle%20%3D%20Math.atan2%28Math.abs%28diffY%29%2C%20Math.abs%28diffX%29%29%20%2A%20180%20%2F%20Math.PI%3B%0A%20%20data.isScrolling%20%3D%20swiper.isHorizontal%28%29%20%3F%20touchAngle%20%3E%20params.touchAngle%20%3A%2090%20-%20touchAngle%20%3E%20params.touchAngle%3B%0A%20%20%7D%0A%20%20%7D%0A%20%20%7D%0A%20%20if%20%28data.isScrolling%29%20%7B%0A%20%20swiper.emit%28%27touchMoveOpposite%27%2C%20e1%29%3B%0A%20%20%7D%0A%20%20if%20%28typeof%20data.startMoving%20%3D%3D%3D%20%27undefined%27%29%20%7B%0A%20%20if%20%28touches.currentX%20%21%3D%3D%20touches.startX%20%7C%7C%20touches.currentY%20%21%3D%3D%20touches.startY%29%20%7B%0A%20%20data.startMoving%20%3D%20true%3B%0A%20%20%7D%0A%20%20%7D%0A%20%20if%20%28data.isScrolling%20%7C%7C%20e1.type%20%3D%3D%3D%20%27touchmove%27%20%26%26%20data.preventTouchMoveFromPointerMove%29%20%7B%0A%20%20data.isTouched%20%3D%20false%3B%0A%20%20return%3B%0A%20%20%7D%0A%20%20if%20%28%21data.startMoving%29%20%7B%0A%20%20return%3B%0A%20%20%7D%0A%20%20swiper.allowClick%20%3D%20false%3B%0A%20%20if%20%28%21params.cssMode%20%26%26%20e1.cancelable%29%20%7B%0A%20%20e1.preventDefault%28%29%3B%0A%20%20%7D%0A%20%20if%20%28params.touchMoveStopPropagation%20%26%26%20%21params.nested%29%20%7B%0A%20%20e1.stopPropagation%28%29%3B%0A%20%20%7D%0A%20%20let%20diff%20%3D%20swiper.isHorizontal%28%29%20%3F%20diffX%20%3A%20diffY%3B%0A%20%20let%20touchesDiff%20%3D%20swiper.isHorizontal%28%29%20%3F%20touches.currentX%20-%20touches.previousX%20%3A%20touches.currentY%20-%20touches.previousY%3B%0A%20%20if%20%28params.oneWayMovement%29%20%7B%0A%20%20diff%20%3D%20Math.abs%28diff%29%20%2A%20%28rtl%20%3F%201%20%3A%20-1%29%3B%0A%20%20touchesDiff%20%3D%20Math.abs%28touchesDiff%29%20%2A%20%28rtl%20%3F%201%20%3A%20-1%29%3B%0A%20%20%7D%0A%20%20touches.diff%20%3D%20diff%3B%0A%20%20diff%20%2A%3D%20params.touchRatio%3B%0A%20%20if%20%28rtl%29%20%7B%0A%20%20diff%20%3D%20-diff%3B%0A%20%20touchesDiff%20%3D%20-touchesDiff%3B%0A%20%20%7D%0A%20%20const%20prevTouchesDirection%20%3D%20swiper.touchesDirection%3B%0A%20%20swiper.swipeDirection%20%3D%20diff%20%3E%200%20%3F%20%27prev%27%20%3A%20%27next%27%3B%0A%20%20swiper.touchesDirection%20%3D%20touchesDiff%20%3E%200%20%3F%20%27prev%27%20%3A%20%27next%27%3B%0A%20%20const%20isLoop%20%3D%20swiper.params.loop%20%26%26%20%21params.cssMode%3B%0A%20%20const%20allowLoopFix%20%3D%20swiper.touchesDirection%20%3D%3D%3D%20%27next%27%20%26%26%20swiper.allowSlideNext%20%7C%7C%20swiper.touchesDirection%20%3D%3D%3D%20%27prev%27%20%26%26%20swiper.allowSlidePrev%3B%0A%20%20if%20%28%21data.isMoved%29%20%7B%0A%20%20if%20%28isLoop%20%26%26%20allowLoopFix%29%20%7B%0A%20%20swiper.loopFix%28%7B%0A%20%20direction%3A%20swiper.swipeDirection%0A%20%20%7D%29%3B%0A%20%20%7D%0A%20%20data.startTranslate%20%3D%20swiper.getTranslate%28%29%3B%0A%20%20swiper.setTransition%280%29%3B%0A%20%20if%20%28swiper.animating%29%20%7B%0A%20%20const%20evt%20%3D%20new%20window.CustomEvent%28%27transitionend%27%2C%20%7B%0A%20%20bubbles%3A%20true%2C%0A%20%20cancelable%3A%20true%2C%0A%20%20detail%3A%20%7B%0A%20%20bySwiperTouchMove%3A%20true%0A%20%20%7D%0A%20%20%7D%29%3B%0A%20%20swiper.wrapperEl.dispatchEvent%28evt%29%3B%0A%20%20%7D%0A%20%20data.allowMomentumBounce%20%3D%20false%3B%0A%20%20%2F%2F%20Grab%20Cursor%0A%20%20if%20%28params.grabCursor%20%26%26%20%28swiper.allowSlideNext%20%3D%3D%3D%20true%20%7C%7C%20swiper.allowSlidePrev%20%3D%3D%3D%20true%29%29%20%7B%0A%20%20swiper.setGrabCursor%28true%29%3B%0A%20%20%7D%0A%20%20swiper.emit%28%27sliderFirstMove%27%2C%20e1%29%3B%0A%20%20%7D%0A%20%20let%20loopFixed%3B%0A%20%20new%20Date%28%29.getTime%28%29%3B%0A%20%20if%20%28params._loopSwapReset%20%21%3D%3D%20false%20%26%26%20data.isMoved%20%26%26%20data.allowThresholdMove%20%26%26%20prevTouchesDirection%20%21%3D%3D%20swiper.touchesDirection%20%26%26%20isLoop%20%26%26%20allowLoopFix%20%26%26%20Math.abs%28diff%29%20%3E%3D%201%29%20%7B%0A%20%20Object.assign%28touches%2C%20%7B%0A%20%20startX%3A%20pageX%2C%0A%20%20startY%3A%20pageY%2C%0A%20%20currentX%3A%20pageX%2C%0A%20%20currentY%3A%20pageY%2C%0A%20%20startTranslate%3A%20data.currentTranslate%0A%20%20%7D%29%3B%0A%20%20data.loopSwapReset%20%3D%20true%3B%0A%20%20data.startTranslate%20%3D%20data.currentTranslate%3B%0A%20%20return%3B%0A%20%20%7D%0A%20%20swiper.emit%28%27sliderMove%27%2C%20e1%29%3B%0A%20%20data.isMoved%20%3D%20true%3B%0A%20%20data.currentTranslate%20%3D%20diff%20%2B%20data.startTranslate%3B%0A%20%20let%20disableParentSwiper%20%3D%20true%3B%0A%20%20let%20resistanceRatio%20%3D%20params.resistanceRatio%3B%0A%20%20if%20%28params.touchReleaseOnEdges%29%20%7B%0A%20%20resistanceRatio%20%3D%200%3B%0A%20%20%7D%0A%20%20if%20%28diff%20%3E%200%29%20%7B%0A%20%20if%20%28isLoop%20%26%26%20allowLoopFix%20%26%26%20%21loopFixed%20%26%26%20data.allowThresholdMove%20%26%26%20data.currentTranslate%20%3E%20%28params.centeredSlides%20%3F%20swiper.minTranslate%28%29%20-%20swiper.slidesSizesGrid%5Bswiper.activeIndex%20%2B%201%5D%20-%20%28params.slidesPerView%20%21%3D%3D%20%27auto%27%20%26%26%20swiper.slides.length%20-%20params.slidesPerView%20%3E%3D%202%20%3F%20swiper.slidesSizesGrid%5Bswiper.activeIndex%20%2B%201%5D%20%2B%20swiper.params.spaceBetween%20%3A%200%29%20-%20swiper.params.spaceBetween%20%3A%20swiper.minTranslate%28%29%29%29%20%7B%0A%20%20swiper.loopFix%28%7B%0A%20%20direction%3A%20%27prev%27%2C%0A%20%20setTranslate%3A%20true%2C%0A%20%20activeSlideIndex%3A%200%0A%20%20%7D%29%3B%0A%20%20%7D%0A%20%20if%20%28data.currentTranslate%20%3E%20swiper.minTranslate%28%29%29%20%7B%0A%20%20disableParentSwiper%20%3D%20false%3B%0A%20%20if%20%28params.resistance%29%20%7B%0A%20%20data.currentTranslate%20%3D%20swiper.minTranslate%28%29%20-%201%20%2B%20%28-swiper.minTranslate%28%29%20%2B%20data.startTranslate%20%2B%20diff%29%20%2A%2A%20resistanceRatio%3B%0A%20%20%7D%0A%20%20%7D%0A%20%20%7D%20else%20if%20%28diff%20%3C%200%29%20%7B%0A%20%20if%20%28isLoop%20%26%26%20allowLoopFix%20%26%26%20%21loopFixed%20%26%26%20data.allowThresholdMove%20%26%26%20data.currentTranslate%20%3C%20%28params.centeredSlides%20%3F%20swiper.maxTranslate%28%29%20%2B%20swiper.slidesSizesGrid%5Bswiper.slidesSizesGrid.length%20-%201%5D%20%2B%20swiper.params.spaceBetween%20%2B%20%28params.slidesPerView%20%21%3D%3D%20%27auto%27%20%26%26%20swiper.slides.length%20-%20params.slidesPerView%20%3E%3D%202%20%3F%20swiper.slidesSizesGrid%5Bswiper.slidesSizesGrid.length%20-%201%5D%20%2B%20swiper.params.spaceBetween%20%3A%200%29%20%3A%20swiper.maxTranslate%28%29%29%29%20%7B%0A%20%20swiper.loopFix%28%7B%0A%20%20direction%3A%20%27next%27%2C%0A%20%20setTranslate%3A%20true%2C%0A%20%20activeSlideIndex%3A%20swiper.slides.length%20-%20%28params.slidesPerView%20%3D%3D%3D%20%27auto%27%20%3F%20swiper.slidesPerViewDynamic%28%29%20%3A%20Math.ceil%28parseFloat%28params.slidesPerView%2C%2010%29%29%29%0A%20%20%7D%29%3B%0A%20%20%7D%0A%20%20if%20%28data.currentTranslate%20%3C%20swiper.maxTranslate%28%29%29%20%7B%0A%20%20disableParentSwiper%20%3D%20false%3B%0A%20%20if%20%28params.resistance%29%20%7B%0A%20%20data.currentTranslate%20%3D%20swiper.maxTranslate%28%29%20%2B%201%20-%20%28swiper.maxTranslate%28%29%20-%20data.startTranslate%20-%20diff%29%20%2A%2A%20resistanceRatio%3B%0A%20%20%7D%0A%20%20%7D%0A%20%20%7D%0A%20%20if%20%28disableParentSwiper%29%20%7B%0A%20%20e1.preventedByNestedSwiper%20%3D%20true%3B%0A%20%20%7D%0A%20%20%2F%2F%20Directions%20locks%0A%20%20if%20%28%21swiper.allowSlideNext%20%26%26%20swiper.swipeDirection%20%3D%3D%3D%20%27next%27%20%26%26%20data.currentTranslate%20%3C%20data.startTranslate%29%20%7B%0A%20%20data.currentTranslate%20%3D%20data.startTranslate%3B%0A%20%20%7D%0A%20%20if%20%28%21swiper.allowSlidePrev%20%26%26%20swiper.swipeDirection%20%3D%3D%3D%20%27prev%27%20%26%26%20data.currentTranslate%20%3E%20data.startTranslate%29%20%7B%0A%20%20data.currentTranslate%20%3D%20data.startTranslate%3B%0A%20%20%7D%0A%20%20if%20%28%21swiper.allowSlidePrev%20%26%26%20%21swiper.allowSlideNext%29%20%7B%0A%20%20data.currentTranslate%20%3D%20data.startTranslate%3B%0A%20%20%7D%0A%20%20%2F%2F%20Threshold%0A%20%20if%20%28params.threshold%20%3E%200%29%20%7B%0A%20%20if%20%28Math.abs%28diff%29%20%3E%20params.threshold%20%7C%7C%20data.allowThresholdMove%29%20%7B%0A%20%20if%20%28%21data.allowThresholdMove%29%20%7B%0A%20%20data.allowThresholdMove%20%3D%20true%3B%0A%20%20touches.startX%20%3D%20touches.currentX%3B%0A%20%20touches.startY%20%3D%20touches.currentY%3B%0A%20%20data.currentTranslate%20%3D%20data.startTranslate%3B%0A%20%20touches.diff%20%3D%20swiper.isHorizontal%28%29%20%3F%20touches.currentX%20-%20touches.startX%20%3A%20touches.currentY%20-%20touches.startY%3B%0A%20%20return%3B%0A%20%20%7D%0A%20%20%7D%20else%20%7B%0A%20%20data.currentTranslate%20%3D%20data.startTranslate%3B%0A%20%20return%3B%0A%20%20%7D%0A%20%20%7D%0A%20%20if%20%28%21params.followFinger%20%7C%7C%20params.cssMode%29%20return%3B%0A%20%20%2F%2F%20Update%20active%20index%20in%20free%20mode%0A%20%20if%20%28params.freeMode%20%26%26%20params.freeMode.enabled%20%26%26%20swiper.freeMode%20%7C%7C%20params.watchSlidesProgress%29%20%7B%0A%20%20swiper.updateActiveIndex%28%29%3B%0A%20%20swiper.updateSlidesClasses%28%29%3B%0A%20%20%7D%0A%20%20if%20%28params.freeMode%20%26%26%20params.freeMode.enabled%20%26%26%20swiper.freeMode%29%20%7B%0A%20%20swiper.freeMode.onTouchMove%28%29%3B%0A%20%20%7D%0A%20%20%2F%2F%20Update%20progress%0A%20%20swiper.updateProgress%28data.currentTranslate%29%3B%0A%20%20%2F%2F%20Update%20translate%0A%20%20swiper.setTranslate%28data.currentTranslate%29%3B%0A%20%20%7D%0A%20%20function%20onTouchEnd%28event1%29%20%7B%0A%20%20const%20swiper%20%3D%20this%3B%0A%20%20const%20data%20%3D%20swiper.touchEventsData%3B%0A%20%20let%20e1%20%3D%20event1%3B%0A%20%20if%20%28e1.originalEvent%29%20e1%20%3D%20e1.originalEvent%3B%0A%20%20let%20targetTouch%3B%0A%20%20const%20isTouchEvent%20%3D%20e1.type%20%3D%3D%3D%20%27touchend%27%20%7C%7C%20e1.type%20%3D%3D%3D%20%27touchcancel%27%3B%0A%20%20if%20%28%21isTouchEvent%29%20%7B%0A%20%20if%20%28data.touchId%20%21%3D%3D%20null%29%20return%3B%20%2F%2F%20return%20from%20pointer%20if%20we%20use%20touch%0A%20%20if%20%28e1.pointerId%20%21%3D%3D%20data.pointerId%29%20return%3B%0A%20%20targetTouch%20%3D%20e1%3B%0A%20%20%7D%20else%20%7B%0A%20%20targetTouch%20%3D%20%5B%0A%20%20...e1.changedTouches%0A%20%20%5D.find%28%28t1%29%3D%3Et1.identifier%20%3D%3D%3D%20data.touchId%29%3B%0A%20%20if%20%28%21targetTouch%20%7C%7C%20targetTouch.identifier%20%21%3D%3D%20data.touchId%29%20return%3B%0A%20%20%7D%0A%20%20if%20%28%5B%0A%20%20%27pointercancel%27%2C%0A%20%20%27pointerout%27%2C%0A%20%20%27pointerleave%27%2C%0A%20%20%27contextmenu%27%0A%20%20%5D.includes%28e1.type%29%29%20%7B%0A%20%20const%20proceed%20%3D%20%5B%0A%20%20%27pointercancel%27%2C%0A%20%20%27contextmenu%27%0A%20%20%5D.includes%28e1.type%29%20%26%26%20%28swiper.browser.isSafari%20%7C%7C%20swiper.browser.isWebView%29%3B%0A%20%20if%20%28%21proceed%29%20%7B%0A%20%20return%3B%0A%20%20%7D%0A%20%20%7D%0A%20%20data.pointerId%20%3D%20null%3B%0A%20%20data.touchId%20%3D%20null%3B%0A%20%20const%20%7B%20params%2C%20touches%2C%20rtlTranslate%3A%20rtl%2C%20slidesGrid%2C%20enabled%20%7D%20%3D%20swiper%3B%0A%20%20if%20%28%21enabled%29%20return%3B%0A%20%20if%20%28%21params.simulateTouch%20%26%26%20e1.pointerType%20%3D%3D%3D%20%27mouse%27%29%20return%3B%0A%20%20if%20%28data.allowTouchCallbacks%29%20%7B%0A%20%20swiper.emit%28%27touchEnd%27%2C%20e1%29%3B%0A%20%20%7D%0A%20%20data.allowTouchCallbacks%20%3D%20false%3B%0A%20%20if%20%28%21data.isTouched%29%20%7B%0A%20%20if%20%28data.isMoved%20%26%26%20params.grabCursor%29%20%7B%0A%20%20swiper.setGrabCursor%28false%29%3B%0A%20%20%7D%0A%20%20data.isMoved%20%3D%20false%3B%0A%20%20data.startMoving%20%3D%20false%3B%0A%20%20return%3B%0A%20%20%7D%0A%20%20%2F%2F%20Return%20Grab%20Cursor%0A%20%20if%20%28params.grabCursor%20%26%26%20data.isMoved%20%26%26%20data.isTouched%20%26%26%20%28swiper.allowSlideNext%20%3D%3D%3D%20true%20%7C%7C%20swiper.allowSlidePrev%20%3D%3D%3D%20true%29%29%20%7B%0A%20%20swiper.setGrabCursor%28false%29%3B%0A%20%20%7D%0A%20%20%2F%2F%20Time%20diff%0A%20%20const%20touchEndTime%20%3D%20now%28%29%3B%0A%20%20const%20timeDiff%20%3D%20touchEndTime%20-%20data.touchStartTime%3B%0A%20%20%2F%2F%20Tap%2C%20doubleTap%2C%20Click%0A%20%20if%20%28swiper.allowClick%29%20%7B%0A%20%20const%20pathTree%20%3D%20e1.path%20%7C%7C%20e1.composedPath%20%26%26%20e1.composedPath%28%29%3B%0A%20%20swiper.updateClickedSlide%28pathTree%20%26%26%20pathTree%5B0%5D%20%7C%7C%20e1.target%2C%20pathTree%29%3B%0A%20%20swiper.emit%28%27tap%20click%27%2C%20e1%29%3B%0A%20%20if%20%28timeDiff%20%3C%20300%20%26%26%20touchEndTime%20-%20data.lastClickTime%20%3C%20300%29%20%7B%0A%20%20swiper.emit%28%27doubleTap%20doubleClick%27%2C%20e1%29%3B%0A%20%20%7D%0A%20%20%7D%0A%20%20data.lastClickTime%20%3D%20now%28%29%3B%0A%20%20nextTick%28%28%29%3D%3E%7B%0A%20%20if%20%28%21swiper.destroyed%29%20swiper.allowClick%20%3D%20true%3B%0A%20%20%7D%29%3B%0A%20%20if%20%28%21data.isTouched%20%7C%7C%20%21data.isMoved%20%7C%7C%20%21swiper.swipeDirection%20%7C%7C%20touches.diff%20%3D%3D%3D%200%20%26%26%20%21data.loopSwapReset%20%7C%7C%20data.currentTranslate%20%3D%3D%3D%20data.startTranslate%20%26%26%20%21data.loopSwapReset%29%20%7B%0A%20%20data.isTouched%20%3D%20false%3B%0A%20%20data.isMoved%20%3D%20false%3B%0A%20%20data.startMoving%20%3D%20false%3B%0A%20%20return%3B%0A%20%20%7D%0A%20%20data.isTouched%20%3D%20false%3B%0A%20%20data.isMoved%20%3D%20false%3B%0A%20%20data.startMoving%20%3D%20false%3B%0A%20%20let%20currentPos%3B%0A%20%20if%20%28params.followFinger%29%20%7B%0A%20%20currentPos%20%3D%20rtl%20%3F%20swiper.translate%20%3A%20-swiper.translate%3B%0A%20%20%7D%20else%20%7B%0A%20%20currentPos%20%3D%20-data.currentTranslate%3B%0A%20%20%7D%0A%20%20if%20%28params.cssMode%29%20%7B%0A%20%20return%3B%0A%20%20%7D%0A%20%20if%20%28params.freeMode%20%26%26%20params.freeMode.enabled%29%20%7B%0A%20%20swiper.freeMode.onTouchEnd%28%7B%0A%20%20currentPos%0A%20%20%7D%29%3B%0A%20%20return%3B%0A%20%20%7D%0A%20%20%2F%2F%20Find%20current%20slide%0A%20%20const%20swipeToLast%20%3D%20currentPos%20%3E%3D%20-swiper.maxTranslate%28%29%20%26%26%20%21swiper.params.loop%3B%0A%20%20let%20stopIndex%20%3D%200%3B%0A%20%20let%20groupSize%20%3D%20swiper.slidesSizesGrid%5B0%5D%3B%0A%20%20for%28let%20i1%20%3D%200%3B%20i1%20%3C%20slidesGrid.length%3B%20i1%20%2B%3D%20i1%20%3C%20params.slidesPerGroupSkip%20%3F%201%20%3A%20params.slidesPerGroup%29%7B%0A%20%20const%20increment%20%3D%20i1%20%3C%20params.slidesPerGroupSkip%20-%201%20%3F%201%20%3A%20params.slidesPerGroup%3B%0A%20%20if%20%28typeof%20slidesGrid%5Bi1%20%2B%20increment%5D%20%21%3D%3D%20%27undefined%27%29%20%7B%0A%20%20if%20%28swipeToLast%20%7C%7C%20currentPos%20%3E%3D%20slidesGrid%5Bi1%5D%20%26%26%20currentPos%20%3C%20slidesGrid%5Bi1%20%2B%20increment%5D%29%20%7B%0A%20%20stopIndex%20%3D%20i1%3B%0A%20%20groupSize%20%3D%20slidesGrid%5Bi1%20%2B%20increment%5D%20-%20slidesGrid%5Bi1%5D%3B%0A%20%20%7D%0A%20%20%7D%20else%20if%20%28swipeToLast%20%7C%7C%20currentPos%20%3E%3D%20slidesGrid%5Bi1%5D%29%20%7B%0A%20%20stopIndex%20%3D%20i1%3B%0A%20%20groupSize%20%3D%20slidesGrid%5BslidesGrid.length%20-%201%5D%20-%20slidesGrid%5BslidesGrid.length%20-%202%5D%3B%0A%20%20%7D%0A%20%20%7D%0A%20%20let%20rewindFirstIndex%20%3D%20null%3B%0A%20%20let%20rewindLastIndex%20%3D%20null%3B%0A%20%20if%20%28params.rewind%29%20%7B%0A%20%20if%20%28swiper.isBeginning%29%20%7B%0A%20%20rewindLastIndex%20%3D%20params.virtual%20%26%26%20params.virtual.enabled%20%26%26%20swiper.virtual%20%3F%20swiper.virtual.slides.length%20-%201%20%3A%20swiper.slides.length%20-%201%3B%0A%20%20%7D%20else%20if%20%28swiper.isEnd%29%20%7B%0A%20%20rewindFirstIndex%20%3D%200%3B%0A%20%20%7D%0A%20%20%7D%0A%20%20%2F%2F%20Find%20current%20slide%20size%0A%20%20const%20ratio%20%3D%20%28currentPos%20-%20slidesGrid%5BstopIndex%5D%29%20%2F%20groupSize%3B%0A%20%20const%20increment%20%3D%20stopIndex%20%3C%20params.slidesPerGroupSkip%20-%201%20%3F%201%20%3A%20params.slidesPerGroup%3B%0A%20%20if%20%28timeDiff%20%3E%20params.longSwipesMs%29%20%7B%0A%20%20%2F%2F%20Long%20touches%0A%20%20if%20%28%21params.longSwipes%29%20%7B%0A%20%20swiper.slideTo%28swiper.activeIndex%29%3B%0A%20%20return%3B%0A%20%20%7D%0A%20%20if%20%28swiper.swipeDirection%20%3D%3D%3D%20%27next%27%29%20%7B%0A%20%20if%20%28ratio%20%3E%3D%20params.longSwipesRatio%29%20swiper.slideTo%28params.rewind%20%26%26%20swiper.isEnd%20%3F%20rewindFirstIndex%20%3A%20stopIndex%20%2B%20increment%29%3B%0A%20%20else%20swiper.slideTo%28stopIndex%29%3B%0A%20%20%7D%0A%20%20if%20%28swiper.swipeDirection%20%3D%3D%3D%20%27prev%27%29%20%7B%0A%20%20if%20%28ratio%20%3E%201%20-%20params.longSwipesRatio%29%20%7B%0A%20%20swiper.slideTo%28stopIndex%20%2B%20increment%29%3B%0A%20%20%7D%20else%20if%20%28rewindLastIndex%20%21%3D%3D%20null%20%26%26%20ratio%20%3C%200%20%26%26%20Math.abs%28ratio%29%20%3E%20params.longSwipesRatio%29%20%7B%0A%20%20swiper.slideTo%28rewindLastIndex%29%3B%0A%20%20%7D%20else%20%7B%0A%20%20swiper.slideTo%28stopIndex%29%3B%0A%20%20%7D%0A%20%20%7D%0A%20%20%7D%20else%20%7B%0A%20%20%2F%2F%20Short%20swipes%0A%20%20if%20%28%21params.shortSwipes%29%20%7B%0A%20%20swiper.slideTo%28swiper.activeIndex%29%3B%0A%20%20return%3B%0A%20%20%7D%0A%20%20const%20isNavButtonTarget%20%3D%20swiper.navigation%20%26%26%20%28e1.target%20%3D%3D%3D%20swiper.navigation.nextEl%20%7C%7C%20e1.target%20%3D%3D%3D%20swiper.navigation.prevEl%29%3B%0A%20%20if%20%28%21isNavButtonTarget%29%20%7B%0A%20%20if%20%28swiper.swipeDirection%20%3D%3D%3D%20%27next%27%29%20%7B%0A%20%20swiper.slideTo%28rewindFirstIndex%20%21%3D%3D%20null%20%3F%20rewindFirstIndex%20%3A%20stopIndex%20%2B%20increment%29%3B%0A%20%20%7D%0A%20%20if%20%28swiper.swipeDirection%20%3D%3D%3D%20%27prev%27%29%20%7B%0A%20%20swiper.slideTo%28rewindLastIndex%20%21%3D%3D%20null%20%3F%20rewindLastIndex%20%3A%20stopIndex%29%3B%0A%20%20%7D%0A%20%20%7D%20else%20if%20%28e1.target%20%3D%3D%3D%20swiper.navigation.nextEl%29%20%7B%0A%20%20swiper.slideTo%28stopIndex%20%2B%20increment%29%3B%0A%20%20%7D%20else%20%7B%0A%20%20swiper.slideTo%28stopIndex%29%3B%0A%20%20%7D%0A%20%20%7D%0A%20%20%7D%0A%20%20function%20onResize%28%29%20%7B%0A%20%20const%20swiper%20%3D%20this%3B%0A%20%20const%20%7B%20params%2C%20el%20%7D%20%3D%20swiper%3B%0A%20%20if%20%28el%20%26%26%20el.offsetWidth%20%3D%3D%3D%200%29%20return%3B%0A%20%20%2F%2F%20Breakpoints%0A%20%20if%20%28params.breakpoints%29%20%7B%0A%20%20swiper.setBreakpoint%28%29%3B%0A%20%20%7D%0A%20%20%2F%2F%20Save%20locks%0A%20%20const%20%7B%20allowSlideNext%2C%20allowSlidePrev%2C%20snapGrid%20%7D%20%3D%20swiper%3B%0A%20%20const%20isVirtual%20%3D%20swiper.virtual%20%26%26%20swiper.params.virtual.enabled%3B%0A%20%20%2F%2F%20Disable%20locks%20on%20resize%0A%20%20swiper.allowSlideNext%20%3D%20true%3B%0A%20%20swiper.allowSlidePrev%20%3D%20true%3B%0A%20%20swiper.updateSize%28%29%3B%0A%20%20swiper.updateSlides%28%29%3B%0A%20%20swiper.updateSlidesClasses%28%29%3B%0A%20%20const%20isVirtualLoop%20%3D%20isVirtual%20%26%26%20params.loop%3B%0A%20%20if%20%28%28params.slidesPerView%20%3D%3D%3D%20%27auto%27%20%7C%7C%20params.slidesPerView%20%3E%201%29%20%26%26%20swiper.isEnd%20%26%26%20%21swiper.isBeginning%20%26%26%20%21swiper.params.centeredSlides%20%26%26%20%21isVirtualLoop%29%20%7B%0A%20%20const%20slides%20%3D%20isVirtual%20%3F%20swiper.virtual.slides%20%3A%20swiper.slides%3B%0A%20%20swiper.slideTo%28slides.length%20-%201%2C%200%2C%20false%2C%20true%29%3B%0A%20%20%7D%20else%20%7B%0A%20%20if%20%28swiper.params.loop%20%26%26%20%21isVirtual%29%20%7B%0A%20%20swiper.slideToLoop%28swiper.realIndex%2C%200%2C%20false%2C%20true%29%3B%0A%20%20%7D%20else%20%7B%0A%20%20swiper.slideTo%28swiper.activeIndex%2C%200%2C%20false%2C%20true%29%3B%0A%20%20%7D%0A%20%20%7D%0A%20%20if%20%28swiper.autoplay%20%26%26%20swiper.autoplay.running%20%26%26%20swiper.autoplay.paused%29%20%7B%0A%20%20clearTimeout%28swiper.autoplay.resizeTimeout%29%3B%0A%20%20swiper.autoplay.resizeTimeout%20%3D%20setTimeout%28%28%29%3D%3E%7B%0A%20%20if%20%28swiper.autoplay%20%26%26%20swiper.autoplay.running%20%26%26%20swiper.autoplay.paused%29%20%7B%0A%20%20swiper.autoplay.resume%28%29%3B%0A%20%20%7D%0A%20%20%7D%2C%20500%29%3B%0A%20%20%7D%0A%20%20%2F%2F%20Return%20locks%20after%20resize%0A%20%20swiper.allowSlidePrev%20%3D%20allowSlidePrev%3B%0A%20%20swiper.allowSlideNext%20%3D%20allowSlideNext%3B%0A%20%20if%20%28swiper.params.watchOverflow%20%26%26%20snapGrid%20%21%3D%3D%20swiper.snapGrid%29%20%7B%0A%20%20swiper.checkOverflow%28%29%3B%0A%20%20%7D%0A%20%20%7D%0A%20%20function%20onClick%28e1%29%20%7B%0A%20%20const%20swiper%20%3D%20this%3B%0A%20%20if%20%28%21swiper.enabled%29%20return%3B%0A%20%20if%20%28%21swiper.allowClick%29%20%7B%0A%20%20if%20%28swiper.params.preventClicks%29%20e1.preventDefault%28%29%3B%0A%20%20if%20%28swiper.params.preventClicksPropagation%20%26%26%20swiper.animating%29%20%7B%0A%20%20e1.stopPropagation%28%29%3B%0A%20%20e1.stopImmediatePropagation%28%29%3B%0A%20%20%7D%0A%20%20%7D%0A%20%20%7D%0A%20%20function%20onScroll%28%29%20%7B%0A%20%20const%20swiper%20%3D%20this%3B%0A%20%20const%20%7B%20wrapperEl%2C%20rtlTranslate%2C%20enabled%20%7D%20%3D%20swiper%3B%0A%20%20if%20%28%21enabled%29%20return%3B%0A%20%20swiper.previousTranslate%20%3D%20swiper.translate%3B%0A%20%20if%20%28swiper.isHorizontal%28%29%29%20%7B%0A%20%20swiper.translate%20%3D%20-wrapperEl.scrollLeft%3B%0A%20%20%7D%20else%20%7B%0A%20%20swiper.translate%20%3D%20-wrapperEl.scrollTop%3B%0A%20%20%7D%0A%20%20%2F%2F%20eslint-disable-next-line%0A%20%20if%20%28swiper.translate%20%3D%3D%3D%200%29%20swiper.translate%20%3D%200%3B%0A%20%20swiper.updateActiveIndex%28%29%3B%0A%20%20swiper.updateSlidesClasses%28%29%3B%0A%20%20let%20newProgress%3B%0A%20%20const%20translatesDiff%20%3D%20swiper.maxTranslate%28%29%20-%20swiper.minTranslate%28%29%3B%0A%20%20if%20%28translatesDiff%20%3D%3D%3D%200%29%20%7B%0A%20%20newProgress%20%3D%200%3B%0A%20%20%7D%20else%20%7B%0A%20%20newProgress%20%3D%20%28swiper.translate%20-%20swiper.minTranslate%28%29%29%20%2F%20translatesDiff%3B%0A%20%20%7D%0A%20%20if%20%28newProgress%20%21%3D%3D%20swiper.progress%29%20%7B%0A%20%20swiper.updateProgress%28rtlTranslate%20%3F%20-swiper.translate%20%3A%20swiper.translate%29%3B%0A%20%20%7D%0A%20%20swiper.emit%28%27setTranslate%27%2C%20swiper.translate%2C%20false%29%3B%0A%20%20%7D%0A%20%20function%20onLoad%28e1%29%20%7B%0A%20%20const%20swiper%20%3D%20this%3B%0A%20%20processLazyPreloader%28swiper%2C%20e1.target%29%3B%0A%20%20if%20%28swiper.params.cssMode%20%7C%7C%20swiper.params.slidesPerView%20%21%3D%3D%20%27auto%27%20%26%26%20%21swiper.params.autoHeight%29%20%7B%0A%20%20return%3B%0A%20%20%7D%0A%20%20swiper.update%28%29%3B%0A%20%20%7D%0A%20%20function%20onDocumentTouchStart%28%29%20%7B%0A%20%20const%20swiper%20%3D%20this%3B%0A%20%20if%20%28swiper.documentTouchHandlerProceeded%29%20return%3B%0A%20%20swiper.documentTouchHandlerProceeded%20%3D%20true%3B%0A%20%20if%20%28swiper.params.touchReleaseOnEdges%29%20%7B%0A%20%20swiper.el.style.touchAction%20%3D%20%27auto%27%3B%0A%20%20%7D%0A%20%20%7D%0A%20%20const%20events%20%3D%20%28swiper%2C%20method%29%3D%3E%7B%0A%20%20const%20document1%20%3D%20getDocument%28%29%3B%0A%20%20const%20%7B%20params%2C%20el%2C%20wrapperEl%2C%20device%20%7D%20%3D%20swiper%3B%0A%20%20const%20capture%20%3D%20%21%21params.nested%3B%0A%20%20const%20domMethod%20%3D%20method%20%3D%3D%3D%20%27on%27%20%3F%20%27addEventListener%27%20%3A%20%27removeEventListener%27%3B%0A%20%20const%20swiperMethod%20%3D%20method%3B%0A%20%20if%20%28%21el%20%7C%7C%20typeof%20el%20%3D%3D%3D%20%27string%27%29%20return%3B%0A%20%20%2F%2F%20Touch%20Events%0A%20%20document1%5BdomMethod%5D%28%27touchstart%27%2C%20swiper.onDocumentTouchStart%2C%20%7B%0A%20%20passive%3A%20false%2C%0A%20%20capture%0A%20%20%7D%29%3B%0A%20%20el%5BdomMethod%5D%28%27touchstart%27%2C%20swiper.onTouchStart%2C%20%7B%0A%20%20passive%3A%20false%0A%20%20%7D%29%3B%0A%20%20el%5BdomMethod%5D%28%27pointerdown%27%2C%20swiper.onTouchStart%2C%20%7B%0A%20%20passive%3A%20false%0A%20%20%7D%29%3B%0A%20%20document1%5BdomMethod%5D%28%27touchmove%27%2C%20swiper.onTouchMove%2C%20%7B%0A%20%20passive%3A%20false%2C%0A%20%20capture%0A%20%20%7D%29%3B%0A%20%20document1%5BdomMethod%5D%28%27pointermove%27%2C%20swiper.onTouchMove%2C%20%7B%0A%20%20passive%3A%20false%2C%0A%20%20capture%0A%20%20%7D%29%3B%0A%20%20document1%5BdomMethod%5D%28%27touchend%27%2C%20swiper.onTouchEnd%2C%20%7B%0A%20%20passive%3A%20true%0A%20%20%7D%29%3B%0A%20%20document1%5BdomMethod%5D%28%27pointerup%27%2C%20swiper.onTouchEnd%2C%20%7B%0A%20%20passive%3A%20true%0A%20%20%7D%29%3B%0A%20%20document1%5BdomMethod%5D%28%27pointercancel%27%2C%20swiper.onTouchEnd%2C%20%7B%0A%20%20passive%3A%20true%0A%20%20%7D%29%3B%0A%20%20document1%5BdomMethod%5D%28%27touchcancel%27%2C%20swiper.onTouchEnd%2C%20%7B%0A%20%20passive%3A%20true%0A%20%20%7D%29%3B%0A%20%20document1%5BdomMethod%5D%28%27pointerout%27%2C%20swiper.onTouchEnd%2C%20%7B%0A%20%20passive%3A%20true%0A%20%20%7D%29%3B%0A%20%20document1%5BdomMethod%5D%28%27pointerleave%27%2C%20swiper.onTouchEnd%2C%20%7B%0A%20%20passive%3A%20true%0A%20%20%7D%29%3B%0A%20%20document1%5BdomMethod%5D%28%27contextmenu%27%2C%20swiper.onTouchEnd%2C%20%7B%0A%20%20passive%3A%20true%0A%20%20%7D%29%3B%0A%20%20%2F%2F%20Prevent%20Links%20Clicks%0A%20%20if%20%28params.preventClicks%20%7C%7C%20params.preventClicksPropagation%29%20%7B%0A%20%20el%5BdomMethod%5D%28%27click%27%2C%20swiper.onClick%2C%20true%29%3B%0A%20%20%7D%0A%20%20if%20%28params.cssMode%29%20%7B%0A%20%20wrapperEl%5BdomMethod%5D%28%27scroll%27%2C%20swiper.onScroll%29%3B%0A%20%20%7D%0A%20%20%2F%2F%20Resize%20handler%0A%20%20if%20%28params.updateOnWindowResize%29%20%7B%0A%20%20swiper%5BswiperMethod%5D%28device.ios%20%7C%7C%20device.android%20%3F%20%27resize%20orientationchange%20observerUpdate%27%20%3A%20%27resize%20observerUpdate%27%2C%20onResize%2C%20true%29%3B%0A%20%20%7D%20else%20%7B%0A%20%20swiper%5BswiperMethod%5D%28%27observerUpdate%27%2C%20onResize%2C%20true%29%3B%0A%20%20%7D%0A%20%20%2F%2F%20Images%20loader%0A%20%20el%5BdomMethod%5D%28%27load%27%2C%20swiper.onLoad%2C%20%7B%0A%20%20capture%3A%20true%0A%20%20%7D%29%3B%0A%20%20%7D%3B%0A%20%20function%20attachEvents%28%29%20%7B%0A%20%20const%20swiper%20%3D%20this%3B%0A%20%20const%20%7B%20params%20%7D%20%3D%20swiper%3B%0A%20%20swiper.onTouchStart%20%3D%20onTouchStart.bind%28swiper%29%3B%0A%20%20swiper.onTouchMove%20%3D%20onTouchMove.bind%28swiper%29%3B%0A%20%20swiper.onTouchEnd%20%3D%20onTouchEnd.bind%28swiper%29%3B%0A%20%20swiper.onDocumentTouchStart%20%3D%20onDocumentTouchStart.bind%28swiper%29%3B%0A%20%20if%20%28params.cssMode%29%20%7B%0A%20%20swiper.onScroll%20%3D%20onScroll.bind%28swiper%29%3B%0A%20%20%7D%0A%20%20swiper.onClick%20%3D%20onClick.bind%28swiper%29%3B%0A%20%20swiper.onLoad%20%3D%20onLoad.bind%28swiper%29%3B%0A%20%20events%28swiper%2C%20%27on%27%29%3B%0A%20%20%7D%0A%20%20function%20detachEvents%28%29%20%7B%0A%20%20const%20swiper%20%3D%20this%3B%0A%20%20events%28swiper%2C%20%27off%27%29%3B%0A%20%20%7D%0A%20%20var%20events%241%20%3D%20%7B%0A%20%20attachEvents%2C%0A%20%20detachEvents%0A%20%20%7D%3B%0A%20%20const%20isGridEnabled%20%3D%20%28swiper%2C%20params%29%3D%3E%7B%0A%20%20return%20swiper.grid%20%26%26%20params.grid%20%26%26%20params.grid.rows%20%3E%201%3B%0A%20%20%7D%3B%0A%20%20function%20setBreakpoint%28%29%20%7B%0A%20%20const%20swiper%20%3D%20this%3B%0A%20%20const%20%7B%20realIndex%2C%20initialized%2C%20params%2C%20el%20%7D%20%3D%20swiper%3B%0A%20%20const%20breakpoints%20%3D%20params.breakpoints%3B%0A%20%20if%20%28%21breakpoints%20%7C%7C%20breakpoints%20%26%26%20Object.keys%28breakpoints%29.length%20%3D%3D%3D%200%29%20return%3B%0A%20%20const%20document1%20%3D%20getDocument%28%29%3B%0A%20%20%2F%2F%20Get%20breakpoint%20for%20window%2Fcontainer%20width%20and%20update%20parameters%0A%20%20const%20breakpointsBase%20%3D%20params.breakpointsBase%20%3D%3D%3D%20%27window%27%20%7C%7C%20%21params.breakpointsBase%20%3F%20params.breakpointsBase%20%3A%20%27container%27%3B%0A%20%20const%20breakpointContainer%20%3D%20%5B%0A%20%20%27window%27%2C%0A%20%20%27container%27%0A%20%20%5D.includes%28params.breakpointsBase%29%20%7C%7C%20%21params.breakpointsBase%20%3F%20swiper.el%20%3A%20document1.querySelector%28params.breakpointsBase%29%3B%0A%20%20const%20breakpoint%20%3D%20swiper.getBreakpoint%28breakpoints%2C%20breakpointsBase%2C%20breakpointContainer%29%3B%0A%20%20if%20%28%21breakpoint%20%7C%7C%20swiper.currentBreakpoint%20%3D%3D%3D%20breakpoint%29%20return%3B%0A%20%20const%20breakpointOnlyParams%20%3D%20breakpoint%20in%20breakpoints%20%3F%20breakpoints%5Bbreakpoint%5D%20%3A%20undefined%3B%0A%20%20const%20breakpointParams%20%3D%20breakpointOnlyParams%20%7C%7C%20swiper.originalParams%3B%0A%20%20const%20wasMultiRow%20%3D%20isGridEnabled%28swiper%2C%20params%29%3B%0A%20%20const%20isMultiRow%20%3D%20isGridEnabled%28swiper%2C%20breakpointParams%29%3B%0A%20%20const%20wasGrabCursor%20%3D%20swiper.params.grabCursor%3B%0A%20%20const%20isGrabCursor%20%3D%20breakpointParams.grabCursor%3B%0A%20%20const%20wasEnabled%20%3D%20params.enabled%3B%0A%20%20if%20%28wasMultiRow%20%26%26%20%21isMultiRow%29%20%7B%0A%20%20el.classList.remove%28%60%24%7Bparams.containerModifierClass%7Dgrid%60%2C%20%60%24%7Bparams.containerModifierClass%7Dgrid-column%60%29%3B%0A%20%20swiper.emitContainerClasses%28%29%3B%0A%20%20%7D%20else%20if%20%28%21wasMultiRow%20%26%26%20isMultiRow%29%20%7B%0A%20%20el.classList.add%28%60%24%7Bparams.containerModifierClass%7Dgrid%60%29%3B%0A%20%20if%20%28breakpointParams.grid.fill%20%26%26%20breakpointParams.grid.fill%20%3D%3D%3D%20%27column%27%20%7C%7C%20%21breakpointParams.grid.fill%20%26%26%20params.grid.fill%20%3D%3D%3D%20%27column%27%29%20%7B%0A%20%20el.classList.add%28%60%24%7Bparams.containerModifierClass%7Dgrid-column%60%29%3B%0A%20%20%7D%0A%20%20swiper.emitContainerClasses%28%29%3B%0A%20%20%7D%0A%20%20if%20%28wasGrabCursor%20%26%26%20%21isGrabCursor%29%20%7B%0A%20%20swiper.unsetGrabCursor%28%29%3B%0A%20%20%7D%20else%20if%20%28%21wasGrabCursor%20%26%26%20isGrabCursor%29%20%7B%0A%20%20swiper.setGrabCursor%28%29%3B%0A%20%20%7D%0A%20%20%2F%2F%20Toggle%20navigation%2C%20pagination%2C%20scrollbar%0A%20%20%5B%0A%20%20%27navigation%27%2C%0A%20%20%27pagination%27%2C%0A%20%20%27scrollbar%27%0A%20%20%5D.forEach%28%28prop%29%3D%3E%7B%0A%20%20if%20%28typeof%20breakpointParams%5Bprop%5D%20%3D%3D%3D%20%27undefined%27%29%20return%3B%0A%20%20const%20wasModuleEnabled%20%3D%20params%5Bprop%5D%20%26%26%20params%5Bprop%5D.enabled%3B%0A%20%20const%20isModuleEnabled%20%3D%20breakpointParams%5Bprop%5D%20%26%26%20breakpointParams%5Bprop%5D.enabled%3B%0A%20%20if%20%28wasModuleEnabled%20%26%26%20%21isModuleEnabled%29%20%7B%0A%20%20swiper%5Bprop%5D.disable%28%29%3B%0A%20%20%7D%0A%20%20if%20%28%21wasModuleEnabled%20%26%26%20isModuleEnabled%29%20%7B%0A%20%20swiper%5Bprop%5D.enable%28%29%3B%0A%20%20%7D%0A%20%20%7D%29%3B%0A%20%20const%20directionChanged%20%3D%20breakpointParams.direction%20%26%26%20breakpointParams.direction%20%21%3D%3D%20params.direction%3B%0A%20%20const%20needsReLoop%20%3D%20params.loop%20%26%26%20%28breakpointParams.slidesPerView%20%21%3D%3D%20params.slidesPerView%20%7C%7C%20directionChanged%29%3B%0A%20%20const%20wasLoop%20%3D%20params.loop%3B%0A%20%20if%20%28directionChanged%20%26%26%20initialized%29%20%7B%0A%20%20swiper.changeDirection%28%29%3B%0A%20%20%7D%0A%20%20extend1%28swiper.params%2C%20breakpointParams%29%3B%0A%20%20const%20isEnabled%20%3D%20swiper.params.enabled%3B%0A%20%20const%20hasLoop%20%3D%20swiper.params.loop%3B%0A%20%20Object.assign%28swiper%2C%20%7B%0A%20%20allowTouchMove%3A%20swiper.params.allowTouchMove%2C%0A%20%20allowSlideNext%3A%20swiper.params.allowSlideNext%2C%0A%20%20allowSlidePrev%3A%20swiper.params.allowSlidePrev%0A%20%20%7D%29%3B%0A%20%20if%20%28wasEnabled%20%26%26%20%21isEnabled%29%20%7B%0A%20%20swiper.disable%28%29%3B%0A%20%20%7D%20else%20if%20%28%21wasEnabled%20%26%26%20isEnabled%29%20%7B%0A%20%20swiper.enable%28%29%3B%0A%20%20%7D%0A%20%20swiper.currentBreakpoint%20%3D%20breakpoint%3B%0A%20%20swiper.emit%28%27_beforeBreakpoint%27%2C%20breakpointParams%29%3B%0A%20%20if%20%28initialized%29%20%7B%0A%20%20if%20%28needsReLoop%29%20%7B%0A%20%20swiper.loopDestroy%28%29%3B%0A%20%20swiper.loopCreate%28realIndex%29%3B%0A%20%20swiper.updateSlides%28%29%3B%0A%20%20%7D%20else%20if%20%28%21wasLoop%20%26%26%20hasLoop%29%20%7B%0A%20%20swiper.loopCreate%28realIndex%29%3B%0A%20%20swiper.updateSlides%28%29%3B%0A%20%20%7D%20else%20if%20%28wasLoop%20%26%26%20%21hasLoop%29%20%7B%0A%20%20swiper.loopDestroy%28%29%3B%0A%20%20%7D%0A%20%20%7D%0A%20%20swiper.emit%28%27breakpoint%27%2C%20breakpointParams%29%3B%0A%20%20%7D%0A%20%20function%20getBreakpoint%28breakpoints%2C%20base%20%3D%20%27window%27%2C%20containerEl%29%20%7B%0A%20%20if%20%28%21breakpoints%20%7C%7C%20base%20%3D%3D%3D%20%27container%27%20%26%26%20%21containerEl%29%20return%20undefined%3B%0A%20%20let%20breakpoint%20%3D%20false%3B%0A%20%20const%20window1%20%3D%20getWindow%28%29%3B%0A%20%20const%20currentHeight%20%3D%20base%20%3D%3D%3D%20%27window%27%20%3F%20window1.innerHeight%20%3A%20containerEl.clientHeight%3B%0A%20%20const%20points%20%3D%20Object.keys%28breakpoints%29.map%28%28point%29%3D%3E%7B%0A%20%20if%20%28typeof%20point%20%3D%3D%3D%20%27string%27%20%26%26%20point.indexOf%28%27%40%27%29%20%3D%3D%3D%200%29%20%7B%0A%20%20const%20minRatio%20%3D%20parseFloat%28point.substr%281%29%29%3B%0A%20%20const%20value%20%3D%20currentHeight%20%2A%20minRatio%3B%0A%20%20return%20%7B%0A%20%20value%2C%0A%20%20point%0A%20%20%7D%3B%0A%20%20%7D%0A%20%20return%20%7B%0A%20%20value%3A%20point%2C%0A%20%20point%0A%20%20%7D%3B%0A%20%20%7D%29%3B%0A%20%20points.sort%28%28a1%2C%20b1%29%3D%3EparseInt%28a1.value%2C%2010%29%20-%20parseInt%28b1.value%2C%2010%29%29%3B%0A%20%20for%28let%20i1%20%3D%200%3B%20i1%20%3C%20points.length%3B%20i1%20%2B%3D%201%29%7B%0A%20%20const%20%7B%20point%2C%20value%20%7D%20%3D%20points%5Bi1%5D%3B%0A%20%20if%20%28base%20%3D%3D%3D%20%27window%27%29%20%7B%0A%20%20if%20%28window1.matchMedia%28%60%28min-width%3A%20%24%7Bvalue%7Dpx%29%60%29.matches%29%20%7B%0A%20%20breakpoint%20%3D%20point%3B%0A%20%20%7D%0A%20%20%7D%20else%20if%20%28value%20%3C%3D%20containerEl.clientWidth%29%20%7B%0A%20%20breakpoint%20%3D%20point%3B%0A%20%20%7D%0A%20%20%7D%0A%20%20return%20breakpoint%20%7C%7C%20%27max%27%3B%0A%20%20%7D%0A%20%20var%20breakpoints%20%3D%20%7B%0A%20%20setBreakpoint%2C%0A%20%20getBreakpoint%0A%20%20%7D%3B%0A%20%20function%20prepareClasses%28entries%2C%20prefix%29%20%7B%0A%20%20const%20resultClasses%20%3D%20%5B%5D%3B%0A%20%20entries.forEach%28%28item%29%3D%3E%7B%0A%20%20if%20%28typeof%20item%20%3D%3D%3D%20%27object%27%29%20%7B%0A%20%20Object.keys%28item%29.forEach%28%28classNames%29%3D%3E%7B%0A%20%20if%20%28item%5BclassNames%5D%29%20%7B%0A%20%20resultClasses.push%28prefix%20%2B%20classNames%29%3B%0A%20%20%7D%0A%20%20%7D%29%3B%0A%20%20%7D%20else%20if%20%28typeof%20item%20%3D%3D%3D%20%27string%27%29%20%7B%0A%20%20resultClasses.push%28prefix%20%2B%20item%29%3B%0A%20%20%7D%0A%20%20%7D%29%3B%0A%20%20return%20resultClasses%3B%0A%20%20%7D%0A%20%20function%20addClasses%28%29%20%7B%0A%20%20const%20swiper%20%3D%20this%3B%0A%20%20const%20%7B%20classNames%2C%20params%2C%20rtl%2C%20el%2C%20device%20%7D%20%3D%20swiper%3B%0A%20%20%2F%2F%20prettier-ignore%0A%20%20const%20suffixes%20%3D%20prepareClasses%28%5B%0A%20%20%27initialized%27%2C%0A%20%20params.direction%2C%0A%20%20%7B%0A%20%20%27free-mode%27%3A%20swiper.params.freeMode%20%26%26%20params.freeMode.enabled%0A%20%20%7D%2C%0A%20%20%7B%0A%20%20%27autoheight%27%3A%20params.autoHeight%0A%20%20%7D%2C%0A%20%20%7B%0A%20%20%27rtl%27%3A%20rtl%0A%20%20%7D%2C%0A%20%20%7B%0A%20%20%27grid%27%3A%20params.grid%20%26%26%20params.grid.rows%20%3E%201%0A%20%20%7D%2C%0A%20%20%7B%0A%20%20%27grid-column%27%3A%20params.grid%20%26%26%20params.grid.rows%20%3E%201%20%26%26%20params.grid.fill%20%3D%3D%3D%20%27column%27%0A%20%20%7D%2C%0A%20%20%7B%0A%20%20%27android%27%3A%20device.android%0A%20%20%7D%2C%0A%20%20%7B%0A%20%20%27ios%27%3A%20device.ios%0A%20%20%7D%2C%0A%20%20%7B%0A%20%20%27css-mode%27%3A%20params.cssMode%0A%20%20%7D%2C%0A%20%20%7B%0A%20%20%27centered%27%3A%20params.cssMode%20%26%26%20params.centeredSlides%0A%20%20%7D%2C%0A%20%20%7B%0A%20%20%27watch-progress%27%3A%20params.watchSlidesProgress%0A%20%20%7D%0A%20%20%5D%2C%20params.containerModifierClass%29%3B%0A%20%20classNames.push%28...suffixes%29%3B%0A%20%20el.classList.add%28...classNames%29%3B%0A%20%20swiper.emitContainerClasses%28%29%3B%0A%20%20%7D%0A%20%20function%20removeClasses%28%29%20%7B%0A%20%20const%20swiper%20%3D%20this%3B%0A%20%20const%20%7B%20el%2C%20classNames%20%7D%20%3D%20swiper%3B%0A%20%20if%20%28%21el%20%7C%7C%20typeof%20el%20%3D%3D%3D%20%27string%27%29%20return%3B%0A%20%20el.classList.remove%28...classNames%29%3B%0A%20%20swiper.emitContainerClasses%28%29%3B%0A%20%20%7D%0A%20%20var%20classes%20%3D%20%7B%0A%20%20addClasses%2C%0A%20%20removeClasses%0A%20%20%7D%3B%0A%20%20function%20checkOverflow%28%29%20%7B%0A%20%20const%20swiper%20%3D%20this%3B%0A%20%20const%20%7B%20isLocked%3A%20wasLocked%2C%20params%20%7D%20%3D%20swiper%3B%0A%20%20const%20%7B%20slidesOffsetBefore%20%7D%20%3D%20params%3B%0A%20%20if%20%28slidesOffsetBefore%29%20%7B%0A%20%20const%20lastSlideIndex%20%3D%20swiper.slides.length%20-%201%3B%0A%20%20const%20lastSlideRightEdge%20%3D%20swiper.slidesGrid%5BlastSlideIndex%5D%20%2B%20swiper.slidesSizesGrid%5BlastSlideIndex%5D%20%2B%20slidesOffsetBefore%20%2A%202%3B%0A%20%20swiper.isLocked%20%3D%20swiper.size%20%3E%20lastSlideRightEdge%3B%0A%20%20%7D%20else%20%7B%0A%20%20swiper.isLocked%20%3D%20swiper.snapGrid.length%20%3D%3D%3D%201%3B%0A%20%20%7D%0A%20%20if%20%28params.allowSlideNext%20%3D%3D%3D%20true%29%20%7B%0A%20%20swiper.allowSlideNext%20%3D%20%21swiper.isLocked%3B%0A%20%20%7D%0A%20%20if%20%28params.allowSlidePrev%20%3D%3D%3D%20true%29%20%7B%0A%20%20swiper.allowSlidePrev%20%3D%20%21swiper.isLocked%3B%0A%20%20%7D%0A%20%20if%20%28wasLocked%20%26%26%20wasLocked%20%21%3D%3D%20swiper.isLocked%29%20%7B%0A%20%20swiper.isEnd%20%3D%20false%3B%0A%20%20%7D%0A%20%20if%20%28wasLocked%20%21%3D%3D%20swiper.isLocked%29%20%7B%0A%20%20swiper.emit%28swiper.isLocked%20%3F%20%27lock%27%20%3A%20%27unlock%27%29%3B%0A%20%20%7D%0A%20%20%7D%0A%20%20var%20checkOverflow%241%20%3D%20%7B%0A%20%20checkOverflow%0A%20%20%7D%3B%0A%20%20var%20defaults%20%3D%20%7B%0A%20%20init%3A%20true%2C%0A%20%20direction%3A%20%27horizontal%27%2C%0A%20%20oneWayMovement%3A%20false%2C%0A%20%20swiperElementNodeName%3A%20%27SWIPER-CONTAINER%27%2C%0A%20%20touchEventsTarget%3A%20%27wrapper%27%2C%0A%20%20initialSlide%3A%200%2C%0A%20%20speed%3A%20300%2C%0A%20%20cssMode%3A%20false%2C%0A%20%20updateOnWindowResize%3A%20true%2C%0A%20%20resizeObserver%3A%20true%2C%0A%20%20nested%3A%20false%2C%0A%20%20createElements%3A%20false%2C%0A%20%20eventsPrefix%3A%20%27swiper%27%2C%0A%20%20enabled%3A%20true%2C%0A%20%20focusableElements%3A%20%27input%2C%20select%2C%20option%2C%20textarea%2C%20button%2C%20video%2C%20label%27%2C%0A%20%20%2F%2F%20Overrides%0A%20%20width%3A%20null%2C%0A%20%20height%3A%20null%2C%0A%20%20%2F%2F%0A%20%20preventInteractionOnTransition%3A%20false%2C%0A%20%20%2F%2F%20ssr%0A%20%20userAgent%3A%20null%2C%0A%20%20url%3A%20null%2C%0A%20%20%2F%2F%20To%20support%20iOS%27s%20swipe-to-go-back%20gesture%20%28when%20being%20used%20in-app%29.%0A%20%20edgeSwipeDetection%3A%20false%2C%0A%20%20edgeSwipeThreshold%3A%2020%2C%0A%20%20%2F%2F%20Autoheight%0A%20%20autoHeight%3A%20false%2C%0A%20%20%2F%2F%20Set%20wrapper%20width%0A%20%20setWrapperSize%3A%20false%2C%0A%20%20%2F%2F%20Virtual%20Translate%0A%20%20virtualTranslate%3A%20false%2C%0A%20%20%2F%2F%20Effects%0A%20%20effect%3A%20%27slide%27%2C%0A%20%20%2F%2F%20%27slide%27%20or%20%27fade%27%20or%20%27cube%27%20or%20%27coverflow%27%20or%20%27flip%27%0A%20%20%2F%2F%20Breakpoints%0A%20%20breakpoints%3A%20undefined%2C%0A%20%20breakpointsBase%3A%20%27window%27%2C%0A%20%20%2F%2F%20Slides%20grid%0A%20%20spaceBetween%3A%200%2C%0A%20%20slidesPerView%3A%201%2C%0A%20%20slidesPerGroup%3A%201%2C%0A%20%20slidesPerGroupSkip%3A%200%2C%0A%20%20slidesPerGroupAuto%3A%20false%2C%0A%20%20centeredSlides%3A%20false%2C%0A%20%20centeredSlidesBounds%3A%20false%2C%0A%20%20slidesOffsetBefore%3A%200%2C%0A%20%20%2F%2F%20in%20px%0A%20%20slidesOffsetAfter%3A%200%2C%0A%20%20%2F%2F%20in%20px%0A%20%20normalizeSlideIndex%3A%20true%2C%0A%20%20centerInsufficientSlides%3A%20false%2C%0A%20%20snapToSlideEdge%3A%20false%2C%0A%20%20%2F%2F%20Disable%20swiper%20and%20hide%20navigation%20when%20container%20not%20overflow%0A%20%20watchOverflow%3A%20true%2C%0A%20%20%2F%2F%20Round%20length%0A%20%20roundLengths%3A%20false%2C%0A%20%20%2F%2F%20Touches%0A%20%20touchRatio%3A%201%2C%0A%20%20touchAngle%3A%2045%2C%0A%20%20simulateTouch%3A%20true%2C%0A%20%20shortSwipes%3A%20true%2C%0A%20%20longSwipes%3A%20true%2C%0A%20%20longSwipesRatio%3A%200.5%2C%0A%20%20longSwipesMs%3A%20300%2C%0A%20%20followFinger%3A%20true%2C%0A%20%20allowTouchMove%3A%20true%2C%0A%20%20threshold%3A%205%2C%0A%20%20touchMoveStopPropagation%3A%20false%2C%0A%20%20touchStartPreventDefault%3A%20true%2C%0A%20%20touchStartForcePreventDefault%3A%20false%2C%0A%20%20touchReleaseOnEdges%3A%20false%2C%0A%20%20%2F%2F%20Unique%20Navigation%20Elements%0A%20%20uniqueNavElements%3A%20true%2C%0A%20%20%2F%2F%20Resistance%0A%20%20resistance%3A%20true%2C%0A%20%20resistanceRatio%3A%200.85%2C%0A%20%20%2F%2F%20Progress%0A%20%20watchSlidesProgress%3A%20false%2C%0A%20%20%2F%2F%20Cursor%0A%20%20grabCursor%3A%20false%2C%0A%20%20%2F%2F%20Clicks%0A%20%20preventClicks%3A%20true%2C%0A%20%20preventClicksPropagation%3A%20true%2C%0A%20%20slideToClickedSlide%3A%20false%2C%0A%20%20%2F%2F%20loop%0A%20%20loop%3A%20false%2C%0A%20%20loopAddBlankSlides%3A%20true%2C%0A%20%20loopAdditionalSlides%3A%200%2C%0A%20%20loopPreventsSliding%3A%20true%2C%0A%20%20%2F%2F%20rewind%0A%20%20rewind%3A%20false%2C%0A%20%20%2F%2F%20Swiping%2Fno%20swiping%0A%20%20allowSlidePrev%3A%20true%2C%0A%20%20allowSlideNext%3A%20true%2C%0A%20%20swipeHandler%3A%20null%2C%0A%20%20%2F%2F%20%27.swipe-handler%27%2C%0A%20%20noSwiping%3A%20true%2C%0A%20%20noSwipingClass%3A%20%27swiper-no-swiping%27%2C%0A%20%20noSwipingSelector%3A%20null%2C%0A%20%20%2F%2F%20Passive%20Listeners%0A%20%20passiveListeners%3A%20true%2C%0A%20%20maxBackfaceHiddenSlides%3A%2010%2C%0A%20%20%2F%2F%20NS%0A%20%20containerModifierClass%3A%20%27swiper-%27%2C%0A%20%20%2F%2F%20NEW%0A%20%20slideClass%3A%20%27swiper-slide%27%2C%0A%20%20slideBlankClass%3A%20%27swiper-slide-blank%27%2C%0A%20%20slideActiveClass%3A%20%27swiper-slide-active%27%2C%0A%20%20slideVisibleClass%3A%20%27swiper-slide-visible%27%2C%0A%20%20slideFullyVisibleClass%3A%20%27swiper-slide-fully-visible%27%2C%0A%20%20slideNextClass%3A%20%27swiper-slide-next%27%2C%0A%20%20slidePrevClass%3A%20%27swiper-slide-prev%27%2C%0A%20%20wrapperClass%3A%20%27swiper-wrapper%27%2C%0A%20%20lazyPreloaderClass%3A%20%27swiper-lazy-preloader%27%2C%0A%20%20lazyPreloadPrevNext%3A%200%2C%0A%20%20%2F%2F%20Callbacks%0A%20%20runCallbacksOnInit%3A%20true%2C%0A%20%20%2F%2F%20Internals%0A%20%20_emitClasses%3A%20false%0A%20%20%7D%3B%0A%20%20function%20moduleExtendParams%28params%2C%20allModulesParams%29%20%7B%0A%20%20return%20function%20extendParams%28obj%20%3D%20%7B%7D%29%20%7B%0A%20%20const%20moduleParamName%20%3D%20Object.keys%28obj%29%5B0%5D%3B%0A%20%20const%20moduleParams%20%3D%20obj%5BmoduleParamName%5D%3B%0A%20%20if%20%28typeof%20moduleParams%20%21%3D%3D%20%27object%27%20%7C%7C%20moduleParams%20%3D%3D%3D%20null%29%20%7B%0A%20%20extend1%28allModulesParams%2C%20obj%29%3B%0A%20%20return%3B%0A%20%20%7D%0A%20%20if%20%28params%5BmoduleParamName%5D%20%3D%3D%3D%20true%29%20%7B%0A%20%20params%5BmoduleParamName%5D%20%3D%20%7B%0A%20%20enabled%3A%20true%0A%20%20%7D%3B%0A%20%20%7D%0A%20%20if%20%28moduleParamName%20%3D%3D%3D%20%27navigation%27%20%26%26%20params%5BmoduleParamName%5D%20%26%26%20params%5BmoduleParamName%5D.enabled%20%26%26%20%21params%5BmoduleParamName%5D.prevEl%20%26%26%20%21params%5BmoduleParamName%5D.nextEl%29%20%7B%0A%20%20params%5BmoduleParamName%5D.auto%20%3D%20true%3B%0A%20%20%7D%0A%20%20if%20%28%5B%0A%20%20%27pagination%27%2C%0A%20%20%27scrollbar%27%0A%20%20%5D.indexOf%28moduleParamName%29%20%3E%3D%200%20%26%26%20params%5BmoduleParamName%5D%20%26%26%20params%5BmoduleParamName%5D.enabled%20%26%26%20%21params%5BmoduleParamName%5D.el%29%20%7B%0A%20%20params%5BmoduleParamName%5D.auto%20%3D%20true%3B%0A%20%20%7D%0A%20%20if%20%28%21%28moduleParamName%20in%20params%20%26%26%20%27enabled%27%20in%20moduleParams%29%29%20%7B%0A%20%20extend1%28allModulesParams%2C%20obj%29%3B%0A%20%20return%3B%0A%20%20%7D%0A%20%20if%20%28typeof%20params%5BmoduleParamName%5D%20%3D%3D%3D%20%27object%27%20%26%26%20%21%28%27enabled%27%20in%20params%5BmoduleParamName%5D%29%29%20%7B%0A%20%20params%5BmoduleParamName%5D.enabled%20%3D%20true%3B%0A%20%20%7D%0A%20%20if%20%28%21params%5BmoduleParamName%5D%29%20params%5BmoduleParamName%5D%20%3D%20%7B%0A%20%20enabled%3A%20false%0A%20%20%7D%3B%0A%20%20extend1%28allModulesParams%2C%20obj%29%3B%0A%20%20%7D%3B%0A%20%20%7D%0A%20%20%2F%2A%20eslint%20no-param-reassign%3A%20%22off%22%20%2A%2F%20const%20prototypes%20%3D%20%7B%0A%20%20eventsEmitter%2C%0A%20%20update%2C%0A%20%20translate%2C%0A%20%20transition%2C%0A%20%20slide%2C%0A%20%20loop%2C%0A%20%20grabCursor%2C%0A%20%20events%3A%20events%241%2C%0A%20%20breakpoints%2C%0A%20%20checkOverflow%3A%20checkOverflow%241%2C%0A%20%20classes%0A%20%20%7D%3B%0A%20%20const%20extendedDefaults%20%3D%20%7B%7D%3B%0A%20%20class%20Swiper%20%7B%0A%20%20constructor%28...args%29%7B%0A%20%20let%20el%3B%0A%20%20let%20params%3B%0A%20%20if%20%28args.length%20%3D%3D%3D%201%20%26%26%20args%5B0%5D.constructor%20%26%26%20Object.prototype.toString.call%28args%5B0%5D%29.slice%288%2C%20-1%29%20%3D%3D%3D%20%27Object%27%29%20%7B%0A%20%20params%20%3D%20args%5B0%5D%3B%0A%20%20%7D%20else%20%7B%0A%20%20%5Bel%2C%20params%5D%20%3D%20args%3B%0A%20%20%7D%0A%20%20if%20%28%21params%29%20params%20%3D%20%7B%7D%3B%0A%20%20params%20%3D%20extend1%28%7B%7D%2C%20params%29%3B%0A%20%20if%20%28el%20%26%26%20%21params.el%29%20params.el%20%3D%20el%3B%0A%20%20const%20document1%20%3D%20getDocument%28%29%3B%0A%20%20if%20%28params.el%20%26%26%20typeof%20params.el%20%3D%3D%3D%20%27string%27%20%26%26%20document1.querySelectorAll%28params.el%29.length%20%3E%201%29%20%7B%0A%20%20const%20swipers%20%3D%20%5B%5D%3B%0A%20%20document1.querySelectorAll%28params.el%29.forEach%28%28containerEl%29%3D%3E%7B%0A%20%20const%20newParams%20%3D%20extend1%28%7B%7D%2C%20params%2C%20%7B%0A%20%20el%3A%20containerEl%0A%20%20%7D%29%3B%0A%20%20swipers.push%28new%20Swiper%28newParams%29%29%3B%0A%20%20%7D%29%3B%0A%20%20%2F%2F%20eslint-disable-next-line%20no-constructor-return%0A%20%20return%20swipers%3B%0A%20%20%7D%0A%20%20%2F%2F%20Swiper%20Instance%0A%20%20const%20swiper%20%3D%20this%3B%0A%20%20swiper.__swiper__%20%3D%20true%3B%0A%20%20swiper.support%20%3D%20getSupport%28%29%3B%0A%20%20swiper.device%20%3D%20getDevice%28%7B%0A%20%20userAgent%3A%20params.userAgent%0A%20%20%7D%29%3B%0A%20%20swiper.browser%20%3D%20getBrowser%28%29%3B%0A%20%20swiper.eventsListeners%20%3D%20%7B%7D%3B%0A%20%20swiper.eventsAnyListeners%20%3D%20%5B%5D%3B%0A%20%20swiper.modules%20%3D%20%5B%0A%20%20...swiper.__modules__%0A%20%20%5D%3B%0A%20%20if%20%28params.modules%20%26%26%20Array.isArray%28params.modules%29%29%20%7B%0A%20%20params.modules.forEach%28%28mod%29%3D%3E%7B%0A%20%20if%20%28typeof%20mod%20%3D%3D%3D%20%27function%27%20%26%26%20swiper.modules.indexOf%28mod%29%20%3C%200%29%20%7B%0A%20%20swiper.modules.push%28mod%29%3B%0A%20%20%7D%0A%20%20%7D%29%3B%0A%20%20%7D%0A%20%20const%20allModulesParams%20%3D%20%7B%7D%3B%0A%20%20swiper.modules.forEach%28%28mod%29%3D%3E%7B%0A%20%20mod%28%7B%0A%20%20params%2C%0A%20%20swiper%2C%0A%20%20extendParams%3A%20moduleExtendParams%28params%2C%20allModulesParams%29%2C%0A%20%20on%3A%20swiper.on.bind%28swiper%29%2C%0A%20%20once%3A%20swiper.once.bind%28swiper%29%2C%0A%20%20off%3A%20swiper.off.bind%28swiper%29%2C%0A%20%20emit%3A%20swiper.emit.bind%28swiper%29%0A%20%20%7D%29%3B%0A%20%20%7D%29%3B%0A%20%20%2F%2F%20Extend%20defaults%20with%20modules%20params%0A%20%20const%20swiperParams%20%3D%20extend1%28%7B%7D%2C%20defaults%2C%20allModulesParams%29%3B%0A%20%20%2F%2F%20Extend%20defaults%20with%20passed%20params%0A%20%20swiper.params%20%3D%20extend1%28%7B%7D%2C%20swiperParams%2C%20extendedDefaults%2C%20params%29%3B%0A%20%20swiper.originalParams%20%3D%20extend1%28%7B%7D%2C%20swiper.params%29%3B%0A%20%20swiper.passedParams%20%3D%20extend1%28%7B%7D%2C%20params%29%3B%0A%20%20%2F%2F%20add%20event%20listeners%0A%20%20if%20%28swiper.params%20%26%26%20swiper.params.on%29%20%7B%0A%20%20Object.keys%28swiper.params.on%29.forEach%28%28eventName%29%3D%3E%7B%0A%20%20swiper.on%28eventName%2C%20swiper.params.on%5BeventName%5D%29%3B%0A%20%20%7D%29%3B%0A%20%20%7D%0A%20%20if%20%28swiper.params%20%26%26%20swiper.params.onAny%29%20%7B%0A%20%20swiper.onAny%28swiper.params.onAny%29%3B%0A%20%20%7D%0A%20%20%2F%2F%20Extend%20Swiper%0A%20%20Object.assign%28swiper%2C%20%7B%0A%20%20enabled%3A%20swiper.params.enabled%2C%0A%20%20el%2C%0A%20%20%2F%2F%20Classes%0A%20%20classNames%3A%20%5B%5D%2C%0A%20%20%2F%2F%20Slides%0A%20%20slides%3A%20%5B%5D%2C%0A%20%20slidesGrid%3A%20%5B%5D%2C%0A%20%20snapGrid%3A%20%5B%5D%2C%0A%20%20slidesSizesGrid%3A%20%5B%5D%2C%0A%20%20%2F%2F%20isDirection%0A%20%20isHorizontal%20%28%29%20%7B%0A%20%20return%20swiper.params.direction%20%3D%3D%3D%20%27horizontal%27%3B%0A%20%20%7D%2C%0A%20%20isVertical%20%28%29%20%7B%0A%20%20return%20swiper.params.direction%20%3D%3D%3D%20%27vertical%27%3B%0A%20%20%7D%2C%0A%20%20%2F%2F%20Indexes%0A%20%20activeIndex%3A%200%2C%0A%20%20realIndex%3A%200%2C%0A%20%20%2F%2F%0A%20%20isBeginning%3A%20true%2C%0A%20%20isEnd%3A%20false%2C%0A%20%20%2F%2F%20Props%0A%20%20translate%3A%200%2C%0A%20%20previousTranslate%3A%200%2C%0A%20%20progress%3A%200%2C%0A%20%20velocity%3A%200%2C%0A%20%20animating%3A%20false%2C%0A%20%20cssOverflowAdjustment%20%28%29%20%7B%0A%20%20%2F%2F%20Returns%200%20unless%20%60translate%60%20is%20%3E%202%2A%2A23%0A%20%20%2F%2F%20Should%20be%20subtracted%20from%20css%20values%20to%20prevent%20overflow%0A%20%20return%20Math.trunc%28this.translate%20%2F%202%20%2A%2A%2023%29%20%2A%202%20%2A%2A%2023%3B%0A%20%20%7D%2C%0A%20%20%2F%2F%20Locks%0A%20%20allowSlideNext%3A%20swiper.params.allowSlideNext%2C%0A%20%20allowSlidePrev%3A%20swiper.params.allowSlidePrev%2C%0A%20%20%2F%2F%20Touch%20Events%0A%20%20touchEventsData%3A%20%7B%0A%20%20isTouched%3A%20undefined%2C%0A%20%20isMoved%3A%20undefined%2C%0A%20%20allowTouchCallbacks%3A%20undefined%2C%0A%20%20touchStartTime%3A%20undefined%2C%0A%20%20isScrolling%3A%20undefined%2C%0A%20%20currentTranslate%3A%20undefined%2C%0A%20%20startTranslate%3A%20undefined%2C%0A%20%20allowThresholdMove%3A%20undefined%2C%0A%20%20%2F%2F%20Form%20elements%20to%20match%0A%20%20focusableElements%3A%20swiper.params.focusableElements%2C%0A%20%20%2F%2F%20Last%20click%20time%0A%20%20lastClickTime%3A%200%2C%0A%20%20clickTimeout%3A%20undefined%2C%0A%20%20%2F%2F%20Velocities%0A%20%20velocities%3A%20%5B%5D%2C%0A%20%20allowMomentumBounce%3A%20undefined%2C%0A%20%20startMoving%3A%20undefined%2C%0A%20%20pointerId%3A%20null%2C%0A%20%20touchId%3A%20null%0A%20%20%7D%2C%0A%20%20%2F%2F%20Clicks%0A%20%20allowClick%3A%20true%2C%0A%20%20%2F%2F%20Touches%0A%20%20allowTouchMove%3A%20swiper.params.allowTouchMove%2C%0A%20%20touches%3A%20%7B%0A%20%20startX%3A%200%2C%0A%20%20startY%3A%200%2C%0A%20%20currentX%3A%200%2C%0A%20%20currentY%3A%200%2C%0A%20%20diff%3A%200%0A%20%20%7D%2C%0A%20%20%2F%2F%20Images%0A%20%20imagesToLoad%3A%20%5B%5D%2C%0A%20%20imagesLoaded%3A%200%0A%20%20%7D%29%3B%0A%20%20swiper.emit%28%27_swiper%27%29%3B%0A%20%20%2F%2F%20Init%0A%20%20if%20%28swiper.params.init%29%20%7B%0A%20%20swiper.init%28%29%3B%0A%20%20%7D%0A%20%20%2F%2F%20Return%20app%20instance%0A%20%20%2F%2F%20eslint-disable-next-line%20no-constructor-return%0A%20%20return%20swiper%3B%0A%20%20%7D%0A%20%20getDirectionLabel%28property%29%20%7B%0A%20%20if%20%28this.isHorizontal%28%29%29%20%7B%0A%20%20return%20property%3B%0A%20%20%7D%0A%20%20%2F%2F%20prettier-ignore%0A%20%20return%20%28%7B%0A%20%20%27width%27%3A%20%27height%27%2C%0A%20%20%27margin-top%27%3A%20%27margin-left%27%2C%0A%20%20%27margin-bottom%20%27%3A%20%27margin-right%27%2C%0A%20%20%27margin-left%27%3A%20%27margin-top%27%2C%0A%20%20%27margin-right%27%3A%20%27margin-bottom%27%2C%0A%20%20%27padding-left%27%3A%20%27padding-top%27%2C%0A%20%20%27padding-right%27%3A%20%27padding-bottom%27%2C%0A%20%20%27marginRight%27%3A%20%27marginBottom%27%0A%20%20%7D%29%5Bproperty%5D%3B%0A%20%20%7D%0A%20%20getSlideIndex%28slideEl%29%20%7B%0A%20%20const%20%7B%20slidesEl%2C%20params%20%7D%20%3D%20this%3B%0A%20%20const%20slides%20%3D%20elementChildren%28slidesEl%2C%20%60.%24%7Bparams.slideClass%7D%2C%20swiper-slide%60%29%3B%0A%20%20const%20firstSlideIndex%20%3D%20elementIndex%28slides%5B0%5D%29%3B%0A%20%20return%20elementIndex%28slideEl%29%20-%20firstSlideIndex%3B%0A%20%20%7D%0A%20%20getSlideIndexByData%28index%29%20%7B%0A%20%20return%20this.getSlideIndex%28this.slides.find%28%28slideEl%29%3D%3EslideEl.getAttribute%28%27data-swiper-slide-index%27%29%20%2A%201%20%3D%3D%3D%20index%29%29%3B%0A%20%20%7D%0A%20%20getSlideIndexWhenGrid%28index%29%20%7B%0A%20%20if%20%28this.grid%20%26%26%20this.params.grid%20%26%26%20this.params.grid.rows%20%3E%201%29%20%7B%0A%20%20if%20%28this.params.grid.fill%20%3D%3D%3D%20%27column%27%29%20%7B%0A%20%20index%20%3D%20Math.floor%28index%20%2F%20this.params.grid.rows%29%3B%0A%20%20%7D%20else%20if%20%28this.params.grid.fill%20%3D%3D%3D%20%27row%27%29%20%7B%0A%20%20index%20%3D%20index%20%25%20Math.ceil%28this.slides.length%20%2F%20this.params.grid.rows%29%3B%0A%20%20%7D%0A%20%20%7D%0A%20%20return%20index%3B%0A%20%20%7D%0A%20%20recalcSlides%28%29%20%7B%0A%20%20const%20swiper%20%3D%20this%3B%0A%20%20const%20%7B%20slidesEl%2C%20params%20%7D%20%3D%20swiper%3B%0A%20%20swiper.slides%20%3D%20elementChildren%28slidesEl%2C%20%60.%24%7Bparams.slideClass%7D%2C%20swiper-slide%60%29%3B%0A%20%20%7D%0A%20%20enable%28%29%20%7B%0A%20%20const%20swiper%20%3D%20this%3B%0A%20%20if%20%28swiper.enabled%29%20return%3B%0A%20%20swiper.enabled%20%3D%20true%3B%0A%20%20if%20%28swiper.params.grabCursor%29%20%7B%0A%20%20swiper.setGrabCursor%28%29%3B%0A%20%20%7D%0A%20%20swiper.emit%28%27enable%27%29%3B%0A%20%20%7D%0A%20%20disable%28%29%20%7B%0A%20%20const%20swiper%20%3D%20this%3B%0A%20%20if%20%28%21swiper.enabled%29%20return%3B%0A%20%20swiper.enabled%20%3D%20false%3B%0A%20%20if%20%28swiper.params.grabCursor%29%20%7B%0A%20%20swiper.unsetGrabCursor%28%29%3B%0A%20%20%7D%0A%20%20swiper.emit%28%27disable%27%29%3B%0A%20%20%7D%0A%20%20setProgress%28progress%2C%20speed%29%20%7B%0A%20%20const%20swiper%20%3D%20this%3B%0A%20%20progress%20%3D%20Math.min%28Math.max%28progress%2C%200%29%2C%201%29%3B%0A%20%20const%20min%20%3D%20swiper.minTranslate%28%29%3B%0A%20%20const%20max%20%3D%20swiper.maxTranslate%28%29%3B%0A%20%20const%20current%20%3D%20%28max%20-%20min%29%20%2A%20progress%20%2B%20min%3B%0A%20%20swiper.translateTo%28current%2C%20typeof%20speed%20%3D%3D%3D%20%27undefined%27%20%3F%200%20%3A%20speed%29%3B%0A%20%20swiper.updateActiveIndex%28%29%3B%0A%20%20swiper.updateSlidesClasses%28%29%3B%0A%20%20%7D%0A%20%20emitContainerClasses%28%29%20%7B%0A%20%20const%20swiper%20%3D%20this%3B%0A%20%20if%20%28%21swiper.params._emitClasses%20%7C%7C%20%21swiper.el%29%20return%3B%0A%20%20const%20cls%20%3D%20swiper.el.className.split%28%27%20%27%29.filter%28%28className%29%3D%3E%7B%0A%20%20return%20className.indexOf%28%27swiper%27%29%20%3D%3D%3D%200%20%7C%7C%20className.indexOf%28swiper.params.containerModifierClass%29%20%3D%3D%3D%200%3B%0A%20%20%7D%29%3B%0A%20%20swiper.emit%28%27_containerClasses%27%2C%20cls.join%28%27%20%27%29%29%3B%0A%20%20%7D%0A%20%20getSlideClasses%28slideEl%29%20%7B%0A%20%20const%20swiper%20%3D%20this%3B%0A%20%20if%20%28swiper.destroyed%29%20return%20%27%27%3B%0A%20%20return%20slideEl.className.split%28%27%20%27%29.filter%28%28className%29%3D%3E%7B%0A%20%20return%20className.indexOf%28%27swiper-slide%27%29%20%3D%3D%3D%200%20%7C%7C%20className.indexOf%28swiper.params.slideClass%29%20%3D%3D%3D%200%3B%0A%20%20%7D%29.join%28%27%20%27%29%3B%0A%20%20%7D%0A%20%20emitSlidesClasses%28%29%20%7B%0A%20%20const%20swiper%20%3D%20this%3B%0A%20%20if%20%28%21swiper.params._emitClasses%20%7C%7C%20%21swiper.el%29%20return%3B%0A%20%20const%20updates%20%3D%20%5B%5D%3B%0A%20%20swiper.slides.forEach%28%28slideEl%29%3D%3E%7B%0A%20%20const%20classNames%20%3D%20swiper.getSlideClasses%28slideEl%29%3B%0A%20%20updates.push%28%7B%0A%20%20slideEl%2C%0A%20%20classNames%0A%20%20%7D%29%3B%0A%20%20swiper.emit%28%27_slideClass%27%2C%20slideEl%2C%20classNames%29%3B%0A%20%20%7D%29%3B%0A%20%20swiper.emit%28%27_slideClasses%27%2C%20updates%29%3B%0A%20%20%7D%0A%20%20slidesPerViewDynamic%28view%20%3D%20%27current%27%2C%20exact%20%3D%20false%29%20%7B%0A%20%20const%20swiper%20%3D%20this%3B%0A%20%20const%20%7B%20params%2C%20slides%2C%20slidesGrid%2C%20slidesSizesGrid%2C%20size%3A%20swiperSize%2C%20activeIndex%20%7D%20%3D%20swiper%3B%0A%20%20let%20spv%20%3D%201%3B%0A%20%20if%20%28typeof%20params.slidesPerView%20%3D%3D%3D%20%27number%27%29%20return%20params.slidesPerView%3B%0A%20%20if%20%28params.centeredSlides%29%20%7B%0A%20%20let%20slideSize%20%3D%20slides%5BactiveIndex%5D%20%3F%20Math.ceil%28slides%5BactiveIndex%5D.swiperSlideSize%29%20%3A%200%3B%0A%20%20let%20breakLoop%3B%0A%20%20for%28let%20i1%20%3D%20activeIndex%20%2B%201%3B%20i1%20%3C%20slides.length%3B%20i1%20%2B%3D%201%29%7B%0A%20%20if%20%28slides%5Bi1%5D%20%26%26%20%21breakLoop%29%20%7B%0A%20%20slideSize%20%2B%3D%20Math.ceil%28slides%5Bi1%5D.swiperSlideSize%29%3B%0A%20%20spv%20%2B%3D%201%3B%0A%20%20if%20%28slideSize%20%3E%20swiperSize%29%20breakLoop%20%3D%20true%3B%0A%20%20%7D%0A%20%20%7D%0A%20%20for%28let%20i1%20%3D%20activeIndex%20-%201%3B%20i1%20%3E%3D%200%3B%20i1%20-%3D%201%29%7B%0A%20%20if%20%28slides%5Bi1%5D%20%26%26%20%21breakLoop%29%20%7B%0A%20%20slideSize%20%2B%3D%20slides%5Bi1%5D.swiperSlideSize%3B%0A%20%20spv%20%2B%3D%201%3B%0A%20%20if%20%28slideSize%20%3E%20swiperSize%29%20breakLoop%20%3D%20true%3B%0A%20%20%7D%0A%20%20%7D%0A%20%20%7D%20else%20%7B%0A%20%20%2F%2F%20eslint-disable-next-line%0A%20%20if%20%28view%20%3D%3D%3D%20%27current%27%29%20%7B%0A%20%20for%28let%20i1%20%3D%20activeIndex%20%2B%201%3B%20i1%20%3C%20slides.length%3B%20i1%20%2B%3D%201%29%7B%0A%20%20const%20slideInView%20%3D%20exact%20%3F%20slidesGrid%5Bi1%5D%20%2B%20slidesSizesGrid%5Bi1%5D%20-%20slidesGrid%5BactiveIndex%5D%20%3C%20swiperSize%20%3A%20slidesGrid%5Bi1%5D%20-%20slidesGrid%5BactiveIndex%5D%20%3C%20swiperSize%3B%0A%20%20if%20%28slideInView%29%20%7B%0A%20%20spv%20%2B%3D%201%3B%0A%20%20%7D%0A%20%20%7D%0A%20%20%7D%20else%20%7B%0A%20%20%2F%2F%20previous%0A%20%20for%28let%20i1%20%3D%20activeIndex%20-%201%3B%20i1%20%3E%3D%200%3B%20i1%20-%3D%201%29%7B%0A%20%20const%20slideInView%20%3D%20slidesGrid%5BactiveIndex%5D%20-%20slidesGrid%5Bi1%5D%20%3C%20swiperSize%3B%0A%20%20if%20%28slideInView%29%20%7B%0A%20%20spv%20%2B%3D%201%3B%0A%20%20%7D%0A%20%20%7D%0A%20%20%7D%0A%20%20%7D%0A%20%20return%20spv%3B%0A%20%20%7D%0A%20%20update%28%29%20%7B%0A%20%20const%20swiper%20%3D%20this%3B%0A%20%20if%20%28%21swiper%20%7C%7C%20swiper.destroyed%29%20return%3B%0A%20%20const%20%7B%20snapGrid%2C%20params%20%7D%20%3D%20swiper%3B%0A%20%20%2F%2F%20Breakpoints%0A%20%20if%20%28params.breakpoints%29%20%7B%0A%20%20swiper.setBreakpoint%28%29%3B%0A%20%20%7D%0A%20%20%5B%0A%20%20...swiper.el.querySelectorAll%28%27%5Bloading%3D%22lazy%22%5D%27%29%0A%20%20%5D.forEach%28%28imageEl%29%3D%3E%7B%0A%20%20if%20%28imageEl.complete%29%20%7B%0A%20%20processLazyPreloader%28swiper%2C%20imageEl%29%3B%0A%20%20%7D%0A%20%20%7D%29%3B%0A%20%20swiper.updateSize%28%29%3B%0A%20%20swiper.updateSlides%28%29%3B%0A%20%20swiper.updateProgress%28%29%3B%0A%20%20swiper.updateSlidesClasses%28%29%3B%0A%20%20function%20setTranslate%28%29%20%7B%0A%20%20const%20translateValue%20%3D%20swiper.rtlTranslate%20%3F%20swiper.translate%20%2A%20-1%20%3A%20swiper.translate%3B%0A%20%20const%20newTranslate%20%3D%20Math.min%28Math.max%28translateValue%2C%20swiper.maxTranslate%28%29%29%2C%20swiper.minTranslate%28%29%29%3B%0A%20%20swiper.setTranslate%28newTranslate%29%3B%0A%20%20swiper.updateActiveIndex%28%29%3B%0A%20%20swiper.updateSlidesClasses%28%29%3B%0A%20%20%7D%0A%20%20let%20translated%3B%0A%20%20if%20%28params.freeMode%20%26%26%20params.freeMode.enabled%20%26%26%20%21params.cssMode%29%20%7B%0A%20%20setTranslate%28%29%3B%0A%20%20if%20%28params.autoHeight%29%20%7B%0A%20%20swiper.updateAutoHeight%28%29%3B%0A%20%20%7D%0A%20%20%7D%20else%20%7B%0A%20%20if%20%28%28params.slidesPerView%20%3D%3D%3D%20%27auto%27%20%7C%7C%20params.slidesPerView%20%3E%201%29%20%26%26%20swiper.isEnd%20%26%26%20%21params.centeredSlides%29%20%7B%0A%20%20const%20slides%20%3D%20swiper.virtual%20%26%26%20params.virtual.enabled%20%3F%20swiper.virtual.slides%20%3A%20swiper.slides%3B%0A%20%20translated%20%3D%20swiper.slideTo%28slides.length%20-%201%2C%200%2C%20false%2C%20true%29%3B%0A%20%20%7D%20else%20%7B%0A%20%20translated%20%3D%20swiper.slideTo%28swiper.activeIndex%2C%200%2C%20false%2C%20true%29%3B%0A%20%20%7D%0A%20%20if%20%28%21translated%29%20%7B%0A%20%20setTranslate%28%29%3B%0A%20%20%7D%0A%20%20%7D%0A%20%20if%20%28params.watchOverflow%20%26%26%20snapGrid%20%21%3D%3D%20swiper.snapGrid%29%20%7B%0A%20%20swiper.checkOverflow%28%29%3B%0A%20%20%7D%0A%20%20swiper.emit%28%27update%27%29%3B%0A%20%20%7D%0A%20%20changeDirection%28newDirection%2C%20needUpdate%20%3D%20true%29%20%7B%0A%20%20const%20swiper%20%3D%20this%3B%0A%20%20const%20currentDirection%20%3D%20swiper.params.direction%3B%0A%20%20if%20%28%21newDirection%29%20%7B%0A%20%20%2F%2F%20eslint-disable-next-line%0A%20%20newDirection%20%3D%20currentDirection%20%3D%3D%3D%20%27horizontal%27%20%3F%20%27vertical%27%20%3A%20%27horizontal%27%3B%0A%20%20%7D%0A%20%20if%20%28newDirection%20%3D%3D%3D%20currentDirection%20%7C%7C%20newDirection%20%21%3D%3D%20%27horizontal%27%20%26%26%20newDirection%20%21%3D%3D%20%27vertical%27%29%20%7B%0A%20%20return%20swiper%3B%0A%20%20%7D%0A%20%20swiper.el.classList.remove%28%60%24%7Bswiper.params.containerModifierClass%7D%24%7BcurrentDirection%7D%60%29%3B%0A%20%20swiper.el.classList.add%28%60%24%7Bswiper.params.containerModifierClass%7D%24%7BnewDirection%7D%60%29%3B%0A%20%20swiper.emitContainerClasses%28%29%3B%0A%20%20swiper.params.direction%20%3D%20newDirection%3B%0A%20%20swiper.slides.forEach%28%28slideEl%29%3D%3E%7B%0A%20%20if%20%28newDirection%20%3D%3D%3D%20%27vertical%27%29%20%7B%0A%20%20slideEl.style.width%20%3D%20%27%27%3B%0A%20%20%7D%20else%20%7B%0A%20%20slideEl.style.height%20%3D%20%27%27%3B%0A%20%20%7D%0A%20%20%7D%29%3B%0A%20%20swiper.emit%28%27changeDirection%27%29%3B%0A%20%20if%20%28needUpdate%29%20swiper.update%28%29%3B%0A%20%20return%20swiper%3B%0A%20%20%7D%0A%20%20changeLanguageDirection%28direction%29%20%7B%0A%20%20const%20swiper%20%3D%20this%3B%0A%20%20if%20%28swiper.rtl%20%26%26%20direction%20%3D%3D%3D%20%27rtl%27%20%7C%7C%20%21swiper.rtl%20%26%26%20direction%20%3D%3D%3D%20%27ltr%27%29%20return%3B%0A%20%20swiper.rtl%20%3D%20direction%20%3D%3D%3D%20%27rtl%27%3B%0A%20%20swiper.rtlTranslate%20%3D%20swiper.params.direction%20%3D%3D%3D%20%27horizontal%27%20%26%26%20swiper.rtl%3B%0A%20%20if%20%28swiper.rtl%29%20%7B%0A%20%20swiper.el.classList.add%28%60%24%7Bswiper.params.containerModifierClass%7Drtl%60%29%3B%0A%20%20swiper.el.dir%20%3D%20%27rtl%27%3B%0A%20%20%7D%20else%20%7B%0A%20%20swiper.el.classList.remove%28%60%24%7Bswiper.params.containerModifierClass%7Drtl%60%29%3B%0A%20%20swiper.el.dir%20%3D%20%27ltr%27%3B%0A%20%20%7D%0A%20%20swiper.update%28%29%3B%0A%20%20%7D%0A%20%20mount%28element%29%20%7B%0A%20%20const%20swiper%20%3D%20this%3B%0A%20%20if%20%28swiper.mounted%29%20return%20true%3B%0A%20%20%2F%2F%20Find%20el%0A%20%20let%20el%20%3D%20element%20%7C%7C%20swiper.params.el%3B%0A%20%20if%20%28typeof%20el%20%3D%3D%3D%20%27string%27%29%20%7B%0A%20%20el%20%3D%20document.querySelector%28el%29%3B%0A%20%20%7D%0A%20%20if%20%28%21el%29%20%7B%0A%20%20return%20false%3B%0A%20%20%7D%0A%20%20el.swiper%20%3D%20swiper%3B%0A%20%20if%20%28el.parentNode%20%26%26%20el.parentNode.host%20%26%26%20el.parentNode.host.nodeName%20%3D%3D%3D%20swiper.params.swiperElementNodeName.toUpperCase%28%29%29%20%7B%0A%20%20swiper.isElement%20%3D%20true%3B%0A%20%20%7D%0A%20%20const%20getWrapperSelector%20%3D%20%28%29%3D%3E%7B%0A%20%20return%20%60.%24%7B%28swiper.params.wrapperClass%20%7C%7C%20%27%27%29.trim%28%29.split%28%27%20%27%29.join%28%27.%27%29%7D%60%3B%0A%20%20%7D%3B%0A%20%20const%20getWrapper%20%3D%20%28%29%3D%3E%7B%0A%20%20if%20%28el%20%26%26%20el.shadowRoot%20%26%26%20el.shadowRoot.querySelector%29%20%7B%0A%20%20const%20res%20%3D%20el.shadowRoot.querySelector%28getWrapperSelector%28%29%29%3B%0A%20%20%2F%2F%20Children%20needs%20to%20return%20slot%20items%0A%20%20return%20res%3B%0A%20%20%7D%0A%20%20return%20elementChildren%28el%2C%20getWrapperSelector%28%29%29%5B0%5D%3B%0A%20%20%7D%3B%0A%20%20%2F%2F%20Find%20Wrapper%0A%20%20let%20wrapperEl%20%3D%20getWrapper%28%29%3B%0A%20%20if%20%28%21wrapperEl%20%26%26%20swiper.params.createElements%29%20%7B%0A%20%20wrapperEl%20%3D%20createElement%28%27div%27%2C%20swiper.params.wrapperClass%29%3B%0A%20%20el.append%28wrapperEl%29%3B%0A%20%20elementChildren%28el%2C%20%60.%24%7Bswiper.params.slideClass%7D%60%29.forEach%28%28slideEl%29%3D%3E%7B%0A%20%20wrapperEl.append%28slideEl%29%3B%0A%20%20%7D%29%3B%0A%20%20%7D%0A%20%20Object.assign%28swiper%2C%20%7B%0A%20%20el%2C%0A%20%20wrapperEl%2C%0A%20%20slidesEl%3A%20swiper.isElement%20%26%26%20%21el.parentNode.host.slideSlots%20%3F%20el.parentNode.host%20%3A%20wrapperEl%2C%0A%20%20hostEl%3A%20swiper.isElement%20%3F%20el.parentNode.host%20%3A%20el%2C%0A%20%20mounted%3A%20true%2C%0A%20%20%2F%2F%20RTL%0A%20%20rtl%3A%20el.dir.toLowerCase%28%29%20%3D%3D%3D%20%27rtl%27%20%7C%7C%20elementStyle%28el%2C%20%27direction%27%29%20%3D%3D%3D%20%27rtl%27%2C%0A%20%20rtlTranslate%3A%20swiper.params.direction%20%3D%3D%3D%20%27horizontal%27%20%26%26%20%28el.dir.toLowerCase%28%29%20%3D%3D%3D%20%27rtl%27%20%7C%7C%20elementStyle%28el%2C%20%27direction%27%29%20%3D%3D%3D%20%27rtl%27%29%2C%0A%20%20wrongRTL%3A%20elementStyle%28wrapperEl%2C%20%27display%27%29%20%3D%3D%3D%20%27-webkit-box%27%0A%20%20%7D%29%3B%0A%20%20return%20true%3B%0A%20%20%7D%0A%20%20init%28el%29%20%7B%0A%20%20const%20swiper%20%3D%20this%3B%0A%20%20if%20%28swiper.initialized%29%20return%20swiper%3B%0A%20%20const%20mounted%20%3D%20swiper.mount%28el%29%3B%0A%20%20if%20%28mounted%20%3D%3D%3D%20false%29%20return%20swiper%3B%0A%20%20swiper.emit%28%27beforeInit%27%29%3B%0A%20%20%2F%2F%20Set%20breakpoint%0A%20%20if%20%28swiper.params.breakpoints%29%20%7B%0A%20%20swiper.setBreakpoint%28%29%3B%0A%20%20%7D%0A%20%20%2F%2F%20Add%20Classes%0A%20%20swiper.addClasses%28%29%3B%0A%20%20%2F%2F%20Update%20size%0A%20%20swiper.updateSize%28%29%3B%0A%20%20%2F%2F%20Update%20slides%0A%20%20swiper.updateSlides%28%29%3B%0A%20%20if%20%28swiper.params.watchOverflow%29%20%7B%0A%20%20swiper.checkOverflow%28%29%3B%0A%20%20%7D%0A%20%20%2F%2F%20Set%20Grab%20Cursor%0A%20%20if%20%28swiper.params.grabCursor%20%26%26%20swiper.enabled%29%20%7B%0A%20%20swiper.setGrabCursor%28%29%3B%0A%20%20%7D%0A%20%20%2F%2F%20Slide%20To%20Initial%20Slide%0A%20%20if%20%28swiper.params.loop%20%26%26%20swiper.virtual%20%26%26%20swiper.params.virtual.enabled%29%20%7B%0A%20%20swiper.slideTo%28swiper.params.initialSlide%20%2B%20swiper.virtual.slidesBefore%2C%200%2C%20swiper.params.runCallbacksOnInit%2C%20false%2C%20true%29%3B%0A%20%20%7D%20else%20%7B%0A%20%20swiper.slideTo%28swiper.params.initialSlide%2C%200%2C%20swiper.params.runCallbacksOnInit%2C%20false%2C%20true%29%3B%0A%20%20%7D%0A%20%20%2F%2F%20Create%20loop%0A%20%20if%20%28swiper.params.loop%29%20%7B%0A%20%20swiper.loopCreate%28undefined%2C%20true%29%3B%0A%20%20%7D%0A%20%20%2F%2F%20Attach%20events%0A%20%20swiper.attachEvents%28%29%3B%0A%20%20const%20lazyElements%20%3D%20%5B%0A%20%20...swiper.el.querySelectorAll%28%27%5Bloading%3D%22lazy%22%5D%27%29%0A%20%20%5D%3B%0A%20%20if%20%28swiper.isElement%29%20%7B%0A%20%20lazyElements.push%28...swiper.hostEl.querySelectorAll%28%27%5Bloading%3D%22lazy%22%5D%27%29%29%3B%0A%20%20%7D%0A%20%20lazyElements.forEach%28%28imageEl%29%3D%3E%7B%0A%20%20if%20%28imageEl.complete%29%20%7B%0A%20%20processLazyPreloader%28swiper%2C%20imageEl%29%3B%0A%20%20%7D%20else%20%7B%0A%20%20imageEl.addEventListener%28%27load%27%2C%20%28e1%29%3D%3E%7B%0A%20%20processLazyPreloader%28swiper%2C%20e1.target%29%3B%0A%20%20%7D%29%3B%0A%20%20%7D%0A%20%20%7D%29%3B%0A%20%20preload%28swiper%29%3B%0A%20%20%2F%2F%20Init%20Flag%0A%20%20swiper.initialized%20%3D%20true%3B%0A%20%20preload%28swiper%29%3B%0A%20%20%2F%2F%20Emit%0A%20%20swiper.emit%28%27init%27%29%3B%0A%20%20swiper.emit%28%27afterInit%27%29%3B%0A%20%20return%20swiper%3B%0A%20%20%7D%0A%20%20destroy%28deleteInstance%20%3D%20true%2C%20cleanStyles%20%3D%20true%29%20%7B%0A%20%20const%20swiper%20%3D%20this%3B%0A%20%20const%20%7B%20params%2C%20el%2C%20wrapperEl%2C%20slides%20%7D%20%3D%20swiper%3B%0A%20%20if%20%28typeof%20swiper.params%20%3D%3D%3D%20%27undefined%27%20%7C%7C%20swiper.destroyed%29%20%7B%0A%20%20return%20null%3B%0A%20%20%7D%0A%20%20swiper.emit%28%27beforeDestroy%27%29%3B%0A%20%20%2F%2F%20Init%20Flag%0A%20%20swiper.initialized%20%3D%20false%3B%0A%20%20%2F%2F%20Detach%20events%0A%20%20swiper.detachEvents%28%29%3B%0A%20%20%2F%2F%20Destroy%20loop%0A%20%20if%20%28params.loop%29%20%7B%0A%20%20swiper.loopDestroy%28%29%3B%0A%20%20%7D%0A%20%20%2F%2F%20Cleanup%20styles%0A%20%20if%20%28cleanStyles%29%20%7B%0A%20%20swiper.removeClasses%28%29%3B%0A%20%20if%20%28el%20%26%26%20typeof%20el%20%21%3D%3D%20%27string%27%29%20%7B%0A%20%20el.removeAttribute%28%27style%27%29%3B%0A%20%20%7D%0A%20%20if%20%28wrapperEl%29%20%7B%0A%20%20wrapperEl.removeAttribute%28%27style%27%29%3B%0A%20%20%7D%0A%20%20if%20%28slides%20%26%26%20slides.length%29%20%7B%0A%20%20slides.forEach%28%28slideEl%29%3D%3E%7B%0A%20%20slideEl.classList.remove%28params.slideVisibleClass%2C%20params.slideFullyVisibleClass%2C%20params.slideActiveClass%2C%20params.slideNextClass%2C%20params.slidePrevClass%29%3B%0A%20%20slideEl.removeAttribute%28%27style%27%29%3B%0A%20%20slideEl.removeAttribute%28%27data-swiper-slide-index%27%29%3B%0A%20%20%7D%29%3B%0A%20%20%7D%0A%20%20%7D%0A%20%20swiper.emit%28%27destroy%27%29%3B%0A%20%20%2F%2F%20Detach%20emitter%20events%0A%20%20Object.keys%28swiper.eventsListeners%29.forEach%28%28eventName%29%3D%3E%7B%0A%20%20swiper.off%28eventName%29%3B%0A%20%20%7D%29%3B%0A%20%20if%20%28deleteInstance%20%21%3D%3D%20false%29%20%7B%0A%20%20if%20%28swiper.el%20%26%26%20typeof%20swiper.el%20%21%3D%3D%20%27string%27%29%20%7B%0A%20%20swiper.el.swiper%20%3D%20null%3B%0A%20%20%7D%0A%20%20deleteProps%28swiper%29%3B%0A%20%20%7D%0A%20%20swiper.destroyed%20%3D%20true%3B%0A%20%20return%20null%3B%0A%20%20%7D%0A%20%20static%20extendDefaults%28newDefaults%29%20%7B%0A%20%20extend1%28extendedDefaults%2C%20newDefaults%29%3B%0A%20%20%7D%0A%20%20static%20get%20extendedDefaults%28%29%20%7B%0A%20%20return%20extendedDefaults%3B%0A%20%20%7D%0A%20%20static%20get%20defaults%28%29%20%7B%0A%20%20return%20defaults%3B%0A%20%20%7D%0A%20%20static%20installModule%28mod%29%20%7B%0A%20%20if%20%28%21Swiper.prototype.__modules__%29%20Swiper.prototype.__modules__%20%3D%20%5B%5D%3B%0A%20%20const%20modules%20%3D%20Swiper.prototype.__modules__%3B%0A%20%20if%20%28typeof%20mod%20%3D%3D%3D%20%27function%27%20%26%26%20modules.indexOf%28mod%29%20%3C%200%29%20%7B%0A%20%20modules.push%28mod%29%3B%0A%20%20%7D%0A%20%20%7D%0A%20%20static%20use%28module%29%20%7B%0A%20%20if%20%28Array.isArray%28module%29%29%20%7B%0A%20%20module.forEach%28%28m%29%3D%3ESwiper.installModule%28m%29%29%3B%0A%20%20return%20Swiper%3B%0A%20%20%7D%0A%20%20Swiper.installModule%28module%29%3B%0A%20%20return%20Swiper%3B%0A%20%20%7D%0A%20%20%7D%0A%20%20Object.keys%28prototypes%29.forEach%28%28prototypeGroup%29%3D%3E%7B%0A%20%20Object.keys%28prototypes%5BprototypeGroup%5D%29.forEach%28%28protoMethod%29%3D%3E%7B%0A%20%20Swiper.prototype%5BprotoMethod%5D%20%3D%20prototypes%5BprototypeGroup%5D%5BprotoMethod%5D%3B%0A%20%20%7D%29%3B%0A%20%20%7D%29%3B%0A%20%20Swiper.use%28%5B%0A%20%20Resize%2C%0A%20%20Observer%0A%20%20%5D%29%3B%0A%20%20%3B%0A%20%20%3B%0A%20%20%2F%2A%20underscore%20in%20name%20-%3E%20watch%20for%20changes%20%2A%2F%20const%20paramsList%20%3D%20%5B%0A%20%20%27eventsPrefix%27%2C%0A%20%20%27injectStyles%27%2C%0A%20%20%27injectStylesUrls%27%2C%0A%20%20%27modules%27%2C%0A%20%20%27init%27%2C%0A%20%20%27_direction%27%2C%0A%20%20%27oneWayMovement%27%2C%0A%20%20%27swiperElementNodeName%27%2C%0A%20%20%27touchEventsTarget%27%2C%0A%20%20%27initialSlide%27%2C%0A%20%20%27_speed%27%2C%0A%20%20%27cssMode%27%2C%0A%20%20%27updateOnWindowResize%27%2C%0A%20%20%27resizeObserver%27%2C%0A%20%20%27nested%27%2C%0A%20%20%27focusableElements%27%2C%0A%20%20%27_enabled%27%2C%0A%20%20%27_width%27%2C%0A%20%20%27_height%27%2C%0A%20%20%27preventInteractionOnTransition%27%2C%0A%20%20%27userAgent%27%2C%0A%20%20%27url%27%2C%0A%20%20%27_edgeSwipeDetection%27%2C%0A%20%20%27_edgeSwipeThreshold%27%2C%0A%20%20%27_freeMode%27%2C%0A%20%20%27_autoHeight%27%2C%0A%20%20%27setWrapperSize%27%2C%0A%20%20%27virtualTranslate%27%2C%0A%20%20%27_effect%27%2C%0A%20%20%27breakpoints%27%2C%0A%20%20%27breakpointsBase%27%2C%0A%20%20%27_spaceBetween%27%2C%0A%20%20%27_slidesPerView%27%2C%0A%20%20%27maxBackfaceHiddenSlides%27%2C%0A%20%20%27_grid%27%2C%0A%20%20%27_slidesPerGroup%27%2C%0A%20%20%27_slidesPerGroupSkip%27%2C%0A%20%20%27_slidesPerGroupAuto%27%2C%0A%20%20%27_centeredSlides%27%2C%0A%20%20%27_centeredSlidesBounds%27%2C%0A%20%20%27_slidesOffsetBefore%27%2C%0A%20%20%27_slidesOffsetAfter%27%2C%0A%20%20%27normalizeSlideIndex%27%2C%0A%20%20%27_centerInsufficientSlides%27%2C%0A%20%20%27_snapToSlideEdge%27%2C%0A%20%20%27_watchOverflow%27%2C%0A%20%20%27roundLengths%27%2C%0A%20%20%27touchRatio%27%2C%0A%20%20%27touchAngle%27%2C%0A%20%20%27simulateTouch%27%2C%0A%20%20%27_shortSwipes%27%2C%0A%20%20%27_longSwipes%27%2C%0A%20%20%27longSwipesRatio%27%2C%0A%20%20%27longSwipesMs%27%2C%0A%20%20%27_followFinger%27%2C%0A%20%20%27allowTouchMove%27%2C%0A%20%20%27_threshold%27%2C%0A%20%20%27touchMoveStopPropagation%27%2C%0A%20%20%27touchStartPreventDefault%27%2C%0A%20%20%27touchStartForcePreventDefault%27%2C%0A%20%20%27touchReleaseOnEdges%27%2C%0A%20%20%27uniqueNavElements%27%2C%0A%20%20%27_resistance%27%2C%0A%20%20%27_resistanceRatio%27%2C%0A%20%20%27_watchSlidesProgress%27%2C%0A%20%20%27_grabCursor%27%2C%0A%20%20%27preventClicks%27%2C%0A%20%20%27preventClicksPropagation%27%2C%0A%20%20%27_slideToClickedSlide%27%2C%0A%20%20%27_loop%27%2C%0A%20%20%27loopAdditionalSlides%27%2C%0A%20%20%27loopAddBlankSlides%27%2C%0A%20%20%27loopPreventsSliding%27%2C%0A%20%20%27_rewind%27%2C%0A%20%20%27_allowSlidePrev%27%2C%0A%20%20%27_allowSlideNext%27%2C%0A%20%20%27_swipeHandler%27%2C%0A%20%20%27_noSwiping%27%2C%0A%20%20%27noSwipingClass%27%2C%0A%20%20%27noSwipingSelector%27%2C%0A%20%20%27passiveListeners%27%2C%0A%20%20%27containerModifierClass%27%2C%0A%20%20%27slideClass%27%2C%0A%20%20%27slideActiveClass%27%2C%0A%20%20%27slideVisibleClass%27%2C%0A%20%20%27slideFullyVisibleClass%27%2C%0A%20%20%27slideNextClass%27%2C%0A%20%20%27slidePrevClass%27%2C%0A%20%20%27slideBlankClass%27%2C%0A%20%20%27wrapperClass%27%2C%0A%20%20%27lazyPreloaderClass%27%2C%0A%20%20%27lazyPreloadPrevNext%27%2C%0A%20%20%27runCallbacksOnInit%27%2C%0A%20%20%27observer%27%2C%0A%20%20%27observeParents%27%2C%0A%20%20%27observeSlideChildren%27%2C%0A%20%20%2F%2F%20modules%0A%20%20%27a11y%27%2C%0A%20%20%27_autoplay%27%2C%0A%20%20%27_controller%27%2C%0A%20%20%27coverflowEffect%27%2C%0A%20%20%27cubeEffect%27%2C%0A%20%20%27fadeEffect%27%2C%0A%20%20%27flipEffect%27%2C%0A%20%20%27creativeEffect%27%2C%0A%20%20%27cardsEffect%27%2C%0A%20%20%27hashNavigation%27%2C%0A%20%20%27history%27%2C%0A%20%20%27keyboard%27%2C%0A%20%20%27mousewheel%27%2C%0A%20%20%27_navigation%27%2C%0A%20%20%27_pagination%27%2C%0A%20%20%27parallax%27%2C%0A%20%20%27_scrollbar%27%2C%0A%20%20%27_thumbs%27%2C%0A%20%20%27virtual%27%2C%0A%20%20%27zoom%27%2C%0A%20%20%27control%27%0A%20%20%5D%3B%0A%20%20function%20isObject2%28o%29%20%7B%0A%20%20return%20typeof%20o%20%3D%3D%3D%20%27object%27%20%26%26%20o%20%21%3D%3D%20null%20%26%26%20o.constructor%20%26%26%20Object.prototype.toString.call%28o%29.slice%288%2C%20-1%29%20%3D%3D%3D%20%27Object%27%20%26%26%20%21o.__swiper__%3B%0A%20%20%7D%0A%20%20function%20extend2%28target%2C%20src%29%20%7B%0A%20%20const%20noExtend%20%3D%20%5B%0A%20%20%27__proto__%27%2C%0A%20%20%27constructor%27%2C%0A%20%20%27prototype%27%0A%20%20%5D%3B%0A%20%20Object.keys%28src%29.filter%28%28key%29%3D%3EnoExtend.indexOf%28key%29%20%3C%200%29.forEach%28%28key%29%3D%3E%7B%0A%20%20if%20%28typeof%20target%5Bkey%5D%20%3D%3D%3D%20%27undefined%27%29%20target%5Bkey%5D%20%3D%20src%5Bkey%5D%3B%0A%20%20else%20if%20%28isObject2%28src%5Bkey%5D%29%20%26%26%20isObject2%28target%5Bkey%5D%29%20%26%26%20Object.keys%28src%5Bkey%5D%29.length%20%3E%200%29%20%7B%0A%20%20if%20%28src%5Bkey%5D.__swiper__%29%20target%5Bkey%5D%20%3D%20src%5Bkey%5D%3B%0A%20%20else%20extend2%28target%5Bkey%5D%2C%20src%5Bkey%5D%29%3B%0A%20%20%7D%20else%20%7B%0A%20%20target%5Bkey%5D%20%3D%20src%5Bkey%5D%3B%0A%20%20%7D%0A%20%20%7D%29%3B%0A%20%20%7D%0A%20%20function%20needsNavigation%28params%20%3D%20%7B%7D%29%20%7B%0A%20%20return%20params.navigation%20%26%26%20typeof%20params.navigation.nextEl%20%3D%3D%3D%20%27undefined%27%20%26%26%20typeof%20params.navigation.prevEl%20%3D%3D%3D%20%27undefined%27%3B%0A%20%20%7D%0A%20%20function%20needsPagination%28params%20%3D%20%7B%7D%29%20%7B%0A%20%20return%20params.pagination%20%26%26%20typeof%20params.pagination.el%20%3D%3D%3D%20%27undefined%27%3B%0A%20%20%7D%0A%20%20function%20needsScrollbar%28params%20%3D%20%7B%7D%29%20%7B%0A%20%20return%20params.scrollbar%20%26%26%20typeof%20params.scrollbar.el%20%3D%3D%3D%20%27undefined%27%3B%0A%20%20%7D%0A%20%20function%20uniqueClasses%28classNames%20%3D%20%27%27%29%20%7B%0A%20%20const%20classes%20%3D%20classNames.split%28%27%20%27%29.map%28%28c%29%3D%3Ec.trim%28%29%29.filter%28%28c%29%3D%3E%21%21c%29%3B%0A%20%20const%20unique%20%3D%20%5B%5D%3B%0A%20%20classes.forEach%28%28c%29%3D%3E%7B%0A%20%20if%20%28unique.indexOf%28c%29%20%3C%200%29%20unique.push%28c%29%3B%0A%20%20%7D%29%3B%0A%20%20return%20unique.join%28%27%20%27%29%3B%0A%20%20%7D%0A%20%20function%20attrToProp%28attrName%20%3D%20%27%27%29%20%7B%0A%20%20return%20attrName.replace%28%2F-%5Ba-z%5D%2Fg%2C%20%28l%29%3D%3El.toUpperCase%28%29.replace%28%27-%27%2C%20%27%27%29%29%3B%0A%20%20%7D%0A%20%20function%20wrapperClass%28className%20%3D%20%27%27%29%20%7B%0A%20%20if%20%28%21className%29%20return%20%27swiper-wrapper%27%3B%0A%20%20if%20%28%21className.includes%28%27swiper-wrapper%27%29%29%20return%20%60swiper-wrapper%20%24%7BclassName%7D%60%3B%0A%20%20return%20className%3B%0A%20%20%7D%0A%20%20function%20updateSwiper%28%7B%20swiper%2C%20slides%2C%20passedParams%2C%20changedParams%2C%20nextEl%2C%20prevEl%2C%20scrollbarEl%2C%20paginationEl%20%7D%29%20%7B%0A%20%20const%20updateParams%20%3D%20changedParams.filter%28%28key%29%3D%3Ekey%20%21%3D%3D%20%27children%27%20%26%26%20key%20%21%3D%3D%20%27direction%27%20%26%26%20key%20%21%3D%3D%20%27wrapperClass%27%29%3B%0A%20%20const%20%7B%20params%3A%20currentParams%2C%20pagination%2C%20navigation%2C%20scrollbar%2C%20virtual%2C%20thumbs%20%7D%20%3D%20swiper%3B%0A%20%20let%20needThumbsInit%3B%0A%20%20let%20needControllerInit%3B%0A%20%20let%20needPaginationInit%3B%0A%20%20let%20needScrollbarInit%3B%0A%20%20let%20needNavigationInit%3B%0A%20%20let%20loopNeedDestroy%3B%0A%20%20let%20loopNeedEnable%3B%0A%20%20let%20loopNeedReloop%3B%0A%20%20if%20%28changedParams.includes%28%27thumbs%27%29%20%26%26%20passedParams.thumbs%20%26%26%20passedParams.thumbs.swiper%20%26%26%20%21passedParams.thumbs.swiper.destroyed%20%26%26%20currentParams.thumbs%20%26%26%20%28%21currentParams.thumbs.swiper%20%7C%7C%20currentParams.thumbs.swiper.destroyed%29%29%20%7B%0A%20%20needThumbsInit%20%3D%20true%3B%0A%20%20%7D%0A%20%20if%20%28changedParams.includes%28%27controller%27%29%20%26%26%20passedParams.controller%20%26%26%20passedParams.controller.control%20%26%26%20currentParams.controller%20%26%26%20%21currentParams.controller.control%29%20%7B%0A%20%20needControllerInit%20%3D%20true%3B%0A%20%20%7D%0A%20%20if%20%28changedParams.includes%28%27pagination%27%29%20%26%26%20passedParams.pagination%20%26%26%20%28passedParams.pagination.el%20%7C%7C%20paginationEl%29%20%26%26%20%28currentParams.pagination%20%7C%7C%20currentParams.pagination%20%3D%3D%3D%20false%29%20%26%26%20pagination%20%26%26%20%21pagination.el%29%20%7B%0A%20%20needPaginationInit%20%3D%20true%3B%0A%20%20%7D%0A%20%20if%20%28changedParams.includes%28%27scrollbar%27%29%20%26%26%20passedParams.scrollbar%20%26%26%20%28passedParams.scrollbar.el%20%7C%7C%20scrollbarEl%29%20%26%26%20%28currentParams.scrollbar%20%7C%7C%20currentParams.scrollbar%20%3D%3D%3D%20false%29%20%26%26%20scrollbar%20%26%26%20%21scrollbar.el%29%20%7B%0A%20%20needScrollbarInit%20%3D%20true%3B%0A%20%20%7D%0A%20%20if%20%28changedParams.includes%28%27navigation%27%29%20%26%26%20passedParams.navigation%20%26%26%20%28passedParams.navigation.prevEl%20%7C%7C%20prevEl%29%20%26%26%20%28passedParams.navigation.nextEl%20%7C%7C%20nextEl%29%20%26%26%20%28currentParams.navigation%20%7C%7C%20currentParams.navigation%20%3D%3D%3D%20false%29%20%26%26%20navigation%20%26%26%20%21navigation.prevEl%20%26%26%20%21navigation.nextEl%29%20%7B%0A%20%20needNavigationInit%20%3D%20true%3B%0A%20%20%7D%0A%20%20const%20destroyModule%20%3D%20%28mod%29%3D%3E%7B%0A%20%20if%20%28%21swiper%5Bmod%5D%29%20return%3B%0A%20%20swiper%5Bmod%5D.destroy%28%29%3B%0A%20%20if%20%28mod%20%3D%3D%3D%20%27navigation%27%29%20%7B%0A%20%20if%20%28swiper.isElement%29%20%7B%0A%20%20swiper%5Bmod%5D.prevEl.remove%28%29%3B%0A%20%20swiper%5Bmod%5D.nextEl.remove%28%29%3B%0A%20%20%7D%0A%20%20currentParams%5Bmod%5D.prevEl%20%3D%20undefined%3B%0A%20%20currentParams%5Bmod%5D.nextEl%20%3D%20undefined%3B%0A%20%20swiper%5Bmod%5D.prevEl%20%3D%20undefined%3B%0A%20%20swiper%5Bmod%5D.nextEl%20%3D%20undefined%3B%0A%20%20%7D%20else%20%7B%0A%20%20if%20%28swiper.isElement%29%20%7B%0A%20%20swiper%5Bmod%5D.el.remove%28%29%3B%0A%20%20%7D%0A%20%20currentParams%5Bmod%5D.el%20%3D%20undefined%3B%0A%20%20swiper%5Bmod%5D.el%20%3D%20undefined%3B%0A%20%20%7D%0A%20%20%7D%3B%0A%20%20if%20%28changedParams.includes%28%27loop%27%29%20%26%26%20swiper.isElement%29%20%7B%0A%20%20if%20%28currentParams.loop%20%26%26%20%21passedParams.loop%29%20%7B%0A%20%20loopNeedDestroy%20%3D%20true%3B%0A%20%20%7D%20else%20if%20%28%21currentParams.loop%20%26%26%20passedParams.loop%29%20%7B%0A%20%20loopNeedEnable%20%3D%20true%3B%0A%20%20%7D%20else%20%7B%0A%20%20loopNeedReloop%20%3D%20true%3B%0A%20%20%7D%0A%20%20%7D%0A%20%20updateParams.forEach%28%28key%29%3D%3E%7B%0A%20%20if%20%28isObject2%28currentParams%5Bkey%5D%29%20%26%26%20isObject2%28passedParams%5Bkey%5D%29%29%20%7B%0A%20%20Object.assign%28currentParams%5Bkey%5D%2C%20passedParams%5Bkey%5D%29%3B%0A%20%20if%20%28%28key%20%3D%3D%3D%20%27navigation%27%20%7C%7C%20key%20%3D%3D%3D%20%27pagination%27%20%7C%7C%20key%20%3D%3D%3D%20%27scrollbar%27%29%20%26%26%20%27enabled%27%20in%20passedParams%5Bkey%5D%20%26%26%20%21passedParams%5Bkey%5D.enabled%29%20%7B%0A%20%20destroyModule%28key%29%3B%0A%20%20%7D%0A%20%20%7D%20else%20%7B%0A%20%20const%20newValue%20%3D%20passedParams%5Bkey%5D%3B%0A%20%20if%20%28%28newValue%20%3D%3D%3D%20true%20%7C%7C%20newValue%20%3D%3D%3D%20false%29%20%26%26%20%28key%20%3D%3D%3D%20%27navigation%27%20%7C%7C%20key%20%3D%3D%3D%20%27pagination%27%20%7C%7C%20key%20%3D%3D%3D%20%27scrollbar%27%29%29%20%7B%0A%20%20if%20%28newValue%20%3D%3D%3D%20false%29%20%7B%0A%20%20destroyModule%28key%29%3B%0A%20%20%7D%0A%20%20%7D%20else%20%7B%0A%20%20currentParams%5Bkey%5D%20%3D%20passedParams%5Bkey%5D%3B%0A%20%20%7D%0A%20%20%7D%0A%20%20%7D%29%3B%0A%20%20if%20%28updateParams.includes%28%27controller%27%29%20%26%26%20%21needControllerInit%20%26%26%20swiper.controller%20%26%26%20swiper.controller.control%20%26%26%20currentParams.controller%20%26%26%20currentParams.controller.control%29%20%7B%0A%20%20swiper.controller.control%20%3D%20currentParams.controller.control%3B%0A%20%20%7D%0A%20%20if%20%28changedParams.includes%28%27children%27%29%20%26%26%20slides%20%26%26%20virtual%20%26%26%20currentParams.virtual.enabled%29%20%7B%0A%20%20virtual.slides%20%3D%20slides%3B%0A%20%20virtual.update%28true%29%3B%0A%20%20%7D%20else%20if%20%28changedParams.includes%28%27virtual%27%29%20%26%26%20virtual%20%26%26%20currentParams.virtual.enabled%29%20%7B%0A%20%20if%20%28slides%29%20virtual.slides%20%3D%20slides%3B%0A%20%20virtual.update%28true%29%3B%0A%20%20%7D%0A%20%20if%20%28changedParams.includes%28%27children%27%29%20%26%26%20slides%20%26%26%20currentParams.loop%29%20%7B%0A%20%20loopNeedReloop%20%3D%20true%3B%0A%20%20%7D%0A%20%20if%20%28needThumbsInit%29%20%7B%0A%20%20const%20initialized%20%3D%20thumbs.init%28%29%3B%0A%20%20if%20%28initialized%29%20thumbs.update%28true%29%3B%0A%20%20%7D%0A%20%20if%20%28needControllerInit%29%20%7B%0A%20%20swiper.controller.control%20%3D%20currentParams.controller.control%3B%0A%20%20%7D%0A%20%20if%20%28needPaginationInit%29%20%7B%0A%20%20if%20%28swiper.isElement%20%26%26%20%28%21paginationEl%20%7C%7C%20typeof%20paginationEl%20%3D%3D%3D%20%27string%27%29%29%20%7B%0A%20%20paginationEl%20%3D%20document.createElement%28%27div%27%29%3B%0A%20%20paginationEl.classList.add%28%27swiper-pagination%27%29%3B%0A%20%20paginationEl.part.add%28%27pagination%27%29%3B%0A%20%20swiper.el.appendChild%28paginationEl%29%3B%0A%20%20%7D%0A%20%20if%20%28paginationEl%29%20currentParams.pagination.el%20%3D%20paginationEl%3B%0A%20%20pagination.init%28%29%3B%0A%20%20pagination.render%28%29%3B%0A%20%20pagination.update%28%29%3B%0A%20%20%7D%0A%20%20if%20%28needScrollbarInit%29%20%7B%0A%20%20if%20%28swiper.isElement%20%26%26%20%28%21scrollbarEl%20%7C%7C%20typeof%20scrollbarEl%20%3D%3D%3D%20%27string%27%29%29%20%7B%0A%20%20scrollbarEl%20%3D%20document.createElement%28%27div%27%29%3B%0A%20%20scrollbarEl.classList.add%28%27swiper-scrollbar%27%29%3B%0A%20%20scrollbarEl.part.add%28%27scrollbar%27%29%3B%0A%20%20swiper.el.appendChild%28scrollbarEl%29%3B%0A%20%20%7D%0A%20%20if%20%28scrollbarEl%29%20currentParams.scrollbar.el%20%3D%20scrollbarEl%3B%0A%20%20scrollbar.init%28%29%3B%0A%20%20scrollbar.updateSize%28%29%3B%0A%20%20scrollbar.setTranslate%28%29%3B%0A%20%20%7D%0A%20%20if%20%28needNavigationInit%29%20%7B%0A%20%20if%20%28swiper.isElement%29%20%7B%0A%20%20if%20%28%21nextEl%20%7C%7C%20typeof%20nextEl%20%3D%3D%3D%20%27string%27%29%20%7B%0A%20%20nextEl%20%3D%20document.createElement%28%27div%27%29%3B%0A%20%20nextEl.classList.add%28%27swiper-button-next%27%29%3B%0A%20%20setInnerHTML%28nextEl%2C%20swiper.navigation.arrowSvg%29%3B%0A%20%20nextEl.part.add%28%27button-next%27%29%3B%0A%20%20swiper.el.appendChild%28nextEl%29%3B%0A%20%20%7D%0A%20%20if%20%28%21prevEl%20%7C%7C%20typeof%20prevEl%20%3D%3D%3D%20%27string%27%29%20%7B%0A%20%20prevEl%20%3D%20document.createElement%28%27div%27%29%3B%0A%20%20prevEl.classList.add%28%27swiper-button-prev%27%29%3B%0A%20%20setInnerHTML%28prevEl%2C%20swiper.navigation.arrowSvg%29%3B%0A%20%20prevEl.part.add%28%27button-prev%27%29%3B%0A%20%20swiper.el.appendChild%28prevEl%29%3B%0A%20%20%7D%0A%20%20%7D%0A%20%20if%20%28nextEl%29%20currentParams.navigation.nextEl%20%3D%20nextEl%3B%0A%20%20if%20%28prevEl%29%20currentParams.navigation.prevEl%20%3D%20prevEl%3B%0A%20%20navigation.init%28%29%3B%0A%20%20navigation.update%28%29%3B%0A%20%20%7D%0A%20%20if%20%28changedParams.includes%28%27allowSlideNext%27%29%29%20%7B%0A%20%20swiper.allowSlideNext%20%3D%20passedParams.allowSlideNext%3B%0A%20%20%7D%0A%20%20if%20%28changedParams.includes%28%27allowSlidePrev%27%29%29%20%7B%0A%20%20swiper.allowSlidePrev%20%3D%20passedParams.allowSlidePrev%3B%0A%20%20%7D%0A%20%20if%20%28changedParams.includes%28%27direction%27%29%29%20%7B%0A%20%20swiper.changeDirection%28passedParams.direction%2C%20false%29%3B%0A%20%20%7D%0A%20%20if%20%28loopNeedDestroy%20%7C%7C%20loopNeedReloop%29%20%7B%0A%20%20swiper.loopDestroy%28%29%3B%0A%20%20%7D%0A%20%20if%20%28loopNeedEnable%20%7C%7C%20loopNeedReloop%29%20%7B%0A%20%20swiper.loopCreate%28%29%3B%0A%20%20%7D%0A%20%20swiper.update%28%29%3B%0A%20%20%7D%0A%20%20%3B%0A%20%20%3B%0A%20%20%3B%0A%20%20function%20getParams%28obj%20%3D%20%7B%7D%2C%20splitEvents%20%3D%20true%29%20%7B%0A%20%20const%20params%20%3D%20%7B%0A%20%20on%3A%20%7B%7D%0A%20%20%7D%3B%0A%20%20const%20events%20%3D%20%7B%7D%3B%0A%20%20const%20passedParams%20%3D%20%7B%7D%3B%0A%20%20extend2%28params%2C%20defaults%29%3B%0A%20%20params._emitClasses%20%3D%20true%3B%0A%20%20params.init%20%3D%20false%3B%0A%20%20const%20rest%20%3D%20%7B%7D%3B%0A%20%20const%20allowedParams%20%3D%20paramsList.map%28%28key%29%3D%3Ekey.replace%28%2F_%2F%2C%20%27%27%29%29%3B%0A%20%20const%20plainObj%20%3D%20Object.assign%28%7B%7D%2C%20obj%29%3B%0A%20%20Object.keys%28plainObj%29.forEach%28%28key%29%3D%3E%7B%0A%20%20if%20%28typeof%20obj%5Bkey%5D%20%3D%3D%3D%20%27undefined%27%29%20return%3B%0A%20%20if%20%28allowedParams.indexOf%28key%29%20%3E%3D%200%29%20%7B%0A%20%20if%20%28isObject2%28obj%5Bkey%5D%29%29%20%7B%0A%20%20params%5Bkey%5D%20%3D%20%7B%7D%3B%0A%20%20passedParams%5Bkey%5D%20%3D%20%7B%7D%3B%0A%20%20extend2%28params%5Bkey%5D%2C%20obj%5Bkey%5D%29%3B%0A%20%20extend2%28passedParams%5Bkey%5D%2C%20obj%5Bkey%5D%29%3B%0A%20%20%7D%20else%20%7B%0A%20%20params%5Bkey%5D%20%3D%20obj%5Bkey%5D%3B%0A%20%20passedParams%5Bkey%5D%20%3D%20obj%5Bkey%5D%3B%0A%20%20%7D%0A%20%20%7D%20else%20if%20%28key.search%28%2Fon%5BA-Z%5D%2F%29%20%3D%3D%3D%200%20%26%26%20typeof%20obj%5Bkey%5D%20%3D%3D%3D%20%27function%27%29%20%7B%0A%20%20if%20%28splitEvents%29%20%7B%0A%20%20events%5B%60%24%7Bkey%5B2%5D.toLowerCase%28%29%7D%24%7Bkey.substr%283%29%7D%60%5D%20%3D%20obj%5Bkey%5D%3B%0A%20%20%7D%20else%20%7B%0A%20%20params.on%5B%60%24%7Bkey%5B2%5D.toLowerCase%28%29%7D%24%7Bkey.substr%283%29%7D%60%5D%20%3D%20obj%5Bkey%5D%3B%0A%20%20%7D%0A%20%20%7D%20else%20%7B%0A%20%20rest%5Bkey%5D%20%3D%20obj%5Bkey%5D%3B%0A%20%20%7D%0A%20%20%7D%29%3B%0A%20%20%5B%0A%20%20%27navigation%27%2C%0A%20%20%27pagination%27%2C%0A%20%20%27scrollbar%27%0A%20%20%5D.forEach%28%28key%29%3D%3E%7B%0A%20%20if%20%28params%5Bkey%5D%20%3D%3D%3D%20true%29%20params%5Bkey%5D%20%3D%20%7B%7D%3B%0A%20%20if%20%28params%5Bkey%5D%20%3D%3D%3D%20false%29%20delete%20params%5Bkey%5D%3B%0A%20%20%7D%29%3B%0A%20%20return%20%7B%0A%20%20params%2C%0A%20%20passedParams%2C%0A%20%20rest%2C%0A%20%20events%0A%20%20%7D%3B%0A%20%20%7D%0A%20%20function%20mountSwiper%28%7B%20el%2C%20nextEl%2C%20prevEl%2C%20paginationEl%2C%20scrollbarEl%2C%20swiper%20%7D%2C%20swiperParams%29%20%7B%0A%20%20if%20%28needsNavigation%28swiperParams%29%20%26%26%20nextEl%20%26%26%20prevEl%29%20%7B%0A%20%20swiper.params.navigation.nextEl%20%3D%20nextEl%3B%0A%20%20swiper.originalParams.navigation.nextEl%20%3D%20nextEl%3B%0A%20%20swiper.params.navigation.prevEl%20%3D%20prevEl%3B%0A%20%20swiper.originalParams.navigation.prevEl%20%3D%20prevEl%3B%0A%20%20%7D%0A%20%20if%20%28needsPagination%28swiperParams%29%20%26%26%20paginationEl%29%20%7B%0A%20%20swiper.params.pagination.el%20%3D%20paginationEl%3B%0A%20%20swiper.originalParams.pagination.el%20%3D%20paginationEl%3B%0A%20%20%7D%0A%20%20if%20%28needsScrollbar%28swiperParams%29%20%26%26%20scrollbarEl%29%20%7B%0A%20%20swiper.params.scrollbar.el%20%3D%20scrollbarEl%3B%0A%20%20swiper.originalParams.scrollbar.el%20%3D%20scrollbarEl%3B%0A%20%20%7D%0A%20%20swiper.init%28el%29%3B%0A%20%20%7D%0A%20%20function%20getChangedParams%28swiperParams%2C%20oldParams%2C%20children%2C%20oldChildren%2C%20getKey%29%20%7B%0A%20%20const%20keys%20%3D%20%5B%5D%3B%0A%20%20if%20%28%21oldParams%29%20return%20keys%3B%0A%20%20const%20addKey%20%3D%20%28key%29%3D%3E%7B%0A%20%20if%20%28keys.indexOf%28key%29%20%3C%200%29%20keys.push%28key%29%3B%0A%20%20%7D%3B%0A%20%20if%20%28children%20%26%26%20oldChildren%29%20%7B%0A%20%20const%20oldChildrenKeys%20%3D%20oldChildren.map%28getKey%29%3B%0A%20%20const%20childrenKeys%20%3D%20children.map%28getKey%29%3B%0A%20%20if%20%28oldChildrenKeys.join%28%27%27%29%20%21%3D%3D%20childrenKeys.join%28%27%27%29%29%20addKey%28%27children%27%29%3B%0A%20%20if%20%28oldChildren.length%20%21%3D%3D%20children.length%29%20addKey%28%27children%27%29%3B%0A%20%20%7D%0A%20%20const%20watchParams%20%3D%20paramsList.filter%28%28key%29%3D%3Ekey%5B0%5D%20%3D%3D%3D%20%27_%27%29.map%28%28key%29%3D%3Ekey.replace%28%2F_%2F%2C%20%27%27%29%29%3B%0A%20%20watchParams.forEach%28%28key%29%3D%3E%7B%0A%20%20if%20%28key%20in%20swiperParams%20%26%26%20key%20in%20oldParams%29%20%7B%0A%20%20if%20%28isObject2%28swiperParams%5Bkey%5D%29%20%26%26%20isObject2%28oldParams%5Bkey%5D%29%29%20%7B%0A%20%20const%20newKeys%20%3D%20Object.keys%28swiperParams%5Bkey%5D%29%3B%0A%20%20const%20oldKeys%20%3D%20Object.keys%28oldParams%5Bkey%5D%29%3B%0A%20%20if%20%28newKeys.length%20%21%3D%3D%20oldKeys.length%29%20%7B%0A%20%20addKey%28key%29%3B%0A%20%20%7D%20else%20%7B%0A%20%20newKeys.forEach%28%28newKey%29%3D%3E%7B%0A%20%20if%20%28swiperParams%5Bkey%5D%5BnewKey%5D%20%21%3D%3D%20oldParams%5Bkey%5D%5BnewKey%5D%29%20%7B%0A%20%20addKey%28key%29%3B%0A%20%20%7D%0A%20%20%7D%29%3B%0A%20%20oldKeys.forEach%28%28oldKey%29%3D%3E%7B%0A%20%20if%20%28swiperParams%5Bkey%5D%5BoldKey%5D%20%21%3D%3D%20oldParams%5Bkey%5D%5BoldKey%5D%29%20addKey%28key%29%3B%0A%20%20%7D%29%3B%0A%20%20%7D%0A%20%20%7D%20else%20if%20%28swiperParams%5Bkey%5D%20%21%3D%3D%20oldParams%5Bkey%5D%29%20%7B%0A%20%20addKey%28key%29%3B%0A%20%20%7D%0A%20%20%7D%0A%20%20%7D%29%3B%0A%20%20return%20keys%3B%0A%20%20%7D%0A%20%20const%20updateOnVirtualData%20%3D%20%28swiper%29%3D%3E%7B%0A%20%20if%20%28%21swiper%20%7C%7C%20swiper.destroyed%20%7C%7C%20%21swiper.params.virtual%20%7C%7C%20swiper.params.virtual%20%26%26%20%21swiper.params.virtual.enabled%29%20return%3B%0A%20%20swiper.updateSlides%28%29%3B%0A%20%20swiper.updateProgress%28%29%3B%0A%20%20swiper.updateSlidesClasses%28%29%3B%0A%20%20swiper.emit%28%27_virtualUpdated%27%29%3B%0A%20%20if%20%28swiper.parallax%20%26%26%20swiper.params.parallax%20%26%26%20swiper.params.parallax.enabled%29%20%7B%0A%20%20swiper.parallax.setTranslate%28%29%3B%0A%20%20%7D%0A%20%20%7D%3B%0A%20%20%3B%0A%20%20%3B%0A%20%20%3B%0A%20%20%3B%0A%20%20%3B%0A%20%20function%20_extends%28%29%20%7B%0A%20%20_extends%20%3D%20%28%22TURBOPACK%20compile-time%20truthy%22%2C%201%29%20%3F%20Object.assign.bind%28%29%20%3A%20%22TURBOPACK%20unreachable%22%3B%0A%20%20return%20_extends.apply%28this%2C%20arguments%29%3B%0A%20%20%7D%0A%20%20function%20isChildSwiperSlide%28child%29%20%7B%0A%20%20return%20child.type%20%26%26%20child.type.displayName%20%26%26%20child.type.displayName.includes%28%27SwiperSlide%27%29%3B%0A%20%20%7D%0A%20%20function%20processChildren%28c%29%20%7B%0A%20%20const%20slides%20%3D%20%5B%5D%3B%0A%20%20__TURBOPACK__imported__module__72131__5%5B%22default%22%5D.Children.toArray%28c%29.forEach%28%28child%29%3D%3E%7B%0A%20%20if%20%28isChildSwiperSlide%28child%29%29%20%7B%0A%20%20slides.push%28child%29%3B%0A%20%20%7D%20else%20if%20%28child.props%20%26%26%20child.props.children%29%20%7B%0A%20%20processChildren%28child.props.children%29.forEach%28%28slide%29%3D%3Eslides.push%28slide%29%29%3B%0A%20%20%7D%0A%20%20%7D%29%3B%0A%20%20return%20slides%3B%0A%20%20%7D%0A%20%20function%20getChildren%28c%29%20%7B%0A%20%20const%20slides%20%3D%20%5B%5D%3B%0A%20%20const%20slots%20%3D%20%7B%0A%20%20%27container-start%27%3A%20%5B%5D%2C%0A%20%20%27container-end%27%3A%20%5B%5D%2C%0A%20%20%27wrapper-start%27%3A%20%5B%5D%2C%0A%20%20%27wrapper-end%27%3A%20%5B%5D%0A%20%20%7D%3B%0A%20%20__TURBOPACK__imported__module__72131__5%5B%22default%22%5D.Children.toArray%28c%29.forEach%28%28child%29%3D%3E%7B%0A%20%20if%20%28isChildSwiperSlide%28child%29%29%20%7B%0A%20%20slides.push%28child%29%3B%0A%20%20%7D%20else%20if%20%28child.props%20%26%26%20child.props.slot%20%26%26%20slots%5Bchild.props.slot%5D%29%20%7B%0A%20%20slots%5Bchild.props.slot%5D.push%28child%29%3B%0A%20%20%7D%20else%20if%20%28child.props%20%26%26%20child.props.children%29%20%7B%0A%20%20const%20foundSlides%20%3D%20processChildren%28child.props.children%29%3B%0A%20%20if%20%28foundSlides.length%20%3E%200%29%20%7B%0A%20%20foundSlides.forEach%28%28slide%29%3D%3Eslides.push%28slide%29%29%3B%0A%20%20%7D%20else%20%7B%0A%20%20slots%5B%27container-end%27%5D.push%28child%29%3B%0A%20%20%7D%0A%20%20%7D%20else%20%7B%0A%20%20slots%5B%27container-end%27%5D.push%28child%29%3B%0A%20%20%7D%0A%20%20%7D%29%3B%0A%20%20return%20%7B%0A%20%20slides%2C%0A%20%20slots%0A%20%20%7D%3B%0A%20%20%7D%0A%20%20function%20renderVirtual%28swiper%2C%20slides%2C%20virtualData%29%20%7B%0A%20%20if%20%28%21virtualData%29%20return%20null%3B%0A%20%20const%20getSlideIndex%20%3D%20%28index%29%3D%3E%7B%0A%20%20let%20slideIndex%20%3D%20index%3B%0A%20%20if%20%28index%20%3C%200%29%20%7B%0A%20%20slideIndex%20%3D%20slides.length%20%2B%20index%3B%0A%20%20%7D%20else%20if%20%28slideIndex%20%3E%3D%20slides.length%29%20%7B%0A%20%20%2F%2F%20eslint-disable-next-line%0A%20%20slideIndex%20%3D%20slideIndex%20-%20slides.length%3B%0A%20%20%7D%0A%20%20return%20slideIndex%3B%0A%20%20%7D%3B%0A%20%20const%20style%20%3D%20swiper.isHorizontal%28%29%20%3F%20%7B%0A%20%20%5Bswiper.rtlTranslate%20%3F%20%27right%27%20%3A%20%27left%27%5D%3A%20%60%24%7BvirtualData.offset%7Dpx%60%0A%20%20%7D%20%3A%20%7B%0A%20%20top%3A%20%60%24%7BvirtualData.offset%7Dpx%60%0A%20%20%7D%3B%0A%20%20const%20%7B%20from%2C%20to%20%7D%20%3D%20virtualData%3B%0A%20%20const%20loopFrom%20%3D%20swiper.params.loop%20%3F%20-slides.length%20%3A%200%3B%0A%20%20const%20loopTo%20%3D%20swiper.params.loop%20%3F%20slides.length%20%2A%202%20%3A%20slides.length%3B%0A%20%20const%20slidesToRender%20%3D%20%5B%5D%3B%0A%20%20for%28let%20i%20%3D%20loopFrom%3B%20i%20%3C%20loopTo%3B%20i%20%2B%3D%201%29%7B%0A%20%20if%20%28i%20%3E%3D%20from%20%26%26%20i%20%3C%3D%20to%29%20%7B%0A%20%20slidesToRender.push%28slides%5BgetSlideIndex%28i%29%5D%29%3B%0A%20%20%7D%0A%20%20%7D%0A%20%20return%20slidesToRender.map%28%28child%2C%20index%29%3D%3E%7B%0A%20%20return%20%2F%2A%23__PURE__%2A%2F%20__TURBOPACK__imported__module__72131__5%5B%22default%22%5D.cloneElement%28child%2C%20%7B%0A%20%20swiper%2C%0A%20%20style%2C%0A%20%20key%3A%20child.props.virtualIndex%20%7C%7C%20child.key%20%7C%7C%20%60slide-%24%7Bindex%7D%60%0A%20%20%7D%29%3B%0A%20%20%7D%29%3B%0A%20%20%7D%0A%20%20function%20useIsomorphicLayoutEffect%28callback%2C%20deps%29%20%7B%0A%20%20%2F%2F%20eslint-disable-next-line%0A%20%20if%20%28%22TURBOPACK%20compile-time%20truthy%22%2C%201%29%20return%20%280%2C%20__TURBOPACK__imported__module__72131__5%5B%22useEffect%22%5D%29%28callback%2C%20deps%29%3B%0A%20%20%2F%2FTURBOPACK%20unreachable%0A%20%20%3B%0A%20%20%7D%0A%20%20const%20SwiperSlideContext%20%3D%20%2F%2A%23__PURE__%2A%2F%20%280%2C%20__TURBOPACK__imported__module__72131__5%5B%22createContext%22%5D%29%28null%29%3B%0A%20%20const%20useSwiperSlide%20%3D%20%28%29%3D%3E%7B%0A%20%20return%20%280%2C%20__TURBOPACK__imported__module__72131__5%5B%22useContext%22%5D%29%28SwiperSlideContext%29%3B%0A%20%20%7D%3B%0A%20%20const%20SwiperContext%20%3D%20%2F%2A%23__PURE__%2A%2F%20%280%2C%20__TURBOPACK__imported__module__72131__5%5B%22createContext%22%5D%29%28null%29%3B%0A%20%20const%20useSwiper%20%3D%20%28%29%3D%3E%7B%0A%20%20return%20%280%2C%20__TURBOPACK__imported__module__72131__5%5B%22useContext%22%5D%29%28SwiperContext%29%3B%0A%20%20%7D%3B%0A%20%20const%20Swiper1%20%3D%20%2F%2A%23__PURE__%2A%2F%20%280%2C%20__TURBOPACK__imported__module__72131__5%5B%22forwardRef%22%5D%29%28%28%7B%20className%2C%20tag%3A%20Tag%20%3D%20%27div%27%2C%20wrapperTag%3A%20WrapperTag%20%3D%20%27div%27%2C%20children%2C%20onSwiper%2C%20...rest%20%7D%20%3D%20%7B%7D%2C%20externalElRef%29%3D%3E%7B%0A%20%20let%20eventsAssigned%20%3D%20false%3B%0A%20%20const%20%5BcontainerClasses%2C%20setContainerClasses%5D%20%3D%20%280%2C%20__TURBOPACK__imported__module__72131__5%5B%22useState%22%5D%29%28%27swiper%27%29%3B%0A%20%20const%20%5BvirtualData%2C%20setVirtualData%5D%20%3D%20%280%2C%20__TURBOPACK__imported__module__72131__5%5B%22useState%22%5D%29%28null%29%3B%0A%20%20const%20%5BbreakpointChanged%2C%20setBreakpointChanged%5D%20%3D%20%280%2C%20__TURBOPACK__imported__module__72131__5%5B%22useState%22%5D%29%28false%29%3B%0A%20%20const%20initializedRef%20%3D%20%280%2C%20__TURBOPACK__imported__module__72131__5%5B%22useRef%22%5D%29%28false%29%3B%0A%20%20const%20swiperElRef%20%3D%20%280%2C%20__TURBOPACK__imported__module__72131__5%5B%22useRef%22%5D%29%28null%29%3B%0A%20%20const%20swiperRef%20%3D%20%280%2C%20__TURBOPACK__imported__module__72131__5%5B%22useRef%22%5D%29%28null%29%3B%0A%20%20const%20oldPassedParamsRef%20%3D%20%280%2C%20__TURBOPACK__imported__module__72131__5%5B%22useRef%22%5D%29%28null%29%3B%0A%20%20const%20oldSlides%20%3D%20%280%2C%20__TURBOPACK__imported__module__72131__5%5B%22useRef%22%5D%29%28null%29%3B%0A%20%20const%20nextElRef%20%3D%20%280%2C%20__TURBOPACK__imported__module__72131__5%5B%22useRef%22%5D%29%28null%29%3B%0A%20%20const%20prevElRef%20%3D%20%280%2C%20__TURBOPACK__imported__module__72131__5%5B%22useRef%22%5D%29%28null%29%3B%0A%20%20const%20paginationElRef%20%3D%20%280%2C%20__TURBOPACK__imported__module__72131__5%5B%22useRef%22%5D%29%28null%29%3B%0A%20%20const%20scrollbarElRef%20%3D%20%280%2C%20__TURBOPACK__imported__module__72131__5%5B%22useRef%22%5D%29%28null%29%3B%0A%20%20const%20%7B%20params%3A%20swiperParams%2C%20passedParams%2C%20rest%3A%20restProps%2C%20events%20%7D%20%3D%20getParams%28rest%29%3B%0A%20%20const%20%7B%20slides%2C%20slots%20%7D%20%3D%20getChildren%28children%29%3B%0A%20%20const%20onBeforeBreakpoint%20%3D%20%28%29%3D%3E%7B%0A%20%20setBreakpointChanged%28%21breakpointChanged%29%3B%0A%20%20%7D%3B%0A%20%20Object.assign%28swiperParams.on%2C%20%7B%0A%20%20_containerClasses%20%28swiper%2C%20classes%29%20%7B%0A%20%20setContainerClasses%28classes%29%3B%0A%20%20%7D%0A%20%20%7D%29%3B%0A%20%20const%20initSwiper%20%3D%20%28%29%3D%3E%7B%0A%20%20%2F%2F%20init%20swiper%0A%20%20Object.assign%28swiperParams.on%2C%20events%29%3B%0A%20%20eventsAssigned%20%3D%20true%3B%0A%20%20const%20passParams%20%3D%20%7B%0A%20%20...swiperParams%0A%20%20%7D%3B%0A%20%20delete%20passParams.wrapperClass%3B%0A%20%20swiperRef.current%20%3D%20new%20Swiper%28passParams%29%3B%0A%20%20if%20%28swiperRef.current.virtual%20%26%26%20swiperRef.current.params.virtual.enabled%29%20%7B%0A%20%20swiperRef.current.virtual.slides%20%3D%20slides%3B%0A%20%20const%20extendWith%20%3D%20%7B%0A%20%20cache%3A%20false%2C%0A%20%20slides%2C%0A%20%20renderExternal%3A%20setVirtualData%2C%0A%20%20renderExternalUpdate%3A%20false%0A%20%20%7D%3B%0A%20%20extend2%28swiperRef.current.params.virtual%2C%20extendWith%29%3B%0A%20%20extend2%28swiperRef.current.originalParams.virtual%2C%20extendWith%29%3B%0A%20%20%7D%0A%20%20%7D%3B%0A%20%20if%20%28%21swiperElRef.current%29%20%7B%0A%20%20initSwiper%28%29%3B%0A%20%20%7D%0A%20%20%2F%2F%20Listen%20for%20breakpoints%20change%0A%20%20if%20%28swiperRef.current%29%20%7B%0A%20%20swiperRef.current.on%28%27_beforeBreakpoint%27%2C%20onBeforeBreakpoint%29%3B%0A%20%20%7D%0A%20%20const%20attachEvents%20%3D%20%28%29%3D%3E%7B%0A%20%20if%20%28eventsAssigned%20%7C%7C%20%21events%20%7C%7C%20%21swiperRef.current%29%20return%3B%0A%20%20Object.keys%28events%29.forEach%28%28eventName%29%3D%3E%7B%0A%20%20swiperRef.current.on%28eventName%2C%20events%5BeventName%5D%29%3B%0A%20%20%7D%29%3B%0A%20%20%7D%3B%0A%20%20const%20detachEvents%20%3D%20%28%29%3D%3E%7B%0A%20%20if%20%28%21events%20%7C%7C%20%21swiperRef.current%29%20return%3B%0A%20%20Object.keys%28events%29.forEach%28%28eventName%29%3D%3E%7B%0A%20%20swiperRef.current.off%28eventName%2C%20events%5BeventName%5D%29%3B%0A%20%20%7D%29%3B%0A%20%20%7D%3B%0A%20%20%280%2C%20__TURBOPACK__imported__module__72131__5%5B%22useEffect%22%5D%29%28%28%29%3D%3E%7B%0A%20%20return%20%28%29%3D%3E%7B%0A%20%20if%20%28swiperRef.current%29%20swiperRef.current.off%28%27_beforeBreakpoint%27%2C%20onBeforeBreakpoint%29%3B%0A%20%20%7D%3B%0A%20%20%7D%29%3B%0A%20%20%2F%2F%20set%20initialized%20flag%0A%20%20%280%2C%20__TURBOPACK__imported__module__72131__5%5B%22useEffect%22%5D%29%28%28%29%3D%3E%7B%0A%20%20if%20%28%21initializedRef.current%20%26%26%20swiperRef.current%29%20%7B%0A%20%20swiperRef.current.emitSlidesClasses%28%29%3B%0A%20%20initializedRef.current%20%3D%20true%3B%0A%20%20%7D%0A%20%20%7D%29%3B%0A%20%20%2F%2F%20mount%20swiper%0A%20%20useIsomorphicLayoutEffect%28%28%29%3D%3E%7B%0A%20%20if%20%28externalElRef%29%20%7B%0A%20%20externalElRef.current%20%3D%20swiperElRef.current%3B%0A%20%20%7D%0A%20%20if%20%28%21swiperElRef.current%29%20return%3B%0A%20%20if%20%28swiperRef.current.destroyed%29%20%7B%0A%20%20initSwiper%28%29%3B%0A%20%20%7D%0A%20%20mountSwiper%28%7B%0A%20%20el%3A%20swiperElRef.current%2C%0A%20%20nextEl%3A%20nextElRef.current%2C%0A%20%20prevEl%3A%20prevElRef.current%2C%0A%20%20paginationEl%3A%20paginationElRef.current%2C%0A%20%20scrollbarEl%3A%20scrollbarElRef.current%2C%0A%20%20swiper%3A%20swiperRef.current%0A%20%20%7D%2C%20swiperParams%29%3B%0A%20%20if%20%28onSwiper%20%26%26%20%21swiperRef.current.destroyed%29%20onSwiper%28swiperRef.current%29%3B%0A%20%20%2F%2F%20eslint-disable-next-line%0A%20%20return%20%28%29%3D%3E%7B%0A%20%20if%20%28swiperRef.current%20%26%26%20%21swiperRef.current.destroyed%29%20%7B%0A%20%20swiperRef.current.destroy%28true%2C%20false%29%3B%0A%20%20%7D%0A%20%20%7D%3B%0A%20%20%7D%2C%20%5B%5D%29%3B%0A%20%20%2F%2F%20watch%20for%20params%20change%0A%20%20useIsomorphicLayoutEffect%28%28%29%3D%3E%7B%0A%20%20attachEvents%28%29%3B%0A%20%20const%20changedParams%20%3D%20getChangedParams%28passedParams%2C%20oldPassedParamsRef.current%2C%20slides%2C%20oldSlides.current%2C%20%28c%29%3D%3Ec.key%29%3B%0A%20%20oldPassedParamsRef.current%20%3D%20passedParams%3B%0A%20%20oldSlides.current%20%3D%20slides%3B%0A%20%20if%20%28changedParams.length%20%26%26%20swiperRef.current%20%26%26%20%21swiperRef.current.destroyed%29%20%7B%0A%20%20updateSwiper%28%7B%0A%20%20swiper%3A%20swiperRef.current%2C%0A%20%20slides%2C%0A%20%20passedParams%2C%0A%20%20changedParams%2C%0A%20%20nextEl%3A%20nextElRef.current%2C%0A%20%20prevEl%3A%20prevElRef.current%2C%0A%20%20scrollbarEl%3A%20scrollbarElRef.current%2C%0A%20%20paginationEl%3A%20paginationElRef.current%0A%20%20%7D%29%3B%0A%20%20%7D%0A%20%20return%20%28%29%3D%3E%7B%0A%20%20detachEvents%28%29%3B%0A%20%20%7D%3B%0A%20%20%7D%29%3B%0A%20%20%2F%2F%20update%20on%20virtual%20update%0A%20%20useIsomorphicLayoutEffect%28%28%29%3D%3E%7B%0A%20%20updateOnVirtualData%28swiperRef.current%29%3B%0A%20%20%7D%2C%20%5B%0A%20%20virtualData%0A%20%20%5D%29%3B%0A%20%20%2F%2F%20bypass%20swiper%20instance%20to%20slides%0A%20%20function%20renderSlides%28%29%20%7B%0A%20%20if%20%28swiperParams.virtual%29%20%7B%0A%20%20return%20renderVirtual%28swiperRef.current%2C%20slides%2C%20virtualData%29%3B%0A%20%20%7D%0A%20%20return%20slides.map%28%28child%2C%20index%29%3D%3E%7B%0A%20%20return%20%2F%2A%23__PURE__%2A%2F%20__TURBOPACK__imported__module__72131__5%5B%22default%22%5D.cloneElement%28child%2C%20%7B%0A%20%20swiper%3A%20swiperRef.current%2C%0A%20%20swiperSlideIndex%3A%20index%0A%20%20%7D%29%3B%0A%20%20%7D%29%3B%0A%20%20%7D%0A%20%20return%20%2F%2A%23__PURE__%2A%2F%20__TURBOPACK__imported__module__72131__5%5B%22default%22%5D.createElement%28Tag%2C%20_extends%28%7B%0A%20%20ref%3A%20swiperElRef%2C%0A%20%20className%3A%20uniqueClasses%28%60%24%7BcontainerClasses%7D%24%7BclassName%20%3F%20%60%20%24%7BclassName%7D%60%20%3A%20%27%27%7D%60%29%0A%20%20%7D%2C%20restProps%29%2C%20%2F%2A%23__PURE__%2A%2F%20__TURBOPACK__imported__module__72131__5%5B%22default%22%5D.createElement%28SwiperContext.Provider%2C%20%7B%0A%20%20value%3A%20swiperRef.current%0A%20%20%7D%2C%20slots%5B%27container-start%27%5D%2C%20%2F%2A%23__PURE__%2A%2F%20__TURBOPACK__imported__module__72131__5%5B%22default%22%5D.createElement%28WrapperTag%2C%20%7B%0A%20%20className%3A%20wrapperClass%28swiperParams.wrapperClass%29%0A%20%20%7D%2C%20slots%5B%27wrapper-start%27%5D%2C%20renderSlides%28%29%2C%20slots%5B%27wrapper-end%27%5D%29%2C%20needsNavigation%28swiperParams%29%20%26%26%20%2F%2A%23__PURE__%2A%2F%20__TURBOPACK__imported__module__72131__5%5B%22default%22%5D.createElement%28__TURBOPACK__imported__module__72131__5%5B%22default%22%5D.Fragment%2C%20null%2C%20%2F%2A%23__PURE__%2A%2F%20__TURBOPACK__imported__module__72131__5%5B%22default%22%5D.createElement%28%22div%22%2C%20%7B%0A%20%20ref%3A%20prevElRef%2C%0A%20%20className%3A%20%22swiper-button-prev%22%0A%20%20%7D%29%2C%20%2F%2A%23__PURE__%2A%2F%20__TURBOPACK__imported__module__72131__5%5B%22default%22%5D.createElement%28%22div%22%2C%20%7B%0A%20%20ref%3A%20nextElRef%2C%0A%20%20className%3A%20%22swiper-button-next%22%0A%20%20%7D%29%29%2C%20needsScrollbar%28swiperParams%29%20%26%26%20%2F%2A%23__PURE__%2A%2F%20__TURBOPACK__imported__module__72131__5%5B%22default%22%5D.createElement%28%22div%22%2C%20%7B%0A%20%20ref%3A%20scrollbarElRef%2C%0A%20%20className%3A%20%22swiper-scrollbar%22%0A%20%20%7D%29%2C%20needsPagination%28swiperParams%29%20%26%26%20%2F%2A%23__PURE__%2A%2F%20__TURBOPACK__imported__module__72131__5%5B%22default%22%5D.createElement%28%22div%22%2C%20%7B%0A%20%20ref%3A%20paginationElRef%2C%0A%20%20className%3A%20%22swiper-pagination%22%0A%20%20%7D%29%2C%20slots%5B%27container-end%27%5D%29%29%3B%0A%20%20%7D%29%3B%0A%20%20Swiper1.displayName%20%3D%20%27Swiper%27%3B%0A%20%20const%20SwiperSlide%20%3D%20%2F%2A%23__PURE__%2A%2F%20%280%2C%20__TURBOPACK__imported__module__72131__5%5B%22forwardRef%22%5D%29%28%28%7B%20tag%3A%20Tag%20%3D%20%27div%27%2C%20children%2C%20className%20%3D%20%27%27%2C%20swiper%2C%20zoom%2C%20lazy%2C%20virtualIndex%2C%20swiperSlideIndex%2C%20...rest%20%7D%20%3D%20%7B%7D%2C%20externalRef%29%3D%3E%7B%0A%20%20const%20slideElRef%20%3D%20%280%2C%20__TURBOPACK__imported__module__72131__5%5B%22useRef%22%5D%29%28null%29%3B%0A%20%20const%20%5BslideClasses%2C%20setSlideClasses%5D%20%3D%20%280%2C%20__TURBOPACK__imported__module__72131__5%5B%22useState%22%5D%29%28%27swiper-slide%27%29%3B%0A%20%20const%20%5BlazyLoaded%2C%20setLazyLoaded%5D%20%3D%20%280%2C%20__TURBOPACK__imported__module__72131__5%5B%22useState%22%5D%29%28false%29%3B%0A%20%20function%20updateClasses%28_s%2C%20el%2C%20classNames%29%20%7B%0A%20%20if%20%28el%20%3D%3D%3D%20slideElRef.current%29%20%7B%0A%20%20setSlideClasses%28classNames%29%3B%0A%20%20%7D%0A%20%20%7D%0A%20%20useIsomorphicLayoutEffect%28%28%29%3D%3E%7B%0A%20%20if%20%28typeof%20swiperSlideIndex%20%21%3D%3D%20%27undefined%27%29%20%7B%0A%20%20slideElRef.current.swiperSlideIndex%20%3D%20swiperSlideIndex%3B%0A%20%20%7D%0A%20%20if%20%28externalRef%29%20%7B%0A%20%20externalRef.current%20%3D%20slideElRef.current%3B%0A%20%20%7D%0A%20%20if%20%28%21slideElRef.current%20%7C%7C%20%21swiper%29%20%7B%0A%20%20return%3B%0A%20%20%7D%0A%20%20if%20%28swiper.destroyed%29%20%7B%0A%20%20if%20%28slideClasses%20%21%3D%3D%20%27swiper-slide%27%29%20%7B%0A%20%20setSlideClasses%28%27swiper-slide%27%29%3B%0A%20%20%7D%0A%20%20return%3B%0A%20%20%7D%0A%20%20swiper.on%28%27_slideClass%27%2C%20updateClasses%29%3B%0A%20%20%2F%2F%20eslint-disable-next-line%0A%20%20return%20%28%29%3D%3E%7B%0A%20%20if%20%28%21swiper%29%20return%3B%0A%20%20swiper.off%28%27_slideClass%27%2C%20updateClasses%29%3B%0A%20%20%7D%3B%0A%20%20%7D%29%3B%0A%20%20useIsomorphicLayoutEffect%28%28%29%3D%3E%7B%0A%20%20if%20%28swiper%20%26%26%20slideElRef.current%20%26%26%20%21swiper.destroyed%29%20%7B%0A%20%20setSlideClasses%28swiper.getSlideClasses%28slideElRef.current%29%29%3B%0A%20%20%7D%0A%20%20%7D%2C%20%5B%0A%20%20swiper%0A%20%20%5D%29%3B%0A%20%20const%20slideData%20%3D%20%7B%0A%20%20isActive%3A%20slideClasses.indexOf%28%27swiper-slide-active%27%29%20%3E%3D%200%2C%0A%20%20isVisible%3A%20slideClasses.indexOf%28%27swiper-slide-visible%27%29%20%3E%3D%200%2C%0A%20%20isPrev%3A%20slideClasses.indexOf%28%27swiper-slide-prev%27%29%20%3E%3D%200%2C%0A%20%20isNext%3A%20slideClasses.indexOf%28%27swiper-slide-next%27%29%20%3E%3D%200%0A%20%20%7D%3B%0A%20%20const%20renderChildren%20%3D%20%28%29%3D%3E%7B%0A%20%20return%20typeof%20children%20%3D%3D%3D%20%27function%27%20%3F%20children%28slideData%29%20%3A%20children%3B%0A%20%20%7D%3B%0A%20%20const%20onLoad%20%3D%20%28%29%3D%3E%7B%0A%20%20setLazyLoaded%28true%29%3B%0A%20%20%7D%3B%0A%20%20return%20%2F%2A%23__PURE__%2A%2F%20__TURBOPACK__imported__module__72131__5%5B%22default%22%5D.createElement%28Tag%2C%20_extends%28%7B%0A%20%20ref%3A%20slideElRef%2C%0A%20%20className%3A%20uniqueClasses%28%60%24%7BslideClasses%7D%24%7BclassName%20%3F%20%60%20%24%7BclassName%7D%60%20%3A%20%27%27%7D%60%29%2C%0A%20%20%22data-swiper-slide-index%22%3A%20virtualIndex%2C%0A%20%20onLoad%3A%20onLoad%0A%20%20%7D%2C%20rest%29%2C%20zoom%20%26%26%20%2F%2A%23__PURE__%2A%2F%20__TURBOPACK__imported__module__72131__5%5B%22default%22%5D.createElement%28SwiperSlideContext.Provider%2C%20%7B%0A%20%20value%3A%20slideData%0A%20%20%7D%2C%20%2F%2A%23__PURE__%2A%2F%20__TURBOPACK__imported__module__72131__5%5B%22default%22%5D.createElement%28%22div%22%2C%20%7B%0A%20%20className%3A%20%22swiper-zoom-container%22%2C%0A%20%20%22data-swiper-zoom%22%3A%20typeof%20zoom%20%3D%3D%3D%20%27number%27%20%3F%20zoom%20%3A%20undefined%0A%20%20%7D%2C%20renderChildren%28%29%2C%20lazy%20%26%26%20%21lazyLoaded%20%26%26%20%2F%2A%23__PURE__%2A%2F%20__TURBOPACK__imported__module__72131__5%5B%22default%22%5D.createElement%28%22div%22%2C%20%7B%0A%20%20className%3A%20%22swiper-lazy-preloader%22%2C%0A%20%20ref%3A%20%28node%29%3D%3E%7B%0A%20%20if%20%28node%29%20node.lazyPreloaderManaged%20%3D%20true%3B%0A%20%20%7D%0A%20%20%7D%29%29%29%2C%20%21zoom%20%26%26%20%2F%2A%23__PURE__%2A%2F%20__TURBOPACK__imported__module__72131__5%5B%22default%22%5D.createElement%28SwiperSlideContext.Provider%2C%20%7B%0A%20%20value%3A%20slideData%0A%20%20%7D%2C%20renderChildren%28%29%2C%20lazy%20%26%26%20%21lazyLoaded%20%26%26%20%2F%2A%23__PURE__%2A%2F%20__TURBOPACK__imported__module__72131__5%5B%22default%22%5D.createElement%28%22div%22%2C%20%7B%0A%20%20className%3A%20%22swiper-lazy-preloader%22%2C%0A%20%20ref%3A%20%28node%29%3D%3E%7B%0A%20%20if%20%28node%29%20node.lazyPreloaderManaged%20%3D%20true%3B%0A%20%20%7D%0A%20%20%7D%29%29%29%3B%0A%20%20%7D%29%3B%0A%20%20SwiperSlide.displayName%20%3D%20%27SwiperSlide%27%3B%0A%20%20%3B%0A%20%20%3B%0A%20%20%3B%0A%20%20function%20Virtual%28%7B%20swiper%2C%20extendParams%2C%20on%2C%20emit%20%7D%29%20%7B%0A%20%20extendParams%28%7B%0A%20%20virtual%3A%20%7B%0A%20%20enabled%3A%20false%2C%0A%20%20slides%3A%20%5B%5D%2C%0A%20%20cache%3A%20true%2C%0A%20%20slidesPerViewAutoSlideSize%3A%20320%2C%0A%20%20renderSlide%3A%20null%2C%0A%20%20renderExternal%3A%20null%2C%0A%20%20renderExternalUpdate%3A%20true%2C%0A%20%20addSlidesBefore%3A%200%2C%0A%20%20addSlidesAfter%3A%200%0A%20%20%7D%0A%20%20%7D%29%3B%0A%20%20let%20cssModeTimeout%3B%0A%20%20const%20document1%20%3D%20getDocument%28%29%3B%0A%20%20swiper.virtual%20%3D%20%7B%0A%20%20cache%3A%20%7B%7D%2C%0A%20%20from%3A%20undefined%2C%0A%20%20to%3A%20undefined%2C%0A%20%20slides%3A%20%5B%5D%2C%0A%20%20offset%3A%200%2C%0A%20%20slidesGrid%3A%20%5B%5D%0A%20%20%7D%3B%0A%20%20const%20tempDOM%20%3D%20document1.createElement%28%27div%27%29%3B%0A%20%20function%20renderSlide%28slide%2C%20index%29%20%7B%0A%20%20const%20params%20%3D%20swiper.params.virtual%3B%0A%20%20if%20%28params.cache%20%26%26%20swiper.virtual.cache%5Bindex%5D%29%20%7B%0A%20%20return%20swiper.virtual.cache%5Bindex%5D%3B%0A%20%20%7D%0A%20%20%2F%2F%20eslint-disable-next-line%0A%20%20let%20slideEl%3B%0A%20%20if%20%28params.renderSlide%29%20%7B%0A%20%20slideEl%20%3D%20params.renderSlide.call%28swiper%2C%20slide%2C%20index%29%3B%0A%20%20if%20%28typeof%20slideEl%20%3D%3D%3D%20%27string%27%29%20%7B%0A%20%20setInnerHTML%28tempDOM%2C%20slideEl%29%3B%0A%20%20slideEl%20%3D%20tempDOM.children%5B0%5D%3B%0A%20%20%7D%0A%20%20%7D%20else%20if%20%28swiper.isElement%29%20%7B%0A%20%20slideEl%20%3D%20createElement%28%27swiper-slide%27%29%3B%0A%20%20%7D%20else%20%7B%0A%20%20slideEl%20%3D%20createElement%28%27div%27%2C%20swiper.params.slideClass%29%3B%0A%20%20%7D%0A%20%20slideEl.setAttribute%28%27data-swiper-slide-index%27%2C%20index%29%3B%0A%20%20if%20%28%21params.renderSlide%29%20%7B%0A%20%20setInnerHTML%28slideEl%2C%20slide%29%3B%0A%20%20%7D%0A%20%20if%20%28params.cache%29%20%7B%0A%20%20swiper.virtual.cache%5Bindex%5D%20%3D%20slideEl%3B%0A%20%20%7D%0A%20%20return%20slideEl%3B%0A%20%20%7D%0A%20%20function%20update%28force%2C%20beforeInit%2C%20forceActiveIndex%29%20%7B%0A%20%20const%20%7B%20slidesPerGroup%2C%20centeredSlides%2C%20slidesPerView%2C%20loop%3A%20isLoop%2C%20initialSlide%20%7D%20%3D%20swiper.params%3B%0A%20%20if%20%28beforeInit%20%26%26%20%21isLoop%20%26%26%20initialSlide%20%3E%200%29%20%7B%0A%20%20return%3B%0A%20%20%7D%0A%20%20const%20%7B%20addSlidesBefore%2C%20addSlidesAfter%2C%20slidesPerViewAutoSlideSize%20%7D%20%3D%20swiper.params.virtual%3B%0A%20%20const%20%7B%20from%3A%20previousFrom%2C%20to%3A%20previousTo%2C%20slides%2C%20slidesGrid%3A%20previousSlidesGrid%2C%20offset%3A%20previousOffset%20%7D%20%3D%20swiper.virtual%3B%0A%20%20if%20%28%21swiper.params.cssMode%29%20%7B%0A%20%20swiper.updateActiveIndex%28%29%3B%0A%20%20%7D%0A%20%20const%20activeIndex%20%3D%20typeof%20forceActiveIndex%20%3D%3D%3D%20%27undefined%27%20%3F%20swiper.activeIndex%20%7C%7C%200%20%3A%20forceActiveIndex%3B%0A%20%20let%20offsetProp%3B%0A%20%20if%20%28swiper.rtlTranslate%29%20offsetProp%20%3D%20%27right%27%3B%0A%20%20else%20offsetProp%20%3D%20swiper.isHorizontal%28%29%20%3F%20%27left%27%20%3A%20%27top%27%3B%0A%20%20let%20slidesPerViewNumeric%3B%0A%20%20if%20%28slidesPerView%20%3D%3D%3D%20%27auto%27%29%20%7B%0A%20%20if%20%28slidesPerViewAutoSlideSize%29%20%7B%0A%20%20let%20swiperSize%20%3D%20swiper.size%3B%0A%20%20if%20%28%21swiperSize%29%20%7B%0A%20%20swiperSize%20%3D%20swiper.isHorizontal%28%29%20%3F%20swiper.el.getBoundingClientRect%28%29.width%20%3A%20swiper.el.getBoundingClientRect%28%29.height%3B%0A%20%20%7D%0A%20%20slidesPerViewNumeric%20%3D%20Math.max%281%2C%20Math.ceil%28swiperSize%20%2F%20slidesPerViewAutoSlideSize%29%29%3B%0A%20%20%7D%20else%20%7B%0A%20%20slidesPerViewNumeric%20%3D%201%3B%0A%20%20%7D%0A%20%20%7D%20else%20%7B%0A%20%20slidesPerViewNumeric%20%3D%20slidesPerView%3B%0A%20%20%7D%0A%20%20let%20slidesAfter%3B%0A%20%20let%20slidesBefore%3B%0A%20%20if%20%28centeredSlides%29%20%7B%0A%20%20slidesAfter%20%3D%20Math.floor%28slidesPerViewNumeric%20%2F%202%29%20%2B%20slidesPerGroup%20%2B%20addSlidesAfter%3B%0A%20%20slidesBefore%20%3D%20Math.floor%28slidesPerViewNumeric%20%2F%202%29%20%2B%20slidesPerGroup%20%2B%20addSlidesBefore%3B%0A%20%20%7D%20else%20%7B%0A%20%20slidesAfter%20%3D%20slidesPerViewNumeric%20%2B%20%28slidesPerGroup%20-%201%29%20%2B%20addSlidesAfter%3B%0A%20%20slidesBefore%20%3D%20%28isLoop%20%3F%20slidesPerViewNumeric%20%3A%20slidesPerGroup%29%20%2B%20addSlidesBefore%3B%0A%20%20%7D%0A%20%20let%20from%20%3D%20activeIndex%20-%20slidesBefore%3B%0A%20%20let%20to%20%3D%20activeIndex%20%2B%20slidesAfter%3B%0A%20%20if%20%28%21isLoop%29%20%7B%0A%20%20from%20%3D%20Math.max%28from%2C%200%29%3B%0A%20%20to%20%3D%20Math.min%28to%2C%20slides.length%20-%201%29%3B%0A%20%20%7D%0A%20%20let%20offset%20%3D%20%28swiper.slidesGrid%5Bfrom%5D%20%7C%7C%200%29%20-%20%28swiper.slidesGrid%5B0%5D%20%7C%7C%200%29%3B%0A%20%20if%20%28isLoop%20%26%26%20activeIndex%20%3E%3D%20slidesBefore%29%20%7B%0A%20%20from%20-%3D%20slidesBefore%3B%0A%20%20if%20%28%21centeredSlides%29%20offset%20%2B%3D%20swiper.slidesGrid%5B0%5D%3B%0A%20%20%7D%20else%20if%20%28isLoop%20%26%26%20activeIndex%20%3C%20slidesBefore%29%20%7B%0A%20%20from%20%3D%20-slidesBefore%3B%0A%20%20if%20%28centeredSlides%29%20offset%20%2B%3D%20swiper.slidesGrid%5B0%5D%3B%0A%20%20%7D%0A%20%20Object.assign%28swiper.virtual%2C%20%7B%0A%20%20from%2C%0A%20%20to%2C%0A%20%20offset%2C%0A%20%20slidesGrid%3A%20swiper.slidesGrid%2C%0A%20%20slidesBefore%2C%0A%20%20slidesAfter%0A%20%20%7D%29%3B%0A%20%20function%20onRendered%28%29%20%7B%0A%20%20swiper.updateSlides%28%29%3B%0A%20%20swiper.updateProgress%28%29%3B%0A%20%20swiper.updateSlidesClasses%28%29%3B%0A%20%20emit%28%27virtualUpdate%27%29%3B%0A%20%20%7D%0A%20%20if%20%28previousFrom%20%3D%3D%3D%20from%20%26%26%20previousTo%20%3D%3D%3D%20to%20%26%26%20%21force%29%20%7B%0A%20%20if%20%28swiper.slidesGrid%20%21%3D%3D%20previousSlidesGrid%20%26%26%20offset%20%21%3D%3D%20previousOffset%29%20%7B%0A%20%20swiper.slides.forEach%28%28slideEl%29%3D%3E%7B%0A%20%20slideEl.style%5BoffsetProp%5D%20%3D%20%60%24%7Boffset%20-%20Math.abs%28swiper.cssOverflowAdjustment%28%29%29%7Dpx%60%3B%0A%20%20%7D%29%3B%0A%20%20%7D%0A%20%20swiper.updateProgress%28%29%3B%0A%20%20emit%28%27virtualUpdate%27%29%3B%0A%20%20return%3B%0A%20%20%7D%0A%20%20if%20%28swiper.params.virtual.renderExternal%29%20%7B%0A%20%20swiper.params.virtual.renderExternal.call%28swiper%2C%20%7B%0A%20%20offset%2C%0A%20%20from%2C%0A%20%20to%2C%0A%20%20slides%3A%20function%20getSlides%28%29%20%7B%0A%20%20const%20slidesToRender%20%3D%20%5B%5D%3B%0A%20%20for%28let%20i%20%3D%20from%3B%20i%20%3C%3D%20to%3B%20i%20%2B%3D%201%29%7B%0A%20%20slidesToRender.push%28slides%5Bi%5D%29%3B%0A%20%20%7D%0A%20%20return%20slidesToRender%3B%0A%20%20%7D%28%29%0A%20%20%7D%29%3B%0A%20%20if%20%28swiper.params.virtual.renderExternalUpdate%29%20%7B%0A%20%20onRendered%28%29%3B%0A%20%20%7D%20else%20%7B%0A%20%20emit%28%27virtualUpdate%27%29%3B%0A%20%20%7D%0A%20%20return%3B%0A%20%20%7D%0A%20%20const%20prependIndexes%20%3D%20%5B%5D%3B%0A%20%20const%20appendIndexes%20%3D%20%5B%5D%3B%0A%20%20const%20getSlideIndex%20%3D%20%28index%29%3D%3E%7B%0A%20%20let%20slideIndex%20%3D%20index%3B%0A%20%20if%20%28index%20%3C%200%29%20%7B%0A%20%20slideIndex%20%3D%20slides.length%20%2B%20index%3B%0A%20%20%7D%20else%20if%20%28slideIndex%20%3E%3D%20slides.length%29%20%7B%0A%20%20%2F%2F%20eslint-disable-next-line%0A%20%20slideIndex%20%3D%20slideIndex%20-%20slides.length%3B%0A%20%20%7D%0A%20%20return%20slideIndex%3B%0A%20%20%7D%3B%0A%20%20if%20%28force%29%20%7B%0A%20%20swiper.slides.filter%28%28el%29%3D%3Eel.matches%28%60.%24%7Bswiper.params.slideClass%7D%2C%20swiper-slide%60%29%29.forEach%28%28slideEl%29%3D%3E%7B%0A%20%20slideEl.remove%28%29%3B%0A%20%20%7D%29%3B%0A%20%20%7D%20else%20%7B%0A%20%20for%28let%20i%20%3D%20previousFrom%3B%20i%20%3C%3D%20previousTo%3B%20i%20%2B%3D%201%29%7B%0A%20%20if%20%28i%20%3C%20from%20%7C%7C%20i%20%3E%20to%29%20%7B%0A%20%20const%20slideIndex%20%3D%20getSlideIndex%28i%29%3B%0A%20%20swiper.slides.filter%28%28el%29%3D%3Eel.matches%28%60.%24%7Bswiper.params.slideClass%7D%5Bdata-swiper-slide-index%3D%22%24%7BslideIndex%7D%22%5D%2C%20swiper-slide%5Bdata-swiper-slide-index%3D%22%24%7BslideIndex%7D%22%5D%60%29%29.forEach%28%28slideEl%29%3D%3E%7B%0A%20%20slideEl.remove%28%29%3B%0A%20%20%7D%29%3B%0A%20%20%7D%0A%20%20%7D%0A%20%20%7D%0A%20%20const%20loopFrom%20%3D%20isLoop%20%3F%20-slides.length%20%3A%200%3B%0A%20%20const%20loopTo%20%3D%20isLoop%20%3F%20slides.length%20%2A%202%20%3A%20slides.length%3B%0A%20%20for%28let%20i%20%3D%20loopFrom%3B%20i%20%3C%20loopTo%3B%20i%20%2B%3D%201%29%7B%0A%20%20if%20%28i%20%3E%3D%20from%20%26%26%20i%20%3C%3D%20to%29%20%7B%0A%20%20const%20slideIndex%20%3D%20getSlideIndex%28i%29%3B%0A%20%20if%20%28typeof%20previousTo%20%3D%3D%3D%20%27undefined%27%20%7C%7C%20force%29%20%7B%0A%20%20appendIndexes.push%28slideIndex%29%3B%0A%20%20%7D%20else%20%7B%0A%20%20if%20%28i%20%3E%20previousTo%29%20appendIndexes.push%28slideIndex%29%3B%0A%20%20if%20%28i%20%3C%20previousFrom%29%20prependIndexes.push%28slideIndex%29%3B%0A%20%20%7D%0A%20%20%7D%0A%20%20%7D%0A%20%20appendIndexes.forEach%28%28index%29%3D%3E%7B%0A%20%20swiper.slidesEl.append%28renderSlide%28slides%5Bindex%5D%2C%20index%29%29%3B%0A%20%20%7D%29%3B%0A%20%20if%20%28isLoop%29%20%7B%0A%20%20for%28let%20i%20%3D%20prependIndexes.length%20-%201%3B%20i%20%3E%3D%200%3B%20i%20-%3D%201%29%7B%0A%20%20const%20index%20%3D%20prependIndexes%5Bi%5D%3B%0A%20%20swiper.slidesEl.prepend%28renderSlide%28slides%5Bindex%5D%2C%20index%29%29%3B%0A%20%20%7D%0A%20%20%7D%20else%20%7B%0A%20%20prependIndexes.sort%28%28a%2C%20b1%29%3D%3Eb1%20-%20a%29%3B%0A%20%20prependIndexes.forEach%28%28index%29%3D%3E%7B%0A%20%20swiper.slidesEl.prepend%28renderSlide%28slides%5Bindex%5D%2C%20index%29%29%3B%0A%20%20%7D%29%3B%0A%20%20%7D%0A%20%20elementChildren%28swiper.slidesEl%2C%20%27.swiper-slide%2C%20swiper-slide%27%29.forEach%28%28slideEl%29%3D%3E%7B%0A%20%20slideEl.style%5BoffsetProp%5D%20%3D%20%60%24%7Boffset%20-%20Math.abs%28swiper.cssOverflowAdjustment%28%29%29%7Dpx%60%3B%0A%20%20%7D%29%3B%0A%20%20onRendered%28%29%3B%0A%20%20%7D%0A%20%20function%20appendSlide%28slides%29%20%7B%0A%20%20if%20%28typeof%20slides%20%3D%3D%3D%20%27object%27%20%26%26%20%27length%27%20in%20slides%29%20%7B%0A%20%20for%28let%20i%20%3D%200%3B%20i%20%3C%20slides.length%3B%20i%20%2B%3D%201%29%7B%0A%20%20if%20%28slides%5Bi%5D%29%20swiper.virtual.slides.push%28slides%5Bi%5D%29%3B%0A%20%20%7D%0A%20%20%7D%20else%20%7B%0A%20%20swiper.virtual.slides.push%28slides%29%3B%0A%20%20%7D%0A%20%20update%28true%29%3B%0A%20%20%7D%0A%20%20function%20prependSlide%28slides%29%20%7B%0A%20%20const%20activeIndex%20%3D%20swiper.activeIndex%3B%0A%20%20let%20newActiveIndex%20%3D%20activeIndex%20%2B%201%3B%0A%20%20let%20numberOfNewSlides%20%3D%201%3B%0A%20%20if%20%28Array.isArray%28slides%29%29%20%7B%0A%20%20for%28let%20i%20%3D%200%3B%20i%20%3C%20slides.length%3B%20i%20%2B%3D%201%29%7B%0A%20%20if%20%28slides%5Bi%5D%29%20swiper.virtual.slides.unshift%28slides%5Bi%5D%29%3B%0A%20%20%7D%0A%20%20newActiveIndex%20%3D%20activeIndex%20%2B%20slides.length%3B%0A%20%20numberOfNewSlides%20%3D%20slides.length%3B%0A%20%20%7D%20else%20%7B%0A%20%20swiper.virtual.slides.unshift%28slides%29%3B%0A%20%20%7D%0A%20%20if%20%28swiper.params.virtual.cache%29%20%7B%0A%20%20const%20cache%20%3D%20swiper.virtual.cache%3B%0A%20%20const%20newCache%20%3D%20%7B%7D%3B%0A%20%20Object.keys%28cache%29.forEach%28%28cachedIndex%29%3D%3E%7B%0A%20%20const%20cachedEl%20%3D%20cache%5BcachedIndex%5D%3B%0A%20%20const%20cachedElIndex%20%3D%20cachedEl.getAttribute%28%27data-swiper-slide-index%27%29%3B%0A%20%20if%20%28cachedElIndex%29%20%7B%0A%20%20cachedEl.setAttribute%28%27data-swiper-slide-index%27%2C%20parseInt%28cachedElIndex%2C%2010%29%20%2B%20numberOfNewSlides%29%3B%0A%20%20%7D%0A%20%20newCache%5BparseInt%28cachedIndex%2C%2010%29%20%2B%20numberOfNewSlides%5D%20%3D%20cachedEl%3B%0A%20%20%7D%29%3B%0A%20%20swiper.virtual.cache%20%3D%20newCache%3B%0A%20%20%7D%0A%20%20update%28true%29%3B%0A%20%20swiper.slideTo%28newActiveIndex%2C%200%29%3B%0A%20%20%7D%0A%20%20function%20removeSlide%28slidesIndexes%29%20%7B%0A%20%20if%20%28typeof%20slidesIndexes%20%3D%3D%3D%20%27undefined%27%20%7C%7C%20slidesIndexes%20%3D%3D%3D%20null%29%20return%3B%0A%20%20let%20activeIndex%20%3D%20swiper.activeIndex%3B%0A%20%20if%20%28Array.isArray%28slidesIndexes%29%29%20%7B%0A%20%20for%28let%20i%20%3D%20slidesIndexes.length%20-%201%3B%20i%20%3E%3D%200%3B%20i%20-%3D%201%29%7B%0A%20%20if%20%28swiper.params.virtual.cache%29%20%7B%0A%20%20delete%20swiper.virtual.cache%5BslidesIndexes%5Bi%5D%5D%3B%0A%20%20%2F%2F%20shift%20cache%20indexes%0A%20%20Object.keys%28swiper.virtual.cache%29.forEach%28%28key%29%3D%3E%7B%0A%20%20if%20%28key%20%3E%20slidesIndexes%29%20%7B%0A%20%20swiper.virtual.cache%5Bkey%20-%201%5D%20%3D%20swiper.virtual.cache%5Bkey%5D%3B%0A%20%20swiper.virtual.cache%5Bkey%20-%201%5D.setAttribute%28%27data-swiper-slide-index%27%2C%20key%20-%201%29%3B%0A%20%20delete%20swiper.virtual.cache%5Bkey%5D%3B%0A%20%20%7D%0A%20%20%7D%29%3B%0A%20%20%7D%0A%20%20swiper.virtual.slides.splice%28slidesIndexes%5Bi%5D%2C%201%29%3B%0A%20%20if%20%28slidesIndexes%5Bi%5D%20%3C%20activeIndex%29%20activeIndex%20-%3D%201%3B%0A%20%20activeIndex%20%3D%20Math.max%28activeIndex%2C%200%29%3B%0A%20%20%7D%0A%20%20%7D%20else%20%7B%0A%20%20if%20%28swiper.params.virtual.cache%29%20%7B%0A%20%20delete%20swiper.virtual.cache%5BslidesIndexes%5D%3B%0A%20%20%2F%2F%20shift%20cache%20indexes%0A%20%20Object.keys%28swiper.virtual.cache%29.forEach%28%28key%29%3D%3E%7B%0A%20%20if%20%28key%20%3E%20slidesIndexes%29%20%7B%0A%20%20swiper.virtual.cache%5Bkey%20-%201%5D%20%3D%20swiper.virtual.cache%5Bkey%5D%3B%0A%20%20swiper.virtual.cache%5Bkey%20-%201%5D.setAttribute%28%27data-swiper-slide-index%27%2C%20key%20-%201%29%3B%0A%20%20delete%20swiper.virtual.cache%5Bkey%5D%3B%0A%20%20%7D%0A%20%20%7D%29%3B%0A%20%20%7D%0A%20%20swiper.virtual.slides.splice%28slidesIndexes%2C%201%29%3B%0A%20%20if%20%28slidesIndexes%20%3C%20activeIndex%29%20activeIndex%20-%3D%201%3B%0A%20%20activeIndex%20%3D%20Math.max%28activeIndex%2C%200%29%3B%0A%20%20%7D%0A%20%20update%28true%29%3B%0A%20%20swiper.slideTo%28activeIndex%2C%200%29%3B%0A%20%20%7D%0A%20%20function%20removeAllSlides%28%29%20%7B%0A%20%20swiper.virtual.slides%20%3D%20%5B%5D%3B%0A%20%20if%20%28swiper.params.virtual.cache%29%20%7B%0A%20%20swiper.virtual.cache%20%3D%20%7B%7D%3B%0A%20%20%7D%0A%20%20update%28true%29%3B%0A%20%20swiper.slideTo%280%2C%200%29%3B%0A%20%20%7D%0A%20%20on%28%27beforeInit%27%2C%20%28%29%3D%3E%7B%0A%20%20if%20%28%21swiper.params.virtual.enabled%29%20return%3B%0A%20%20let%20domSlidesAssigned%3B%0A%20%20if%20%28typeof%20swiper.passedParams.virtual.slides%20%3D%3D%3D%20%27undefined%27%29%20%7B%0A%20%20const%20slides%20%3D%20%5B%0A%20%20...swiper.slidesEl.children%0A%20%20%5D.filter%28%28el%29%3D%3Eel.matches%28%60.%24%7Bswiper.params.slideClass%7D%2C%20swiper-slide%60%29%29%3B%0A%20%20if%20%28slides%20%26%26%20slides.length%29%20%7B%0A%20%20swiper.virtual.slides%20%3D%20%5B%0A%20%20...slides%0A%20%20%5D%3B%0A%20%20domSlidesAssigned%20%3D%20true%3B%0A%20%20slides.forEach%28%28slideEl%2C%20slideIndex%29%3D%3E%7B%0A%20%20slideEl.setAttribute%28%27data-swiper-slide-index%27%2C%20slideIndex%29%3B%0A%20%20swiper.virtual.cache%5BslideIndex%5D%20%3D%20slideEl%3B%0A%20%20slideEl.remove%28%29%3B%0A%20%20%7D%29%3B%0A%20%20%7D%0A%20%20%7D%0A%20%20if%20%28%21domSlidesAssigned%29%20%7B%0A%20%20swiper.virtual.slides%20%3D%20swiper.params.virtual.slides%3B%0A%20%20%7D%0A%20%20swiper.classNames.push%28%60%24%7Bswiper.params.containerModifierClass%7Dvirtual%60%29%3B%0A%20%20swiper.params.watchSlidesProgress%20%3D%20true%3B%0A%20%20swiper.originalParams.watchSlidesProgress%20%3D%20true%3B%0A%20%20update%28false%2C%20true%29%3B%0A%20%20%7D%29%3B%0A%20%20on%28%27setTranslate%27%2C%20%28%29%3D%3E%7B%0A%20%20if%20%28%21swiper.params.virtual.enabled%29%20return%3B%0A%20%20if%20%28swiper.params.cssMode%20%26%26%20%21swiper._immediateVirtual%29%20%7B%0A%20%20clearTimeout%28cssModeTimeout%29%3B%0A%20%20cssModeTimeout%20%3D%20setTimeout%28%28%29%3D%3E%7B%0A%20%20update%28%29%3B%0A%20%20%7D%2C%20100%29%3B%0A%20%20%7D%20else%20%7B%0A%20%20update%28%29%3B%0A%20%20%7D%0A%20%20%7D%29%3B%0A%20%20on%28%27init%20update%20resize%27%2C%20%28%29%3D%3E%7B%0A%20%20if%20%28%21swiper.params.virtual.enabled%29%20return%3B%0A%20%20if%20%28swiper.params.cssMode%29%20%7B%0A%20%20setCSSProperty%28swiper.wrapperEl%2C%20%27--swiper-virtual-size%27%2C%20%60%24%7Bswiper.virtualSize%7Dpx%60%29%3B%0A%20%20%7D%0A%20%20%7D%29%3B%0A%20%20Object.assign%28swiper.virtual%2C%20%7B%0A%20%20appendSlide%2C%0A%20%20prependSlide%2C%0A%20%20removeSlide%2C%0A%20%20removeAllSlides%2C%0A%20%20update%0A%20%20%7D%29%3B%0A%20%20%7D%0A%20%20%3B%0A%20%20%3B%0A%20%20%3B%0A%20%20%2F%2A%20eslint-disable%20consistent-return%20%2A%2F%20function%20Keyboard%28%7B%20swiper%2C%20extendParams%2C%20on%2C%20emit%20%7D%29%20%7B%0A%20%20const%20document1%20%3D%20getDocument%28%29%3B%0A%20%20const%20window1%20%3D%20getWindow%28%29%3B%0A%20%20swiper.keyboard%20%3D%20%7B%0A%20%20enabled%3A%20false%0A%20%20%7D%3B%0A%20%20extendParams%28%7B%0A%20%20keyboard%3A%20%7B%0A%20%20enabled%3A%20false%2C%0A%20%20onlyInViewport%3A%20true%2C%0A%20%20pageUpDown%3A%20true%2C%0A%20%20speed%3A%20undefined%0A%20%20%7D%0A%20%20%7D%29%3B%0A%20%20function%20handle%28event1%29%20%7B%0A%20%20if%20%28%21swiper.enabled%29%20return%3B%0A%20%20const%20%7B%20rtlTranslate%3A%20rtl%20%7D%20%3D%20swiper%3B%0A%20%20let%20e%20%3D%20event1%3B%0A%20%20if%20%28e.originalEvent%29%20e%20%3D%20e.originalEvent%3B%20%2F%2F%20jquery%20fix%0A%20%20const%20kc%20%3D%20e.keyCode%20%7C%7C%20e.charCode%3B%0A%20%20const%20pageUpDown%20%3D%20swiper.params.keyboard.pageUpDown%3B%0A%20%20const%20isPageUp%20%3D%20pageUpDown%20%26%26%20kc%20%3D%3D%3D%2033%3B%0A%20%20const%20isPageDown%20%3D%20pageUpDown%20%26%26%20kc%20%3D%3D%3D%2034%3B%0A%20%20const%20isArrowLeft%20%3D%20kc%20%3D%3D%3D%2037%3B%0A%20%20const%20isArrowRight%20%3D%20kc%20%3D%3D%3D%2039%3B%0A%20%20const%20isArrowUp%20%3D%20kc%20%3D%3D%3D%2038%3B%0A%20%20const%20isArrowDown%20%3D%20kc%20%3D%3D%3D%2040%3B%0A%20%20%2F%2F%20Directions%20locks%0A%20%20if%20%28%21swiper.allowSlideNext%20%26%26%20%28swiper.isHorizontal%28%29%20%26%26%20isArrowRight%20%7C%7C%20swiper.isVertical%28%29%20%26%26%20isArrowDown%20%7C%7C%20isPageDown%29%29%20%7B%0A%20%20return%20false%3B%0A%20%20%7D%0A%20%20if%20%28%21swiper.allowSlidePrev%20%26%26%20%28swiper.isHorizontal%28%29%20%26%26%20isArrowLeft%20%7C%7C%20swiper.isVertical%28%29%20%26%26%20isArrowUp%20%7C%7C%20isPageUp%29%29%20%7B%0A%20%20return%20false%3B%0A%20%20%7D%0A%20%20if%20%28e.shiftKey%20%7C%7C%20e.altKey%20%7C%7C%20e.ctrlKey%20%7C%7C%20e.metaKey%29%20%7B%0A%20%20return%20undefined%3B%0A%20%20%7D%0A%20%20if%20%28document1.activeElement%20%26%26%20%28document1.activeElement.isContentEditable%20%7C%7C%20document1.activeElement.nodeName%20%26%26%20%28document1.activeElement.nodeName.toLowerCase%28%29%20%3D%3D%3D%20%27input%27%20%7C%7C%20document1.activeElement.nodeName.toLowerCase%28%29%20%3D%3D%3D%20%27textarea%27%29%29%29%20%7B%0A%20%20return%20undefined%3B%0A%20%20%7D%0A%20%20if%20%28swiper.params.keyboard.onlyInViewport%20%26%26%20%28isPageUp%20%7C%7C%20isPageDown%20%7C%7C%20isArrowLeft%20%7C%7C%20isArrowRight%20%7C%7C%20isArrowUp%20%7C%7C%20isArrowDown%29%29%20%7B%0A%20%20let%20inView%20%3D%20false%3B%0A%20%20%2F%2F%20Check%20that%20swiper%20should%20be%20inside%20of%20visible%20area%20of%20window%0A%20%20if%20%28elementParents%28swiper.el%2C%20%60.%24%7Bswiper.params.slideClass%7D%2C%20swiper-slide%60%29.length%20%3E%200%20%26%26%20elementParents%28swiper.el%2C%20%60.%24%7Bswiper.params.slideActiveClass%7D%60%29.length%20%3D%3D%3D%200%29%20%7B%0A%20%20return%20undefined%3B%0A%20%20%7D%0A%20%20const%20el%20%3D%20swiper.el%3B%0A%20%20const%20swiperWidth%20%3D%20el.clientWidth%3B%0A%20%20const%20swiperHeight%20%3D%20el.clientHeight%3B%0A%20%20const%20windowWidth%20%3D%20window1.innerWidth%3B%0A%20%20const%20windowHeight%20%3D%20window1.innerHeight%3B%0A%20%20const%20swiperOffset%20%3D%20elementOffset%28el%29%3B%0A%20%20if%20%28rtl%29%20swiperOffset.left%20-%3D%20el.scrollLeft%3B%0A%20%20const%20swiperCoord%20%3D%20%5B%0A%20%20%5B%0A%20%20swiperOffset.left%2C%0A%20%20swiperOffset.top%0A%20%20%5D%2C%0A%20%20%5B%0A%20%20swiperOffset.left%20%2B%20swiperWidth%2C%0A%20%20swiperOffset.top%0A%20%20%5D%2C%0A%20%20%5B%0A%20%20swiperOffset.left%2C%0A%20%20swiperOffset.top%20%2B%20swiperHeight%0A%20%20%5D%2C%0A%20%20%5B%0A%20%20swiperOffset.left%20%2B%20swiperWidth%2C%0A%20%20swiperOffset.top%20%2B%20swiperHeight%0A%20%20%5D%0A%20%20%5D%3B%0A%20%20for%28let%20i%20%3D%200%3B%20i%20%3C%20swiperCoord.length%3B%20i%20%2B%3D%201%29%7B%0A%20%20const%20point%20%3D%20swiperCoord%5Bi%5D%3B%0A%20%20if%20%28point%5B0%5D%20%3E%3D%200%20%26%26%20point%5B0%5D%20%3C%3D%20windowWidth%20%26%26%20point%5B1%5D%20%3E%3D%200%20%26%26%20point%5B1%5D%20%3C%3D%20windowHeight%29%20%7B%0A%20%20if%20%28point%5B0%5D%20%3D%3D%3D%200%20%26%26%20point%5B1%5D%20%3D%3D%3D%200%29%20continue%3B%20%2F%2F%20eslint-disable-line%0A%20%20inView%20%3D%20true%3B%0A%20%20%7D%0A%20%20%7D%0A%20%20if%20%28%21inView%29%20return%20undefined%3B%0A%20%20%7D%0A%20%20const%20speed%20%3D%20swiper.params.keyboard.speed%3B%0A%20%20if%20%28swiper.isHorizontal%28%29%29%20%7B%0A%20%20if%20%28isPageUp%20%7C%7C%20isPageDown%20%7C%7C%20isArrowLeft%20%7C%7C%20isArrowRight%29%20%7B%0A%20%20if%20%28e.preventDefault%29%20e.preventDefault%28%29%3B%0A%20%20else%20e.returnValue%20%3D%20false%3B%0A%20%20%7D%0A%20%20if%20%28%28isPageDown%20%7C%7C%20isArrowRight%29%20%26%26%20%21rtl%20%7C%7C%20%28isPageUp%20%7C%7C%20isArrowLeft%29%20%26%26%20rtl%29%20swiper.slideNext%28speed%29%3B%0A%20%20if%20%28%28isPageUp%20%7C%7C%20isArrowLeft%29%20%26%26%20%21rtl%20%7C%7C%20%28isPageDown%20%7C%7C%20isArrowRight%29%20%26%26%20rtl%29%20swiper.slidePrev%28speed%29%3B%0A%20%20%7D%20else%20%7B%0A%20%20if%20%28isPageUp%20%7C%7C%20isPageDown%20%7C%7C%20isArrowUp%20%7C%7C%20isArrowDown%29%20%7B%0A%20%20if%20%28e.preventDefault%29%20e.preventDefault%28%29%3B%0A%20%20else%20e.returnValue%20%3D%20false%3B%0A%20%20%7D%0A%20%20if%20%28isPageDown%20%7C%7C%20isArrowDown%29%20swiper.slideNext%28speed%29%3B%0A%20%20if%20%28isPageUp%20%7C%7C%20isArrowUp%29%20swiper.slidePrev%28speed%29%3B%0A%20%20%7D%0A%20%20emit%28%27keyPress%27%2C%20kc%29%3B%0A%20%20return%20undefined%3B%0A%20%20%7D%0A%20%20function%20enable%28%29%20%7B%0A%20%20if%20%28swiper.keyboard.enabled%29%20return%3B%0A%20%20document1.addEventListener%28%27keydown%27%2C%20handle%29%3B%0A%20%20swiper.keyboard.enabled%20%3D%20true%3B%0A%20%20%7D%0A%20%20function%20disable%28%29%20%7B%0A%20%20if%20%28%21swiper.keyboard.enabled%29%20return%3B%0A%20%20document1.removeEventListener%28%27keydown%27%2C%20handle%29%3B%0A%20%20swiper.keyboard.enabled%20%3D%20false%3B%0A%20%20%7D%0A%20%20on%28%27init%27%2C%20%28%29%3D%3E%7B%0A%20%20if%20%28swiper.params.keyboard.enabled%29%20%7B%0A%20%20enable%28%29%3B%0A%20%20%7D%0A%20%20%7D%29%3B%0A%20%20on%28%27destroy%27%2C%20%28%29%3D%3E%7B%0A%20%20if%20%28swiper.keyboard.enabled%29%20%7B%0A%20%20disable%28%29%3B%0A%20%20%7D%0A%20%20%7D%29%3B%0A%20%20Object.assign%28swiper.keyboard%2C%20%7B%0A%20%20enable%2C%0A%20%20disable%0A%20%20%7D%29%3B%0A%20%20%7D%0A%20%20%3B%0A%20%20%3B%0A%20%20%3B%0A%20%20%2F%2A%20eslint-disable%20consistent-return%20%2A%2F%20function%20Mousewheel%28%7B%20swiper%2C%20extendParams%2C%20on%2C%20emit%20%7D%29%20%7B%0A%20%20const%20window1%20%3D%20getWindow%28%29%3B%0A%20%20extendParams%28%7B%0A%20%20mousewheel%3A%20%7B%0A%20%20enabled%3A%20false%2C%0A%20%20releaseOnEdges%3A%20false%2C%0A%20%20invert%3A%20false%2C%0A%20%20forceToAxis%3A%20false%2C%0A%20%20sensitivity%3A%201%2C%0A%20%20eventsTarget%3A%20%27container%27%2C%0A%20%20thresholdDelta%3A%20null%2C%0A%20%20thresholdTime%3A%20null%2C%0A%20%20noMousewheelClass%3A%20%27swiper-no-mousewheel%27%0A%20%20%7D%0A%20%20%7D%29%3B%0A%20%20swiper.mousewheel%20%3D%20%7B%0A%20%20enabled%3A%20false%0A%20%20%7D%3B%0A%20%20let%20timeout%3B%0A%20%20let%20lastScrollTime%20%3D%20now%28%29%3B%0A%20%20let%20lastEventBeforeSnap%3B%0A%20%20const%20recentWheelEvents%20%3D%20%5B%5D%3B%0A%20%20function%20normalize%28e%29%20%7B%0A%20%20%2F%2F%20Reasonable%20defaults%0A%20%20const%20PIXEL_STEP%20%3D%2010%3B%0A%20%20const%20LINE_HEIGHT%20%3D%2040%3B%0A%20%20const%20PAGE_HEIGHT%20%3D%20800%3B%0A%20%20let%20sX%20%3D%200%3B%0A%20%20let%20sY%20%3D%200%3B%20%2F%2F%20spinX%2C%20spinY%0A%20%20let%20pX%20%3D%200%3B%0A%20%20let%20pY%20%3D%200%3B%20%2F%2F%20pixelX%2C%20pixelY%0A%20%20%2F%2F%20Legacy%0A%20%20if%20%28%27detail%27%20in%20e%29%20%7B%0A%20%20sY%20%3D%20e.detail%3B%0A%20%20%7D%0A%20%20if%20%28%27wheelDelta%27%20in%20e%29%20%7B%0A%20%20sY%20%3D%20-e.wheelDelta%20%2F%20120%3B%0A%20%20%7D%0A%20%20if%20%28%27wheelDeltaY%27%20in%20e%29%20%7B%0A%20%20sY%20%3D%20-e.wheelDeltaY%20%2F%20120%3B%0A%20%20%7D%0A%20%20if%20%28%27wheelDeltaX%27%20in%20e%29%20%7B%0A%20%20sX%20%3D%20-e.wheelDeltaX%20%2F%20120%3B%0A%20%20%7D%0A%20%20%2F%2F%20side%20scrolling%20on%20FF%20with%20DOMMouseScroll%0A%20%20if%20%28%27axis%27%20in%20e%20%26%26%20e.axis%20%3D%3D%3D%20e.HORIZONTAL_AXIS%29%20%7B%0A%20%20sX%20%3D%20sY%3B%0A%20%20sY%20%3D%200%3B%0A%20%20%7D%0A%20%20pX%20%3D%20sX%20%2A%20PIXEL_STEP%3B%0A%20%20pY%20%3D%20sY%20%2A%20PIXEL_STEP%3B%0A%20%20if%20%28%27deltaY%27%20in%20e%29%20%7B%0A%20%20pY%20%3D%20e.deltaY%3B%0A%20%20%7D%0A%20%20if%20%28%27deltaX%27%20in%20e%29%20%7B%0A%20%20pX%20%3D%20e.deltaX%3B%0A%20%20%7D%0A%20%20if%20%28e.shiftKey%20%26%26%20%21pX%29%20%7B%0A%20%20%2F%2F%20if%20user%20scrolls%20with%20shift%20he%20wants%20horizontal%20scroll%0A%20%20pX%20%3D%20pY%3B%0A%20%20pY%20%3D%200%3B%0A%20%20%7D%0A%20%20if%20%28%28pX%20%7C%7C%20pY%29%20%26%26%20e.deltaMode%29%20%7B%0A%20%20if%20%28e.deltaMode%20%3D%3D%3D%201%29%20%7B%0A%20%20%2F%2F%20delta%20in%20LINE%20units%0A%20%20pX%20%2A%3D%20LINE_HEIGHT%3B%0A%20%20pY%20%2A%3D%20LINE_HEIGHT%3B%0A%20%20%7D%20else%20%7B%0A%20%20%2F%2F%20delta%20in%20PAGE%20units%0A%20%20pX%20%2A%3D%20PAGE_HEIGHT%3B%0A%20%20pY%20%2A%3D%20PAGE_HEIGHT%3B%0A%20%20%7D%0A%20%20%7D%0A%20%20%2F%2F%20Fall-back%20if%20spin%20cannot%20be%20determined%0A%20%20if%20%28pX%20%26%26%20%21sX%29%20%7B%0A%20%20sX%20%3D%20pX%20%3C%201%20%3F%20-1%20%3A%201%3B%0A%20%20%7D%0A%20%20if%20%28pY%20%26%26%20%21sY%29%20%7B%0A%20%20sY%20%3D%20pY%20%3C%201%20%3F%20-1%20%3A%201%3B%0A%20%20%7D%0A%20%20return%20%7B%0A%20%20spinX%3A%20sX%2C%0A%20%20spinY%3A%20sY%2C%0A%20%20pixelX%3A%20pX%2C%0A%20%20pixelY%3A%20pY%0A%20%20%7D%3B%0A%20%20%7D%0A%20%20function%20handleMouseEnter%28%29%20%7B%0A%20%20if%20%28%21swiper.enabled%29%20return%3B%0A%20%20swiper.mouseEntered%20%3D%20true%3B%0A%20%20%7D%0A%20%20function%20handleMouseLeave%28%29%20%7B%0A%20%20if%20%28%21swiper.enabled%29%20return%3B%0A%20%20swiper.mouseEntered%20%3D%20false%3B%0A%20%20%7D%0A%20%20function%20animateSlider%28newEvent%29%20%7B%0A%20%20if%20%28swiper.params.mousewheel.thresholdDelta%20%26%26%20newEvent.delta%20%3C%20swiper.params.mousewheel.thresholdDelta%29%20%7B%0A%20%20%2F%2F%20Prevent%20if%20delta%20of%20wheel%20scroll%20delta%20is%20below%20configured%20threshold%0A%20%20return%20false%3B%0A%20%20%7D%0A%20%20if%20%28swiper.params.mousewheel.thresholdTime%20%26%26%20now%28%29%20-%20lastScrollTime%20%3C%20swiper.params.mousewheel.thresholdTime%29%20%7B%0A%20%20%2F%2F%20Prevent%20if%20time%20between%20scrolls%20is%20below%20configured%20threshold%0A%20%20return%20false%3B%0A%20%20%7D%0A%20%20%2F%2F%20If%20the%20movement%20is%20NOT%20big%20enough%20and%0A%20%20%2F%2F%20if%20the%20last%20time%20the%20user%20scrolled%20was%20too%20close%20to%20the%20current%20one%20%28avoid%20continuously%20triggering%20the%20slider%29%3A%0A%20%20%2F%2F%20%20%20Don%27t%20go%20any%20further%20%28avoid%20insignificant%20scroll%20movement%29.%0A%20%20if%20%28newEvent.delta%20%3E%3D%206%20%26%26%20now%28%29%20-%20lastScrollTime%20%3C%2060%29%20%7B%0A%20%20%2F%2F%20Return%20false%20as%20a%20default%0A%20%20return%20true%3B%0A%20%20%7D%0A%20%20%2F%2F%20If%20user%20is%20scrolling%20towards%20the%20end%3A%0A%20%20%2F%2F%20%20%20If%20the%20slider%20hasn%27t%20hit%20the%20latest%20slide%20or%0A%20%20%2F%2F%20%20%20if%20the%20slider%20is%20a%20loop%20and%0A%20%20%2F%2F%20%20%20if%20the%20slider%20isn%27t%20moving%20right%20now%3A%0A%20%20%2F%2F%20%20%20%20%20Go%20to%20next%20slide%20and%0A%20%20%2F%2F%20%20%20%20%20emit%20a%20scroll%20event.%0A%20%20%2F%2F%20Else%20%28the%20user%20is%20scrolling%20towards%20the%20beginning%29%20and%0A%20%20%2F%2F%20if%20the%20slider%20hasn%27t%20hit%20the%20first%20slide%20or%0A%20%20%2F%2F%20if%20the%20slider%20is%20a%20loop%20and%0A%20%20%2F%2F%20if%20the%20slider%20isn%27t%20moving%20right%20now%3A%0A%20%20%2F%2F%20%20%20Go%20to%20prev%20slide%20and%0A%20%20%2F%2F%20%20%20emit%20a%20scroll%20event.%0A%20%20if%20%28newEvent.direction%20%3C%200%29%20%7B%0A%20%20if%20%28%28%21swiper.isEnd%20%7C%7C%20swiper.params.loop%29%20%26%26%20%21swiper.animating%29%20%7B%0A%20%20swiper.slideNext%28%29%3B%0A%20%20emit%28%27scroll%27%2C%20newEvent.raw%29%3B%0A%20%20%7D%0A%20%20%7D%20else%20if%20%28%28%21swiper.isBeginning%20%7C%7C%20swiper.params.loop%29%20%26%26%20%21swiper.animating%29%20%7B%0A%20%20swiper.slidePrev%28%29%3B%0A%20%20emit%28%27scroll%27%2C%20newEvent.raw%29%3B%0A%20%20%7D%0A%20%20%2F%2F%20If%20you%20got%20here%20is%20because%20an%20animation%20has%20been%20triggered%20so%20store%20the%20current%20time%0A%20%20lastScrollTime%20%3D%20new%20window1.Date%28%29.getTime%28%29%3B%0A%20%20%2F%2F%20Return%20false%20as%20a%20default%0A%20%20return%20false%3B%0A%20%20%7D%0A%20%20function%20releaseScroll%28newEvent%29%20%7B%0A%20%20const%20params%20%3D%20swiper.params.mousewheel%3B%0A%20%20if%20%28newEvent.direction%20%3C%200%29%20%7B%0A%20%20if%20%28swiper.isEnd%20%26%26%20%21swiper.params.loop%20%26%26%20params.releaseOnEdges%29%20%7B%0A%20%20%2F%2F%20Return%20true%20to%20animate%20scroll%20on%20edges%0A%20%20return%20true%3B%0A%20%20%7D%0A%20%20%7D%20else%20if%20%28swiper.isBeginning%20%26%26%20%21swiper.params.loop%20%26%26%20params.releaseOnEdges%29%20%7B%0A%20%20%2F%2F%20Return%20true%20to%20animate%20scroll%20on%20edges%0A%20%20return%20true%3B%0A%20%20%7D%0A%20%20return%20false%3B%0A%20%20%7D%0A%20%20function%20handle%28event1%29%20%7B%0A%20%20let%20e%20%3D%20event1%3B%0A%20%20let%20disableParentSwiper%20%3D%20true%3B%0A%20%20if%20%28%21swiper.enabled%29%20return%3B%0A%20%20%2F%2F%20Ignore%20event%20if%20the%20target%20or%20its%20parents%20have%20the%20swiper-no-mousewheel%20class%0A%20%20if%20%28event1.target.closest%28%60.%24%7Bswiper.params.mousewheel.noMousewheelClass%7D%60%29%29%20return%3B%0A%20%20const%20params%20%3D%20swiper.params.mousewheel%3B%0A%20%20if%20%28swiper.params.cssMode%29%20%7B%0A%20%20e.preventDefault%28%29%3B%0A%20%20%7D%0A%20%20let%20targetEl%20%3D%20swiper.el%3B%0A%20%20if%20%28swiper.params.mousewheel.eventsTarget%20%21%3D%3D%20%27container%27%29%20%7B%0A%20%20targetEl%20%3D%20document.querySelector%28swiper.params.mousewheel.eventsTarget%29%3B%0A%20%20%7D%0A%20%20const%20targetElContainsTarget%20%3D%20targetEl%20%26%26%20targetEl.contains%28e.target%29%3B%0A%20%20if%20%28%21swiper.mouseEntered%20%26%26%20%21targetElContainsTarget%20%26%26%20%21params.releaseOnEdges%29%20return%20true%3B%0A%20%20if%20%28e.originalEvent%29%20e%20%3D%20e.originalEvent%3B%20%2F%2F%20jquery%20fix%0A%20%20let%20delta%20%3D%200%3B%0A%20%20const%20rtlFactor%20%3D%20swiper.rtlTranslate%20%3F%20-1%20%3A%201%3B%0A%20%20const%20data%20%3D%20normalize%28e%29%3B%0A%20%20if%20%28params.forceToAxis%29%20%7B%0A%20%20if%20%28swiper.isHorizontal%28%29%29%20%7B%0A%20%20if%20%28Math.abs%28data.pixelX%29%20%3E%20Math.abs%28data.pixelY%29%29%20delta%20%3D%20-data.pixelX%20%2A%20rtlFactor%3B%0A%20%20else%20return%20true%3B%0A%20%20%7D%20else%20if%20%28Math.abs%28data.pixelY%29%20%3E%20Math.abs%28data.pixelX%29%29%20delta%20%3D%20-data.pixelY%3B%0A%20%20else%20return%20true%3B%0A%20%20%7D%20else%20%7B%0A%20%20delta%20%3D%20Math.abs%28data.pixelX%29%20%3E%20Math.abs%28data.pixelY%29%20%3F%20-data.pixelX%20%2A%20rtlFactor%20%3A%20-data.pixelY%3B%0A%20%20%7D%0A%20%20if%20%28delta%20%3D%3D%3D%200%29%20return%20true%3B%0A%20%20if%20%28params.invert%29%20delta%20%3D%20-delta%3B%0A%20%20%2F%2F%20Get%20the%20scroll%20positions%0A%20%20let%20positions%20%3D%20swiper.getTranslate%28%29%20%2B%20delta%20%2A%20params.sensitivity%3B%0A%20%20if%20%28positions%20%3E%3D%20swiper.minTranslate%28%29%29%20positions%20%3D%20swiper.minTranslate%28%29%3B%0A%20%20if%20%28positions%20%3C%3D%20swiper.maxTranslate%28%29%29%20positions%20%3D%20swiper.maxTranslate%28%29%3B%0A%20%20%2F%2F%20When%20loop%20is%20true%3A%0A%20%20%2F%2F%20%20%20%20%20the%20disableParentSwiper%20will%20be%20true.%0A%20%20%2F%2F%20When%20loop%20is%20false%3A%0A%20%20%2F%2F%20%20%20%20%20if%20the%20scroll%20positions%20is%20not%20on%20edge%2C%0A%20%20%2F%2F%20%20%20%20%20then%20the%20disableParentSwiper%20will%20be%20true.%0A%20%20%2F%2F%20%20%20%20%20if%20the%20scroll%20on%20edge%20positions%2C%0A%20%20%2F%2F%20%20%20%20%20then%20the%20disableParentSwiper%20will%20be%20false.%0A%20%20disableParentSwiper%20%3D%20swiper.params.loop%20%3F%20true%20%3A%20%21%28positions%20%3D%3D%3D%20swiper.minTranslate%28%29%20%7C%7C%20positions%20%3D%3D%3D%20swiper.maxTranslate%28%29%29%3B%0A%20%20if%20%28disableParentSwiper%20%26%26%20swiper.params.nested%29%20e.stopPropagation%28%29%3B%0A%20%20if%20%28%21swiper.params.freeMode%20%7C%7C%20%21swiper.params.freeMode.enabled%29%20%7B%0A%20%20%2F%2F%20Register%20the%20new%20event%20in%20a%20variable%20which%20stores%20the%20relevant%20data%0A%20%20const%20newEvent%20%3D%20%7B%0A%20%20time%3A%20now%28%29%2C%0A%20%20delta%3A%20Math.abs%28delta%29%2C%0A%20%20direction%3A%20Math.sign%28delta%29%2C%0A%20%20raw%3A%20event1%0A%20%20%7D%3B%0A%20%20%2F%2F%20Keep%20the%20most%20recent%20events%0A%20%20if%20%28recentWheelEvents.length%20%3E%3D%202%29%20%7B%0A%20%20recentWheelEvents.shift%28%29%3B%20%2F%2F%20only%20store%20the%20last%20N%20events%0A%20%20%7D%0A%20%20const%20prevEvent%20%3D%20recentWheelEvents.length%20%3F%20recentWheelEvents%5BrecentWheelEvents.length%20-%201%5D%20%3A%20undefined%3B%0A%20%20recentWheelEvents.push%28newEvent%29%3B%0A%20%20%2F%2F%20If%20there%20is%20at%20least%20one%20previous%20recorded%20event%3A%0A%20%20%2F%2F%20%20%20If%20direction%20has%20changed%20or%0A%20%20%2F%2F%20%20%20if%20the%20scroll%20is%20quicker%20than%20the%20previous%20one%3A%0A%20%20%2F%2F%20%20%20%20%20Animate%20the%20slider.%0A%20%20%2F%2F%20Else%20%28this%20is%20the%20first%20time%20the%20wheel%20is%20moved%29%3A%0A%20%20%2F%2F%20%20%20%20%20Animate%20the%20slider.%0A%20%20if%20%28prevEvent%29%20%7B%0A%20%20if%20%28newEvent.direction%20%21%3D%3D%20prevEvent.direction%20%7C%7C%20newEvent.delta%20%3E%20prevEvent.delta%20%7C%7C%20newEvent.time%20%3E%20prevEvent.time%20%2B%20150%29%20%7B%0A%20%20animateSlider%28newEvent%29%3B%0A%20%20%7D%0A%20%20%7D%20else%20%7B%0A%20%20animateSlider%28newEvent%29%3B%0A%20%20%7D%0A%20%20%2F%2F%20If%20it%27s%20time%20to%20release%20the%20scroll%3A%0A%20%20%2F%2F%20%20%20Return%20now%20so%20you%20don%27t%20hit%20the%20preventDefault.%0A%20%20if%20%28releaseScroll%28newEvent%29%29%20%7B%0A%20%20return%20true%3B%0A%20%20%7D%0A%20%20%7D%20else%20%7B%0A%20%20%2F%2F%20Freemode%20or%20scrollContainer%3A%0A%20%20%2F%2F%20If%20we%20recently%20snapped%20after%20a%20momentum%20scroll%2C%20then%20ignore%20wheel%20events%0A%20%20%2F%2F%20to%20give%20time%20for%20the%20deceleration%20to%20finish.%20Stop%20ignoring%20after%20500%20msecs%0A%20%20%2F%2F%20or%20if%20it%27s%20a%20new%20scroll%20%28larger%20delta%20or%20inverse%20sign%20as%20last%20event%20before%0A%20%20%2F%2F%20an%20end-of-momentum%20snap%29.%0A%20%20const%20newEvent%20%3D%20%7B%0A%20%20time%3A%20now%28%29%2C%0A%20%20delta%3A%20Math.abs%28delta%29%2C%0A%20%20direction%3A%20Math.sign%28delta%29%0A%20%20%7D%3B%0A%20%20const%20ignoreWheelEvents%20%3D%20lastEventBeforeSnap%20%26%26%20newEvent.time%20%3C%20lastEventBeforeSnap.time%20%2B%20500%20%26%26%20newEvent.delta%20%3C%3D%20lastEventBeforeSnap.delta%20%26%26%20newEvent.direction%20%3D%3D%3D%20lastEventBeforeSnap.direction%3B%0A%20%20if%20%28%21ignoreWheelEvents%29%20%7B%0A%20%20lastEventBeforeSnap%20%3D%20undefined%3B%0A%20%20let%20position%20%3D%20swiper.getTranslate%28%29%20%2B%20delta%20%2A%20params.sensitivity%3B%0A%20%20const%20wasBeginning%20%3D%20swiper.isBeginning%3B%0A%20%20const%20wasEnd%20%3D%20swiper.isEnd%3B%0A%20%20if%20%28position%20%3E%3D%20swiper.minTranslate%28%29%29%20position%20%3D%20swiper.minTranslate%28%29%3B%0A%20%20if%20%28position%20%3C%3D%20swiper.maxTranslate%28%29%29%20position%20%3D%20swiper.maxTranslate%28%29%3B%0A%20%20swiper.setTransition%280%29%3B%0A%20%20swiper.setTranslate%28position%29%3B%0A%20%20swiper.updateProgress%28%29%3B%0A%20%20swiper.updateActiveIndex%28%29%3B%0A%20%20swiper.updateSlidesClasses%28%29%3B%0A%20%20if%20%28%21wasBeginning%20%26%26%20swiper.isBeginning%20%7C%7C%20%21wasEnd%20%26%26%20swiper.isEnd%29%20%7B%0A%20%20swiper.updateSlidesClasses%28%29%3B%0A%20%20%7D%0A%20%20if%20%28swiper.params.loop%29%20%7B%0A%20%20swiper.loopFix%28%7B%0A%20%20direction%3A%20newEvent.direction%20%3C%200%20%3F%20%27next%27%20%3A%20%27prev%27%2C%0A%20%20byMousewheel%3A%20true%0A%20%20%7D%29%3B%0A%20%20%7D%0A%20%20if%20%28swiper.params.freeMode.sticky%29%20%7B%0A%20%20%2F%2F%20When%20wheel%20scrolling%20starts%20with%20sticky%20%28aka%20snap%29%20enabled%2C%20then%20detect%0A%20%20%2F%2F%20the%20end%20of%20a%20momentum%20scroll%20by%20storing%20recent%20%28N%3D15%3F%29%20wheel%20events.%0A%20%20%2F%2F%201.%20do%20all%20N%20events%20have%20decreasing%20or%20same%20%28absolute%20value%29%20delta%3F%0A%20%20%2F%2F%202.%20did%20all%20N%20events%20arrive%20in%20the%20last%20M%20%28M%3D500%3F%29%20msecs%3F%0A%20%20%2F%2F%203.%20does%20the%20earliest%20event%20have%20an%20%28absolute%20value%29%20delta%20that%27s%0A%20%20%2F%2F%20%20%20%20at%20least%20P%20%28P%3D1%3F%29%20larger%20than%20the%20most%20recent%20event%27s%20delta%3F%0A%20%20%2F%2F%204.%20does%20the%20latest%20event%20have%20a%20delta%20that%27s%20smaller%20than%20Q%20%28Q%3D6%3F%29%20pixels%3F%0A%20%20%2F%2F%20If%201-4%20are%20%22yes%22%20then%20we%27re%20near%20the%20end%20of%20a%20momentum%20scroll%20deceleration.%0A%20%20%2F%2F%20Snap%20immediately%20and%20ignore%20remaining%20wheel%20events%20in%20this%20scroll.%0A%20%20%2F%2F%20See%20comment%20above%20for%20%22remaining%20wheel%20events%20in%20this%20scroll%22%20determination.%0A%20%20%2F%2F%20If%201-4%20aren%27t%20satisfied%2C%20then%20wait%20to%20snap%20until%20500ms%20after%20the%20last%20event.%0A%20%20clearTimeout%28timeout%29%3B%0A%20%20timeout%20%3D%20undefined%3B%0A%20%20if%20%28recentWheelEvents.length%20%3E%3D%2015%29%20%7B%0A%20%20recentWheelEvents.shift%28%29%3B%20%2F%2F%20only%20store%20the%20last%20N%20events%0A%20%20%7D%0A%20%20const%20prevEvent%20%3D%20recentWheelEvents.length%20%3F%20recentWheelEvents%5BrecentWheelEvents.length%20-%201%5D%20%3A%20undefined%3B%0A%20%20const%20firstEvent%20%3D%20recentWheelEvents%5B0%5D%3B%0A%20%20recentWheelEvents.push%28newEvent%29%3B%0A%20%20if%20%28prevEvent%20%26%26%20%28newEvent.delta%20%3E%20prevEvent.delta%20%7C%7C%20newEvent.direction%20%21%3D%3D%20prevEvent.direction%29%29%20%7B%0A%20%20%2F%2F%20Increasing%20or%20reverse-sign%20delta%20means%20the%20user%20started%20scrolling%20again.%20Clear%20the%20wheel%20event%20log.%0A%20%20recentWheelEvents.splice%280%29%3B%0A%20%20%7D%20else%20if%20%28recentWheelEvents.length%20%3E%3D%2015%20%26%26%20newEvent.time%20-%20firstEvent.time%20%3C%20500%20%26%26%20firstEvent.delta%20-%20newEvent.delta%20%3E%3D%201%20%26%26%20newEvent.delta%20%3C%3D%206%29%20%7B%0A%20%20%2F%2F%20We%27re%20at%20the%20end%20of%20the%20deceleration%20of%20a%20momentum%20scroll%2C%20so%20there%27s%20no%20need%0A%20%20%2F%2F%20to%20wait%20for%20more%20events.%20Snap%20ASAP%20on%20the%20next%20tick.%0A%20%20%2F%2F%20Also%2C%20because%20there%27s%20some%20remaining%20momentum%20we%27ll%20bias%20the%20snap%20in%20the%0A%20%20%2F%2F%20direction%20of%20the%20ongoing%20scroll%20because%20it%27s%20better%20UX%20for%20the%20scroll%20to%20snap%0A%20%20%2F%2F%20in%20the%20same%20direction%20as%20the%20scroll%20instead%20of%20reversing%20to%20snap.%20%20Therefore%2C%0A%20%20%2F%2F%20if%20it%27s%20already%20scrolled%20more%20than%2020%25%20in%20the%20current%20direction%2C%20keep%20going.%0A%20%20const%20snapToThreshold%20%3D%20delta%20%3E%200%20%3F%200.8%20%3A%200.2%3B%0A%20%20lastEventBeforeSnap%20%3D%20newEvent%3B%0A%20%20recentWheelEvents.splice%280%29%3B%0A%20%20timeout%20%3D%20nextTick%28%28%29%3D%3E%7B%0A%20%20if%20%28swiper.destroyed%20%7C%7C%20%21swiper.params%29%20return%3B%0A%20%20swiper.slideToClosest%28swiper.params.speed%2C%20true%2C%20undefined%2C%20snapToThreshold%29%3B%0A%20%20%7D%2C%200%29%3B%20%2F%2F%20no%20delay%3B%20move%20on%20next%20tick%0A%20%20%7D%0A%20%20if%20%28%21timeout%29%20%7B%0A%20%20%2F%2F%20if%20we%20get%20here%2C%20then%20we%20haven%27t%20detected%20the%20end%20of%20a%20momentum%20scroll%2C%20so%0A%20%20%2F%2F%20we%27ll%20consider%20a%20scroll%20%22complete%22%20when%20there%20haven%27t%20been%20any%20wheel%20events%0A%20%20%2F%2F%20for%20500ms.%0A%20%20timeout%20%3D%20nextTick%28%28%29%3D%3E%7B%0A%20%20if%20%28swiper.destroyed%20%7C%7C%20%21swiper.params%29%20return%3B%0A%20%20const%20snapToThreshold%20%3D%200.5%3B%0A%20%20lastEventBeforeSnap%20%3D%20newEvent%3B%0A%20%20recentWheelEvents.splice%280%29%3B%0A%20%20swiper.slideToClosest%28swiper.params.speed%2C%20true%2C%20undefined%2C%20snapToThreshold%29%3B%0A%20%20%7D%2C%20500%29%3B%0A%20%20%7D%0A%20%20%7D%0A%20%20%2F%2F%20Emit%20event%0A%20%20if%20%28%21ignoreWheelEvents%29%20emit%28%27scroll%27%2C%20e%29%3B%0A%20%20%2F%2F%20Stop%20autoplay%0A%20%20if%20%28swiper.params.autoplay%20%26%26%20swiper.params.autoplay.disableOnInteraction%29%20swiper.autoplay.stop%28%29%3B%0A%20%20%2F%2F%20Return%20page%20scroll%20on%20edge%20positions%0A%20%20if%20%28params.releaseOnEdges%20%26%26%20%28position%20%3D%3D%3D%20swiper.minTranslate%28%29%20%7C%7C%20position%20%3D%3D%3D%20swiper.maxTranslate%28%29%29%29%20%7B%0A%20%20return%20true%3B%0A%20%20%7D%0A%20%20%7D%0A%20%20%7D%0A%20%20if%20%28e.preventDefault%29%20e.preventDefault%28%29%3B%0A%20%20else%20e.returnValue%20%3D%20false%3B%0A%20%20return%20false%3B%0A%20%20%7D%0A%20%20function%20events%28method%29%20%7B%0A%20%20let%20targetEl%20%3D%20swiper.el%3B%0A%20%20if%20%28swiper.params.mousewheel.eventsTarget%20%21%3D%3D%20%27container%27%29%20%7B%0A%20%20targetEl%20%3D%20document.querySelector%28swiper.params.mousewheel.eventsTarget%29%3B%0A%20%20%7D%0A%20%20targetEl%5Bmethod%5D%28%27mouseenter%27%2C%20handleMouseEnter%29%3B%0A%20%20targetEl%5Bmethod%5D%28%27mouseleave%27%2C%20handleMouseLeave%29%3B%0A%20%20targetEl%5Bmethod%5D%28%27wheel%27%2C%20handle%29%3B%0A%20%20%7D%0A%20%20function%20enable%28%29%20%7B%0A%20%20if%20%28swiper.params.cssMode%29%20%7B%0A%20%20swiper.wrapperEl.removeEventListener%28%27wheel%27%2C%20handle%29%3B%0A%20%20return%20true%3B%0A%20%20%7D%0A%20%20if%20%28swiper.mousewheel.enabled%29%20return%20false%3B%0A%20%20events%28%27addEventListener%27%29%3B%0A%20%20swiper.mousewheel.enabled%20%3D%20true%3B%0A%20%20return%20true%3B%0A%20%20%7D%0A%20%20function%20disable%28%29%20%7B%0A%20%20if%20%28swiper.params.cssMode%29%20%7B%0A%20%20swiper.wrapperEl.addEventListener%28event%2C%20handle%29%3B%0A%20%20return%20true%3B%0A%20%20%7D%0A%20%20if%20%28%21swiper.mousewheel.enabled%29%20return%20false%3B%0A%20%20events%28%27removeEventListener%27%29%3B%0A%20%20swiper.mousewheel.enabled%20%3D%20false%3B%0A%20%20return%20true%3B%0A%20%20%7D%0A%20%20on%28%27init%27%2C%20%28%29%3D%3E%7B%0A%20%20if%20%28%21swiper.params.mousewheel.enabled%20%26%26%20swiper.params.cssMode%29%20%7B%0A%20%20disable%28%29%3B%0A%20%20%7D%0A%20%20if%20%28swiper.params.mousewheel.enabled%29%20enable%28%29%3B%0A%20%20%7D%29%3B%0A%20%20on%28%27destroy%27%2C%20%28%29%3D%3E%7B%0A%20%20if%20%28swiper.params.cssMode%29%20%7B%0A%20%20enable%28%29%3B%0A%20%20%7D%0A%20%20if%20%28swiper.mousewheel.enabled%29%20disable%28%29%3B%0A%20%20%7D%29%3B%0A%20%20Object.assign%28swiper.mousewheel%2C%20%7B%0A%20%20enable%2C%0A%20%20disable%0A%20%20%7D%29%3B%0A%20%20%7D%0A%20%20%3B%0A%20%20%3B%0A%20%20function%20createElementIfNotDefined%28swiper%2C%20originalParams%2C%20params%2C%20checkProps%29%20%7B%0A%20%20if%20%28swiper.params.createElements%29%20%7B%0A%20%20Object.keys%28checkProps%29.forEach%28%28key%29%3D%3E%7B%0A%20%20if%20%28%21params%5Bkey%5D%20%26%26%20params.auto%20%3D%3D%3D%20true%29%20%7B%0A%20%20let%20element%20%3D%20elementChildren%28swiper.el%2C%20%60.%24%7BcheckProps%5Bkey%5D%7D%60%29%5B0%5D%3B%0A%20%20if%20%28%21element%29%20%7B%0A%20%20element%20%3D%20createElement%28%27div%27%2C%20checkProps%5Bkey%5D%29%3B%0A%20%20element.className%20%3D%20checkProps%5Bkey%5D%3B%0A%20%20swiper.el.append%28element%29%3B%0A%20%20%7D%0A%20%20params%5Bkey%5D%20%3D%20element%3B%0A%20%20originalParams%5Bkey%5D%20%3D%20element%3B%0A%20%20%7D%0A%20%20%7D%29%3B%0A%20%20%7D%0A%20%20return%20params%3B%0A%20%20%7D%0A%20%20%3B%0A%20%20%3B%0A%20%20%3B%0A%20%20const%20arrowSvg%20%3D%20%60%3Csvg%20class%3D%22swiper-navigation-icon%22%20width%3D%2211%22%20height%3D%2220%22%20viewBox%3D%220%200%2011%2020%22%20fill%3D%22none%22%20xmlns%3D%22http%3A%2F%2Fwww.w3.org%2F2000%2Fsvg%22%3E%3Cpath%20d%3D%22M0.38296%2020.0762C0.111788%2019.805%200.111788%2019.3654%200.38296%2019.0942L9.19758%2010.2796L0.38296%201.46497C0.111788%201.19379%200.111788%200.754138%200.38296%200.482966C0.654131%200.211794%201.09379%200.211794%201.36496%200.482966L10.4341%209.55214C10.8359%209.9539%2010.8359%2010.6053%2010.4341%2011.007L1.36496%2020.0762C1.09379%2020.3474%200.654131%2020.3474%200.38296%2020.0762Z%22%20fill%3D%22currentColor%22%2F%3E%3C%2Fsvg%3E%60%3B%0A%20%20function%20Navigation%28%7B%20swiper%2C%20extendParams%2C%20on%2C%20emit%20%7D%29%20%7B%0A%20%20extendParams%28%7B%0A%20%20navigation%3A%20%7B%0A%20%20nextEl%3A%20null%2C%0A%20%20prevEl%3A%20null%2C%0A%20%20addIcons%3A%20true%2C%0A%20%20hideOnClick%3A%20false%2C%0A%20%20disabledClass%3A%20%27swiper-button-disabled%27%2C%0A%20%20hiddenClass%3A%20%27swiper-button-hidden%27%2C%0A%20%20lockClass%3A%20%27swiper-button-lock%27%2C%0A%20%20navigationDisabledClass%3A%20%27swiper-navigation-disabled%27%0A%20%20%7D%0A%20%20%7D%29%3B%0A%20%20swiper.navigation%20%3D%20%7B%0A%20%20nextEl%3A%20null%2C%0A%20%20prevEl%3A%20null%2C%0A%20%20arrowSvg%0A%20%20%7D%3B%0A%20%20function%20getEl%28el%29%20%7B%0A%20%20let%20res%3B%0A%20%20if%20%28el%20%26%26%20typeof%20el%20%3D%3D%3D%20%27string%27%20%26%26%20swiper.isElement%29%20%7B%0A%20%20res%20%3D%20swiper.el.querySelector%28el%29%20%7C%7C%20swiper.hostEl.querySelector%28el%29%3B%0A%20%20if%20%28res%29%20return%20res%3B%0A%20%20%7D%0A%20%20if%20%28el%29%20%7B%0A%20%20if%20%28typeof%20el%20%3D%3D%3D%20%27string%27%29%20res%20%3D%20%5B%0A%20%20...document.querySelectorAll%28el%29%0A%20%20%5D%3B%0A%20%20if%20%28swiper.params.uniqueNavElements%20%26%26%20typeof%20el%20%3D%3D%3D%20%27string%27%20%26%26%20res%20%26%26%20res.length%20%3E%201%20%26%26%20swiper.el.querySelectorAll%28el%29.length%20%3D%3D%3D%201%29%20%7B%0A%20%20res%20%3D%20swiper.el.querySelector%28el%29%3B%0A%20%20%7D%20else%20if%20%28res%20%26%26%20res.length%20%3D%3D%3D%201%29%20%7B%0A%20%20res%20%3D%20res%5B0%5D%3B%0A%20%20%7D%0A%20%20%7D%0A%20%20if%20%28el%20%26%26%20%21res%29%20return%20el%3B%0A%20%20%2F%2F%20if%20%28Array.isArray%28res%29%20%26%26%20res.length%20%3D%3D%3D%201%29%20res%20%3D%20res%5B0%5D%3B%0A%20%20return%20res%3B%0A%20%20%7D%0A%20%20function%20toggleEl%28el%2C%20disabled%29%20%7B%0A%20%20const%20params%20%3D%20swiper.params.navigation%3B%0A%20%20el%20%3D%20makeElementsArray%28el%29%3B%0A%20%20el.forEach%28%28subEl%29%3D%3E%7B%0A%20%20if%20%28subEl%29%20%7B%0A%20%20subEl.classList%5Bdisabled%20%3F%20%27add%27%20%3A%20%27remove%27%5D%28...params.disabledClass.split%28%27%20%27%29%29%3B%0A%20%20if%20%28subEl.tagName%20%3D%3D%3D%20%27BUTTON%27%29%20subEl.disabled%20%3D%20disabled%3B%0A%20%20if%20%28swiper.params.watchOverflow%20%26%26%20swiper.enabled%29%20%7B%0A%20%20subEl.classList%5Bswiper.isLocked%20%3F%20%27add%27%20%3A%20%27remove%27%5D%28params.lockClass%29%3B%0A%20%20%7D%0A%20%20%7D%0A%20%20%7D%29%3B%0A%20%20%7D%0A%20%20function%20update%28%29%20%7B%0A%20%20%2F%2F%20Update%20Navigation%20Buttons%0A%20%20const%20%7B%20nextEl%2C%20prevEl%20%7D%20%3D%20swiper.navigation%3B%0A%20%20if%20%28swiper.params.loop%29%20%7B%0A%20%20toggleEl%28prevEl%2C%20false%29%3B%0A%20%20toggleEl%28nextEl%2C%20false%29%3B%0A%20%20return%3B%0A%20%20%7D%0A%20%20toggleEl%28prevEl%2C%20swiper.isBeginning%20%26%26%20%21swiper.params.rewind%29%3B%0A%20%20toggleEl%28nextEl%2C%20swiper.isEnd%20%26%26%20%21swiper.params.rewind%29%3B%0A%20%20%7D%0A%20%20function%20onPrevClick%28e%29%20%7B%0A%20%20e.preventDefault%28%29%3B%0A%20%20if%20%28swiper.isBeginning%20%26%26%20%21swiper.params.loop%20%26%26%20%21swiper.params.rewind%29%20return%3B%0A%20%20swiper.slidePrev%28%29%3B%0A%20%20emit%28%27navigationPrev%27%29%3B%0A%20%20%7D%0A%20%20function%20onNextClick%28e%29%20%7B%0A%20%20e.preventDefault%28%29%3B%0A%20%20if%20%28swiper.isEnd%20%26%26%20%21swiper.params.loop%20%26%26%20%21swiper.params.rewind%29%20return%3B%0A%20%20swiper.slideNext%28%29%3B%0A%20%20emit%28%27navigationNext%27%29%3B%0A%20%20%7D%0A%20%20function%20init%28%29%20%7B%0A%20%20const%20params%20%3D%20swiper.params.navigation%3B%0A%20%20swiper.params.navigation%20%3D%20createElementIfNotDefined%28swiper%2C%20swiper.originalParams.navigation%2C%20swiper.params.navigation%2C%20%7B%0A%20%20nextEl%3A%20%27swiper-button-next%27%2C%0A%20%20prevEl%3A%20%27swiper-button-prev%27%0A%20%20%7D%29%3B%0A%20%20if%20%28%21%28params.nextEl%20%7C%7C%20params.prevEl%29%29%20return%3B%0A%20%20let%20nextEl%20%3D%20getEl%28params.nextEl%29%3B%0A%20%20let%20prevEl%20%3D%20getEl%28params.prevEl%29%3B%0A%20%20Object.assign%28swiper.navigation%2C%20%7B%0A%20%20nextEl%2C%0A%20%20prevEl%0A%20%20%7D%29%3B%0A%20%20nextEl%20%3D%20makeElementsArray%28nextEl%29%3B%0A%20%20prevEl%20%3D%20makeElementsArray%28prevEl%29%3B%0A%20%20const%20initButton%20%3D%20%28el%2C%20dir%29%3D%3E%7B%0A%20%20if%20%28el%29%20%7B%0A%20%20if%20%28params.addIcons%20%26%26%20el.matches%28%27.swiper-button-next%2C.swiper-button-prev%27%29%20%26%26%20%21el.querySelector%28%27svg%27%29%29%20%7B%0A%20%20const%20tempEl%20%3D%20document.createElement%28%27div%27%29%3B%0A%20%20setInnerHTML%28tempEl%2C%20arrowSvg%29%3B%0A%20%20el.appendChild%28tempEl.querySelector%28%27svg%27%29%29%3B%0A%20%20tempEl.remove%28%29%3B%0A%20%20%7D%0A%20%20el.addEventListener%28%27click%27%2C%20dir%20%3D%3D%3D%20%27next%27%20%3F%20onNextClick%20%3A%20onPrevClick%29%3B%0A%20%20%7D%0A%20%20if%20%28%21swiper.enabled%20%26%26%20el%29%20%7B%0A%20%20el.classList.add%28...params.lockClass.split%28%27%20%27%29%29%3B%0A%20%20%7D%0A%20%20%7D%3B%0A%20%20nextEl.forEach%28%28el%29%3D%3EinitButton%28el%2C%20%27next%27%29%29%3B%0A%20%20prevEl.forEach%28%28el%29%3D%3EinitButton%28el%2C%20%27prev%27%29%29%3B%0A%20%20%7D%0A%20%20function%20destroy%28%29%20%7B%0A%20%20let%20%7B%20nextEl%2C%20prevEl%20%7D%20%3D%20swiper.navigation%3B%0A%20%20nextEl%20%3D%20makeElementsArray%28nextEl%29%3B%0A%20%20prevEl%20%3D%20makeElementsArray%28prevEl%29%3B%0A%20%20const%20destroyButton%20%3D%20%28el%2C%20dir%29%3D%3E%7B%0A%20%20el.removeEventListener%28%27click%27%2C%20dir%20%3D%3D%3D%20%27next%27%20%3F%20onNextClick%20%3A%20onPrevClick%29%3B%0A%20%20el.classList.remove%28...swiper.params.navigation.disabledClass.split%28%27%20%27%29%29%3B%0A%20%20%7D%3B%0A%20%20nextEl.forEach%28%28el%29%3D%3EdestroyButton%28el%2C%20%27next%27%29%29%3B%0A%20%20prevEl.forEach%28%28el%29%3D%3EdestroyButton%28el%2C%20%27prev%27%29%29%3B%0A%20%20%7D%0A%20%20on%28%27init%27%2C%20%28%29%3D%3E%7B%0A%20%20if%20%28swiper.params.navigation.enabled%20%3D%3D%3D%20false%29%20%7B%0A%20%20%2F%2F%20eslint-disable-next-line%0A%20%20disable%28%29%3B%0A%20%20%7D%20else%20%7B%0A%20%20init%28%29%3B%0A%20%20update%28%29%3B%0A%20%20%7D%0A%20%20%7D%29%3B%0A%20%20on%28%27toEdge%20fromEdge%20lock%20unlock%27%2C%20%28%29%3D%3E%7B%0A%20%20update%28%29%3B%0A%20%20%7D%29%3B%0A%20%20on%28%27destroy%27%2C%20%28%29%3D%3E%7B%0A%20%20destroy%28%29%3B%0A%20%20%7D%29%3B%0A%20%20on%28%27enable%20disable%27%2C%20%28%29%3D%3E%7B%0A%20%20let%20%7B%20nextEl%2C%20prevEl%20%7D%20%3D%20swiper.navigation%3B%0A%20%20nextEl%20%3D%20makeElementsArray%28nextEl%29%3B%0A%20%20prevEl%20%3D%20makeElementsArray%28prevEl%29%3B%0A%20%20if%20%28swiper.enabled%29%20%7B%0A%20%20update%28%29%3B%0A%20%20return%3B%0A%20%20%7D%0A%20%20%5B%0A%20%20...nextEl%2C%0A%20%20...prevEl%0A%20%20%5D.filter%28%28el%29%3D%3E%21%21el%29.forEach%28%28el%29%3D%3Eel.classList.add%28swiper.params.navigation.lockClass%29%29%3B%0A%20%20%7D%29%3B%0A%20%20on%28%27click%27%2C%20%28_s%2C%20e%29%3D%3E%7B%0A%20%20let%20%7B%20nextEl%2C%20prevEl%20%7D%20%3D%20swiper.navigation%3B%0A%20%20nextEl%20%3D%20makeElementsArray%28nextEl%29%3B%0A%20%20prevEl%20%3D%20makeElementsArray%28prevEl%29%3B%0A%20%20const%20targetEl%20%3D%20e.target%3B%0A%20%20let%20targetIsButton%20%3D%20prevEl.includes%28targetEl%29%20%7C%7C%20nextEl.includes%28targetEl%29%3B%0A%20%20if%20%28swiper.isElement%20%26%26%20%21targetIsButton%29%20%7B%0A%20%20const%20path%20%3D%20e.path%20%7C%7C%20e.composedPath%20%26%26%20e.composedPath%28%29%3B%0A%20%20if%20%28path%29%20%7B%0A%20%20targetIsButton%20%3D%20path.find%28%28pathEl%29%3D%3EnextEl.includes%28pathEl%29%20%7C%7C%20prevEl.includes%28pathEl%29%29%3B%0A%20%20%7D%0A%20%20%7D%0A%20%20if%20%28swiper.params.navigation.hideOnClick%20%26%26%20%21targetIsButton%29%20%7B%0A%20%20if%20%28swiper.pagination%20%26%26%20swiper.params.pagination%20%26%26%20swiper.params.pagination.clickable%20%26%26%20%28swiper.pagination.el%20%3D%3D%3D%20targetEl%20%7C%7C%20swiper.pagination.el.contains%28targetEl%29%29%29%20return%3B%0A%20%20let%20isHidden%3B%0A%20%20if%20%28nextEl.length%29%20%7B%0A%20%20isHidden%20%3D%20nextEl%5B0%5D.classList.contains%28swiper.params.navigation.hiddenClass%29%3B%0A%20%20%7D%20else%20if%20%28prevEl.length%29%20%7B%0A%20%20isHidden%20%3D%20prevEl%5B0%5D.classList.contains%28swiper.params.navigation.hiddenClass%29%3B%0A%20%20%7D%0A%20%20if%20%28isHidden%20%3D%3D%3D%20true%29%20%7B%0A%20%20emit%28%27navigationShow%27%29%3B%0A%20%20%7D%20else%20%7B%0A%20%20emit%28%27navigationHide%27%29%3B%0A%20%20%7D%0A%20%20%5B%0A%20%20...nextEl%2C%0A%20%20...prevEl%0A%20%20%5D.filter%28%28el%29%3D%3E%21%21el%29.forEach%28%28el%29%3D%3Eel.classList.toggle%28swiper.params.navigation.hiddenClass%29%29%3B%0A%20%20%7D%0A%20%20%7D%29%3B%0A%20%20const%20enable%20%3D%20%28%29%3D%3E%7B%0A%20%20swiper.el.classList.remove%28...swiper.params.navigation.navigationDisabledClass.split%28%27%20%27%29%29%3B%0A%20%20init%28%29%3B%0A%20%20update%28%29%3B%0A%20%20%7D%3B%0A%20%20const%20disable%20%3D%20%28%29%3D%3E%7B%0A%20%20swiper.el.classList.add%28...swiper.params.navigation.navigationDisabledClass.split%28%27%20%27%29%29%3B%0A%20%20destroy%28%29%3B%0A%20%20%7D%3B%0A%20%20Object.assign%28swiper.navigation%2C%20%7B%0A%20%20enable%2C%0A%20%20disable%2C%0A%20%20update%2C%0A%20%20init%2C%0A%20%20destroy%0A%20%20%7D%29%3B%0A%20%20%7D%0A%20%20%3B%0A%20%20function%20classesToSelector%28classes%20%3D%20%27%27%29%20%7B%0A%20%20%2F%2F%20Escape%20all%20CSS%20selector%20special%20characters%0A%20%20return%20%60.%24%7Bclasses.trim%28%29.replace%28%2F%28%5B%5C.%3A%21%2B%5C%2F%28%29%5B%5C%5D%23%3E~%2A%5E%24%7C%3D%2C%27%22%40%7B%7D%5C%5C%5D%29%2Fg%2C%20%27%5C%5C%241%27%29%20%2F%2F%20eslint-disable-line%0A%20%20.replace%28%2F%20%2Fg%2C%20%27.%27%29%7D%60%3B%0A%20%20%7D%0A%20%20%3B%0A%20%20%3B%0A%20%20%3B%0A%20%20%3B%0A%20%20function%20Pagination%28%7B%20swiper%2C%20extendParams%2C%20on%2C%20emit%20%7D%29%20%7B%0A%20%20const%20pfx%20%3D%20%27swiper-pagination%27%3B%0A%20%20extendParams%28%7B%0A%20%20pagination%3A%20%7B%0A%20%20el%3A%20null%2C%0A%20%20bulletElement%3A%20%27span%27%2C%0A%20%20clickable%3A%20false%2C%0A%20%20hideOnClick%3A%20false%2C%0A%20%20renderBullet%3A%20null%2C%0A%20%20renderProgressbar%3A%20null%2C%0A%20%20renderFraction%3A%20null%2C%0A%20%20renderCustom%3A%20null%2C%0A%20%20progressbarOpposite%3A%20false%2C%0A%20%20type%3A%20%27bullets%27%2C%0A%20%20%2F%2F%20%27bullets%27%20or%20%27progressbar%27%20or%20%27fraction%27%20or%20%27custom%27%0A%20%20dynamicBullets%3A%20false%2C%0A%20%20dynamicMainBullets%3A%201%2C%0A%20%20formatFractionCurrent%3A%20%28number%29%3D%3Enumber%2C%0A%20%20formatFractionTotal%3A%20%28number%29%3D%3Enumber%2C%0A%20%20bulletClass%3A%20%60%24%7Bpfx%7D-bullet%60%2C%0A%20%20bulletActiveClass%3A%20%60%24%7Bpfx%7D-bullet-active%60%2C%0A%20%20modifierClass%3A%20%60%24%7Bpfx%7D-%60%2C%0A%20%20currentClass%3A%20%60%24%7Bpfx%7D-current%60%2C%0A%20%20totalClass%3A%20%60%24%7Bpfx%7D-total%60%2C%0A%20%20hiddenClass%3A%20%60%24%7Bpfx%7D-hidden%60%2C%0A%20%20progressbarFillClass%3A%20%60%24%7Bpfx%7D-progressbar-fill%60%2C%0A%20%20progressbarOppositeClass%3A%20%60%24%7Bpfx%7D-progressbar-opposite%60%2C%0A%20%20clickableClass%3A%20%60%24%7Bpfx%7D-clickable%60%2C%0A%20%20lockClass%3A%20%60%24%7Bpfx%7D-lock%60%2C%0A%20%20horizontalClass%3A%20%60%24%7Bpfx%7D-horizontal%60%2C%0A%20%20verticalClass%3A%20%60%24%7Bpfx%7D-vertical%60%2C%0A%20%20paginationDisabledClass%3A%20%60%24%7Bpfx%7D-disabled%60%0A%20%20%7D%0A%20%20%7D%29%3B%0A%20%20swiper.pagination%20%3D%20%7B%0A%20%20el%3A%20null%2C%0A%20%20bullets%3A%20%5B%5D%0A%20%20%7D%3B%0A%20%20let%20bulletSize%3B%0A%20%20let%20dynamicBulletIndex%20%3D%200%3B%0A%20%20function%20isPaginationDisabled%28%29%20%7B%0A%20%20return%20%21swiper.params.pagination.el%20%7C%7C%20%21swiper.pagination.el%20%7C%7C%20Array.isArray%28swiper.pagination.el%29%20%26%26%20swiper.pagination.el.length%20%3D%3D%3D%200%3B%0A%20%20%7D%0A%20%20function%20setSideBullets%28bulletEl%2C%20position%29%20%7B%0A%20%20const%20%7B%20bulletActiveClass%20%7D%20%3D%20swiper.params.pagination%3B%0A%20%20if%20%28%21bulletEl%29%20return%3B%0A%20%20bulletEl%20%3D%20bulletEl%5B%60%24%7Bposition%20%3D%3D%3D%20%27prev%27%20%3F%20%27previous%27%20%3A%20%27next%27%7DElementSibling%60%5D%3B%0A%20%20if%20%28bulletEl%29%20%7B%0A%20%20bulletEl.classList.add%28%60%24%7BbulletActiveClass%7D-%24%7Bposition%7D%60%29%3B%0A%20%20bulletEl%20%3D%20bulletEl%5B%60%24%7Bposition%20%3D%3D%3D%20%27prev%27%20%3F%20%27previous%27%20%3A%20%27next%27%7DElementSibling%60%5D%3B%0A%20%20if%20%28bulletEl%29%20%7B%0A%20%20bulletEl.classList.add%28%60%24%7BbulletActiveClass%7D-%24%7Bposition%7D-%24%7Bposition%7D%60%29%3B%0A%20%20%7D%0A%20%20%7D%0A%20%20%7D%0A%20%20function%20getMoveDirection%28prevIndex%2C%20nextIndex%2C%20length%29%20%7B%0A%20%20prevIndex%20%3D%20prevIndex%20%25%20length%3B%0A%20%20nextIndex%20%3D%20nextIndex%20%25%20length%3B%0A%20%20if%20%28nextIndex%20%3D%3D%3D%20prevIndex%20%2B%201%29%20%7B%0A%20%20return%20%27next%27%3B%0A%20%20%7D%20else%20if%20%28nextIndex%20%3D%3D%3D%20prevIndex%20-%201%29%20%7B%0A%20%20return%20%27previous%27%3B%0A%20%20%7D%0A%20%20return%3B%0A%20%20%7D%0A%20%20function%20onBulletClick%28e%29%20%7B%0A%20%20const%20bulletEl%20%3D%20e.target.closest%28classesToSelector%28swiper.params.pagination.bulletClass%29%29%3B%0A%20%20if%20%28%21bulletEl%29%20%7B%0A%20%20return%3B%0A%20%20%7D%0A%20%20e.preventDefault%28%29%3B%0A%20%20const%20index%20%3D%20elementIndex%28bulletEl%29%20%2A%20swiper.params.slidesPerGroup%3B%0A%20%20if%20%28swiper.params.loop%29%20%7B%0A%20%20if%20%28swiper.realIndex%20%3D%3D%3D%20index%29%20return%3B%0A%20%20const%20moveDirection%20%3D%20getMoveDirection%28swiper.realIndex%2C%20index%2C%20swiper.slides.length%29%3B%0A%20%20if%20%28moveDirection%20%3D%3D%3D%20%27next%27%29%20%7B%0A%20%20swiper.slideNext%28%29%3B%0A%20%20%7D%20else%20if%20%28moveDirection%20%3D%3D%3D%20%27previous%27%29%20%7B%0A%20%20swiper.slidePrev%28%29%3B%0A%20%20%7D%20else%20%7B%0A%20%20swiper.slideToLoop%28index%29%3B%0A%20%20%7D%0A%20%20%7D%20else%20%7B%0A%20%20swiper.slideTo%28index%29%3B%0A%20%20%7D%0A%20%20%7D%0A%20%20function%20update%28%29%20%7B%0A%20%20%2F%2F%20Render%20%7C%7C%20Update%20Pagination%20bullets%2Fitems%0A%20%20const%20rtl%20%3D%20swiper.rtl%3B%0A%20%20const%20params%20%3D%20swiper.params.pagination%3B%0A%20%20if%20%28isPaginationDisabled%28%29%29%20return%3B%0A%20%20let%20el%20%3D%20swiper.pagination.el%3B%0A%20%20el%20%3D%20makeElementsArray%28el%29%3B%0A%20%20%2F%2F%20Current%2FTotal%0A%20%20let%20current%3B%0A%20%20let%20previousIndex%3B%0A%20%20const%20slidesLength%20%3D%20swiper.virtual%20%26%26%20swiper.params.virtual.enabled%20%3F%20swiper.virtual.slides.length%20%3A%20swiper.slides.length%3B%0A%20%20const%20total%20%3D%20swiper.params.loop%20%3F%20Math.ceil%28slidesLength%20%2F%20swiper.params.slidesPerGroup%29%20%3A%20swiper.snapGrid.length%3B%0A%20%20if%20%28swiper.params.loop%29%20%7B%0A%20%20previousIndex%20%3D%20swiper.previousRealIndex%20%7C%7C%200%3B%0A%20%20current%20%3D%20swiper.params.slidesPerGroup%20%3E%201%20%3F%20Math.floor%28swiper.realIndex%20%2F%20swiper.params.slidesPerGroup%29%20%3A%20swiper.realIndex%3B%0A%20%20%7D%20else%20if%20%28typeof%20swiper.snapIndex%20%21%3D%3D%20%27undefined%27%29%20%7B%0A%20%20current%20%3D%20swiper.snapIndex%3B%0A%20%20previousIndex%20%3D%20swiper.previousSnapIndex%3B%0A%20%20%7D%20else%20%7B%0A%20%20previousIndex%20%3D%20swiper.previousIndex%20%7C%7C%200%3B%0A%20%20current%20%3D%20swiper.activeIndex%20%7C%7C%200%3B%0A%20%20%7D%0A%20%20%2F%2F%20Types%0A%20%20if%20%28params.type%20%3D%3D%3D%20%27bullets%27%20%26%26%20swiper.pagination.bullets%20%26%26%20swiper.pagination.bullets.length%20%3E%200%29%20%7B%0A%20%20const%20bullets%20%3D%20swiper.pagination.bullets%3B%0A%20%20let%20firstIndex%3B%0A%20%20let%20lastIndex%3B%0A%20%20let%20midIndex%3B%0A%20%20if%20%28params.dynamicBullets%29%20%7B%0A%20%20bulletSize%20%3D%20elementOuterSize%28bullets%5B0%5D%2C%20swiper.isHorizontal%28%29%20%3F%20%27width%27%20%3A%20%27height%27%2C%20true%29%3B%0A%20%20el.forEach%28%28subEl%29%3D%3E%7B%0A%20%20subEl.style%5Bswiper.isHorizontal%28%29%20%3F%20%27width%27%20%3A%20%27height%27%5D%20%3D%20%60%24%7BbulletSize%20%2A%20%28params.dynamicMainBullets%20%2B%204%29%7Dpx%60%3B%0A%20%20%7D%29%3B%0A%20%20if%20%28params.dynamicMainBullets%20%3E%201%20%26%26%20previousIndex%20%21%3D%3D%20undefined%29%20%7B%0A%20%20dynamicBulletIndex%20%2B%3D%20current%20-%20%28previousIndex%20%7C%7C%200%29%3B%0A%20%20if%20%28dynamicBulletIndex%20%3E%20params.dynamicMainBullets%20-%201%29%20%7B%0A%20%20dynamicBulletIndex%20%3D%20params.dynamicMainBullets%20-%201%3B%0A%20%20%7D%20else%20if%20%28dynamicBulletIndex%20%3C%200%29%20%7B%0A%20%20dynamicBulletIndex%20%3D%200%3B%0A%20%20%7D%0A%20%20%7D%0A%20%20firstIndex%20%3D%20Math.max%28current%20-%20dynamicBulletIndex%2C%200%29%3B%0A%20%20lastIndex%20%3D%20firstIndex%20%2B%20%28Math.min%28bullets.length%2C%20params.dynamicMainBullets%29%20-%201%29%3B%0A%20%20midIndex%20%3D%20%28lastIndex%20%2B%20firstIndex%29%20%2F%202%3B%0A%20%20%7D%0A%20%20bullets.forEach%28%28bulletEl%29%3D%3E%7B%0A%20%20const%20classesToRemove%20%3D%20%5B%0A%20%20...%5B%0A%20%20%27%27%2C%0A%20%20%27-next%27%2C%0A%20%20%27-next-next%27%2C%0A%20%20%27-prev%27%2C%0A%20%20%27-prev-prev%27%2C%0A%20%20%27-main%27%0A%20%20%5D.map%28%28suffix%29%3D%3E%60%24%7Bparams.bulletActiveClass%7D%24%7Bsuffix%7D%60%29%0A%20%20%5D.map%28%28s1%29%3D%3Etypeof%20s1%20%3D%3D%3D%20%27string%27%20%26%26%20s1.includes%28%27%20%27%29%20%3F%20s1.split%28%27%20%27%29%20%3A%20s1%29.flat%28%29%3B%0A%20%20bulletEl.classList.remove%28...classesToRemove%29%3B%0A%20%20%7D%29%3B%0A%20%20if%20%28el.length%20%3E%201%29%20%7B%0A%20%20bullets.forEach%28%28bullet%29%3D%3E%7B%0A%20%20const%20bulletIndex%20%3D%20elementIndex%28bullet%29%3B%0A%20%20if%20%28bulletIndex%20%3D%3D%3D%20current%29%20%7B%0A%20%20bullet.classList.add%28...params.bulletActiveClass.split%28%27%20%27%29%29%3B%0A%20%20%7D%20else%20if%20%28swiper.isElement%29%20%7B%0A%20%20bullet.setAttribute%28%27part%27%2C%20%27bullet%27%29%3B%0A%20%20%7D%0A%20%20if%20%28params.dynamicBullets%29%20%7B%0A%20%20if%20%28bulletIndex%20%3E%3D%20firstIndex%20%26%26%20bulletIndex%20%3C%3D%20lastIndex%29%20%7B%0A%20%20bullet.classList.add%28...%60%24%7Bparams.bulletActiveClass%7D-main%60.split%28%27%20%27%29%29%3B%0A%20%20%7D%0A%20%20if%20%28bulletIndex%20%3D%3D%3D%20firstIndex%29%20%7B%0A%20%20setSideBullets%28bullet%2C%20%27prev%27%29%3B%0A%20%20%7D%0A%20%20if%20%28bulletIndex%20%3D%3D%3D%20lastIndex%29%20%7B%0A%20%20setSideBullets%28bullet%2C%20%27next%27%29%3B%0A%20%20%7D%0A%20%20%7D%0A%20%20%7D%29%3B%0A%20%20%7D%20else%20%7B%0A%20%20const%20bullet%20%3D%20bullets%5Bcurrent%5D%3B%0A%20%20if%20%28bullet%29%20%7B%0A%20%20bullet.classList.add%28...params.bulletActiveClass.split%28%27%20%27%29%29%3B%0A%20%20%7D%0A%20%20if%20%28swiper.isElement%29%20%7B%0A%20%20bullets.forEach%28%28bulletEl%2C%20bulletIndex%29%3D%3E%7B%0A%20%20bulletEl.setAttribute%28%27part%27%2C%20bulletIndex%20%3D%3D%3D%20current%20%3F%20%27bullet-active%27%20%3A%20%27bullet%27%29%3B%0A%20%20%7D%29%3B%0A%20%20%7D%0A%20%20if%20%28params.dynamicBullets%29%20%7B%0A%20%20const%20firstDisplayedBullet%20%3D%20bullets%5BfirstIndex%5D%3B%0A%20%20const%20lastDisplayedBullet%20%3D%20bullets%5BlastIndex%5D%3B%0A%20%20for%28let%20i1%20%3D%20firstIndex%3B%20i1%20%3C%3D%20lastIndex%3B%20i1%20%2B%3D%201%29%7B%0A%20%20if%20%28bullets%5Bi1%5D%29%20%7B%0A%20%20bullets%5Bi1%5D.classList.add%28...%60%24%7Bparams.bulletActiveClass%7D-main%60.split%28%27%20%27%29%29%3B%0A%20%20%7D%0A%20%20%7D%0A%20%20setSideBullets%28firstDisplayedBullet%2C%20%27prev%27%29%3B%0A%20%20setSideBullets%28lastDisplayedBullet%2C%20%27next%27%29%3B%0A%20%20%7D%0A%20%20%7D%0A%20%20if%20%28params.dynamicBullets%29%20%7B%0A%20%20const%20dynamicBulletsLength%20%3D%20Math.min%28bullets.length%2C%20params.dynamicMainBullets%20%2B%204%29%3B%0A%20%20const%20bulletsOffset%20%3D%20%28bulletSize%20%2A%20dynamicBulletsLength%20-%20bulletSize%29%20%2F%202%20-%20midIndex%20%2A%20bulletSize%3B%0A%20%20const%20offsetProp%20%3D%20rtl%20%3F%20%27right%27%20%3A%20%27left%27%3B%0A%20%20bullets.forEach%28%28bullet%29%3D%3E%7B%0A%20%20bullet.style%5Bswiper.isHorizontal%28%29%20%3F%20offsetProp%20%3A%20%27top%27%5D%20%3D%20%60%24%7BbulletsOffset%7Dpx%60%3B%0A%20%20%7D%29%3B%0A%20%20%7D%0A%20%20%7D%0A%20%20el.forEach%28%28subEl%2C%20subElIndex%29%3D%3E%7B%0A%20%20if%20%28params.type%20%3D%3D%3D%20%27fraction%27%29%20%7B%0A%20%20subEl.querySelectorAll%28classesToSelector%28params.currentClass%29%29.forEach%28%28fractionEl%29%3D%3E%7B%0A%20%20fractionEl.textContent%20%3D%20params.formatFractionCurrent%28current%20%2B%201%29%3B%0A%20%20%7D%29%3B%0A%20%20subEl.querySelectorAll%28classesToSelector%28params.totalClass%29%29.forEach%28%28totalEl%29%3D%3E%7B%0A%20%20totalEl.textContent%20%3D%20params.formatFractionTotal%28total%29%3B%0A%20%20%7D%29%3B%0A%20%20%7D%0A%20%20if%20%28params.type%20%3D%3D%3D%20%27progressbar%27%29%20%7B%0A%20%20let%20progressbarDirection%3B%0A%20%20if%20%28params.progressbarOpposite%29%20%7B%0A%20%20progressbarDirection%20%3D%20swiper.isHorizontal%28%29%20%3F%20%27vertical%27%20%3A%20%27horizontal%27%3B%0A%20%20%7D%20else%20%7B%0A%20%20progressbarDirection%20%3D%20swiper.isHorizontal%28%29%20%3F%20%27horizontal%27%20%3A%20%27vertical%27%3B%0A%20%20%7D%0A%20%20const%20scale%20%3D%20%28current%20%2B%201%29%20%2F%20total%3B%0A%20%20let%20scaleX%20%3D%201%3B%0A%20%20let%20scaleY%20%3D%201%3B%0A%20%20if%20%28progressbarDirection%20%3D%3D%3D%20%27horizontal%27%29%20%7B%0A%20%20scaleX%20%3D%20scale%3B%0A%20%20%7D%20else%20%7B%0A%20%20scaleY%20%3D%20scale%3B%0A%20%20%7D%0A%20%20subEl.querySelectorAll%28classesToSelector%28params.progressbarFillClass%29%29.forEach%28%28progressEl%29%3D%3E%7B%0A%20%20progressEl.style.transform%20%3D%20%60translate3d%280%2C0%2C0%29%20scaleX%28%24%7BscaleX%7D%29%20scaleY%28%24%7BscaleY%7D%29%60%3B%0A%20%20progressEl.style.transitionDuration%20%3D%20%60%24%7Bswiper.params.speed%7Dms%60%3B%0A%20%20%7D%29%3B%0A%20%20%7D%0A%20%20if%20%28params.type%20%3D%3D%3D%20%27custom%27%20%26%26%20params.renderCustom%29%20%7B%0A%20%20setInnerHTML%28subEl%2C%20params.renderCustom%28swiper%2C%20current%20%2B%201%2C%20total%29%29%3B%0A%20%20if%20%28subElIndex%20%3D%3D%3D%200%29%20emit%28%27paginationRender%27%2C%20subEl%29%3B%0A%20%20%7D%20else%20%7B%0A%20%20if%20%28subElIndex%20%3D%3D%3D%200%29%20emit%28%27paginationRender%27%2C%20subEl%29%3B%0A%20%20emit%28%27paginationUpdate%27%2C%20subEl%29%3B%0A%20%20%7D%0A%20%20if%20%28swiper.params.watchOverflow%20%26%26%20swiper.enabled%29%20%7B%0A%20%20subEl.classList%5Bswiper.isLocked%20%3F%20%27add%27%20%3A%20%27remove%27%5D%28params.lockClass%29%3B%0A%20%20%7D%0A%20%20%7D%29%3B%0A%20%20%7D%0A%20%20function%20render%28%29%20%7B%0A%20%20%2F%2F%20Render%20Container%0A%20%20const%20params%20%3D%20swiper.params.pagination%3B%0A%20%20if%20%28isPaginationDisabled%28%29%29%20return%3B%0A%20%20const%20slidesLength%20%3D%20swiper.virtual%20%26%26%20swiper.params.virtual.enabled%20%3F%20swiper.virtual.slides.length%20%3A%20swiper.grid%20%26%26%20swiper.params.grid.rows%20%3E%201%20%3F%20swiper.slides.length%20%2F%20Math.ceil%28swiper.params.grid.rows%29%20%3A%20swiper.slides.length%3B%0A%20%20let%20el%20%3D%20swiper.pagination.el%3B%0A%20%20el%20%3D%20makeElementsArray%28el%29%3B%0A%20%20let%20paginationHTML%20%3D%20%27%27%3B%0A%20%20if%20%28params.type%20%3D%3D%3D%20%27bullets%27%29%20%7B%0A%20%20let%20numberOfBullets%20%3D%20swiper.params.loop%20%3F%20Math.ceil%28slidesLength%20%2F%20swiper.params.slidesPerGroup%29%20%3A%20swiper.snapGrid.length%3B%0A%20%20if%20%28swiper.params.freeMode%20%26%26%20swiper.params.freeMode.enabled%20%26%26%20numberOfBullets%20%3E%20slidesLength%29%20%7B%0A%20%20numberOfBullets%20%3D%20slidesLength%3B%0A%20%20%7D%0A%20%20for%28let%20i1%20%3D%200%3B%20i1%20%3C%20numberOfBullets%3B%20i1%20%2B%3D%201%29%7B%0A%20%20if%20%28params.renderBullet%29%20%7B%0A%20%20paginationHTML%20%2B%3D%20params.renderBullet.call%28swiper%2C%20i1%2C%20params.bulletClass%29%3B%0A%20%20%7D%20else%20%7B%0A%20%20%2F%2F%20prettier-ignore%0A%20%20paginationHTML%20%2B%3D%20%60%3C%24%7Bparams.bulletElement%7D%20%24%7Bswiper.isElement%20%3F%20%27part%3D%22bullet%22%27%20%3A%20%27%27%7D%20class%3D%22%24%7Bparams.bulletClass%7D%22%3E%3C%2F%24%7Bparams.bulletElement%7D%3E%60%3B%0A%20%20%7D%0A%20%20%7D%0A%20%20%7D%0A%20%20if%20%28params.type%20%3D%3D%3D%20%27fraction%27%29%20%7B%0A%20%20if%20%28params.renderFraction%29%20%7B%0A%20%20paginationHTML%20%3D%20params.renderFraction.call%28swiper%2C%20params.currentClass%2C%20params.totalClass%29%3B%0A%20%20%7D%20else%20%7B%0A%20%20paginationHTML%20%3D%20%60%3Cspan%20class%3D%22%24%7Bparams.currentClass%7D%22%3E%3C%2Fspan%3E%60%20%2B%20%27%20%2F%20%27%20%2B%20%60%3Cspan%20class%3D%22%24%7Bparams.totalClass%7D%22%3E%3C%2Fspan%3E%60%3B%0A%20%20%7D%0A%20%20%7D%0A%20%20if%20%28params.type%20%3D%3D%3D%20%27progressbar%27%29%20%7B%0A%20%20if%20%28params.renderProgressbar%29%20%7B%0A%20%20paginationHTML%20%3D%20params.renderProgressbar.call%28swiper%2C%20params.progressbarFillClass%29%3B%0A%20%20%7D%20else%20%7B%0A%20%20paginationHTML%20%3D%20%60%3Cspan%20class%3D%22%24%7Bparams.progressbarFillClass%7D%22%3E%3C%2Fspan%3E%60%3B%0A%20%20%7D%0A%20%20%7D%0A%20%20swiper.pagination.bullets%20%3D%20%5B%5D%3B%0A%20%20el.forEach%28%28subEl%29%3D%3E%7B%0A%20%20if%20%28params.type%20%21%3D%3D%20%27custom%27%29%20%7B%0A%20%20setInnerHTML%28subEl%2C%20paginationHTML%20%7C%7C%20%27%27%29%3B%0A%20%20%7D%0A%20%20if%20%28params.type%20%3D%3D%3D%20%27bullets%27%29%20%7B%0A%20%20swiper.pagination.bullets.push%28...subEl.querySelectorAll%28classesToSelector%28params.bulletClass%29%29%29%3B%0A%20%20%7D%0A%20%20%7D%29%3B%0A%20%20if%20%28params.type%20%21%3D%3D%20%27custom%27%29%20%7B%0A%20%20emit%28%27paginationRender%27%2C%20el%5B0%5D%29%3B%0A%20%20%7D%0A%20%20%7D%0A%20%20function%20init%28%29%20%7B%0A%20%20swiper.params.pagination%20%3D%20createElementIfNotDefined%28swiper%2C%20swiper.originalParams.pagination%2C%20swiper.params.pagination%2C%20%7B%0A%20%20el%3A%20%27swiper-pagination%27%0A%20%20%7D%29%3B%0A%20%20const%20params%20%3D%20swiper.params.pagination%3B%0A%20%20if%20%28%21params.el%29%20return%3B%0A%20%20let%20el%3B%0A%20%20if%20%28typeof%20params.el%20%3D%3D%3D%20%27string%27%20%26%26%20swiper.isElement%29%20%7B%0A%20%20el%20%3D%20swiper.el.querySelector%28params.el%29%3B%0A%20%20%7D%0A%20%20if%20%28%21el%20%26%26%20typeof%20params.el%20%3D%3D%3D%20%27string%27%29%20%7B%0A%20%20el%20%3D%20%5B%0A%20%20...document.querySelectorAll%28params.el%29%0A%20%20%5D%3B%0A%20%20%7D%0A%20%20if%20%28%21el%29%20%7B%0A%20%20el%20%3D%20params.el%3B%0A%20%20%7D%0A%20%20if%20%28%21el%20%7C%7C%20el.length%20%3D%3D%3D%200%29%20return%3B%0A%20%20if%20%28swiper.params.uniqueNavElements%20%26%26%20typeof%20params.el%20%3D%3D%3D%20%27string%27%20%26%26%20Array.isArray%28el%29%20%26%26%20el.length%20%3E%201%29%20%7B%0A%20%20el%20%3D%20%5B%0A%20%20...swiper.el.querySelectorAll%28params.el%29%0A%20%20%5D%3B%0A%20%20%2F%2F%20check%20if%20it%20belongs%20to%20another%20nested%20Swiper%0A%20%20if%20%28el.length%20%3E%201%29%20%7B%0A%20%20el%20%3D%20el.find%28%28subEl%29%3D%3E%7B%0A%20%20if%20%28elementParents%28subEl%2C%20%27.swiper%27%29%5B0%5D%20%21%3D%3D%20swiper.el%29%20return%20false%3B%0A%20%20return%20true%3B%0A%20%20%7D%29%3B%0A%20%20%7D%0A%20%20%7D%0A%20%20if%20%28Array.isArray%28el%29%20%26%26%20el.length%20%3D%3D%3D%201%29%20el%20%3D%20el%5B0%5D%3B%0A%20%20Object.assign%28swiper.pagination%2C%20%7B%0A%20%20el%0A%20%20%7D%29%3B%0A%20%20el%20%3D%20makeElementsArray%28el%29%3B%0A%20%20el.forEach%28%28subEl%29%3D%3E%7B%0A%20%20if%20%28params.type%20%3D%3D%3D%20%27bullets%27%20%26%26%20params.clickable%29%20%7B%0A%20%20subEl.classList.add%28...%28params.clickableClass%20%7C%7C%20%27%27%29.split%28%27%20%27%29%29%3B%0A%20%20%7D%0A%20%20subEl.classList.add%28params.modifierClass%20%2B%20params.type%29%3B%0A%20%20subEl.classList.add%28swiper.isHorizontal%28%29%20%3F%20params.horizontalClass%20%3A%20params.verticalClass%29%3B%0A%20%20if%20%28params.type%20%3D%3D%3D%20%27bullets%27%20%26%26%20params.dynamicBullets%29%20%7B%0A%20%20subEl.classList.add%28%60%24%7Bparams.modifierClass%7D%24%7Bparams.type%7D-dynamic%60%29%3B%0A%20%20dynamicBulletIndex%20%3D%200%3B%0A%20%20if%20%28params.dynamicMainBullets%20%3C%201%29%20%7B%0A%20%20params.dynamicMainBullets%20%3D%201%3B%0A%20%20%7D%0A%20%20%7D%0A%20%20if%20%28params.type%20%3D%3D%3D%20%27progressbar%27%20%26%26%20params.progressbarOpposite%29%20%7B%0A%20%20subEl.classList.add%28params.progressbarOppositeClass%29%3B%0A%20%20%7D%0A%20%20if%20%28params.clickable%29%20%7B%0A%20%20subEl.addEventListener%28%27click%27%2C%20onBulletClick%29%3B%0A%20%20%7D%0A%20%20if%20%28%21swiper.enabled%29%20%7B%0A%20%20subEl.classList.add%28params.lockClass%29%3B%0A%20%20%7D%0A%20%20%7D%29%3B%0A%20%20%7D%0A%20%20function%20destroy%28%29%20%7B%0A%20%20const%20params%20%3D%20swiper.params.pagination%3B%0A%20%20if%20%28isPaginationDisabled%28%29%29%20return%3B%0A%20%20let%20el%20%3D%20swiper.pagination.el%3B%0A%20%20if%20%28el%29%20%7B%0A%20%20el%20%3D%20makeElementsArray%28el%29%3B%0A%20%20el.forEach%28%28subEl%29%3D%3E%7B%0A%20%20subEl.classList.remove%28params.hiddenClass%29%3B%0A%20%20subEl.classList.remove%28params.modifierClass%20%2B%20params.type%29%3B%0A%20%20subEl.classList.remove%28swiper.isHorizontal%28%29%20%3F%20params.horizontalClass%20%3A%20params.verticalClass%29%3B%0A%20%20if%20%28params.clickable%29%20%7B%0A%20%20subEl.classList.remove%28...%28params.clickableClass%20%7C%7C%20%27%27%29.split%28%27%20%27%29%29%3B%0A%20%20subEl.removeEventListener%28%27click%27%2C%20onBulletClick%29%3B%0A%20%20%7D%0A%20%20%7D%29%3B%0A%20%20%7D%0A%20%20if%20%28swiper.pagination.bullets%29%20swiper.pagination.bullets.forEach%28%28subEl%29%3D%3EsubEl.classList.remove%28...params.bulletActiveClass.split%28%27%20%27%29%29%29%3B%0A%20%20%7D%0A%20%20on%28%27changeDirection%27%2C%20%28%29%3D%3E%7B%0A%20%20if%20%28%21swiper.pagination%20%7C%7C%20%21swiper.pagination.el%29%20return%3B%0A%20%20const%20params%20%3D%20swiper.params.pagination%3B%0A%20%20let%20%7B%20el%20%7D%20%3D%20swiper.pagination%3B%0A%20%20el%20%3D%20makeElementsArray%28el%29%3B%0A%20%20el.forEach%28%28subEl%29%3D%3E%7B%0A%20%20subEl.classList.remove%28params.horizontalClass%2C%20params.verticalClass%29%3B%0A%20%20subEl.classList.add%28swiper.isHorizontal%28%29%20%3F%20params.horizontalClass%20%3A%20params.verticalClass%29%3B%0A%20%20%7D%29%3B%0A%20%20%7D%29%3B%0A%20%20on%28%27init%27%2C%20%28%29%3D%3E%7B%0A%20%20if%20%28swiper.params.pagination.enabled%20%3D%3D%3D%20false%29%20%7B%0A%20%20%2F%2F%20eslint-disable-next-line%0A%20%20disable%28%29%3B%0A%20%20%7D%20else%20%7B%0A%20%20init%28%29%3B%0A%20%20render%28%29%3B%0A%20%20update%28%29%3B%0A%20%20%7D%0A%20%20%7D%29%3B%0A%20%20on%28%27activeIndexChange%27%2C%20%28%29%3D%3E%7B%0A%20%20if%20%28typeof%20swiper.snapIndex%20%3D%3D%3D%20%27undefined%27%29%20%7B%0A%20%20update%28%29%3B%0A%20%20%7D%0A%20%20%7D%29%3B%0A%20%20on%28%27snapIndexChange%27%2C%20%28%29%3D%3E%7B%0A%20%20update%28%29%3B%0A%20%20%7D%29%3B%0A%20%20on%28%27snapGridLengthChange%27%2C%20%28%29%3D%3E%7B%0A%20%20render%28%29%3B%0A%20%20update%28%29%3B%0A%20%20%7D%29%3B%0A%20%20on%28%27destroy%27%2C%20%28%29%3D%3E%7B%0A%20%20destroy%28%29%3B%0A%20%20%7D%29%3B%0A%20%20on%28%27enable%20disable%27%2C%20%28%29%3D%3E%7B%0A%20%20let%20%7B%20el%20%7D%20%3D%20swiper.pagination%3B%0A%20%20if%20%28el%29%20%7B%0A%20%20el%20%3D%20makeElementsArray%28el%29%3B%0A%20%20el.forEach%28%28subEl%29%3D%3EsubEl.classList%5Bswiper.enabled%20%3F%20%27remove%27%20%3A%20%27add%27%5D%28swiper.params.pagination.lockClass%29%29%3B%0A%20%20%7D%0A%20%20%7D%29%3B%0A%20%20on%28%27lock%20unlock%27%2C%20%28%29%3D%3E%7B%0A%20%20update%28%29%3B%0A%20%20%7D%29%3B%0A%20%20on%28%27click%27%2C%20%28_s%2C%20e%29%3D%3E%7B%0A%20%20const%20targetEl%20%3D%20e.target%3B%0A%20%20const%20el%20%3D%20makeElementsArray%28swiper.pagination.el%29%3B%0A%20%20if%20%28swiper.params.pagination.el%20%26%26%20swiper.params.pagination.hideOnClick%20%26%26%20el%20%26%26%20el.length%20%3E%200%20%26%26%20%21targetEl.classList.contains%28swiper.params.pagination.bulletClass%29%29%20%7B%0A%20%20if%20%28swiper.navigation%20%26%26%20%28swiper.navigation.nextEl%20%26%26%20targetEl%20%3D%3D%3D%20swiper.navigation.nextEl%20%7C%7C%20swiper.navigation.prevEl%20%26%26%20targetEl%20%3D%3D%3D%20swiper.navigation.prevEl%29%29%20return%3B%0A%20%20const%20isHidden%20%3D%20el%5B0%5D.classList.contains%28swiper.params.pagination.hiddenClass%29%3B%0A%20%20if%20%28isHidden%20%3D%3D%3D%20true%29%20%7B%0A%20%20emit%28%27paginationShow%27%29%3B%0A%20%20%7D%20else%20%7B%0A%20%20emit%28%27paginationHide%27%29%3B%0A%20%20%7D%0A%20%20el.forEach%28%28subEl%29%3D%3EsubEl.classList.toggle%28swiper.params.pagination.hiddenClass%29%29%3B%0A%20%20%7D%0A%20%20%7D%29%3B%0A%20%20const%20enable%20%3D%20%28%29%3D%3E%7B%0A%20%20swiper.el.classList.remove%28swiper.params.pagination.paginationDisabledClass%29%3B%0A%20%20let%20%7B%20el%20%7D%20%3D%20swiper.pagination%3B%0A%20%20if%20%28el%29%20%7B%0A%20%20el%20%3D%20makeElementsArray%28el%29%3B%0A%20%20el.forEach%28%28subEl%29%3D%3EsubEl.classList.remove%28swiper.params.pagination.paginationDisabledClass%29%29%3B%0A%20%20%7D%0A%20%20init%28%29%3B%0A%20%20render%28%29%3B%0A%20%20update%28%29%3B%0A%20%20%7D%3B%0A%20%20const%20disable%20%3D%20%28%29%3D%3E%7B%0A%20%20swiper.el.classList.add%28swiper.params.pagination.paginationDisabledClass%29%3B%0A%20%20let%20%7B%20el%20%7D%20%3D%20swiper.pagination%3B%0A%20%20if%20%28el%29%20%7B%0A%20%20el%20%3D%20makeElementsArray%28el%29%3B%0A%20%20el.forEach%28%28subEl%29%3D%3EsubEl.classList.add%28swiper.params.pagination.paginationDisabledClass%29%29%3B%0A%20%20%7D%0A%20%20destroy%28%29%3B%0A%20%20%7D%3B%0A%20%20Object.assign%28swiper.pagination%2C%20%7B%0A%20%20enable%2C%0A%20%20disable%2C%0A%20%20render%2C%0A%20%20update%2C%0A%20%20init%2C%0A%20%20destroy%0A%20%20%7D%29%3B%0A%20%20%7D%0A%20%20%3B%0A%20%20%3B%0A%20%20%3B%0A%20%20%3B%0A%20%20%3B%0A%20%20function%20Scrollbar%28%7B%20swiper%2C%20extendParams%2C%20on%2C%20emit%20%7D%29%20%7B%0A%20%20const%20document1%20%3D%20getDocument%28%29%3B%0A%20%20let%20isTouched%20%3D%20false%3B%0A%20%20let%20timeout%20%3D%20null%3B%0A%20%20let%20dragTimeout%20%3D%20null%3B%0A%20%20let%20dragStartPos%3B%0A%20%20let%20dragSize%3B%0A%20%20let%20trackSize%3B%0A%20%20let%20divider%3B%0A%20%20extendParams%28%7B%0A%20%20scrollbar%3A%20%7B%0A%20%20el%3A%20null%2C%0A%20%20dragSize%3A%20%27auto%27%2C%0A%20%20hide%3A%20false%2C%0A%20%20draggable%3A%20false%2C%0A%20%20snapOnRelease%3A%20true%2C%0A%20%20lockClass%3A%20%27swiper-scrollbar-lock%27%2C%0A%20%20dragClass%3A%20%27swiper-scrollbar-drag%27%2C%0A%20%20scrollbarDisabledClass%3A%20%27swiper-scrollbar-disabled%27%2C%0A%20%20horizontalClass%3A%20%60swiper-scrollbar-horizontal%60%2C%0A%20%20verticalClass%3A%20%60swiper-scrollbar-vertical%60%0A%20%20%7D%0A%20%20%7D%29%3B%0A%20%20swiper.scrollbar%20%3D%20%7B%0A%20%20el%3A%20null%2C%0A%20%20dragEl%3A%20null%0A%20%20%7D%3B%0A%20%20function%20setTranslate%28%29%20%7B%0A%20%20if%20%28%21swiper.params.scrollbar.el%20%7C%7C%20%21swiper.scrollbar.el%29%20return%3B%0A%20%20const%20%7B%20scrollbar%2C%20rtlTranslate%3A%20rtl%20%7D%20%3D%20swiper%3B%0A%20%20const%20%7B%20dragEl%2C%20el%20%7D%20%3D%20scrollbar%3B%0A%20%20const%20params%20%3D%20swiper.params.scrollbar%3B%0A%20%20const%20progress%20%3D%20swiper.params.loop%20%3F%20swiper.progressLoop%20%3A%20swiper.progress%3B%0A%20%20let%20newSize%20%3D%20dragSize%3B%0A%20%20let%20newPos%20%3D%20%28trackSize%20-%20dragSize%29%20%2A%20progress%3B%0A%20%20if%20%28rtl%29%20%7B%0A%20%20newPos%20%3D%20-newPos%3B%0A%20%20if%20%28newPos%20%3E%200%29%20%7B%0A%20%20newSize%20%3D%20dragSize%20-%20newPos%3B%0A%20%20newPos%20%3D%200%3B%0A%20%20%7D%20else%20if%20%28-newPos%20%2B%20dragSize%20%3E%20trackSize%29%20%7B%0A%20%20newSize%20%3D%20trackSize%20%2B%20newPos%3B%0A%20%20%7D%0A%20%20%7D%20else%20if%20%28newPos%20%3C%200%29%20%7B%0A%20%20newSize%20%3D%20dragSize%20%2B%20newPos%3B%0A%20%20newPos%20%3D%200%3B%0A%20%20%7D%20else%20if%20%28newPos%20%2B%20dragSize%20%3E%20trackSize%29%20%7B%0A%20%20newSize%20%3D%20trackSize%20-%20newPos%3B%0A%20%20%7D%0A%20%20if%20%28swiper.isHorizontal%28%29%29%20%7B%0A%20%20dragEl.style.transform%20%3D%20%60translate3d%28%24%7BnewPos%7Dpx%2C%200%2C%200%29%60%3B%0A%20%20dragEl.style.width%20%3D%20%60%24%7BnewSize%7Dpx%60%3B%0A%20%20%7D%20else%20%7B%0A%20%20dragEl.style.transform%20%3D%20%60translate3d%280px%2C%20%24%7BnewPos%7Dpx%2C%200%29%60%3B%0A%20%20dragEl.style.height%20%3D%20%60%24%7BnewSize%7Dpx%60%3B%0A%20%20%7D%0A%20%20if%20%28params.hide%29%20%7B%0A%20%20clearTimeout%28timeout%29%3B%0A%20%20el.style.opacity%20%3D%201%3B%0A%20%20timeout%20%3D%20setTimeout%28%28%29%3D%3E%7B%0A%20%20el.style.opacity%20%3D%200%3B%0A%20%20el.style.transitionDuration%20%3D%20%27400ms%27%3B%0A%20%20%7D%2C%201000%29%3B%0A%20%20%7D%0A%20%20%7D%0A%20%20function%20setTransition%28duration%29%20%7B%0A%20%20if%20%28%21swiper.params.scrollbar.el%20%7C%7C%20%21swiper.scrollbar.el%29%20return%3B%0A%20%20swiper.scrollbar.dragEl.style.transitionDuration%20%3D%20%60%24%7Bduration%7Dms%60%3B%0A%20%20%7D%0A%20%20function%20updateSize%28%29%20%7B%0A%20%20if%20%28%21swiper.params.scrollbar.el%20%7C%7C%20%21swiper.scrollbar.el%29%20return%3B%0A%20%20const%20%7B%20scrollbar%20%7D%20%3D%20swiper%3B%0A%20%20const%20%7B%20dragEl%2C%20el%20%7D%20%3D%20scrollbar%3B%0A%20%20dragEl.style.width%20%3D%20%27%27%3B%0A%20%20dragEl.style.height%20%3D%20%27%27%3B%0A%20%20trackSize%20%3D%20swiper.isHorizontal%28%29%20%3F%20el.offsetWidth%20%3A%20el.offsetHeight%3B%0A%20%20divider%20%3D%20swiper.size%20%2F%20%28swiper.virtualSize%20%2B%20swiper.params.slidesOffsetBefore%20-%20%28swiper.params.centeredSlides%20%3F%20swiper.snapGrid%5B0%5D%20%3A%200%29%29%3B%0A%20%20if%20%28swiper.params.scrollbar.dragSize%20%3D%3D%3D%20%27auto%27%29%20%7B%0A%20%20dragSize%20%3D%20trackSize%20%2A%20divider%3B%0A%20%20%7D%20else%20%7B%0A%20%20dragSize%20%3D%20parseInt%28swiper.params.scrollbar.dragSize%2C%2010%29%3B%0A%20%20%7D%0A%20%20if%20%28swiper.isHorizontal%28%29%29%20%7B%0A%20%20dragEl.style.width%20%3D%20%60%24%7BdragSize%7Dpx%60%3B%0A%20%20%7D%20else%20%7B%0A%20%20dragEl.style.height%20%3D%20%60%24%7BdragSize%7Dpx%60%3B%0A%20%20%7D%0A%20%20if%20%28divider%20%3E%3D%201%29%20%7B%0A%20%20el.style.display%20%3D%20%27none%27%3B%0A%20%20%7D%20else%20%7B%0A%20%20el.style.display%20%3D%20%27%27%3B%0A%20%20%7D%0A%20%20if%20%28swiper.params.scrollbar.hide%29%20%7B%0A%20%20el.style.opacity%20%3D%200%3B%0A%20%20%7D%0A%20%20if%20%28swiper.params.watchOverflow%20%26%26%20swiper.enabled%29%20%7B%0A%20%20scrollbar.el.classList%5Bswiper.isLocked%20%3F%20%27add%27%20%3A%20%27remove%27%5D%28swiper.params.scrollbar.lockClass%29%3B%0A%20%20%7D%0A%20%20%7D%0A%20%20function%20getPointerPosition%28e%29%20%7B%0A%20%20return%20swiper.isHorizontal%28%29%20%3F%20e.clientX%20%3A%20e.clientY%3B%0A%20%20%7D%0A%20%20function%20setDragPosition%28e%29%20%7B%0A%20%20const%20%7B%20scrollbar%2C%20rtlTranslate%3A%20rtl%20%7D%20%3D%20swiper%3B%0A%20%20const%20%7B%20el%20%7D%20%3D%20scrollbar%3B%0A%20%20let%20positionRatio%3B%0A%20%20positionRatio%20%3D%20%28getPointerPosition%28e%29%20-%20elementOffset%28el%29%5Bswiper.isHorizontal%28%29%20%3F%20%27left%27%20%3A%20%27top%27%5D%20-%20%28dragStartPos%20%21%3D%3D%20null%20%3F%20dragStartPos%20%3A%20dragSize%20%2F%202%29%29%20%2F%20%28trackSize%20-%20dragSize%29%3B%0A%20%20positionRatio%20%3D%20Math.max%28Math.min%28positionRatio%2C%201%29%2C%200%29%3B%0A%20%20if%20%28rtl%29%20%7B%0A%20%20positionRatio%20%3D%201%20-%20positionRatio%3B%0A%20%20%7D%0A%20%20const%20position%20%3D%20swiper.minTranslate%28%29%20%2B%20%28swiper.maxTranslate%28%29%20-%20swiper.minTranslate%28%29%29%20%2A%20positionRatio%3B%0A%20%20swiper.updateProgress%28position%29%3B%0A%20%20swiper.setTranslate%28position%29%3B%0A%20%20swiper.updateActiveIndex%28%29%3B%0A%20%20swiper.updateSlidesClasses%28%29%3B%0A%20%20%7D%0A%20%20function%20onDragStart%28e%29%20%7B%0A%20%20const%20params%20%3D%20swiper.params.scrollbar%3B%0A%20%20const%20%7B%20scrollbar%2C%20wrapperEl%20%7D%20%3D%20swiper%3B%0A%20%20const%20%7B%20el%2C%20dragEl%20%7D%20%3D%20scrollbar%3B%0A%20%20isTouched%20%3D%20true%3B%0A%20%20dragStartPos%20%3D%20e.target%20%3D%3D%3D%20dragEl%20%3F%20getPointerPosition%28e%29%20-%20e.target.getBoundingClientRect%28%29%5Bswiper.isHorizontal%28%29%20%3F%20%27left%27%20%3A%20%27top%27%5D%20%3A%20null%3B%0A%20%20e.preventDefault%28%29%3B%0A%20%20e.stopPropagation%28%29%3B%0A%20%20wrapperEl.style.transitionDuration%20%3D%20%27100ms%27%3B%0A%20%20dragEl.style.transitionDuration%20%3D%20%27100ms%27%3B%0A%20%20setDragPosition%28e%29%3B%0A%20%20clearTimeout%28dragTimeout%29%3B%0A%20%20el.style.transitionDuration%20%3D%20%270ms%27%3B%0A%20%20if%20%28params.hide%29%20%7B%0A%20%20el.style.opacity%20%3D%201%3B%0A%20%20%7D%0A%20%20if%20%28swiper.params.cssMode%29%20%7B%0A%20%20swiper.wrapperEl.style%5B%27scroll-snap-type%27%5D%20%3D%20%27none%27%3B%0A%20%20%7D%0A%20%20emit%28%27scrollbarDragStart%27%2C%20e%29%3B%0A%20%20%7D%0A%20%20function%20onDragMove%28e%29%20%7B%0A%20%20const%20%7B%20scrollbar%2C%20wrapperEl%20%7D%20%3D%20swiper%3B%0A%20%20const%20%7B%20el%2C%20dragEl%20%7D%20%3D%20scrollbar%3B%0A%20%20if%20%28%21isTouched%29%20return%3B%0A%20%20if%20%28e.preventDefault%20%26%26%20e.cancelable%29%20e.preventDefault%28%29%3B%0A%20%20else%20e.returnValue%20%3D%20false%3B%0A%20%20setDragPosition%28e%29%3B%0A%20%20wrapperEl.style.transitionDuration%20%3D%20%270ms%27%3B%0A%20%20el.style.transitionDuration%20%3D%20%270ms%27%3B%0A%20%20dragEl.style.transitionDuration%20%3D%20%270ms%27%3B%0A%20%20emit%28%27scrollbarDragMove%27%2C%20e%29%3B%0A%20%20%7D%0A%20%20function%20onDragEnd%28e%29%20%7B%0A%20%20const%20params%20%3D%20swiper.params.scrollbar%3B%0A%20%20const%20%7B%20scrollbar%2C%20wrapperEl%20%7D%20%3D%20swiper%3B%0A%20%20const%20%7B%20el%20%7D%20%3D%20scrollbar%3B%0A%20%20if%20%28%21isTouched%29%20return%3B%0A%20%20isTouched%20%3D%20false%3B%0A%20%20if%20%28swiper.params.cssMode%29%20%7B%0A%20%20swiper.wrapperEl.style%5B%27scroll-snap-type%27%5D%20%3D%20%27%27%3B%0A%20%20wrapperEl.style.transitionDuration%20%3D%20%27%27%3B%0A%20%20%7D%0A%20%20if%20%28params.hide%29%20%7B%0A%20%20clearTimeout%28dragTimeout%29%3B%0A%20%20dragTimeout%20%3D%20nextTick%28%28%29%3D%3E%7B%0A%20%20el.style.opacity%20%3D%200%3B%0A%20%20el.style.transitionDuration%20%3D%20%27400ms%27%3B%0A%20%20%7D%2C%201000%29%3B%0A%20%20%7D%0A%20%20emit%28%27scrollbarDragEnd%27%2C%20e%29%3B%0A%20%20if%20%28params.snapOnRelease%29%20%7B%0A%20%20swiper.slideToClosest%28%29%3B%0A%20%20%7D%0A%20%20%7D%0A%20%20function%20events%28method%29%20%7B%0A%20%20const%20%7B%20scrollbar%2C%20params%20%7D%20%3D%20swiper%3B%0A%20%20const%20el%20%3D%20scrollbar.el%3B%0A%20%20if%20%28%21el%29%20return%3B%0A%20%20const%20target%20%3D%20el%3B%0A%20%20const%20activeListener%20%3D%20params.passiveListeners%20%3F%20%7B%0A%20%20passive%3A%20false%2C%0A%20%20capture%3A%20false%0A%20%20%7D%20%3A%20false%3B%0A%20%20const%20passiveListener%20%3D%20params.passiveListeners%20%3F%20%7B%0A%20%20passive%3A%20true%2C%0A%20%20capture%3A%20false%0A%20%20%7D%20%3A%20false%3B%0A%20%20if%20%28%21target%29%20return%3B%0A%20%20const%20eventMethod%20%3D%20method%20%3D%3D%3D%20%27on%27%20%3F%20%27addEventListener%27%20%3A%20%27removeEventListener%27%3B%0A%20%20target%5BeventMethod%5D%28%27pointerdown%27%2C%20onDragStart%2C%20activeListener%29%3B%0A%20%20document1%5BeventMethod%5D%28%27pointermove%27%2C%20onDragMove%2C%20activeListener%29%3B%0A%20%20document1%5BeventMethod%5D%28%27pointerup%27%2C%20onDragEnd%2C%20passiveListener%29%3B%0A%20%20%7D%0A%20%20function%20enableDraggable%28%29%20%7B%0A%20%20if%20%28%21swiper.params.scrollbar.el%20%7C%7C%20%21swiper.scrollbar.el%29%20return%3B%0A%20%20events%28%27on%27%29%3B%0A%20%20%7D%0A%20%20function%20disableDraggable%28%29%20%7B%0A%20%20if%20%28%21swiper.params.scrollbar.el%20%7C%7C%20%21swiper.scrollbar.el%29%20return%3B%0A%20%20events%28%27off%27%29%3B%0A%20%20%7D%0A%20%20function%20init%28%29%20%7B%0A%20%20const%20%7B%20scrollbar%2C%20el%3A%20swiperEl%20%7D%20%3D%20swiper%3B%0A%20%20swiper.params.scrollbar%20%3D%20createElementIfNotDefined%28swiper%2C%20swiper.originalParams.scrollbar%2C%20swiper.params.scrollbar%2C%20%7B%0A%20%20el%3A%20%27swiper-scrollbar%27%0A%20%20%7D%29%3B%0A%20%20const%20params%20%3D%20swiper.params.scrollbar%3B%0A%20%20if%20%28%21params.el%29%20return%3B%0A%20%20let%20el%3B%0A%20%20if%20%28typeof%20params.el%20%3D%3D%3D%20%27string%27%20%26%26%20swiper.isElement%29%20%7B%0A%20%20el%20%3D%20swiper.el.querySelector%28params.el%29%3B%0A%20%20%7D%0A%20%20if%20%28%21el%20%26%26%20typeof%20params.el%20%3D%3D%3D%20%27string%27%29%20%7B%0A%20%20el%20%3D%20document1.querySelectorAll%28params.el%29%3B%0A%20%20if%20%28%21el.length%29%20return%3B%0A%20%20%7D%20else%20if%20%28%21el%29%20%7B%0A%20%20el%20%3D%20params.el%3B%0A%20%20%7D%0A%20%20if%20%28swiper.params.uniqueNavElements%20%26%26%20typeof%20params.el%20%3D%3D%3D%20%27string%27%20%26%26%20el.length%20%3E%201%20%26%26%20swiperEl.querySelectorAll%28params.el%29.length%20%3D%3D%3D%201%29%20%7B%0A%20%20el%20%3D%20swiperEl.querySelector%28params.el%29%3B%0A%20%20%7D%0A%20%20if%20%28el.length%20%3E%200%29%20el%20%3D%20el%5B0%5D%3B%0A%20%20el.classList.add%28swiper.isHorizontal%28%29%20%3F%20params.horizontalClass%20%3A%20params.verticalClass%29%3B%0A%20%20let%20dragEl%3B%0A%20%20if%20%28el%29%20%7B%0A%20%20dragEl%20%3D%20el.querySelector%28classesToSelector%28swiper.params.scrollbar.dragClass%29%29%3B%0A%20%20if%20%28%21dragEl%29%20%7B%0A%20%20dragEl%20%3D%20createElement%28%27div%27%2C%20swiper.params.scrollbar.dragClass%29%3B%0A%20%20el.append%28dragEl%29%3B%0A%20%20%7D%0A%20%20%7D%0A%20%20Object.assign%28scrollbar%2C%20%7B%0A%20%20el%2C%0A%20%20dragEl%0A%20%20%7D%29%3B%0A%20%20if%20%28params.draggable%29%20%7B%0A%20%20enableDraggable%28%29%3B%0A%20%20%7D%0A%20%20if%20%28el%29%20%7B%0A%20%20el.classList%5Bswiper.enabled%20%3F%20%27remove%27%20%3A%20%27add%27%5D%28...classesToTokens%28swiper.params.scrollbar.lockClass%29%29%3B%0A%20%20%7D%0A%20%20%7D%0A%20%20function%20destroy%28%29%20%7B%0A%20%20const%20params%20%3D%20swiper.params.scrollbar%3B%0A%20%20const%20el%20%3D%20swiper.scrollbar.el%3B%0A%20%20if%20%28el%29%20%7B%0A%20%20el.classList.remove%28...classesToTokens%28swiper.isHorizontal%28%29%20%3F%20params.horizontalClass%20%3A%20params.verticalClass%29%29%3B%0A%20%20%7D%0A%20%20disableDraggable%28%29%3B%0A%20%20%7D%0A%20%20on%28%27changeDirection%27%2C%20%28%29%3D%3E%7B%0A%20%20if%20%28%21swiper.scrollbar%20%7C%7C%20%21swiper.scrollbar.el%29%20return%3B%0A%20%20const%20params%20%3D%20swiper.params.scrollbar%3B%0A%20%20let%20%7B%20el%20%7D%20%3D%20swiper.scrollbar%3B%0A%20%20el%20%3D%20makeElementsArray%28el%29%3B%0A%20%20el.forEach%28%28subEl%29%3D%3E%7B%0A%20%20subEl.classList.remove%28params.horizontalClass%2C%20params.verticalClass%29%3B%0A%20%20subEl.classList.add%28swiper.isHorizontal%28%29%20%3F%20params.horizontalClass%20%3A%20params.verticalClass%29%3B%0A%20%20%7D%29%3B%0A%20%20%7D%29%3B%0A%20%20on%28%27init%27%2C%20%28%29%3D%3E%7B%0A%20%20if%20%28swiper.params.scrollbar.enabled%20%3D%3D%3D%20false%29%20%7B%0A%20%20%2F%2F%20eslint-disable-next-line%0A%20%20disable%28%29%3B%0A%20%20%7D%20else%20%7B%0A%20%20init%28%29%3B%0A%20%20updateSize%28%29%3B%0A%20%20setTranslate%28%29%3B%0A%20%20%7D%0A%20%20%7D%29%3B%0A%20%20on%28%27update%20resize%20observerUpdate%20lock%20unlock%20changeDirection%27%2C%20%28%29%3D%3E%7B%0A%20%20updateSize%28%29%3B%0A%20%20%7D%29%3B%0A%20%20on%28%27setTranslate%27%2C%20%28%29%3D%3E%7B%0A%20%20setTranslate%28%29%3B%0A%20%20%7D%29%3B%0A%20%20on%28%27setTransition%27%2C%20%28_s%2C%20duration%29%3D%3E%7B%0A%20%20setTransition%28duration%29%3B%0A%20%20%7D%29%3B%0A%20%20on%28%27enable%20disable%27%2C%20%28%29%3D%3E%7B%0A%20%20const%20%7B%20el%20%7D%20%3D%20swiper.scrollbar%3B%0A%20%20if%20%28el%29%20%7B%0A%20%20el.classList%5Bswiper.enabled%20%3F%20%27remove%27%20%3A%20%27add%27%5D%28...classesToTokens%28swiper.params.scrollbar.lockClass%29%29%3B%0A%20%20%7D%0A%20%20%7D%29%3B%0A%20%20on%28%27destroy%27%2C%20%28%29%3D%3E%7B%0A%20%20destroy%28%29%3B%0A%20%20%7D%29%3B%0A%20%20const%20enable%20%3D%20%28%29%3D%3E%7B%0A%20%20swiper.el.classList.remove%28...classesToTokens%28swiper.params.scrollbar.scrollbarDisabledClass%29%29%3B%0A%20%20if%20%28swiper.scrollbar.el%29%20%7B%0A%20%20swiper.scrollbar.el.classList.remove%28...classesToTokens%28swiper.params.scrollbar.scrollbarDisabledClass%29%29%3B%0A%20%20%7D%0A%20%20init%28%29%3B%0A%20%20updateSize%28%29%3B%0A%20%20setTranslate%28%29%3B%0A%20%20%7D%3B%0A%20%20const%20disable%20%3D%20%28%29%3D%3E%7B%0A%20%20swiper.el.classList.add%28...classesToTokens%28swiper.params.scrollbar.scrollbarDisabledClass%29%29%3B%0A%20%20if%20%28swiper.scrollbar.el%29%20%7B%0A%20%20swiper.scrollbar.el.classList.add%28...classesToTokens%28swiper.params.scrollbar.scrollbarDisabledClass%29%29%3B%0A%20%20%7D%0A%20%20destroy%28%29%3B%0A%20%20%7D%3B%0A%20%20Object.assign%28swiper.scrollbar%2C%20%7B%0A%20%20enable%2C%0A%20%20disable%2C%0A%20%20updateSize%2C%0A%20%20setTranslate%2C%0A%20%20init%2C%0A%20%20destroy%0A%20%20%7D%29%3B%0A%20%20%7D%0A%20%20%3B%0A%20%20%3B%0A%20%20function%20Parallax%28%7B%20swiper%2C%20extendParams%2C%20on%20%7D%29%20%7B%0A%20%20extendParams%28%7B%0A%20%20parallax%3A%20%7B%0A%20%20enabled%3A%20false%0A%20%20%7D%0A%20%20%7D%29%3B%0A%20%20const%20elementsSelector%20%3D%20%27%5Bdata-swiper-parallax%5D%2C%20%5Bdata-swiper-parallax-x%5D%2C%20%5Bdata-swiper-parallax-y%5D%2C%20%5Bdata-swiper-parallax-opacity%5D%2C%20%5Bdata-swiper-parallax-scale%5D%27%3B%0A%20%20const%20setTransform%20%3D%20%28el%2C%20progress%29%3D%3E%7B%0A%20%20const%20%7B%20rtl%20%7D%20%3D%20swiper%3B%0A%20%20const%20rtlFactor%20%3D%20rtl%20%3F%20-1%20%3A%201%3B%0A%20%20const%20p%20%3D%20el.getAttribute%28%27data-swiper-parallax%27%29%20%7C%7C%20%270%27%3B%0A%20%20let%20x%20%3D%20el.getAttribute%28%27data-swiper-parallax-x%27%29%3B%0A%20%20let%20y%20%3D%20el.getAttribute%28%27data-swiper-parallax-y%27%29%3B%0A%20%20const%20scale%20%3D%20el.getAttribute%28%27data-swiper-parallax-scale%27%29%3B%0A%20%20const%20opacity%20%3D%20el.getAttribute%28%27data-swiper-parallax-opacity%27%29%3B%0A%20%20const%20rotate%20%3D%20el.getAttribute%28%27data-swiper-parallax-rotate%27%29%3B%0A%20%20if%20%28x%20%7C%7C%20y%29%20%7B%0A%20%20x%20%3D%20x%20%7C%7C%20%270%27%3B%0A%20%20y%20%3D%20y%20%7C%7C%20%270%27%3B%0A%20%20%7D%20else%20if%20%28swiper.isHorizontal%28%29%29%20%7B%0A%20%20x%20%3D%20p%3B%0A%20%20y%20%3D%20%270%27%3B%0A%20%20%7D%20else%20%7B%0A%20%20y%20%3D%20p%3B%0A%20%20x%20%3D%20%270%27%3B%0A%20%20%7D%0A%20%20if%20%28x.indexOf%28%27%25%27%29%20%3E%3D%200%29%20%7B%0A%20%20x%20%3D%20%60%24%7BparseInt%28x%2C%2010%29%20%2A%20progress%20%2A%20rtlFactor%7D%25%60%3B%0A%20%20%7D%20else%20%7B%0A%20%20x%20%3D%20%60%24%7Bx%20%2A%20progress%20%2A%20rtlFactor%7Dpx%60%3B%0A%20%20%7D%0A%20%20if%20%28y.indexOf%28%27%25%27%29%20%3E%3D%200%29%20%7B%0A%20%20y%20%3D%20%60%24%7BparseInt%28y%2C%2010%29%20%2A%20progress%7D%25%60%3B%0A%20%20%7D%20else%20%7B%0A%20%20y%20%3D%20%60%24%7By%20%2A%20progress%7Dpx%60%3B%0A%20%20%7D%0A%20%20if%20%28typeof%20opacity%20%21%3D%3D%20%27undefined%27%20%26%26%20opacity%20%21%3D%3D%20null%29%20%7B%0A%20%20const%20currentOpacity%20%3D%20opacity%20-%20%28opacity%20-%201%29%20%2A%20%281%20-%20Math.abs%28progress%29%29%3B%0A%20%20el.style.opacity%20%3D%20currentOpacity%3B%0A%20%20%7D%0A%20%20let%20transform%20%3D%20%60translate3d%28%24%7Bx%7D%2C%20%24%7By%7D%2C%200px%29%60%3B%0A%20%20if%20%28typeof%20scale%20%21%3D%3D%20%27undefined%27%20%26%26%20scale%20%21%3D%3D%20null%29%20%7B%0A%20%20const%20currentScale%20%3D%20scale%20-%20%28scale%20-%201%29%20%2A%20%281%20-%20Math.abs%28progress%29%29%3B%0A%20%20transform%20%2B%3D%20%60%20scale%28%24%7BcurrentScale%7D%29%60%3B%0A%20%20%7D%0A%20%20if%20%28rotate%20%26%26%20typeof%20rotate%20%21%3D%3D%20%27undefined%27%20%26%26%20rotate%20%21%3D%3D%20null%29%20%7B%0A%20%20const%20currentRotate%20%3D%20rotate%20%2A%20progress%20%2A%20-1%3B%0A%20%20transform%20%2B%3D%20%60%20rotate%28%24%7BcurrentRotate%7Ddeg%29%60%3B%0A%20%20%7D%0A%20%20el.style.transform%20%3D%20transform%3B%0A%20%20%7D%3B%0A%20%20const%20setTranslate%20%3D%20%28%29%3D%3E%7B%0A%20%20const%20%7B%20el%2C%20slides%2C%20progress%2C%20snapGrid%2C%20isElement%20%7D%20%3D%20swiper%3B%0A%20%20const%20elements%20%3D%20elementChildren%28el%2C%20elementsSelector%29%3B%0A%20%20if%20%28swiper.isElement%29%20%7B%0A%20%20elements.push%28...elementChildren%28swiper.hostEl%2C%20elementsSelector%29%29%3B%0A%20%20%7D%0A%20%20elements.forEach%28%28subEl%29%3D%3E%7B%0A%20%20setTransform%28subEl%2C%20progress%29%3B%0A%20%20%7D%29%3B%0A%20%20slides.forEach%28%28slideEl%2C%20slideIndex%29%3D%3E%7B%0A%20%20let%20slideProgress%20%3D%20slideEl.progress%3B%0A%20%20if%20%28swiper.params.slidesPerGroup%20%3E%201%20%26%26%20swiper.params.slidesPerView%20%21%3D%3D%20%27auto%27%29%20%7B%0A%20%20slideProgress%20%2B%3D%20Math.ceil%28slideIndex%20%2F%202%29%20-%20progress%20%2A%20%28snapGrid.length%20-%201%29%3B%0A%20%20%7D%0A%20%20slideProgress%20%3D%20Math.min%28Math.max%28slideProgress%2C%20-1%29%2C%201%29%3B%0A%20%20slideEl.querySelectorAll%28%60%24%7BelementsSelector%7D%2C%20%5Bdata-swiper-parallax-rotate%5D%60%29.forEach%28%28subEl%29%3D%3E%7B%0A%20%20setTransform%28subEl%2C%20slideProgress%29%3B%0A%20%20%7D%29%3B%0A%20%20%7D%29%3B%0A%20%20%7D%3B%0A%20%20const%20setTransition%20%3D%20%28duration%20%3D%20swiper.params.speed%29%3D%3E%7B%0A%20%20const%20%7B%20el%2C%20hostEl%20%7D%20%3D%20swiper%3B%0A%20%20const%20elements%20%3D%20%5B%0A%20%20...el.querySelectorAll%28elementsSelector%29%0A%20%20%5D%3B%0A%20%20if%20%28swiper.isElement%29%20%7B%0A%20%20elements.push%28...hostEl.querySelectorAll%28elementsSelector%29%29%3B%0A%20%20%7D%0A%20%20elements.forEach%28%28parallaxEl%29%3D%3E%7B%0A%20%20let%20parallaxDuration%20%3D%20parseInt%28parallaxEl.getAttribute%28%27data-swiper-parallax-duration%27%29%2C%2010%29%20%7C%7C%20duration%3B%0A%20%20if%20%28duration%20%3D%3D%3D%200%29%20parallaxDuration%20%3D%200%3B%0A%20%20parallaxEl.style.transitionDuration%20%3D%20%60%24%7BparallaxDuration%7Dms%60%3B%0A%20%20%7D%29%3B%0A%20%20%7D%3B%0A%20%20on%28%27beforeInit%27%2C%20%28%29%3D%3E%7B%0A%20%20if%20%28%21swiper.params.parallax.enabled%29%20return%3B%0A%20%20swiper.params.watchSlidesProgress%20%3D%20true%3B%0A%20%20swiper.originalParams.watchSlidesProgress%20%3D%20true%3B%0A%20%20%7D%29%3B%0A%20%20on%28%27init%27%2C%20%28%29%3D%3E%7B%0A%20%20if%20%28%21swiper.params.parallax.enabled%29%20return%3B%0A%20%20setTranslate%28%29%3B%0A%20%20%7D%29%3B%0A%20%20on%28%27setTranslate%27%2C%20%28%29%3D%3E%7B%0A%20%20if%20%28%21swiper.params.parallax.enabled%29%20return%3B%0A%20%20setTranslate%28%29%3B%0A%20%20%7D%29%3B%0A%20%20on%28%27setTransition%27%2C%20%28_swiper%2C%20duration%29%3D%3E%7B%0A%20%20if%20%28%21swiper.params.parallax.enabled%29%20return%3B%0A%20%20setTransition%28duration%29%3B%0A%20%20%7D%29%3B%0A%20%20%7D%0A%20%20%3B%0A%20%20%3B%0A%20%20%3B%0A%20%20function%20Zoom%28%7B%20swiper%2C%20extendParams%2C%20on%2C%20emit%20%7D%29%20%7B%0A%20%20const%20window1%20%3D%20getWindow%28%29%3B%0A%20%20extendParams%28%7B%0A%20%20zoom%3A%20%7B%0A%20%20enabled%3A%20false%2C%0A%20%20limitToOriginalSize%3A%20false%2C%0A%20%20maxRatio%3A%203%2C%0A%20%20minRatio%3A%201%2C%0A%20%20panOnMouseMove%3A%20false%2C%0A%20%20toggle%3A%20true%2C%0A%20%20containerClass%3A%20%27swiper-zoom-container%27%2C%0A%20%20zoomedSlideClass%3A%20%27swiper-slide-zoomed%27%0A%20%20%7D%0A%20%20%7D%29%3B%0A%20%20swiper.zoom%20%3D%20%7B%0A%20%20enabled%3A%20false%0A%20%20%7D%3B%0A%20%20let%20currentScale%20%3D%201%3B%0A%20%20let%20isScaling%20%3D%20false%3B%0A%20%20let%20isPanningWithMouse%20%3D%20false%3B%0A%20%20let%20mousePanStart%20%3D%20%7B%0A%20%20x%3A%200%2C%0A%20%20y%3A%200%0A%20%20%7D%3B%0A%20%20const%20mousePanSensitivity%20%3D%20-3%3B%20%2F%2F%20Negative%20to%20invert%20pan%20direction%0A%20%20let%20fakeGestureTouched%3B%0A%20%20let%20fakeGestureMoved%3B%0A%20%20const%20evCache%20%3D%20%5B%5D%3B%0A%20%20const%20gesture%20%3D%20%7B%0A%20%20originX%3A%200%2C%0A%20%20originY%3A%200%2C%0A%20%20slideEl%3A%20undefined%2C%0A%20%20slideWidth%3A%20undefined%2C%0A%20%20slideHeight%3A%20undefined%2C%0A%20%20imageEl%3A%20undefined%2C%0A%20%20imageWrapEl%3A%20undefined%2C%0A%20%20maxRatio%3A%203%0A%20%20%7D%3B%0A%20%20const%20image%20%3D%20%7B%0A%20%20isTouched%3A%20undefined%2C%0A%20%20isMoved%3A%20undefined%2C%0A%20%20currentX%3A%20undefined%2C%0A%20%20currentY%3A%20undefined%2C%0A%20%20minX%3A%20undefined%2C%0A%20%20minY%3A%20undefined%2C%0A%20%20maxX%3A%20undefined%2C%0A%20%20maxY%3A%20undefined%2C%0A%20%20width%3A%20undefined%2C%0A%20%20height%3A%20undefined%2C%0A%20%20startX%3A%20undefined%2C%0A%20%20startY%3A%20undefined%2C%0A%20%20touchesStart%3A%20%7B%7D%2C%0A%20%20touchesCurrent%3A%20%7B%7D%0A%20%20%7D%3B%0A%20%20const%20velocity%20%3D%20%7B%0A%20%20x%3A%20undefined%2C%0A%20%20y%3A%20undefined%2C%0A%20%20prevPositionX%3A%20undefined%2C%0A%20%20prevPositionY%3A%20undefined%2C%0A%20%20prevTime%3A%20undefined%0A%20%20%7D%3B%0A%20%20let%20scale%20%3D%201%3B%0A%20%20Object.defineProperty%28swiper.zoom%2C%20%27scale%27%2C%20%7B%0A%20%20get%20%28%29%20%7B%0A%20%20return%20scale%3B%0A%20%20%7D%2C%0A%20%20set%20%28value%29%20%7B%0A%20%20if%20%28scale%20%21%3D%3D%20value%29%20%7B%0A%20%20const%20imageEl%20%3D%20gesture.imageEl%3B%0A%20%20const%20slideEl%20%3D%20gesture.slideEl%3B%0A%20%20emit%28%27zoomChange%27%2C%20value%2C%20imageEl%2C%20slideEl%29%3B%0A%20%20%7D%0A%20%20scale%20%3D%20value%3B%0A%20%20%7D%0A%20%20%7D%29%3B%0A%20%20function%20getDistanceBetweenTouches%28%29%20%7B%0A%20%20if%20%28evCache.length%20%3C%202%29%20return%201%3B%0A%20%20const%20x1%20%3D%20evCache%5B0%5D.pageX%3B%0A%20%20const%20y1%20%3D%20evCache%5B0%5D.pageY%3B%0A%20%20const%20x2%20%3D%20evCache%5B1%5D.pageX%3B%0A%20%20const%20y2%20%3D%20evCache%5B1%5D.pageY%3B%0A%20%20const%20distance%20%3D%20Math.sqrt%28%28x2%20-%20x1%29%20%2A%2A%202%20%2B%20%28y2%20-%20y1%29%20%2A%2A%202%29%3B%0A%20%20return%20distance%3B%0A%20%20%7D%0A%20%20function%20getMaxRatio%28%29%20%7B%0A%20%20const%20params%20%3D%20swiper.params.zoom%3B%0A%20%20const%20maxRatio%20%3D%20gesture.imageWrapEl.getAttribute%28%27data-swiper-zoom%27%29%20%7C%7C%20params.maxRatio%3B%0A%20%20if%20%28params.limitToOriginalSize%20%26%26%20gesture.imageEl%20%26%26%20gesture.imageEl.naturalWidth%29%20%7B%0A%20%20const%20imageMaxRatio%20%3D%20gesture.imageEl.naturalWidth%20%2F%20gesture.imageEl.offsetWidth%3B%0A%20%20return%20Math.min%28imageMaxRatio%2C%20maxRatio%29%3B%0A%20%20%7D%0A%20%20return%20maxRatio%3B%0A%20%20%7D%0A%20%20function%20getScaleOrigin%28%29%20%7B%0A%20%20if%20%28evCache.length%20%3C%202%29%20return%20%7B%0A%20%20x%3A%20null%2C%0A%20%20y%3A%20null%0A%20%20%7D%3B%0A%20%20const%20box%20%3D%20gesture.imageEl.getBoundingClientRect%28%29%3B%0A%20%20return%20%5B%0A%20%20%28evCache%5B0%5D.pageX%20%2B%20%28evCache%5B1%5D.pageX%20-%20evCache%5B0%5D.pageX%29%20%2F%202%20-%20box.x%20-%20window1.scrollX%29%20%2F%20currentScale%2C%0A%20%20%28evCache%5B0%5D.pageY%20%2B%20%28evCache%5B1%5D.pageY%20-%20evCache%5B0%5D.pageY%29%20%2F%202%20-%20box.y%20-%20window1.scrollY%29%20%2F%20currentScale%0A%20%20%5D%3B%0A%20%20%7D%0A%20%20function%20getSlideSelector%28%29%20%7B%0A%20%20return%20swiper.isElement%20%3F%20%60swiper-slide%60%20%3A%20%60.%24%7Bswiper.params.slideClass%7D%60%3B%0A%20%20%7D%0A%20%20function%20eventWithinSlide%28e1%29%20%7B%0A%20%20const%20slideSelector%20%3D%20getSlideSelector%28%29%3B%0A%20%20if%20%28e1.target.matches%28slideSelector%29%29%20return%20true%3B%0A%20%20if%20%28swiper.slides.filter%28%28slideEl%29%3D%3EslideEl.contains%28e1.target%29%29.length%20%3E%200%29%20return%20true%3B%0A%20%20return%20false%3B%0A%20%20%7D%0A%20%20function%20eventWithinZoomContainer%28e1%29%20%7B%0A%20%20const%20selector%20%3D%20%60.%24%7Bswiper.params.zoom.containerClass%7D%60%3B%0A%20%20if%20%28e1.target.matches%28selector%29%29%20return%20true%3B%0A%20%20if%20%28%5B%0A%20%20...swiper.hostEl.querySelectorAll%28selector%29%0A%20%20%5D.filter%28%28containerEl%29%3D%3EcontainerEl.contains%28e1.target%29%29.length%20%3E%200%29%20return%20true%3B%0A%20%20return%20false%3B%0A%20%20%7D%0A%20%20%2F%2F%20Events%0A%20%20function%20onGestureStart%28e1%29%20%7B%0A%20%20if%20%28e1.pointerType%20%3D%3D%3D%20%27mouse%27%29%20%7B%0A%20%20evCache.splice%280%2C%20evCache.length%29%3B%0A%20%20%7D%0A%20%20if%20%28%21eventWithinSlide%28e1%29%29%20return%3B%0A%20%20const%20params%20%3D%20swiper.params.zoom%3B%0A%20%20fakeGestureTouched%20%3D%20false%3B%0A%20%20fakeGestureMoved%20%3D%20false%3B%0A%20%20evCache.push%28e1%29%3B%0A%20%20if%20%28evCache.length%20%3C%202%29%20%7B%0A%20%20return%3B%0A%20%20%7D%0A%20%20fakeGestureTouched%20%3D%20true%3B%0A%20%20gesture.scaleStart%20%3D%20getDistanceBetweenTouches%28%29%3B%0A%20%20if%20%28%21gesture.slideEl%29%20%7B%0A%20%20gesture.slideEl%20%3D%20e1.target.closest%28%60.%24%7Bswiper.params.slideClass%7D%2C%20swiper-slide%60%29%3B%0A%20%20if%20%28%21gesture.slideEl%29%20gesture.slideEl%20%3D%20swiper.slides%5Bswiper.activeIndex%5D%3B%0A%20%20let%20imageEl%20%3D%20gesture.slideEl.querySelector%28%60.%24%7Bparams.containerClass%7D%60%29%3B%0A%20%20if%20%28imageEl%29%20%7B%0A%20%20imageEl%20%3D%20imageEl.querySelectorAll%28%27picture%2C%20img%2C%20svg%2C%20canvas%2C%20.swiper-zoom-target%27%29%5B0%5D%3B%0A%20%20%7D%0A%20%20gesture.imageEl%20%3D%20imageEl%3B%0A%20%20if%20%28imageEl%29%20%7B%0A%20%20gesture.imageWrapEl%20%3D%20elementParents%28gesture.imageEl%2C%20%60.%24%7Bparams.containerClass%7D%60%29%5B0%5D%3B%0A%20%20%7D%20else%20%7B%0A%20%20gesture.imageWrapEl%20%3D%20undefined%3B%0A%20%20%7D%0A%20%20if%20%28%21gesture.imageWrapEl%29%20%7B%0A%20%20gesture.imageEl%20%3D%20undefined%3B%0A%20%20return%3B%0A%20%20%7D%0A%20%20gesture.maxRatio%20%3D%20getMaxRatio%28%29%3B%0A%20%20%7D%0A%20%20if%20%28gesture.imageEl%29%20%7B%0A%20%20const%20%5BoriginX%2C%20originY%5D%20%3D%20getScaleOrigin%28%29%3B%0A%20%20gesture.originX%20%3D%20originX%3B%0A%20%20gesture.originY%20%3D%20originY%3B%0A%20%20gesture.imageEl.style.transitionDuration%20%3D%20%270ms%27%3B%0A%20%20%7D%0A%20%20isScaling%20%3D%20true%3B%0A%20%20%7D%0A%20%20function%20onGestureChange%28e1%29%20%7B%0A%20%20if%20%28%21eventWithinSlide%28e1%29%29%20return%3B%0A%20%20const%20params%20%3D%20swiper.params.zoom%3B%0A%20%20const%20zoom%20%3D%20swiper.zoom%3B%0A%20%20const%20pointerIndex%20%3D%20evCache.findIndex%28%28cachedEv%29%3D%3EcachedEv.pointerId%20%3D%3D%3D%20e1.pointerId%29%3B%0A%20%20if%20%28pointerIndex%20%3E%3D%200%29%20evCache%5BpointerIndex%5D%20%3D%20e1%3B%0A%20%20if%20%28evCache.length%20%3C%202%29%20%7B%0A%20%20return%3B%0A%20%20%7D%0A%20%20fakeGestureMoved%20%3D%20true%3B%0A%20%20gesture.scaleMove%20%3D%20getDistanceBetweenTouches%28%29%3B%0A%20%20if%20%28%21gesture.imageEl%29%20%7B%0A%20%20return%3B%0A%20%20%7D%0A%20%20zoom.scale%20%3D%20gesture.scaleMove%20%2F%20gesture.scaleStart%20%2A%20currentScale%3B%0A%20%20if%20%28zoom.scale%20%3E%20gesture.maxRatio%29%20%7B%0A%20%20zoom.scale%20%3D%20gesture.maxRatio%20-%201%20%2B%20%28zoom.scale%20-%20gesture.maxRatio%20%2B%201%29%20%2A%2A%200.5%3B%0A%20%20%7D%0A%20%20if%20%28zoom.scale%20%3C%20params.minRatio%29%20%7B%0A%20%20zoom.scale%20%3D%20params.minRatio%20%2B%201%20-%20%28params.minRatio%20-%20zoom.scale%20%2B%201%29%20%2A%2A%200.5%3B%0A%20%20%7D%0A%20%20gesture.imageEl.style.transform%20%3D%20%60translate3d%280%2C0%2C0%29%20scale%28%24%7Bzoom.scale%7D%29%60%3B%0A%20%20%7D%0A%20%20function%20onGestureEnd%28e1%29%20%7B%0A%20%20if%20%28%21eventWithinSlide%28e1%29%29%20return%3B%0A%20%20if%20%28e1.pointerType%20%3D%3D%3D%20%27mouse%27%20%26%26%20e1.type%20%3D%3D%3D%20%27pointerout%27%29%20return%3B%0A%20%20const%20params%20%3D%20swiper.params.zoom%3B%0A%20%20const%20zoom%20%3D%20swiper.zoom%3B%0A%20%20const%20pointerIndex%20%3D%20evCache.findIndex%28%28cachedEv%29%3D%3EcachedEv.pointerId%20%3D%3D%3D%20e1.pointerId%29%3B%0A%20%20if%20%28pointerIndex%20%3E%3D%200%29%20evCache.splice%28pointerIndex%2C%201%29%3B%0A%20%20if%20%28%21fakeGestureTouched%20%7C%7C%20%21fakeGestureMoved%29%20%7B%0A%20%20return%3B%0A%20%20%7D%0A%20%20fakeGestureTouched%20%3D%20false%3B%0A%20%20fakeGestureMoved%20%3D%20false%3B%0A%20%20if%20%28%21gesture.imageEl%29%20return%3B%0A%20%20zoom.scale%20%3D%20Math.max%28Math.min%28zoom.scale%2C%20gesture.maxRatio%29%2C%20params.minRatio%29%3B%0A%20%20gesture.imageEl.style.transitionDuration%20%3D%20%60%24%7Bswiper.params.speed%7Dms%60%3B%0A%20%20gesture.imageEl.style.transform%20%3D%20%60translate3d%280%2C0%2C0%29%20scale%28%24%7Bzoom.scale%7D%29%60%3B%0A%20%20currentScale%20%3D%20zoom.scale%3B%0A%20%20isScaling%20%3D%20false%3B%0A%20%20if%20%28zoom.scale%20%3E%201%20%26%26%20gesture.slideEl%29%20%7B%0A%20%20gesture.slideEl.classList.add%28%60%24%7Bparams.zoomedSlideClass%7D%60%29%3B%0A%20%20%7D%20else%20if%20%28zoom.scale%20%3C%3D%201%20%26%26%20gesture.slideEl%29%20%7B%0A%20%20gesture.slideEl.classList.remove%28%60%24%7Bparams.zoomedSlideClass%7D%60%29%3B%0A%20%20%7D%0A%20%20if%20%28zoom.scale%20%3D%3D%3D%201%29%20%7B%0A%20%20gesture.originX%20%3D%200%3B%0A%20%20gesture.originY%20%3D%200%3B%0A%20%20gesture.slideEl%20%3D%20undefined%3B%0A%20%20%7D%0A%20%20%7D%0A%20%20let%20allowTouchMoveTimeout%3B%0A%20%20function%20allowTouchMove%28%29%20%7B%0A%20%20swiper.touchEventsData.preventTouchMoveFromPointerMove%20%3D%20false%3B%0A%20%20%7D%0A%20%20function%20preventTouchMove%28%29%20%7B%0A%20%20clearTimeout%28allowTouchMoveTimeout%29%3B%0A%20%20swiper.touchEventsData.preventTouchMoveFromPointerMove%20%3D%20true%3B%0A%20%20allowTouchMoveTimeout%20%3D%20setTimeout%28%28%29%3D%3E%7B%0A%20%20if%20%28swiper.destroyed%29%20return%3B%0A%20%20allowTouchMove%28%29%3B%0A%20%20%7D%29%3B%0A%20%20%7D%0A%20%20function%20onTouchStart%28e1%29%20%7B%0A%20%20const%20device%20%3D%20swiper.device%3B%0A%20%20if%20%28%21gesture.imageEl%29%20return%3B%0A%20%20if%20%28image.isTouched%29%20return%3B%0A%20%20if%20%28device.android%20%26%26%20e1.cancelable%29%20e1.preventDefault%28%29%3B%0A%20%20image.isTouched%20%3D%20true%3B%0A%20%20const%20event1%20%3D%20evCache.length%20%3E%200%20%3F%20evCache%5B0%5D%20%3A%20e1%3B%0A%20%20image.touchesStart.x%20%3D%20event1.pageX%3B%0A%20%20image.touchesStart.y%20%3D%20event1.pageY%3B%0A%20%20%7D%0A%20%20function%20onTouchMove%28e1%29%20%7B%0A%20%20const%20isMouseEvent%20%3D%20e1.pointerType%20%3D%3D%3D%20%27mouse%27%3B%0A%20%20const%20isMousePan%20%3D%20isMouseEvent%20%26%26%20swiper.params.zoom.panOnMouseMove%3B%0A%20%20if%20%28%21eventWithinSlide%28e1%29%20%7C%7C%20%21eventWithinZoomContainer%28e1%29%29%20%7B%0A%20%20return%3B%0A%20%20%7D%0A%20%20const%20zoom%20%3D%20swiper.zoom%3B%0A%20%20if%20%28%21gesture.imageEl%29%20%7B%0A%20%20return%3B%0A%20%20%7D%0A%20%20if%20%28%21image.isTouched%20%7C%7C%20%21gesture.slideEl%29%20%7B%0A%20%20if%20%28isMousePan%29%20onMouseMove%28e1%29%3B%0A%20%20return%3B%0A%20%20%7D%0A%20%20if%20%28isMousePan%29%20%7B%0A%20%20onMouseMove%28e1%29%3B%0A%20%20return%3B%0A%20%20%7D%0A%20%20if%20%28%21image.isMoved%29%20%7B%0A%20%20image.width%20%3D%20gesture.imageEl.offsetWidth%20%7C%7C%20gesture.imageEl.clientWidth%3B%0A%20%20image.height%20%3D%20gesture.imageEl.offsetHeight%20%7C%7C%20gesture.imageEl.clientHeight%3B%0A%20%20image.startX%20%3D%20getTranslate%28gesture.imageWrapEl%2C%20%27x%27%29%20%7C%7C%200%3B%0A%20%20image.startY%20%3D%20getTranslate%28gesture.imageWrapEl%2C%20%27y%27%29%20%7C%7C%200%3B%0A%20%20gesture.slideWidth%20%3D%20gesture.slideEl.offsetWidth%3B%0A%20%20gesture.slideHeight%20%3D%20gesture.slideEl.offsetHeight%3B%0A%20%20gesture.imageWrapEl.style.transitionDuration%20%3D%20%270ms%27%3B%0A%20%20%7D%0A%20%20%2F%2F%20Define%20if%20we%20need%20image%20drag%0A%20%20const%20scaledWidth%20%3D%20image.width%20%2A%20zoom.scale%3B%0A%20%20const%20scaledHeight%20%3D%20image.height%20%2A%20zoom.scale%3B%0A%20%20image.minX%20%3D%20Math.min%28gesture.slideWidth%20%2F%202%20-%20scaledWidth%20%2F%202%2C%200%29%3B%0A%20%20image.maxX%20%3D%20-image.minX%3B%0A%20%20image.minY%20%3D%20Math.min%28gesture.slideHeight%20%2F%202%20-%20scaledHeight%20%2F%202%2C%200%29%3B%0A%20%20image.maxY%20%3D%20-image.minY%3B%0A%20%20image.touchesCurrent.x%20%3D%20evCache.length%20%3E%200%20%3F%20evCache%5B0%5D.pageX%20%3A%20e1.pageX%3B%0A%20%20image.touchesCurrent.y%20%3D%20evCache.length%20%3E%200%20%3F%20evCache%5B0%5D.pageY%20%3A%20e1.pageY%3B%0A%20%20const%20touchesDiff%20%3D%20Math.max%28Math.abs%28image.touchesCurrent.x%20-%20image.touchesStart.x%29%2C%20Math.abs%28image.touchesCurrent.y%20-%20image.touchesStart.y%29%29%3B%0A%20%20if%20%28touchesDiff%20%3E%205%29%20%7B%0A%20%20swiper.allowClick%20%3D%20false%3B%0A%20%20%7D%0A%20%20if%20%28%21image.isMoved%20%26%26%20%21isScaling%29%20%7B%0A%20%20if%20%28swiper.isHorizontal%28%29%20%26%26%20%28Math.floor%28image.minX%29%20%3D%3D%3D%20Math.floor%28image.startX%29%20%26%26%20image.touchesCurrent.x%20%3C%20image.touchesStart.x%20%7C%7C%20Math.floor%28image.maxX%29%20%3D%3D%3D%20Math.floor%28image.startX%29%20%26%26%20image.touchesCurrent.x%20%3E%20image.touchesStart.x%29%29%20%7B%0A%20%20image.isTouched%20%3D%20false%3B%0A%20%20allowTouchMove%28%29%3B%0A%20%20return%3B%0A%20%20%7D%0A%20%20if%20%28%21swiper.isHorizontal%28%29%20%26%26%20%28Math.floor%28image.minY%29%20%3D%3D%3D%20Math.floor%28image.startY%29%20%26%26%20image.touchesCurrent.y%20%3C%20image.touchesStart.y%20%7C%7C%20Math.floor%28image.maxY%29%20%3D%3D%3D%20Math.floor%28image.startY%29%20%26%26%20image.touchesCurrent.y%20%3E%20image.touchesStart.y%29%29%20%7B%0A%20%20image.isTouched%20%3D%20false%3B%0A%20%20allowTouchMove%28%29%3B%0A%20%20return%3B%0A%20%20%7D%0A%20%20%7D%0A%20%20if%20%28e1.cancelable%29%20%7B%0A%20%20e1.preventDefault%28%29%3B%0A%20%20%7D%0A%20%20e1.stopPropagation%28%29%3B%0A%20%20preventTouchMove%28%29%3B%0A%20%20image.isMoved%20%3D%20true%3B%0A%20%20const%20scaleRatio%20%3D%20%28zoom.scale%20-%20currentScale%29%20%2F%20%28gesture.maxRatio%20-%20swiper.params.zoom.minRatio%29%3B%0A%20%20const%20%7B%20originX%2C%20originY%20%7D%20%3D%20gesture%3B%0A%20%20image.currentX%20%3D%20image.touchesCurrent.x%20-%20image.touchesStart.x%20%2B%20image.startX%20%2B%20scaleRatio%20%2A%20%28image.width%20-%20originX%20%2A%202%29%3B%0A%20%20image.currentY%20%3D%20image.touchesCurrent.y%20-%20image.touchesStart.y%20%2B%20image.startY%20%2B%20scaleRatio%20%2A%20%28image.height%20-%20originY%20%2A%202%29%3B%0A%20%20if%20%28image.currentX%20%3C%20image.minX%29%20%7B%0A%20%20image.currentX%20%3D%20image.minX%20%2B%201%20-%20%28image.minX%20-%20image.currentX%20%2B%201%29%20%2A%2A%200.8%3B%0A%20%20%7D%0A%20%20if%20%28image.currentX%20%3E%20image.maxX%29%20%7B%0A%20%20image.currentX%20%3D%20image.maxX%20-%201%20%2B%20%28image.currentX%20-%20image.maxX%20%2B%201%29%20%2A%2A%200.8%3B%0A%20%20%7D%0A%20%20if%20%28image.currentY%20%3C%20image.minY%29%20%7B%0A%20%20image.currentY%20%3D%20image.minY%20%2B%201%20-%20%28image.minY%20-%20image.currentY%20%2B%201%29%20%2A%2A%200.8%3B%0A%20%20%7D%0A%20%20if%20%28image.currentY%20%3E%20image.maxY%29%20%7B%0A%20%20image.currentY%20%3D%20image.maxY%20-%201%20%2B%20%28image.currentY%20-%20image.maxY%20%2B%201%29%20%2A%2A%200.8%3B%0A%20%20%7D%0A%20%20%2F%2F%20Velocity%0A%20%20if%20%28%21velocity.prevPositionX%29%20velocity.prevPositionX%20%3D%20image.touchesCurrent.x%3B%0A%20%20if%20%28%21velocity.prevPositionY%29%20velocity.prevPositionY%20%3D%20image.touchesCurrent.y%3B%0A%20%20if%20%28%21velocity.prevTime%29%20velocity.prevTime%20%3D%20Date.now%28%29%3B%0A%20%20velocity.x%20%3D%20%28image.touchesCurrent.x%20-%20velocity.prevPositionX%29%20%2F%20%28Date.now%28%29%20-%20velocity.prevTime%29%20%2F%202%3B%0A%20%20velocity.y%20%3D%20%28image.touchesCurrent.y%20-%20velocity.prevPositionY%29%20%2F%20%28Date.now%28%29%20-%20velocity.prevTime%29%20%2F%202%3B%0A%20%20if%20%28Math.abs%28image.touchesCurrent.x%20-%20velocity.prevPositionX%29%20%3C%202%29%20velocity.x%20%3D%200%3B%0A%20%20if%20%28Math.abs%28image.touchesCurrent.y%20-%20velocity.prevPositionY%29%20%3C%202%29%20velocity.y%20%3D%200%3B%0A%20%20velocity.prevPositionX%20%3D%20image.touchesCurrent.x%3B%0A%20%20velocity.prevPositionY%20%3D%20image.touchesCurrent.y%3B%0A%20%20velocity.prevTime%20%3D%20Date.now%28%29%3B%0A%20%20gesture.imageWrapEl.style.transform%20%3D%20%60translate3d%28%24%7Bimage.currentX%7Dpx%2C%20%24%7Bimage.currentY%7Dpx%2C0%29%60%3B%0A%20%20%7D%0A%20%20function%20onTouchEnd%28%29%20%7B%0A%20%20const%20zoom%20%3D%20swiper.zoom%3B%0A%20%20evCache.length%20%3D%200%3B%0A%20%20if%20%28%21gesture.imageEl%29%20return%3B%0A%20%20if%20%28%21image.isTouched%20%7C%7C%20%21image.isMoved%29%20%7B%0A%20%20image.isTouched%20%3D%20false%3B%0A%20%20image.isMoved%20%3D%20false%3B%0A%20%20return%3B%0A%20%20%7D%0A%20%20image.isTouched%20%3D%20false%3B%0A%20%20image.isMoved%20%3D%20false%3B%0A%20%20let%20momentumDurationX%20%3D%20300%3B%0A%20%20let%20momentumDurationY%20%3D%20300%3B%0A%20%20const%20momentumDistanceX%20%3D%20velocity.x%20%2A%20momentumDurationX%3B%0A%20%20const%20newPositionX%20%3D%20image.currentX%20%2B%20momentumDistanceX%3B%0A%20%20const%20momentumDistanceY%20%3D%20velocity.y%20%2A%20momentumDurationY%3B%0A%20%20const%20newPositionY%20%3D%20image.currentY%20%2B%20momentumDistanceY%3B%0A%20%20%2F%2F%20Fix%20duration%0A%20%20if%20%28velocity.x%20%21%3D%3D%200%29%20momentumDurationX%20%3D%20Math.abs%28%28newPositionX%20-%20image.currentX%29%20%2F%20velocity.x%29%3B%0A%20%20if%20%28velocity.y%20%21%3D%3D%200%29%20momentumDurationY%20%3D%20Math.abs%28%28newPositionY%20-%20image.currentY%29%20%2F%20velocity.y%29%3B%0A%20%20const%20momentumDuration%20%3D%20Math.max%28momentumDurationX%2C%20momentumDurationY%29%3B%0A%20%20image.currentX%20%3D%20newPositionX%3B%0A%20%20image.currentY%20%3D%20newPositionY%3B%0A%20%20%2F%2F%20Define%20if%20we%20need%20image%20drag%0A%20%20const%20scaledWidth%20%3D%20image.width%20%2A%20zoom.scale%3B%0A%20%20const%20scaledHeight%20%3D%20image.height%20%2A%20zoom.scale%3B%0A%20%20image.minX%20%3D%20Math.min%28gesture.slideWidth%20%2F%202%20-%20scaledWidth%20%2F%202%2C%200%29%3B%0A%20%20image.maxX%20%3D%20-image.minX%3B%0A%20%20image.minY%20%3D%20Math.min%28gesture.slideHeight%20%2F%202%20-%20scaledHeight%20%2F%202%2C%200%29%3B%0A%20%20image.maxY%20%3D%20-image.minY%3B%0A%20%20image.currentX%20%3D%20Math.max%28Math.min%28image.currentX%2C%20image.maxX%29%2C%20image.minX%29%3B%0A%20%20image.currentY%20%3D%20Math.max%28Math.min%28image.currentY%2C%20image.maxY%29%2C%20image.minY%29%3B%0A%20%20gesture.imageWrapEl.style.transitionDuration%20%3D%20%60%24%7BmomentumDuration%7Dms%60%3B%0A%20%20gesture.imageWrapEl.style.transform%20%3D%20%60translate3d%28%24%7Bimage.currentX%7Dpx%2C%20%24%7Bimage.currentY%7Dpx%2C0%29%60%3B%0A%20%20%7D%0A%20%20function%20onTransitionEnd%28%29%20%7B%0A%20%20const%20zoom%20%3D%20swiper.zoom%3B%0A%20%20if%20%28gesture.slideEl%20%26%26%20swiper.activeIndex%20%21%3D%3D%20swiper.slides.indexOf%28gesture.slideEl%29%29%20%7B%0A%20%20if%20%28gesture.imageEl%29%20%7B%0A%20%20gesture.imageEl.style.transform%20%3D%20%27translate3d%280%2C0%2C0%29%20scale%281%29%27%3B%0A%20%20%7D%0A%20%20if%20%28gesture.imageWrapEl%29%20%7B%0A%20%20gesture.imageWrapEl.style.transform%20%3D%20%27translate3d%280%2C0%2C0%29%27%3B%0A%20%20%7D%0A%20%20gesture.slideEl.classList.remove%28%60%24%7Bswiper.params.zoom.zoomedSlideClass%7D%60%29%3B%0A%20%20zoom.scale%20%3D%201%3B%0A%20%20currentScale%20%3D%201%3B%0A%20%20gesture.slideEl%20%3D%20undefined%3B%0A%20%20gesture.imageEl%20%3D%20undefined%3B%0A%20%20gesture.imageWrapEl%20%3D%20undefined%3B%0A%20%20gesture.originX%20%3D%200%3B%0A%20%20gesture.originY%20%3D%200%3B%0A%20%20%7D%0A%20%20%7D%0A%20%20function%20onMouseMove%28e1%29%20%7B%0A%20%20%2F%2F%20Only%20pan%20if%20zoomed%20in%20and%20mouse%20panning%20is%20enabled%0A%20%20if%20%28currentScale%20%3C%3D%201%20%7C%7C%20%21gesture.imageWrapEl%29%20return%3B%0A%20%20if%20%28%21eventWithinSlide%28e1%29%20%7C%7C%20%21eventWithinZoomContainer%28e1%29%29%20return%3B%0A%20%20const%20currentTransform%20%3D%20window1.getComputedStyle%28gesture.imageWrapEl%29.transform%3B%0A%20%20const%20matrix%20%3D%20new%20window1.DOMMatrix%28currentTransform%29%3B%0A%20%20if%20%28%21isPanningWithMouse%29%20%7B%0A%20%20isPanningWithMouse%20%3D%20true%3B%0A%20%20mousePanStart.x%20%3D%20e1.clientX%3B%0A%20%20mousePanStart.y%20%3D%20e1.clientY%3B%0A%20%20image.startX%20%3D%20matrix.e%3B%0A%20%20image.startY%20%3D%20matrix.f%3B%0A%20%20image.width%20%3D%20gesture.imageEl.offsetWidth%20%7C%7C%20gesture.imageEl.clientWidth%3B%0A%20%20image.height%20%3D%20gesture.imageEl.offsetHeight%20%7C%7C%20gesture.imageEl.clientHeight%3B%0A%20%20gesture.slideWidth%20%3D%20gesture.slideEl.offsetWidth%3B%0A%20%20gesture.slideHeight%20%3D%20gesture.slideEl.offsetHeight%3B%0A%20%20return%3B%0A%20%20%7D%0A%20%20const%20deltaX%20%3D%20%28e1.clientX%20-%20mousePanStart.x%29%20%2A%20mousePanSensitivity%3B%0A%20%20const%20deltaY%20%3D%20%28e1.clientY%20-%20mousePanStart.y%29%20%2A%20mousePanSensitivity%3B%0A%20%20const%20scaledWidth%20%3D%20image.width%20%2A%20currentScale%3B%0A%20%20const%20scaledHeight%20%3D%20image.height%20%2A%20currentScale%3B%0A%20%20const%20slideWidth%20%3D%20gesture.slideWidth%3B%0A%20%20const%20slideHeight%20%3D%20gesture.slideHeight%3B%0A%20%20const%20minX%20%3D%20Math.min%28slideWidth%20%2F%202%20-%20scaledWidth%20%2F%202%2C%200%29%3B%0A%20%20const%20maxX%20%3D%20-minX%3B%0A%20%20const%20minY%20%3D%20Math.min%28slideHeight%20%2F%202%20-%20scaledHeight%20%2F%202%2C%200%29%3B%0A%20%20const%20maxY%20%3D%20-minY%3B%0A%20%20const%20newX%20%3D%20Math.max%28Math.min%28image.startX%20%2B%20deltaX%2C%20maxX%29%2C%20minX%29%3B%0A%20%20const%20newY%20%3D%20Math.max%28Math.min%28image.startY%20%2B%20deltaY%2C%20maxY%29%2C%20minY%29%3B%0A%20%20gesture.imageWrapEl.style.transitionDuration%20%3D%20%270ms%27%3B%0A%20%20gesture.imageWrapEl.style.transform%20%3D%20%60translate3d%28%24%7BnewX%7Dpx%2C%20%24%7BnewY%7Dpx%2C%200%29%60%3B%0A%20%20mousePanStart.x%20%3D%20e1.clientX%3B%0A%20%20mousePanStart.y%20%3D%20e1.clientY%3B%0A%20%20image.startX%20%3D%20newX%3B%0A%20%20image.startY%20%3D%20newY%3B%0A%20%20image.currentX%20%3D%20newX%3B%0A%20%20image.currentY%20%3D%20newY%3B%0A%20%20%7D%0A%20%20function%20zoomIn%28e1%29%20%7B%0A%20%20const%20zoom%20%3D%20swiper.zoom%3B%0A%20%20const%20params%20%3D%20swiper.params.zoom%3B%0A%20%20if%20%28%21gesture.slideEl%29%20%7B%0A%20%20if%20%28e1%20%26%26%20e1.target%29%20%7B%0A%20%20gesture.slideEl%20%3D%20e1.target.closest%28%60.%24%7Bswiper.params.slideClass%7D%2C%20swiper-slide%60%29%3B%0A%20%20%7D%0A%20%20if%20%28%21gesture.slideEl%29%20%7B%0A%20%20if%20%28swiper.params.virtual%20%26%26%20swiper.params.virtual.enabled%20%26%26%20swiper.virtual%29%20%7B%0A%20%20gesture.slideEl%20%3D%20elementChildren%28swiper.slidesEl%2C%20%60.%24%7Bswiper.params.slideActiveClass%7D%60%29%5B0%5D%3B%0A%20%20%7D%20else%20%7B%0A%20%20gesture.slideEl%20%3D%20swiper.slides%5Bswiper.activeIndex%5D%3B%0A%20%20%7D%0A%20%20%7D%0A%20%20let%20imageEl%20%3D%20gesture.slideEl.querySelector%28%60.%24%7Bparams.containerClass%7D%60%29%3B%0A%20%20if%20%28imageEl%29%20%7B%0A%20%20imageEl%20%3D%20imageEl.querySelectorAll%28%27picture%2C%20img%2C%20svg%2C%20canvas%2C%20.swiper-zoom-target%27%29%5B0%5D%3B%0A%20%20%7D%0A%20%20gesture.imageEl%20%3D%20imageEl%3B%0A%20%20if%20%28imageEl%29%20%7B%0A%20%20gesture.imageWrapEl%20%3D%20elementParents%28gesture.imageEl%2C%20%60.%24%7Bparams.containerClass%7D%60%29%5B0%5D%3B%0A%20%20%7D%20else%20%7B%0A%20%20gesture.imageWrapEl%20%3D%20undefined%3B%0A%20%20%7D%0A%20%20%7D%0A%20%20if%20%28%21gesture.imageEl%20%7C%7C%20%21gesture.imageWrapEl%29%20return%3B%0A%20%20gesture.maxRatio%20%3D%20getMaxRatio%28%29%3B%0A%20%20if%20%28swiper.params.cssMode%29%20%7B%0A%20%20swiper.wrapperEl.style.overflow%20%3D%20%27hidden%27%3B%0A%20%20swiper.wrapperEl.style.touchAction%20%3D%20%27none%27%3B%0A%20%20%7D%0A%20%20gesture.slideEl.classList.add%28%60%24%7Bparams.zoomedSlideClass%7D%60%29%3B%0A%20%20let%20touchX%3B%0A%20%20let%20touchY%3B%0A%20%20let%20offsetX%3B%0A%20%20let%20offsetY%3B%0A%20%20let%20diffX%3B%0A%20%20let%20diffY%3B%0A%20%20let%20translateX%3B%0A%20%20let%20translateY%3B%0A%20%20let%20imageWidth%3B%0A%20%20let%20imageHeight%3B%0A%20%20let%20scaledWidth%3B%0A%20%20let%20scaledHeight%3B%0A%20%20let%20translateMinX%3B%0A%20%20let%20translateMinY%3B%0A%20%20let%20translateMaxX%3B%0A%20%20let%20translateMaxY%3B%0A%20%20let%20slideWidth%3B%0A%20%20let%20slideHeight%3B%0A%20%20if%20%28typeof%20image.touchesStart.x%20%3D%3D%3D%20%27undefined%27%20%26%26%20e1%29%20%7B%0A%20%20touchX%20%3D%20e1.pageX%3B%0A%20%20touchY%20%3D%20e1.pageY%3B%0A%20%20%7D%20else%20%7B%0A%20%20touchX%20%3D%20image.touchesStart.x%3B%0A%20%20touchY%20%3D%20image.touchesStart.y%3B%0A%20%20%7D%0A%20%20const%20prevScale%20%3D%20currentScale%3B%0A%20%20const%20forceZoomRatio%20%3D%20typeof%20e1%20%3D%3D%3D%20%27number%27%20%3F%20e1%20%3A%20null%3B%0A%20%20if%20%28currentScale%20%3D%3D%3D%201%20%26%26%20forceZoomRatio%29%20%7B%0A%20%20touchX%20%3D%20undefined%3B%0A%20%20touchY%20%3D%20undefined%3B%0A%20%20image.touchesStart.x%20%3D%20undefined%3B%0A%20%20image.touchesStart.y%20%3D%20undefined%3B%0A%20%20%7D%0A%20%20const%20maxRatio%20%3D%20getMaxRatio%28%29%3B%0A%20%20zoom.scale%20%3D%20forceZoomRatio%20%7C%7C%20maxRatio%3B%0A%20%20currentScale%20%3D%20forceZoomRatio%20%7C%7C%20maxRatio%3B%0A%20%20if%20%28e1%20%26%26%20%21%28currentScale%20%3D%3D%3D%201%20%26%26%20forceZoomRatio%29%29%20%7B%0A%20%20slideWidth%20%3D%20gesture.slideEl.offsetWidth%3B%0A%20%20slideHeight%20%3D%20gesture.slideEl.offsetHeight%3B%0A%20%20offsetX%20%3D%20elementOffset%28gesture.slideEl%29.left%20%2B%20window1.scrollX%3B%0A%20%20offsetY%20%3D%20elementOffset%28gesture.slideEl%29.top%20%2B%20window1.scrollY%3B%0A%20%20diffX%20%3D%20offsetX%20%2B%20slideWidth%20%2F%202%20-%20touchX%3B%0A%20%20diffY%20%3D%20offsetY%20%2B%20slideHeight%20%2F%202%20-%20touchY%3B%0A%20%20imageWidth%20%3D%20gesture.imageEl.offsetWidth%20%7C%7C%20gesture.imageEl.clientWidth%3B%0A%20%20imageHeight%20%3D%20gesture.imageEl.offsetHeight%20%7C%7C%20gesture.imageEl.clientHeight%3B%0A%20%20scaledWidth%20%3D%20imageWidth%20%2A%20zoom.scale%3B%0A%20%20scaledHeight%20%3D%20imageHeight%20%2A%20zoom.scale%3B%0A%20%20translateMinX%20%3D%20Math.min%28slideWidth%20%2F%202%20-%20scaledWidth%20%2F%202%2C%200%29%3B%0A%20%20translateMinY%20%3D%20Math.min%28slideHeight%20%2F%202%20-%20scaledHeight%20%2F%202%2C%200%29%3B%0A%20%20translateMaxX%20%3D%20-translateMinX%3B%0A%20%20translateMaxY%20%3D%20-translateMinY%3B%0A%20%20if%20%28prevScale%20%3E%200%20%26%26%20forceZoomRatio%20%26%26%20typeof%20image.currentX%20%3D%3D%3D%20%27number%27%20%26%26%20typeof%20image.currentY%20%3D%3D%3D%20%27number%27%29%20%7B%0A%20%20translateX%20%3D%20image.currentX%20%2A%20zoom.scale%20%2F%20prevScale%3B%0A%20%20translateY%20%3D%20image.currentY%20%2A%20zoom.scale%20%2F%20prevScale%3B%0A%20%20%7D%20else%20%7B%0A%20%20translateX%20%3D%20diffX%20%2A%20zoom.scale%3B%0A%20%20translateY%20%3D%20diffY%20%2A%20zoom.scale%3B%0A%20%20%7D%0A%20%20if%20%28translateX%20%3C%20translateMinX%29%20%7B%0A%20%20translateX%20%3D%20translateMinX%3B%0A%20%20%7D%0A%20%20if%20%28translateX%20%3E%20translateMaxX%29%20%7B%0A%20%20translateX%20%3D%20translateMaxX%3B%0A%20%20%7D%0A%20%20if%20%28translateY%20%3C%20translateMinY%29%20%7B%0A%20%20translateY%20%3D%20translateMinY%3B%0A%20%20%7D%0A%20%20if%20%28translateY%20%3E%20translateMaxY%29%20%7B%0A%20%20translateY%20%3D%20translateMaxY%3B%0A%20%20%7D%0A%20%20%7D%20else%20%7B%0A%20%20translateX%20%3D%200%3B%0A%20%20translateY%20%3D%200%3B%0A%20%20%7D%0A%20%20if%20%28forceZoomRatio%20%26%26%20zoom.scale%20%3D%3D%3D%201%29%20%7B%0A%20%20gesture.originX%20%3D%200%3B%0A%20%20gesture.originY%20%3D%200%3B%0A%20%20%7D%0A%20%20image.currentX%20%3D%20translateX%3B%0A%20%20image.currentY%20%3D%20translateY%3B%0A%20%20gesture.imageWrapEl.style.transitionDuration%20%3D%20%27300ms%27%3B%0A%20%20gesture.imageWrapEl.style.transform%20%3D%20%60translate3d%28%24%7BtranslateX%7Dpx%2C%20%24%7BtranslateY%7Dpx%2C0%29%60%3B%0A%20%20gesture.imageEl.style.transitionDuration%20%3D%20%27300ms%27%3B%0A%20%20gesture.imageEl.style.transform%20%3D%20%60translate3d%280%2C0%2C0%29%20scale%28%24%7Bzoom.scale%7D%29%60%3B%0A%20%20%7D%0A%20%20function%20zoomOut%28%29%20%7B%0A%20%20const%20zoom%20%3D%20swiper.zoom%3B%0A%20%20const%20params%20%3D%20swiper.params.zoom%3B%0A%20%20if%20%28%21gesture.slideEl%29%20%7B%0A%20%20if%20%28swiper.params.virtual%20%26%26%20swiper.params.virtual.enabled%20%26%26%20swiper.virtual%29%20%7B%0A%20%20gesture.slideEl%20%3D%20elementChildren%28swiper.slidesEl%2C%20%60.%24%7Bswiper.params.slideActiveClass%7D%60%29%5B0%5D%3B%0A%20%20%7D%20else%20%7B%0A%20%20gesture.slideEl%20%3D%20swiper.slides%5Bswiper.activeIndex%5D%3B%0A%20%20%7D%0A%20%20let%20imageEl%20%3D%20gesture.slideEl.querySelector%28%60.%24%7Bparams.containerClass%7D%60%29%3B%0A%20%20if%20%28imageEl%29%20%7B%0A%20%20imageEl%20%3D%20imageEl.querySelectorAll%28%27picture%2C%20img%2C%20svg%2C%20canvas%2C%20.swiper-zoom-target%27%29%5B0%5D%3B%0A%20%20%7D%0A%20%20gesture.imageEl%20%3D%20imageEl%3B%0A%20%20if%20%28imageEl%29%20%7B%0A%20%20gesture.imageWrapEl%20%3D%20elementParents%28gesture.imageEl%2C%20%60.%24%7Bparams.containerClass%7D%60%29%5B0%5D%3B%0A%20%20%7D%20else%20%7B%0A%20%20gesture.imageWrapEl%20%3D%20undefined%3B%0A%20%20%7D%0A%20%20%7D%0A%20%20if%20%28%21gesture.imageEl%20%7C%7C%20%21gesture.imageWrapEl%29%20return%3B%0A%20%20gesture.maxRatio%20%3D%20getMaxRatio%28%29%3B%0A%20%20if%20%28swiper.params.cssMode%29%20%7B%0A%20%20swiper.wrapperEl.style.overflow%20%3D%20%27%27%3B%0A%20%20swiper.wrapperEl.style.touchAction%20%3D%20%27%27%3B%0A%20%20%7D%0A%20%20zoom.scale%20%3D%201%3B%0A%20%20currentScale%20%3D%201%3B%0A%20%20image.currentX%20%3D%20undefined%3B%0A%20%20image.currentY%20%3D%20undefined%3B%0A%20%20image.touchesStart.x%20%3D%20undefined%3B%0A%20%20image.touchesStart.y%20%3D%20undefined%3B%0A%20%20gesture.imageWrapEl.style.transitionDuration%20%3D%20%27300ms%27%3B%0A%20%20gesture.imageWrapEl.style.transform%20%3D%20%27translate3d%280%2C0%2C0%29%27%3B%0A%20%20gesture.imageEl.style.transitionDuration%20%3D%20%27300ms%27%3B%0A%20%20gesture.imageEl.style.transform%20%3D%20%27translate3d%280%2C0%2C0%29%20scale%281%29%27%3B%0A%20%20gesture.slideEl.classList.remove%28%60%24%7Bparams.zoomedSlideClass%7D%60%29%3B%0A%20%20gesture.slideEl%20%3D%20undefined%3B%0A%20%20gesture.originX%20%3D%200%3B%0A%20%20gesture.originY%20%3D%200%3B%0A%20%20if%20%28swiper.params.zoom.panOnMouseMove%29%20%7B%0A%20%20mousePanStart%20%3D%20%7B%0A%20%20x%3A%200%2C%0A%20%20y%3A%200%0A%20%20%7D%3B%0A%20%20if%20%28isPanningWithMouse%29%20%7B%0A%20%20isPanningWithMouse%20%3D%20false%3B%0A%20%20image.startX%20%3D%200%3B%0A%20%20image.startY%20%3D%200%3B%0A%20%20%7D%0A%20%20%7D%0A%20%20%7D%0A%20%20%2F%2F%20Toggle%20Zoom%0A%20%20function%20zoomToggle%28e1%29%20%7B%0A%20%20const%20zoom%20%3D%20swiper.zoom%3B%0A%20%20if%20%28zoom.scale%20%26%26%20zoom.scale%20%21%3D%3D%201%29%20%7B%0A%20%20%2F%2F%20Zoom%20Out%0A%20%20zoomOut%28%29%3B%0A%20%20%7D%20else%20%7B%0A%20%20%2F%2F%20Zoom%20In%0A%20%20zoomIn%28e1%29%3B%0A%20%20%7D%0A%20%20%7D%0A%20%20function%20getListeners%28%29%20%7B%0A%20%20const%20passiveListener%20%3D%20swiper.params.passiveListeners%20%3F%20%7B%0A%20%20passive%3A%20true%2C%0A%20%20capture%3A%20false%0A%20%20%7D%20%3A%20false%3B%0A%20%20const%20activeListenerWithCapture%20%3D%20swiper.params.passiveListeners%20%3F%20%7B%0A%20%20passive%3A%20false%2C%0A%20%20capture%3A%20true%0A%20%20%7D%20%3A%20true%3B%0A%20%20return%20%7B%0A%20%20passiveListener%2C%0A%20%20activeListenerWithCapture%0A%20%20%7D%3B%0A%20%20%7D%0A%20%20%2F%2F%20Attach%2FDetach%20Events%0A%20%20function%20enable%28%29%20%7B%0A%20%20const%20zoom%20%3D%20swiper.zoom%3B%0A%20%20if%20%28zoom.enabled%29%20return%3B%0A%20%20zoom.enabled%20%3D%20true%3B%0A%20%20const%20%7B%20passiveListener%2C%20activeListenerWithCapture%20%7D%20%3D%20getListeners%28%29%3B%0A%20%20%2F%2F%20Scale%20image%0A%20%20swiper.wrapperEl.addEventListener%28%27pointerdown%27%2C%20onGestureStart%2C%20passiveListener%29%3B%0A%20%20swiper.wrapperEl.addEventListener%28%27pointermove%27%2C%20onGestureChange%2C%20activeListenerWithCapture%29%3B%0A%20%20%5B%0A%20%20%27pointerup%27%2C%0A%20%20%27pointercancel%27%2C%0A%20%20%27pointerout%27%0A%20%20%5D.forEach%28%28eventName%29%3D%3E%7B%0A%20%20swiper.wrapperEl.addEventListener%28eventName%2C%20onGestureEnd%2C%20passiveListener%29%3B%0A%20%20%7D%29%3B%0A%20%20%2F%2F%20Move%20image%0A%20%20swiper.wrapperEl.addEventListener%28%27pointermove%27%2C%20onTouchMove%2C%20activeListenerWithCapture%29%3B%0A%20%20%7D%0A%20%20function%20disable%28%29%20%7B%0A%20%20const%20zoom%20%3D%20swiper.zoom%3B%0A%20%20if%20%28%21zoom.enabled%29%20return%3B%0A%20%20zoom.enabled%20%3D%20false%3B%0A%20%20const%20%7B%20passiveListener%2C%20activeListenerWithCapture%20%7D%20%3D%20getListeners%28%29%3B%0A%20%20%2F%2F%20Scale%20image%0A%20%20swiper.wrapperEl.removeEventListener%28%27pointerdown%27%2C%20onGestureStart%2C%20passiveListener%29%3B%0A%20%20swiper.wrapperEl.removeEventListener%28%27pointermove%27%2C%20onGestureChange%2C%20activeListenerWithCapture%29%3B%0A%20%20%5B%0A%20%20%27pointerup%27%2C%0A%20%20%27pointercancel%27%2C%0A%20%20%27pointerout%27%0A%20%20%5D.forEach%28%28eventName%29%3D%3E%7B%0A%20%20swiper.wrapperEl.removeEventListener%28eventName%2C%20onGestureEnd%2C%20passiveListener%29%3B%0A%20%20%7D%29%3B%0A%20%20%2F%2F%20Move%20image%0A%20%20swiper.wrapperEl.removeEventListener%28%27pointermove%27%2C%20onTouchMove%2C%20activeListenerWithCapture%29%3B%0A%20%20%7D%0A%20%20on%28%27init%27%2C%20%28%29%3D%3E%7B%0A%20%20if%20%28swiper.params.zoom.enabled%29%20%7B%0A%20%20enable%28%29%3B%0A%20%20%7D%0A%20%20%7D%29%3B%0A%20%20on%28%27destroy%27%2C%20%28%29%3D%3E%7B%0A%20%20disable%28%29%3B%0A%20%20%7D%29%3B%0A%20%20on%28%27touchStart%27%2C%20%28_s%2C%20e1%29%3D%3E%7B%0A%20%20if%20%28%21swiper.zoom.enabled%29%20return%3B%0A%20%20onTouchStart%28e1%29%3B%0A%20%20%7D%29%3B%0A%20%20on%28%27touchEnd%27%2C%20%28_s%2C%20e1%29%3D%3E%7B%0A%20%20if%20%28%21swiper.zoom.enabled%29%20return%3B%0A%20%20onTouchEnd%28%29%3B%0A%20%20%7D%29%3B%0A%20%20on%28%27doubleTap%27%2C%20%28_s%2C%20e1%29%3D%3E%7B%0A%20%20if%20%28%21swiper.animating%20%26%26%20swiper.params.zoom.enabled%20%26%26%20swiper.zoom.enabled%20%26%26%20swiper.params.zoom.toggle%29%20%7B%0A%20%20zoomToggle%28e1%29%3B%0A%20%20%7D%0A%20%20%7D%29%3B%0A%20%20on%28%27transitionEnd%27%2C%20%28%29%3D%3E%7B%0A%20%20if%20%28swiper.zoom.enabled%20%26%26%20swiper.params.zoom.enabled%29%20%7B%0A%20%20onTransitionEnd%28%29%3B%0A%20%20%7D%0A%20%20%7D%29%3B%0A%20%20on%28%27slideChange%27%2C%20%28%29%3D%3E%7B%0A%20%20if%20%28swiper.zoom.enabled%20%26%26%20swiper.params.zoom.enabled%20%26%26%20swiper.params.cssMode%29%20%7B%0A%20%20onTransitionEnd%28%29%3B%0A%20%20%7D%0A%20%20%7D%29%3B%0A%20%20Object.assign%28swiper.zoom%2C%20%7B%0A%20%20enable%2C%0A%20%20disable%2C%0A%20%20in%3A%20zoomIn%2C%0A%20%20out%3A%20zoomOut%2C%0A%20%20toggle%3A%20zoomToggle%0A%20%20%7D%29%3B%0A%20%20%7D%0A%20%20%3B%0A%20%20%3B%0A%20%20%2F%2A%20eslint%20no-bitwise%3A%20%5B%22error%22%2C%20%7B%20%22allow%22%3A%20%5B%22%3E%3E%22%5D%20%7D%5D%20%2A%2F%20function%20Controller%28%7B%20swiper%2C%20extendParams%2C%20on%20%7D%29%20%7B%0A%20%20extendParams%28%7B%0A%20%20controller%3A%20%7B%0A%20%20control%3A%20undefined%2C%0A%20%20inverse%3A%20false%2C%0A%20%20by%3A%20%27slide%27%20%2F%2F%20or%20%27container%27%0A%20%20%7D%0A%20%20%7D%29%3B%0A%20%20swiper.controller%20%3D%20%7B%0A%20%20control%3A%20undefined%0A%20%20%7D%3B%0A%20%20function%20LinearSpline%28x%2C%20y%29%20%7B%0A%20%20const%20binarySearch%20%3D%20function%20search%28%29%20%7B%0A%20%20let%20maxIndex%3B%0A%20%20let%20minIndex%3B%0A%20%20let%20guess%3B%0A%20%20return%20%28array%2C%20val%29%3D%3E%7B%0A%20%20minIndex%20%3D%20-1%3B%0A%20%20maxIndex%20%3D%20array.length%3B%0A%20%20while%28maxIndex%20-%20minIndex%20%3E%201%29%7B%0A%20%20guess%20%3D%20maxIndex%20%2B%20minIndex%20%3E%3E%201%3B%0A%20%20if%20%28array%5Bguess%5D%20%3C%3D%20val%29%20%7B%0A%20%20minIndex%20%3D%20guess%3B%0A%20%20%7D%20else%20%7B%0A%20%20maxIndex%20%3D%20guess%3B%0A%20%20%7D%0A%20%20%7D%0A%20%20return%20maxIndex%3B%0A%20%20%7D%3B%0A%20%20%7D%28%29%3B%0A%20%20this.x%20%3D%20x%3B%0A%20%20this.y%20%3D%20y%3B%0A%20%20this.lastIndex%20%3D%20x.length%20-%201%3B%0A%20%20%2F%2F%20Given%20an%20x%20value%20%28x2%29%2C%20return%20the%20expected%20y2%20value%3A%0A%20%20%2F%2F%20%28x1%2Cy1%29%20is%20the%20known%20point%20before%20given%20value%2C%0A%20%20%2F%2F%20%28x3%2Cy3%29%20is%20the%20known%20point%20after%20given%20value.%0A%20%20let%20i1%3B%0A%20%20let%20i3%3B%0A%20%20this.interpolate%20%3D%20function%20interpolate%28x2%29%20%7B%0A%20%20if%20%28%21x2%29%20return%200%3B%0A%20%20%2F%2F%20Get%20the%20indexes%20of%20x1%20and%20x3%20%28the%20array%20indexes%20before%20and%20after%20given%20x2%29%3A%0A%20%20i3%20%3D%20binarySearch%28this.x%2C%20x2%29%3B%0A%20%20i1%20%3D%20i3%20-%201%3B%0A%20%20%2F%2F%20We%20have%20our%20indexes%20i1%20%26%20i3%2C%20so%20we%20can%20calculate%20already%3A%0A%20%20%2F%2F%20y2%20%3A%3D%20%28%28x2%E2%88%92x1%29%20%C3%97%20%28y3%E2%88%92y1%29%29%20%C3%B7%20%28x3%E2%88%92x1%29%20%2B%20y1%0A%20%20return%20%28x2%20-%20this.x%5Bi1%5D%29%20%2A%20%28this.y%5Bi3%5D%20-%20this.y%5Bi1%5D%29%20%2F%20%28this.x%5Bi3%5D%20-%20this.x%5Bi1%5D%29%20%2B%20this.y%5Bi1%5D%3B%0A%20%20%7D%3B%0A%20%20return%20this%3B%0A%20%20%7D%0A%20%20function%20getInterpolateFunction%28c%29%20%7B%0A%20%20swiper.controller.spline%20%3D%20swiper.params.loop%20%3F%20new%20LinearSpline%28swiper.slidesGrid%2C%20c.slidesGrid%29%20%3A%20new%20LinearSpline%28swiper.snapGrid%2C%20c.snapGrid%29%3B%0A%20%20%7D%0A%20%20function%20setTranslate%28_t%2C%20byController%29%20%7B%0A%20%20const%20controlled%20%3D%20swiper.controller.control%3B%0A%20%20let%20multiplier%3B%0A%20%20let%20controlledTranslate%3B%0A%20%20const%20Swiper%20%3D%20swiper.constructor%3B%0A%20%20function%20setControlledTranslate%28c%29%20%7B%0A%20%20if%20%28c.destroyed%29%20return%3B%0A%20%20%2F%2F%20this%20will%20create%20an%20Interpolate%20function%20based%20on%20the%20snapGrids%0A%20%20%2F%2F%20x%20is%20the%20Grid%20of%20the%20scrolled%20scroller%20and%20y%20will%20be%20the%20controlled%20scroller%0A%20%20%2F%2F%20it%20makes%20sense%20to%20create%20this%20only%20once%20and%20recall%20it%20for%20the%20interpolation%0A%20%20%2F%2F%20the%20function%20does%20a%20lot%20of%20value%20caching%20for%20performance%0A%20%20const%20translate%20%3D%20swiper.rtlTranslate%20%3F%20-swiper.translate%20%3A%20swiper.translate%3B%0A%20%20if%20%28swiper.params.controller.by%20%3D%3D%3D%20%27slide%27%29%20%7B%0A%20%20getInterpolateFunction%28c%29%3B%0A%20%20%2F%2F%20i%20am%20not%20sure%20why%20the%20values%20have%20to%20be%20multiplicated%20this%20way%2C%20tried%20to%20invert%20the%20snapGrid%0A%20%20%2F%2F%20but%20it%20did%20not%20work%20out%0A%20%20controlledTranslate%20%3D%20-swiper.controller.spline.interpolate%28-translate%29%3B%0A%20%20%7D%0A%20%20if%20%28%21controlledTranslate%20%7C%7C%20swiper.params.controller.by%20%3D%3D%3D%20%27container%27%29%20%7B%0A%20%20multiplier%20%3D%20%28c.maxTranslate%28%29%20-%20c.minTranslate%28%29%29%20%2F%20%28swiper.maxTranslate%28%29%20-%20swiper.minTranslate%28%29%29%3B%0A%20%20if%20%28Number.isNaN%28multiplier%29%20%7C%7C%20%21Number.isFinite%28multiplier%29%29%20%7B%0A%20%20multiplier%20%3D%201%3B%0A%20%20%7D%0A%20%20controlledTranslate%20%3D%20%28translate%20-%20swiper.minTranslate%28%29%29%20%2A%20multiplier%20%2B%20c.minTranslate%28%29%3B%0A%20%20%7D%0A%20%20if%20%28swiper.params.controller.inverse%29%20%7B%0A%20%20controlledTranslate%20%3D%20c.maxTranslate%28%29%20-%20controlledTranslate%3B%0A%20%20%7D%0A%20%20c.updateProgress%28controlledTranslate%29%3B%0A%20%20c.setTranslate%28controlledTranslate%2C%20swiper%29%3B%0A%20%20c.updateActiveIndex%28%29%3B%0A%20%20c.updateSlidesClasses%28%29%3B%0A%20%20%7D%0A%20%20if%20%28Array.isArray%28controlled%29%29%20%7B%0A%20%20for%28let%20i%20%3D%200%3B%20i%20%3C%20controlled.length%3B%20i%20%2B%3D%201%29%7B%0A%20%20if%20%28controlled%5Bi%5D%20%21%3D%3D%20byController%20%26%26%20controlled%5Bi%5D%20instanceof%20Swiper%29%20%7B%0A%20%20setControlledTranslate%28controlled%5Bi%5D%29%3B%0A%20%20%7D%0A%20%20%7D%0A%20%20%7D%20else%20if%20%28controlled%20instanceof%20Swiper%20%26%26%20byController%20%21%3D%3D%20controlled%29%20%7B%0A%20%20setControlledTranslate%28controlled%29%3B%0A%20%20%7D%0A%20%20%7D%0A%20%20function%20setTransition%28duration%2C%20byController%29%20%7B%0A%20%20const%20Swiper%20%3D%20swiper.constructor%3B%0A%20%20const%20controlled%20%3D%20swiper.controller.control%3B%0A%20%20let%20i%3B%0A%20%20function%20setControlledTransition%28c%29%20%7B%0A%20%20if%20%28c.destroyed%29%20return%3B%0A%20%20c.setTransition%28duration%2C%20swiper%29%3B%0A%20%20if%20%28duration%20%21%3D%3D%200%29%20%7B%0A%20%20c.transitionStart%28%29%3B%0A%20%20if%20%28c.params.autoHeight%29%20%7B%0A%20%20nextTick%28%28%29%3D%3E%7B%0A%20%20c.updateAutoHeight%28%29%3B%0A%20%20%7D%29%3B%0A%20%20%7D%0A%20%20elementTransitionEnd%28c.wrapperEl%2C%20%28%29%3D%3E%7B%0A%20%20if%20%28%21controlled%29%20return%3B%0A%20%20c.transitionEnd%28%29%3B%0A%20%20%7D%29%3B%0A%20%20%7D%0A%20%20%7D%0A%20%20if%20%28Array.isArray%28controlled%29%29%20%7B%0A%20%20for%28i%20%3D%200%3B%20i%20%3C%20controlled.length%3B%20i%20%2B%3D%201%29%7B%0A%20%20if%20%28controlled%5Bi%5D%20%21%3D%3D%20byController%20%26%26%20controlled%5Bi%5D%20instanceof%20Swiper%29%20%7B%0A%20%20setControlledTransition%28controlled%5Bi%5D%29%3B%0A%20%20%7D%0A%20%20%7D%0A%20%20%7D%20else%20if%20%28controlled%20instanceof%20Swiper%20%26%26%20byController%20%21%3D%3D%20controlled%29%20%7B%0A%20%20setControlledTransition%28controlled%29%3B%0A%20%20%7D%0A%20%20%7D%0A%20%20function%20removeSpline%28%29%20%7B%0A%20%20if%20%28%21swiper.controller.control%29%20return%3B%0A%20%20if%20%28swiper.controller.spline%29%20%7B%0A%20%20swiper.controller.spline%20%3D%20undefined%3B%0A%20%20delete%20swiper.controller.spline%3B%0A%20%20%7D%0A%20%20%7D%0A%20%20on%28%27beforeInit%27%2C%20%28%29%3D%3E%7B%0A%20%20if%20%28%28%22TURBOPACK%20compile-time%20value%22%2C%20%22undefined%22%29%20%21%3D%3D%20%27undefined%27%20%26%26%20%28%2F%2F%20eslint-disable-line%0A%20%20typeof%20swiper.params.controller.control%20%3D%3D%3D%20%27string%27%20%7C%7C%20swiper.params.controller.control%20instanceof%20HTMLElement%29%29%20%2F%2FTURBOPACK%20unreachable%0A%20%20%3B%0A%20%20swiper.controller.control%20%3D%20swiper.params.controller.control%3B%0A%20%20%7D%29%3B%0A%20%20on%28%27update%27%2C%20%28%29%3D%3E%7B%0A%20%20removeSpline%28%29%3B%0A%20%20%7D%29%3B%0A%20%20on%28%27resize%27%2C%20%28%29%3D%3E%7B%0A%20%20removeSpline%28%29%3B%0A%20%20%7D%29%3B%0A%20%20on%28%27observerUpdate%27%2C%20%28%29%3D%3E%7B%0A%20%20removeSpline%28%29%3B%0A%20%20%7D%29%3B%0A%20%20on%28%27setTranslate%27%2C%20%28_s%2C%20translate%2C%20byController%29%3D%3E%7B%0A%20%20if%20%28%21swiper.controller.control%20%7C%7C%20swiper.controller.control.destroyed%29%20return%3B%0A%20%20swiper.controller.setTranslate%28translate%2C%20byController%29%3B%0A%20%20%7D%29%3B%0A%20%20on%28%27setTransition%27%2C%20%28_s%2C%20duration%2C%20byController%29%3D%3E%7B%0A%20%20if%20%28%21swiper.controller.control%20%7C%7C%20swiper.controller.control.destroyed%29%20return%3B%0A%20%20swiper.controller.setTransition%28duration%2C%20byController%29%3B%0A%20%20%7D%29%3B%0A%20%20Object.assign%28swiper.controller%2C%20%7B%0A%20%20setTranslate%2C%0A%20%20setTransition%0A%20%20%7D%29%3B%0A%20%20%7D%0A%20%20%3B%0A%20%20%3B%0A%20%20%3B%0A%20%20%3B%0A%20%20function%20A11y%28%7B%20swiper%2C%20extendParams%2C%20on%20%7D%29%20%7B%0A%20%20extendParams%28%7B%0A%20%20a11y%3A%20%7B%0A%20%20enabled%3A%20true%2C%0A%20%20notificationClass%3A%20%27swiper-notification%27%2C%0A%20%20prevSlideMessage%3A%20%27Previous%20slide%27%2C%0A%20%20nextSlideMessage%3A%20%27Next%20slide%27%2C%0A%20%20firstSlideMessage%3A%20%27This%20is%20the%20first%20slide%27%2C%0A%20%20lastSlideMessage%3A%20%27This%20is%20the%20last%20slide%27%2C%0A%20%20paginationBulletMessage%3A%20%27Go%20to%20slide%20%7B%7Bindex%7D%7D%27%2C%0A%20%20slideLabelMessage%3A%20%27%7B%7Bindex%7D%7D%20%2F%20%7B%7BslidesLength%7D%7D%27%2C%0A%20%20containerMessage%3A%20null%2C%0A%20%20containerRoleDescriptionMessage%3A%20null%2C%0A%20%20containerRole%3A%20null%2C%0A%20%20itemRoleDescriptionMessage%3A%20null%2C%0A%20%20slideRole%3A%20%27group%27%2C%0A%20%20id%3A%20null%2C%0A%20%20scrollOnFocus%3A%20true%2C%0A%20%20wrapperLiveRegion%3A%20true%0A%20%20%7D%0A%20%20%7D%29%3B%0A%20%20swiper.a11y%20%3D%20%7B%0A%20%20clicked%3A%20false%0A%20%20%7D%3B%0A%20%20let%20liveRegion%20%3D%20null%3B%0A%20%20let%20preventFocusHandler%3B%0A%20%20let%20focusTargetSlideEl%3B%0A%20%20let%20visibilityChangedTimestamp%20%3D%20new%20Date%28%29.getTime%28%29%3B%0A%20%20function%20notify%28message%29%20%7B%0A%20%20const%20notification%20%3D%20liveRegion%3B%0A%20%20if%20%28notification.length%20%3D%3D%3D%200%29%20return%3B%0A%20%20setInnerHTML%28notification%2C%20message%29%3B%0A%20%20%7D%0A%20%20function%20getRandomNumber%28size%20%3D%2016%29%20%7B%0A%20%20const%20randomChar%20%3D%20%28%29%3D%3EMath.round%2816%20%2A%20Math.random%28%29%29.toString%2816%29%3B%0A%20%20return%20%27x%27.repeat%28size%29.replace%28%2Fx%2Fg%2C%20randomChar%29%3B%0A%20%20%7D%0A%20%20function%20makeElFocusable%28el%29%20%7B%0A%20%20el%20%3D%20makeElementsArray%28el%29%3B%0A%20%20el.forEach%28%28subEl%29%3D%3E%7B%0A%20%20subEl.setAttribute%28%27tabIndex%27%2C%20%270%27%29%3B%0A%20%20%7D%29%3B%0A%20%20%7D%0A%20%20function%20makeElNotFocusable%28el%29%20%7B%0A%20%20el%20%3D%20makeElementsArray%28el%29%3B%0A%20%20el.forEach%28%28subEl%29%3D%3E%7B%0A%20%20subEl.setAttribute%28%27tabIndex%27%2C%20%27-1%27%29%3B%0A%20%20%7D%29%3B%0A%20%20%7D%0A%20%20function%20addElRole%28el%2C%20role%29%20%7B%0A%20%20el%20%3D%20makeElementsArray%28el%29%3B%0A%20%20el.forEach%28%28subEl%29%3D%3E%7B%0A%20%20subEl.setAttribute%28%27role%27%2C%20role%29%3B%0A%20%20%7D%29%3B%0A%20%20%7D%0A%20%20function%20addElRoleDescription%28el%2C%20description%29%20%7B%0A%20%20el%20%3D%20makeElementsArray%28el%29%3B%0A%20%20el.forEach%28%28subEl%29%3D%3E%7B%0A%20%20subEl.setAttribute%28%27aria-roledescription%27%2C%20description%29%3B%0A%20%20%7D%29%3B%0A%20%20%7D%0A%20%20function%20addElControls%28el%2C%20controls%29%20%7B%0A%20%20el%20%3D%20makeElementsArray%28el%29%3B%0A%20%20el.forEach%28%28subEl%29%3D%3E%7B%0A%20%20subEl.setAttribute%28%27aria-controls%27%2C%20controls%29%3B%0A%20%20%7D%29%3B%0A%20%20%7D%0A%20%20function%20addElLabel%28el%2C%20label%29%20%7B%0A%20%20el%20%3D%20makeElementsArray%28el%29%3B%0A%20%20el.forEach%28%28subEl%29%3D%3E%7B%0A%20%20subEl.setAttribute%28%27aria-label%27%2C%20label%29%3B%0A%20%20%7D%29%3B%0A%20%20%7D%0A%20%20function%20addElId%28el%2C%20id%29%20%7B%0A%20%20el%20%3D%20makeElementsArray%28el%29%3B%0A%20%20el.forEach%28%28subEl%29%3D%3E%7B%0A%20%20subEl.setAttribute%28%27id%27%2C%20id%29%3B%0A%20%20%7D%29%3B%0A%20%20%7D%0A%20%20function%20addElLive%28el%2C%20live%29%20%7B%0A%20%20el%20%3D%20makeElementsArray%28el%29%3B%0A%20%20el.forEach%28%28subEl%29%3D%3E%7B%0A%20%20subEl.setAttribute%28%27aria-live%27%2C%20live%29%3B%0A%20%20%7D%29%3B%0A%20%20%7D%0A%20%20function%20disableEl%28el%29%20%7B%0A%20%20el%20%3D%20makeElementsArray%28el%29%3B%0A%20%20el.forEach%28%28subEl%29%3D%3E%7B%0A%20%20subEl.setAttribute%28%27aria-disabled%27%2C%20true%29%3B%0A%20%20%7D%29%3B%0A%20%20%7D%0A%20%20function%20enableEl%28el%29%20%7B%0A%20%20el%20%3D%20makeElementsArray%28el%29%3B%0A%20%20el.forEach%28%28subEl%29%3D%3E%7B%0A%20%20subEl.setAttribute%28%27aria-disabled%27%2C%20false%29%3B%0A%20%20%7D%29%3B%0A%20%20%7D%0A%20%20function%20onEnterOrSpaceKey%28e%29%20%7B%0A%20%20if%20%28e.keyCode%20%21%3D%3D%2013%20%26%26%20e.keyCode%20%21%3D%3D%2032%29%20return%3B%0A%20%20const%20params%20%3D%20swiper.params.a11y%3B%0A%20%20const%20targetEl%20%3D%20e.target%3B%0A%20%20if%20%28swiper.pagination%20%26%26%20swiper.pagination.el%20%26%26%20%28targetEl%20%3D%3D%3D%20swiper.pagination.el%20%7C%7C%20swiper.pagination.el.contains%28e.target%29%29%29%20%7B%0A%20%20if%20%28%21e.target.matches%28classesToSelector%28swiper.params.pagination.bulletClass%29%29%29%20return%3B%0A%20%20%7D%0A%20%20if%20%28swiper.navigation%20%26%26%20swiper.navigation.prevEl%20%26%26%20swiper.navigation.nextEl%29%20%7B%0A%20%20const%20prevEls%20%3D%20makeElementsArray%28swiper.navigation.prevEl%29%3B%0A%20%20const%20nextEls%20%3D%20makeElementsArray%28swiper.navigation.nextEl%29%3B%0A%20%20if%20%28nextEls.includes%28targetEl%29%29%20%7B%0A%20%20if%20%28%21%28swiper.isEnd%20%26%26%20%21swiper.params.loop%29%29%20%7B%0A%20%20swiper.slideNext%28%29%3B%0A%20%20%7D%0A%20%20if%20%28swiper.isEnd%29%20%7B%0A%20%20notify%28params.lastSlideMessage%29%3B%0A%20%20%7D%20else%20%7B%0A%20%20notify%28params.nextSlideMessage%29%3B%0A%20%20%7D%0A%20%20%7D%0A%20%20if%20%28prevEls.includes%28targetEl%29%29%20%7B%0A%20%20if%20%28%21%28swiper.isBeginning%20%26%26%20%21swiper.params.loop%29%29%20%7B%0A%20%20swiper.slidePrev%28%29%3B%0A%20%20%7D%0A%20%20if%20%28swiper.isBeginning%29%20%7B%0A%20%20notify%28params.firstSlideMessage%29%3B%0A%20%20%7D%20else%20%7B%0A%20%20notify%28params.prevSlideMessage%29%3B%0A%20%20%7D%0A%20%20%7D%0A%20%20%7D%0A%20%20if%20%28swiper.pagination%20%26%26%20targetEl.matches%28classesToSelector%28swiper.params.pagination.bulletClass%29%29%29%20%7B%0A%20%20targetEl.click%28%29%3B%0A%20%20%7D%0A%20%20%7D%0A%20%20function%20updateNavigation%28%29%20%7B%0A%20%20if%20%28swiper.params.loop%20%7C%7C%20swiper.params.rewind%20%7C%7C%20%21swiper.navigation%29%20return%3B%0A%20%20const%20%7B%20nextEl%2C%20prevEl%20%7D%20%3D%20swiper.navigation%3B%0A%20%20if%20%28prevEl%29%20%7B%0A%20%20if%20%28swiper.isBeginning%29%20%7B%0A%20%20disableEl%28prevEl%29%3B%0A%20%20makeElNotFocusable%28prevEl%29%3B%0A%20%20%7D%20else%20%7B%0A%20%20enableEl%28prevEl%29%3B%0A%20%20makeElFocusable%28prevEl%29%3B%0A%20%20%7D%0A%20%20%7D%0A%20%20if%20%28nextEl%29%20%7B%0A%20%20if%20%28swiper.isEnd%29%20%7B%0A%20%20disableEl%28nextEl%29%3B%0A%20%20makeElNotFocusable%28nextEl%29%3B%0A%20%20%7D%20else%20%7B%0A%20%20enableEl%28nextEl%29%3B%0A%20%20makeElFocusable%28nextEl%29%3B%0A%20%20%7D%0A%20%20%7D%0A%20%20%7D%0A%20%20function%20hasPagination%28%29%20%7B%0A%20%20return%20swiper.pagination%20%26%26%20swiper.pagination.bullets%20%26%26%20swiper.pagination.bullets.length%3B%0A%20%20%7D%0A%20%20function%20hasClickablePagination%28%29%20%7B%0A%20%20return%20hasPagination%28%29%20%26%26%20swiper.params.pagination.clickable%3B%0A%20%20%7D%0A%20%20function%20updatePagination%28%29%20%7B%0A%20%20const%20params%20%3D%20swiper.params.a11y%3B%0A%20%20if%20%28%21hasPagination%28%29%29%20return%3B%0A%20%20swiper.pagination.bullets.forEach%28%28bulletEl%29%3D%3E%7B%0A%20%20if%20%28swiper.params.pagination.clickable%29%20%7B%0A%20%20makeElFocusable%28bulletEl%29%3B%0A%20%20if%20%28%21swiper.params.pagination.renderBullet%29%20%7B%0A%20%20addElRole%28bulletEl%2C%20%27button%27%29%3B%0A%20%20addElLabel%28bulletEl%2C%20params.paginationBulletMessage.replace%28%2F%5C%7B%5C%7Bindex%5C%7D%5C%7D%2F%2C%20elementIndex%28bulletEl%29%20%2B%201%29%29%3B%0A%20%20%7D%0A%20%20%7D%0A%20%20if%20%28bulletEl.matches%28classesToSelector%28swiper.params.pagination.bulletActiveClass%29%29%29%20%7B%0A%20%20bulletEl.setAttribute%28%27aria-current%27%2C%20%27true%27%29%3B%0A%20%20%7D%20else%20%7B%0A%20%20bulletEl.removeAttribute%28%27aria-current%27%29%3B%0A%20%20%7D%0A%20%20%7D%29%3B%0A%20%20%7D%0A%20%20const%20initNavEl%20%3D%20%28el%2C%20wrapperId%2C%20message%29%3D%3E%7B%0A%20%20makeElFocusable%28el%29%3B%0A%20%20if%20%28el.tagName%20%21%3D%3D%20%27BUTTON%27%29%20%7B%0A%20%20addElRole%28el%2C%20%27button%27%29%3B%0A%20%20el.addEventListener%28%27keydown%27%2C%20onEnterOrSpaceKey%29%3B%0A%20%20%7D%0A%20%20addElLabel%28el%2C%20message%29%3B%0A%20%20addElControls%28el%2C%20wrapperId%29%3B%0A%20%20%7D%3B%0A%20%20const%20handlePointerDown%20%3D%20%28e%29%3D%3E%7B%0A%20%20if%20%28focusTargetSlideEl%20%26%26%20focusTargetSlideEl%20%21%3D%3D%20e.target%20%26%26%20%21focusTargetSlideEl.contains%28e.target%29%29%20%7B%0A%20%20preventFocusHandler%20%3D%20true%3B%0A%20%20%7D%0A%20%20swiper.a11y.clicked%20%3D%20true%3B%0A%20%20%7D%3B%0A%20%20const%20handlePointerUp%20%3D%20%28%29%3D%3E%7B%0A%20%20preventFocusHandler%20%3D%20false%3B%0A%20%20requestAnimationFrame%28%28%29%3D%3E%7B%0A%20%20requestAnimationFrame%28%28%29%3D%3E%7B%0A%20%20if%20%28%21swiper.destroyed%29%20%7B%0A%20%20swiper.a11y.clicked%20%3D%20false%3B%0A%20%20%7D%0A%20%20%7D%29%3B%0A%20%20%7D%29%3B%0A%20%20%7D%3B%0A%20%20const%20onVisibilityChange%20%3D%20%28e%29%3D%3E%7B%0A%20%20visibilityChangedTimestamp%20%3D%20new%20Date%28%29.getTime%28%29%3B%0A%20%20%7D%3B%0A%20%20const%20handleFocus%20%3D%20%28e%29%3D%3E%7B%0A%20%20if%20%28swiper.a11y.clicked%20%7C%7C%20%21swiper.params.a11y.scrollOnFocus%29%20return%3B%0A%20%20if%20%28new%20Date%28%29.getTime%28%29%20-%20visibilityChangedTimestamp%20%3C%20100%29%20return%3B%0A%20%20const%20slideEl%20%3D%20e.target.closest%28%60.%24%7Bswiper.params.slideClass%7D%2C%20swiper-slide%60%29%3B%0A%20%20if%20%28%21slideEl%20%7C%7C%20%21swiper.slides.includes%28slideEl%29%29%20return%3B%0A%20%20focusTargetSlideEl%20%3D%20slideEl%3B%0A%20%20const%20isVirtual%20%3D%20swiper.virtual%20%26%26%20swiper.params.virtual.enabled%3B%0A%20%20const%20isActive%20%3D%20%28isVirtual%20%3F%20parseInt%28slideEl.getAttribute%28%27data-swiper-slide-index%27%29%2C%2010%29%20%3A%20swiper.slides.indexOf%28slideEl%29%29%20%3D%3D%3D%20swiper.activeIndex%3B%0A%20%20const%20isVisible%20%3D%20swiper.params.watchSlidesProgress%20%26%26%20swiper.visibleSlides%20%26%26%20swiper.visibleSlides.includes%28slideEl%29%3B%0A%20%20if%20%28isActive%20%7C%7C%20isVisible%29%20return%3B%0A%20%20if%20%28e.sourceCapabilities%20%26%26%20e.sourceCapabilities.firesTouchEvents%29%20return%3B%0A%20%20if%20%28swiper.isHorizontal%28%29%29%20%7B%0A%20%20swiper.el.scrollLeft%20%3D%200%3B%0A%20%20%7D%20else%20%7B%0A%20%20swiper.el.scrollTop%20%3D%200%3B%0A%20%20%7D%0A%20%20requestAnimationFrame%28%28%29%3D%3E%7B%0A%20%20if%20%28preventFocusHandler%29%20return%3B%0A%20%20if%20%28swiper.params.loop%29%20%7B%0A%20%20swiper.slideToLoop%28swiper.getSlideIndexWhenGrid%28parseInt%28slideEl.getAttribute%28%27data-swiper-slide-index%27%29%29%29%2C%200%29%3B%0A%20%20%7D%20else%20if%20%28isVirtual%29%20%7B%0A%20%20swiper.slideTo%28swiper.getSlideIndexWhenGrid%28parseInt%28slideEl.getAttribute%28%27data-swiper-slide-index%27%29%2C%2010%29%29%2C%200%29%3B%0A%20%20%7D%20else%20%7B%0A%20%20swiper.slideTo%28swiper.getSlideIndexWhenGrid%28swiper.slides.indexOf%28slideEl%29%29%2C%200%29%3B%0A%20%20%7D%0A%20%20preventFocusHandler%20%3D%20false%3B%0A%20%20%7D%29%3B%0A%20%20%7D%3B%0A%20%20const%20initSlides%20%3D%20%28%29%3D%3E%7B%0A%20%20const%20params%20%3D%20swiper.params.a11y%3B%0A%20%20if%20%28params.itemRoleDescriptionMessage%29%20%7B%0A%20%20addElRoleDescription%28swiper.slides%2C%20params.itemRoleDescriptionMessage%29%3B%0A%20%20%7D%0A%20%20if%20%28params.slideRole%29%20%7B%0A%20%20addElRole%28swiper.slides%2C%20params.slideRole%29%3B%0A%20%20%7D%0A%20%20const%20slidesLength%20%3D%20swiper.slides.length%3B%0A%20%20if%20%28params.slideLabelMessage%29%20%7B%0A%20%20swiper.slides.forEach%28%28slideEl%2C%20index%29%3D%3E%7B%0A%20%20const%20slideIndex%20%3D%20swiper.params.loop%20%3F%20parseInt%28slideEl.getAttribute%28%27data-swiper-slide-index%27%29%2C%2010%29%20%3A%20index%3B%0A%20%20const%20ariaLabelMessage%20%3D%20params.slideLabelMessage.replace%28%2F%5C%7B%5C%7Bindex%5C%7D%5C%7D%2F%2C%20slideIndex%20%2B%201%29.replace%28%2F%5C%7B%5C%7BslidesLength%5C%7D%5C%7D%2F%2C%20slidesLength%29%3B%0A%20%20addElLabel%28slideEl%2C%20ariaLabelMessage%29%3B%0A%20%20%7D%29%3B%0A%20%20%7D%0A%20%20%7D%3B%0A%20%20const%20init%20%3D%20%28%29%3D%3E%7B%0A%20%20const%20params%20%3D%20swiper.params.a11y%3B%0A%20%20swiper.el.append%28liveRegion%29%3B%0A%20%20%2F%2F%20Container%0A%20%20const%20containerEl%20%3D%20swiper.el%3B%0A%20%20if%20%28params.containerRoleDescriptionMessage%29%20%7B%0A%20%20addElRoleDescription%28containerEl%2C%20params.containerRoleDescriptionMessage%29%3B%0A%20%20%7D%0A%20%20if%20%28params.containerMessage%29%20%7B%0A%20%20addElLabel%28containerEl%2C%20params.containerMessage%29%3B%0A%20%20%7D%0A%20%20if%20%28params.containerRole%29%20%7B%0A%20%20addElRole%28containerEl%2C%20params.containerRole%29%3B%0A%20%20%7D%0A%20%20%2F%2F%20Wrapper%0A%20%20const%20wrapperEl%20%3D%20swiper.wrapperEl%3B%0A%20%20const%20wrapperId%20%3D%20params.id%20%7C%7C%20wrapperEl.getAttribute%28%27id%27%29%20%7C%7C%20%60swiper-wrapper-%24%7BgetRandomNumber%2816%29%7D%60%3B%0A%20%20addElId%28wrapperEl%2C%20wrapperId%29%3B%0A%20%20if%20%28params.wrapperLiveRegion%29%20%7B%0A%20%20const%20live%20%3D%20swiper.params.autoplay%20%26%26%20swiper.params.autoplay.enabled%20%3F%20%27off%27%20%3A%20%27polite%27%3B%0A%20%20addElLive%28wrapperEl%2C%20live%29%3B%0A%20%20%7D%0A%20%20%2F%2F%20Slide%0A%20%20initSlides%28%29%3B%0A%20%20%2F%2F%20Navigation%0A%20%20let%20%7B%20nextEl%2C%20prevEl%20%7D%20%3D%20swiper.navigation%20%3F%20swiper.navigation%20%3A%20%7B%7D%3B%0A%20%20nextEl%20%3D%20makeElementsArray%28nextEl%29%3B%0A%20%20prevEl%20%3D%20makeElementsArray%28prevEl%29%3B%0A%20%20if%20%28nextEl%29%20%7B%0A%20%20nextEl.forEach%28%28el%29%3D%3EinitNavEl%28el%2C%20wrapperId%2C%20params.nextSlideMessage%29%29%3B%0A%20%20%7D%0A%20%20if%20%28prevEl%29%20%7B%0A%20%20prevEl.forEach%28%28el%29%3D%3EinitNavEl%28el%2C%20wrapperId%2C%20params.prevSlideMessage%29%29%3B%0A%20%20%7D%0A%20%20%2F%2F%20Pagination%0A%20%20if%20%28hasClickablePagination%28%29%29%20%7B%0A%20%20const%20paginationEl%20%3D%20makeElementsArray%28swiper.pagination.el%29%3B%0A%20%20paginationEl.forEach%28%28el%29%3D%3E%7B%0A%20%20el.addEventListener%28%27keydown%27%2C%20onEnterOrSpaceKey%29%3B%0A%20%20%7D%29%3B%0A%20%20%7D%0A%20%20%2F%2F%20Tab%20focus%0A%20%20const%20document1%20%3D%20getDocument%28%29%3B%0A%20%20document1.addEventListener%28%27visibilitychange%27%2C%20onVisibilityChange%29%3B%0A%20%20swiper.el.addEventListener%28%27focus%27%2C%20handleFocus%2C%20true%29%3B%0A%20%20swiper.el.addEventListener%28%27pointerdown%27%2C%20handlePointerDown%2C%20true%29%3B%0A%20%20swiper.el.addEventListener%28%27pointerup%27%2C%20handlePointerUp%2C%20true%29%3B%0A%20%20%7D%3B%0A%20%20function%20destroy%28%29%20%7B%0A%20%20if%20%28liveRegion%29%20liveRegion.remove%28%29%3B%0A%20%20let%20%7B%20nextEl%2C%20prevEl%20%7D%20%3D%20swiper.navigation%20%3F%20swiper.navigation%20%3A%20%7B%7D%3B%0A%20%20nextEl%20%3D%20makeElementsArray%28nextEl%29%3B%0A%20%20prevEl%20%3D%20makeElementsArray%28prevEl%29%3B%0A%20%20if%20%28nextEl%29%20%7B%0A%20%20nextEl.forEach%28%28el%29%3D%3Eel.removeEventListener%28%27keydown%27%2C%20onEnterOrSpaceKey%29%29%3B%0A%20%20%7D%0A%20%20if%20%28prevEl%29%20%7B%0A%20%20prevEl.forEach%28%28el%29%3D%3Eel.removeEventListener%28%27keydown%27%2C%20onEnterOrSpaceKey%29%29%3B%0A%20%20%7D%0A%20%20%2F%2F%20Pagination%0A%20%20if%20%28hasClickablePagination%28%29%29%20%7B%0A%20%20const%20paginationEl%20%3D%20makeElementsArray%28swiper.pagination.el%29%3B%0A%20%20paginationEl.forEach%28%28el%29%3D%3E%7B%0A%20%20el.removeEventListener%28%27keydown%27%2C%20onEnterOrSpaceKey%29%3B%0A%20%20%7D%29%3B%0A%20%20%7D%0A%20%20const%20document1%20%3D%20getDocument%28%29%3B%0A%20%20document1.removeEventListener%28%27visibilitychange%27%2C%20onVisibilityChange%29%3B%0A%20%20%2F%2F%20Tab%20focus%0A%20%20if%20%28swiper.el%20%26%26%20typeof%20swiper.el%20%21%3D%3D%20%27string%27%29%20%7B%0A%20%20swiper.el.removeEventListener%28%27focus%27%2C%20handleFocus%2C%20true%29%3B%0A%20%20swiper.el.removeEventListener%28%27pointerdown%27%2C%20handlePointerDown%2C%20true%29%3B%0A%20%20swiper.el.removeEventListener%28%27pointerup%27%2C%20handlePointerUp%2C%20true%29%3B%0A%20%20%7D%0A%20%20%7D%0A%20%20on%28%27beforeInit%27%2C%20%28%29%3D%3E%7B%0A%20%20liveRegion%20%3D%20createElement%28%27span%27%2C%20swiper.params.a11y.notificationClass%29%3B%0A%20%20liveRegion.setAttribute%28%27aria-live%27%2C%20%27assertive%27%29%3B%0A%20%20liveRegion.setAttribute%28%27aria-atomic%27%2C%20%27true%27%29%3B%0A%20%20%7D%29%3B%0A%20%20on%28%27afterInit%27%2C%20%28%29%3D%3E%7B%0A%20%20if%20%28%21swiper.params.a11y.enabled%29%20return%3B%0A%20%20init%28%29%3B%0A%20%20%7D%29%3B%0A%20%20on%28%27slidesLengthChange%20snapGridLengthChange%20slidesGridLengthChange%27%2C%20%28%29%3D%3E%7B%0A%20%20if%20%28%21swiper.params.a11y.enabled%29%20return%3B%0A%20%20initSlides%28%29%3B%0A%20%20%7D%29%3B%0A%20%20on%28%27fromEdge%20toEdge%20afterInit%20lock%20unlock%27%2C%20%28%29%3D%3E%7B%0A%20%20if%20%28%21swiper.params.a11y.enabled%29%20return%3B%0A%20%20updateNavigation%28%29%3B%0A%20%20%7D%29%3B%0A%20%20on%28%27paginationUpdate%27%2C%20%28%29%3D%3E%7B%0A%20%20if%20%28%21swiper.params.a11y.enabled%29%20return%3B%0A%20%20updatePagination%28%29%3B%0A%20%20%7D%29%3B%0A%20%20on%28%27destroy%27%2C%20%28%29%3D%3E%7B%0A%20%20if%20%28%21swiper.params.a11y.enabled%29%20return%3B%0A%20%20destroy%28%29%3B%0A%20%20%7D%29%3B%0A%20%20%7D%0A%20%20%3B%0A%20%20%3B%0A%20%20function%20History%28%7B%20swiper%2C%20extendParams%2C%20on%20%7D%29%20%7B%0A%20%20extendParams%28%7B%0A%20%20history%3A%20%7B%0A%20%20enabled%3A%20false%2C%0A%20%20root%3A%20%27%27%2C%0A%20%20replaceState%3A%20false%2C%0A%20%20key%3A%20%27slides%27%2C%0A%20%20keepQuery%3A%20false%0A%20%20%7D%0A%20%20%7D%29%3B%0A%20%20let%20initialized%20%3D%20false%3B%0A%20%20let%20paths%20%3D%20%7B%7D%3B%0A%20%20const%20slugify%20%3D%20%28text%29%3D%3E%7B%0A%20%20return%20text.toString%28%29.replace%28%2F%5Cs%2B%2Fg%2C%20%27-%27%29.replace%28%2F%5B%5E%5Cw-%5D%2B%2Fg%2C%20%27%27%29.replace%28%2F--%2B%2Fg%2C%20%27-%27%29.replace%28%2F%5E-%2B%2F%2C%20%27%27%29.replace%28%2F-%2B%24%2F%2C%20%27%27%29%3B%0A%20%20%7D%3B%0A%20%20const%20getPathValues%20%3D%20%28urlOverride%29%3D%3E%7B%0A%20%20const%20window1%20%3D%20getWindow%28%29%3B%0A%20%20let%20location%3B%0A%20%20if%20%28urlOverride%29%20%7B%0A%20%20location%20%3D%20new%20URL%28urlOverride%29%3B%0A%20%20%7D%20else%20%7B%0A%20%20location%20%3D%20window1.location%3B%0A%20%20%7D%0A%20%20const%20pathArray%20%3D%20location.pathname.slice%281%29.split%28%27%2F%27%29.filter%28%28part%29%3D%3Epart%20%21%3D%3D%20%27%27%29%3B%0A%20%20const%20total%20%3D%20pathArray.length%3B%0A%20%20const%20key%20%3D%20pathArray%5Btotal%20-%202%5D%3B%0A%20%20const%20value%20%3D%20pathArray%5Btotal%20-%201%5D%3B%0A%20%20return%20%7B%0A%20%20key%2C%0A%20%20value%0A%20%20%7D%3B%0A%20%20%7D%3B%0A%20%20const%20setHistory%20%3D%20%28key%2C%20index%29%3D%3E%7B%0A%20%20const%20window1%20%3D%20getWindow%28%29%3B%0A%20%20if%20%28%21initialized%20%7C%7C%20%21swiper.params.history.enabled%29%20return%3B%0A%20%20let%20location%3B%0A%20%20if%20%28swiper.params.url%29%20%7B%0A%20%20location%20%3D%20new%20URL%28swiper.params.url%29%3B%0A%20%20%7D%20else%20%7B%0A%20%20location%20%3D%20window1.location%3B%0A%20%20%7D%0A%20%20const%20slide%20%3D%20swiper.virtual%20%26%26%20swiper.params.virtual.enabled%20%3F%20swiper.slidesEl.querySelector%28%60%5Bdata-swiper-slide-index%3D%22%24%7Bindex%7D%22%5D%60%29%20%3A%20swiper.slides%5Bindex%5D%3B%0A%20%20let%20value%20%3D%20slugify%28slide.getAttribute%28%27data-history%27%29%29%3B%0A%20%20if%20%28swiper.params.history.root.length%20%3E%200%29%20%7B%0A%20%20let%20root%20%3D%20swiper.params.history.root%3B%0A%20%20if%20%28root%5Broot.length%20-%201%5D%20%3D%3D%3D%20%27%2F%27%29%20root%20%3D%20root.slice%280%2C%20root.length%20-%201%29%3B%0A%20%20value%20%3D%20%60%24%7Broot%7D%2F%24%7Bkey%20%3F%20%60%24%7Bkey%7D%2F%60%20%3A%20%27%27%7D%24%7Bvalue%7D%60%3B%0A%20%20%7D%20else%20if%20%28%21location.pathname.includes%28key%29%29%20%7B%0A%20%20value%20%3D%20%60%24%7Bkey%20%3F%20%60%24%7Bkey%7D%2F%60%20%3A%20%27%27%7D%24%7Bvalue%7D%60%3B%0A%20%20%7D%0A%20%20if%20%28swiper.params.history.keepQuery%29%20%7B%0A%20%20value%20%2B%3D%20location.search%3B%0A%20%20%7D%0A%20%20const%20currentState%20%3D%20window1.history.state%3B%0A%20%20if%20%28currentState%20%26%26%20currentState.value%20%3D%3D%3D%20value%29%20%7B%0A%20%20return%3B%0A%20%20%7D%0A%20%20if%20%28swiper.params.history.replaceState%29%20%7B%0A%20%20window1.history.replaceState%28%7B%0A%20%20value%0A%20%20%7D%2C%20null%2C%20value%29%3B%0A%20%20%7D%20else%20%7B%0A%20%20window1.history.pushState%28%7B%0A%20%20value%0A%20%20%7D%2C%20null%2C%20value%29%3B%0A%20%20%7D%0A%20%20%7D%3B%0A%20%20const%20scrollToSlide%20%3D%20%28speed%2C%20value%2C%20runCallbacks%29%3D%3E%7B%0A%20%20if%20%28value%29%20%7B%0A%20%20for%28let%20i%20%3D%200%2C%20length%20%3D%20swiper.slides.length%3B%20i%20%3C%20length%3B%20i%20%2B%3D%201%29%7B%0A%20%20const%20slide%20%3D%20swiper.slides%5Bi%5D%3B%0A%20%20const%20slideHistory%20%3D%20slugify%28slide.getAttribute%28%27data-history%27%29%29%3B%0A%20%20if%20%28slideHistory%20%3D%3D%3D%20value%29%20%7B%0A%20%20const%20index%20%3D%20swiper.getSlideIndex%28slide%29%3B%0A%20%20swiper.slideTo%28index%2C%20speed%2C%20runCallbacks%29%3B%0A%20%20%7D%0A%20%20%7D%0A%20%20%7D%20else%20%7B%0A%20%20swiper.slideTo%280%2C%20speed%2C%20runCallbacks%29%3B%0A%20%20%7D%0A%20%20%7D%3B%0A%20%20const%20setHistoryPopState%20%3D%20%28%29%3D%3E%7B%0A%20%20paths%20%3D%20getPathValues%28swiper.params.url%29%3B%0A%20%20scrollToSlide%28swiper.params.speed%2C%20paths.value%2C%20false%29%3B%0A%20%20%7D%3B%0A%20%20const%20init%20%3D%20%28%29%3D%3E%7B%0A%20%20const%20window1%20%3D%20getWindow%28%29%3B%0A%20%20if%20%28%21swiper.params.history%29%20return%3B%0A%20%20if%20%28%21window1.history%20%7C%7C%20%21window1.history.pushState%29%20%7B%0A%20%20swiper.params.history.enabled%20%3D%20false%3B%0A%20%20swiper.params.hashNavigation.enabled%20%3D%20true%3B%0A%20%20return%3B%0A%20%20%7D%0A%20%20initialized%20%3D%20true%3B%0A%20%20paths%20%3D%20getPathValues%28swiper.params.url%29%3B%0A%20%20if%20%28%21paths.key%20%26%26%20%21paths.value%29%20%7B%0A%20%20if%20%28%21swiper.params.history.replaceState%29%20%7B%0A%20%20window1.addEventListener%28%27popstate%27%2C%20setHistoryPopState%29%3B%0A%20%20%7D%0A%20%20return%3B%0A%20%20%7D%0A%20%20scrollToSlide%280%2C%20paths.value%2C%20swiper.params.runCallbacksOnInit%29%3B%0A%20%20if%20%28%21swiper.params.history.replaceState%29%20%7B%0A%20%20window1.addEventListener%28%27popstate%27%2C%20setHistoryPopState%29%3B%0A%20%20%7D%0A%20%20%7D%3B%0A%20%20const%20destroy%20%3D%20%28%29%3D%3E%7B%0A%20%20const%20window1%20%3D%20getWindow%28%29%3B%0A%20%20if%20%28%21swiper.params.history.replaceState%29%20%7B%0A%20%20window1.removeEventListener%28%27popstate%27%2C%20setHistoryPopState%29%3B%0A%20%20%7D%0A%20%20%7D%3B%0A%20%20on%28%27init%27%2C%20%28%29%3D%3E%7B%0A%20%20if%20%28swiper.params.history.enabled%29%20%7B%0A%20%20init%28%29%3B%0A%20%20%7D%0A%20%20%7D%29%3B%0A%20%20on%28%27destroy%27%2C%20%28%29%3D%3E%7B%0A%20%20if%20%28swiper.params.history.enabled%29%20%7B%0A%20%20destroy%28%29%3B%0A%20%20%7D%0A%20%20%7D%29%3B%0A%20%20on%28%27transitionEnd%20_freeModeNoMomentumRelease%27%2C%20%28%29%3D%3E%7B%0A%20%20if%20%28initialized%29%20%7B%0A%20%20setHistory%28swiper.params.history.key%2C%20swiper.activeIndex%29%3B%0A%20%20%7D%0A%20%20%7D%29%3B%0A%20%20on%28%27slideChange%27%2C%20%28%29%3D%3E%7B%0A%20%20if%20%28initialized%20%26%26%20swiper.params.cssMode%29%20%7B%0A%20%20setHistory%28swiper.params.history.key%2C%20swiper.activeIndex%29%3B%0A%20%20%7D%0A%20%20%7D%29%3B%0A%20%20%7D%0A%20%20%3B%0A%20%20%3B%0A%20%20%3B%0A%20%20function%20HashNavigation%28%7B%20swiper%2C%20extendParams%2C%20emit%2C%20on%20%7D%29%20%7B%0A%20%20let%20initialized%20%3D%20false%3B%0A%20%20const%20document1%20%3D%20getDocument%28%29%3B%0A%20%20const%20window1%20%3D%20getWindow%28%29%3B%0A%20%20extendParams%28%7B%0A%20%20hashNavigation%3A%20%7B%0A%20%20enabled%3A%20false%2C%0A%20%20replaceState%3A%20false%2C%0A%20%20watchState%3A%20false%2C%0A%20%20getSlideIndex%20%28_s%2C%20hash%29%20%7B%0A%20%20if%20%28swiper.virtual%20%26%26%20swiper.params.virtual.enabled%29%20%7B%0A%20%20const%20slideWithHash%20%3D%20swiper.slides.find%28%28slideEl%29%3D%3EslideEl.getAttribute%28%27data-hash%27%29%20%3D%3D%3D%20hash%29%3B%0A%20%20if%20%28%21slideWithHash%29%20return%200%3B%0A%20%20const%20index%20%3D%20parseInt%28slideWithHash.getAttribute%28%27data-swiper-slide-index%27%29%2C%2010%29%3B%0A%20%20return%20index%3B%0A%20%20%7D%0A%20%20return%20swiper.getSlideIndex%28elementChildren%28swiper.slidesEl%2C%20%60.%24%7Bswiper.params.slideClass%7D%5Bdata-hash%3D%22%24%7Bhash%7D%22%5D%2C%20swiper-slide%5Bdata-hash%3D%22%24%7Bhash%7D%22%5D%60%29%5B0%5D%29%3B%0A%20%20%7D%0A%20%20%7D%0A%20%20%7D%29%3B%0A%20%20const%20onHashChange%20%3D%20%28%29%3D%3E%7B%0A%20%20emit%28%27hashChange%27%29%3B%0A%20%20const%20newHash%20%3D%20document1.location.hash.replace%28%27%23%27%2C%20%27%27%29%3B%0A%20%20const%20activeSlideEl%20%3D%20swiper.virtual%20%26%26%20swiper.params.virtual.enabled%20%3F%20swiper.slidesEl.querySelector%28%60%5Bdata-swiper-slide-index%3D%22%24%7Bswiper.activeIndex%7D%22%5D%60%29%20%3A%20swiper.slides%5Bswiper.activeIndex%5D%3B%0A%20%20const%20activeSlideHash%20%3D%20activeSlideEl%20%3F%20activeSlideEl.getAttribute%28%27data-hash%27%29%20%3A%20%27%27%3B%0A%20%20if%20%28newHash%20%21%3D%3D%20activeSlideHash%29%20%7B%0A%20%20const%20newIndex%20%3D%20swiper.params.hashNavigation.getSlideIndex%28swiper%2C%20newHash%29%3B%0A%20%20if%20%28typeof%20newIndex%20%3D%3D%3D%20%27undefined%27%20%7C%7C%20Number.isNaN%28newIndex%29%29%20return%3B%0A%20%20swiper.slideTo%28newIndex%29%3B%0A%20%20%7D%0A%20%20%7D%3B%0A%20%20const%20setHash%20%3D%20%28%29%3D%3E%7B%0A%20%20if%20%28%21initialized%20%7C%7C%20%21swiper.params.hashNavigation.enabled%29%20return%3B%0A%20%20const%20activeSlideEl%20%3D%20swiper.virtual%20%26%26%20swiper.params.virtual.enabled%20%3F%20swiper.slidesEl.querySelector%28%60%5Bdata-swiper-slide-index%3D%22%24%7Bswiper.activeIndex%7D%22%5D%60%29%20%3A%20swiper.slides%5Bswiper.activeIndex%5D%3B%0A%20%20const%20activeSlideHash%20%3D%20activeSlideEl%20%3F%20activeSlideEl.getAttribute%28%27data-hash%27%29%20%7C%7C%20activeSlideEl.getAttribute%28%27data-history%27%29%20%3A%20%27%27%3B%0A%20%20if%20%28swiper.params.hashNavigation.replaceState%20%26%26%20window1.history%20%26%26%20window1.history.replaceState%29%20%7B%0A%20%20window1.history.replaceState%28null%2C%20null%2C%20%60%23%24%7BactiveSlideHash%7D%60%20%7C%7C%20%27%27%29%3B%0A%20%20emit%28%27hashSet%27%29%3B%0A%20%20%7D%20else%20%7B%0A%20%20document1.location.hash%20%3D%20activeSlideHash%20%7C%7C%20%27%27%3B%0A%20%20emit%28%27hashSet%27%29%3B%0A%20%20%7D%0A%20%20%7D%3B%0A%20%20const%20init%20%3D%20%28%29%3D%3E%7B%0A%20%20if%20%28%21swiper.params.hashNavigation.enabled%20%7C%7C%20swiper.params.history%20%26%26%20swiper.params.history.enabled%29%20return%3B%0A%20%20initialized%20%3D%20true%3B%0A%20%20const%20hash%20%3D%20document1.location.hash.replace%28%27%23%27%2C%20%27%27%29%3B%0A%20%20if%20%28hash%29%20%7B%0A%20%20const%20speed%20%3D%200%3B%0A%20%20const%20index%20%3D%20swiper.params.hashNavigation.getSlideIndex%28swiper%2C%20hash%29%3B%0A%20%20swiper.slideTo%28index%20%7C%7C%200%2C%20speed%2C%20swiper.params.runCallbacksOnInit%2C%20true%29%3B%0A%20%20%7D%0A%20%20if%20%28swiper.params.hashNavigation.watchState%29%20%7B%0A%20%20window1.addEventListener%28%27hashchange%27%2C%20onHashChange%29%3B%0A%20%20%7D%0A%20%20%7D%3B%0A%20%20const%20destroy%20%3D%20%28%29%3D%3E%7B%0A%20%20if%20%28swiper.params.hashNavigation.watchState%29%20%7B%0A%20%20window1.removeEventListener%28%27hashchange%27%2C%20onHashChange%29%3B%0A%20%20%7D%0A%20%20%7D%3B%0A%20%20on%28%27init%27%2C%20%28%29%3D%3E%7B%0A%20%20if%20%28swiper.params.hashNavigation.enabled%29%20%7B%0A%20%20init%28%29%3B%0A%20%20%7D%0A%20%20%7D%29%3B%0A%20%20on%28%27destroy%27%2C%20%28%29%3D%3E%7B%0A%20%20if%20%28swiper.params.hashNavigation.enabled%29%20%7B%0A%20%20destroy%28%29%3B%0A%20%20%7D%0A%20%20%7D%29%3B%0A%20%20on%28%27transitionEnd%20_freeModeNoMomentumRelease%27%2C%20%28%29%3D%3E%7B%0A%20%20if%20%28initialized%29%20%7B%0A%20%20setHash%28%29%3B%0A%20%20%7D%0A%20%20%7D%29%3B%0A%20%20on%28%27slideChange%27%2C%20%28%29%3D%3E%7B%0A%20%20if%20%28initialized%20%26%26%20swiper.params.cssMode%29%20%7B%0A%20%20setHash%28%29%3B%0A%20%20%7D%0A%20%20%7D%29%3B%0A%20%20%7D%0A%20%20%3B%0A%20%20%3B%0A%20%20%2F%2A%20eslint%20no-underscore-dangle%3A%20%22off%22%20%2A%2F%20%2F%2A%20eslint%20no-use-before-define%3A%20%22off%22%20%2A%2F%20function%20Autoplay%28%7B%20swiper%2C%20extendParams%2C%20on%2C%20emit%2C%20params%20%7D%29%20%7B%0A%20%20swiper.autoplay%20%3D%20%7B%0A%20%20running%3A%20false%2C%0A%20%20paused%3A%20false%2C%0A%20%20timeLeft%3A%200%0A%20%20%7D%3B%0A%20%20extendParams%28%7B%0A%20%20autoplay%3A%20%7B%0A%20%20enabled%3A%20false%2C%0A%20%20delay%3A%203000%2C%0A%20%20waitForTransition%3A%20true%2C%0A%20%20disableOnInteraction%3A%20false%2C%0A%20%20stopOnLastSlide%3A%20false%2C%0A%20%20reverseDirection%3A%20false%2C%0A%20%20pauseOnMouseEnter%3A%20false%0A%20%20%7D%0A%20%20%7D%29%3B%0A%20%20let%20timeout%3B%0A%20%20let%20raf%3B%0A%20%20let%20autoplayDelayTotal%20%3D%20params%20%26%26%20params.autoplay%20%3F%20params.autoplay.delay%20%3A%203000%3B%0A%20%20let%20autoplayDelayCurrent%20%3D%20params%20%26%26%20params.autoplay%20%3F%20params.autoplay.delay%20%3A%203000%3B%0A%20%20let%20autoplayTimeLeft%3B%0A%20%20let%20autoplayStartTime%20%3D%20new%20Date%28%29.getTime%28%29%3B%0A%20%20let%20wasPaused%3B%0A%20%20let%20isTouched%3B%0A%20%20let%20pausedByTouch%3B%0A%20%20let%20touchStartTimeout%3B%0A%20%20let%20pausedByInteraction%3B%0A%20%20let%20pausedByPointerEnter%3B%0A%20%20function%20onTransitionEnd%28e%29%20%7B%0A%20%20if%20%28%21swiper%20%7C%7C%20swiper.destroyed%20%7C%7C%20%21swiper.wrapperEl%29%20return%3B%0A%20%20if%20%28e.target%20%21%3D%3D%20swiper.wrapperEl%29%20return%3B%0A%20%20swiper.wrapperEl.removeEventListener%28%27transitionend%27%2C%20onTransitionEnd%29%3B%0A%20%20if%20%28pausedByPointerEnter%20%7C%7C%20e.detail%20%26%26%20e.detail.bySwiperTouchMove%29%20%7B%0A%20%20return%3B%0A%20%20%7D%0A%20%20resume%28%29%3B%0A%20%20%7D%0A%20%20const%20calcTimeLeft%20%3D%20%28%29%3D%3E%7B%0A%20%20if%20%28swiper.destroyed%20%7C%7C%20%21swiper.autoplay.running%29%20return%3B%0A%20%20if%20%28swiper.autoplay.paused%29%20%7B%0A%20%20wasPaused%20%3D%20true%3B%0A%20%20%7D%20else%20if%20%28wasPaused%29%20%7B%0A%20%20autoplayDelayCurrent%20%3D%20autoplayTimeLeft%3B%0A%20%20wasPaused%20%3D%20false%3B%0A%20%20%7D%0A%20%20const%20timeLeft%20%3D%20swiper.autoplay.paused%20%3F%20autoplayTimeLeft%20%3A%20autoplayStartTime%20%2B%20autoplayDelayCurrent%20-%20new%20Date%28%29.getTime%28%29%3B%0A%20%20swiper.autoplay.timeLeft%20%3D%20timeLeft%3B%0A%20%20emit%28%27autoplayTimeLeft%27%2C%20timeLeft%2C%20timeLeft%20%2F%20autoplayDelayTotal%29%3B%0A%20%20raf%20%3D%20requestAnimationFrame%28%28%29%3D%3E%7B%0A%20%20calcTimeLeft%28%29%3B%0A%20%20%7D%29%3B%0A%20%20%7D%3B%0A%20%20const%20getSlideDelay%20%3D%20%28%29%3D%3E%7B%0A%20%20let%20activeSlideEl%3B%0A%20%20if%20%28swiper.virtual%20%26%26%20swiper.params.virtual.enabled%29%20%7B%0A%20%20activeSlideEl%20%3D%20swiper.slides.find%28%28slideEl%29%3D%3EslideEl.classList.contains%28%27swiper-slide-active%27%29%29%3B%0A%20%20%7D%20else%20%7B%0A%20%20activeSlideEl%20%3D%20swiper.slides%5Bswiper.activeIndex%5D%3B%0A%20%20%7D%0A%20%20if%20%28%21activeSlideEl%29%20return%20undefined%3B%0A%20%20const%20currentSlideDelay%20%3D%20parseInt%28activeSlideEl.getAttribute%28%27data-swiper-autoplay%27%29%2C%2010%29%3B%0A%20%20return%20currentSlideDelay%3B%0A%20%20%7D%3B%0A%20%20const%20getTotalDelay%20%3D%20%28%29%3D%3E%7B%0A%20%20let%20totalDelay%20%3D%20swiper.params.autoplay.delay%3B%0A%20%20const%20currentSlideDelay%20%3D%20getSlideDelay%28%29%3B%0A%20%20if%20%28%21Number.isNaN%28currentSlideDelay%29%20%26%26%20currentSlideDelay%20%3E%200%29%20%7B%0A%20%20totalDelay%20%3D%20currentSlideDelay%3B%0A%20%20%7D%0A%20%20return%20totalDelay%3B%0A%20%20%7D%3B%0A%20%20const%20run%20%3D%20%28delayForce%29%3D%3E%7B%0A%20%20if%20%28swiper.destroyed%20%7C%7C%20%21swiper.autoplay.running%29%20return%3B%0A%20%20cancelAnimationFrame%28raf%29%3B%0A%20%20calcTimeLeft%28%29%3B%0A%20%20let%20delay%20%3D%20delayForce%3B%0A%20%20if%20%28typeof%20delay%20%3D%3D%3D%20%27undefined%27%29%20%7B%0A%20%20delay%20%3D%20getTotalDelay%28%29%3B%0A%20%20autoplayDelayTotal%20%3D%20delay%3B%0A%20%20autoplayDelayCurrent%20%3D%20delay%3B%0A%20%20%7D%0A%20%20autoplayTimeLeft%20%3D%20delay%3B%0A%20%20const%20speed%20%3D%20swiper.params.speed%3B%0A%20%20const%20proceed%20%3D%20%28%29%3D%3E%7B%0A%20%20if%20%28%21swiper%20%7C%7C%20swiper.destroyed%29%20return%3B%0A%20%20if%20%28swiper.params.autoplay.reverseDirection%29%20%7B%0A%20%20if%20%28%21swiper.isBeginning%20%7C%7C%20swiper.params.loop%20%7C%7C%20swiper.params.rewind%29%20%7B%0A%20%20swiper.slidePrev%28speed%2C%20true%2C%20true%29%3B%0A%20%20emit%28%27autoplay%27%29%3B%0A%20%20%7D%20else%20if%20%28%21swiper.params.autoplay.stopOnLastSlide%29%20%7B%0A%20%20swiper.slideTo%28swiper.slides.length%20-%201%2C%20speed%2C%20true%2C%20true%29%3B%0A%20%20emit%28%27autoplay%27%29%3B%0A%20%20%7D%0A%20%20%7D%20else%20%7B%0A%20%20if%20%28%21swiper.isEnd%20%7C%7C%20swiper.params.loop%20%7C%7C%20swiper.params.rewind%29%20%7B%0A%20%20swiper.slideNext%28speed%2C%20true%2C%20true%29%3B%0A%20%20emit%28%27autoplay%27%29%3B%0A%20%20%7D%20else%20if%20%28%21swiper.params.autoplay.stopOnLastSlide%29%20%7B%0A%20%20swiper.slideTo%280%2C%20speed%2C%20true%2C%20true%29%3B%0A%20%20emit%28%27autoplay%27%29%3B%0A%20%20%7D%0A%20%20%7D%0A%20%20if%20%28swiper.params.cssMode%29%20%7B%0A%20%20autoplayStartTime%20%3D%20new%20Date%28%29.getTime%28%29%3B%0A%20%20requestAnimationFrame%28%28%29%3D%3E%7B%0A%20%20run%28%29%3B%0A%20%20%7D%29%3B%0A%20%20%7D%0A%20%20%7D%3B%0A%20%20if%20%28delay%20%3E%200%29%20%7B%0A%20%20clearTimeout%28timeout%29%3B%0A%20%20timeout%20%3D%20setTimeout%28%28%29%3D%3E%7B%0A%20%20proceed%28%29%3B%0A%20%20%7D%2C%20delay%29%3B%0A%20%20%7D%20else%20%7B%0A%20%20requestAnimationFrame%28%28%29%3D%3E%7B%0A%20%20proceed%28%29%3B%0A%20%20%7D%29%3B%0A%20%20%7D%0A%20%20%2F%2F%20eslint-disable-next-line%0A%20%20return%20delay%3B%0A%20%20%7D%3B%0A%20%20const%20start%20%3D%20%28%29%3D%3E%7B%0A%20%20autoplayStartTime%20%3D%20new%20Date%28%29.getTime%28%29%3B%0A%20%20swiper.autoplay.running%20%3D%20true%3B%0A%20%20run%28%29%3B%0A%20%20emit%28%27autoplayStart%27%29%3B%0A%20%20%7D%3B%0A%20%20const%20stop%20%3D%20%28%29%3D%3E%7B%0A%20%20swiper.autoplay.running%20%3D%20false%3B%0A%20%20clearTimeout%28timeout%29%3B%0A%20%20cancelAnimationFrame%28raf%29%3B%0A%20%20emit%28%27autoplayStop%27%29%3B%0A%20%20%7D%3B%0A%20%20const%20pause%20%3D%20%28internal%2C%20reset%29%3D%3E%7B%0A%20%20if%20%28swiper.destroyed%20%7C%7C%20%21swiper.autoplay.running%29%20return%3B%0A%20%20clearTimeout%28timeout%29%3B%0A%20%20if%20%28%21internal%29%20%7B%0A%20%20pausedByInteraction%20%3D%20true%3B%0A%20%20%7D%0A%20%20const%20proceed%20%3D%20%28%29%3D%3E%7B%0A%20%20emit%28%27autoplayPause%27%29%3B%0A%20%20if%20%28swiper.params.autoplay.waitForTransition%29%20%7B%0A%20%20swiper.wrapperEl.addEventListener%28%27transitionend%27%2C%20onTransitionEnd%29%3B%0A%20%20%7D%20else%20%7B%0A%20%20resume%28%29%3B%0A%20%20%7D%0A%20%20%7D%3B%0A%20%20swiper.autoplay.paused%20%3D%20true%3B%0A%20%20if%20%28reset%29%20%7B%0A%20%20proceed%28%29%3B%0A%20%20return%3B%0A%20%20%7D%0A%20%20const%20delay%20%3D%20autoplayTimeLeft%20%7C%7C%20swiper.params.autoplay.delay%3B%0A%20%20autoplayTimeLeft%20%3D%20delay%20-%20%28new%20Date%28%29.getTime%28%29%20-%20autoplayStartTime%29%3B%0A%20%20if%20%28swiper.isEnd%20%26%26%20autoplayTimeLeft%20%3C%200%20%26%26%20%21swiper.params.loop%29%20return%3B%0A%20%20if%20%28autoplayTimeLeft%20%3C%200%29%20autoplayTimeLeft%20%3D%200%3B%0A%20%20proceed%28%29%3B%0A%20%20%7D%3B%0A%20%20const%20resume%20%3D%20%28%29%3D%3E%7B%0A%20%20if%20%28swiper.isEnd%20%26%26%20autoplayTimeLeft%20%3C%200%20%26%26%20%21swiper.params.loop%20%7C%7C%20swiper.destroyed%20%7C%7C%20%21swiper.autoplay.running%29%20return%3B%0A%20%20autoplayStartTime%20%3D%20new%20Date%28%29.getTime%28%29%3B%0A%20%20if%20%28pausedByInteraction%29%20%7B%0A%20%20pausedByInteraction%20%3D%20false%3B%0A%20%20run%28autoplayTimeLeft%29%3B%0A%20%20%7D%20else%20%7B%0A%20%20run%28%29%3B%0A%20%20%7D%0A%20%20swiper.autoplay.paused%20%3D%20false%3B%0A%20%20emit%28%27autoplayResume%27%29%3B%0A%20%20%7D%3B%0A%20%20const%20onVisibilityChange%20%3D%20%28%29%3D%3E%7B%0A%20%20if%20%28swiper.destroyed%20%7C%7C%20%21swiper.autoplay.running%29%20return%3B%0A%20%20const%20document1%20%3D%20getDocument%28%29%3B%0A%20%20if%20%28document1.visibilityState%20%3D%3D%3D%20%27hidden%27%29%20%7B%0A%20%20pausedByInteraction%20%3D%20true%3B%0A%20%20pause%28true%29%3B%0A%20%20%7D%0A%20%20if%20%28document1.visibilityState%20%3D%3D%3D%20%27visible%27%29%20%7B%0A%20%20resume%28%29%3B%0A%20%20%7D%0A%20%20%7D%3B%0A%20%20const%20onPointerEnter%20%3D%20%28e%29%3D%3E%7B%0A%20%20if%20%28e.pointerType%20%21%3D%3D%20%27mouse%27%29%20return%3B%0A%20%20pausedByInteraction%20%3D%20true%3B%0A%20%20pausedByPointerEnter%20%3D%20true%3B%0A%20%20if%20%28swiper.animating%20%7C%7C%20swiper.autoplay.paused%29%20return%3B%0A%20%20pause%28true%29%3B%0A%20%20%7D%3B%0A%20%20const%20onPointerLeave%20%3D%20%28e%29%3D%3E%7B%0A%20%20if%20%28e.pointerType%20%21%3D%3D%20%27mouse%27%29%20return%3B%0A%20%20pausedByPointerEnter%20%3D%20false%3B%0A%20%20if%20%28swiper.autoplay.paused%29%20%7B%0A%20%20resume%28%29%3B%0A%20%20%7D%0A%20%20%7D%3B%0A%20%20const%20attachMouseEvents%20%3D%20%28%29%3D%3E%7B%0A%20%20if%20%28swiper.params.autoplay.pauseOnMouseEnter%29%20%7B%0A%20%20swiper.el.addEventListener%28%27pointerenter%27%2C%20onPointerEnter%29%3B%0A%20%20swiper.el.addEventListener%28%27pointerleave%27%2C%20onPointerLeave%29%3B%0A%20%20%7D%0A%20%20%7D%3B%0A%20%20const%20detachMouseEvents%20%3D%20%28%29%3D%3E%7B%0A%20%20if%20%28swiper.el%20%26%26%20typeof%20swiper.el%20%21%3D%3D%20%27string%27%29%20%7B%0A%20%20swiper.el.removeEventListener%28%27pointerenter%27%2C%20onPointerEnter%29%3B%0A%20%20swiper.el.removeEventListener%28%27pointerleave%27%2C%20onPointerLeave%29%3B%0A%20%20%7D%0A%20%20%7D%3B%0A%20%20const%20attachDocumentEvents%20%3D%20%28%29%3D%3E%7B%0A%20%20const%20document1%20%3D%20getDocument%28%29%3B%0A%20%20document1.addEventListener%28%27visibilitychange%27%2C%20onVisibilityChange%29%3B%0A%20%20%7D%3B%0A%20%20const%20detachDocumentEvents%20%3D%20%28%29%3D%3E%7B%0A%20%20const%20document1%20%3D%20getDocument%28%29%3B%0A%20%20document1.removeEventListener%28%27visibilitychange%27%2C%20onVisibilityChange%29%3B%0A%20%20%7D%3B%0A%20%20on%28%27init%27%2C%20%28%29%3D%3E%7B%0A%20%20if%20%28swiper.params.autoplay.enabled%29%20%7B%0A%20%20attachMouseEvents%28%29%3B%0A%20%20attachDocumentEvents%28%29%3B%0A%20%20start%28%29%3B%0A%20%20%7D%0A%20%20%7D%29%3B%0A%20%20on%28%27destroy%27%2C%20%28%29%3D%3E%7B%0A%20%20detachMouseEvents%28%29%3B%0A%20%20detachDocumentEvents%28%29%3B%0A%20%20if%20%28swiper.autoplay.running%29%20%7B%0A%20%20stop%28%29%3B%0A%20%20%7D%0A%20%20%7D%29%3B%0A%20%20on%28%27_freeModeStaticRelease%27%2C%20%28%29%3D%3E%7B%0A%20%20if%20%28pausedByTouch%20%7C%7C%20pausedByInteraction%29%20%7B%0A%20%20resume%28%29%3B%0A%20%20%7D%0A%20%20%7D%29%3B%0A%20%20on%28%27_freeModeNoMomentumRelease%27%2C%20%28%29%3D%3E%7B%0A%20%20if%20%28%21swiper.params.autoplay.disableOnInteraction%29%20%7B%0A%20%20pause%28true%2C%20true%29%3B%0A%20%20%7D%20else%20%7B%0A%20%20stop%28%29%3B%0A%20%20%7D%0A%20%20%7D%29%3B%0A%20%20on%28%27beforeTransitionStart%27%2C%20%28_s%2C%20speed%2C%20internal%29%3D%3E%7B%0A%20%20if%20%28swiper.destroyed%20%7C%7C%20%21swiper.autoplay.running%29%20return%3B%0A%20%20if%20%28internal%20%7C%7C%20%21swiper.params.autoplay.disableOnInteraction%29%20%7B%0A%20%20pause%28true%2C%20true%29%3B%0A%20%20%7D%20else%20%7B%0A%20%20stop%28%29%3B%0A%20%20%7D%0A%20%20%7D%29%3B%0A%20%20on%28%27sliderFirstMove%27%2C%20%28%29%3D%3E%7B%0A%20%20if%20%28swiper.destroyed%20%7C%7C%20%21swiper.autoplay.running%29%20return%3B%0A%20%20if%20%28swiper.params.autoplay.disableOnInteraction%29%20%7B%0A%20%20stop%28%29%3B%0A%20%20return%3B%0A%20%20%7D%0A%20%20isTouched%20%3D%20true%3B%0A%20%20pausedByTouch%20%3D%20false%3B%0A%20%20pausedByInteraction%20%3D%20false%3B%0A%20%20touchStartTimeout%20%3D%20setTimeout%28%28%29%3D%3E%7B%0A%20%20pausedByInteraction%20%3D%20true%3B%0A%20%20pausedByTouch%20%3D%20true%3B%0A%20%20pause%28true%29%3B%0A%20%20%7D%2C%20200%29%3B%0A%20%20%7D%29%3B%0A%20%20on%28%27touchEnd%27%2C%20%28%29%3D%3E%7B%0A%20%20if%20%28swiper.destroyed%20%7C%7C%20%21swiper.autoplay.running%20%7C%7C%20%21isTouched%29%20return%3B%0A%20%20clearTimeout%28touchStartTimeout%29%3B%0A%20%20clearTimeout%28timeout%29%3B%0A%20%20if%20%28swiper.params.autoplay.disableOnInteraction%29%20%7B%0A%20%20pausedByTouch%20%3D%20false%3B%0A%20%20isTouched%20%3D%20false%3B%0A%20%20return%3B%0A%20%20%7D%0A%20%20if%20%28pausedByTouch%20%26%26%20swiper.params.cssMode%29%20resume%28%29%3B%0A%20%20pausedByTouch%20%3D%20false%3B%0A%20%20isTouched%20%3D%20false%3B%0A%20%20%7D%29%3B%0A%20%20on%28%27slideChange%27%2C%20%28%29%3D%3E%7B%0A%20%20if%20%28swiper.destroyed%20%7C%7C%20%21swiper.autoplay.running%29%20return%3B%0A%20%20if%20%28swiper.autoplay.paused%29%20%7B%0A%20%20autoplayTimeLeft%20%3D%20getTotalDelay%28%29%3B%0A%20%20autoplayDelayTotal%20%3D%20getTotalDelay%28%29%3B%0A%20%20%7D%0A%20%20%7D%29%3B%0A%20%20Object.assign%28swiper.autoplay%2C%20%7B%0A%20%20start%2C%0A%20%20stop%2C%0A%20%20pause%2C%0A%20%20resume%0A%20%20%7D%29%3B%0A%20%20%7D%0A%20%20%3B%0A%20%20%3B%0A%20%20%3B%0A%20%20function%20Thumb%28%7B%20swiper%2C%20extendParams%2C%20on%20%7D%29%20%7B%0A%20%20extendParams%28%7B%0A%20%20thumbs%3A%20%7B%0A%20%20swiper%3A%20null%2C%0A%20%20multipleActiveThumbs%3A%20true%2C%0A%20%20autoScrollOffset%3A%200%2C%0A%20%20slideThumbActiveClass%3A%20%27swiper-slide-thumb-active%27%2C%0A%20%20thumbsContainerClass%3A%20%27swiper-thumbs%27%0A%20%20%7D%0A%20%20%7D%29%3B%0A%20%20let%20initialized%20%3D%20false%3B%0A%20%20let%20swiperCreated%20%3D%20false%3B%0A%20%20swiper.thumbs%20%3D%20%7B%0A%20%20swiper%3A%20null%0A%20%20%7D%3B%0A%20%20function%20isVirtualEnabled%28%29%20%7B%0A%20%20const%20thumbsSwiper%20%3D%20swiper.thumbs.swiper%3B%0A%20%20if%20%28%21thumbsSwiper%20%7C%7C%20thumbsSwiper.destroyed%29%20return%20false%3B%0A%20%20return%20thumbsSwiper.params.virtual%20%26%26%20thumbsSwiper.params.virtual.enabled%3B%0A%20%20%7D%0A%20%20function%20onThumbClick%28%29%20%7B%0A%20%20const%20thumbsSwiper%20%3D%20swiper.thumbs.swiper%3B%0A%20%20if%20%28%21thumbsSwiper%20%7C%7C%20thumbsSwiper.destroyed%29%20return%3B%0A%20%20const%20clickedIndex%20%3D%20thumbsSwiper.clickedIndex%3B%0A%20%20const%20clickedSlide%20%3D%20thumbsSwiper.clickedSlide%3B%0A%20%20if%20%28clickedSlide%20%26%26%20clickedSlide.classList.contains%28swiper.params.thumbs.slideThumbActiveClass%29%29%20return%3B%0A%20%20if%20%28typeof%20clickedIndex%20%3D%3D%3D%20%27undefined%27%20%7C%7C%20clickedIndex%20%3D%3D%3D%20null%29%20return%3B%0A%20%20let%20slideToIndex%3B%0A%20%20if%20%28thumbsSwiper.params.loop%29%20%7B%0A%20%20slideToIndex%20%3D%20parseInt%28thumbsSwiper.clickedSlide.getAttribute%28%27data-swiper-slide-index%27%29%2C%2010%29%3B%0A%20%20%7D%20else%20%7B%0A%20%20slideToIndex%20%3D%20clickedIndex%3B%0A%20%20%7D%0A%20%20if%20%28swiper.params.loop%29%20%7B%0A%20%20swiper.slideToLoop%28slideToIndex%29%3B%0A%20%20%7D%20else%20%7B%0A%20%20swiper.slideTo%28slideToIndex%29%3B%0A%20%20%7D%0A%20%20%7D%0A%20%20function%20init%28%29%20%7B%0A%20%20const%20%7B%20thumbs%3A%20thumbsParams%20%7D%20%3D%20swiper.params%3B%0A%20%20if%20%28initialized%29%20return%20false%3B%0A%20%20initialized%20%3D%20true%3B%0A%20%20const%20SwiperClass%20%3D%20swiper.constructor%3B%0A%20%20if%20%28thumbsParams.swiper%20instanceof%20SwiperClass%29%20%7B%0A%20%20if%20%28thumbsParams.swiper.destroyed%29%20%7B%0A%20%20initialized%20%3D%20false%3B%0A%20%20return%20false%3B%0A%20%20%7D%0A%20%20swiper.thumbs.swiper%20%3D%20thumbsParams.swiper%3B%0A%20%20Object.assign%28swiper.thumbs.swiper.originalParams%2C%20%7B%0A%20%20watchSlidesProgress%3A%20true%2C%0A%20%20slideToClickedSlide%3A%20false%0A%20%20%7D%29%3B%0A%20%20Object.assign%28swiper.thumbs.swiper.params%2C%20%7B%0A%20%20watchSlidesProgress%3A%20true%2C%0A%20%20slideToClickedSlide%3A%20false%0A%20%20%7D%29%3B%0A%20%20swiper.thumbs.swiper.update%28%29%3B%0A%20%20%7D%20else%20if%20%28isObject1%28thumbsParams.swiper%29%29%20%7B%0A%20%20const%20thumbsSwiperParams%20%3D%20Object.assign%28%7B%7D%2C%20thumbsParams.swiper%29%3B%0A%20%20Object.assign%28thumbsSwiperParams%2C%20%7B%0A%20%20watchSlidesProgress%3A%20true%2C%0A%20%20slideToClickedSlide%3A%20false%0A%20%20%7D%29%3B%0A%20%20swiper.thumbs.swiper%20%3D%20new%20SwiperClass%28thumbsSwiperParams%29%3B%0A%20%20swiperCreated%20%3D%20true%3B%0A%20%20%7D%0A%20%20swiper.thumbs.swiper.el.classList.add%28swiper.params.thumbs.thumbsContainerClass%29%3B%0A%20%20swiper.thumbs.swiper.on%28%27tap%27%2C%20onThumbClick%29%3B%0A%20%20if%20%28isVirtualEnabled%28%29%29%20%7B%0A%20%20swiper.thumbs.swiper.on%28%27virtualUpdate%27%2C%20%28%29%3D%3E%7B%0A%20%20update%28false%2C%20%7B%0A%20%20autoScroll%3A%20false%0A%20%20%7D%29%3B%0A%20%20%7D%29%3B%0A%20%20%7D%0A%20%20return%20true%3B%0A%20%20%7D%0A%20%20function%20update%28initial%2C%20p1%29%20%7B%0A%20%20const%20thumbsSwiper%20%3D%20swiper.thumbs.swiper%3B%0A%20%20if%20%28%21thumbsSwiper%20%7C%7C%20thumbsSwiper.destroyed%29%20return%3B%0A%20%20%2F%2F%20Activate%20thumbs%0A%20%20let%20thumbsToActivate%20%3D%201%3B%0A%20%20const%20thumbActiveClass%20%3D%20swiper.params.thumbs.slideThumbActiveClass%3B%0A%20%20if%20%28swiper.params.slidesPerView%20%3E%201%20%26%26%20%21swiper.params.centeredSlides%29%20%7B%0A%20%20thumbsToActivate%20%3D%20swiper.params.slidesPerView%3B%0A%20%20%7D%0A%20%20if%20%28%21swiper.params.thumbs.multipleActiveThumbs%29%20%7B%0A%20%20thumbsToActivate%20%3D%201%3B%0A%20%20%7D%0A%20%20thumbsToActivate%20%3D%20Math.floor%28thumbsToActivate%29%3B%0A%20%20thumbsSwiper.slides.forEach%28%28slideEl%29%3D%3EslideEl.classList.remove%28thumbActiveClass%29%29%3B%0A%20%20if%20%28thumbsSwiper.params.loop%20%7C%7C%20isVirtualEnabled%28%29%29%20%7B%0A%20%20for%28let%20i%20%3D%200%3B%20i%20%3C%20thumbsToActivate%3B%20i%20%2B%3D%201%29%7B%0A%20%20elementChildren%28thumbsSwiper.slidesEl%2C%20%60%5Bdata-swiper-slide-index%3D%22%24%7Bswiper.realIndex%20%2B%20i%7D%22%5D%60%29.forEach%28%28slideEl%29%3D%3E%7B%0A%20%20slideEl.classList.add%28thumbActiveClass%29%3B%0A%20%20%7D%29%3B%0A%20%20%7D%0A%20%20%7D%20else%20%7B%0A%20%20for%28let%20i%20%3D%200%3B%20i%20%3C%20thumbsToActivate%3B%20i%20%2B%3D%201%29%7B%0A%20%20if%20%28thumbsSwiper.slides%5Bswiper.realIndex%20%2B%20i%5D%29%20%7B%0A%20%20thumbsSwiper.slides%5Bswiper.realIndex%20%2B%20i%5D.classList.add%28thumbActiveClass%29%3B%0A%20%20%7D%0A%20%20%7D%0A%20%20%7D%0A%20%20if%20%28p1%3F.autoScroll%20%3F%3F%20true%29%20%7B%0A%20%20autoScroll%28initial%20%3F%200%20%3A%20undefined%29%3B%0A%20%20%7D%0A%20%20%7D%0A%20%20function%20autoScroll%28slideSpeed%29%20%7B%0A%20%20const%20thumbsSwiper%20%3D%20swiper.thumbs.swiper%3B%0A%20%20if%20%28%21thumbsSwiper%20%7C%7C%20thumbsSwiper.destroyed%29%20return%3B%0A%20%20const%20slidesPerView%20%3D%20thumbsSwiper.params.slidesPerView%20%3D%3D%3D%20%27auto%27%20%3F%20thumbsSwiper.slidesPerViewDynamic%28%29%20%3A%20thumbsSwiper.params.slidesPerView%3B%0A%20%20const%20autoScrollOffset%20%3D%20swiper.params.thumbs.autoScrollOffset%3B%0A%20%20const%20useOffset%20%3D%20autoScrollOffset%20%26%26%20%21thumbsSwiper.params.loop%3B%0A%20%20if%20%28swiper.realIndex%20%21%3D%3D%20thumbsSwiper.realIndex%20%7C%7C%20useOffset%29%20%7B%0A%20%20const%20currentThumbsIndex%20%3D%20thumbsSwiper.activeIndex%3B%0A%20%20let%20newThumbsIndex%3B%0A%20%20let%20direction%3B%0A%20%20if%20%28thumbsSwiper.params.loop%29%20%7B%0A%20%20const%20newThumbsSlide%20%3D%20thumbsSwiper.slides.find%28%28slideEl%29%3D%3EslideEl.getAttribute%28%27data-swiper-slide-index%27%29%20%3D%3D%3D%20%60%24%7Bswiper.realIndex%7D%60%29%3B%0A%20%20newThumbsIndex%20%3D%20thumbsSwiper.slides.indexOf%28newThumbsSlide%29%3B%0A%20%20direction%20%3D%20swiper.activeIndex%20%3E%20swiper.previousIndex%20%3F%20%27next%27%20%3A%20%27prev%27%3B%0A%20%20%7D%20else%20%7B%0A%20%20newThumbsIndex%20%3D%20swiper.realIndex%3B%0A%20%20direction%20%3D%20newThumbsIndex%20%3E%20swiper.previousIndex%20%3F%20%27next%27%20%3A%20%27prev%27%3B%0A%20%20%7D%0A%20%20if%20%28useOffset%29%20%7B%0A%20%20newThumbsIndex%20%2B%3D%20direction%20%3D%3D%3D%20%27next%27%20%3F%20autoScrollOffset%20%3A%20-1%20%2A%20autoScrollOffset%3B%0A%20%20%7D%0A%20%20if%20%28thumbsSwiper.visibleSlidesIndexes%20%26%26%20thumbsSwiper.visibleSlidesIndexes.indexOf%28newThumbsIndex%29%20%3C%200%29%20%7B%0A%20%20if%20%28thumbsSwiper.params.centeredSlides%29%20%7B%0A%20%20if%20%28newThumbsIndex%20%3E%20currentThumbsIndex%29%20%7B%0A%20%20newThumbsIndex%20%3D%20newThumbsIndex%20-%20Math.floor%28slidesPerView%20%2F%202%29%20%2B%201%3B%0A%20%20%7D%20else%20%7B%0A%20%20newThumbsIndex%20%3D%20newThumbsIndex%20%2B%20Math.floor%28slidesPerView%20%2F%202%29%20-%201%3B%0A%20%20%7D%0A%20%20%7D%20else%20if%20%28newThumbsIndex%20%3E%20currentThumbsIndex%20%26%26%20thumbsSwiper.params.slidesPerGroup%20%3D%3D%3D%201%29%20%3B%0A%20%20thumbsSwiper.slideTo%28newThumbsIndex%2C%20slideSpeed%29%3B%0A%20%20%7D%0A%20%20%7D%0A%20%20%7D%0A%20%20on%28%27beforeInit%27%2C%20%28%29%3D%3E%7B%0A%20%20const%20%7B%20thumbs%20%7D%20%3D%20swiper.params%3B%0A%20%20if%20%28%21thumbs%20%7C%7C%20%21thumbs.swiper%29%20return%3B%0A%20%20if%20%28typeof%20thumbs.swiper%20%3D%3D%3D%20%27string%27%20%7C%7C%20thumbs.swiper%20instanceof%20HTMLElement%29%20%7B%0A%20%20const%20document1%20%3D%20getDocument%28%29%3B%0A%20%20const%20getThumbsElementAndInit%20%3D%20%28%29%3D%3E%7B%0A%20%20const%20thumbsElement%20%3D%20typeof%20thumbs.swiper%20%3D%3D%3D%20%27string%27%20%3F%20document1.querySelector%28thumbs.swiper%29%20%3A%20thumbs.swiper%3B%0A%20%20if%20%28thumbsElement%20%26%26%20thumbsElement.swiper%29%20%7B%0A%20%20thumbs.swiper%20%3D%20thumbsElement.swiper%3B%0A%20%20init%28%29%3B%0A%20%20update%28true%29%3B%0A%20%20%7D%20else%20if%20%28thumbsElement%29%20%7B%0A%20%20const%20eventName%20%3D%20%60%24%7Bswiper.params.eventsPrefix%7Dinit%60%3B%0A%20%20const%20onThumbsSwiper%20%3D%20%28e1%29%3D%3E%7B%0A%20%20thumbs.swiper%20%3D%20e1.detail%5B0%5D%3B%0A%20%20thumbsElement.removeEventListener%28eventName%2C%20onThumbsSwiper%29%3B%0A%20%20init%28%29%3B%0A%20%20update%28true%29%3B%0A%20%20thumbs.swiper.update%28%29%3B%0A%20%20swiper.update%28%29%3B%0A%20%20%7D%3B%0A%20%20thumbsElement.addEventListener%28eventName%2C%20onThumbsSwiper%29%3B%0A%20%20%7D%0A%20%20return%20thumbsElement%3B%0A%20%20%7D%3B%0A%20%20const%20watchForThumbsToAppear%20%3D%20%28%29%3D%3E%7B%0A%20%20if%20%28swiper.destroyed%29%20return%3B%0A%20%20const%20thumbsElement%20%3D%20getThumbsElementAndInit%28%29%3B%0A%20%20if%20%28%21thumbsElement%29%20%7B%0A%20%20requestAnimationFrame%28watchForThumbsToAppear%29%3B%0A%20%20%7D%0A%20%20%7D%3B%0A%20%20requestAnimationFrame%28watchForThumbsToAppear%29%3B%0A%20%20%7D%20else%20%7B%0A%20%20init%28%29%3B%0A%20%20update%28true%29%3B%0A%20%20%7D%0A%20%20%7D%29%3B%0A%20%20on%28%27slideChange%20update%20resize%20observerUpdate%27%2C%20%28%29%3D%3E%7B%0A%20%20update%28%29%3B%0A%20%20%7D%29%3B%0A%20%20on%28%27setTransition%27%2C%20%28_s%2C%20duration%29%3D%3E%7B%0A%20%20const%20thumbsSwiper%20%3D%20swiper.thumbs.swiper%3B%0A%20%20if%20%28%21thumbsSwiper%20%7C%7C%20thumbsSwiper.destroyed%29%20return%3B%0A%20%20thumbsSwiper.setTransition%28duration%29%3B%0A%20%20%7D%29%3B%0A%20%20on%28%27beforeDestroy%27%2C%20%28%29%3D%3E%7B%0A%20%20const%20thumbsSwiper%20%3D%20swiper.thumbs.swiper%3B%0A%20%20if%20%28%21thumbsSwiper%20%7C%7C%20thumbsSwiper.destroyed%29%20return%3B%0A%20%20if%20%28swiperCreated%29%20%7B%0A%20%20thumbsSwiper.destroy%28%29%3B%0A%20%20%7D%0A%20%20%7D%29%3B%0A%20%20Object.assign%28swiper.thumbs%2C%20%7B%0A%20%20init%2C%0A%20%20update%0A%20%20%7D%29%3B%0A%20%20%7D%0A%20%20%3B%0A%20%20%3B%0A%20%20function%20freeMode%28%7B%20swiper%2C%20extendParams%2C%20emit%2C%20once%20%7D%29%20%7B%0A%20%20extendParams%28%7B%0A%20%20freeMode%3A%20%7B%0A%20%20enabled%3A%20false%2C%0A%20%20momentum%3A%20true%2C%0A%20%20momentumRatio%3A%201%2C%0A%20%20momentumBounce%3A%20true%2C%0A%20%20momentumBounceRatio%3A%201%2C%0A%20%20momentumVelocityRatio%3A%201%2C%0A%20%20sticky%3A%20false%2C%0A%20%20minimumVelocity%3A%200.02%0A%20%20%7D%0A%20%20%7D%29%3B%0A%20%20function%20onTouchStart%28%29%20%7B%0A%20%20if%20%28swiper.params.cssMode%29%20return%3B%0A%20%20const%20translate%20%3D%20swiper.getTranslate%28%29%3B%0A%20%20swiper.setTranslate%28translate%29%3B%0A%20%20swiper.setTransition%280%29%3B%0A%20%20swiper.touchEventsData.velocities.length%20%3D%200%3B%0A%20%20swiper.freeMode.onTouchEnd%28%7B%0A%20%20currentPos%3A%20swiper.rtl%20%3F%20swiper.translate%20%3A%20-swiper.translate%0A%20%20%7D%29%3B%0A%20%20%7D%0A%20%20function%20onTouchMove%28%29%20%7B%0A%20%20if%20%28swiper.params.cssMode%29%20return%3B%0A%20%20const%20%7B%20touchEventsData%3A%20data%2C%20touches%20%7D%20%3D%20swiper%3B%0A%20%20%2F%2F%20Velocity%0A%20%20if%20%28data.velocities.length%20%3D%3D%3D%200%29%20%7B%0A%20%20data.velocities.push%28%7B%0A%20%20position%3A%20touches%5Bswiper.isHorizontal%28%29%20%3F%20%27startX%27%20%3A%20%27startY%27%5D%2C%0A%20%20time%3A%20data.touchStartTime%0A%20%20%7D%29%3B%0A%20%20%7D%0A%20%20data.velocities.push%28%7B%0A%20%20position%3A%20touches%5Bswiper.isHorizontal%28%29%20%3F%20%27currentX%27%20%3A%20%27currentY%27%5D%2C%0A%20%20time%3A%20now%28%29%0A%20%20%7D%29%3B%0A%20%20%7D%0A%20%20function%20onTouchEnd%28%7B%20currentPos%20%7D%29%20%7B%0A%20%20if%20%28swiper.params.cssMode%29%20return%3B%0A%20%20const%20%7B%20params%2C%20wrapperEl%2C%20rtlTranslate%3A%20rtl%2C%20snapGrid%2C%20touchEventsData%3A%20data%20%7D%20%3D%20swiper%3B%0A%20%20%2F%2F%20Time%20diff%0A%20%20const%20touchEndTime%20%3D%20now%28%29%3B%0A%20%20const%20timeDiff%20%3D%20touchEndTime%20-%20data.touchStartTime%3B%0A%20%20if%20%28currentPos%20%3C%20-swiper.minTranslate%28%29%29%20%7B%0A%20%20swiper.slideTo%28swiper.activeIndex%29%3B%0A%20%20return%3B%0A%20%20%7D%0A%20%20if%20%28currentPos%20%3E%20-swiper.maxTranslate%28%29%29%20%7B%0A%20%20if%20%28swiper.slides.length%20%3C%20snapGrid.length%29%20%7B%0A%20%20swiper.slideTo%28snapGrid.length%20-%201%29%3B%0A%20%20%7D%20else%20%7B%0A%20%20swiper.slideTo%28swiper.slides.length%20-%201%29%3B%0A%20%20%7D%0A%20%20return%3B%0A%20%20%7D%0A%20%20if%20%28params.freeMode.momentum%29%20%7B%0A%20%20if%20%28data.velocities.length%20%3E%201%29%20%7B%0A%20%20const%20lastMoveEvent%20%3D%20data.velocities.pop%28%29%3B%0A%20%20const%20velocityEvent%20%3D%20data.velocities.pop%28%29%3B%0A%20%20const%20distance%20%3D%20lastMoveEvent.position%20-%20velocityEvent.position%3B%0A%20%20const%20time%20%3D%20lastMoveEvent.time%20-%20velocityEvent.time%3B%0A%20%20swiper.velocity%20%3D%20distance%20%2F%20time%3B%0A%20%20swiper.velocity%20%2F%3D%202%3B%0A%20%20if%20%28Math.abs%28swiper.velocity%29%20%3C%20params.freeMode.minimumVelocity%29%20%7B%0A%20%20swiper.velocity%20%3D%200%3B%0A%20%20%7D%0A%20%20%2F%2F%20this%20implies%20that%20the%20user%20stopped%20moving%20a%20finger%20then%20released.%0A%20%20%2F%2F%20There%20would%20be%20no%20events%20with%20distance%20zero%2C%20so%20the%20last%20event%20is%20stale.%0A%20%20if%20%28time%20%3E%20150%20%7C%7C%20now%28%29%20-%20lastMoveEvent.time%20%3E%20300%29%20%7B%0A%20%20swiper.velocity%20%3D%200%3B%0A%20%20%7D%0A%20%20%7D%20else%20%7B%0A%20%20swiper.velocity%20%3D%200%3B%0A%20%20%7D%0A%20%20swiper.velocity%20%2A%3D%20params.freeMode.momentumVelocityRatio%3B%0A%20%20data.velocities.length%20%3D%200%3B%0A%20%20let%20momentumDuration%20%3D%201000%20%2A%20params.freeMode.momentumRatio%3B%0A%20%20const%20momentumDistance%20%3D%20swiper.velocity%20%2A%20momentumDuration%3B%0A%20%20let%20newPosition%20%3D%20swiper.translate%20%2B%20momentumDistance%3B%0A%20%20if%20%28rtl%29%20newPosition%20%3D%20-newPosition%3B%0A%20%20let%20doBounce%20%3D%20false%3B%0A%20%20let%20afterBouncePosition%3B%0A%20%20const%20bounceAmount%20%3D%20Math.abs%28swiper.velocity%29%20%2A%2020%20%2A%20params.freeMode.momentumBounceRatio%3B%0A%20%20let%20needsLoopFix%3B%0A%20%20if%20%28newPosition%20%3C%20swiper.maxTranslate%28%29%29%20%7B%0A%20%20if%20%28params.freeMode.momentumBounce%29%20%7B%0A%20%20if%20%28newPosition%20%2B%20swiper.maxTranslate%28%29%20%3C%20-bounceAmount%29%20%7B%0A%20%20newPosition%20%3D%20swiper.maxTranslate%28%29%20-%20bounceAmount%3B%0A%20%20%7D%0A%20%20afterBouncePosition%20%3D%20swiper.maxTranslate%28%29%3B%0A%20%20doBounce%20%3D%20true%3B%0A%20%20data.allowMomentumBounce%20%3D%20true%3B%0A%20%20%7D%20else%20%7B%0A%20%20newPosition%20%3D%20swiper.maxTranslate%28%29%3B%0A%20%20%7D%0A%20%20if%20%28params.loop%20%26%26%20params.centeredSlides%29%20needsLoopFix%20%3D%20true%3B%0A%20%20%7D%20else%20if%20%28newPosition%20%3E%20swiper.minTranslate%28%29%29%20%7B%0A%20%20if%20%28params.freeMode.momentumBounce%29%20%7B%0A%20%20if%20%28newPosition%20-%20swiper.minTranslate%28%29%20%3E%20bounceAmount%29%20%7B%0A%20%20newPosition%20%3D%20swiper.minTranslate%28%29%20%2B%20bounceAmount%3B%0A%20%20%7D%0A%20%20afterBouncePosition%20%3D%20swiper.minTranslate%28%29%3B%0A%20%20doBounce%20%3D%20true%3B%0A%20%20data.allowMomentumBounce%20%3D%20true%3B%0A%20%20%7D%20else%20%7B%0A%20%20newPosition%20%3D%20swiper.minTranslate%28%29%3B%0A%20%20%7D%0A%20%20if%20%28params.loop%20%26%26%20params.centeredSlides%29%20needsLoopFix%20%3D%20true%3B%0A%20%20%7D%20else%20if%20%28params.freeMode.sticky%29%20%7B%0A%20%20let%20nextSlide%3B%0A%20%20for%28let%20j%20%3D%200%3B%20j%20%3C%20snapGrid.length%3B%20j%20%2B%3D%201%29%7B%0A%20%20if%20%28snapGrid%5Bj%5D%20%3E%20-newPosition%29%20%7B%0A%20%20nextSlide%20%3D%20j%3B%0A%20%20break%3B%0A%20%20%7D%0A%20%20%7D%0A%20%20if%20%28Math.abs%28snapGrid%5BnextSlide%5D%20-%20newPosition%29%20%3C%20Math.abs%28snapGrid%5BnextSlide%20-%201%5D%20-%20newPosition%29%20%7C%7C%20swiper.swipeDirection%20%3D%3D%3D%20%27next%27%29%20%7B%0A%20%20newPosition%20%3D%20snapGrid%5BnextSlide%5D%3B%0A%20%20%7D%20else%20%7B%0A%20%20newPosition%20%3D%20snapGrid%5BnextSlide%20-%201%5D%3B%0A%20%20%7D%0A%20%20newPosition%20%3D%20-newPosition%3B%0A%20%20%7D%0A%20%20if%20%28needsLoopFix%29%20%7B%0A%20%20once%28%27transitionEnd%27%2C%20%28%29%3D%3E%7B%0A%20%20swiper.loopFix%28%29%3B%0A%20%20%7D%29%3B%0A%20%20%7D%0A%20%20%2F%2F%20Fix%20duration%0A%20%20if%20%28swiper.velocity%20%21%3D%3D%200%29%20%7B%0A%20%20if%20%28rtl%29%20%7B%0A%20%20momentumDuration%20%3D%20Math.abs%28%28-newPosition%20-%20swiper.translate%29%20%2F%20swiper.velocity%29%3B%0A%20%20%7D%20else%20%7B%0A%20%20momentumDuration%20%3D%20Math.abs%28%28newPosition%20-%20swiper.translate%29%20%2F%20swiper.velocity%29%3B%0A%20%20%7D%0A%20%20if%20%28params.freeMode.sticky%29%20%7B%0A%20%20%2F%2F%20If%20freeMode.sticky%20is%20active%20and%20the%20user%20ends%20a%20swipe%20with%20a%20slow-velocity%0A%20%20%2F%2F%20event%2C%20then%20durations%20can%20be%2020%2B%20seconds%20to%20slide%20one%20%28or%20zero%21%29%20slides.%0A%20%20%2F%2F%20It%27s%20easy%20to%20see%20this%20when%20simulating%20touch%20with%20mouse%20events.%20To%20fix%20this%2C%0A%20%20%2F%2F%20limit%20single-slide%20swipes%20to%20the%20default%20slide%20duration.%20This%20also%20has%20the%0A%20%20%2F%2F%20nice%20side%20effect%20of%20matching%20slide%20speed%20if%20the%20user%20stopped%20moving%20before%0A%20%20%2F%2F%20lifting%20finger%20or%20mouse%20vs.%20moving%20slowly%20before%20lifting%20the%20finger%2Fmouse.%0A%20%20%2F%2F%20For%20faster%20swipes%2C%20also%20apply%20limits%20%28albeit%20higher%20ones%29.%0A%20%20const%20moveDistance%20%3D%20Math.abs%28%28rtl%20%3F%20-newPosition%20%3A%20newPosition%29%20-%20swiper.translate%29%3B%0A%20%20const%20currentSlideSize%20%3D%20swiper.slidesSizesGrid%5Bswiper.activeIndex%5D%3B%0A%20%20if%20%28moveDistance%20%3C%20currentSlideSize%29%20%7B%0A%20%20momentumDuration%20%3D%20params.speed%3B%0A%20%20%7D%20else%20if%20%28moveDistance%20%3C%202%20%2A%20currentSlideSize%29%20%7B%0A%20%20momentumDuration%20%3D%20params.speed%20%2A%201.5%3B%0A%20%20%7D%20else%20%7B%0A%20%20momentumDuration%20%3D%20params.speed%20%2A%202.5%3B%0A%20%20%7D%0A%20%20%7D%0A%20%20%7D%20else%20if%20%28params.freeMode.sticky%29%20%7B%0A%20%20swiper.slideToClosest%28%29%3B%0A%20%20return%3B%0A%20%20%7D%0A%20%20if%20%28params.freeMode.momentumBounce%20%26%26%20doBounce%29%20%7B%0A%20%20swiper.updateProgress%28afterBouncePosition%29%3B%0A%20%20swiper.setTransition%28momentumDuration%29%3B%0A%20%20swiper.setTranslate%28newPosition%29%3B%0A%20%20swiper.transitionStart%28true%2C%20swiper.swipeDirection%29%3B%0A%20%20swiper.animating%20%3D%20true%3B%0A%20%20elementTransitionEnd%28wrapperEl%2C%20%28%29%3D%3E%7B%0A%20%20if%20%28%21swiper%20%7C%7C%20swiper.destroyed%20%7C%7C%20%21data.allowMomentumBounce%29%20return%3B%0A%20%20emit%28%27momentumBounce%27%29%3B%0A%20%20swiper.setTransition%28params.speed%29%3B%0A%20%20setTimeout%28%28%29%3D%3E%7B%0A%20%20swiper.setTranslate%28afterBouncePosition%29%3B%0A%20%20elementTransitionEnd%28wrapperEl%2C%20%28%29%3D%3E%7B%0A%20%20if%20%28%21swiper%20%7C%7C%20swiper.destroyed%29%20return%3B%0A%20%20swiper.transitionEnd%28%29%3B%0A%20%20%7D%29%3B%0A%20%20%7D%2C%200%29%3B%0A%20%20%7D%29%3B%0A%20%20%7D%20else%20if%20%28swiper.velocity%29%20%7B%0A%20%20emit%28%27_freeModeNoMomentumRelease%27%29%3B%0A%20%20swiper.updateProgress%28newPosition%29%3B%0A%20%20swiper.setTransition%28momentumDuration%29%3B%0A%20%20swiper.setTranslate%28newPosition%29%3B%0A%20%20swiper.transitionStart%28true%2C%20swiper.swipeDirection%29%3B%0A%20%20if%20%28%21swiper.animating%29%20%7B%0A%20%20swiper.animating%20%3D%20true%3B%0A%20%20elementTransitionEnd%28wrapperEl%2C%20%28%29%3D%3E%7B%0A%20%20if%20%28%21swiper%20%7C%7C%20swiper.destroyed%29%20return%3B%0A%20%20swiper.transitionEnd%28%29%3B%0A%20%20%7D%29%3B%0A%20%20%7D%0A%20%20%7D%20else%20%7B%0A%20%20swiper.updateProgress%28newPosition%29%3B%0A%20%20%7D%0A%20%20swiper.updateActiveIndex%28%29%3B%0A%20%20swiper.updateSlidesClasses%28%29%3B%0A%20%20%7D%20else%20if%20%28params.freeMode.sticky%29%20%7B%0A%20%20swiper.slideToClosest%28%29%3B%0A%20%20return%3B%0A%20%20%7D%20else%20if%20%28params.freeMode%29%20%7B%0A%20%20emit%28%27_freeModeNoMomentumRelease%27%29%3B%0A%20%20%7D%0A%20%20if%20%28%21params.freeMode.momentum%20%7C%7C%20timeDiff%20%3E%3D%20params.longSwipesMs%29%20%7B%0A%20%20emit%28%27_freeModeStaticRelease%27%29%3B%0A%20%20swiper.updateProgress%28%29%3B%0A%20%20swiper.updateActiveIndex%28%29%3B%0A%20%20swiper.updateSlidesClasses%28%29%3B%0A%20%20%7D%0A%20%20%7D%0A%20%20Object.assign%28swiper%2C%20%7B%0A%20%20freeMode%3A%20%7B%0A%20%20onTouchStart%2C%0A%20%20onTouchMove%2C%0A%20%20onTouchEnd%0A%20%20%7D%0A%20%20%7D%29%3B%0A%20%20%7D%0A%20%20%3B%0A%20%20function%20Grid%28%7B%20swiper%2C%20extendParams%2C%20on%20%7D%29%20%7B%0A%20%20extendParams%28%7B%0A%20%20grid%3A%20%7B%0A%20%20rows%3A%201%2C%0A%20%20fill%3A%20%27column%27%0A%20%20%7D%0A%20%20%7D%29%3B%0A%20%20let%20slidesNumberEvenToRows%3B%0A%20%20let%20slidesPerRow%3B%0A%20%20let%20numFullColumns%3B%0A%20%20let%20wasMultiRow%3B%0A%20%20const%20getSpaceBetween%20%3D%20%28%29%3D%3E%7B%0A%20%20let%20spaceBetween%20%3D%20swiper.params.spaceBetween%3B%0A%20%20if%20%28typeof%20spaceBetween%20%3D%3D%3D%20%27string%27%20%26%26%20spaceBetween.indexOf%28%27%25%27%29%20%3E%3D%200%29%20%7B%0A%20%20spaceBetween%20%3D%20parseFloat%28spaceBetween.replace%28%27%25%27%2C%20%27%27%29%29%20%2F%20100%20%2A%20swiper.size%3B%0A%20%20%7D%20else%20if%20%28typeof%20spaceBetween%20%3D%3D%3D%20%27string%27%29%20%7B%0A%20%20spaceBetween%20%3D%20parseFloat%28spaceBetween%29%3B%0A%20%20%7D%0A%20%20return%20spaceBetween%3B%0A%20%20%7D%3B%0A%20%20const%20initSlides%20%3D%20%28slides%29%3D%3E%7B%0A%20%20const%20%7B%20slidesPerView%20%7D%20%3D%20swiper.params%3B%0A%20%20const%20%7B%20rows%2C%20fill%20%7D%20%3D%20swiper.params.grid%3B%0A%20%20const%20slidesLength%20%3D%20swiper.virtual%20%26%26%20swiper.params.virtual.enabled%20%3F%20swiper.virtual.slides.length%20%3A%20slides.length%3B%0A%20%20numFullColumns%20%3D%20Math.floor%28slidesLength%20%2F%20rows%29%3B%0A%20%20if%20%28Math.floor%28slidesLength%20%2F%20rows%29%20%3D%3D%3D%20slidesLength%20%2F%20rows%29%20%7B%0A%20%20slidesNumberEvenToRows%20%3D%20slidesLength%3B%0A%20%20%7D%20else%20%7B%0A%20%20slidesNumberEvenToRows%20%3D%20Math.ceil%28slidesLength%20%2F%20rows%29%20%2A%20rows%3B%0A%20%20%7D%0A%20%20if%20%28slidesPerView%20%21%3D%3D%20%27auto%27%20%26%26%20fill%20%3D%3D%3D%20%27row%27%29%20%7B%0A%20%20slidesNumberEvenToRows%20%3D%20Math.max%28slidesNumberEvenToRows%2C%20Math.floor%28slidesPerView%29%20%2A%20rows%29%3B%0A%20%20%7D%0A%20%20slidesPerRow%20%3D%20slidesNumberEvenToRows%20%2F%20rows%3B%0A%20%20%7D%3B%0A%20%20const%20unsetSlides%20%3D%20%28%29%3D%3E%7B%0A%20%20if%20%28swiper.slides%29%20%7B%0A%20%20swiper.slides.forEach%28%28slide%29%3D%3E%7B%0A%20%20if%20%28slide.swiperSlideGridSet%29%20%7B%0A%20%20slide.style.height%20%3D%20%27%27%3B%0A%20%20slide.style%5Bswiper.getDirectionLabel%28%27margin-top%27%29%5D%20%3D%20%27%27%3B%0A%20%20%7D%0A%20%20%7D%29%3B%0A%20%20%7D%0A%20%20%7D%3B%0A%20%20const%20updateSlide%20%3D%20%28i%2C%20slide%2C%20slides%29%3D%3E%7B%0A%20%20const%20%7B%20slidesPerGroup%20%7D%20%3D%20swiper.params%3B%0A%20%20const%20spaceBetween%20%3D%20getSpaceBetween%28%29%3B%0A%20%20const%20%7B%20rows%2C%20fill%20%7D%20%3D%20swiper.params.grid%3B%0A%20%20const%20slidesLength%20%3D%20swiper.virtual%20%26%26%20swiper.params.virtual.enabled%20%3F%20swiper.virtual.slides.length%20%3A%20slides.length%3B%0A%20%20%2F%2F%20Set%20slides%20order%0A%20%20let%20newSlideOrderIndex%3B%0A%20%20let%20column%3B%0A%20%20let%20row%3B%0A%20%20if%20%28fill%20%3D%3D%3D%20%27row%27%20%26%26%20slidesPerGroup%20%3E%201%29%20%7B%0A%20%20const%20groupIndex%20%3D%20Math.floor%28i%20%2F%20%28slidesPerGroup%20%2A%20rows%29%29%3B%0A%20%20const%20slideIndexInGroup%20%3D%20i%20-%20rows%20%2A%20slidesPerGroup%20%2A%20groupIndex%3B%0A%20%20const%20columnsInGroup%20%3D%20groupIndex%20%3D%3D%3D%200%20%3F%20slidesPerGroup%20%3A%20Math.min%28Math.ceil%28%28slidesLength%20-%20groupIndex%20%2A%20rows%20%2A%20slidesPerGroup%29%20%2F%20rows%29%2C%20slidesPerGroup%29%3B%0A%20%20row%20%3D%20Math.floor%28slideIndexInGroup%20%2F%20columnsInGroup%29%3B%0A%20%20column%20%3D%20slideIndexInGroup%20-%20row%20%2A%20columnsInGroup%20%2B%20groupIndex%20%2A%20slidesPerGroup%3B%0A%20%20newSlideOrderIndex%20%3D%20column%20%2B%20row%20%2A%20slidesNumberEvenToRows%20%2F%20rows%3B%0A%20%20slide.style.order%20%3D%20newSlideOrderIndex%3B%0A%20%20%7D%20else%20if%20%28fill%20%3D%3D%3D%20%27column%27%29%20%7B%0A%20%20column%20%3D%20Math.floor%28i%20%2F%20rows%29%3B%0A%20%20row%20%3D%20i%20-%20column%20%2A%20rows%3B%0A%20%20if%20%28column%20%3E%20numFullColumns%20%7C%7C%20column%20%3D%3D%3D%20numFullColumns%20%26%26%20row%20%3D%3D%3D%20rows%20-%201%29%20%7B%0A%20%20row%20%2B%3D%201%3B%0A%20%20if%20%28row%20%3E%3D%20rows%29%20%7B%0A%20%20row%20%3D%200%3B%0A%20%20column%20%2B%3D%201%3B%0A%20%20%7D%0A%20%20%7D%0A%20%20%7D%20else%20%7B%0A%20%20row%20%3D%20Math.floor%28i%20%2F%20slidesPerRow%29%3B%0A%20%20column%20%3D%20i%20-%20row%20%2A%20slidesPerRow%3B%0A%20%20%7D%0A%20%20slide.row%20%3D%20row%3B%0A%20%20slide.column%20%3D%20column%3B%0A%20%20slide.style.height%20%3D%20%60calc%28%28100%25%20-%20%24%7B%28rows%20-%201%29%20%2A%20spaceBetween%7Dpx%29%20%2F%20%24%7Brows%7D%29%60%3B%0A%20%20slide.style%5Bswiper.getDirectionLabel%28%27margin-top%27%29%5D%20%3D%20row%20%21%3D%3D%200%20%3F%20spaceBetween%20%26%26%20%60%24%7BspaceBetween%7Dpx%60%20%3A%20%27%27%3B%0A%20%20slide.swiperSlideGridSet%20%3D%20true%3B%0A%20%20%7D%3B%0A%20%20const%20updateWrapperSize%20%3D%20%28slideSize%2C%20snapGrid%29%3D%3E%7B%0A%20%20const%20%7B%20centeredSlides%2C%20roundLengths%20%7D%20%3D%20swiper.params%3B%0A%20%20const%20spaceBetween%20%3D%20getSpaceBetween%28%29%3B%0A%20%20const%20%7B%20rows%20%7D%20%3D%20swiper.params.grid%3B%0A%20%20swiper.virtualSize%20%3D%20%28slideSize%20%2B%20spaceBetween%29%20%2A%20slidesNumberEvenToRows%3B%0A%20%20swiper.virtualSize%20%3D%20Math.ceil%28swiper.virtualSize%20%2F%20rows%29%20-%20spaceBetween%3B%0A%20%20if%20%28%21swiper.params.cssMode%29%20%7B%0A%20%20swiper.wrapperEl.style%5Bswiper.getDirectionLabel%28%27width%27%29%5D%20%3D%20%60%24%7Bswiper.virtualSize%20%2B%20spaceBetween%7Dpx%60%3B%0A%20%20%7D%0A%20%20if%20%28centeredSlides%29%20%7B%0A%20%20const%20newSlidesGrid%20%3D%20%5B%5D%3B%0A%20%20for%28let%20i%20%3D%200%3B%20i%20%3C%20snapGrid.length%3B%20i%20%2B%3D%201%29%7B%0A%20%20let%20slidesGridItem%20%3D%20snapGrid%5Bi%5D%3B%0A%20%20if%20%28roundLengths%29%20slidesGridItem%20%3D%20Math.floor%28slidesGridItem%29%3B%0A%20%20if%20%28snapGrid%5Bi%5D%20%3C%20swiper.virtualSize%20%2B%20snapGrid%5B0%5D%29%20newSlidesGrid.push%28slidesGridItem%29%3B%0A%20%20%7D%0A%20%20snapGrid.splice%280%2C%20snapGrid.length%29%3B%0A%20%20snapGrid.push%28...newSlidesGrid%29%3B%0A%20%20%7D%0A%20%20%7D%3B%0A%20%20const%20onInit%20%3D%20%28%29%3D%3E%7B%0A%20%20wasMultiRow%20%3D%20swiper.params.grid%20%26%26%20swiper.params.grid.rows%20%3E%201%3B%0A%20%20%7D%3B%0A%20%20const%20onUpdate%20%3D%20%28%29%3D%3E%7B%0A%20%20const%20%7B%20params%2C%20el%20%7D%20%3D%20swiper%3B%0A%20%20const%20isMultiRow%20%3D%20params.grid%20%26%26%20params.grid.rows%20%3E%201%3B%0A%20%20if%20%28wasMultiRow%20%26%26%20%21isMultiRow%29%20%7B%0A%20%20el.classList.remove%28%60%24%7Bparams.containerModifierClass%7Dgrid%60%2C%20%60%24%7Bparams.containerModifierClass%7Dgrid-column%60%29%3B%0A%20%20numFullColumns%20%3D%201%3B%0A%20%20swiper.emitContainerClasses%28%29%3B%0A%20%20%7D%20else%20if%20%28%21wasMultiRow%20%26%26%20isMultiRow%29%20%7B%0A%20%20el.classList.add%28%60%24%7Bparams.containerModifierClass%7Dgrid%60%29%3B%0A%20%20if%20%28params.grid.fill%20%3D%3D%3D%20%27column%27%29%20%7B%0A%20%20el.classList.add%28%60%24%7Bparams.containerModifierClass%7Dgrid-column%60%29%3B%0A%20%20%7D%0A%20%20swiper.emitContainerClasses%28%29%3B%0A%20%20%7D%0A%20%20wasMultiRow%20%3D%20isMultiRow%3B%0A%20%20%7D%3B%0A%20%20on%28%27init%27%2C%20onInit%29%3B%0A%20%20on%28%27update%27%2C%20onUpdate%29%3B%0A%20%20swiper.grid%20%3D%20%7B%0A%20%20initSlides%2C%0A%20%20unsetSlides%2C%0A%20%20updateSlide%2C%0A%20%20updateWrapperSize%0A%20%20%7D%3B%0A%20%20%7D%0A%20%20%3B%0A%20%20%3B%0A%20%20function%20appendSlide%28slides%29%20%7B%0A%20%20const%20swiper%20%3D%20this%3B%0A%20%20const%20%7B%20params%2C%20slidesEl%20%7D%20%3D%20swiper%3B%0A%20%20if%20%28params.loop%29%20%7B%0A%20%20swiper.loopDestroy%28%29%3B%0A%20%20%7D%0A%20%20const%20appendElement%20%3D%20%28slideEl%29%3D%3E%7B%0A%20%20if%20%28typeof%20slideEl%20%3D%3D%3D%20%27string%27%29%20%7B%0A%20%20const%20tempDOM%20%3D%20document.createElement%28%27div%27%29%3B%0A%20%20setInnerHTML%28tempDOM%2C%20slideEl%29%3B%0A%20%20slidesEl.append%28tempDOM.children%5B0%5D%29%3B%0A%20%20setInnerHTML%28tempDOM%2C%20%27%27%29%3B%0A%20%20%7D%20else%20%7B%0A%20%20slidesEl.append%28slideEl%29%3B%0A%20%20%7D%0A%20%20%7D%3B%0A%20%20if%20%28typeof%20slides%20%3D%3D%3D%20%27object%27%20%26%26%20%27length%27%20in%20slides%29%20%7B%0A%20%20for%28let%20i%20%3D%200%3B%20i%20%3C%20slides.length%3B%20i%20%2B%3D%201%29%7B%0A%20%20if%20%28slides%5Bi%5D%29%20appendElement%28slides%5Bi%5D%29%3B%0A%20%20%7D%0A%20%20%7D%20else%20%7B%0A%20%20appendElement%28slides%29%3B%0A%20%20%7D%0A%20%20swiper.recalcSlides%28%29%3B%0A%20%20if%20%28params.loop%29%20%7B%0A%20%20swiper.loopCreate%28%29%3B%0A%20%20%7D%0A%20%20if%20%28%21params.observer%20%7C%7C%20swiper.isElement%29%20%7B%0A%20%20swiper.update%28%29%3B%0A%20%20%7D%0A%20%20%7D%0A%20%20function%20prependSlide%28slides%29%20%7B%0A%20%20const%20swiper%20%3D%20this%3B%0A%20%20const%20%7B%20params%2C%20activeIndex%2C%20slidesEl%20%7D%20%3D%20swiper%3B%0A%20%20if%20%28params.loop%29%20%7B%0A%20%20swiper.loopDestroy%28%29%3B%0A%20%20%7D%0A%20%20let%20newActiveIndex%20%3D%20activeIndex%20%2B%201%3B%0A%20%20const%20prependElement%20%3D%20%28slideEl%29%3D%3E%7B%0A%20%20if%20%28typeof%20slideEl%20%3D%3D%3D%20%27string%27%29%20%7B%0A%20%20const%20tempDOM%20%3D%20document.createElement%28%27div%27%29%3B%0A%20%20setInnerHTML%28tempDOM%2C%20slideEl%29%3B%0A%20%20slidesEl.prepend%28tempDOM.children%5B0%5D%29%3B%0A%20%20setInnerHTML%28tempDOM%2C%20%27%27%29%3B%0A%20%20%7D%20else%20%7B%0A%20%20slidesEl.prepend%28slideEl%29%3B%0A%20%20%7D%0A%20%20%7D%3B%0A%20%20if%20%28typeof%20slides%20%3D%3D%3D%20%27object%27%20%26%26%20%27length%27%20in%20slides%29%20%7B%0A%20%20for%28let%20i%20%3D%200%3B%20i%20%3C%20slides.length%3B%20i%20%2B%3D%201%29%7B%0A%20%20if%20%28slides%5Bi%5D%29%20prependElement%28slides%5Bi%5D%29%3B%0A%20%20%7D%0A%20%20newActiveIndex%20%3D%20activeIndex%20%2B%20slides.length%3B%0A%20%20%7D%20else%20%7B%0A%20%20prependElement%28slides%29%3B%0A%20%20%7D%0A%20%20swiper.recalcSlides%28%29%3B%0A%20%20if%20%28params.loop%29%20%7B%0A%20%20swiper.loopCreate%28%29%3B%0A%20%20%7D%0A%20%20if%20%28%21params.observer%20%7C%7C%20swiper.isElement%29%20%7B%0A%20%20swiper.update%28%29%3B%0A%20%20%7D%0A%20%20swiper.slideTo%28newActiveIndex%2C%200%2C%20false%29%3B%0A%20%20%7D%0A%20%20function%20addSlide%28index%2C%20slides%29%20%7B%0A%20%20const%20swiper%20%3D%20this%3B%0A%20%20const%20%7B%20params%2C%20activeIndex%2C%20slidesEl%20%7D%20%3D%20swiper%3B%0A%20%20let%20activeIndexBuffer%20%3D%20activeIndex%3B%0A%20%20if%20%28params.loop%29%20%7B%0A%20%20activeIndexBuffer%20-%3D%20swiper.loopedSlides%3B%0A%20%20swiper.loopDestroy%28%29%3B%0A%20%20swiper.recalcSlides%28%29%3B%0A%20%20%7D%0A%20%20const%20baseLength%20%3D%20swiper.slides.length%3B%0A%20%20if%20%28index%20%3C%3D%200%29%20%7B%0A%20%20swiper.prependSlide%28slides%29%3B%0A%20%20return%3B%0A%20%20%7D%0A%20%20if%20%28index%20%3E%3D%20baseLength%29%20%7B%0A%20%20swiper.appendSlide%28slides%29%3B%0A%20%20return%3B%0A%20%20%7D%0A%20%20let%20newActiveIndex%20%3D%20activeIndexBuffer%20%3E%20index%20%3F%20activeIndexBuffer%20%2B%201%20%3A%20activeIndexBuffer%3B%0A%20%20const%20slidesBuffer%20%3D%20%5B%5D%3B%0A%20%20for%28let%20i%20%3D%20baseLength%20-%201%3B%20i%20%3E%3D%20index%3B%20i%20-%3D%201%29%7B%0A%20%20const%20currentSlide%20%3D%20swiper.slides%5Bi%5D%3B%0A%20%20currentSlide.remove%28%29%3B%0A%20%20slidesBuffer.unshift%28currentSlide%29%3B%0A%20%20%7D%0A%20%20if%20%28typeof%20slides%20%3D%3D%3D%20%27object%27%20%26%26%20%27length%27%20in%20slides%29%20%7B%0A%20%20for%28let%20i%20%3D%200%3B%20i%20%3C%20slides.length%3B%20i%20%2B%3D%201%29%7B%0A%20%20if%20%28slides%5Bi%5D%29%20slidesEl.append%28slides%5Bi%5D%29%3B%0A%20%20%7D%0A%20%20newActiveIndex%20%3D%20activeIndexBuffer%20%3E%20index%20%3F%20activeIndexBuffer%20%2B%20slides.length%20%3A%20activeIndexBuffer%3B%0A%20%20%7D%20else%20%7B%0A%20%20slidesEl.append%28slides%29%3B%0A%20%20%7D%0A%20%20for%28let%20i%20%3D%200%3B%20i%20%3C%20slidesBuffer.length%3B%20i%20%2B%3D%201%29%7B%0A%20%20slidesEl.append%28slidesBuffer%5Bi%5D%29%3B%0A%20%20%7D%0A%20%20swiper.recalcSlides%28%29%3B%0A%20%20if%20%28params.loop%29%20%7B%0A%20%20swiper.loopCreate%28%29%3B%0A%20%20%7D%0A%20%20if%20%28%21params.observer%20%7C%7C%20swiper.isElement%29%20%7B%0A%20%20swiper.update%28%29%3B%0A%20%20%7D%0A%20%20if%20%28params.loop%29%20%7B%0A%20%20swiper.slideTo%28newActiveIndex%20%2B%20swiper.loopedSlides%2C%200%2C%20false%29%3B%0A%20%20%7D%20else%20%7B%0A%20%20swiper.slideTo%28newActiveIndex%2C%200%2C%20false%29%3B%0A%20%20%7D%0A%20%20%7D%0A%20%20function%20removeSlide%28slidesIndexes%29%20%7B%0A%20%20const%20swiper%20%3D%20this%3B%0A%20%20const%20%7B%20params%2C%20activeIndex%20%7D%20%3D%20swiper%3B%0A%20%20let%20activeIndexBuffer%20%3D%20activeIndex%3B%0A%20%20if%20%28params.loop%29%20%7B%0A%20%20activeIndexBuffer%20-%3D%20swiper.loopedSlides%3B%0A%20%20swiper.loopDestroy%28%29%3B%0A%20%20%7D%0A%20%20let%20newActiveIndex%20%3D%20activeIndexBuffer%3B%0A%20%20let%20indexToRemove%3B%0A%20%20if%20%28typeof%20slidesIndexes%20%3D%3D%3D%20%27object%27%20%26%26%20%27length%27%20in%20slidesIndexes%29%20%7B%0A%20%20for%28let%20i%20%3D%200%3B%20i%20%3C%20slidesIndexes.length%3B%20i%20%2B%3D%201%29%7B%0A%20%20indexToRemove%20%3D%20slidesIndexes%5Bi%5D%3B%0A%20%20if%20%28swiper.slides%5BindexToRemove%5D%29%20swiper.slides%5BindexToRemove%5D.remove%28%29%3B%0A%20%20if%20%28indexToRemove%20%3C%20newActiveIndex%29%20newActiveIndex%20-%3D%201%3B%0A%20%20%7D%0A%20%20newActiveIndex%20%3D%20Math.max%28newActiveIndex%2C%200%29%3B%0A%20%20%7D%20else%20%7B%0A%20%20indexToRemove%20%3D%20slidesIndexes%3B%0A%20%20if%20%28swiper.slides%5BindexToRemove%5D%29%20swiper.slides%5BindexToRemove%5D.remove%28%29%3B%0A%20%20if%20%28indexToRemove%20%3C%20newActiveIndex%29%20newActiveIndex%20-%3D%201%3B%0A%20%20newActiveIndex%20%3D%20Math.max%28newActiveIndex%2C%200%29%3B%0A%20%20%7D%0A%20%20swiper.recalcSlides%28%29%3B%0A%20%20if%20%28params.loop%29%20%7B%0A%20%20swiper.loopCreate%28%29%3B%0A%20%20%7D%0A%20%20if%20%28%21params.observer%20%7C%7C%20swiper.isElement%29%20%7B%0A%20%20swiper.update%28%29%3B%0A%20%20%7D%0A%20%20if%20%28params.loop%29%20%7B%0A%20%20swiper.slideTo%28newActiveIndex%20%2B%20swiper.loopedSlides%2C%200%2C%20false%29%3B%0A%20%20%7D%20else%20%7B%0A%20%20swiper.slideTo%28newActiveIndex%2C%200%2C%20false%29%3B%0A%20%20%7D%0A%20%20%7D%0A%20%20function%20removeAllSlides%28%29%20%7B%0A%20%20const%20swiper%20%3D%20this%3B%0A%20%20const%20slidesIndexes%20%3D%20%5B%5D%3B%0A%20%20for%28let%20i%20%3D%200%3B%20i%20%3C%20swiper.slides.length%3B%20i%20%2B%3D%201%29%7B%0A%20%20slidesIndexes.push%28i%29%3B%0A%20%20%7D%0A%20%20swiper.removeSlide%28slidesIndexes%29%3B%0A%20%20%7D%0A%20%20function%20Manipulation%28%7B%20swiper%20%7D%29%20%7B%0A%20%20Object.assign%28swiper%2C%20%7B%0A%20%20appendSlide%3A%20appendSlide.bind%28swiper%29%2C%0A%20%20prependSlide%3A%20prependSlide.bind%28swiper%29%2C%0A%20%20addSlide%3A%20addSlide.bind%28swiper%29%2C%0A%20%20removeSlide%3A%20removeSlide.bind%28swiper%29%2C%0A%20%20removeAllSlides%3A%20removeAllSlides.bind%28swiper%29%0A%20%20%7D%29%3B%0A%20%20%7D%0A%20%20%3B%0A%20%20function%20effectInit%28params%29%20%7B%0A%20%20const%20%7B%20effect%2C%20swiper%2C%20on%2C%20setTranslate%2C%20setTransition%2C%20overwriteParams%2C%20perspective%2C%20recreateShadows%2C%20getEffectParams%20%7D%20%3D%20params%3B%0A%20%20on%28%27beforeInit%27%2C%20%28%29%3D%3E%7B%0A%20%20if%20%28swiper.params.effect%20%21%3D%3D%20effect%29%20return%3B%0A%20%20swiper.classNames.push%28%60%24%7Bswiper.params.containerModifierClass%7D%24%7Beffect%7D%60%29%3B%0A%20%20if%20%28perspective%20%26%26%20perspective%28%29%29%20%7B%0A%20%20swiper.classNames.push%28%60%24%7Bswiper.params.containerModifierClass%7D3d%60%29%3B%0A%20%20%7D%0A%20%20const%20overwriteParamsResult%20%3D%20overwriteParams%20%3F%20overwriteParams%28%29%20%3A%20%7B%7D%3B%0A%20%20Object.assign%28swiper.params%2C%20overwriteParamsResult%29%3B%0A%20%20Object.assign%28swiper.originalParams%2C%20overwriteParamsResult%29%3B%0A%20%20%7D%29%3B%0A%20%20on%28%27setTranslate%20_virtualUpdated%27%2C%20%28%29%3D%3E%7B%0A%20%20if%20%28swiper.params.effect%20%21%3D%3D%20effect%29%20return%3B%0A%20%20setTranslate%28%29%3B%0A%20%20%7D%29%3B%0A%20%20on%28%27setTransition%27%2C%20%28_s%2C%20duration%29%3D%3E%7B%0A%20%20if%20%28swiper.params.effect%20%21%3D%3D%20effect%29%20return%3B%0A%20%20setTransition%28duration%29%3B%0A%20%20%7D%29%3B%0A%20%20on%28%27transitionEnd%27%2C%20%28%29%3D%3E%7B%0A%20%20if%20%28swiper.params.effect%20%21%3D%3D%20effect%29%20return%3B%0A%20%20if%20%28recreateShadows%29%20%7B%0A%20%20if%20%28%21getEffectParams%20%7C%7C%20%21getEffectParams%28%29.slideShadows%29%20return%3B%0A%20%20%2F%2F%20remove%20shadows%0A%20%20swiper.slides.forEach%28%28slideEl%29%3D%3E%7B%0A%20%20slideEl.querySelectorAll%28%27.swiper-slide-shadow-top%2C%20.swiper-slide-shadow-right%2C%20.swiper-slide-shadow-bottom%2C%20.swiper-slide-shadow-left%27%29.forEach%28%28shadowEl%29%3D%3EshadowEl.remove%28%29%29%3B%0A%20%20%7D%29%3B%0A%20%20%2F%2F%20create%20new%20one%0A%20%20recreateShadows%28%29%3B%0A%20%20%7D%0A%20%20%7D%29%3B%0A%20%20let%20requireUpdateOnVirtual%3B%0A%20%20on%28%27virtualUpdate%27%2C%20%28%29%3D%3E%7B%0A%20%20if%20%28swiper.params.effect%20%21%3D%3D%20effect%29%20return%3B%0A%20%20if%20%28%21swiper.slides.length%29%20%7B%0A%20%20requireUpdateOnVirtual%20%3D%20true%3B%0A%20%20%7D%0A%20%20requestAnimationFrame%28%28%29%3D%3E%7B%0A%20%20if%20%28requireUpdateOnVirtual%20%26%26%20swiper.slides%20%26%26%20swiper.slides.length%29%20%7B%0A%20%20setTranslate%28%29%3B%0A%20%20requireUpdateOnVirtual%20%3D%20false%3B%0A%20%20%7D%0A%20%20%7D%29%3B%0A%20%20%7D%29%3B%0A%20%20%7D%0A%20%20%3B%0A%20%20%3B%0A%20%20function%20effectTarget%28effectParams%2C%20slideEl%29%20%7B%0A%20%20const%20transformEl%20%3D%20getSlideTransformEl%28slideEl%29%3B%0A%20%20if%20%28transformEl%20%21%3D%3D%20slideEl%29%20%7B%0A%20%20transformEl.style.backfaceVisibility%20%3D%20%27hidden%27%3B%0A%20%20transformEl.style%5B%27-webkit-backface-visibility%27%5D%20%3D%20%27hidden%27%3B%0A%20%20%7D%0A%20%20return%20transformEl%3B%0A%20%20%7D%0A%20%20%3B%0A%20%20%3B%0A%20%20function%20effectVirtualTransitionEnd%28%7B%20swiper%2C%20duration%2C%20transformElements%2C%20allSlides%20%7D%29%20%7B%0A%20%20const%20%7B%20activeIndex%20%7D%20%3D%20swiper%3B%0A%20%20const%20getSlide%20%3D%20%28el%29%3D%3E%7B%0A%20%20if%20%28%21el.parentElement%29%20%7B%0A%20%20%2F%2F%20assume%20shadow%20root%0A%20%20const%20slide%20%3D%20swiper.slides.find%28%28slideEl%29%3D%3EslideEl.shadowRoot%20%26%26%20slideEl.shadowRoot%20%3D%3D%3D%20el.parentNode%29%3B%0A%20%20return%20slide%3B%0A%20%20%7D%0A%20%20return%20el.parentElement%3B%0A%20%20%7D%3B%0A%20%20if%20%28swiper.params.virtualTranslate%20%26%26%20duration%20%21%3D%3D%200%29%20%7B%0A%20%20let%20eventTriggered%20%3D%20false%3B%0A%20%20let%20transitionEndTarget%3B%0A%20%20if%20%28allSlides%29%20%7B%0A%20%20transitionEndTarget%20%3D%20transformElements%3B%0A%20%20%7D%20else%20%7B%0A%20%20transitionEndTarget%20%3D%20transformElements.filter%28%28transformEl%29%3D%3E%7B%0A%20%20const%20el%20%3D%20transformEl.classList.contains%28%27swiper-slide-transform%27%29%20%3F%20getSlide%28transformEl%29%20%3A%20transformEl%3B%0A%20%20return%20swiper.getSlideIndex%28el%29%20%3D%3D%3D%20activeIndex%3B%0A%20%20%7D%29%3B%0A%20%20%7D%0A%20%20transitionEndTarget.forEach%28%28el%29%3D%3E%7B%0A%20%20elementTransitionEnd%28el%2C%20%28%29%3D%3E%7B%0A%20%20if%20%28eventTriggered%29%20return%3B%0A%20%20if%20%28%21swiper%20%7C%7C%20swiper.destroyed%29%20return%3B%0A%20%20eventTriggered%20%3D%20true%3B%0A%20%20swiper.animating%20%3D%20false%3B%0A%20%20const%20evt%20%3D%20new%20window.CustomEvent%28%27transitionend%27%2C%20%7B%0A%20%20bubbles%3A%20true%2C%0A%20%20cancelable%3A%20true%0A%20%20%7D%29%3B%0A%20%20swiper.wrapperEl.dispatchEvent%28evt%29%3B%0A%20%20%7D%29%3B%0A%20%20%7D%29%3B%0A%20%20%7D%0A%20%20%7D%0A%20%20%3B%0A%20%20%3B%0A%20%20%3B%0A%20%20%3B%0A%20%20%3B%0A%20%20function%20EffectFade%28%7B%20swiper%2C%20extendParams%2C%20on%20%7D%29%20%7B%0A%20%20extendParams%28%7B%0A%20%20fadeEffect%3A%20%7B%0A%20%20crossFade%3A%20false%0A%20%20%7D%0A%20%20%7D%29%3B%0A%20%20const%20setTranslate%20%3D%20%28%29%3D%3E%7B%0A%20%20const%20%7B%20slides%20%7D%20%3D%20swiper%3B%0A%20%20const%20params%20%3D%20swiper.params.fadeEffect%3B%0A%20%20for%28let%20i%20%3D%200%3B%20i%20%3C%20slides.length%3B%20i%20%2B%3D%201%29%7B%0A%20%20const%20slideEl%20%3D%20swiper.slides%5Bi%5D%3B%0A%20%20const%20offset%20%3D%20slideEl.swiperSlideOffset%3B%0A%20%20let%20tx%20%3D%20-offset%3B%0A%20%20if%20%28%21swiper.params.virtualTranslate%29%20tx%20-%3D%20swiper.translate%3B%0A%20%20let%20ty%20%3D%200%3B%0A%20%20if%20%28%21swiper.isHorizontal%28%29%29%20%7B%0A%20%20ty%20%3D%20tx%3B%0A%20%20tx%20%3D%200%3B%0A%20%20%7D%0A%20%20const%20slideOpacity%20%3D%20swiper.params.fadeEffect.crossFade%20%3F%20Math.max%281%20-%20Math.abs%28slideEl.progress%29%2C%200%29%20%3A%201%20%2B%20Math.min%28Math.max%28slideEl.progress%2C%20-1%29%2C%200%29%3B%0A%20%20const%20targetEl%20%3D%20effectTarget%28params%2C%20slideEl%29%3B%0A%20%20targetEl.style.opacity%20%3D%20slideOpacity%3B%0A%20%20targetEl.style.transform%20%3D%20%60translate3d%28%24%7Btx%7Dpx%2C%20%24%7Bty%7Dpx%2C%200px%29%60%3B%0A%20%20%7D%0A%20%20%7D%3B%0A%20%20const%20setTransition%20%3D%20%28duration%29%3D%3E%7B%0A%20%20const%20transformElements%20%3D%20swiper.slides.map%28%28slideEl%29%3D%3EgetSlideTransformEl%28slideEl%29%29%3B%0A%20%20transformElements.forEach%28%28el%29%3D%3E%7B%0A%20%20el.style.transitionDuration%20%3D%20%60%24%7Bduration%7Dms%60%3B%0A%20%20%7D%29%3B%0A%20%20effectVirtualTransitionEnd%28%7B%0A%20%20swiper%2C%0A%20%20duration%2C%0A%20%20transformElements%2C%0A%20%20allSlides%3A%20true%0A%20%20%7D%29%3B%0A%20%20%7D%3B%0A%20%20effectInit%28%7B%0A%20%20effect%3A%20%27fade%27%2C%0A%20%20swiper%2C%0A%20%20on%2C%0A%20%20setTranslate%2C%0A%20%20setTransition%2C%0A%20%20overwriteParams%3A%20%28%29%3D%3E%28%7B%0A%20%20slidesPerView%3A%201%2C%0A%20%20slidesPerGroup%3A%201%2C%0A%20%20watchSlidesProgress%3A%20true%2C%0A%20%20spaceBetween%3A%200%2C%0A%20%20virtualTranslate%3A%20%21swiper.params.cssMode%0A%20%20%7D%29%0A%20%20%7D%29%3B%0A%20%20%7D%0A%20%20%3B%0A%20%20%3B%0A%20%20%3B%0A%20%20function%20EffectCube%28%7B%20swiper%2C%20extendParams%2C%20on%20%7D%29%20%7B%0A%20%20extendParams%28%7B%0A%20%20cubeEffect%3A%20%7B%0A%20%20slideShadows%3A%20true%2C%0A%20%20shadow%3A%20true%2C%0A%20%20shadowOffset%3A%2020%2C%0A%20%20shadowScale%3A%200.94%0A%20%20%7D%0A%20%20%7D%29%3B%0A%20%20const%20createSlideShadows%20%3D%20%28slideEl%2C%20progress%2C%20isHorizontal%29%3D%3E%7B%0A%20%20let%20shadowBefore%20%3D%20isHorizontal%20%3F%20slideEl.querySelector%28%27.swiper-slide-shadow-left%27%29%20%3A%20slideEl.querySelector%28%27.swiper-slide-shadow-top%27%29%3B%0A%20%20let%20shadowAfter%20%3D%20isHorizontal%20%3F%20slideEl.querySelector%28%27.swiper-slide-shadow-right%27%29%20%3A%20slideEl.querySelector%28%27.swiper-slide-shadow-bottom%27%29%3B%0A%20%20if%20%28%21shadowBefore%29%20%7B%0A%20%20shadowBefore%20%3D%20createElement%28%27div%27%2C%20%60swiper-slide-shadow-cube%20swiper-slide-shadow-%24%7BisHorizontal%20%3F%20%27left%27%20%3A%20%27top%27%7D%60.split%28%27%20%27%29%29%3B%0A%20%20slideEl.append%28shadowBefore%29%3B%0A%20%20%7D%0A%20%20if%20%28%21shadowAfter%29%20%7B%0A%20%20shadowAfter%20%3D%20createElement%28%27div%27%2C%20%60swiper-slide-shadow-cube%20swiper-slide-shadow-%24%7BisHorizontal%20%3F%20%27right%27%20%3A%20%27bottom%27%7D%60.split%28%27%20%27%29%29%3B%0A%20%20slideEl.append%28shadowAfter%29%3B%0A%20%20%7D%0A%20%20if%20%28shadowBefore%29%20shadowBefore.style.opacity%20%3D%20Math.max%28-progress%2C%200%29%3B%0A%20%20if%20%28shadowAfter%29%20shadowAfter.style.opacity%20%3D%20Math.max%28progress%2C%200%29%3B%0A%20%20%7D%3B%0A%20%20const%20recreateShadows%20%3D%20%28%29%3D%3E%7B%0A%20%20%2F%2F%20create%20new%20ones%0A%20%20const%20isHorizontal%20%3D%20swiper.isHorizontal%28%29%3B%0A%20%20swiper.slides.forEach%28%28slideEl%29%3D%3E%7B%0A%20%20const%20progress%20%3D%20Math.max%28Math.min%28slideEl.progress%2C%201%29%2C%20-1%29%3B%0A%20%20createSlideShadows%28slideEl%2C%20progress%2C%20isHorizontal%29%3B%0A%20%20%7D%29%3B%0A%20%20%7D%3B%0A%20%20const%20setTranslate%20%3D%20%28%29%3D%3E%7B%0A%20%20const%20%7B%20el%2C%20wrapperEl%2C%20slides%2C%20width%3A%20swiperWidth%2C%20height%3A%20swiperHeight%2C%20rtlTranslate%3A%20rtl%2C%20size%3A%20swiperSize%2C%20browser%20%7D%20%3D%20swiper%3B%0A%20%20const%20r%20%3D%20getRotateFix%28swiper%29%3B%0A%20%20const%20params%20%3D%20swiper.params.cubeEffect%3B%0A%20%20const%20isHorizontal%20%3D%20swiper.isHorizontal%28%29%3B%0A%20%20const%20isVirtual%20%3D%20swiper.virtual%20%26%26%20swiper.params.virtual.enabled%3B%0A%20%20let%20wrapperRotate%20%3D%200%3B%0A%20%20let%20cubeShadowEl%3B%0A%20%20if%20%28params.shadow%29%20%7B%0A%20%20if%20%28isHorizontal%29%20%7B%0A%20%20cubeShadowEl%20%3D%20swiper.wrapperEl.querySelector%28%27.swiper-cube-shadow%27%29%3B%0A%20%20if%20%28%21cubeShadowEl%29%20%7B%0A%20%20cubeShadowEl%20%3D%20createElement%28%27div%27%2C%20%27swiper-cube-shadow%27%29%3B%0A%20%20swiper.wrapperEl.append%28cubeShadowEl%29%3B%0A%20%20%7D%0A%20%20cubeShadowEl.style.height%20%3D%20%60%24%7BswiperWidth%7Dpx%60%3B%0A%20%20%7D%20else%20%7B%0A%20%20cubeShadowEl%20%3D%20el.querySelector%28%27.swiper-cube-shadow%27%29%3B%0A%20%20if%20%28%21cubeShadowEl%29%20%7B%0A%20%20cubeShadowEl%20%3D%20createElement%28%27div%27%2C%20%27swiper-cube-shadow%27%29%3B%0A%20%20el.append%28cubeShadowEl%29%3B%0A%20%20%7D%0A%20%20%7D%0A%20%20%7D%0A%20%20for%28let%20i%20%3D%200%3B%20i%20%3C%20slides.length%3B%20i%20%2B%3D%201%29%7B%0A%20%20const%20slideEl%20%3D%20slides%5Bi%5D%3B%0A%20%20let%20slideIndex%20%3D%20i%3B%0A%20%20if%20%28isVirtual%29%20%7B%0A%20%20slideIndex%20%3D%20parseInt%28slideEl.getAttribute%28%27data-swiper-slide-index%27%29%2C%2010%29%3B%0A%20%20%7D%0A%20%20let%20slideAngle%20%3D%20slideIndex%20%2A%2090%3B%0A%20%20let%20round%20%3D%20Math.floor%28slideAngle%20%2F%20360%29%3B%0A%20%20if%20%28rtl%29%20%7B%0A%20%20slideAngle%20%3D%20-slideAngle%3B%0A%20%20round%20%3D%20Math.floor%28-slideAngle%20%2F%20360%29%3B%0A%20%20%7D%0A%20%20const%20progress%20%3D%20Math.max%28Math.min%28slideEl.progress%2C%201%29%2C%20-1%29%3B%0A%20%20let%20tx%20%3D%200%3B%0A%20%20let%20ty%20%3D%200%3B%0A%20%20let%20tz%20%3D%200%3B%0A%20%20if%20%28slideIndex%20%25%204%20%3D%3D%3D%200%29%20%7B%0A%20%20tx%20%3D%20-round%20%2A%204%20%2A%20swiperSize%3B%0A%20%20tz%20%3D%200%3B%0A%20%20%7D%20else%20if%20%28%28slideIndex%20-%201%29%20%25%204%20%3D%3D%3D%200%29%20%7B%0A%20%20tx%20%3D%200%3B%0A%20%20tz%20%3D%20-round%20%2A%204%20%2A%20swiperSize%3B%0A%20%20%7D%20else%20if%20%28%28slideIndex%20-%202%29%20%25%204%20%3D%3D%3D%200%29%20%7B%0A%20%20tx%20%3D%20swiperSize%20%2B%20round%20%2A%204%20%2A%20swiperSize%3B%0A%20%20tz%20%3D%20swiperSize%3B%0A%20%20%7D%20else%20if%20%28%28slideIndex%20-%203%29%20%25%204%20%3D%3D%3D%200%29%20%7B%0A%20%20tx%20%3D%20-swiperSize%3B%0A%20%20tz%20%3D%203%20%2A%20swiperSize%20%2B%20swiperSize%20%2A%204%20%2A%20round%3B%0A%20%20%7D%0A%20%20if%20%28rtl%29%20%7B%0A%20%20tx%20%3D%20-tx%3B%0A%20%20%7D%0A%20%20if%20%28%21isHorizontal%29%20%7B%0A%20%20ty%20%3D%20tx%3B%0A%20%20tx%20%3D%200%3B%0A%20%20%7D%0A%20%20const%20transform%20%3D%20%60rotateX%28%24%7Br%28isHorizontal%20%3F%200%20%3A%20-slideAngle%29%7Ddeg%29%20rotateY%28%24%7Br%28isHorizontal%20%3F%20slideAngle%20%3A%200%29%7Ddeg%29%20translate3d%28%24%7Btx%7Dpx%2C%20%24%7Bty%7Dpx%2C%20%24%7Btz%7Dpx%29%60%3B%0A%20%20if%20%28progress%20%3C%3D%201%20%26%26%20progress%20%3E%20-1%29%20%7B%0A%20%20wrapperRotate%20%3D%20slideIndex%20%2A%2090%20%2B%20progress%20%2A%2090%3B%0A%20%20if%20%28rtl%29%20wrapperRotate%20%3D%20-slideIndex%20%2A%2090%20-%20progress%20%2A%2090%3B%0A%20%20%7D%0A%20%20slideEl.style.transform%20%3D%20transform%3B%0A%20%20if%20%28params.slideShadows%29%20%7B%0A%20%20createSlideShadows%28slideEl%2C%20progress%2C%20isHorizontal%29%3B%0A%20%20%7D%0A%20%20%7D%0A%20%20wrapperEl.style.transformOrigin%20%3D%20%6050%25%2050%25%20-%24%7BswiperSize%20%2F%202%7Dpx%60%3B%0A%20%20wrapperEl.style%5B%27-webkit-transform-origin%27%5D%20%3D%20%6050%25%2050%25%20-%24%7BswiperSize%20%2F%202%7Dpx%60%3B%0A%20%20if%20%28params.shadow%29%20%7B%0A%20%20if%20%28isHorizontal%29%20%7B%0A%20%20cubeShadowEl.style.transform%20%3D%20%60translate3d%280px%2C%20%24%7BswiperWidth%20%2F%202%20%2B%20params.shadowOffset%7Dpx%2C%20%24%7B-swiperWidth%20%2F%202%7Dpx%29%20rotateX%2889.99deg%29%20rotateZ%280deg%29%20scale%28%24%7Bparams.shadowScale%7D%29%60%3B%0A%20%20%7D%20else%20%7B%0A%20%20const%20shadowAngle%20%3D%20Math.abs%28wrapperRotate%29%20-%20Math.floor%28Math.abs%28wrapperRotate%29%20%2F%2090%29%20%2A%2090%3B%0A%20%20const%20multiplier%20%3D%201.5%20-%20%28Math.sin%28shadowAngle%20%2A%202%20%2A%20Math.PI%20%2F%20360%29%20%2F%202%20%2B%20Math.cos%28shadowAngle%20%2A%202%20%2A%20Math.PI%20%2F%20360%29%20%2F%202%29%3B%0A%20%20const%20scale1%20%3D%20params.shadowScale%3B%0A%20%20const%20scale2%20%3D%20params.shadowScale%20%2F%20multiplier%3B%0A%20%20const%20offset%20%3D%20params.shadowOffset%3B%0A%20%20cubeShadowEl.style.transform%20%3D%20%60scale3d%28%24%7Bscale1%7D%2C%201%2C%20%24%7Bscale2%7D%29%20translate3d%280px%2C%20%24%7BswiperHeight%20%2F%202%20%2B%20offset%7Dpx%2C%20%24%7B-swiperHeight%20%2F%202%20%2F%20scale2%7Dpx%29%20rotateX%28-89.99deg%29%60%3B%0A%20%20%7D%0A%20%20%7D%0A%20%20const%20zFactor%20%3D%20%28browser.isSafari%20%7C%7C%20browser.isWebView%29%20%26%26%20browser.needPerspectiveFix%20%3F%20-swiperSize%20%2F%202%20%3A%200%3B%0A%20%20wrapperEl.style.transform%20%3D%20%60translate3d%280px%2C0%2C%24%7BzFactor%7Dpx%29%20rotateX%28%24%7Br%28swiper.isHorizontal%28%29%20%3F%200%20%3A%20wrapperRotate%29%7Ddeg%29%20rotateY%28%24%7Br%28swiper.isHorizontal%28%29%20%3F%20-wrapperRotate%20%3A%200%29%7Ddeg%29%60%3B%0A%20%20wrapperEl.style.setProperty%28%27--swiper-cube-translate-z%27%2C%20%60%24%7BzFactor%7Dpx%60%29%3B%0A%20%20%7D%3B%0A%20%20const%20setTransition%20%3D%20%28duration%29%3D%3E%7B%0A%20%20const%20%7B%20el%2C%20slides%20%7D%20%3D%20swiper%3B%0A%20%20slides.forEach%28%28slideEl%29%3D%3E%7B%0A%20%20slideEl.style.transitionDuration%20%3D%20%60%24%7Bduration%7Dms%60%3B%0A%20%20slideEl.querySelectorAll%28%27.swiper-slide-shadow-top%2C%20.swiper-slide-shadow-right%2C%20.swiper-slide-shadow-bottom%2C%20.swiper-slide-shadow-left%27%29.forEach%28%28subEl%29%3D%3E%7B%0A%20%20subEl.style.transitionDuration%20%3D%20%60%24%7Bduration%7Dms%60%3B%0A%20%20%7D%29%3B%0A%20%20%7D%29%3B%0A%20%20if%20%28swiper.params.cubeEffect.shadow%20%26%26%20%21swiper.isHorizontal%28%29%29%20%7B%0A%20%20const%20shadowEl%20%3D%20el.querySelector%28%27.swiper-cube-shadow%27%29%3B%0A%20%20if%20%28shadowEl%29%20shadowEl.style.transitionDuration%20%3D%20%60%24%7Bduration%7Dms%60%3B%0A%20%20%7D%0A%20%20%7D%3B%0A%20%20effectInit%28%7B%0A%20%20effect%3A%20%27cube%27%2C%0A%20%20swiper%2C%0A%20%20on%2C%0A%20%20setTranslate%2C%0A%20%20setTransition%2C%0A%20%20recreateShadows%2C%0A%20%20getEffectParams%3A%20%28%29%3D%3Eswiper.params.cubeEffect%2C%0A%20%20perspective%3A%20%28%29%3D%3Etrue%2C%0A%20%20overwriteParams%3A%20%28%29%3D%3E%28%7B%0A%20%20slidesPerView%3A%201%2C%0A%20%20slidesPerGroup%3A%201%2C%0A%20%20watchSlidesProgress%3A%20true%2C%0A%20%20resistanceRatio%3A%200%2C%0A%20%20spaceBetween%3A%200%2C%0A%20%20centeredSlides%3A%20false%2C%0A%20%20virtualTranslate%3A%20true%0A%20%20%7D%29%0A%20%20%7D%29%3B%0A%20%20%7D%0A%20%20%3B%0A%20%20%3B%0A%20%20function%20createShadow%28suffix%2C%20slideEl%2C%20side%29%20%7B%0A%20%20const%20shadowClass%20%3D%20%60swiper-slide-shadow%24%7Bside%20%3F%20%60-%24%7Bside%7D%60%20%3A%20%27%27%7D%24%7Bsuffix%20%3F%20%60%20swiper-slide-shadow-%24%7Bsuffix%7D%60%20%3A%20%27%27%7D%60%3B%0A%20%20const%20shadowContainer%20%3D%20getSlideTransformEl%28slideEl%29%3B%0A%20%20let%20shadowEl%20%3D%20shadowContainer.querySelector%28%60.%24%7BshadowClass.split%28%27%20%27%29.join%28%27.%27%29%7D%60%29%3B%0A%20%20if%20%28%21shadowEl%29%20%7B%0A%20%20shadowEl%20%3D%20createElement%28%27div%27%2C%20shadowClass.split%28%27%20%27%29%29%3B%0A%20%20shadowContainer.append%28shadowEl%29%3B%0A%20%20%7D%0A%20%20return%20shadowEl%3B%0A%20%20%7D%0A%20%20%3B%0A%20%20%3B%0A%20%20%3B%0A%20%20%3B%0A%20%20%3B%0A%20%20%3B%0A%20%20function%20EffectFlip%28%7B%20swiper%2C%20extendParams%2C%20on%20%7D%29%20%7B%0A%20%20extendParams%28%7B%0A%20%20flipEffect%3A%20%7B%0A%20%20slideShadows%3A%20true%2C%0A%20%20limitRotation%3A%20true%0A%20%20%7D%0A%20%20%7D%29%3B%0A%20%20const%20createSlideShadows%20%3D%20%28slideEl%2C%20progress%29%3D%3E%7B%0A%20%20let%20shadowBefore%20%3D%20swiper.isHorizontal%28%29%20%3F%20slideEl.querySelector%28%27.swiper-slide-shadow-left%27%29%20%3A%20slideEl.querySelector%28%27.swiper-slide-shadow-top%27%29%3B%0A%20%20let%20shadowAfter%20%3D%20swiper.isHorizontal%28%29%20%3F%20slideEl.querySelector%28%27.swiper-slide-shadow-right%27%29%20%3A%20slideEl.querySelector%28%27.swiper-slide-shadow-bottom%27%29%3B%0A%20%20if%20%28%21shadowBefore%29%20%7B%0A%20%20shadowBefore%20%3D%20createShadow%28%27flip%27%2C%20slideEl%2C%20swiper.isHorizontal%28%29%20%3F%20%27left%27%20%3A%20%27top%27%29%3B%0A%20%20%7D%0A%20%20if%20%28%21shadowAfter%29%20%7B%0A%20%20shadowAfter%20%3D%20createShadow%28%27flip%27%2C%20slideEl%2C%20swiper.isHorizontal%28%29%20%3F%20%27right%27%20%3A%20%27bottom%27%29%3B%0A%20%20%7D%0A%20%20if%20%28shadowBefore%29%20shadowBefore.style.opacity%20%3D%20Math.max%28-progress%2C%200%29%3B%0A%20%20if%20%28shadowAfter%29%20shadowAfter.style.opacity%20%3D%20Math.max%28progress%2C%200%29%3B%0A%20%20%7D%3B%0A%20%20const%20recreateShadows%20%3D%20%28%29%3D%3E%7B%0A%20%20%2F%2F%20Set%20shadows%0A%20%20swiper.params.flipEffect%3B%0A%20%20swiper.slides.forEach%28%28slideEl%29%3D%3E%7B%0A%20%20let%20progress%20%3D%20slideEl.progress%3B%0A%20%20if%20%28swiper.params.flipEffect.limitRotation%29%20%7B%0A%20%20progress%20%3D%20Math.max%28Math.min%28slideEl.progress%2C%201%29%2C%20-1%29%3B%0A%20%20%7D%0A%20%20createSlideShadows%28slideEl%2C%20progress%29%3B%0A%20%20%7D%29%3B%0A%20%20%7D%3B%0A%20%20const%20setTranslate%20%3D%20%28%29%3D%3E%7B%0A%20%20const%20%7B%20slides%2C%20rtlTranslate%3A%20rtl%20%7D%20%3D%20swiper%3B%0A%20%20const%20params%20%3D%20swiper.params.flipEffect%3B%0A%20%20const%20rotateFix%20%3D%20getRotateFix%28swiper%29%3B%0A%20%20for%28let%20i%20%3D%200%3B%20i%20%3C%20slides.length%3B%20i%20%2B%3D%201%29%7B%0A%20%20const%20slideEl%20%3D%20slides%5Bi%5D%3B%0A%20%20let%20progress%20%3D%20slideEl.progress%3B%0A%20%20if%20%28swiper.params.flipEffect.limitRotation%29%20%7B%0A%20%20progress%20%3D%20Math.max%28Math.min%28slideEl.progress%2C%201%29%2C%20-1%29%3B%0A%20%20%7D%0A%20%20const%20offset%20%3D%20slideEl.swiperSlideOffset%3B%0A%20%20const%20rotate%20%3D%20-180%20%2A%20progress%3B%0A%20%20let%20rotateY%20%3D%20rotate%3B%0A%20%20let%20rotateX%20%3D%200%3B%0A%20%20let%20tx%20%3D%20swiper.params.cssMode%20%3F%20-offset%20-%20swiper.translate%20%3A%20-offset%3B%0A%20%20let%20ty%20%3D%200%3B%0A%20%20if%20%28%21swiper.isHorizontal%28%29%29%20%7B%0A%20%20ty%20%3D%20tx%3B%0A%20%20tx%20%3D%200%3B%0A%20%20rotateX%20%3D%20-rotateY%3B%0A%20%20rotateY%20%3D%200%3B%0A%20%20%7D%20else%20if%20%28rtl%29%20%7B%0A%20%20rotateY%20%3D%20-rotateY%3B%0A%20%20%7D%0A%20%20slideEl.style.zIndex%20%3D%20-Math.abs%28Math.round%28progress%29%29%20%2B%20slides.length%3B%0A%20%20if%20%28params.slideShadows%29%20%7B%0A%20%20createSlideShadows%28slideEl%2C%20progress%29%3B%0A%20%20%7D%0A%20%20const%20transform%20%3D%20%60translate3d%28%24%7Btx%7Dpx%2C%20%24%7Bty%7Dpx%2C%200px%29%20rotateX%28%24%7BrotateFix%28rotateX%29%7Ddeg%29%20rotateY%28%24%7BrotateFix%28rotateY%29%7Ddeg%29%60%3B%0A%20%20const%20targetEl%20%3D%20effectTarget%28params%2C%20slideEl%29%3B%0A%20%20targetEl.style.transform%20%3D%20transform%3B%0A%20%20%7D%0A%20%20%7D%3B%0A%20%20const%20setTransition%20%3D%20%28duration%29%3D%3E%7B%0A%20%20const%20transformElements%20%3D%20swiper.slides.map%28%28slideEl%29%3D%3EgetSlideTransformEl%28slideEl%29%29%3B%0A%20%20transformElements.forEach%28%28el%29%3D%3E%7B%0A%20%20el.style.transitionDuration%20%3D%20%60%24%7Bduration%7Dms%60%3B%0A%20%20el.querySelectorAll%28%27.swiper-slide-shadow-top%2C%20.swiper-slide-shadow-right%2C%20.swiper-slide-shadow-bottom%2C%20.swiper-slide-shadow-left%27%29.forEach%28%28shadowEl%29%3D%3E%7B%0A%20%20shadowEl.style.transitionDuration%20%3D%20%60%24%7Bduration%7Dms%60%3B%0A%20%20%7D%29%3B%0A%20%20%7D%29%3B%0A%20%20effectVirtualTransitionEnd%28%7B%0A%20%20swiper%2C%0A%20%20duration%2C%0A%20%20transformElements%0A%20%20%7D%29%3B%0A%20%20%7D%3B%0A%20%20effectInit%28%7B%0A%20%20effect%3A%20%27flip%27%2C%0A%20%20swiper%2C%0A%20%20on%2C%0A%20%20setTranslate%2C%0A%20%20setTransition%2C%0A%20%20recreateShadows%2C%0A%20%20getEffectParams%3A%20%28%29%3D%3Eswiper.params.flipEffect%2C%0A%20%20perspective%3A%20%28%29%3D%3Etrue%2C%0A%20%20overwriteParams%3A%20%28%29%3D%3E%28%7B%0A%20%20slidesPerView%3A%201%2C%0A%20%20slidesPerGroup%3A%201%2C%0A%20%20watchSlidesProgress%3A%20true%2C%0A%20%20spaceBetween%3A%200%2C%0A%20%20virtualTranslate%3A%20%21swiper.params.cssMode%0A%20%20%7D%29%0A%20%20%7D%29%3B%0A%20%20%7D%0A%20%20%3B%0A%20%20%3B%0A%20%20%3B%0A%20%20%3B%0A%20%20%3B%0A%20%20function%20EffectCoverflow%28%7B%20swiper%2C%20extendParams%2C%20on%20%7D%29%20%7B%0A%20%20extendParams%28%7B%0A%20%20coverflowEffect%3A%20%7B%0A%20%20rotate%3A%2050%2C%0A%20%20stretch%3A%200%2C%0A%20%20depth%3A%20100%2C%0A%20%20scale%3A%201%2C%0A%20%20modifier%3A%201%2C%0A%20%20slideShadows%3A%20true%0A%20%20%7D%0A%20%20%7D%29%3B%0A%20%20const%20setTranslate%20%3D%20%28%29%3D%3E%7B%0A%20%20const%20%7B%20width%3A%20swiperWidth%2C%20height%3A%20swiperHeight%2C%20slides%2C%20slidesSizesGrid%20%7D%20%3D%20swiper%3B%0A%20%20const%20params%20%3D%20swiper.params.coverflowEffect%3B%0A%20%20const%20isHorizontal%20%3D%20swiper.isHorizontal%28%29%3B%0A%20%20const%20transform%20%3D%20swiper.translate%3B%0A%20%20const%20center%20%3D%20isHorizontal%20%3F%20-transform%20%2B%20swiperWidth%20%2F%202%20%3A%20-transform%20%2B%20swiperHeight%20%2F%202%3B%0A%20%20const%20rotate%20%3D%20isHorizontal%20%3F%20params.rotate%20%3A%20-params.rotate%3B%0A%20%20const%20translate%20%3D%20params.depth%3B%0A%20%20const%20r%20%3D%20getRotateFix%28swiper%29%3B%0A%20%20%2F%2F%20Each%20slide%20offset%20from%20center%0A%20%20for%28let%20i%20%3D%200%2C%20length%20%3D%20slides.length%3B%20i%20%3C%20length%3B%20i%20%2B%3D%201%29%7B%0A%20%20const%20slideEl%20%3D%20slides%5Bi%5D%3B%0A%20%20const%20slideSize%20%3D%20slidesSizesGrid%5Bi%5D%3B%0A%20%20const%20slideOffset%20%3D%20slideEl.swiperSlideOffset%3B%0A%20%20const%20centerOffset%20%3D%20%28center%20-%20slideOffset%20-%20slideSize%20%2F%202%29%20%2F%20slideSize%3B%0A%20%20const%20offsetMultiplier%20%3D%20typeof%20params.modifier%20%3D%3D%3D%20%27function%27%20%3F%20params.modifier%28centerOffset%29%20%3A%20centerOffset%20%2A%20params.modifier%3B%0A%20%20let%20rotateY%20%3D%20isHorizontal%20%3F%20rotate%20%2A%20offsetMultiplier%20%3A%200%3B%0A%20%20let%20rotateX%20%3D%20isHorizontal%20%3F%200%20%3A%20rotate%20%2A%20offsetMultiplier%3B%0A%20%20%2F%2F%20var%20rotateZ%20%3D%200%0A%20%20let%20translateZ%20%3D%20-translate%20%2A%20Math.abs%28offsetMultiplier%29%3B%0A%20%20let%20stretch%20%3D%20params.stretch%3B%0A%20%20%2F%2F%20Allow%20percentage%20to%20make%20a%20relative%20stretch%20for%20responsive%20sliders%0A%20%20if%20%28typeof%20stretch%20%3D%3D%3D%20%27string%27%20%26%26%20stretch.indexOf%28%27%25%27%29%20%21%3D%3D%20-1%29%20%7B%0A%20%20stretch%20%3D%20parseFloat%28params.stretch%29%20%2F%20100%20%2A%20slideSize%3B%0A%20%20%7D%0A%20%20let%20translateY%20%3D%20isHorizontal%20%3F%200%20%3A%20stretch%20%2A%20offsetMultiplier%3B%0A%20%20let%20translateX%20%3D%20isHorizontal%20%3F%20stretch%20%2A%20offsetMultiplier%20%3A%200%3B%0A%20%20let%20scale%20%3D%201%20-%20%281%20-%20params.scale%29%20%2A%20Math.abs%28offsetMultiplier%29%3B%0A%20%20%2F%2F%20Fix%20for%20ultra%20small%20values%0A%20%20if%20%28Math.abs%28translateX%29%20%3C%200.001%29%20translateX%20%3D%200%3B%0A%20%20if%20%28Math.abs%28translateY%29%20%3C%200.001%29%20translateY%20%3D%200%3B%0A%20%20if%20%28Math.abs%28translateZ%29%20%3C%200.001%29%20translateZ%20%3D%200%3B%0A%20%20if%20%28Math.abs%28rotateY%29%20%3C%200.001%29%20rotateY%20%3D%200%3B%0A%20%20if%20%28Math.abs%28rotateX%29%20%3C%200.001%29%20rotateX%20%3D%200%3B%0A%20%20if%20%28Math.abs%28scale%29%20%3C%200.001%29%20scale%20%3D%200%3B%0A%20%20const%20slideTransform%20%3D%20%60translate3d%28%24%7BtranslateX%7Dpx%2C%24%7BtranslateY%7Dpx%2C%24%7BtranslateZ%7Dpx%29%20%20rotateX%28%24%7Br%28rotateX%29%7Ddeg%29%20rotateY%28%24%7Br%28rotateY%29%7Ddeg%29%20scale%28%24%7Bscale%7D%29%60%3B%0A%20%20const%20targetEl%20%3D%20effectTarget%28params%2C%20slideEl%29%3B%0A%20%20targetEl.style.transform%20%3D%20slideTransform%3B%0A%20%20slideEl.style.zIndex%20%3D%20-Math.abs%28Math.round%28offsetMultiplier%29%29%20%2B%201%3B%0A%20%20if%20%28params.slideShadows%29%20%7B%0A%20%20%2F%2F%20Set%20shadows%0A%20%20let%20shadowBeforeEl%20%3D%20isHorizontal%20%3F%20slideEl.querySelector%28%27.swiper-slide-shadow-left%27%29%20%3A%20slideEl.querySelector%28%27.swiper-slide-shadow-top%27%29%3B%0A%20%20let%20shadowAfterEl%20%3D%20isHorizontal%20%3F%20slideEl.querySelector%28%27.swiper-slide-shadow-right%27%29%20%3A%20slideEl.querySelector%28%27.swiper-slide-shadow-bottom%27%29%3B%0A%20%20if%20%28%21shadowBeforeEl%29%20%7B%0A%20%20shadowBeforeEl%20%3D%20createShadow%28%27coverflow%27%2C%20slideEl%2C%20isHorizontal%20%3F%20%27left%27%20%3A%20%27top%27%29%3B%0A%20%20%7D%0A%20%20if%20%28%21shadowAfterEl%29%20%7B%0A%20%20shadowAfterEl%20%3D%20createShadow%28%27coverflow%27%2C%20slideEl%2C%20isHorizontal%20%3F%20%27right%27%20%3A%20%27bottom%27%29%3B%0A%20%20%7D%0A%20%20if%20%28shadowBeforeEl%29%20shadowBeforeEl.style.opacity%20%3D%20offsetMultiplier%20%3E%200%20%3F%20offsetMultiplier%20%3A%200%3B%0A%20%20if%20%28shadowAfterEl%29%20shadowAfterEl.style.opacity%20%3D%20-offsetMultiplier%20%3E%200%20%3F%20-offsetMultiplier%20%3A%200%3B%0A%20%20%7D%0A%20%20%7D%0A%20%20%7D%3B%0A%20%20const%20setTransition%20%3D%20%28duration%29%3D%3E%7B%0A%20%20const%20transformElements%20%3D%20swiper.slides.map%28%28slideEl%29%3D%3EgetSlideTransformEl%28slideEl%29%29%3B%0A%20%20transformElements.forEach%28%28el%29%3D%3E%7B%0A%20%20el.style.transitionDuration%20%3D%20%60%24%7Bduration%7Dms%60%3B%0A%20%20el.querySelectorAll%28%27.swiper-slide-shadow-top%2C%20.swiper-slide-shadow-right%2C%20.swiper-slide-shadow-bottom%2C%20.swiper-slide-shadow-left%27%29.forEach%28%28shadowEl%29%3D%3E%7B%0A%20%20shadowEl.style.transitionDuration%20%3D%20%60%24%7Bduration%7Dms%60%3B%0A%20%20%7D%29%3B%0A%20%20%7D%29%3B%0A%20%20%7D%3B%0A%20%20effectInit%28%7B%0A%20%20effect%3A%20%27coverflow%27%2C%0A%20%20swiper%2C%0A%20%20on%2C%0A%20%20setTranslate%2C%0A%20%20setTransition%2C%0A%20%20perspective%3A%20%28%29%3D%3Etrue%2C%0A%20%20overwriteParams%3A%20%28%29%3D%3E%28%7B%0A%20%20watchSlidesProgress%3A%20true%0A%20%20%7D%29%0A%20%20%7D%29%3B%0A%20%20%7D%0A%20%20%3B%0A%20%20%3B%0A%20%20%3B%0A%20%20%3B%0A%20%20%3B%0A%20%20%3B%0A%20%20function%20EffectCreative%28%7B%20swiper%2C%20extendParams%2C%20on%20%7D%29%20%7B%0A%20%20extendParams%28%7B%0A%20%20creativeEffect%3A%20%7B%0A%20%20limitProgress%3A%201%2C%0A%20%20shadowPerProgress%3A%20false%2C%0A%20%20progressMultiplier%3A%201%2C%0A%20%20perspective%3A%20true%2C%0A%20%20prev%3A%20%7B%0A%20%20translate%3A%20%5B%0A%20%200%2C%0A%20%200%2C%0A%20%200%0A%20%20%5D%2C%0A%20%20rotate%3A%20%5B%0A%20%200%2C%0A%20%200%2C%0A%20%200%0A%20%20%5D%2C%0A%20%20opacity%3A%201%2C%0A%20%20scale%3A%201%0A%20%20%7D%2C%0A%20%20next%3A%20%7B%0A%20%20translate%3A%20%5B%0A%20%200%2C%0A%20%200%2C%0A%20%200%0A%20%20%5D%2C%0A%20%20rotate%3A%20%5B%0A%20%200%2C%0A%20%200%2C%0A%20%200%0A%20%20%5D%2C%0A%20%20opacity%3A%201%2C%0A%20%20scale%3A%201%0A%20%20%7D%0A%20%20%7D%0A%20%20%7D%29%3B%0A%20%20const%20getTranslateValue%20%3D%20%28value%29%3D%3E%7B%0A%20%20if%20%28typeof%20value%20%3D%3D%3D%20%27string%27%29%20return%20value%3B%0A%20%20return%20%60%24%7Bvalue%7Dpx%60%3B%0A%20%20%7D%3B%0A%20%20const%20setTranslate%20%3D%20%28%29%3D%3E%7B%0A%20%20const%20%7B%20slides%2C%20wrapperEl%2C%20slidesSizesGrid%20%7D%20%3D%20swiper%3B%0A%20%20const%20params%20%3D%20swiper.params.creativeEffect%3B%0A%20%20const%20%7B%20progressMultiplier%3A%20multiplier%20%7D%20%3D%20params%3B%0A%20%20const%20isCenteredSlides%20%3D%20swiper.params.centeredSlides%3B%0A%20%20const%20rotateFix%20%3D%20getRotateFix%28swiper%29%3B%0A%20%20if%20%28isCenteredSlides%29%20%7B%0A%20%20const%20margin%20%3D%20slidesSizesGrid%5B0%5D%20%2F%202%20-%20swiper.params.slidesOffsetBefore%20%7C%7C%200%3B%0A%20%20wrapperEl.style.transform%20%3D%20%60translateX%28calc%2850%25%20-%20%24%7Bmargin%7Dpx%29%29%60%3B%0A%20%20%7D%0A%20%20for%28let%20i%20%3D%200%3B%20i%20%3C%20slides.length%3B%20i%20%2B%3D%201%29%7B%0A%20%20const%20slideEl%20%3D%20slides%5Bi%5D%3B%0A%20%20const%20slideProgress%20%3D%20slideEl.progress%3B%0A%20%20const%20progress%20%3D%20Math.min%28Math.max%28slideEl.progress%2C%20-params.limitProgress%29%2C%20params.limitProgress%29%3B%0A%20%20let%20originalProgress%20%3D%20progress%3B%0A%20%20if%20%28%21isCenteredSlides%29%20%7B%0A%20%20originalProgress%20%3D%20Math.min%28Math.max%28slideEl.originalProgress%2C%20-params.limitProgress%29%2C%20params.limitProgress%29%3B%0A%20%20%7D%0A%20%20const%20offset%20%3D%20slideEl.swiperSlideOffset%3B%0A%20%20const%20t%20%3D%20%5B%0A%20%20swiper.params.cssMode%20%3F%20-offset%20-%20swiper.translate%20%3A%20-offset%2C%0A%20%200%2C%0A%20%200%0A%20%20%5D%3B%0A%20%20const%20r%20%3D%20%5B%0A%20%200%2C%0A%20%200%2C%0A%20%200%0A%20%20%5D%3B%0A%20%20let%20custom%20%3D%20false%3B%0A%20%20if%20%28%21swiper.isHorizontal%28%29%29%20%7B%0A%20%20t%5B1%5D%20%3D%20t%5B0%5D%3B%0A%20%20t%5B0%5D%20%3D%200%3B%0A%20%20%7D%0A%20%20let%20data%20%3D%20%7B%0A%20%20translate%3A%20%5B%0A%20%200%2C%0A%20%200%2C%0A%20%200%0A%20%20%5D%2C%0A%20%20rotate%3A%20%5B%0A%20%200%2C%0A%20%200%2C%0A%20%200%0A%20%20%5D%2C%0A%20%20scale%3A%201%2C%0A%20%20opacity%3A%201%0A%20%20%7D%3B%0A%20%20if%20%28progress%20%3C%200%29%20%7B%0A%20%20data%20%3D%20params.next%3B%0A%20%20custom%20%3D%20true%3B%0A%20%20%7D%20else%20if%20%28progress%20%3E%200%29%20%7B%0A%20%20data%20%3D%20params.prev%3B%0A%20%20custom%20%3D%20true%3B%0A%20%20%7D%0A%20%20%2F%2F%20set%20translate%0A%20%20t.forEach%28%28value%2C%20index%29%3D%3E%7B%0A%20%20t%5Bindex%5D%20%3D%20%60calc%28%24%7Bvalue%7Dpx%20%2B%20%28%24%7BgetTranslateValue%28data.translate%5Bindex%5D%29%7D%20%2A%20%24%7BMath.abs%28progress%20%2A%20multiplier%29%7D%29%29%60%3B%0A%20%20%7D%29%3B%0A%20%20%2F%2F%20set%20rotates%0A%20%20r.forEach%28%28value%2C%20index%29%3D%3E%7B%0A%20%20let%20val%20%3D%20data.rotate%5Bindex%5D%20%2A%20Math.abs%28progress%20%2A%20multiplier%29%3B%0A%20%20r%5Bindex%5D%20%3D%20val%3B%0A%20%20%7D%29%3B%0A%20%20slideEl.style.zIndex%20%3D%20-Math.abs%28Math.round%28slideProgress%29%29%20%2B%20slides.length%3B%0A%20%20const%20translateString%20%3D%20t.join%28%27%2C%20%27%29%3B%0A%20%20const%20rotateString%20%3D%20%60rotateX%28%24%7BrotateFix%28r%5B0%5D%29%7Ddeg%29%20rotateY%28%24%7BrotateFix%28r%5B1%5D%29%7Ddeg%29%20rotateZ%28%24%7BrotateFix%28r%5B2%5D%29%7Ddeg%29%60%3B%0A%20%20const%20scaleString%20%3D%20originalProgress%20%3C%200%20%3F%20%60scale%28%24%7B1%20%2B%20%281%20-%20data.scale%29%20%2A%20originalProgress%20%2A%20multiplier%7D%29%60%20%3A%20%60scale%28%24%7B1%20-%20%281%20-%20data.scale%29%20%2A%20originalProgress%20%2A%20multiplier%7D%29%60%3B%0A%20%20const%20opacityString%20%3D%20originalProgress%20%3C%200%20%3F%201%20%2B%20%281%20-%20data.opacity%29%20%2A%20originalProgress%20%2A%20multiplier%20%3A%201%20-%20%281%20-%20data.opacity%29%20%2A%20originalProgress%20%2A%20multiplier%3B%0A%20%20const%20transform%20%3D%20%60translate3d%28%24%7BtranslateString%7D%29%20%24%7BrotateString%7D%20%24%7BscaleString%7D%60%3B%0A%20%20%2F%2F%20Set%20shadows%0A%20%20if%20%28custom%20%26%26%20data.shadow%20%7C%7C%20%21custom%29%20%7B%0A%20%20let%20shadowEl%20%3D%20slideEl.querySelector%28%27.swiper-slide-shadow%27%29%3B%0A%20%20if%20%28%21shadowEl%20%26%26%20data.shadow%29%20%7B%0A%20%20shadowEl%20%3D%20createShadow%28%27creative%27%2C%20slideEl%29%3B%0A%20%20%7D%0A%20%20if%20%28shadowEl%29%20%7B%0A%20%20const%20shadowOpacity%20%3D%20params.shadowPerProgress%20%3F%20progress%20%2A%20%281%20%2F%20params.limitProgress%29%20%3A%20progress%3B%0A%20%20shadowEl.style.opacity%20%3D%20Math.min%28Math.max%28Math.abs%28shadowOpacity%29%2C%200%29%2C%201%29%3B%0A%20%20%7D%0A%20%20%7D%0A%20%20const%20targetEl%20%3D%20effectTarget%28params%2C%20slideEl%29%3B%0A%20%20targetEl.style.transform%20%3D%20transform%3B%0A%20%20targetEl.style.opacity%20%3D%20opacityString%3B%0A%20%20if%20%28data.origin%29%20%7B%0A%20%20targetEl.style.transformOrigin%20%3D%20data.origin%3B%0A%20%20%7D%0A%20%20%7D%0A%20%20%7D%3B%0A%20%20const%20setTransition%20%3D%20%28duration%29%3D%3E%7B%0A%20%20const%20transformElements%20%3D%20swiper.slides.map%28%28slideEl%29%3D%3EgetSlideTransformEl%28slideEl%29%29%3B%0A%20%20transformElements.forEach%28%28el%29%3D%3E%7B%0A%20%20el.style.transitionDuration%20%3D%20%60%24%7Bduration%7Dms%60%3B%0A%20%20el.querySelectorAll%28%27.swiper-slide-shadow%27%29.forEach%28%28shadowEl%29%3D%3E%7B%0A%20%20shadowEl.style.transitionDuration%20%3D%20%60%24%7Bduration%7Dms%60%3B%0A%20%20%7D%29%3B%0A%20%20%7D%29%3B%0A%20%20effectVirtualTransitionEnd%28%7B%0A%20%20swiper%2C%0A%20%20duration%2C%0A%20%20transformElements%2C%0A%20%20allSlides%3A%20true%0A%20%20%7D%29%3B%0A%20%20%7D%3B%0A%20%20effectInit%28%7B%0A%20%20effect%3A%20%27creative%27%2C%0A%20%20swiper%2C%0A%20%20on%2C%0A%20%20setTranslate%2C%0A%20%20setTransition%2C%0A%20%20perspective%3A%20%28%29%3D%3Eswiper.params.creativeEffect.perspective%2C%0A%20%20overwriteParams%3A%20%28%29%3D%3E%28%7B%0A%20%20watchSlidesProgress%3A%20true%2C%0A%20%20virtualTranslate%3A%20%21swiper.params.cssMode%0A%20%20%7D%29%0A%20%20%7D%29%3B%0A%20%20%7D%0A%20%20%3B%0A%20%20%3B%0A%20%20%3B%0A%20%20%3B%0A%20%20%3B%0A%20%20%3B%0A%20%20function%20EffectCards%28%7B%20swiper%2C%20extendParams%2C%20on%20%7D%29%20%7B%0A%20%20extendParams%28%7B%0A%20%20cardsEffect%3A%20%7B%0A%20%20slideShadows%3A%20true%2C%0A%20%20rotate%3A%20true%2C%0A%20%20perSlideRotate%3A%202%2C%0A%20%20perSlideOffset%3A%208%0A%20%20%7D%0A%20%20%7D%29%3B%0A%20%20const%20setTranslate%20%3D%20%28%29%3D%3E%7B%0A%20%20const%20%7B%20slides%2C%20activeIndex%2C%20rtlTranslate%3A%20rtl%20%7D%20%3D%20swiper%3B%0A%20%20const%20params%20%3D%20swiper.params.cardsEffect%3B%0A%20%20const%20%7B%20startTranslate%2C%20isTouched%20%7D%20%3D%20swiper.touchEventsData%3B%0A%20%20const%20currentTranslate%20%3D%20rtl%20%3F%20-swiper.translate%20%3A%20swiper.translate%3B%0A%20%20for%28let%20i%20%3D%200%3B%20i%20%3C%20slides.length%3B%20i%20%2B%3D%201%29%7B%0A%20%20const%20slideEl%20%3D%20slides%5Bi%5D%3B%0A%20%20const%20slideProgress%20%3D%20slideEl.progress%3B%0A%20%20const%20progress%20%3D%20Math.min%28Math.max%28slideProgress%2C%20-4%29%2C%204%29%3B%0A%20%20let%20offset%20%3D%20slideEl.swiperSlideOffset%3B%0A%20%20if%20%28swiper.params.centeredSlides%20%26%26%20%21swiper.params.cssMode%29%20%7B%0A%20%20swiper.wrapperEl.style.transform%20%3D%20%60translateX%28%24%7Bswiper.minTranslate%28%29%7Dpx%29%60%3B%0A%20%20%7D%0A%20%20if%20%28swiper.params.centeredSlides%20%26%26%20swiper.params.cssMode%29%20%7B%0A%20%20offset%20-%3D%20slides%5B0%5D.swiperSlideOffset%3B%0A%20%20%7D%0A%20%20let%20tX%20%3D%20swiper.params.cssMode%20%3F%20-offset%20-%20swiper.translate%20%3A%20-offset%3B%0A%20%20let%20tY%20%3D%200%3B%0A%20%20const%20tZ%20%3D%20-100%20%2A%20Math.abs%28progress%29%3B%0A%20%20let%20scale%20%3D%201%3B%0A%20%20let%20rotate%20%3D%20-params.perSlideRotate%20%2A%20progress%3B%0A%20%20let%20tXAdd%20%3D%20params.perSlideOffset%20-%20Math.abs%28progress%29%20%2A%200.75%3B%0A%20%20const%20slideIndex%20%3D%20swiper.virtual%20%26%26%20swiper.params.virtual.enabled%20%3F%20swiper.virtual.from%20%2B%20i%20%3A%20i%3B%0A%20%20const%20isSwipeToNext%20%3D%20%28slideIndex%20%3D%3D%3D%20activeIndex%20%7C%7C%20slideIndex%20%3D%3D%3D%20activeIndex%20-%201%29%20%26%26%20progress%20%3E%200%20%26%26%20progress%20%3C%201%20%26%26%20%28isTouched%20%7C%7C%20swiper.params.cssMode%29%20%26%26%20currentTranslate%20%3C%20startTranslate%3B%0A%20%20const%20isSwipeToPrev%20%3D%20%28slideIndex%20%3D%3D%3D%20activeIndex%20%7C%7C%20slideIndex%20%3D%3D%3D%20activeIndex%20%2B%201%29%20%26%26%20progress%20%3C%200%20%26%26%20progress%20%3E%20-1%20%26%26%20%28isTouched%20%7C%7C%20swiper.params.cssMode%29%20%26%26%20currentTranslate%20%3E%20startTranslate%3B%0A%20%20if%20%28isSwipeToNext%20%7C%7C%20isSwipeToPrev%29%20%7B%0A%20%20const%20subProgress%20%3D%20%281%20-%20Math.abs%28%28Math.abs%28progress%29%20-%200.5%29%20%2F%200.5%29%29%20%2A%2A%200.5%3B%0A%20%20rotate%20%2B%3D%20-28%20%2A%20progress%20%2A%20subProgress%3B%0A%20%20scale%20%2B%3D%20-0.5%20%2A%20subProgress%3B%0A%20%20tXAdd%20%2B%3D%2096%20%2A%20subProgress%3B%0A%20%20tY%20%3D%20%60%24%7B%28params.rotate%20%7C%7C%20swiper.isHorizontal%28%29%20%3F%20-25%20%3A%200%29%20%2A%20subProgress%20%2A%20Math.abs%28progress%29%7D%25%60%3B%0A%20%20%7D%0A%20%20if%20%28progress%20%3C%200%29%20%7B%0A%20%20%2F%2F%20next%0A%20%20tX%20%3D%20%60calc%28%24%7BtX%7Dpx%20%24%7Brtl%20%3F%20%27-%27%20%3A%20%27%2B%27%7D%20%28%24%7BtXAdd%20%2A%20Math.abs%28progress%29%7D%25%29%29%60%3B%0A%20%20%7D%20else%20if%20%28progress%20%3E%200%29%20%7B%0A%20%20%2F%2F%20prev%0A%20%20tX%20%3D%20%60calc%28%24%7BtX%7Dpx%20%24%7Brtl%20%3F%20%27-%27%20%3A%20%27%2B%27%7D%20%28-%24%7BtXAdd%20%2A%20Math.abs%28progress%29%7D%25%29%29%60%3B%0A%20%20%7D%20else%20%7B%0A%20%20tX%20%3D%20%60%24%7BtX%7Dpx%60%3B%0A%20%20%7D%0A%20%20if%20%28%21swiper.isHorizontal%28%29%29%20%7B%0A%20%20const%20prevY%20%3D%20tY%3B%0A%20%20tY%20%3D%20tX%3B%0A%20%20tX%20%3D%20prevY%3B%0A%20%20%7D%0A%20%20const%20scaleString%20%3D%20progress%20%3C%200%20%3F%20%60%24%7B1%20%2B%20%281%20-%20scale%29%20%2A%20progress%7D%60%20%3A%20%60%24%7B1%20-%20%281%20-%20scale%29%20%2A%20progress%7D%60%3B%0A%20%20%2F%2A%20eslint-disable%20%2A%2F%20const%20transform%20%3D%20%60%0A%20%20%20%20%20%20%20%20%20%20translate3d%28%24%7BtX%7D%2C%20%24%7BtY%7D%2C%20%24%7BtZ%7Dpx%29%0A%20%20%20%20%20%20%20%20%20%20rotateZ%28%24%7Bparams.rotate%20%3F%20rtl%20%3F%20-rotate%20%3A%20rotate%20%3A%200%7Ddeg%29%0A%20%20%20%20%20%20%20%20%20%20scale%28%24%7BscaleString%7D%29%0A%20%20%20%20%20%20%20%20%60%3B%0A%20%20%2F%2A%20eslint-enable%20%2A%2F%20if%20%28params.slideShadows%29%20%7B%0A%20%20%2F%2F%20Set%20shadows%0A%20%20let%20shadowEl%20%3D%20slideEl.querySelector%28%27.swiper-slide-shadow%27%29%3B%0A%20%20if%20%28%21shadowEl%29%20%7B%0A%20%20shadowEl%20%3D%20createShadow%28%27cards%27%2C%20slideEl%29%3B%0A%20%20%7D%0A%20%20if%20%28shadowEl%29%20shadowEl.style.opacity%20%3D%20Math.min%28Math.max%28%28Math.abs%28progress%29%20-%200.5%29%20%2F%200.5%2C%200%29%2C%201%29%3B%0A%20%20%7D%0A%20%20slideEl.style.zIndex%20%3D%20-Math.abs%28Math.round%28slideProgress%29%29%20%2B%20slides.length%3B%0A%20%20const%20targetEl%20%3D%20effectTarget%28params%2C%20slideEl%29%3B%0A%20%20targetEl.style.transform%20%3D%20transform%3B%0A%20%20%7D%0A%20%20%7D%3B%0A%20%20const%20setTransition%20%3D%20%28duration%29%3D%3E%7B%0A%20%20const%20transformElements%20%3D%20swiper.slides.map%28%28slideEl%29%3D%3EgetSlideTransformEl%28slideEl%29%29%3B%0A%20%20transformElements.forEach%28%28el%29%3D%3E%7B%0A%20%20el.style.transitionDuration%20%3D%20%60%24%7Bduration%7Dms%60%3B%0A%20%20el.querySelectorAll%28%27.swiper-slide-shadow%27%29.forEach%28%28shadowEl%29%3D%3E%7B%0A%20%20shadowEl.style.transitionDuration%20%3D%20%60%24%7Bduration%7Dms%60%3B%0A%20%20%7D%29%3B%0A%20%20%7D%29%3B%0A%20%20effectVirtualTransitionEnd%28%7B%0A%20%20swiper%2C%0A%20%20duration%2C%0A%20%20transformElements%0A%20%20%7D%29%3B%0A%20%20%7D%3B%0A%20%20effectInit%28%7B%0A%20%20effect%3A%20%27cards%27%2C%0A%20%20swiper%2C%0A%20%20on%2C%0A%20%20setTranslate%2C%0A%20%20setTransition%2C%0A%20%20perspective%3A%20%28%29%3D%3Etrue%2C%0A%20%20overwriteParams%3A%20%28%29%3D%3E%28%7B%0A%20%20_loopSwapReset%3A%20false%2C%0A%20%20watchSlidesProgress%3A%20true%2C%0A%20%20loopAdditionalSlides%3A%20swiper.params.cardsEffect.rotate%20%3F%203%20%3A%202%2C%0A%20%20centeredSlides%3A%20true%2C%0A%20%20virtualTranslate%3A%20%21swiper.params.cssMode%0A%20%20%7D%29%0A%20%20%7D%29%3B%0A%20%20%7D%0A%20%20%3B%0A%20%20%3B%0A%20%20%3B%0A%20%20%3B%0A%20%20%3B%0A%20%20%3B%0A%20%20%3B%0A%20%20%3B%0A%20%20%3B%0A%20%20%3B%0A%20%20%3B%0A%20%20%3B%0A%20%20%3B%0A%20%20%3B%0A%20%20%3B%0A%20%20%3B%0A%20%20%3B%0A%20%20%3B%0A%20%20%3B%0A%20%20%3B%0A%20%20%3B%0A%20%20%3B%0A%20%20%3B%0A%20%20%3B%0A%20%20%3B%0A%20%20const%20__iconNode2%20%3D%20%5B%0A%20%20%5B%0A%20%20%22path%22%2C%0A%20%20%7B%0A%20%20d%3A%20%22M16%203a2%202%200%200%200-2%202v6a2%202%200%200%200%202%202%201%201%200%200%201%201%201v1a2%202%200%200%201-2%202%201%201%200%200%200-1%201v2a1%201%200%200%200%201%201%206%206%200%200%200%206-6V5a2%202%200%200%200-2-2z%22%2C%0A%20%20key%3A%20%22rib7q0%22%0A%20%20%7D%0A%20%20%5D%2C%0A%20%20%5B%0A%20%20%22path%22%2C%0A%20%20%7B%0A%20%20d%3A%20%22M5%203a2%202%200%200%200-2%202v6a2%202%200%200%200%202%202%201%201%200%200%201%201%201v1a2%202%200%200%201-2%202%201%201%200%200%200-1%201v2a1%201%200%200%200%201%201%206%206%200%200%200%206-6V5a2%202%200%200%200-2-2z%22%2C%0A%20%20key%3A%20%221ymkrd%22%0A%20%20%7D%0A%20%20%5D%0A%20%20%5D%3B%0A%20%20const%20Quote%20%3D%20createLucideIcon%28%22quote%22%2C%20__iconNode2%29%3B%0A%20%20%3B%0A%20%20%3B%0A%20%20const%20__iconNode3%20%3D%20%5B%0A%20%20%5B%0A%20%20%22path%22%2C%0A%20%20%7B%0A%20%20d%3A%20%22m15%2018-6-6%206-6%22%2C%0A%20%20key%3A%20%221wnfg3%22%0A%20%20%7D%0A%20%20%5D%0A%20%20%5D%3B%0A%20%20const%20ChevronLeft%20%3D%20createLucideIcon%28%22chevron-left%22%2C%20__iconNode3%29%3B%0A%20%20%3B%0A%20%20%3B%0A%20%20const%20__iconNode4%20%3D%20%5B%0A%20%20%5B%0A%20%20%22path%22%2C%0A%20%20%7B%0A%20%20d%3A%20%22m9%2018%206-6-6-6%22%2C%0A%20%20key%3A%20%22mthhwq%22%0A%20%20%7D%0A%20%20%5D%0A%20%20%5D%3B%0A%20%20const%20ChevronRight%20%3D%20createLucideIcon%28%22chevron-right%22%2C%20__iconNode4%29%3B%0A%20%20%3B%0A%20%20%22use%20client%22%3B%0A%20%20%3B%0A%20%20%3B%0A%20%20%3B%0A%20%20%3B%0A%20%20%3B%0A%20%20%3B%0A%20%20%3B%0A%20%20%3B%0A%20%20const%20testimonials%20%3D%20%5B%0A%20%20%7B%0A%20%20name%3A%20%22-Subash%20Achraya%22%2C%0A%20%20text%3A%20%22We%20got%20tickets%20from%20our%20friends%20because%20they%20didn%27t%20want%20to%20go.%20We%20didn%27t%20think%20it%20was%20going%20to%20be%20good%20but%20we%20went%20to%20try%20it%20out%20and%20I%20have%20to%20say%20it%20was%20one%20of%20the%20best%20magic%20show%20watched%20till%20date.%22%0A%20%20%7D%2C%0A%20%20%7B%0A%20%20name%3A%20%22-Emily%20Coff%22%2C%0A%20%20text%3A%20%22It%20was%20the%20best%20money%20I%27ve%20spent%20so%20far%20in%20Kathmandu%20in%20magic%20show%2C%20Absolutely%20hilarious%21%20And%20he%20is%20such%20a%20nice%20person%21%20Will%20definitely%20go%20see%20him%20again.%20Thank%20you%20for%20the%20amazing%20involvement.%22%0A%20%20%7D%2C%0A%20%20%7B%0A%20%20name%3A%20%22-Shristi%20Miya%22%2C%0A%20%20text%3A%20%22Great%20time%20at%20the%20show.%20Saman%20thank%20you%20for%20making%20my%20time%20with%20my%20friend%2C%20Magic%20was%20mind%20blowing%2C%20You%20all%20were%20great.%20Keep%20Loving%20Magic%20and%20keep%20rising.%22%0A%20%20%7D%2C%0A%20%20%7B%0A%20%20name%3A%20%22Emily%20Davis%22%2C%0A%20%20text%3A%20%22Professional%2C%20engaging%2C%20and%20incredibly%20talented.%22%0A%20%20%7D%0A%20%20%5D%3B%0A%20%20const%20Testimonials%20%3D%20%28%29%3D%3E%7B%0A%20%20return%20%2F%2A%23__PURE__%2A%2F%20%280%2C%20__TURBOPACK__imported__module__87924__4%5B%22jsxs%22%5D%29%28%22div%22%2C%20%7B%0A%20%20className%3A%20%22jsx-175b30b60cce2342%22%20%2B%20%22%20%22%20%2B%20%22relative%20w-full%20bg-black%20overflow-hidden%20font-sans%20text-white%22%2C%0A%20%20children%3A%20%5B%0A%20%20%2F%2A%23__PURE__%2A%2F%20%280%2C%20__TURBOPACK__imported__module__87924__4%5B%22jsx%22%5D%29%28__TURBOPACK__imported__module__31626__%5B%22default%22%5D%2C%20%7B%0A%20%20id%3A%20%22175b30b60cce2342%22%2C%0A%20%20children%3A%20%22.custom-pagination%20.swiper-pagination-bullet%7Bopacity%3A1%3Bbackground%3A%23ffffff4d%3Bborder-radius%3A999px%3Bwidth%3A10px%3Bheight%3A10px%3Btransition%3Aall%20.3s%3Bmargin%3A0%206px%21important%7D.custom-pagination%20.swiper-pagination-bullet-active%7Bbackground%3A%23f13333%3Bwidth%3A24px%3Bbox-shadow%3A0%200%2010px%20%23f13333%7D%40media%20%28width%3C%3D768px%29%7B.testimonial-prev%2C.testimonial-next%7Bdisplay%3Anone%7D%7D%22%0A%20%20%7D%29%2C%0A%20%20%2F%2A%23__PURE__%2A%2F%20%280%2C%20__TURBOPACK__imported__module__87924__4%5B%22jsx%22%5D%29%28%22div%22%2C%20%7B%0A%20%20style%3A%20%7B%0A%20%20background%3A%20%22radial-gradient%28circle%20at%20bottom%20left%2C%20rgba%28241%2C%2051%2C%2051%2C%200.6%29%200%25%2C%20rgba%287%2C7%2C7%2C0%29%2040%25%29%22%0A%20%20%7D%2C%0A%20%20className%3A%20%22jsx-175b30b60cce2342%22%20%2B%20%22%20%22%20%2B%20%22absolute%20bottom-0%20left-0%20w-%5B800px%5D%20h-%5B800px%5D%20pointer-events-none%22%0A%20%20%7D%29%2C%0A%20%20%2F%2A%23__PURE__%2A%2F%20%280%2C%20__TURBOPACK__imported__module__87924__4%5B%22jsxs%22%5D%29%28%22div%22%2C%20%7B%0A%20%20className%3A%20%22jsx-175b30b60cce2342%22%20%2B%20%22%20%22%20%2B%20%27relative%20max-w-%5B1440px%5D%20mx-auto%20px-%5B20px%5D%20md%3Apx-%5B80px%5D%20py-%5B50px%5D%20md%3Apy-%5B100px%5D%20flex%20flex-col%20gap-%5B50px%5D%20z-10%27%2C%0A%20%20children%3A%20%5B%0A%20%20%2F%2A%23__PURE__%2A%2F%20%280%2C%20__TURBOPACK__imported__module__87924__4%5B%22jsxs%22%5D%29%28%22div%22%2C%20%7B%0A%20%20className%3A%20%22jsx-175b30b60cce2342%22%20%2B%20%22%20%22%20%2B%20%22flex%20flex-col%20items-center%20text-center%20px-4%22%2C%0A%20%20children%3A%20%5B%0A%20%20%2F%2A%23__PURE__%2A%2F%20%280%2C%20__TURBOPACK__imported__module__87924__4%5B%22jsx%22%5D%29%28%22h1%22%2C%20%7B%0A%20%20className%3A%20%22jsx-175b30b60cce2342%22%20%2B%20%22%20%22%20%2B%20%22%0A%20%20%20%20%20%20%20%20%20%20%20%20%20%20%20%20%20%20%20%20%20%20%20%20%20%20%20%20%20%20big-shoulders%0A%20%20%20%20%20%20%20%20%20%20%20%20%20%20%20%20%20%20%20%20%20%20%20%20%20%20%20%20%20%20text-%5B%23F0EBE6%5D%0A%20%20%20%20%20%20%20%20%20%20%20%20%20%20%20%20%20%20%20%20%20%20%20%20%20%20%20%20%20%20font-bold%0A%20%20%20%20%20%20%20%20%20%20%20%20%20%20%20%20%20%20%20%20%20%20%20%20%20%20%20%20%20%20mb-4%20sm%3Amb-5%20md%3Amb-6%0A%20%20%20%20%20%20%20%20%20%20%20%20%20%20%20%20%20%20%20%20%20%20%20%20%20%20%20%20%20%20leading-tight%0A%20%20%20%20%20%20%20%20%20%20%20%20%20%20%20%20%20%20%20%20%20%20%20%20%20%20%20%20%20%20tracking-%5B0.02em%5D%0A%20%20%0A%20%20%20%20%20%20%20%20%20%20%20%20%20%20%20%20%20%20%20%20%20%20%20%20%20%20%20%20%20%20text-%5B48px%5D%0A%20%20%20%20%20%20%20%20%20%20%20%20%20%20%20%20%20%20%20%20%20%20%20%20%20%20%20%20%20%20lg%3Atext-%5B64px%5D%0A%20%20%20%20%20%20%20%20%20%20%20%20%20%20%20%20%20%20%20%20%20%20%20%20%20%20%20%20%20%20xl%3Atext-%5B87px%5D%0A%20%20%20%20%20%20%20%20%20%20%20%20%20%20%20%20%20%20%20%20%20%20%20%20%20%20%20%20%20%20%22%2C%0A%20%20children%3A%20%22Testimonials%22%0A%20%20%7D%29%2C%0A%20%20%2F%2A%23__PURE__%2A%2F%20%280%2C%20__TURBOPACK__imported__module__87924__4%5B%22jsx%22%5D%29%28%22p%22%2C%20%7B%0A%20%20className%3A%20%22jsx-175b30b60cce2342%22%20%2B%20%22%20%22%20%2B%20%22mt-4%20max-w-md%20sm%3Amax-w-xl%20lg%3Amax-w-2xl%20text-sm%20sm%3Atext-base%20text-center%20opacity-80%22%2C%0A%20%20children%3A%20%22Audience%20and%20Client%20Testimonials%20That%20Showcase%20Real%20Experiences%20and%20the%20Value%20We%20Bring%20to%20Every%20Event%22%0A%20%20%7D%29%0A%20%20%5D%0A%20%20%7D%29%2C%0A%20%20%2F%2A%23__PURE__%2A%2F%20%280%2C%20__TURBOPACK__imported__module__87924__4%5B%22jsxs%22%5D%29%28%22div%22%2C%20%7B%0A%20%20className%3A%20%22jsx-175b30b60cce2342%22%2C%0A%20%20children%3A%20%5B%0A%20%20%2F%2A%23__PURE__%2A%2F%20%280%2C%20__TURBOPACK__imported__module__87924__4%5B%22jsxs%22%5D%29%28%22div%22%2C%20%7B%0A%20%20className%3A%20%22jsx-175b30b60cce2342%22%20%2B%20%22%20%22%20%2B%20%22flex%20justify-end%20gap-3%20mb-5%22%2C%0A%20%20children%3A%20%5B%0A%20%20%2F%2A%23__PURE__%2A%2F%20%280%2C%20__TURBOPACK__imported__module__87924__4%5B%22jsx%22%5D%29%28%22button%22%2C%20%7B%0A%20%20className%3A%20%22jsx-175b30b60cce2342%22%20%2B%20%22%20%22%20%2B%20%22testimonial-prev%20w-10%20h-10%20rounded-full%20border%20border-white%2F20%20flex%20items-center%20justify-center%20hover%3Abg-white%2F10%20transition%20cursor-pointer%22%2C%0A%20%20children%3A%20%2F%2A%23__PURE__%2A%2F%20%280%2C%20__TURBOPACK__imported__module__87924__4%5B%22jsx%22%5D%29%28ChevronLeft%2C%20%7B%0A%20%20size%3A%2018%0A%20%20%7D%29%0A%20%20%7D%29%2C%0A%20%20%2F%2A%23__PURE__%2A%2F%20%280%2C%20__TURBOPACK__imported__module__87924__4%5B%22jsx%22%5D%29%28%22button%22%2C%20%7B%0A%20%20className%3A%20%22jsx-175b30b60cce2342%22%20%2B%20%22%20%22%20%2B%20%22testimonial-next%20w-10%20h-10%20rounded-full%20border%20border-white%2F20%20flex%20items-center%20justify-center%20hover%3Abg-white%2F10%20transition%20cursor-pointer%22%2C%0A%20%20children%3A%20%2F%2A%23__PURE__%2A%2F%20%280%2C%20__TURBOPACK__imported__module__87924__4%5B%22jsx%22%5D%29%28ChevronRight%2C%20%7B%0A%20%20size%3A%2018%0A%20%20%7D%29%0A%20%20%7D%29%0A%20%20%5D%0A%20%20%7D%29%2C%0A%20%20%2F%2A%23__PURE__%2A%2F%20%280%2C%20__TURBOPACK__imported__module__87924__4%5B%22jsx%22%5D%29%28Swiper1%2C%20%7B%0A%20%20modules%3A%20%5B%0A%20%20Navigation%2C%0A%20%20Pagination%2C%0A%20%20Autoplay%0A%20%20%5D%2C%0A%20%20spaceBetween%3A%2030%2C%0A%20%20slidesPerView%3A%201%2C%0A%20%20loop%3A%20true%2C%0A%20%20autoplay%3A%20%7B%0A%20%20delay%3A%203000%2C%0A%20%20disableOnInteraction%3A%20false%0A%20%20%7D%2C%0A%20%20navigation%3A%20%7B%0A%20%20nextEl%3A%20%22.testimonial-next%22%2C%0A%20%20prevEl%3A%20%22.testimonial-prev%22%0A%20%20%7D%2C%0A%20%20pagination%3A%20%7B%0A%20%20el%3A%20%22.custom-pagination%22%2C%0A%20%20clickable%3A%20true%0A%20%20%7D%2C%0A%20%20breakpoints%3A%20%7B%0A%20%20768%3A%20%7B%0A%20%20slidesPerView%3A%202%0A%20%20%7D%2C%0A%20%201024%3A%20%7B%0A%20%20slidesPerView%3A%203%0A%20%20%7D%0A%20%20%7D%2C%0A%20%20children%3A%20testimonials.map%28%28item%2C%20index%29%3D%3E%2F%2A%23__PURE__%2A%2F%20%280%2C%20__TURBOPACK__imported__module__87924__4%5B%22jsx%22%5D%29%28SwiperSlide%2C%20%7B%0A%20%20children%3A%20%2F%2A%23__PURE__%2A%2F%20%280%2C%20__TURBOPACK__imported__module__87924__4%5B%22jsxs%22%5D%29%28%22div%22%2C%20%7B%0A%20%20style%3A%20%7B%0A%20%20background%3A%20%22linear-gradient%28to%20bottom%2C%20%23F13333%200%25%2C%20%23070707%20100%25%29%22%0A%20%20%7D%2C%0A%20%20className%3A%20%22jsx-175b30b60cce2342%22%20%2B%20%22%20%22%20%2B%20%22rounded-2xl%20p-6%20h-full%20backdrop-blur-md%20transition%22%2C%0A%20%20children%3A%20%5B%0A%20%20%2F%2A%23__PURE__%2A%2F%20%280%2C%20__TURBOPACK__imported__module__87924__4%5B%22jsx%22%5D%29%28Quote%2C%20%7B%0A%20%20className%3A%20%22w-8%20h-8%20text-%5B%23F0EBE6%5D%20mb-4%20opacity-70%22%0A%20%20%7D%29%2C%0A%20%20%2F%2A%23__PURE__%2A%2F%20%280%2C%20__TURBOPACK__imported__module__87924__4%5B%22jsxs%22%5D%29%28%22p%22%2C%20%7B%0A%20%20className%3A%20%22jsx-175b30b60cce2342%22%20%2B%20%22%20%22%20%2B%20%22geist%20text-%5B15px%5D%20opacity-80%20mb-6%22%2C%0A%20%20children%3A%20%5B%0A%20%20%22%E2%80%9C%22%2C%0A%20%20item.text%2C%0A%20%20%22%E2%80%9D%22%0A%20%20%5D%0A%20%20%7D%29%2C%0A%20%20%2F%2A%23__PURE__%2A%2F%20%280%2C%20__TURBOPACK__imported__module__87924__4%5B%22jsx%22%5D%29%28%22h3%22%2C%20%7B%0A%20%20className%3A%20%22jsx-175b30b60cce2342%22%20%2B%20%22%20%22%20%2B%20%22big-shoulders%20big-shoulders-medium%20text-%5B21px%5D%20text-%5B%23F0EBE6%5D%22%2C%0A%20%20children%3A%20item.name%0A%20%20%7D%29%0A%20%20%5D%0A%20%20%7D%29%0A%20%20%7D%2C%20index%29%29%0A%20%20%7D%29%2C%0A%20%20%2F%2A%23__PURE__%2A%2F%20%280%2C%20__TURBOPACK__imported__module__87924__4%5B%22jsx%22%5D%29%28%22div%22%2C%20%7B%0A%20%20className%3A%20%22jsx-175b30b60cce2342%22%20%2B%20%22%20%22%20%2B%20%22custom-pagination%20flex%20justify-center%20mt-6%22%0A%20%20%7D%29%0A%20%20%5D%0A%20%20%7D%29%0A%20%20%5D%0A%20%20%7D%29%0A%20%20%5D%0A%20%20%7D%29%3B%0A%20%20%7D%3B%0A%20%20const%20__TURBOPACK__default__export__6%20%3D%20Testimonials%3B%0A%20%20var%20__TURBOPACK__imported__module__87924__5%20%3D%20__TURBOPACK__imported__module__87924__%3B%0A%20%20var%20__TURBOPACK__imported__module__72131__6%20%3D%20__TURBOPACK__imported__module__72131__%3B%0A%20%20var%20__TURBOPACK__imported__module__26304__1%20%3D%20__TURBOPACK__imported__module__26304__%3B%0A%20%20%22use%20client%22%3B%0A%20%20%3B%0A%20%20%3B%0A%20%20%3B%0A%20%20const%20About%20%3D%20%28%29%3D%3E%7B%0A%20%20%2F%2F%20Reference%20for%20the%20text%20to%20animate%0A%20%20const%20textRef%20%3D%20%280%2C%20__TURBOPACK__imported__module__72131__6%5B%22useRef%22%5D%29%28null%29%3B%0A%20%20%2F%2F%20Reference%20for%20GSAP%20animation%20instance%0A%20%20const%20animationRef%20%3D%20%280%2C%20__TURBOPACK__imported__module__72131__6%5B%22useRef%22%5D%29%28null%29%3B%0A%20%20%280%2C%20__TURBOPACK__imported__module__72131__6%5B%22useEffect%22%5D%29%28%28%29%3D%3E%7B%0A%20%20const%20loadGSAP%20%3D%20async%20%28%29%3D%3E%7B%0A%20%20%2F%2F%20Dynamic%20import%20of%20GSAP%20plugins%0A%20%20const%20SplitTextModule%20%3D%20await%20__turbopack_context__.A%2841056%29%3B%0A%20%20const%20SplitText%20%3D%20SplitTextModule.default%3B%0A%20%20const%20ScrollTriggerModule%20%3D%20await%20__turbopack_context__.A%2822714%29%3B%0A%20%20const%20ScrollTrigger%20%3D%20ScrollTriggerModule.default%3B%0A%20%20%2F%2F%20Register%20plugins%0A%20%20__TURBOPACK__imported__module__26304__1%5B%22gsap%22%5D.registerPlugin%28SplitText%2C%20ScrollTrigger%29%3B%0A%20%20if%20%28%21textRef.current%29%20return%3B%0A%20%20%2F%2F%20Wait%20for%20fonts%20to%20load%20for%20smoother%20animation%0A%20%20document.fonts.ready.then%28%28%29%3D%3E%7B%0A%20%20__TURBOPACK__imported__module__26304__1%5B%22gsap%22%5D.set%28textRef.current%2C%20%7B%0A%20%20opacity%3A%201%0A%20%20%7D%29%3B%0A%20%20const%20splitInstance%20%3D%20new%20SplitText%28textRef.current%2C%20%7B%0A%20%20type%3A%20%22lines%2Cwords%22%2C%0A%20%20linesClass%3A%20%22line%22%0A%20%20%7D%29%3B%0A%20%20%2F%2F%20Animate%20each%20line%0A%20%20animationRef.current%20%3D%20__TURBOPACK__imported__module__26304__1%5B%22gsap%22%5D.from%28splitInstance.lines%2C%20%7B%0A%20%20duration%3A%201.2%2C%0A%20%20yPercent%3A%20120%2C%0A%20%20opacity%3A%200%2C%0A%20%20stagger%3A%200.25%2C%0A%20%20ease%3A%20%22power3.out%22%2C%0A%20%20scrollTrigger%3A%20%7B%0A%20%20trigger%3A%20textRef.current%2C%0A%20%20start%3A%20%22top%2080%25%22%2C%0A%20%20toggleActions%3A%20%22play%20none%20none%20none%22%0A%20%20%7D%0A%20%20%7D%29%3B%0A%20%20%7D%29%3B%0A%20%20%7D%3B%0A%20%20loadGSAP%28%29%3B%0A%20%20%7D%2C%20%5B%5D%29%3B%0A%20%20%2F%2F%20Optional%3A%20replay%20animation%0A%20%20const%20handleReplay%20%3D%20%28%29%3D%3E%7B%0A%20%20if%20%28animationRef.current%29%20%7B%0A%20%20animationRef.current.timeScale%280.3%29.restart%28%29%3B%0A%20%20%7D%0A%20%20%7D%3B%0A%20%20return%20%2F%2A%23__PURE__%2A%2F%20%280%2C%20__TURBOPACK__imported__module__87924__5%5B%22jsx%22%5D%29%28%22section%22%2C%20%7B%0A%20%20className%3A%20%22relative%20w-full%20bg-%5B%230f0f0f%5D%20overflow-hidden%20font-sans%20text-white%22%2C%0A%20%20children%3A%20%2F%2A%23__PURE__%2A%2F%20%280%2C%20__TURBOPACK__imported__module__87924__5%5B%22jsxs%22%5D%29%28%22div%22%2C%20%7B%0A%20%20className%3A%20%22relative%20max-w-%5B1440px%5D%20mx-auto%20px-%5B20px%5D%20md%3Apx-%5B80px%5D%20py-%5B50px%5D%20md%3Apy-%5B100px%5D%22%2C%0A%20%20children%3A%20%5B%0A%20%20%2F%2A%23__PURE__%2A%2F%20%280%2C%20__TURBOPACK__imported__module__87924__5%5B%22jsxs%22%5D%29%28%22div%22%2C%20%7B%0A%20%20className%3A%20%22flex%20flex-col%20md%3Aflex-row%20gap-10%22%2C%0A%20%20children%3A%20%5B%0A%20%20%2F%2A%23__PURE__%2A%2F%20%280%2C%20__TURBOPACK__imported__module__87924__5%5B%22jsx%22%5D%29%28%22div%22%2C%20%7B%0A%20%20className%3A%20%22sm%3Aflex-1%22%2C%0A%20%20children%3A%20%2F%2A%23__PURE__%2A%2F%20%280%2C%20__TURBOPACK__imported__module__87924__5%5B%22jsx%22%5D%29%28%22h1%22%2C%20%7B%0A%20%20className%3A%20%22big-shoulders%20text-%5B%23F0EBE6%5D%20font-bold%20mb-4%20sm%3Amb-5%20md%3Amb-6%20leading-tight%20tracking-%5B0.02em%5D%20text-%5B48px%5D%20lg%3Atext-%5B64px%5D%20xl%3Atext-%5B87px%5D%22%2C%0A%20%20children%3A%20%22About%22%0A%20%20%7D%29%0A%20%20%7D%29%2C%0A%20%20%2F%2A%23__PURE__%2A%2F%20%280%2C%20__TURBOPACK__imported__module__87924__5%5B%22jsx%22%5D%29%28%22div%22%2C%20%7B%0A%20%20className%3A%20%22sm%3Aflex-1%22%2C%0A%20%20children%3A%20%2F%2A%23__PURE__%2A%2F%20%280%2C%20__TURBOPACK__imported__module__87924__5%5B%22jsx%22%5D%29%28%22p%22%2C%20%7B%0A%20%20ref%3A%20textRef%2C%0A%20%20className%3A%20%22geist%20text-justify%20sm%3Atext-end%20text-%5B13px%5D%20sm%3Atext-%5B14px%5D%20md%3Atext-%5B16px%5D%20lg%3Atext-%5B16px%5D%20xl%3Atext-%5B16px%5D%20text-%5B%23F5F5F5%5D%20max-w-full%20sm%3Amax-w-%5B400px%5D%20md%3Amax-w-%5B600px%5D%20lg%3Amax-w-%5B700px%5D%20leading-relaxed%20sm%3Aleading-relaxed%20md%3Aleading-relaxed%20lg%3Aleading-relaxed%20opacity-0%22%2C%0A%20%20children%3A%20%22Saman%20Maharjan%20was%20born%20and%20raised%20in%20Kathmandu%2C%20Nepal%2C%20where%20he%20began%20learning%20magic%20at%20the%20age%20of%20eleven.%20Saman%E2%80%99s%20unique%20and%20artistic%20style%20has%20dazzled%20audiences%20everywhere%20from%20small%20private%20parties%20to%20large%20theatrical%20venues%2C%20and%20he%E2%80%99ll%20guarantee%20to%20keep%20you%20on%20the%20edge%20of%20your%20seat.%22%0A%20%20%7D%29%0A%20%20%7D%29%0A%20%20%5D%0A%20%20%7D%29%2C%0A%20%20%2F%2A%23__PURE__%2A%2F%20%280%2C%20__TURBOPACK__imported__module__87924__5%5B%22jsx%22%5D%29%28%22div%22%2C%20%7B%0A%20%20className%3A%20%22mt-16%20flex%20justify-center%20rounded-%5B20px%5D%20overflow-hidden%22%2C%0A%20%20children%3A%20%2F%2A%23__PURE__%2A%2F%20%280%2C%20__TURBOPACK__imported__module__87924__5%5B%22jsx%22%5D%29%28%22video%22%2C%20%7B%0A%20%20src%3A%20%22%2Fassets%2Fimg%2Fbannervideo.mp4%22%2C%0A%20%20autoPlay%3A%20true%2C%0A%20%20loop%3A%20true%2C%0A%20%20muted%3A%20true%2C%0A%20%20playsInline%3A%20true%2C%0A%20%20className%3A%20%22w-full%20h-%5B480px%5D%20rounded-xl%20shadow-lg%20object-cover%22%2C%0A%20%20children%3A%20%22Your%20browser%20does%20not%20support%20the%20video%20tag.%22%0A%20%20%7D%29%0A%20%20%7D%29%0A%20%20%5D%0A%20%20%7D%29%0A%20%20%7D%29%3B%0A%20%20%7D%3B%0A%20%20const%20__TURBOPACK__default__export__7%20%3D%20About%3B%0A%20%20var%20__TURBOPACK__imported__module__87924__6%20%3D%20__TURBOPACK__imported__module__87924__%3B%0A%20%20var%20__TURBOPACK__imported__module__72131__7%20%3D%20__TURBOPACK__imported__module__72131__%3B%0A%20%20var%20__TURBOPACK__imported__module__26304__2%20%3D%20__TURBOPACK__imported__module__26304__%3B%0A%20%20%3B%0A%20%20const%20__iconNode5%20%3D%20%5B%0A%20%20%5B%0A%20%20%22path%22%2C%0A%20%20%7B%0A%20%20d%3A%20%22M7%207h10v10%22%2C%0A%20%20key%3A%20%221tivn9%22%0A%20%20%7D%0A%20%20%5D%2C%0A%20%20%5B%0A%20%20%22path%22%2C%0A%20%20%7B%0A%20%20d%3A%20%22M7%2017%2017%207%22%2C%0A%20%20key%3A%20%221vkiza%22%0A%20%20%7D%0A%20%20%5D%0A%20%20%5D%3B%0A%20%20const%20ArrowUpRight%20%3D%20createLucideIcon%28%22arrow-up-right%22%2C%20__iconNode5%29%3B%0A%20%20%3B%0A%20%20var%20__TURBOPACK__imported__module__38246__1%20%3D%20__TURBOPACK__imported__module__38246__%3B%0A%20%20var%20__TURBOPACK__imported__module__71987__3%20%3D%20__TURBOPACK__imported__module__71987__%3B%0A%20%20var%20__TURBOPACK__imported__module__89407__%20%3D%20__turbopack_context__.i%2889407%29%3B%0A%20%20%3B%0A%20%20const%20__TURBOPACK__default__export__8%20%3D%20%7B%0A%20%20src%3A%20__TURBOPACK__imported__module__89407__%5B%22default%22%5D%2C%0A%20%20width%3A%20373%2C%0A%20%20height%3A%20373%2C%0A%20%20blurWidth%3A%208%2C%0A%20%20blurHeight%3A%208%2C%0A%20%20blurDataURL%3A%20%22data%3Aimage%2Fpng%3Bbase64%2CiVBORw0KGgoAAAANSUhEUgAAAAgAAAAICAYAAADED76LAAABE0lEQVR42gEIAff%2BAMbZ1v%2FJ3Nj%2FydvY%2F8PV0v%2Bbqab%2Fmqik%2F8XU0v%2FF09L8AM7d3P%2FP3t7%2F0N7e%2F665uP9yYVT%2Ff21f%2F8LMyf%2FJ1tb8ANLf4P%2FV4eH%2F1eLi%2F8zV1P%2BokID%2Fqolx%2F7%2B%2FuP%2FK19b8ANPh4v%2FW4uP%2F09vZ%2F9Da2v%2B7rqL%2Fj2tW%2F3VmXP%2BPjYn8ANPh4v%2FP1tX%2FuaWZ%2F5mPif%2BdhHX%2FY01C%2F0o6Nf9WR0L8AMbPyv%2B%2FvrX%2Fln5x%2F1dHQP9nWFH%2FTUM%2F%2F1RCO%2F9WRDz8AKKmmv%2BEbVH%2FPy4n%2FzotKf8xLjD%2FMiwr%2F0k6M%2F9MPTb8AH2Pgvx8YkH8YUQq%2FEc0J%2FwaICb8IiQp%2FDEoJvwvJB%2F568qpwFmna%2B8AAAAASUVORK5CYII%3D%22%0A%20%20%7D%3B%0A%20%20var%20__TURBOPACK__imported__module__30466__%20%3D%20__turbopack_context__.i%2830466%29%3B%0A%20%20%3B%0A%20%20const%20__TURBOPACK__default__export__9%20%3D%20%7B%0A%20%20src%3A%20__TURBOPACK__imported__module__30466__%5B%22default%22%5D%2C%0A%20%20width%3A%20396%2C%0A%20%20height%3A%20396%2C%0A%20%20blurWidth%3A%208%2C%0A%20%20blurHeight%3A%208%2C%0A%20%20blurDataURL%3A%20%22data%3Aimage%2Fpng%3Bbase64%2CiVBORw0KGgoAAAANSUhEUgAAAAgAAAAICAYAAADED76LAAABCUlEQVR42h2PXUvCYBzFdz0XFV3IIilCKDCCIKKg6KL6AkF05V1XQYEW5ZW9sWfZs6ZJpmIut7JaITVYaLFevlf8OT7u4lydH7%2FDkdzSGbyaji%2FHwE%2FTRPBg4tPh8C0db9VTklpVHW3bwOv1Eazzffw%2BF%2FH9VBDQJfw6I%2Bn9liNo5mGmk8hsroamv5cSgscrtBsXJHmWAZtnkNpYwfpCAhVtLyyD%2Bzw6NiepYWaxODuNoYF%2BDIpMxseg7Sbh6il0egZ2uI21pTmMqFH0KQpiwyqm4qMoZnfEhDC4ZQancIzExDiUSCSET9JbaFWYeJITwI1GZXZAMTVKsizT8vwM%2BfUcfdxx8mrsvwuLtpoQnRpyKAAAAABJRU5ErkJggg%3D%3D%22%0A%20%20%7D%3B%0A%20%20var%20__TURBOPACK__imported__module__19635__%20%3D%20__turbopack_context__.i%2819635%29%3B%0A%20%20%3B%0A%20%20const%20__TURBOPACK__default__export__10%20%3D%20%7B%0A%20%20src%3A%20__TURBOPACK__imported__module__19635__%5B%22default%22%5D%2C%0A%20%20width%3A%20387%2C%0A%20%20height%3A%20483%2C%0A%20%20blurWidth%3A%206%2C%0A%20%20blurHeight%3A%208%2C%0A%20%20blurDataURL%3A%20%22data%3Aimage%2Fpng%3Bbase64%2CiVBORw0KGgoAAAANSUhEUgAAAAYAAAAICAYAAADaxo44AAAA00lEQVR42gHIADf%2FANSRDf%2FEgwf%2FxoUG%2F9uaCv%2FlpRP%2F1pcW%2FQCqeSz%2FWjsW%2F76PLf%2FmukD%2F4rxM%2F9GfP%2F0Ac1lC%2Fz0oK%2F%2BdiXP%2FnZqR%2F5WPif%2BaeVX9ACQQE%2F8xICX%2FjoF1%2F5aHdv%2BJdmf%2FgFs7%2FQAeBgn%2FGwkR%2F29jX%2F%2Blnoz%2FXFRS%2FzQpLf0AHgkL%2F00wJ%2F%2BCYEz%2FpJuO%2F3ttZv9LODb9ADwrLf%2BMeXL%2FglxK%2F6Sfof%2Bfj4b%2FmoBw%2FQBKNTH%2Bh25h%2FoZTNP6hhHL%2BdGNf%2Fn1lWPsQamnw%2B%2FdXiQAAAABJRU5ErkJggg%3D%3D%22%0A%20%20%7D%3B%0A%20%20%22use%20client%22%3B%0A%20%20%3B%0A%20%20%3B%0A%20%20%3B%0A%20%20%3B%0A%20%20%3B%0A%20%20%3B%0A%20%20%3B%0A%20%20%3B%0A%20%20%3B%0A%20%20%3B%0A%20%20%2F%2F%20Add%20more%20if%20needed%0A%20%20const%20HoverFollowImages%20%3D%20%28%29%3D%3E%7B%0A%20%20const%20containerRefs%20%3D%20%280%2C%20__TURBOPACK__imported__module__72131__7%5B%22useRef%22%5D%29%28%5B%5D%29%3B%0A%20%20%280%2C%20__TURBOPACK__imported__module__72131__7%5B%22useEffect%22%5D%29%28%28%29%3D%3E%7B%0A%20%20__TURBOPACK__imported__module__26304__2%5B%22default%22%5D.set%28%22.swipeimage%22%2C%20%7B%0A%20%20xPercent%3A%20-50%2C%0A%20%20yPercent%3A%20-50%0A%20%20%7D%29%3B%0A%20%20containerRefs.current.forEach%28%28el%29%3D%3E%7B%0A%20%20const%20wrapper%20%3D%20el.querySelector%28%22.swipeimage%22%29%3B%0A%20%20if%20%28%21wrapper%29%20return%3B%0A%20%20const%20setX%20%3D%20__TURBOPACK__imported__module__26304__2%5B%22default%22%5D.quickTo%28wrapper%2C%20%22x%22%2C%20%7B%0A%20%20duration%3A%200.4%2C%0A%20%20ease%3A%20%22power3%22%0A%20%20%7D%29%3B%0A%20%20const%20setY%20%3D%20__TURBOPACK__imported__module__26304__2%5B%22default%22%5D.quickTo%28wrapper%2C%20%22y%22%2C%20%7B%0A%20%20duration%3A%200.4%2C%0A%20%20ease%3A%20%22power3%22%0A%20%20%7D%29%3B%0A%20%20const%20move%20%3D%20%28e%29%3D%3E%7B%0A%20%20setX%28e.clientX%29%3B%0A%20%20setY%28e.clientY%29%3B%0A%20%20%7D%3B%0A%20%20const%20show%20%3D%20%28%29%3D%3E%7B%0A%20%20document.addEventListener%28%22mousemove%22%2C%20move%29%3B%0A%20%20__TURBOPACK__imported__module__26304__2%5B%22default%22%5D.to%28wrapper%2C%20%7B%0A%20%20autoAlpha%3A%201%2C%0A%20%20visibility%3A%20%22visible%22%2C%0A%20%20duration%3A%200.25%0A%20%20%7D%29%3B%0A%20%20%7D%3B%0A%20%20const%20hide%20%3D%20%28%29%3D%3E%7B%0A%20%20document.removeEventListener%28%22mousemove%22%2C%20move%29%3B%0A%20%20__TURBOPACK__imported__module__26304__2%5B%22default%22%5D.to%28wrapper%2C%20%7B%0A%20%20autoAlpha%3A%200%2C%0A%20%20visibility%3A%20%22hidden%22%2C%0A%20%20duration%3A%200.2%0A%20%20%7D%29%3B%0A%20%20%7D%3B%0A%20%20el.addEventListener%28%22mouseenter%22%2C%20show%29%3B%0A%20%20el.addEventListener%28%22mouseleave%22%2C%20hide%29%3B%0A%20%20%7D%29%3B%0A%20%20%7D%2C%20%5B%5D%29%3B%0A%20%20const%20items%20%3D%20%5B%0A%20%20%7B%0A%20%20id%3A%20%2201%22%2C%0A%20%20title%3A%20%22Corporate%20Shows%22%2C%0A%20%20images%3A%20%5B%0A%20%20__TURBOPACK__default__export__3%2C%0A%20%20__TURBOPACK__default__export__8%2C%0A%20%20__TURBOPACK__default__export__9%0A%20%20%5D%2C%0A%20%20desc%3A%20%22One%20Man%20Wonder%20Show%20is%20a%20high-impact%20entertainment%20experience%20designed%20especially%20for%20professional%20events%20and%20business%20gatherings.%22%0A%20%20%7D%2C%0A%20%20%7B%0A%20%20id%3A%20%2202%22%2C%0A%20%20title%3A%20%22Closeup%20Magic%22%2C%0A%20%20images%3A%20%5B%0A%20%20__TURBOPACK__default__export__8%2C%0A%20%20__TURBOPACK__default__export__9%2C%0A%20%20__TURBOPACK__default__export__10%0A%20%20%5D%2C%0A%20%20desc%3A%20%22An%20interactive%202-hour%20close-up%20magic%20show%20with%20full%20entertainment%20and%20a%20powerful%20surprise%20twist.%22%0A%20%20%7D%2C%0A%20%20%7B%0A%20%20id%3A%20%2203%22%2C%0A%20%20title%3A%20%22Private%20Parties%22%2C%0A%20%20images%3A%20%5B%0A%20%20__TURBOPACK__default__export__3%2C%0A%20%20__TURBOPACK__default__export__10%0A%20%20%5D%2C%0A%20%20desc%3A%20%22A%201-hour%20One%20Man%20Wonder%20Show%20with%20close-up%20and%20stage%20magic%2C%20full%20entertainment%2C%20and%20a%20surprise%20twist.%22%0A%20%20%7D%2C%0A%20%20%7B%0A%20%20id%3A%20%2204%22%2C%0A%20%20title%3A%20%22Special%20Events%22%2C%0A%20%20images%3A%20%5B%0A%20%20__TURBOPACK__default__export__8%2C%0A%20%20__TURBOPACK__default__export__9%0A%20%20%5D%2C%0A%20%20desc%3A%20%22A%202-hour%20One%20Man%20Wonder%20Show%20featuring%20close-up%20and%20stage%20magic%2C%20full%20entertainment%2C%20and%20a%20powerful%20plot%20twist.%22%0A%20%20%7D%0A%20%20%5D%3B%0A%20%20return%20%2F%2A%23__PURE__%2A%2F%20%280%2C%20__TURBOPACK__imported__module__87924__6%5B%22jsxs%22%5D%29%28%22div%22%2C%20%7B%0A%20%20className%3A%20%22max-w-%5B1440px%5D%20mx-auto%20px-%5B20px%5D%20md%3Apx-%5B80px%5D%20py-%5B50px%5D%20md%3Apy-%5B100px%5D%22%2C%0A%20%20children%3A%20%5B%0A%20%20%2F%2A%23__PURE__%2A%2F%20%280%2C%20__TURBOPACK__imported__module__87924__6%5B%22jsxs%22%5D%29%28%22div%22%2C%20%7B%0A%20%20className%3A%20%22text-center%20mb-16%22%2C%0A%20%20children%3A%20%5B%0A%20%20%2F%2A%23__PURE__%2A%2F%20%280%2C%20__TURBOPACK__imported__module__87924__6%5B%22jsx%22%5D%29%28%22h1%22%2C%20%7B%0A%20%20className%3A%20%22big-shoulders%20font-bold%20text-%5B48px%5D%20lg%3Atext-%5B64px%5D%20xl%3Atext-%5B87px%5D%20text-%5B%23F0EBE6%5D%22%2C%0A%20%20children%3A%20%22What%20I%20Do%22%0A%20%20%7D%29%2C%0A%20%20%2F%2A%23__PURE__%2A%2F%20%280%2C%20__TURBOPACK__imported__module__87924__6%5B%22jsx%22%5D%29%28%22p%22%2C%20%7B%0A%20%20className%3A%20%22mt-4%20mx-auto%20text-sm%20sm%3Atext-base%20md%3Atext-lg%20lg%3Atext-xl%20max-w-xl%20sm%3Amax-w-2xl%20leading-relaxed%20text-%5B%23F0EBE6%5D%20opacity-80%22%2C%0A%20%20children%3A%20%22Saman%E2%80%99s%20unique%20and%20artistic%20style%20has%20dazzled%20audiences%20everywhere%20from%20small%20private%20parties%20to%20large%20theatrical%20venues%2C%20and%20he%E2%80%99ll%20guarantee%20to%20keep%20you%20on%20the%20edge%20of%20your%20seat.%22%0A%20%20%7D%29%0A%20%20%5D%0A%20%20%7D%29%2C%0A%20%20%2F%2A%23__PURE__%2A%2F%20%280%2C%20__TURBOPACK__imported__module__87924__6%5B%22jsx%22%5D%29%28%22ul%22%2C%20%7B%0A%20%20className%3A%20%22list-none%20m-0%20p-0%20space-y-12%22%2C%0A%20%20children%3A%20items.map%28%28item%2C%20index%29%3D%3E%2F%2A%23__PURE__%2A%2F%20%280%2C%20__TURBOPACK__imported__module__87924__6%5B%22jsxs%22%5D%29%28%22li%22%2C%20%7B%0A%20%20className%3A%20%22relative%20border-b%20border-gray-700%20pb-8%20sm%3Apb-12%20cursor-pointer%22%2C%0A%20%20ref%3A%20%28el%29%3D%3Eel%20%26%26%20%28containerRefs.current%5Bindex%5D%20%3D%20el%29%2C%0A%20%20children%3A%20%5B%0A%20%20%2F%2A%23__PURE__%2A%2F%20%280%2C%20__TURBOPACK__imported__module__87924__6%5B%22jsx%22%5D%29%28%22div%22%2C%20%7B%0A%20%20className%3A%20%22swipeimage%20fixed%20top-0%20left-0%20flex%20gap-3%20pointer-events-none%20z-50%20opacity-0%20invisible%20transform%20-translate-x-1%2F2%20-translate-y-1%2F2%22%2C%0A%20%20children%3A%20item.images.map%28%28imgSrc%2C%20i%29%3D%3E%2F%2A%23__PURE__%2A%2F%20%280%2C%20__TURBOPACK__imported__module__87924__6%5B%22jsx%22%5D%29%28__TURBOPACK__imported__module__71987__3%5B%22default%22%5D%2C%20%7B%0A%20%20src%3A%20imgSrc%2C%0A%20%20alt%3A%20%60hover-%24%7Bi%7D%60%2C%0A%20%20width%3A%20180%2C%0A%20%20height%3A%20180%2C%0A%20%20className%3A%20%22object-cover%20rounded-lg%20shadow-lg%22%0A%20%20%7D%2C%20i%29%29%0A%20%20%7D%29%2C%0A%20%20%2F%2A%23__PURE__%2A%2F%20%280%2C%20__TURBOPACK__imported__module__87924__6%5B%22jsxs%22%5D%29%28%22div%22%2C%20%7B%0A%20%20className%3A%20%22flex%20flex-col%20md%3Aflex-row%20md%3Ajustify-between%20md%3Aitems-center%20gap-6%20md%3Agap-12%22%2C%0A%20%20children%3A%20%5B%0A%20%20%2F%2A%23__PURE__%2A%2F%20%280%2C%20__TURBOPACK__imported__module__87924__6%5B%22jsxs%22%5D%29%28%22div%22%2C%20%7B%0A%20%20children%3A%20%5B%0A%20%20%2F%2A%23__PURE__%2A%2F%20%280%2C%20__TURBOPACK__imported__module__87924__6%5B%22jsx%22%5D%29%28%22span%22%2C%20%7B%0A%20%20className%3A%20%22big-shoulders%20text-lg%20sm%3Atext-xl%20font-bold%20text-%5B%23F0EBE6%5D%22%2C%0A%20%20children%3A%20item.id%0A%20%20%7D%29%2C%0A%20%20%2F%2A%23__PURE__%2A%2F%20%280%2C%20__TURBOPACK__imported__module__87924__6%5B%22jsx%22%5D%29%28%22h2%22%2C%20%7B%0A%20%20className%3A%20%22text-2xl%20sm%3Atext-3xl%20md%3Atext-4xl%20lg%3Atext-5xl%20big-shoulders%20font-bold%20text-%5B%23F0EBE6%5D%20mt-2%22%2C%0A%20%20children%3A%20item.title%0A%20%20%7D%29%0A%20%20%5D%0A%20%20%7D%29%2C%0A%20%20%2F%2A%23__PURE__%2A%2F%20%280%2C%20__TURBOPACK__imported__module__87924__6%5B%22jsxs%22%5D%29%28%22div%22%2C%20%7B%0A%20%20className%3A%20%22flex%20flex-col%20sm%3Aflex-row%20sm%3Aitems-center%20justify-between%20gap-4%20md%3Agap-8%22%2C%0A%20%20children%3A%20%5B%0A%20%20%2F%2A%23__PURE__%2A%2F%20%280%2C%20__TURBOPACK__imported__module__87924__6%5B%22jsx%22%5D%29%28%22p%22%2C%20%7B%0A%20%20className%3A%20%22text-sm%20sm%3Atext-base%20md%3Atext-lg%20text-%5B%23F0EBE6%5D%20opacity-90%20max-w-md%22%2C%0A%20%20children%3A%20item.desc%0A%20%20%7D%29%2C%0A%20%20%2F%2A%23__PURE__%2A%2F%20%280%2C%20__TURBOPACK__imported__module__87924__6%5B%22jsx%22%5D%29%28__TURBOPACK__imported__module__38246__1%5B%22default%22%5D%2C%20%7B%0A%20%20href%3A%20%22%23%22%2C%0A%20%20className%3A%20%22mt-2%20sm%3Amt-0%22%2C%0A%20%20children%3A%20%2F%2A%23__PURE__%2A%2F%20%280%2C%20__TURBOPACK__imported__module__87924__6%5B%22jsx%22%5D%29%28ArrowUpRight%2C%20%7B%0A%20%20size%3A%2030%2C%0A%20%20className%3A%20%22text-%5B%23F0EBE6%5D%22%0A%20%20%7D%29%0A%20%20%7D%29%0A%20%20%5D%0A%20%20%7D%29%0A%20%20%5D%0A%20%20%7D%29%0A%20%20%5D%0A%20%20%7D%2C%20index%29%29%0A%20%20%7D%29%0A%20%20%5D%0A%20%20%7D%29%3B%0A%20%20%7D%3B%0A%20%20const%20__TURBOPACK__default__export__11%20%3D%20HoverFollowImages%3B%0A%20%20var%20__TURBOPACK__imported__module__87924__7%20%3D%20__TURBOPACK__imported__module__87924__%3B%0A%20%20var%20__TURBOPACK__imported__module__72131__8%20%3D%20__TURBOPACK__imported__module__72131__%3B%0A%20%20var%20__TURBOPACK__imported__module__71987__4%20%3D%20__TURBOPACK__imported__module__71987__%3B%0A%20%20var%20__TURBOPACK__imported__module__25161__%20%3D%20__turbopack_context__.i%2825161%29%3B%0A%20%20%3B%0A%20%20const%20__TURBOPACK__default__export__12%20%3D%20%7B%0A%20%20src%3A%20__TURBOPACK__imported__module__25161__%5B%22default%22%5D%2C%0A%20%20width%3A%20219%2C%0A%20%20height%3A%20304%2C%0A%20%20blurWidth%3A%206%2C%0A%20%20blurHeight%3A%208%2C%0A%20%20blurDataURL%3A%20%22data%3Aimage%2Fpng%3Bbase64%2CiVBORw0KGgoAAAANSUhEUgAAAAYAAAAICAYAAADaxo44AAAAgElEQVR42mXJQQ6CMBCF4d7%2FSNxADBsXSEpkEiWxqHRoSqVY2lHGBQte8i1eftFWTeHHN7qXZp%2Bw4EPbQnSygTjPhPmRrRtGD2IwDiglSiEwDnYCYX51PbY8s12Ybi3bhcU5RjGS7s0W8JCz6D2p6gKivj4z1Vt5V%2FqvQ1me6uwLjfOzgzlhrfIAAAAASUVORK5CYII%3D%22%0A%20%20%7D%3B%0A%20%20var%20__TURBOPACK__imported__module__32045__%20%3D%20__turbopack_context__.i%2832045%29%3B%0A%20%20%3B%0A%20%20const%20__TURBOPACK__default__export__13%20%3D%20%7B%0A%20%20src%3A%20__TURBOPACK__imported__module__32045__%5B%22default%22%5D%2C%0A%20%20width%3A%20219%2C%0A%20%20height%3A%20304%2C%0A%20%20blurWidth%3A%206%2C%0A%20%20blurHeight%3A%208%2C%0A%20%20blurDataURL%3A%20%22data%3Aimage%2Fpng%3Bbase64%2CiVBORw0KGgoAAAANSUhEUgAAAAYAAAAICAYAAADaxo44AAAAfUlEQVR42mWOUQuCMBSF7%2F%2F%2FSb5XD7WCnAQzuBAIZuYttmbqZXMTBGEHPg6H7%2BWAvN2F%2BfU0TEzDyDSGbjotQFxytNb6bT7mj9CSRuecX1mE7hG%2BwcZx2O0XElHIIiBTsYaZfVW3qYhHTuccoXy8svqt1bMzKnbVkDpey2wG0SO0JglS6nwAAAAASUVORK5CYII%3D%22%0A%20%20%7D%3B%0A%20%20var%20__TURBOPACK__imported__module__45503__%20%3D%20__turbopack_context__.i%2845503%29%3B%0A%20%20%3B%0A%20%20const%20__TURBOPACK__default__export__14%20%3D%20%7B%0A%20%20src%3A%20__TURBOPACK__imported__module__45503__%5B%22default%22%5D%2C%0A%20%20width%3A%20219%2C%0A%20%20height%3A%20304%2C%0A%20%20blurWidth%3A%206%2C%0A%20%20blurHeight%3A%208%2C%0A%20%20blurDataURL%3A%20%22data%3Aimage%2Fpng%3Bbase64%2CiVBORw0KGgoAAAANSUhEUgAAAAYAAAAICAYAAADaxo44AAAAjUlEQVR42oXNSwrCMBSF4ex%2FKDhRdCS4h25BIvVVoUEv0VgwlLwaURPSq8SZkx74RmfwE1Ex2tJSd809U7tKy9ZScqNb4NM5uv0hE4slauuBGPuAPgTsU%2FqJEU33BGL9C%2FBvw0d0DtM7ZMEYVFJ9G8YDn8zQrsvsPBqjWJVAGJfFlfG6ETK7HE91tWHFBw29r9FqTwYoAAAAAElFTkSuQmCC%22%0A%20%20%7D%3B%0A%20%20var%20__TURBOPACK__imported__module__38711__%20%3D%20__turbopack_context__.i%2838711%29%3B%0A%20%20%3B%0A%20%20const%20__TURBOPACK__default__export__15%20%3D%20%7B%0A%20%20src%3A%20__TURBOPACK__imported__module__38711__%5B%22default%22%5D%2C%0A%20%20width%3A%20219%2C%0A%20%20height%3A%20304%2C%0A%20%20blurWidth%3A%206%2C%0A%20%20blurHeight%3A%208%2C%0A%20%20blurDataURL%3A%20%22data%3Aimage%2Fpng%3Bbase64%2CiVBORw0KGgoAAAANSUhEUgAAAAYAAAAICAYAAADaxo44AAAAeklEQVR42mWJCwqDMBAF9%2F5HsvQIttCWFiJlwf4jTSLRxE%2FMagRFyINheAw8b%2Fe0qa1seyfbzsluMhc6hffxgs5Y2k5VDYIqayTvaSUEbRHKqYZT7PYzUTD5YyYKy%2FwwkOAiDs4Yeh3OCFleJN%2B%2FZj9RseAPV%2Bx6ypIRP0u1Ql6cbccAAAAASUVORK5CYII%3D%22%0A%20%20%7D%3B%0A%20%20var%20__TURBOPACK__imported__module__15599__%20%3D%20__turbopack_context__.i%2815599%29%3B%0A%20%20%3B%0A%20%20const%20__TURBOPACK__default__export__16%20%3D%20%7B%0A%20%20src%3A%20__TURBOPACK__imported__module__15599__%5B%22default%22%5D%2C%0A%20%20width%3A%20219%2C%0A%20%20height%3A%20304%2C%0A%20%20blurWidth%3A%206%2C%0A%20%20blurHeight%3A%208%2C%0A%20%20blurDataURL%3A%20%22data%3Aimage%2Fpng%3Bbase64%2CiVBORw0KGgoAAAANSUhEUgAAAAYAAAAICAYAAADaxo44AAAAlklEQVR42lXNzQ6CMBAE4L7%2FEfVEfBHuCpq0xAQSC8qqGECRH9MCppeV7sU4yTeXOQw7RJJLmXZN25Msu3TPVnEW7AUsHQcF52TtuvjqFDBb4zCgMYZM44i9moC99Qdwjr%2FZEpu%2FIY7iWfQbbD2qCrXWpCgKvJc1sKZXYA9DIcjKWaC%2FE8DSW%2B2drmWSVy2R5zwJwqP3BeR%2FqnL7LpNgAAAAAElFTkSuQmCC%22%0A%20%20%7D%3B%0A%20%20var%20__TURBOPACK__imported__module__63912__%20%3D%20__turbopack_context__.i%2863912%29%3B%0A%20%20%3B%0A%20%20const%20__TURBOPACK__default__export__17%20%3D%20%7B%0A%20%20src%3A%20__TURBOPACK__imported__module__63912__%5B%22default%22%5D%2C%0A%20%20width%3A%20219%2C%0A%20%20height%3A%20304%2C%0A%20%20blurWidth%3A%206%2C%0A%20%20blurHeight%3A%208%2C%0A%20%20blurDataURL%3A%20%22data%3Aimage%2Fpng%3Bbase64%2CiVBORw0KGgoAAAANSUhEUgAAAAYAAAAICAYAAADaxo44AAAAk0lEQVR42lXMSw6CMBSF4e5%2FL4aY%2BEjYA3GEjxq9CkJ5GFootVLBa1tHnOQb%2FckhaUyj7p7yV9dz3Une5wWvGhmR8ngBFixRwc0r11sUUgMRrYJpGPA7jt5kzD%2B0%2FRvQTu4Pntss6PThzcJHtOjuHMM5Nk9hg63laoPqCh5bBMhiCuSc1GGe1bSoBGVWlhQ03p3CH38GsON88y%2B%2FAAAAAElFTkSuQmCC%22%0A%20%20%7D%3B%0A%20%20var%20__TURBOPACK__imported__module__38283__%20%3D%20__turbopack_context__.i%2838283%29%3B%0A%20%20%3B%0A%20%20const%20__TURBOPACK__default__export__18%20%3D%20%7B%0A%20%20src%3A%20__TURBOPACK__imported__module__38283__%5B%22default%22%5D%2C%0A%20%20width%3A%20219%2C%0A%20%20height%3A%20304%2C%0A%20%20blurWidth%3A%206%2C%0A%20%20blurHeight%3A%208%2C%0A%20%20blurDataURL%3A%20%22data%3Aimage%2Fpng%3Bbase64%2CiVBORw0KGgoAAAANSUhEUgAAAAYAAAAICAYAAADaxo44AAAA00lEQVR42gHIADf%2FAMzP1M3l5ujv6efh7%2BHf3%2B%2Ft7vDv6OzxzQDDxcnfnp2d%2F7WefP%2BnmJP%2F0MzO%2F%2Bbp7N8A4uTo38S6tP%2BcgXj%2Fk3FO%2F6qQgf%2Fk5ObfAOPg4t%2B3moP%2FjXFm%2F3dKNv%2Bpd1%2F%2F4t7f3wDj3%2BHfpHBY%2F3VEK%2F%2BQc2r%2FuaCL%2F%2BPg498A5ebo37GgmP%2Bdgmf%2Foop9%2F7u1sv%2Fc3uLfAOjr7t%2FX1db%2FrZ6Z%2F7%2Bqif%2Bsq6r%2FwcPH3wDa4eq64uft2t7j6Nrh5eja3uLo2sbM1rpacpU8rIDSmQAAAABJRU5ErkJggg%3D%3D%22%0A%20%20%7D%3B%0A%20%20var%20__TURBOPACK__imported__module__5029__%20%3D%20__turbopack_context__.i%285029%29%3B%0A%20%20%3B%0A%20%20const%20__TURBOPACK__default__export__19%20%3D%20%7B%0A%20%20src%3A%20__TURBOPACK__imported__module__5029__%5B%22default%22%5D%2C%0A%20%20width%3A%20219%2C%0A%20%20height%3A%20304%2C%0A%20%20blurWidth%3A%206%2C%0A%20%20blurHeight%3A%208%2C%0A%20%20blurDataURL%3A%20%22data%3Aimage%2Fpng%3Bbase64%2CiVBORw0KGgoAAAANSUhEUgAAAAYAAAAICAYAAADaxo44AAAA00lEQVR42gHIADf%2FAODP1M3r5efv7Ozu7%2BPh3%2B%2Ft6%2Bfv6OzxzQDcwsbf1aKi%2F8Kys%2F%2Bpl4z%2Fy7qe%2F%2Bfq7t8A5OXp37utqv%2BQdWT%2FjHRe%2F6aXhf%2Fk5ujfANvd4N91a2X%2FjW97%2F4Bpdv%2BUior%2F3uDj3wDh4%2BbfmpCO%2F3tjaP%2BLbHL%2FeG1m%2F9ve4d8A5ejq36yciP%2BZgm3%2FmoJy%2F8u1s%2F%2Fj4OTfAOns8N%2FTxKn%2Fr5%2BU%2F8zAwv%2FXqqr%2F28DF3wDa4eq64ubr2t%2Fj6Nrh5uza4eLo2tTM1rqsXJYGD%2BPyVQAAAABJRU5ErkJggg%3D%3D%22%0A%20%20%7D%3B%0A%20%20var%20__TURBOPACK__imported__module__79982__%20%3D%20__turbopack_context__.i%2879982%29%3B%0A%20%20%3B%0A%20%20const%20__TURBOPACK__default__export__20%20%3D%20%7B%0A%20%20src%3A%20__TURBOPACK__imported__module__79982__%5B%22default%22%5D%2C%0A%20%20width%3A%20219%2C%0A%20%20height%3A%20304%2C%0A%20%20blurWidth%3A%206%2C%0A%20%20blurHeight%3A%208%2C%0A%20%20blurDataURL%3A%20%22data%3Aimage%2Fpng%3Bbase64%2CiVBORw0KGgoAAAANSUhEUgAAAAYAAAAICAYAAADaxo44AAAAeklEQVR42mWOWwqDMBRE7%2F6X5BZqSit9YCxcKJT6IEZJ5PpKogkIQgYOw3B%2BBh7vD9MDyWlZ5TSvct67bhWDW%2FZCInLndHpEEJ1Ga607CEIRQr9bP1iaBiLB8zwQiSPGGPevRCz8kev9iVB8m6QUilet5r5%2FteSXrEg2%2BFC0iYnHseIAAAAASUVORK5CYII%3D%22%0A%20%20%7D%3B%0A%20%20var%20__TURBOPACK__imported__module__42637__%20%3D%20__turbopack_context__.i%2842637%29%3B%0A%20%20%3B%0A%20%20const%20__TURBOPACK__default__export__21%20%3D%20%7B%0A%20%20src%3A%20__TURBOPACK__imported__module__42637__%5B%22default%22%5D%2C%0A%20%20width%3A%20219%2C%0A%20%20height%3A%20304%2C%0A%20%20blurWidth%3A%206%2C%0A%20%20blurHeight%3A%208%2C%0A%20%20blurDataURL%3A%20%22data%3Aimage%2Fpng%3Bbase64%2CiVBORw0KGgoAAAANSUhEUgAAAAYAAAAICAYAAADaxo44AAAAdElEQVR42mXJWwqAIBQE0Lv%2FJbWHfvowUuJCBb3IBxZqZfb4iMKBYRgONHmZ2sUIt%2B3CrbtYrx24TqEvSvTOhW%2FkbBGkWjAcxx%2B0QVCX3keT%2FGkEpm6eRvDG%2B8AnFYO3NnSEIbBqTLpJ057P9N52kJRkLDkBkCe2Aav41hsAAAAASUVORK5CYII%3D%22%0A%20%20%7D%3B%0A%20%20var%20__TURBOPACK__imported__module__48187__%20%3D%20__turbopack_context__.i%2848187%29%3B%0A%20%20%3B%0A%20%20const%20__TURBOPACK__default__export__22%20%3D%20%7B%0A%20%20src%3A%20__TURBOPACK__imported__module__48187__%5B%22default%22%5D%2C%0A%20%20width%3A%20219%2C%0A%20%20height%3A%20304%2C%0A%20%20blurWidth%3A%206%2C%0A%20%20blurHeight%3A%208%2C%0A%20%20blurDataURL%3A%20%22data%3Aimage%2Fpng%3Bbase64%2CiVBORw0KGgoAAAANSUhEUgAAAAYAAAAICAYAAADaxo44AAAAi0lEQVR42oXMSw6CMBSF4e5%2FL4aY%2BEjYAxMHREG8SITyMPQtUlOvpc6ceJJv9CeH3I5FIsuKPaRmk1RMNy3rR5WQ7lQAjdZooAy67R65moBwYcDNM76dC5y13yD0E%2FBn%2F8OLC1zuFpYxHO%2FcB1%2B7zQ7NBQK6irBNcyB5NcRNPWRtzzPq1VeapYdz%2FAEDM7ItpqZojAAAAABJRU5ErkJggg%3D%3D%22%0A%20%20%7D%3B%0A%20%20%22use%20client%22%3B%0A%20%20%3B%0A%20%20%3B%0A%20%20%3B%0A%20%20%3B%0A%20%20%3B%0A%20%20%3B%0A%20%20%3B%0A%20%20%3B%0A%20%20%3B%0A%20%20%3B%0A%20%20%3B%0A%20%20%3B%0A%20%20%3B%0A%20%20%3B%0A%20%20const%20CARDS%20%3D%20%5B%0A%20%20%7B%0A%20%20img%3A%20__TURBOPACK__default__export__12%0A%20%20%7D%2C%0A%20%20%7B%0A%20%20img%3A%20__TURBOPACK__default__export__13%0A%20%20%7D%2C%0A%20%20%7B%0A%20%20img%3A%20__TURBOPACK__default__export__14%0A%20%20%7D%2C%0A%20%20%7B%0A%20%20img%3A%20__TURBOPACK__default__export__15%0A%20%20%7D%2C%0A%20%20%7B%0A%20%20img%3A%20__TURBOPACK__default__export__16%0A%20%20%7D%2C%0A%20%20%7B%0A%20%20img%3A%20__TURBOPACK__default__export__17%0A%20%20%7D%2C%0A%20%20%7B%0A%20%20img%3A%20__TURBOPACK__default__export__18%0A%20%20%7D%2C%0A%20%20%7B%0A%20%20img%3A%20__TURBOPACK__default__export__19%0A%20%20%7D%2C%0A%20%20%7B%0A%20%20img%3A%20__TURBOPACK__default__export__20%0A%20%20%7D%2C%0A%20%20%7B%0A%20%20img%3A%20__TURBOPACK__default__export__21%0A%20%20%7D%2C%0A%20%20%7B%0A%20%20img%3A%20__TURBOPACK__default__export__22%0A%20%20%7D%0A%20%20%5D%3B%0A%20%20const%20FAN_DEG%20%3D%20100%3B%0A%20%20const%20N%20%3D%20CARDS.length%3B%0A%20%20const%20fanAngles%20%3D%20CARDS.map%28%28_%2C%20i%29%3D%3E-FAN_DEG%20%2F%202%20%2B%20i%20%2F%20%28N%20-%201%29%20%2A%20FAN_DEG%29%3B%0A%20%20function%20ease%28t%29%20%7B%0A%20%20return%20t%20%3C%200.5%20%3F%204%20%2A%20t%20%2A%20t%20%2A%20t%20%3A%201%20-%20Math.pow%28-2%20%2A%20t%20%2B%202%2C%203%29%20%2F%202%3B%0A%20%20%7D%0A%20%20function%20CardFanSection%28%29%20%7B%0A%20%20const%20outerRef%20%3D%20%280%2C%20__TURBOPACK__imported__module__72131__8%5B%22useRef%22%5D%29%28null%29%3B%0A%20%20const%20wrapsRef%20%3D%20%280%2C%20__TURBOPACK__imported__module__72131__8%5B%22useRef%22%5D%29%28%5B%5D%29%3B%0A%20%20const%20tarotRef%20%3D%20%280%2C%20__TURBOPACK__imported__module__72131__8%5B%22useRef%22%5D%29%28null%29%3B%0A%20%20const%20curAngleRef%20%3D%20%280%2C%20__TURBOPACK__imported__module__72131__8%5B%22useRef%22%5D%29%28new%20Array%28N%29.fill%280%29%29%3B%0A%20%20const%20curYRef%20%3D%20%280%2C%20__TURBOPACK__imported__module__72131__8%5B%22useRef%22%5D%29%28new%20Array%28N%29.fill%280%29%29%3B%0A%20%20const%20rafRef%20%3D%20%280%2C%20__TURBOPACK__imported__module__72131__8%5B%22useRef%22%5D%29%280%29%3B%0A%20%20const%20scrollPRef%20%3D%20%280%2C%20__TURBOPACK__imported__module__72131__8%5B%22useRef%22%5D%29%280%29%3B%0A%20%20%280%2C%20__TURBOPACK__imported__module__72131__8%5B%22useEffect%22%5D%29%28%28%29%3D%3E%7B%0A%20%20const%20tick%20%3D%20%28%29%3D%3E%7B%0A%20%20const%20outer%20%3D%20outerRef.current%3B%0A%20%20if%20%28%21outer%29%20return%3B%0A%20%20const%20rect%20%3D%20outer.getBoundingClientRect%28%29%3B%0A%20%20if%20%28%21rect%29%20return%3B%0A%20%20const%20viewportMid%20%3D%20window.innerHeight%20%2F%202%3B%0A%20%20const%20elMid%20%3D%20rect.top%20%2B%20rect.height%20%2F%202%3B%0A%20%20const%20distanceToCenter%20%3D%20Math.abs%28viewportMid%20-%20elMid%29%3B%0A%20%20const%20threshold%20%3D%20window.innerHeight%20%2A%200.7%3B%0A%20%20let%20raw%20%3D%200%3B%0A%20%20if%20%28distanceToCenter%20%3C%20threshold%29%20%7B%0A%20%20raw%20%3D%201%20-%20distanceToCenter%20%2F%20threshold%3B%0A%20%20%7D%0A%20%20raw%20%3D%20Math.min%281%2C%20raw%20%2A%201.5%29%3B%0A%20%20scrollPRef.current%20%2B%3D%20%28raw%20-%20scrollPRef.current%29%20%2A%200.09%3B%0A%20%20const%20sc%20%3D%20scrollPRef.current%3B%0A%20%20wrapsRef.current.forEach%28%28wrap%2C%20i%29%3D%3E%7B%0A%20%20if%20%28%21wrap%29%20return%3B%0A%20%20const%20isCenter%20%3D%20i%20%3D%3D%3D%20Math.floor%28N%20%2F%202%29%3B%0A%20%20const%20moveX%20%3D%20sc%20%2A%20440%3B%0A%20%20const%20angle%20%3D%20fanAngles%5Bi%5D%20%2A%20ease%28sc%29%3B%0A%20%20curAngleRef.current%5Bi%5D%20%2B%3D%20%28angle%20-%20curAngleRef.current%5Bi%5D%29%20%2A%200.04%3B%0A%20%20const%20arc%20%3D%20-50%20%2A%20Math.sin%28ease%28sc%29%20%2A%20Math.PI%29%3B%0A%20%20curYRef.current%5Bi%5D%20%2B%3D%20%28arc%20-%20curYRef.current%5Bi%5D%29%20%2A%200.04%3B%0A%20%20wrap.style.transform%20%3D%20%60%0A%20%20%20%20%20%20%20%20%20%20translateX%28%24%7BmoveX%7Dpx%29%0A%20%20%20%20%20%20%20%20%20%20rotateZ%28%24%7BcurAngleRef.current%5Bi%5D%7Ddeg%29%0A%20%20%20%20%20%20%20%20%20%20translateY%28%24%7BcurYRef.current%5Bi%5D%7Dpx%29%0A%20%20%20%20%20%20%20%20%60%3B%0A%20%20wrap.style.opacity%20%3D%20isCenter%20%3F%20%221%22%20%3A%20String%28Math.min%281%2C%20sc%20%2A%201.5%29%29%3B%0A%20%20%7D%29%3B%0A%20%20if%20%28tarotRef.current%29%20%7B%0A%20%20tarotRef.current.style.opacity%20%3D%20Math.max%280%2C%20%28sc%20-%200.6%29%20%2A%202.5%29.toString%28%29%3B%0A%20%20%7D%0A%20%20rafRef.current%20%3D%20requestAnimationFrame%28tick%29%3B%0A%20%20%7D%3B%0A%20%20tick%28%29%3B%0A%20%20return%20%28%29%3D%3EcancelAnimationFrame%28rafRef.current%29%3B%0A%20%20%7D%2C%20%5B%5D%29%3B%0A%20%20return%20%2F%2A%23__PURE__%2A%2F%20%280%2C%20__TURBOPACK__imported__module__87924__7%5B%22jsxs%22%5D%29%28__TURBOPACK__imported__module__87924__7%5B%22Fragment%22%5D%2C%20%7B%0A%20%20children%3A%20%5B%0A%20%20%2F%2A%23__PURE__%2A%2F%20%280%2C%20__TURBOPACK__imported__module__87924__7%5B%22jsx%22%5D%29%28%22style%22%2C%20%7B%0A%20%20children%3A%20%60%0A%20%20%20%20%20%20%20%20%20%20%40keyframes%20hint-bob%20%7B%0A%20%20%20%20%20%20%20%20%20%20%20%2050%25%20%7B%20transform%3A%20translateX%28-50%25%29%20translateY%286px%29%3B%20%7D%0A%20%20%20%20%20%20%20%20%20%20%7D%0A%20%20%20%20%20%20%20%20%60%0A%20%20%7D%29%2C%0A%20%20%2F%2A%23__PURE__%2A%2F%20%280%2C%20__TURBOPACK__imported__module__87924__7%5B%22jsx%22%5D%29%28%22div%22%2C%20%7B%0A%20%20ref%3A%20outerRef%2C%0A%20%20className%3A%20%22relative%20w-full%20overflow-hidden%20flex%20items-center%20justify-center%22%2C%0A%20%20style%3A%20%7B%0A%20%20height%3A%20%2285svh%22%2C%0A%20%20background%3A%20%22%230d0500%22%2C%0A%20%20perspective%3A%20%22900px%22%0A%20%20%7D%2C%0A%20%20children%3A%20%2F%2A%23__PURE__%2A%2F%20%280%2C%20__TURBOPACK__imported__module__87924__7%5B%22jsxs%22%5D%29%28%22div%22%2C%20%7B%0A%20%20className%3A%20%22relative%22%2C%0A%20%20style%3A%20%7B%0A%20%20width%3A%201000%2C%0A%20%20height%3A%20400%0A%20%20%7D%2C%0A%20%20children%3A%20%5B%0A%20%20%2F%2A%23__PURE__%2A%2F%20%280%2C%20__TURBOPACK__imported__module__87924__7%5B%22jsx%22%5D%29%28%22div%22%2C%20%7B%0A%20%20className%3A%20%22%22%2C%0A%20%20children%3A%20CARDS.map%28%28card%2C%20i%29%3D%3E%2F%2A%23__PURE__%2A%2F%20%280%2C%20__TURBOPACK__imported__module__87924__7%5B%22jsx%22%5D%29%28%22div%22%2C%20%7B%0A%20%20ref%3A%20%28el%29%3D%3E%7B%0A%20%20if%20%28el%29%20wrapsRef.current%5Bi%5D%20%3D%20el%3B%0A%20%20%7D%2C%0A%20%20className%3A%20%22absolute%20cursor-pointer%22%2C%0A%20%20style%3A%20%7B%0A%20%20width%3A%20250%2C%0A%20%20height%3A%20350%2C%0A%20%20bottom%3A%200%2C%0A%20%20left%3A%20200%2C%0A%20%20transformOrigin%3A%20%22center%20bottom%22%2C%0A%20%20opacity%3A%200%0A%20%20%7D%2C%0A%20%20children%3A%20%2F%2A%23__PURE__%2A%2F%20%280%2C%20__TURBOPACK__imported__module__87924__7%5B%22jsx%22%5D%29%28%22div%22%2C%20%7B%0A%20%20className%3A%20%22w-full%20h-full%20rounded-2xl%20overflow-hidden%20relative%22%2C%0A%20%20style%3A%20%7B%0A%20%20%7D%2C%0A%20%20children%3A%20typeof%20card.img%20%3D%3D%3D%20%22string%22%20%3F%20%2F%2A%23__PURE__%2A%2F%20%280%2C%20__TURBOPACK__imported__module__87924__7%5B%22jsx%22%5D%29%28%22img%22%2C%20%7B%0A%20%20src%3A%20card.img%2C%0A%20%20alt%3A%20%60Card%20%24%7Bi%20%2B%201%7D%60%2C%0A%20%20className%3A%20%22w-full%20h-full%20object-cover%20rounded-2xl%22%0A%20%20%7D%29%20%3A%20%2F%2A%23__PURE__%2A%2F%20%280%2C%20__TURBOPACK__imported__module__87924__7%5B%22jsx%22%5D%29%28__TURBOPACK__imported__module__71987__4%5B%22default%22%5D%2C%20%7B%0A%20%20src%3A%20card.img%2C%0A%20%20alt%3A%20%60Card%20%24%7Bi%20%2B%201%7D%60%2C%0A%20%20fill%3A%20true%2C%0A%20%20sizes%3A%20%22250px%22%2C%0A%20%20className%3A%20%22object-cover%20rounded-2xl%22%2C%0A%20%20priority%3A%20i%20%3D%3D%3D%200%0A%20%20%7D%29%0A%20%20%7D%29%0A%20%20%7D%2C%20i%29%29%0A%20%20%7D%29%2C%0A%20%20%2F%2A%23__PURE__%2A%2F%20%280%2C%20__TURBOPACK__imported__module__87924__7%5B%22jsxs%22%5D%29%28%22div%22%2C%20%7B%0A%20%20ref%3A%20tarotRef%2C%0A%20%20className%3A%20%22absolute%20text-white%20pointer-events-none%20max-w-%5B500px%5D%22%2C%0A%20%20style%3A%20%7B%0A%20%20left%3A%20-90%2C%0A%20%20top%3A%20%2250%25%22%2C%0A%20%20transform%3A%20%22translateY%28-50%25%29%22%2C%0A%20%20fontSize%3A%2018%2C%0A%20%20lineHeight%3A%201.5%2C%0A%20%20opacity%3A%200%2C%0A%20%20transition%3A%20%22opacity%200.6s%20ease%22%0A%20%20%7D%2C%0A%20%20children%3A%20%5B%0A%20%20%2F%2A%23__PURE__%2A%2F%20%280%2C%20__TURBOPACK__imported__module__87924__7%5B%22jsx%22%5D%29%28%22h2%22%2C%20%7B%0A%20%20className%3A%20%22big-shoulders%20text-%5B%23F0EBE6%5D%20font-bold%20mb-4%20sm%3Amb-5%20md%3Amb-6%20leading-tight%20tracking-%5B0.02em%5D%20text-%5B48px%5D%20lg%3Atext-%5B64px%5D%20xl%3Atext-%5B87px%5D%22%2C%0A%20%20children%3A%20%22The%20Journey%20Ahead%22%0A%20%20%7D%29%2C%0A%20%20%2F%2A%23__PURE__%2A%2F%20%280%2C%20__TURBOPACK__imported__module__87924__7%5B%22jsx%22%5D%29%28%22p%22%2C%20%7B%0A%20%20className%3A%20%22geist%20text-%5B13px%5D%20sm%3Atext-%5B14px%5D%20md%3Atext-%5B16px%5D%20lg%3Atext-%5B16px%5D%20xl%3Atext-%5B16px%5D%20leading-relaxed%20sm%3Aleading-relaxed%20md%3Aleading-relaxed%20lg%3Aleading-relaxed%20px-%5B15px%5D%22%2C%0A%20%20children%3A%20%22The%20cards%20reveal%20hidden%20truths.%20Courage%20and%20wisdom%20guide%20you.%20Trust%20your%20instincts%2C%20embrace%20change%2C%20and%20let%20your%20inner%20light%20illuminate%20the%20path%20ahead.%20Challenges%20may%20arise%2C%20but%20clarity%20and%20insight%20will%20lead%20you%20to%20fulfillment.%22%0A%20%20%7D%29%0A%20%20%5D%0A%20%20%7D%29%0A%20%20%5D%0A%20%20%7D%29%0A%20%20%7D%29%0A%20%20%5D%0A%20%20%7D%29%3B%0A%20%20%7D%0A%20%20var%20__TURBOPACK__imported__module__87924__8%20%3D%20__TURBOPACK__imported__module__87924__%3B%0A%20%20var%20__TURBOPACK__imported__module__72131__9%20%3D%20__TURBOPACK__imported__module__72131__%3B%0A%20%20%2F%2A%2A%0A%20%20%20%2A%20Generate%20a%20list%20of%20every%20possible%20transform%20key.%0A%20%20%20%2A%2F%20const%20transformPropOrder%20%3D%20%5B%0A%20%20%22transformPerspective%22%2C%0A%20%20%22x%22%2C%0A%20%20%22y%22%2C%0A%20%20%22z%22%2C%0A%20%20%22translateX%22%2C%0A%20%20%22translateY%22%2C%0A%20%20%22translateZ%22%2C%0A%20%20%22scale%22%2C%0A%20%20%22scaleX%22%2C%0A%20%20%22scaleY%22%2C%0A%20%20%22rotate%22%2C%0A%20%20%22rotateX%22%2C%0A%20%20%22rotateY%22%2C%0A%20%20%22rotateZ%22%2C%0A%20%20%22skew%22%2C%0A%20%20%22skewX%22%2C%0A%20%20%22skewY%22%0A%20%20%5D%3B%0A%20%20%2F%2A%2A%0A%20%20%20%2A%20A%20quick%20lookup%20for%20transform%20props.%0A%20%20%20%2A%2F%20const%20transformProps%20%3D%20%2F%2A%40__PURE__%2A%2F%20%28%28%29%3D%3Enew%20Set%28transformPropOrder%29%29%28%29%3B%0A%20%20%3B%0A%20%20const%20clamp%20%3D%20%28min%2C%20max%2C%20v%29%3D%3E%7B%0A%20%20if%20%28v%20%3E%20max%29%20return%20max%3B%0A%20%20if%20%28v%20%3C%20min%29%20return%20min%3B%0A%20%20return%20v%3B%0A%20%20%7D%3B%0A%20%20%3B%0A%20%20%3B%0A%20%20const%20number%20%3D%20%7B%0A%20%20test%3A%20%28v%29%3D%3Etypeof%20v%20%3D%3D%3D%20%22number%22%2C%0A%20%20parse%3A%20parseFloat%2C%0A%20%20transform%3A%20%28v%29%3D%3Ev%0A%20%20%7D%3B%0A%20%20const%20alpha%20%3D%20%7B%0A%20%20...number%2C%0A%20%20transform%3A%20%28v%29%3D%3Eclamp%280%2C%201%2C%20v%29%0A%20%20%7D%3B%0A%20%20const%20scale%20%3D%20%7B%0A%20%20...number%2C%0A%20%20default%3A%201%0A%20%20%7D%3B%0A%20%20%3B%0A%20%20%2F%2F%20If%20this%20number%20is%20a%20decimal%2C%20make%20it%20just%20five%20decimal%20places%0A%20%20%2F%2F%20to%20avoid%20exponents%0A%20%20const%20sanitize%20%3D%20%28v%29%3D%3EMath.round%28v%20%2A%20100000%29%20%2F%20100000%3B%0A%20%20%3B%0A%20%20const%20floatRegex%20%3D%20%2F-%3F%28%3F%3A%5Cd%2B%28%3F%3A%5C.%5Cd%2B%29%3F%7C%5C.%5Cd%2B%29%2Fgu%3B%0A%20%20%3B%0A%20%20function%20isNullish%28v%29%20%7B%0A%20%20return%20v%20%3D%3D%20null%3B%0A%20%20%7D%0A%20%20%3B%0A%20%20const%20singleColorRegex%20%3D%20%2F%5E%28%3F%3A%23%5B%5Cda-f%5D%7B3%2C8%7D%7C%28%3F%3Argb%7Chsl%29a%3F%5C%28%28%3F%3A-%3F%5B%5Cd.%5D%2B%25%3F%5B%2C%5Cs%5D%2B%29%7B2%7D-%3F%5B%5Cd.%5D%2B%25%3F%5Cs%2A%28%3F%3A%5B%2C%2F%5D%5Cs%2A%29%3F%28%3F%3A%5Cb%5Cd%2B%28%3F%3A%5C.%5Cd%2B%29%3F%7C%5C.%5Cd%2B%29%3F%25%3F%5C%29%29%24%2Fiu%3B%0A%20%20%3B%0A%20%20%3B%0A%20%20%3B%0A%20%20%3B%0A%20%20%2F%2A%2A%0A%20%20%20%2A%20Returns%20true%20if%20the%20provided%20string%20is%20a%20color%2C%20ie%20rgba%280%2C0%2C0%2C0%29%20or%20%23000%2C%0A%20%20%20%2A%20but%20false%20if%20a%20number%20or%20multiple%20colors%0A%20%20%20%2A%2F%20const%20isColorString%20%3D%20%28type%2C%20testProp%29%3D%3E%28v%29%3D%3E%7B%0A%20%20return%20Boolean%28typeof%20v%20%3D%3D%3D%20%22string%22%20%26%26%20singleColorRegex.test%28v%29%20%26%26%20v.startsWith%28type%29%20%7C%7C%20testProp%20%26%26%20%21isNullish%28v%29%20%26%26%20Object.prototype.hasOwnProperty.call%28v%2C%20testProp%29%29%3B%0A%20%20%7D%3B%0A%20%20const%20splitColor%20%3D%20%28aName%2C%20bName%2C%20cName%29%3D%3E%28v%29%3D%3E%7B%0A%20%20if%20%28typeof%20v%20%21%3D%3D%20%22string%22%29%20return%20v%3B%0A%20%20const%20%5Ba%2C%20b%2C%20c%2C%20alpha%5D%20%3D%20v.match%28floatRegex%29%3B%0A%20%20return%20%7B%0A%20%20%5BaName%5D%3A%20parseFloat%28a%29%2C%0A%20%20%5BbName%5D%3A%20parseFloat%28b%29%2C%0A%20%20%5BcName%5D%3A%20parseFloat%28c%29%2C%0A%20%20alpha%3A%20alpha%20%21%3D%3D%20undefined%20%3F%20parseFloat%28alpha%29%20%3A%201%0A%20%20%7D%3B%0A%20%20%7D%3B%0A%20%20%3B%0A%20%20%3B%0A%20%20%3B%0A%20%20%3B%0A%20%20%3B%0A%20%20const%20clampRgbUnit%20%3D%20%28v%29%3D%3Eclamp%280%2C%20255%2C%20v%29%3B%0A%20%20const%20rgbUnit%20%3D%20%7B%0A%20%20...number%2C%0A%20%20transform%3A%20%28v%29%3D%3EMath.round%28clampRgbUnit%28v%29%29%0A%20%20%7D%3B%0A%20%20const%20rgba%20%3D%20%7B%0A%20%20test%3A%20%2F%2A%40__PURE__%2A%2F%20isColorString%28%22rgb%22%2C%20%22red%22%29%2C%0A%20%20parse%3A%20%2F%2A%40__PURE__%2A%2F%20splitColor%28%22red%22%2C%20%22green%22%2C%20%22blue%22%29%2C%0A%20%20transform%3A%20%28%7B%20red%2C%20green%2C%20blue%2C%20alpha%3A%20alpha%241%20%3D%201%20%7D%29%3D%3E%22rgba%28%22%20%2B%20rgbUnit.transform%28red%29%20%2B%20%22%2C%20%22%20%2B%20rgbUnit.transform%28green%29%20%2B%20%22%2C%20%22%20%2B%20rgbUnit.transform%28blue%29%20%2B%20%22%2C%20%22%20%2B%20sanitize%28alpha.transform%28alpha%241%29%29%20%2B%20%22%29%22%0A%20%20%7D%3B%0A%20%20%3B%0A%20%20%3B%0A%20%20%3B%0A%20%20function%20parseHex%28v%29%20%7B%0A%20%20let%20r%20%3D%20%22%22%3B%0A%20%20let%20g%20%3D%20%22%22%3B%0A%20%20let%20b%20%3D%20%22%22%3B%0A%20%20let%20a%20%3D%20%22%22%3B%0A%20%20%2F%2F%20If%20we%20have%206%20characters%2C%20ie%20%23FF0000%0A%20%20if%20%28v.length%20%3E%205%29%20%7B%0A%20%20r%20%3D%20v.substring%281%2C%203%29%3B%0A%20%20g%20%3D%20v.substring%283%2C%205%29%3B%0A%20%20b%20%3D%20v.substring%285%2C%207%29%3B%0A%20%20a%20%3D%20v.substring%287%2C%209%29%3B%0A%20%20%2F%2F%20Or%20we%20have%203%20characters%2C%20ie%20%23F00%0A%20%20%7D%20else%20%7B%0A%20%20r%20%3D%20v.substring%281%2C%202%29%3B%0A%20%20g%20%3D%20v.substring%282%2C%203%29%3B%0A%20%20b%20%3D%20v.substring%283%2C%204%29%3B%0A%20%20a%20%3D%20v.substring%284%2C%205%29%3B%0A%20%20r%20%2B%3D%20r%3B%0A%20%20g%20%2B%3D%20g%3B%0A%20%20b%20%2B%3D%20b%3B%0A%20%20a%20%2B%3D%20a%3B%0A%20%20%7D%0A%20%20return%20%7B%0A%20%20red%3A%20parseInt%28r%2C%2016%29%2C%0A%20%20green%3A%20parseInt%28g%2C%2016%29%2C%0A%20%20blue%3A%20parseInt%28b%2C%2016%29%2C%0A%20%20alpha%3A%20a%20%3F%20parseInt%28a%2C%2016%29%20%2F%20255%20%3A%201%0A%20%20%7D%3B%0A%20%20%7D%0A%20%20const%20hex%20%3D%20%7B%0A%20%20test%3A%20%2F%2A%40__PURE__%2A%2F%20isColorString%28%22%23%22%29%2C%0A%20%20parse%3A%20parseHex%2C%0A%20%20transform%3A%20rgba.transform%0A%20%20%7D%3B%0A%20%20%3B%0A%20%20%2F%2A%23__NO_SIDE_EFFECTS__%2A%2F%20const%20createUnitType%20%3D%20%28unit%29%3D%3E%28%7B%0A%20%20test%3A%20%28v%29%3D%3Etypeof%20v%20%3D%3D%3D%20%22string%22%20%26%26%20v.endsWith%28unit%29%20%26%26%20v.split%28%22%20%22%29.length%20%3D%3D%3D%201%2C%0A%20%20parse%3A%20parseFloat%2C%0A%20%20transform%3A%20%28v%29%3D%3E%60%24%7Bv%7D%24%7Bunit%7D%60%0A%20%20%7D%29%3B%0A%20%20const%20degrees%20%3D%20%2F%2A%40__PURE__%2A%2F%20createUnitType%28%22deg%22%29%3B%0A%20%20const%20percent%20%3D%20%2F%2A%40__PURE__%2A%2F%20createUnitType%28%22%25%22%29%3B%0A%20%20const%20px%20%3D%20%2F%2A%40__PURE__%2A%2F%20createUnitType%28%22px%22%29%3B%0A%20%20const%20vh%20%3D%20%2F%2A%40__PURE__%2A%2F%20createUnitType%28%22vh%22%29%3B%0A%20%20const%20vw%20%3D%20%2F%2A%40__PURE__%2A%2F%20createUnitType%28%22vw%22%29%3B%0A%20%20const%20progressPercentage%20%3D%20%2F%2A%40__PURE__%2A%2F%20%28%28%29%3D%3E%28%7B%0A%20%20...percent%2C%0A%20%20parse%3A%20%28v%29%3D%3Epercent.parse%28v%29%20%2F%20100%2C%0A%20%20transform%3A%20%28v%29%3D%3Epercent.transform%28v%20%2A%20100%29%0A%20%20%7D%29%29%28%29%3B%0A%20%20%3B%0A%20%20%3B%0A%20%20%3B%0A%20%20%3B%0A%20%20%3B%0A%20%20const%20hsla%20%3D%20%7B%0A%20%20test%3A%20%2F%2A%40__PURE__%2A%2F%20isColorString%28%22hsl%22%2C%20%22hue%22%29%2C%0A%20%20parse%3A%20%2F%2A%40__PURE__%2A%2F%20splitColor%28%22hue%22%2C%20%22saturation%22%2C%20%22lightness%22%29%2C%0A%20%20transform%3A%20%28%7B%20hue%2C%20saturation%2C%20lightness%2C%20alpha%3A%20alpha%241%20%3D%201%20%7D%29%3D%3E%7B%0A%20%20return%20%22hsla%28%22%20%2B%20Math.round%28hue%29%20%2B%20%22%2C%20%22%20%2B%20percent.transform%28sanitize%28saturation%29%29%20%2B%20%22%2C%20%22%20%2B%20percent.transform%28sanitize%28lightness%29%29%20%2B%20%22%2C%20%22%20%2B%20sanitize%28alpha.transform%28alpha%241%29%29%20%2B%20%22%29%22%3B%0A%20%20%7D%0A%20%20%7D%3B%0A%20%20%3B%0A%20%20%3B%0A%20%20%3B%0A%20%20%3B%0A%20%20const%20color%20%3D%20%7B%0A%20%20test%3A%20%28v%29%3D%3Ergba.test%28v%29%20%7C%7C%20hex.test%28v%29%20%7C%7C%20hsla.test%28v%29%2C%0A%20%20parse%3A%20%28v%29%3D%3E%7B%0A%20%20if%20%28rgba.test%28v%29%29%20%7B%0A%20%20return%20rgba.parse%28v%29%3B%0A%20%20%7D%20else%20if%20%28hsla.test%28v%29%29%20%7B%0A%20%20return%20hsla.parse%28v%29%3B%0A%20%20%7D%20else%20%7B%0A%20%20return%20hex.parse%28v%29%3B%0A%20%20%7D%0A%20%20%7D%2C%0A%20%20transform%3A%20%28v%29%3D%3E%7B%0A%20%20return%20typeof%20v%20%3D%3D%3D%20%22string%22%20%3F%20v%20%3A%20v.hasOwnProperty%28%22red%22%29%20%3F%20rgba.transform%28v%29%20%3A%20hsla.transform%28v%29%3B%0A%20%20%7D%2C%0A%20%20getAnimatableNone%3A%20%28v%29%3D%3E%7B%0A%20%20const%20parsed%20%3D%20color.parse%28v%29%3B%0A%20%20parsed.alpha%20%3D%200%3B%0A%20%20return%20color.transform%28parsed%29%3B%0A%20%20%7D%0A%20%20%7D%3B%0A%20%20%3B%0A%20%20const%20colorRegex%20%3D%20%2F%28%3F%3A%23%5B%5Cda-f%5D%7B3%2C8%7D%7C%28%3F%3Argb%7Chsl%29a%3F%5C%28%28%3F%3A-%3F%5B%5Cd.%5D%2B%25%3F%5B%2C%5Cs%5D%2B%29%7B2%7D-%3F%5B%5Cd.%5D%2B%25%3F%5Cs%2A%28%3F%3A%5B%2C%2F%5D%5Cs%2A%29%3F%28%3F%3A%5Cb%5Cd%2B%28%3F%3A%5C.%5Cd%2B%29%3F%7C%5C.%5Cd%2B%29%3F%25%3F%5C%29%29%2Fgiu%3B%0A%20%20%3B%0A%20%20%3B%0A%20%20%3B%0A%20%20%3B%0A%20%20%3B%0A%20%20function%20test%28v%29%20%7B%0A%20%20return%20isNaN%28v%29%20%26%26%20typeof%20v%20%3D%3D%3D%20%22string%22%20%26%26%20%28v.match%28floatRegex%29%3F.length%20%7C%7C%200%29%20%2B%20%28v.match%28colorRegex%29%3F.length%20%7C%7C%200%29%20%3E%200%3B%0A%20%20%7D%0A%20%20const%20NUMBER_TOKEN%20%3D%20%22number%22%3B%0A%20%20const%20COLOR_TOKEN%20%3D%20%22color%22%3B%0A%20%20const%20VAR_TOKEN%20%3D%20%22var%22%3B%0A%20%20const%20VAR_FUNCTION_TOKEN%20%3D%20%22var%28%22%3B%0A%20%20const%20SPLIT_TOKEN%20%3D%20%22%24%7B%7D%22%3B%0A%20%20%2F%2F%20this%20regex%20consists%20of%20the%20%60singleCssVariableRegex%7CrgbHSLValueRegex%7CdigitRegex%60%0A%20%20const%20complexRegex%20%3D%20%2Fvar%5Cs%2A%5C%28%5Cs%2A--%28%3F%3A%5B%5Cw-%5D%2B%5Cs%2A%7C%5B%5Cw-%5D%2B%5Cs%2A%2C%28%3F%3A%5Cs%2A%5B%5E%29%28%5Cs%5D%7C%5Cs%2A%5C%28%28%3F%3A%5B%5E%29%28%5D%7C%5C%28%5B%5E%29%28%5D%2A%5C%29%29%2A%5C%29%29%2B%5Cs%2A%29%5C%29%7C%23%5B%5Cda-f%5D%7B3%2C8%7D%7C%28%3F%3Argb%7Chsl%29a%3F%5C%28%28%3F%3A-%3F%5B%5Cd.%5D%2B%25%3F%5B%2C%5Cs%5D%2B%29%7B2%7D-%3F%5B%5Cd.%5D%2B%25%3F%5Cs%2A%28%3F%3A%5B%2C%2F%5D%5Cs%2A%29%3F%28%3F%3A%5Cb%5Cd%2B%28%3F%3A%5C.%5Cd%2B%29%3F%7C%5C.%5Cd%2B%29%3F%25%3F%5C%29%7C-%3F%28%3F%3A%5Cd%2B%28%3F%3A%5C.%5Cd%2B%29%3F%7C%5C.%5Cd%2B%29%2Fgiu%3B%0A%20%20function%20analyseComplexValue%28value%29%20%7B%0A%20%20const%20originalValue%20%3D%20value.toString%28%29%3B%0A%20%20const%20values%20%3D%20%5B%5D%3B%0A%20%20const%20indexes%20%3D%20%7B%0A%20%20color%3A%20%5B%5D%2C%0A%20%20number%3A%20%5B%5D%2C%0A%20%20var%3A%20%5B%5D%0A%20%20%7D%3B%0A%20%20const%20types%20%3D%20%5B%5D%3B%0A%20%20let%20i%20%3D%200%3B%0A%20%20const%20tokenised%20%3D%20originalValue.replace%28complexRegex%2C%20%28parsedValue%29%3D%3E%7B%0A%20%20if%20%28color.test%28parsedValue%29%29%20%7B%0A%20%20indexes.color.push%28i%29%3B%0A%20%20types.push%28COLOR_TOKEN%29%3B%0A%20%20values.push%28color.parse%28parsedValue%29%29%3B%0A%20%20%7D%20else%20if%20%28parsedValue.startsWith%28VAR_FUNCTION_TOKEN%29%29%20%7B%0A%20%20indexes.var.push%28i%29%3B%0A%20%20types.push%28VAR_TOKEN%29%3B%0A%20%20values.push%28parsedValue%29%3B%0A%20%20%7D%20else%20%7B%0A%20%20indexes.number.push%28i%29%3B%0A%20%20types.push%28NUMBER_TOKEN%29%3B%0A%20%20values.push%28parseFloat%28parsedValue%29%29%3B%0A%20%20%7D%0A%20%20%2B%2Bi%3B%0A%20%20return%20SPLIT_TOKEN%3B%0A%20%20%7D%29%3B%0A%20%20const%20split%20%3D%20tokenised.split%28SPLIT_TOKEN%29%3B%0A%20%20return%20%7B%0A%20%20values%2C%0A%20%20split%2C%0A%20%20indexes%2C%0A%20%20types%0A%20%20%7D%3B%0A%20%20%7D%0A%20%20function%20parseComplexValue%28v%29%20%7B%0A%20%20return%20analyseComplexValue%28v%29.values%3B%0A%20%20%7D%0A%20%20function%20buildTransformer%28%7B%20split%2C%20types%20%7D%29%20%7B%0A%20%20const%20numSections%20%3D%20split.length%3B%0A%20%20return%20%28v%29%3D%3E%7B%0A%20%20let%20output%20%3D%20%22%22%3B%0A%20%20for%28let%20i%20%3D%200%3B%20i%20%3C%20numSections%3B%20i%2B%2B%29%7B%0A%20%20output%20%2B%3D%20split%5Bi%5D%3B%0A%20%20if%20%28v%5Bi%5D%20%21%3D%3D%20undefined%29%20%7B%0A%20%20const%20type%20%3D%20types%5Bi%5D%3B%0A%20%20if%20%28type%20%3D%3D%3D%20NUMBER_TOKEN%29%20%7B%0A%20%20output%20%2B%3D%20sanitize%28v%5Bi%5D%29%3B%0A%20%20%7D%20else%20if%20%28type%20%3D%3D%3D%20COLOR_TOKEN%29%20%7B%0A%20%20output%20%2B%3D%20color.transform%28v%5Bi%5D%29%3B%0A%20%20%7D%20else%20%7B%0A%20%20output%20%2B%3D%20v%5Bi%5D%3B%0A%20%20%7D%0A%20%20%7D%0A%20%20%7D%0A%20%20return%20output%3B%0A%20%20%7D%3B%0A%20%20%7D%0A%20%20function%20createTransformer%28source%29%20%7B%0A%20%20return%20buildTransformer%28analyseComplexValue%28source%29%29%3B%0A%20%20%7D%0A%20%20const%20convertNumbersToZero%20%3D%20%28v%29%3D%3Etypeof%20v%20%3D%3D%3D%20%22number%22%20%3F%200%20%3A%20color.test%28v%29%20%3F%20color.getAnimatableNone%28v%29%20%3A%20v%3B%0A%20%20%2F%2A%2A%0A%20%20%20%2A%20Convert%20a%20parsed%20value%20to%20its%20zero%20equivalent%2C%20but%20preserve%20numbers%0A%20%20%20%2A%20that%20act%20as%20divisors%20in%20CSS%20calc%28%29%20expressions.%0A%20%20%20%2A%0A%20%20%20%2A%20analyseComplexValue%20extracts%20numbers%20from%20CSS%20strings%20and%20puts%20the%0A%20%20%20%2A%20surrounding%20text%20into%20a%20%60split%60%20template%20array.%20For%20example%3A%0A%20%20%20%2A%20%20%20%22calc%28var%28--gap%29%20%2F%205%29%22%20%20%E2%86%92%20%20values%3A%20%5Bvar%28--gap%29%2C%205%5D%0A%20%20%20%2A%20%20%20%20%20%20%20%20%20%20%20%20%20%20%20%20%20%20%20%20%20%20%20%20%20%20%20%20%20%20%20split%3A%20%20%5B%22calc%28%22%2C%20%22%20%2F%20%22%2C%20%22%29%22%5D%0A%20%20%20%2A%0A%20%20%20%2A%20When%20building%20a%20zero-equivalent%20for%20animation%2C%20naively%20zeroing%20all%0A%20%20%20%2A%20numbers%20turns%20the%20divisor%20into%200%20%E2%86%92%20%22calc%28var%28--gap%29%20%2F%200%29%22%20%E2%86%92%20NaN.%0A%20%20%20%2A%20We%20detect%20this%20by%20checking%20whether%20the%20text%20preceding%20a%20number%0A%20%20%20%2A%20%28split%5Bi%5D%29%20ends%20with%20%22%2F%22%20%E2%80%94%20the%20CSS%20calc%20division%20operator.%0A%20%20%20%2A%2F%20const%20convertToZero%20%3D%20%28value%2C%20splitBefore%29%3D%3E%7B%0A%20%20if%20%28typeof%20value%20%3D%3D%3D%20%22number%22%29%20%7B%0A%20%20return%20splitBefore%3F.trim%28%29.endsWith%28%22%2F%22%29%20%3F%20value%20%3A%200%3B%0A%20%20%7D%0A%20%20return%20convertNumbersToZero%28value%29%3B%0A%20%20%7D%3B%0A%20%20function%20getAnimatableNone%28v%29%20%7B%0A%20%20const%20info%20%3D%20analyseComplexValue%28v%29%3B%0A%20%20const%20transformer%20%3D%20buildTransformer%28info%29%3B%0A%20%20return%20transformer%28info.values.map%28%28value%2C%20i%29%3D%3EconvertToZero%28value%2C%20info.split%5Bi%5D%29%29%29%3B%0A%20%20%7D%0A%20%20const%20complex%20%3D%20%7B%0A%20%20test%2C%0A%20%20parse%3A%20parseComplexValue%2C%0A%20%20createTransformer%2C%0A%20%20getAnimatableNone%0A%20%20%7D%3B%0A%20%20%3B%0A%20%20%3B%0A%20%20%3B%0A%20%20%2F%2A%2A%0A%20%20%20%2A%20Properties%20that%20should%20default%20to%201%20or%20100%25%0A%20%20%20%2A%2F%20const%20maxDefaults%20%3D%20new%20Set%28%5B%0A%20%20%22brightness%22%2C%0A%20%20%22contrast%22%2C%0A%20%20%22saturate%22%2C%0A%20%20%22opacity%22%0A%20%20%5D%29%3B%0A%20%20function%20applyDefaultFilter%28v%29%20%7B%0A%20%20const%20%5Bname%2C%20value%5D%20%3D%20v.slice%280%2C%20-1%29.split%28%22%28%22%29%3B%0A%20%20if%20%28name%20%3D%3D%3D%20%22drop-shadow%22%29%20return%20v%3B%0A%20%20const%20%5Bnumber%5D%20%3D%20value.match%28floatRegex%29%20%7C%7C%20%5B%5D%3B%0A%20%20if%20%28%21number%29%20return%20v%3B%0A%20%20const%20unit%20%3D%20value.replace%28number%2C%20%22%22%29%3B%0A%20%20let%20defaultValue%20%3D%20maxDefaults.has%28name%29%20%3F%201%20%3A%200%3B%0A%20%20if%20%28number%20%21%3D%3D%20value%29%20defaultValue%20%2A%3D%20100%3B%0A%20%20return%20name%20%2B%20%22%28%22%20%2B%20defaultValue%20%2B%20unit%20%2B%20%22%29%22%3B%0A%20%20%7D%0A%20%20const%20functionRegex%20%3D%20%2F%5Cb%28%5Ba-z-%5D%2A%29%5C%28.%2A%3F%5C%29%2Fgu%3B%0A%20%20const%20filter%20%3D%20%7B%0A%20%20...complex%2C%0A%20%20getAnimatableNone%3A%20%28v%29%3D%3E%7B%0A%20%20const%20functions%20%3D%20v.match%28functionRegex%29%3B%0A%20%20return%20functions%20%3F%20functions.map%28applyDefaultFilter%29.join%28%22%20%22%29%20%3A%20v%3B%0A%20%20%7D%0A%20%20%7D%3B%0A%20%20%3B%0A%20%20%3B%0A%20%20const%20mask%20%3D%20%7B%0A%20%20...complex%2C%0A%20%20getAnimatableNone%3A%20%28v%29%3D%3E%7B%0A%20%20const%20parsed%20%3D%20complex.parse%28v%29%3B%0A%20%20const%20transformer%20%3D%20complex.createTransformer%28v%29%3B%0A%20%20return%20transformer%28parsed.map%28%28v%29%3D%3Etypeof%20v%20%3D%3D%3D%20%22number%22%20%3F%200%20%3A%20typeof%20v%20%3D%3D%3D%20%22object%22%20%3F%20%7B%0A%20%20...v%2C%0A%20%20alpha%3A%201%0A%20%20%7D%20%3A%20v%29%29%3B%0A%20%20%7D%0A%20%20%7D%3B%0A%20%20%3B%0A%20%20%3B%0A%20%20const%20int%20%3D%20%7B%0A%20%20...number%2C%0A%20%20transform%3A%20Math.round%0A%20%20%7D%3B%0A%20%20%3B%0A%20%20%3B%0A%20%20%3B%0A%20%20const%20transformValueTypes%20%3D%20%7B%0A%20%20rotate%3A%20degrees%2C%0A%20%20rotateX%3A%20degrees%2C%0A%20%20rotateY%3A%20degrees%2C%0A%20%20rotateZ%3A%20degrees%2C%0A%20%20scale%3A%20scale%2C%0A%20%20scaleX%3A%20scale%2C%0A%20%20scaleY%3A%20scale%2C%0A%20%20scaleZ%3A%20scale%2C%0A%20%20skew%3A%20degrees%2C%0A%20%20skewX%3A%20degrees%2C%0A%20%20skewY%3A%20degrees%2C%0A%20%20distance%3A%20px%2C%0A%20%20translateX%3A%20px%2C%0A%20%20translateY%3A%20px%2C%0A%20%20translateZ%3A%20px%2C%0A%20%20x%3A%20px%2C%0A%20%20y%3A%20px%2C%0A%20%20z%3A%20px%2C%0A%20%20perspective%3A%20px%2C%0A%20%20transformPerspective%3A%20px%2C%0A%20%20opacity%3A%20alpha%2C%0A%20%20originX%3A%20progressPercentage%2C%0A%20%20originY%3A%20progressPercentage%2C%0A%20%20originZ%3A%20px%0A%20%20%7D%3B%0A%20%20%3B%0A%20%20%3B%0A%20%20%3B%0A%20%20%3B%0A%20%20%3B%0A%20%20const%20numberValueTypes%20%3D%20%7B%0A%20%20%2F%2F%20Border%20props%0A%20%20borderWidth%3A%20px%2C%0A%20%20borderTopWidth%3A%20px%2C%0A%20%20borderRightWidth%3A%20px%2C%0A%20%20borderBottomWidth%3A%20px%2C%0A%20%20borderLeftWidth%3A%20px%2C%0A%20%20borderRadius%3A%20px%2C%0A%20%20borderTopLeftRadius%3A%20px%2C%0A%20%20borderTopRightRadius%3A%20px%2C%0A%20%20borderBottomRightRadius%3A%20px%2C%0A%20%20borderBottomLeftRadius%3A%20px%2C%0A%20%20%2F%2F%20Positioning%20props%0A%20%20width%3A%20px%2C%0A%20%20maxWidth%3A%20px%2C%0A%20%20height%3A%20px%2C%0A%20%20maxHeight%3A%20px%2C%0A%20%20top%3A%20px%2C%0A%20%20right%3A%20px%2C%0A%20%20bottom%3A%20px%2C%0A%20%20left%3A%20px%2C%0A%20%20inset%3A%20px%2C%0A%20%20insetBlock%3A%20px%2C%0A%20%20insetBlockStart%3A%20px%2C%0A%20%20insetBlockEnd%3A%20px%2C%0A%20%20insetInline%3A%20px%2C%0A%20%20insetInlineStart%3A%20px%2C%0A%20%20insetInlineEnd%3A%20px%2C%0A%20%20%2F%2F%20Spacing%20props%0A%20%20padding%3A%20px%2C%0A%20%20paddingTop%3A%20px%2C%0A%20%20paddingRight%3A%20px%2C%0A%20%20paddingBottom%3A%20px%2C%0A%20%20paddingLeft%3A%20px%2C%0A%20%20paddingBlock%3A%20px%2C%0A%20%20paddingBlockStart%3A%20px%2C%0A%20%20paddingBlockEnd%3A%20px%2C%0A%20%20paddingInline%3A%20px%2C%0A%20%20paddingInlineStart%3A%20px%2C%0A%20%20paddingInlineEnd%3A%20px%2C%0A%20%20margin%3A%20px%2C%0A%20%20marginTop%3A%20px%2C%0A%20%20marginRight%3A%20px%2C%0A%20%20marginBottom%3A%20px%2C%0A%20%20marginLeft%3A%20px%2C%0A%20%20marginBlock%3A%20px%2C%0A%20%20marginBlockStart%3A%20px%2C%0A%20%20marginBlockEnd%3A%20px%2C%0A%20%20marginInline%3A%20px%2C%0A%20%20marginInlineStart%3A%20px%2C%0A%20%20marginInlineEnd%3A%20px%2C%0A%20%20%2F%2F%20Typography%0A%20%20fontSize%3A%20px%2C%0A%20%20%2F%2F%20Misc%0A%20%20backgroundPositionX%3A%20px%2C%0A%20%20backgroundPositionY%3A%20px%2C%0A%20%20...transformValueTypes%2C%0A%20%20zIndex%3A%20int%2C%0A%20%20%2F%2F%20SVG%0A%20%20fillOpacity%3A%20alpha%2C%0A%20%20strokeOpacity%3A%20alpha%2C%0A%20%20numOctaves%3A%20int%0A%20%20%7D%3B%0A%20%20%3B%0A%20%20%3B%0A%20%20%3B%0A%20%20%3B%0A%20%20%3B%0A%20%20%2F%2A%2A%0A%20%20%20%2A%20A%20map%20of%20default%20value%20types%20for%20common%20values%0A%20%20%20%2A%2F%20const%20defaultValueTypes%20%3D%20%7B%0A%20%20...numberValueTypes%2C%0A%20%20%2F%2F%20Color%20props%0A%20%20color%3A%20color%2C%0A%20%20backgroundColor%3A%20color%2C%0A%20%20outlineColor%3A%20color%2C%0A%20%20fill%3A%20color%2C%0A%20%20stroke%3A%20color%2C%0A%20%20%2F%2F%20Border%20props%0A%20%20borderColor%3A%20color%2C%0A%20%20borderTopColor%3A%20color%2C%0A%20%20borderRightColor%3A%20color%2C%0A%20%20borderBottomColor%3A%20color%2C%0A%20%20borderLeftColor%3A%20color%2C%0A%20%20filter%3A%20filter%2C%0A%20%20WebkitFilter%3A%20filter%2C%0A%20%20mask%3A%20mask%2C%0A%20%20WebkitMask%3A%20mask%0A%20%20%7D%3B%0A%20%20%2F%2A%2A%0A%20%20%20%2A%20Gets%20the%20default%20ValueType%20for%20the%20provided%20value%20key%0A%20%20%20%2A%2F%20const%20getDefaultValueType%20%3D%20%28key%29%3D%3EdefaultValueTypes%5Bkey%5D%3B%0A%20%20%3B%0A%20%20const%20createAxisDelta%20%3D%20%28%29%3D%3E%28%7B%0A%20%20translate%3A%200%2C%0A%20%20scale%3A%201%2C%0A%20%20origin%3A%200%2C%0A%20%20originPoint%3A%200%0A%20%20%7D%29%3B%0A%20%20const%20createDelta%20%3D%20%28%29%3D%3E%28%7B%0A%20%20x%3A%20createAxisDelta%28%29%2C%0A%20%20y%3A%20createAxisDelta%28%29%0A%20%20%7D%29%3B%0A%20%20const%20createAxis%20%3D%20%28%29%3D%3E%28%7B%0A%20%20min%3A%200%2C%0A%20%20max%3A%200%0A%20%20%7D%29%3B%0A%20%20const%20createBox%20%3D%20%28%29%3D%3E%28%7B%0A%20%20x%3A%20createAxis%28%29%2C%0A%20%20y%3A%20createAxis%28%29%0A%20%20%7D%29%3B%0A%20%20%3B%0A%20%20const%20isMotionValue%20%3D%20%28value%29%3D%3EBoolean%28value%20%26%26%20value.getVelocity%29%3B%0A%20%20%3B%0A%20%20%3B%0A%20%20const%20positionalKeys%20%3D%20new%20Set%28%5B%0A%20%20%22width%22%2C%0A%20%20%22height%22%2C%0A%20%20%22top%22%2C%0A%20%20%22left%22%2C%0A%20%20%22right%22%2C%0A%20%20%22bottom%22%2C%0A%20%20...transformPropOrder%0A%20%20%5D%29%3B%0A%20%20%3B%0A%20%20%2F%2A%2A%0A%20%20%20%2A%20ValueType%20for%20%22auto%22%0A%20%20%20%2A%2F%20const%20auto%20%3D%20%7B%0A%20%20test%3A%20%28v%29%3D%3Ev%20%3D%3D%3D%20%22auto%22%2C%0A%20%20parse%3A%20%28v%29%3D%3Ev%0A%20%20%7D%3B%0A%20%20%3B%0A%20%20%2F%2A%2A%0A%20%20%20%2A%20Tests%20a%20provided%20value%20against%20a%20ValueType%0A%20%20%20%2A%2F%20const%20testValueType%20%3D%20%28v%29%3D%3E%28type%29%3D%3Etype.test%28v%29%3B%0A%20%20%3B%0A%20%20%3B%0A%20%20%3B%0A%20%20%3B%0A%20%20%3B%0A%20%20%2F%2A%2A%0A%20%20%20%2A%20A%20list%20of%20value%20types%20commonly%20used%20for%20dimensions%0A%20%20%20%2A%2F%20const%20dimensionValueTypes%20%3D%20%5B%0A%20%20number%2C%0A%20%20px%2C%0A%20%20percent%2C%0A%20%20degrees%2C%0A%20%20vw%2C%0A%20%20vh%2C%0A%20%20auto%0A%20%20%5D%3B%0A%20%20%2F%2A%2A%0A%20%20%20%2A%20Tests%20a%20dimensional%20value%20against%20the%20list%20of%20dimension%20ValueTypes%0A%20%20%20%2A%2F%20const%20findDimensionValueType%20%3D%20%28v%29%3D%3EdimensionValueTypes.find%28testValueType%28v%29%29%3B%0A%20%20%3B%0A%20%20function%20formatErrorMessage%28message%2C%20errorCode%29%20%7B%0A%20%20return%20errorCode%20%3F%20%60%24%7Bmessage%7D.%20For%20more%20information%20and%20steps%20for%20solving%2C%20visit%20https%3A%2F%2Fmotion.dev%2Ftroubleshooting%2F%24%7BerrorCode%7D%60%20%3A%20message%3B%0A%20%20%7D%0A%20%20%3B%0A%20%20%3B%0A%20%20let%20warning%20%3D%20%28%29%3D%3E%7B%7D%3B%0A%20%20let%20invariant%20%3D%20%28%29%3D%3E%7B%7D%3B%0A%20%20if%20%28typeof%20process%20%21%3D%3D%20%22undefined%22%20%26%26%20%28%22TURBOPACK%20compile-time%20value%22%2C%20%22production%22%29%20%21%3D%3D%20%22production%22%29%20%7B%0A%20%20warning%20%3D%20%28check%2C%20message%2C%20errorCode%29%3D%3E%7B%0A%20%20if%20%28%21check%20%26%26%20typeof%20console%20%21%3D%3D%20%22undefined%22%29%20%7B%0A%20%20console.warn%28formatErrorMessage%28message%2C%20errorCode%29%29%3B%0A%20%20%7D%0A%20%20%7D%3B%0A%20%20invariant%20%3D%20%28check%2C%20message%2C%20errorCode%29%3D%3E%7B%0A%20%20if%20%28%21check%29%20%7B%0A%20%20throw%20new%20Error%28formatErrorMessage%28message%2C%20errorCode%29%29%3B%0A%20%20%7D%0A%20%20%7D%3B%0A%20%20%7D%0A%20%20%3B%0A%20%20%2F%2A%2A%0A%20%20%20%2A%20Check%20if%20value%20is%20a%20numerical%20string%2C%20ie%20a%20string%20that%20is%20purely%20a%20number%20eg%20%22100%22%20or%20%22-100.1%22%0A%20%20%20%2A%2F%20const%20isNumericalString%20%3D%20%28v%29%3D%3E%2F%5E-%3F%28%3F%3A%5Cd%2B%28%3F%3A%5C.%5Cd%2B%29%3F%7C%5C.%5Cd%2B%29%24%2Fu.test%28v%29%3B%0A%20%20%3B%0A%20%20const%20checkStringStartsWith%20%3D%20%28token%29%3D%3E%28key%29%3D%3Etypeof%20key%20%3D%3D%3D%20%22string%22%20%26%26%20key.startsWith%28token%29%3B%0A%20%20const%20isCSSVariableName%20%3D%20%2F%2A%40__PURE__%2A%2F%20checkStringStartsWith%28%22--%22%29%3B%0A%20%20const%20startsAsVariableToken%20%3D%20%2F%2A%40__PURE__%2A%2F%20checkStringStartsWith%28%22var%28--%22%29%3B%0A%20%20const%20isCSSVariableToken%20%3D%20%28value%29%3D%3E%7B%0A%20%20const%20startsWithToken%20%3D%20startsAsVariableToken%28value%29%3B%0A%20%20if%20%28%21startsWithToken%29%20return%20false%3B%0A%20%20%2F%2F%20Ensure%20any%20comments%20are%20stripped%20from%20the%20value%20as%20this%20can%20harm%20performance%20of%20the%20regex.%0A%20%20return%20singleCssVariableRegex.test%28value.split%28%22%2F%2A%22%29%5B0%5D.trim%28%29%29%3B%0A%20%20%7D%3B%0A%20%20const%20singleCssVariableRegex%20%3D%20%2Fvar%5C%28--%28%3F%3A%5B%5Cw-%5D%2B%5Cs%2A%7C%5B%5Cw-%5D%2B%5Cs%2A%2C%28%3F%3A%5Cs%2A%5B%5E%29%28%5Cs%5D%7C%5Cs%2A%5C%28%28%3F%3A%5B%5E%29%28%5D%7C%5C%28%5B%5E%29%28%5D%2A%5C%29%29%2A%5C%29%29%2B%5Cs%2A%29%5C%29%24%2Fiu%3B%0A%20%20%2F%2A%2A%0A%20%20%20%2A%20Check%20if%20a%20value%20contains%20a%20CSS%20variable%20anywhere%20%28e.g.%20inside%20calc%28%29%29.%0A%20%20%20%2A%20Unlike%20isCSSVariableToken%20which%20checks%20if%20the%20value%20IS%20a%20var%28%29%20token%2C%0A%20%20%20%2A%20this%20checks%20if%20the%20value%20CONTAINS%20var%28%29%20somewhere%20in%20the%20string.%0A%20%20%20%2A%2F%20function%20containsCSSVariable%28value%29%20%7B%0A%20%20if%20%28typeof%20value%20%21%3D%3D%20%22string%22%29%20return%20false%3B%0A%20%20%2F%2F%20Strip%20comments%20to%20avoid%20false%20positives%0A%20%20return%20value.split%28%22%2F%2A%22%29%5B0%5D.includes%28%22var%28--%22%29%3B%0A%20%20%7D%0A%20%20%3B%0A%20%20%3B%0A%20%20%3B%0A%20%20%2F%2A%2A%0A%20%20%20%2A%20Parse%20Framer%27s%20special%20CSS%20variable%20format%20into%20a%20CSS%20token%20and%20a%20fallback.%0A%20%20%20%2A%0A%20%20%20%2A%20%60%60%60%0A%20%20%20%2A%20%60var%28--foo%2C%20%23fff%29%60%20%3D%3E%20%5B%60--foo%60%2C%20%27%23fff%27%5D%0A%20%20%20%2A%20%60%60%60%0A%20%20%20%2A%0A%20%20%20%2A%20%40param%20current%0A%20%20%20%2A%2F%20const%20splitCSSVariableRegex%20%3D%20%2F%2F%20eslint-disable-next-line%20redos-detector%2Fno-unsafe-regex%20--%20false%20positive%2C%20as%20it%20can%20match%20a%20lot%20of%20words%0A%20%20%2F%5Evar%5C%28--%28%3F%3A%28%5B%5Cw-%5D%2B%29%7C%28%5B%5Cw-%5D%2B%29%2C%20%3F%28%5Ba-zA-Z%5Cd%20%28%29%25%23.%2C-%5D%2B%29%29%5C%29%2Fu%3B%0A%20%20function%20parseCSSVariable%28current%29%20%7B%0A%20%20const%20match%20%3D%20splitCSSVariableRegex.exec%28current%29%3B%0A%20%20if%20%28%21match%29%20return%20%5B%0A%20%20%2C%20%0A%20%20%5D%3B%0A%20%20const%20%5B%2C%20token1%2C%20token2%2C%20fallback%5D%20%3D%20match%3B%0A%20%20return%20%5B%0A%20%20%60--%24%7Btoken1%20%3F%3F%20token2%7D%60%2C%0A%20%20fallback%0A%20%20%5D%3B%0A%20%20%7D%0A%20%20const%20maxDepth%20%3D%204%3B%0A%20%20function%20getVariableValue%28current%2C%20element%2C%20depth%20%3D%201%29%20%7B%0A%20%20invariant%28depth%20%3C%3D%20maxDepth%2C%20%60Max%20CSS%20variable%20fallback%20depth%20detected%20in%20property%20%22%24%7Bcurrent%7D%22.%20This%20may%20indicate%20a%20circular%20fallback%20dependency.%60%2C%20%22max-css-var-depth%22%29%3B%0A%20%20const%20%5Btoken%2C%20fallback%5D%20%3D%20parseCSSVariable%28current%29%3B%0A%20%20%2F%2F%20No%20CSS%20variable%20detected%0A%20%20if%20%28%21token%29%20return%3B%0A%20%20%2F%2F%20Attempt%20to%20read%20this%20CSS%20variable%20off%20the%20element%0A%20%20const%20resolved%20%3D%20window.getComputedStyle%28element%29.getPropertyValue%28token%29%3B%0A%20%20if%20%28resolved%29%20%7B%0A%20%20const%20trimmed%20%3D%20resolved.trim%28%29%3B%0A%20%20return%20isNumericalString%28trimmed%29%20%3F%20parseFloat%28trimmed%29%20%3A%20trimmed%3B%0A%20%20%7D%0A%20%20return%20isCSSVariableToken%28fallback%29%20%3F%20getVariableValue%28fallback%2C%20element%2C%20depth%20%2B%201%29%20%3A%20fallback%3B%0A%20%20%7D%0A%20%20%3B%0A%20%20function%20fillWildcards%28keyframes%29%20%7B%0A%20%20for%28let%20i%20%3D%201%3B%20i%20%3C%20keyframes.length%3B%20i%2B%2B%29%7B%0A%20%20keyframes%5Bi%5D%20%3F%3F%20%28keyframes%5Bi%5D%20%3D%20keyframes%5Bi%20-%201%5D%29%3B%0A%20%20%7D%0A%20%20%7D%0A%20%20%3B%0A%20%20const%20radToDeg%20%3D%20%28rad%29%3D%3Erad%20%2A%20180%20%2F%20Math.PI%3B%0A%20%20const%20rotate%20%3D%20%28v%29%3D%3E%7B%0A%20%20const%20angle%20%3D%20radToDeg%28Math.atan2%28v%5B1%5D%2C%20v%5B0%5D%29%29%3B%0A%20%20return%20rebaseAngle%28angle%29%3B%0A%20%20%7D%3B%0A%20%20const%20matrix2dParsers%20%3D%20%7B%0A%20%20x%3A%204%2C%0A%20%20y%3A%205%2C%0A%20%20translateX%3A%204%2C%0A%20%20translateY%3A%205%2C%0A%20%20scaleX%3A%200%2C%0A%20%20scaleY%3A%203%2C%0A%20%20scale%3A%20%28v%29%3D%3E%28Math.abs%28v%5B0%5D%29%20%2B%20Math.abs%28v%5B3%5D%29%29%20%2F%202%2C%0A%20%20rotate%2C%0A%20%20rotateZ%3A%20rotate%2C%0A%20%20skewX%3A%20%28v%29%3D%3EradToDeg%28Math.atan%28v%5B1%5D%29%29%2C%0A%20%20skewY%3A%20%28v%29%3D%3EradToDeg%28Math.atan%28v%5B2%5D%29%29%2C%0A%20%20skew%3A%20%28v%29%3D%3E%28Math.abs%28v%5B1%5D%29%20%2B%20Math.abs%28v%5B2%5D%29%29%20%2F%202%0A%20%20%7D%3B%0A%20%20const%20rebaseAngle%20%3D%20%28angle%29%3D%3E%7B%0A%20%20angle%20%3D%20angle%20%25%20360%3B%0A%20%20if%20%28angle%20%3C%200%29%20angle%20%2B%3D%20360%3B%0A%20%20return%20angle%3B%0A%20%20%7D%3B%0A%20%20const%20rotateZ%20%3D%20rotate%3B%0A%20%20const%20scaleX%20%3D%20%28v%29%3D%3EMath.sqrt%28v%5B0%5D%20%2A%20v%5B0%5D%20%2B%20v%5B1%5D%20%2A%20v%5B1%5D%29%3B%0A%20%20const%20scaleY%20%3D%20%28v%29%3D%3EMath.sqrt%28v%5B4%5D%20%2A%20v%5B4%5D%20%2B%20v%5B5%5D%20%2A%20v%5B5%5D%29%3B%0A%20%20const%20matrix3dParsers%20%3D%20%7B%0A%20%20x%3A%2012%2C%0A%20%20y%3A%2013%2C%0A%20%20z%3A%2014%2C%0A%20%20translateX%3A%2012%2C%0A%20%20translateY%3A%2013%2C%0A%20%20translateZ%3A%2014%2C%0A%20%20scaleX%2C%0A%20%20scaleY%2C%0A%20%20scale%3A%20%28v%29%3D%3E%28scaleX%28v%29%20%2B%20scaleY%28v%29%29%20%2F%202%2C%0A%20%20rotateX%3A%20%28v%29%3D%3ErebaseAngle%28radToDeg%28Math.atan2%28v%5B6%5D%2C%20v%5B5%5D%29%29%29%2C%0A%20%20rotateY%3A%20%28v%29%3D%3ErebaseAngle%28radToDeg%28Math.atan2%28-v%5B2%5D%2C%20v%5B0%5D%29%29%29%2C%0A%20%20rotateZ%2C%0A%20%20rotate%3A%20rotateZ%2C%0A%20%20skewX%3A%20%28v%29%3D%3EradToDeg%28Math.atan%28v%5B4%5D%29%29%2C%0A%20%20skewY%3A%20%28v%29%3D%3EradToDeg%28Math.atan%28v%5B1%5D%29%29%2C%0A%20%20skew%3A%20%28v%29%3D%3E%28Math.abs%28v%5B1%5D%29%20%2B%20Math.abs%28v%5B4%5D%29%29%20%2F%202%0A%20%20%7D%3B%0A%20%20function%20defaultTransformValue%28name%29%20%7B%0A%20%20return%20name.includes%28%22scale%22%29%20%3F%201%20%3A%200%3B%0A%20%20%7D%0A%20%20function%20parseValueFromTransform%28transform%2C%20name%29%20%7B%0A%20%20if%20%28%21transform%20%7C%7C%20transform%20%3D%3D%3D%20%22none%22%29%20%7B%0A%20%20return%20defaultTransformValue%28name%29%3B%0A%20%20%7D%0A%20%20const%20matrix3dMatch%20%3D%20transform.match%28%2F%5Ematrix3d%5C%28%28%5B-%5Cd.e%5Cs%2C%5D%2B%29%5C%29%24%2Fu%29%3B%0A%20%20let%20parsers%3B%0A%20%20let%20match%3B%0A%20%20if%20%28matrix3dMatch%29%20%7B%0A%20%20parsers%20%3D%20matrix3dParsers%3B%0A%20%20match%20%3D%20matrix3dMatch%3B%0A%20%20%7D%20else%20%7B%0A%20%20const%20matrix2dMatch%20%3D%20transform.match%28%2F%5Ematrix%5C%28%28%5B-%5Cd.e%5Cs%2C%5D%2B%29%5C%29%24%2Fu%29%3B%0A%20%20parsers%20%3D%20matrix2dParsers%3B%0A%20%20match%20%3D%20matrix2dMatch%3B%0A%20%20%7D%0A%20%20if%20%28%21match%29%20%7B%0A%20%20return%20defaultTransformValue%28name%29%3B%0A%20%20%7D%0A%20%20const%20valueParser%20%3D%20parsers%5Bname%5D%3B%0A%20%20const%20values%20%3D%20match%5B1%5D.split%28%22%2C%22%29.map%28convertTransformToNumber%29%3B%0A%20%20return%20typeof%20valueParser%20%3D%3D%3D%20%22function%22%20%3F%20valueParser%28values%29%20%3A%20values%5BvalueParser%5D%3B%0A%20%20%7D%0A%20%20const%20readTransformValue%20%3D%20%28instance%2C%20name%29%3D%3E%7B%0A%20%20const%20%7B%20transform%20%3D%20%22none%22%20%7D%20%3D%20getComputedStyle%28instance%29%3B%0A%20%20return%20parseValueFromTransform%28transform%2C%20name%29%3B%0A%20%20%7D%3B%0A%20%20function%20convertTransformToNumber%28value%29%20%7B%0A%20%20return%20parseFloat%28value.trim%28%29%29%3B%0A%20%20%7D%0A%20%20%3B%0A%20%20%3B%0A%20%20%3B%0A%20%20%3B%0A%20%20%3B%0A%20%20const%20isNumOrPxType%20%3D%20%28v%29%3D%3Ev%20%3D%3D%3D%20number%20%7C%7C%20v%20%3D%3D%3D%20px%3B%0A%20%20const%20transformKeys%20%3D%20new%20Set%28%5B%0A%20%20%22x%22%2C%0A%20%20%22y%22%2C%0A%20%20%22z%22%0A%20%20%5D%29%3B%0A%20%20const%20nonTranslationalTransformKeys%20%3D%20transformPropOrder.filter%28%28key%29%3D%3E%21transformKeys.has%28key%29%29%3B%0A%20%20function%20removeNonTranslationalTransform%28visualElement%29%20%7B%0A%20%20const%20removedTransforms%20%3D%20%5B%5D%3B%0A%20%20nonTranslationalTransformKeys.forEach%28%28key%29%3D%3E%7B%0A%20%20const%20value%20%3D%20visualElement.getValue%28key%29%3B%0A%20%20if%20%28value%20%21%3D%3D%20undefined%29%20%7B%0A%20%20removedTransforms.push%28%5B%0A%20%20key%2C%0A%20%20value.get%28%29%0A%20%20%5D%29%3B%0A%20%20value.set%28key.startsWith%28%22scale%22%29%20%3F%201%20%3A%200%29%3B%0A%20%20%7D%0A%20%20%7D%29%3B%0A%20%20return%20removedTransforms%3B%0A%20%20%7D%0A%20%20const%20positionalValues%20%3D%20%7B%0A%20%20%2F%2F%20Dimensions%0A%20%20width%3A%20%28%7B%20x%20%7D%2C%20%7B%20paddingLeft%20%3D%20%220%22%2C%20paddingRight%20%3D%20%220%22%2C%20boxSizing%20%7D%29%3D%3E%7B%0A%20%20const%20width%20%3D%20x.max%20-%20x.min%3B%0A%20%20return%20boxSizing%20%3D%3D%3D%20%22border-box%22%20%3F%20width%20%3A%20width%20-%20parseFloat%28paddingLeft%29%20-%20parseFloat%28paddingRight%29%3B%0A%20%20%7D%2C%0A%20%20height%3A%20%28%7B%20y%20%7D%2C%20%7B%20paddingTop%20%3D%20%220%22%2C%20paddingBottom%20%3D%20%220%22%2C%20boxSizing%20%7D%29%3D%3E%7B%0A%20%20const%20height%20%3D%20y.max%20-%20y.min%3B%0A%20%20return%20boxSizing%20%3D%3D%3D%20%22border-box%22%20%3F%20height%20%3A%20height%20-%20parseFloat%28paddingTop%29%20-%20parseFloat%28paddingBottom%29%3B%0A%20%20%7D%2C%0A%20%20top%3A%20%28_bbox%2C%20%7B%20top%20%7D%29%3D%3EparseFloat%28top%29%2C%0A%20%20left%3A%20%28_bbox%2C%20%7B%20left%20%7D%29%3D%3EparseFloat%28left%29%2C%0A%20%20bottom%3A%20%28%7B%20y%20%7D%2C%20%7B%20top%20%7D%29%3D%3EparseFloat%28top%29%20%2B%20%28y.max%20-%20y.min%29%2C%0A%20%20right%3A%20%28%7B%20x%20%7D%2C%20%7B%20left%20%7D%29%3D%3EparseFloat%28left%29%20%2B%20%28x.max%20-%20x.min%29%2C%0A%20%20%2F%2F%20Transform%0A%20%20x%3A%20%28_bbox%2C%20%7B%20transform%20%7D%29%3D%3EparseValueFromTransform%28transform%2C%20%22x%22%29%2C%0A%20%20y%3A%20%28_bbox%2C%20%7B%20transform%20%7D%29%3D%3EparseValueFromTransform%28transform%2C%20%22y%22%29%0A%20%20%7D%3B%0A%20%20%2F%2F%20Alias%20translate%20longform%20names%0A%20%20positionalValues.translateX%20%3D%20positionalValues.x%3B%0A%20%20positionalValues.translateY%20%3D%20positionalValues.y%3B%0A%20%20%3B%0A%20%20%2F%2A%23__NO_SIDE_EFFECTS__%2A%2F%20const%20noop%20%3D%20%28any%29%3D%3Eany%3B%0A%20%20%3B%0A%20%20const%20MotionGlobalConfig%20%3D%20%7B%7D%3B%0A%20%20%3B%0A%20%20const%20stepsOrder%20%3D%20%5B%0A%20%20%22setup%22%2C%0A%20%20%22read%22%2C%0A%20%20%22resolveKeyframes%22%2C%0A%20%20%22preUpdate%22%2C%0A%20%20%22update%22%2C%0A%20%20%22preRender%22%2C%0A%20%20%22render%22%2C%0A%20%20%22postRender%22%0A%20%20%5D%3B%0A%20%20%3B%0A%20%20const%20statsBuffer%20%3D%20%7B%0A%20%20value%3A%20null%2C%0A%20%20addProjectionMetrics%3A%20null%0A%20%20%7D%3B%0A%20%20%3B%0A%20%20%3B%0A%20%20function%20createRenderStep%28runNextFrame%2C%20stepName%29%20%7B%0A%20%20%2F%2A%2A%0A%20%20%20%20%20%20%20%2A%20We%20create%20and%20reuse%20two%20queues%2C%20one%20to%20queue%20jobs%20for%20the%20current%20frame%0A%20%20%20%20%20%20%20%2A%20and%20one%20for%20the%20next.%20We%20reuse%20to%20avoid%20triggering%20GC%20after%20x%20frames.%0A%20%20%20%20%20%20%20%2A%2F%20let%20thisFrame%20%3D%20new%20Set%28%29%3B%0A%20%20let%20nextFrame%20%3D%20new%20Set%28%29%3B%0A%20%20%2F%2A%2A%0A%20%20%20%20%20%20%20%2A%20Track%20whether%20we%27re%20currently%20processing%20jobs%20in%20this%20step.%20This%20way%0A%20%20%20%20%20%20%20%2A%20we%20can%20decide%20whether%20to%20schedule%20new%20jobs%20for%20this%20frame%20or%20next.%0A%20%20%20%20%20%20%20%2A%2F%20let%20isProcessing%20%3D%20false%3B%0A%20%20let%20flushNextFrame%20%3D%20false%3B%0A%20%20%2F%2A%2A%0A%20%20%20%20%20%20%20%2A%20A%20set%20of%20processes%20which%20were%20marked%20keepAlive%20when%20scheduled.%0A%20%20%20%20%20%20%20%2A%2F%20const%20toKeepAlive%20%3D%20new%20WeakSet%28%29%3B%0A%20%20let%20latestFrameData%20%3D%20%7B%0A%20%20delta%3A%200.0%2C%0A%20%20timestamp%3A%200.0%2C%0A%20%20isProcessing%3A%20false%0A%20%20%7D%3B%0A%20%20let%20numCalls%20%3D%200%3B%0A%20%20function%20triggerCallback%28callback%29%20%7B%0A%20%20if%20%28toKeepAlive.has%28callback%29%29%20%7B%0A%20%20step.schedule%28callback%29%3B%0A%20%20runNextFrame%28%29%3B%0A%20%20%7D%0A%20%20numCalls%2B%2B%3B%0A%20%20callback%28latestFrameData%29%3B%0A%20%20%7D%0A%20%20const%20step%20%3D%20%7B%0A%20%20%2F%2A%2A%0A%20%20%20%20%20%20%20%20%20%20%20%2A%20Schedule%20a%20process%20to%20run%20on%20the%20next%20frame.%0A%20%20%20%20%20%20%20%20%20%20%20%2A%2F%20schedule%3A%20%28callback%2C%20keepAlive%20%3D%20false%2C%20immediate%20%3D%20false%29%3D%3E%7B%0A%20%20const%20addToCurrentFrame%20%3D%20immediate%20%26%26%20isProcessing%3B%0A%20%20const%20queue%20%3D%20addToCurrentFrame%20%3F%20thisFrame%20%3A%20nextFrame%3B%0A%20%20if%20%28keepAlive%29%20toKeepAlive.add%28callback%29%3B%0A%20%20queue.add%28callback%29%3B%0A%20%20return%20callback%3B%0A%20%20%7D%2C%0A%20%20%2F%2A%2A%0A%20%20%20%20%20%20%20%20%20%20%20%2A%20Cancel%20the%20provided%20callback%20from%20running%20on%20the%20next%20frame.%0A%20%20%20%20%20%20%20%20%20%20%20%2A%2F%20cancel%3A%20%28callback%29%3D%3E%7B%0A%20%20nextFrame.delete%28callback%29%3B%0A%20%20toKeepAlive.delete%28callback%29%3B%0A%20%20%7D%2C%0A%20%20%2F%2A%2A%0A%20%20%20%20%20%20%20%20%20%20%20%2A%20Execute%20all%20schedule%20callbacks.%0A%20%20%20%20%20%20%20%20%20%20%20%2A%2F%20process%3A%20%28frameData%29%3D%3E%7B%0A%20%20latestFrameData%20%3D%20frameData%3B%0A%20%20%2F%2A%2A%0A%20%20%20%20%20%20%20%20%20%20%20%20%20%20%20%2A%20If%20we%27re%20already%20processing%20we%27ve%20probably%20been%20triggered%20by%20a%20flushSync%0A%20%20%20%20%20%20%20%20%20%20%20%20%20%20%20%2A%20inside%20an%20existing%20process.%20Instead%20of%20executing%2C%20mark%20flushNextFrame%0A%20%20%20%20%20%20%20%20%20%20%20%20%20%20%20%2A%20as%20true%20and%20ensure%20we%20flush%20the%20following%20frame%20at%20the%20end%20of%20this%20one.%0A%20%20%20%20%20%20%20%20%20%20%20%20%20%20%20%2A%2F%20if%20%28isProcessing%29%20%7B%0A%20%20flushNextFrame%20%3D%20true%3B%0A%20%20return%3B%0A%20%20%7D%0A%20%20isProcessing%20%3D%20true%3B%0A%20%20%2F%2F%20Swap%20this%20frame%20and%20the%20next%20to%20avoid%20GC%0A%20%20const%20prevFrame%20%3D%20thisFrame%3B%0A%20%20thisFrame%20%3D%20nextFrame%3B%0A%20%20nextFrame%20%3D%20prevFrame%3B%0A%20%20%2F%2F%20Execute%20this%20frame%0A%20%20thisFrame.forEach%28triggerCallback%29%3B%0A%20%20%2F%2A%2A%0A%20%20%20%20%20%20%20%20%20%20%20%20%20%20%20%2A%20If%20we%27re%20recording%20stats%20then%0A%20%20%20%20%20%20%20%20%20%20%20%20%20%20%20%2A%2F%20if%20%28stepName%20%26%26%20statsBuffer.value%29%20%7B%0A%20%20statsBuffer.value.frameloop%5BstepName%5D.push%28numCalls%29%3B%0A%20%20%7D%0A%20%20numCalls%20%3D%200%3B%0A%20%20%2F%2F%20Clear%20the%20frame%20so%20no%20callbacks%20remain.%20This%20is%20to%20avoid%0A%20%20%2F%2F%20memory%20leaks%20should%20this%20render%20step%20not%20run%20for%20a%20while.%0A%20%20thisFrame.clear%28%29%3B%0A%20%20isProcessing%20%3D%20false%3B%0A%20%20if%20%28flushNextFrame%29%20%7B%0A%20%20flushNextFrame%20%3D%20false%3B%0A%20%20step.process%28frameData%29%3B%0A%20%20%7D%0A%20%20%7D%0A%20%20%7D%3B%0A%20%20return%20step%3B%0A%20%20%7D%0A%20%20%3B%0A%20%20%3B%0A%20%20%3B%0A%20%20%3B%0A%20%20const%20maxElapsed%20%3D%2040%3B%0A%20%20function%20createRenderBatcher%28scheduleNextBatch%2C%20allowKeepAlive%29%20%7B%0A%20%20let%20runNextFrame%20%3D%20false%3B%0A%20%20let%20useDefaultElapsed%20%3D%20true%3B%0A%20%20const%20state%20%3D%20%7B%0A%20%20delta%3A%200.0%2C%0A%20%20timestamp%3A%200.0%2C%0A%20%20isProcessing%3A%20false%0A%20%20%7D%3B%0A%20%20const%20flagRunNextFrame%20%3D%20%28%29%3D%3ErunNextFrame%20%3D%20true%3B%0A%20%20const%20steps%20%3D%20stepsOrder.reduce%28%28acc%2C%20key%29%3D%3E%7B%0A%20%20acc%5Bkey%5D%20%3D%20createRenderStep%28flagRunNextFrame%2C%20allowKeepAlive%20%3F%20key%20%3A%20undefined%29%3B%0A%20%20return%20acc%3B%0A%20%20%7D%2C%20%7B%7D%29%3B%0A%20%20const%20%7B%20setup%2C%20read%2C%20resolveKeyframes%2C%20preUpdate%2C%20update%2C%20preRender%2C%20render%2C%20postRender%20%7D%20%3D%20steps%3B%0A%20%20const%20processBatch%20%3D%20%28%29%3D%3E%7B%0A%20%20const%20useManualTiming%20%3D%20MotionGlobalConfig.useManualTiming%3B%0A%20%20const%20timestamp%20%3D%20useManualTiming%20%3F%20state.timestamp%20%3A%20performance.now%28%29%3B%0A%20%20runNextFrame%20%3D%20false%3B%0A%20%20if%20%28%21useManualTiming%29%20%7B%0A%20%20state.delta%20%3D%20useDefaultElapsed%20%3F%201000%20%2F%2060%20%3A%20Math.max%28Math.min%28timestamp%20-%20state.timestamp%2C%20maxElapsed%29%2C%201%29%3B%0A%20%20%7D%0A%20%20state.timestamp%20%3D%20timestamp%3B%0A%20%20state.isProcessing%20%3D%20true%3B%0A%20%20%2F%2F%20Unrolled%20render%20loop%20for%20better%20per-frame%20performance%0A%20%20setup.process%28state%29%3B%0A%20%20read.process%28state%29%3B%0A%20%20resolveKeyframes.process%28state%29%3B%0A%20%20preUpdate.process%28state%29%3B%0A%20%20update.process%28state%29%3B%0A%20%20preRender.process%28state%29%3B%0A%20%20render.process%28state%29%3B%0A%20%20postRender.process%28state%29%3B%0A%20%20state.isProcessing%20%3D%20false%3B%0A%20%20if%20%28runNextFrame%20%26%26%20allowKeepAlive%29%20%7B%0A%20%20useDefaultElapsed%20%3D%20false%3B%0A%20%20scheduleNextBatch%28processBatch%29%3B%0A%20%20%7D%0A%20%20%7D%3B%0A%20%20const%20wake%20%3D%20%28%29%3D%3E%7B%0A%20%20runNextFrame%20%3D%20true%3B%0A%20%20useDefaultElapsed%20%3D%20true%3B%0A%20%20if%20%28%21state.isProcessing%29%20%7B%0A%20%20scheduleNextBatch%28processBatch%29%3B%0A%20%20%7D%0A%20%20%7D%3B%0A%20%20const%20schedule%20%3D%20stepsOrder.reduce%28%28acc%2C%20key%29%3D%3E%7B%0A%20%20const%20step%20%3D%20steps%5Bkey%5D%3B%0A%20%20acc%5Bkey%5D%20%3D%20%28process1%2C%20keepAlive%20%3D%20false%2C%20immediate%20%3D%20false%29%3D%3E%7B%0A%20%20if%20%28%21runNextFrame%29%20wake%28%29%3B%0A%20%20return%20step.schedule%28process1%2C%20keepAlive%2C%20immediate%29%3B%0A%20%20%7D%3B%0A%20%20return%20acc%3B%0A%20%20%7D%2C%20%7B%7D%29%3B%0A%20%20const%20cancel%20%3D%20%28process1%29%3D%3E%7B%0A%20%20for%28let%20i%20%3D%200%3B%20i%20%3C%20stepsOrder.length%3B%20i%2B%2B%29%7B%0A%20%20steps%5BstepsOrder%5Bi%5D%5D.cancel%28process1%29%3B%0A%20%20%7D%0A%20%20%7D%3B%0A%20%20return%20%7B%0A%20%20schedule%2C%0A%20%20cancel%2C%0A%20%20state%2C%0A%20%20steps%0A%20%20%7D%3B%0A%20%20%7D%0A%20%20%3B%0A%20%20%3B%0A%20%20%3B%0A%20%20const%20%7B%20schedule%3A%20frame%2C%20cancel%3A%20cancelFrame%2C%20state%3A%20frameData%2C%20steps%3A%20frameSteps%20%7D%20%3D%20%2F%2A%20%40__PURE__%20%2A%2F%20createRenderBatcher%28typeof%20requestAnimationFrame%20%21%3D%3D%20%22undefined%22%20%3F%20requestAnimationFrame%20%3A%20noop%2C%20true%29%3B%0A%20%20%3B%0A%20%20%3B%0A%20%20%3B%0A%20%20%3B%0A%20%20const%20toResolve%20%3D%20new%20Set%28%29%3B%0A%20%20let%20isScheduled%20%3D%20false%3B%0A%20%20let%20anyNeedsMeasurement%20%3D%20false%3B%0A%20%20let%20isForced%20%3D%20false%3B%0A%20%20function%20measureAllKeyframes%28%29%20%7B%0A%20%20if%20%28anyNeedsMeasurement%29%20%7B%0A%20%20const%20resolversToMeasure%20%3D%20Array.from%28toResolve%29.filter%28%28resolver%29%3D%3Eresolver.needsMeasurement%29%3B%0A%20%20const%20elementsToMeasure%20%3D%20new%20Set%28resolversToMeasure.map%28%28resolver%29%3D%3Eresolver.element%29%29%3B%0A%20%20const%20transformsToRestore%20%3D%20new%20Map%28%29%3B%0A%20%20%2F%2A%2A%0A%20%20%20%20%20%20%20%20%20%20%20%2A%20Write%20pass%0A%20%20%20%20%20%20%20%20%20%20%20%2A%20If%20we%27re%20measuring%20elements%20we%20want%20to%20remove%20bounding%20box-changing%20transforms.%0A%20%20%20%20%20%20%20%20%20%20%20%2A%2F%20elementsToMeasure.forEach%28%28element%29%3D%3E%7B%0A%20%20const%20removedTransforms%20%3D%20removeNonTranslationalTransform%28element%29%3B%0A%20%20if%20%28%21removedTransforms.length%29%20return%3B%0A%20%20transformsToRestore.set%28element%2C%20removedTransforms%29%3B%0A%20%20element.render%28%29%3B%0A%20%20%7D%29%3B%0A%20%20%2F%2F%20Read%0A%20%20resolversToMeasure.forEach%28%28resolver%29%3D%3Eresolver.measureInitialState%28%29%29%3B%0A%20%20%2F%2F%20Write%0A%20%20elementsToMeasure.forEach%28%28element%29%3D%3E%7B%0A%20%20element.render%28%29%3B%0A%20%20const%20restore%20%3D%20transformsToRestore.get%28element%29%3B%0A%20%20if%20%28restore%29%20%7B%0A%20%20restore.forEach%28%28%5Bkey%2C%20value%5D%29%3D%3E%7B%0A%20%20element.getValue%28key%29%3F.set%28value%29%3B%0A%20%20%7D%29%3B%0A%20%20%7D%0A%20%20%7D%29%3B%0A%20%20%2F%2F%20Read%0A%20%20resolversToMeasure.forEach%28%28resolver%29%3D%3Eresolver.measureEndState%28%29%29%3B%0A%20%20%2F%2F%20Write%0A%20%20resolversToMeasure.forEach%28%28resolver%29%3D%3E%7B%0A%20%20if%20%28resolver.suspendedScrollY%20%21%3D%3D%20undefined%29%20%7B%0A%20%20window.scrollTo%280%2C%20resolver.suspendedScrollY%29%3B%0A%20%20%7D%0A%20%20%7D%29%3B%0A%20%20%7D%0A%20%20anyNeedsMeasurement%20%3D%20false%3B%0A%20%20isScheduled%20%3D%20false%3B%0A%20%20toResolve.forEach%28%28resolver%29%3D%3Eresolver.complete%28isForced%29%29%3B%0A%20%20toResolve.clear%28%29%3B%0A%20%20%7D%0A%20%20function%20readAllKeyframes%28%29%20%7B%0A%20%20toResolve.forEach%28%28resolver%29%3D%3E%7B%0A%20%20resolver.readKeyframes%28%29%3B%0A%20%20if%20%28resolver.needsMeasurement%29%20%7B%0A%20%20anyNeedsMeasurement%20%3D%20true%3B%0A%20%20%7D%0A%20%20%7D%29%3B%0A%20%20%7D%0A%20%20function%20flushKeyframeResolvers%28%29%20%7B%0A%20%20isForced%20%3D%20true%3B%0A%20%20readAllKeyframes%28%29%3B%0A%20%20measureAllKeyframes%28%29%3B%0A%20%20isForced%20%3D%20false%3B%0A%20%20%7D%0A%20%20class%20KeyframeResolver%20%7B%0A%20%20constructor%28unresolvedKeyframes%2C%20onComplete%2C%20name%2C%20motionValue%2C%20element%2C%20isAsync%20%3D%20false%29%7B%0A%20%20this.state%20%3D%20%22pending%22%3B%0A%20%20%2F%2A%2A%0A%20%20%20%20%20%20%20%20%20%20%20%2A%20Track%20whether%20this%20resolver%20is%20async.%20If%20it%20is%2C%20it%27ll%20be%20added%20to%20the%0A%20%20%20%20%20%20%20%20%20%20%20%2A%20resolver%20queue%20and%20flushed%20in%20the%20next%20frame.%20Resolvers%20that%20aren%27t%20going%0A%20%20%20%20%20%20%20%20%20%20%20%2A%20to%20trigger%20read%2Fwrite%20thrashing%20don%27t%20need%20to%20be%20async.%0A%20%20%20%20%20%20%20%20%20%20%20%2A%2F%20this.isAsync%20%3D%20false%3B%0A%20%20%2F%2A%2A%0A%20%20%20%20%20%20%20%20%20%20%20%2A%20Track%20whether%20this%20resolver%20needs%20to%20perform%20a%20measurement%0A%20%20%20%20%20%20%20%20%20%20%20%2A%20to%20resolve%20its%20keyframes.%0A%20%20%20%20%20%20%20%20%20%20%20%2A%2F%20this.needsMeasurement%20%3D%20false%3B%0A%20%20this.unresolvedKeyframes%20%3D%20%5B%0A%20%20...unresolvedKeyframes%0A%20%20%5D%3B%0A%20%20this.onComplete%20%3D%20onComplete%3B%0A%20%20this.name%20%3D%20name%3B%0A%20%20this.motionValue%20%3D%20motionValue%3B%0A%20%20this.element%20%3D%20element%3B%0A%20%20this.isAsync%20%3D%20isAsync%3B%0A%20%20%7D%0A%20%20scheduleResolve%28%29%20%7B%0A%20%20this.state%20%3D%20%22scheduled%22%3B%0A%20%20if%20%28this.isAsync%29%20%7B%0A%20%20toResolve.add%28this%29%3B%0A%20%20if%20%28%21isScheduled%29%20%7B%0A%20%20isScheduled%20%3D%20true%3B%0A%20%20frame.read%28readAllKeyframes%29%3B%0A%20%20frame.resolveKeyframes%28measureAllKeyframes%29%3B%0A%20%20%7D%0A%20%20%7D%20else%20%7B%0A%20%20this.readKeyframes%28%29%3B%0A%20%20this.complete%28%29%3B%0A%20%20%7D%0A%20%20%7D%0A%20%20readKeyframes%28%29%20%7B%0A%20%20const%20%7B%20unresolvedKeyframes%2C%20name%2C%20element%2C%20motionValue%20%7D%20%3D%20this%3B%0A%20%20%2F%2F%20If%20initial%20keyframe%20is%20null%20we%20need%20to%20read%20it%20from%20the%20DOM%0A%20%20if%20%28unresolvedKeyframes%5B0%5D%20%3D%3D%3D%20null%29%20%7B%0A%20%20const%20currentValue%20%3D%20motionValue%3F.get%28%29%3B%0A%20%20%2F%2F%20TODO%3A%20This%20doesn%27t%20work%20if%20the%20final%20keyframe%20is%20a%20wildcard%0A%20%20const%20finalKeyframe%20%3D%20unresolvedKeyframes%5BunresolvedKeyframes.length%20-%201%5D%3B%0A%20%20if%20%28currentValue%20%21%3D%3D%20undefined%29%20%7B%0A%20%20unresolvedKeyframes%5B0%5D%20%3D%20currentValue%3B%0A%20%20%7D%20else%20if%20%28element%20%26%26%20name%29%20%7B%0A%20%20const%20valueAsRead%20%3D%20element.readValue%28name%2C%20finalKeyframe%29%3B%0A%20%20if%20%28valueAsRead%20%21%3D%3D%20undefined%20%26%26%20valueAsRead%20%21%3D%3D%20null%29%20%7B%0A%20%20unresolvedKeyframes%5B0%5D%20%3D%20valueAsRead%3B%0A%20%20%7D%0A%20%20%7D%0A%20%20if%20%28unresolvedKeyframes%5B0%5D%20%3D%3D%3D%20undefined%29%20%7B%0A%20%20unresolvedKeyframes%5B0%5D%20%3D%20finalKeyframe%3B%0A%20%20%7D%0A%20%20if%20%28motionValue%20%26%26%20currentValue%20%3D%3D%3D%20undefined%29%20%7B%0A%20%20motionValue.set%28unresolvedKeyframes%5B0%5D%29%3B%0A%20%20%7D%0A%20%20%7D%0A%20%20fillWildcards%28unresolvedKeyframes%29%3B%0A%20%20%7D%0A%20%20setFinalKeyframe%28%29%20%7B%7D%0A%20%20measureInitialState%28%29%20%7B%7D%0A%20%20renderEndStyles%28%29%20%7B%7D%0A%20%20measureEndState%28%29%20%7B%7D%0A%20%20complete%28isForcedComplete%20%3D%20false%29%20%7B%0A%20%20this.state%20%3D%20%22complete%22%3B%0A%20%20this.onComplete%28this.unresolvedKeyframes%2C%20this.finalKeyframe%2C%20isForcedComplete%29%3B%0A%20%20toResolve.delete%28this%29%3B%0A%20%20%7D%0A%20%20cancel%28%29%20%7B%0A%20%20if%20%28this.state%20%3D%3D%3D%20%22scheduled%22%29%20%7B%0A%20%20toResolve.delete%28this%29%3B%0A%20%20this.state%20%3D%20%22pending%22%3B%0A%20%20%7D%0A%20%20%7D%0A%20%20resume%28%29%20%7B%0A%20%20if%20%28this.state%20%3D%3D%3D%20%22pending%22%29%20this.scheduleResolve%28%29%3B%0A%20%20%7D%0A%20%20%7D%0A%20%20%3B%0A%20%20%2F%2A%2A%0A%20%20%20%2A%20Check%20if%20the%20value%20is%20a%20zero%20value%20string%20like%20%220px%22%20or%20%220%25%22%0A%20%20%20%2A%2F%20const%20isZeroValueString%20%3D%20%28v%29%3D%3E%2F%5E0%5B%5E.%5Cs%5D%2B%24%2Fu.test%28v%29%3B%0A%20%20%3B%0A%20%20%3B%0A%20%20function%20isNone%28value%29%20%7B%0A%20%20if%20%28typeof%20value%20%3D%3D%3D%20%22number%22%29%20%7B%0A%20%20return%20value%20%3D%3D%3D%200%3B%0A%20%20%7D%20else%20if%20%28value%20%21%3D%3D%20null%29%20%7B%0A%20%20return%20value%20%3D%3D%3D%20%22none%22%20%7C%7C%20value%20%3D%3D%3D%20%220%22%20%7C%7C%20isZeroValueString%28value%29%3B%0A%20%20%7D%20else%20%7B%0A%20%20return%20true%3B%0A%20%20%7D%0A%20%20%7D%0A%20%20%3B%0A%20%20%3B%0A%20%20%3B%0A%20%20%3B%0A%20%20%3B%0A%20%20const%20customTypes%20%3D%20%2F%2A%40__PURE__%2A%2F%20new%20Set%28%5B%0A%20%20filter%2C%0A%20%20mask%0A%20%20%5D%29%3B%0A%20%20function%20getAnimatableNone1%28key%2C%20value%29%20%7B%0A%20%20let%20defaultValueType%20%3D%20getDefaultValueType%28key%29%3B%0A%20%20if%20%28%21customTypes.has%28defaultValueType%29%29%20defaultValueType%20%3D%20complex%3B%0A%20%20%2F%2F%20If%20value%20is%20not%20recognised%20as%20animatable%2C%20ie%20%22none%22%2C%20create%20an%20animatable%20version%20origin%20based%20on%20the%20target%0A%20%20return%20defaultValueType.getAnimatableNone%20%3F%20defaultValueType.getAnimatableNone%28value%29%20%3A%20undefined%3B%0A%20%20%7D%0A%20%20%3B%0A%20%20%3B%0A%20%20%3B%0A%20%20%2F%2A%2A%0A%20%20%20%2A%20If%20we%20encounter%20keyframes%20like%20%22none%22%20or%20%220%22%20and%20we%20also%20have%20keyframes%20like%0A%20%20%20%2A%20%22%23fff%22%20or%20%22200px%20200px%22%20we%20want%20to%20find%20a%20keyframe%20to%20serve%20as%20a%20template%20for%0A%20%20%20%2A%20the%20%22none%22%20keyframes.%20In%20this%20case%20%22%23fff%22%20or%20%22200px%20200px%22%20-%20then%20these%20get%20turned%20into%0A%20%20%20%2A%20zero%20equivalents%2C%20i.e.%20%22%23fff0%22%20or%20%220px%200px%22.%0A%20%20%20%2A%2F%20const%20invalidTemplates%20%3D%20new%20Set%28%5B%0A%20%20%22auto%22%2C%0A%20%20%22none%22%2C%0A%20%20%220%22%0A%20%20%5D%29%3B%0A%20%20function%20makeNoneKeyframesAnimatable%28unresolvedKeyframes%2C%20noneKeyframeIndexes%2C%20name%29%20%7B%0A%20%20let%20i%20%3D%200%3B%0A%20%20let%20animatableTemplate%20%3D%20undefined%3B%0A%20%20while%28i%20%3C%20unresolvedKeyframes.length%20%26%26%20%21animatableTemplate%29%7B%0A%20%20const%20keyframe%20%3D%20unresolvedKeyframes%5Bi%5D%3B%0A%20%20if%20%28typeof%20keyframe%20%3D%3D%3D%20%22string%22%20%26%26%20%21invalidTemplates.has%28keyframe%29%20%26%26%20analyseComplexValue%28keyframe%29.values.length%29%20%7B%0A%20%20animatableTemplate%20%3D%20unresolvedKeyframes%5Bi%5D%3B%0A%20%20%7D%0A%20%20i%2B%2B%3B%0A%20%20%7D%0A%20%20if%20%28animatableTemplate%20%26%26%20name%29%20%7B%0A%20%20for%20%28const%20noneIndex%20of%20noneKeyframeIndexes%29%7B%0A%20%20unresolvedKeyframes%5BnoneIndex%5D%20%3D%20getAnimatableNone1%28name%2C%20animatableTemplate%29%3B%0A%20%20%7D%0A%20%20%7D%0A%20%20%7D%0A%20%20%3B%0A%20%20%3B%0A%20%20%3B%0A%20%20%3B%0A%20%20%3B%0A%20%20%3B%0A%20%20%3B%0A%20%20%3B%0A%20%20%3B%0A%20%20class%20DOMKeyframesResolver%20extends%20KeyframeResolver%20%7B%0A%20%20constructor%28unresolvedKeyframes%2C%20onComplete%2C%20name%2C%20motionValue%2C%20element%29%7B%0A%20%20super%28unresolvedKeyframes%2C%20onComplete%2C%20name%2C%20motionValue%2C%20element%2C%20true%29%3B%0A%20%20%7D%0A%20%20readKeyframes%28%29%20%7B%0A%20%20const%20%7B%20unresolvedKeyframes%2C%20element%2C%20name%20%7D%20%3D%20this%3B%0A%20%20if%20%28%21element%20%7C%7C%20%21element.current%29%20return%3B%0A%20%20super.readKeyframes%28%29%3B%0A%20%20%2F%2A%2A%0A%20%20%20%20%20%20%20%20%20%20%20%2A%20If%20any%20keyframe%20is%20a%20CSS%20variable%2C%20we%20need%20to%20find%20its%20value%20by%20sampling%20the%20element%0A%20%20%20%20%20%20%20%20%20%20%20%2A%2F%20for%28let%20i%20%3D%200%3B%20i%20%3C%20unresolvedKeyframes.length%3B%20i%2B%2B%29%7B%0A%20%20let%20keyframe%20%3D%20unresolvedKeyframes%5Bi%5D%3B%0A%20%20if%20%28typeof%20keyframe%20%3D%3D%3D%20%22string%22%29%20%7B%0A%20%20keyframe%20%3D%20keyframe.trim%28%29%3B%0A%20%20if%20%28isCSSVariableToken%28keyframe%29%29%20%7B%0A%20%20const%20resolved%20%3D%20getVariableValue%28keyframe%2C%20element.current%29%3B%0A%20%20if%20%28resolved%20%21%3D%3D%20undefined%29%20%7B%0A%20%20unresolvedKeyframes%5Bi%5D%20%3D%20resolved%3B%0A%20%20%7D%0A%20%20if%20%28i%20%3D%3D%3D%20unresolvedKeyframes.length%20-%201%29%20%7B%0A%20%20this.finalKeyframe%20%3D%20keyframe%3B%0A%20%20%7D%0A%20%20%7D%0A%20%20%7D%0A%20%20%7D%0A%20%20%2F%2A%2A%0A%20%20%20%20%20%20%20%20%20%20%20%2A%20Resolve%20%22none%22%20values.%20We%20do%20this%20potentially%20twice%20-%20once%20before%20and%20once%20after%20measuring%20keyframes.%0A%20%20%20%20%20%20%20%20%20%20%20%2A%20This%20could%20be%20seen%20as%20inefficient%20but%20it%27s%20a%20trade-off%20to%20avoid%20measurements%20in%20more%20situations%2C%20which%0A%20%20%20%20%20%20%20%20%20%20%20%2A%20have%20a%20far%20bigger%20performance%20impact.%0A%20%20%20%20%20%20%20%20%20%20%20%2A%2F%20this.resolveNoneKeyframes%28%29%3B%0A%20%20%2F%2A%2A%0A%20%20%20%20%20%20%20%20%20%20%20%2A%20Check%20to%20see%20if%20unit%20type%20has%20changed.%20If%20so%20schedule%20jobs%20that%20will%0A%20%20%20%20%20%20%20%20%20%20%20%2A%20temporarily%20set%20styles%20to%20the%20destination%20keyframes.%0A%20%20%20%20%20%20%20%20%20%20%20%2A%20Skip%20if%20we%20have%20more%20than%20two%20keyframes%20or%20this%20isn%27t%20a%20positional%20value.%0A%20%20%20%20%20%20%20%20%20%20%20%2A%20TODO%3A%20We%20can%20throw%20if%20there%20are%20multiple%20keyframes%20and%20the%20value%20type%20changes.%0A%20%20%20%20%20%20%20%20%20%20%20%2A%2F%20if%20%28%21positionalKeys.has%28name%29%20%7C%7C%20unresolvedKeyframes.length%20%21%3D%3D%202%29%20%7B%0A%20%20return%3B%0A%20%20%7D%0A%20%20const%20%5Borigin%2C%20target%5D%20%3D%20unresolvedKeyframes%3B%0A%20%20const%20originType%20%3D%20findDimensionValueType%28origin%29%3B%0A%20%20const%20targetType%20%3D%20findDimensionValueType%28target%29%3B%0A%20%20%2F%2A%2A%0A%20%20%20%20%20%20%20%20%20%20%20%2A%20If%20one%20keyframe%20contains%20embedded%20CSS%20variables%20%28e.g.%20in%20calc%28%29%29%20and%20the%20other%0A%20%20%20%20%20%20%20%20%20%20%20%2A%20doesn%27t%2C%20we%20need%20to%20measure%20to%20convert%20to%20pixels.%20This%20handles%20GitHub%20issue%20%233410.%0A%20%20%20%20%20%20%20%20%20%20%20%2A%2F%20const%20originHasVar%20%3D%20containsCSSVariable%28origin%29%3B%0A%20%20const%20targetHasVar%20%3D%20containsCSSVariable%28target%29%3B%0A%20%20if%20%28originHasVar%20%21%3D%3D%20targetHasVar%20%26%26%20positionalValues%5Bname%5D%29%20%7B%0A%20%20this.needsMeasurement%20%3D%20true%3B%0A%20%20return%3B%0A%20%20%7D%0A%20%20%2F%2A%2A%0A%20%20%20%20%20%20%20%20%20%20%20%2A%20Either%20we%20don%27t%20recognise%20these%20value%20types%20or%20we%20can%20animate%20between%20them.%0A%20%20%20%20%20%20%20%20%20%20%20%2A%2F%20if%20%28originType%20%3D%3D%3D%20targetType%29%20return%3B%0A%20%20%2F%2A%2A%0A%20%20%20%20%20%20%20%20%20%20%20%2A%20If%20both%20values%20are%20numbers%20or%20pixels%2C%20we%20can%20animate%20between%20them%20by%0A%20%20%20%20%20%20%20%20%20%20%20%2A%20converting%20them%20to%20numbers.%0A%20%20%20%20%20%20%20%20%20%20%20%2A%2F%20if%20%28isNumOrPxType%28originType%29%20%26%26%20isNumOrPxType%28targetType%29%29%20%7B%0A%20%20for%28let%20i%20%3D%200%3B%20i%20%3C%20unresolvedKeyframes.length%3B%20i%2B%2B%29%7B%0A%20%20const%20value%20%3D%20unresolvedKeyframes%5Bi%5D%3B%0A%20%20if%20%28typeof%20value%20%3D%3D%3D%20%22string%22%29%20%7B%0A%20%20unresolvedKeyframes%5Bi%5D%20%3D%20parseFloat%28value%29%3B%0A%20%20%7D%0A%20%20%7D%0A%20%20%7D%20else%20if%20%28positionalValues%5Bname%5D%29%20%7B%0A%20%20%2F%2A%2A%0A%20%20%20%20%20%20%20%20%20%20%20%20%20%20%20%2A%20Else%2C%20the%20only%20way%20to%20resolve%20this%20is%20by%20measuring%20the%20element.%0A%20%20%20%20%20%20%20%20%20%20%20%20%20%20%20%2A%2F%20this.needsMeasurement%20%3D%20true%3B%0A%20%20%7D%0A%20%20%7D%0A%20%20resolveNoneKeyframes%28%29%20%7B%0A%20%20const%20%7B%20unresolvedKeyframes%2C%20name%20%7D%20%3D%20this%3B%0A%20%20const%20noneKeyframeIndexes%20%3D%20%5B%5D%3B%0A%20%20for%28let%20i%20%3D%200%3B%20i%20%3C%20unresolvedKeyframes.length%3B%20i%2B%2B%29%7B%0A%20%20if%20%28unresolvedKeyframes%5Bi%5D%20%3D%3D%3D%20null%20%7C%7C%20isNone%28unresolvedKeyframes%5Bi%5D%29%29%20%7B%0A%20%20noneKeyframeIndexes.push%28i%29%3B%0A%20%20%7D%0A%20%20%7D%0A%20%20if%20%28noneKeyframeIndexes.length%29%20%7B%0A%20%20makeNoneKeyframesAnimatable%28unresolvedKeyframes%2C%20noneKeyframeIndexes%2C%20name%29%3B%0A%20%20%7D%0A%20%20%7D%0A%20%20measureInitialState%28%29%20%7B%0A%20%20const%20%7B%20element%2C%20unresolvedKeyframes%2C%20name%20%7D%20%3D%20this%3B%0A%20%20if%20%28%21element%20%7C%7C%20%21element.current%29%20return%3B%0A%20%20if%20%28name%20%3D%3D%3D%20%22height%22%29%20%7B%0A%20%20this.suspendedScrollY%20%3D%20window.pageYOffset%3B%0A%20%20%7D%0A%20%20this.measuredOrigin%20%3D%20positionalValues%5Bname%5D%28element.measureViewportBox%28%29%2C%20window.getComputedStyle%28element.current%29%29%3B%0A%20%20unresolvedKeyframes%5B0%5D%20%3D%20this.measuredOrigin%3B%0A%20%20%2F%2F%20Set%20final%20key%20frame%20to%20measure%20after%20next%20render%0A%20%20const%20measureKeyframe%20%3D%20unresolvedKeyframes%5BunresolvedKeyframes.length%20-%201%5D%3B%0A%20%20if%20%28measureKeyframe%20%21%3D%3D%20undefined%29%20%7B%0A%20%20element.getValue%28name%2C%20measureKeyframe%29.jump%28measureKeyframe%2C%20false%29%3B%0A%20%20%7D%0A%20%20%7D%0A%20%20measureEndState%28%29%20%7B%0A%20%20const%20%7B%20element%2C%20name%2C%20unresolvedKeyframes%20%7D%20%3D%20this%3B%0A%20%20if%20%28%21element%20%7C%7C%20%21element.current%29%20return%3B%0A%20%20const%20value%20%3D%20element.getValue%28name%29%3B%0A%20%20value%20%26%26%20value.jump%28this.measuredOrigin%2C%20false%29%3B%0A%20%20const%20finalKeyframeIndex%20%3D%20unresolvedKeyframes.length%20-%201%3B%0A%20%20const%20finalKeyframe%20%3D%20unresolvedKeyframes%5BfinalKeyframeIndex%5D%3B%0A%20%20unresolvedKeyframes%5BfinalKeyframeIndex%5D%20%3D%20positionalValues%5Bname%5D%28element.measureViewportBox%28%29%2C%20window.getComputedStyle%28element.current%29%29%3B%0A%20%20if%20%28finalKeyframe%20%21%3D%3D%20null%20%26%26%20this.finalKeyframe%20%3D%3D%3D%20undefined%29%20%7B%0A%20%20this.finalKeyframe%20%3D%20finalKeyframe%3B%0A%20%20%7D%0A%20%20%2F%2F%20If%20we%20removed%20transform%20values%2C%20reapply%20them%20before%20the%20next%20render%0A%20%20if%20%28this.removedTransforms%3F.length%29%20%7B%0A%20%20this.removedTransforms.forEach%28%28%5BunsetTransformName%2C%20unsetTransformValue%5D%29%3D%3E%7B%0A%20%20element.getValue%28unsetTransformName%29.set%28unsetTransformValue%29%3B%0A%20%20%7D%29%3B%0A%20%20%7D%0A%20%20this.resolveNoneKeyframes%28%29%3B%0A%20%20%7D%0A%20%20%7D%0A%20%20%3B%0A%20%20%2F%2A%2A%0A%20%20%20%2A%20Converts%20seconds%20to%20milliseconds%0A%20%20%20%2A%0A%20%20%20%2A%20%40param%20seconds%20-%20Time%20in%20seconds.%0A%20%20%20%2A%20%40return%20milliseconds%20-%20Converted%20time%20in%20milliseconds.%0A%20%20%20%2A%2F%20%2F%2A%23__NO_SIDE_EFFECTS__%2A%2F%20const%20secondsToMilliseconds%20%3D%20%28seconds%29%3D%3Eseconds%20%2A%201000%3B%0A%20%20%2F%2A%23__NO_SIDE_EFFECTS__%2A%2F%20const%20millisecondsToSeconds%20%3D%20%28milliseconds%29%3D%3Emilliseconds%20%2F%201000%3B%0A%20%20%3B%0A%20%20function%20addUniqueItem%28arr%2C%20item%29%20%7B%0A%20%20if%20%28arr.indexOf%28item%29%20%3D%3D%3D%20-1%29%20arr.push%28item%29%3B%0A%20%20%7D%0A%20%20function%20removeItem%28arr%2C%20item%29%20%7B%0A%20%20const%20index%20%3D%20arr.indexOf%28item%29%3B%0A%20%20if%20%28index%20%3E%20-1%29%20arr.splice%28index%2C%201%29%3B%0A%20%20%7D%0A%20%20%2F%2F%20Adapted%20from%20array-move%0A%20%20function%20moveItem%28%5B...arr%5D%2C%20fromIndex%2C%20toIndex%29%20%7B%0A%20%20const%20startIndex%20%3D%20fromIndex%20%3C%200%20%3F%20arr.length%20%2B%20fromIndex%20%3A%20fromIndex%3B%0A%20%20if%20%28startIndex%20%3E%3D%200%20%26%26%20startIndex%20%3C%20arr.length%29%20%7B%0A%20%20const%20endIndex%20%3D%20toIndex%20%3C%200%20%3F%20arr.length%20%2B%20toIndex%20%3A%20toIndex%3B%0A%20%20const%20%5Bitem%5D%20%3D%20arr.splice%28fromIndex%2C%201%29%3B%0A%20%20arr.splice%28endIndex%2C%200%2C%20item%29%3B%0A%20%20%7D%0A%20%20return%20arr%3B%0A%20%20%7D%0A%20%20%3B%0A%20%20%3B%0A%20%20class%20SubscriptionManager%20%7B%0A%20%20constructor%28%29%7B%0A%20%20this.subscriptions%20%3D%20%5B%5D%3B%0A%20%20%7D%0A%20%20add%28handler%29%20%7B%0A%20%20addUniqueItem%28this.subscriptions%2C%20handler%29%3B%0A%20%20return%20%28%29%3D%3EremoveItem%28this.subscriptions%2C%20handler%29%3B%0A%20%20%7D%0A%20%20notify%28a%2C%20b%2C%20c%29%20%7B%0A%20%20const%20numSubscriptions%20%3D%20this.subscriptions.length%3B%0A%20%20if%20%28%21numSubscriptions%29%20return%3B%0A%20%20if%20%28numSubscriptions%20%3D%3D%3D%201%29%20%7B%0A%20%20%2F%2A%2A%0A%20%20%20%20%20%20%20%20%20%20%20%20%20%20%20%2A%20If%20there%27s%20only%20a%20single%20handler%20we%20can%20just%20call%20it%20without%20invoking%20a%20loop.%0A%20%20%20%20%20%20%20%20%20%20%20%20%20%20%20%2A%2F%20this.subscriptions%5B0%5D%28a%2C%20b%2C%20c%29%3B%0A%20%20%7D%20else%20%7B%0A%20%20for%28let%20i%20%3D%200%3B%20i%20%3C%20numSubscriptions%3B%20i%2B%2B%29%7B%0A%20%20%2F%2A%2A%0A%20%20%20%20%20%20%20%20%20%20%20%20%20%20%20%20%20%20%20%2A%20Check%20whether%20the%20handler%20exists%20before%20firing%20as%20it%27s%20possible%0A%20%20%20%20%20%20%20%20%20%20%20%20%20%20%20%20%20%20%20%2A%20the%20subscriptions%20were%20modified%20during%20this%20loop%20running.%0A%20%20%20%20%20%20%20%20%20%20%20%20%20%20%20%20%20%20%20%2A%2F%20const%20handler%20%3D%20this.subscriptions%5Bi%5D%3B%0A%20%20handler%20%26%26%20handler%28a%2C%20b%2C%20c%29%3B%0A%20%20%7D%0A%20%20%7D%0A%20%20%7D%0A%20%20getSize%28%29%20%7B%0A%20%20return%20this.subscriptions.length%3B%0A%20%20%7D%0A%20%20clear%28%29%20%7B%0A%20%20this.subscriptions.length%20%3D%200%3B%0A%20%20%7D%0A%20%20%7D%0A%20%20%3B%0A%20%20const%20isCSSVar%20%3D%20%28name%29%3D%3Ename.startsWith%28%22--%22%29%3B%0A%20%20%3B%0A%20%20%3B%0A%20%20function%20setStyle%28element%2C%20name%2C%20value%29%20%7B%0A%20%20isCSSVar%28name%29%20%3F%20element.style.setProperty%28name%2C%20value%29%20%3A%20element.style%5Bname%5D%20%3D%20value%3B%0A%20%20%7D%0A%20%20%3B%0A%20%20%2F%2A%23__NO_SIDE_EFFECTS__%2A%2F%20function%20memo%28callback%29%20%7B%0A%20%20let%20result%3B%0A%20%20return%20%28%29%3D%3E%7B%0A%20%20if%20%28result%20%3D%3D%3D%20undefined%29%20result%20%3D%20callback%28%29%3B%0A%20%20return%20result%3B%0A%20%20%7D%3B%0A%20%20%7D%0A%20%20%3B%0A%20%20%2F%2A%2A%0A%20%20%20%2A%20Add%20the%20ability%20for%20test%20suites%20to%20manually%20set%20support%20flags%0A%20%20%20%2A%20to%20better%20test%20more%20environments.%0A%20%20%20%2A%2F%20const%20supportsFlags%20%3D%20%7B%7D%3B%0A%20%20%3B%0A%20%20%3B%0A%20%20%3B%0A%20%20function%20memoSupports%28callback%2C%20supportsFlag%29%20%7B%0A%20%20const%20memoized%20%3D%20memo%28callback%29%3B%0A%20%20return%20%28%29%3D%3EsupportsFlags%5BsupportsFlag%5D%20%3F%3F%20memoized%28%29%3B%0A%20%20%7D%0A%20%20%3B%0A%20%20%3B%0A%20%20const%20supportsScrollTimeline%20%3D%20%2F%2A%20%40__PURE__%20%2A%2F%20memoSupports%28%28%29%3D%3Ewindow.ScrollTimeline%20%21%3D%3D%20undefined%2C%20%22scrollTimeline%22%29%3B%0A%20%20const%20supportsViewTimeline%20%3D%20%2F%2A%20%40__PURE__%20%2A%2F%20memoSupports%28%28%29%3D%3Ewindow.ViewTimeline%20%21%3D%3D%20undefined%2C%20%22viewTimeline%22%29%3B%0A%20%20%3B%0A%20%20const%20isNotNull%20%3D%20%28value%29%3D%3Evalue%20%21%3D%3D%20null%3B%0A%20%20function%20getFinalKeyframe%28keyframes%2C%20%7B%20repeat%2C%20repeatType%20%3D%20%22loop%22%20%7D%2C%20finalKeyframe%2C%20speed%20%3D%201%29%20%7B%0A%20%20const%20resolvedKeyframes%20%3D%20keyframes.filter%28isNotNull%29%3B%0A%20%20const%20useFirstKeyframe%20%3D%20speed%20%3C%200%20%7C%7C%20repeat%20%26%26%20repeatType%20%21%3D%3D%20%22loop%22%20%26%26%20repeat%20%25%202%20%3D%3D%3D%201%3B%0A%20%20const%20index%20%3D%20useFirstKeyframe%20%3F%200%20%3A%20resolvedKeyframes.length%20-%201%3B%0A%20%20return%20%21index%20%7C%7C%20finalKeyframe%20%3D%3D%3D%20undefined%20%3F%20resolvedKeyframes%5Bindex%5D%20%3A%20finalKeyframe%3B%0A%20%20%7D%0A%20%20%3B%0A%20%20class%20WithPromise%20%7B%0A%20%20constructor%28%29%7B%0A%20%20this.updateFinished%28%29%3B%0A%20%20%7D%0A%20%20get%20finished%28%29%20%7B%0A%20%20return%20this._finished%3B%0A%20%20%7D%0A%20%20updateFinished%28%29%20%7B%0A%20%20this._finished%20%3D%20new%20Promise%28%28resolve%29%3D%3E%7B%0A%20%20this.resolve%20%3D%20resolve%3B%0A%20%20%7D%29%3B%0A%20%20%7D%0A%20%20notifyFinished%28%29%20%7B%0A%20%20this.resolve%28%29%3B%0A%20%20%7D%0A%20%20%2F%2A%2A%0A%20%20%20%20%20%20%20%2A%20Allows%20the%20animation%20to%20be%20awaited.%0A%20%20%20%20%20%20%20%2A%0A%20%20%20%20%20%20%20%2A%20%40deprecated%20Use%20%60finished%60%20instead.%0A%20%20%20%20%20%20%20%2A%2F%20then%28onResolve%2C%20onReject%29%20%7B%0A%20%20return%20this.finished.then%28onResolve%2C%20onReject%29%3B%0A%20%20%7D%0A%20%20%7D%0A%20%20%3B%0A%20%20const%20activeAnimations%20%3D%20%7B%0A%20%20layout%3A%200%2C%0A%20%20mainThread%3A%200%2C%0A%20%20waapi%3A%200%0A%20%20%7D%3B%0A%20%20%3B%0A%20%20const%20isBezierDefinition%20%3D%20%28easing%29%3D%3EArray.isArray%28easing%29%20%26%26%20typeof%20easing%5B0%5D%20%3D%3D%3D%20%22number%22%3B%0A%20%20%3B%0A%20%20%3B%0A%20%20const%20supportsLinearEasing%20%3D%20%2F%2A%40__PURE__%2A%2F%20memoSupports%28%28%29%3D%3E%7B%0A%20%20try%20%7B%0A%20%20document.createElement%28%22div%22%29.animate%28%7B%0A%20%20opacity%3A%200%0A%20%20%7D%2C%20%7B%0A%20%20easing%3A%20%22linear%280%2C%201%29%22%0A%20%20%7D%29%3B%0A%20%20%7D%20catch%20%28e%29%20%7B%0A%20%20return%20false%3B%0A%20%20%7D%0A%20%20return%20true%3B%0A%20%20%7D%2C%20%22linearEasing%22%29%3B%0A%20%20%3B%0A%20%20const%20generateLinearEasing%20%3D%20%28easing%2C%20duration%2C%20resolution%20%3D%2010%20%2F%2F%20as%20milliseconds%0A%20%20%29%3D%3E%7B%0A%20%20let%20points%20%3D%20%22%22%3B%0A%20%20const%20numPoints%20%3D%20Math.max%28Math.round%28duration%20%2F%20resolution%29%2C%202%29%3B%0A%20%20for%28let%20i%20%3D%200%3B%20i%20%3C%20numPoints%3B%20i%2B%2B%29%7B%0A%20%20points%20%2B%3D%20Math.round%28easing%28i%20%2F%20%28numPoints%20-%201%29%29%20%2A%2010000%29%20%2F%2010000%20%2B%20%22%2C%20%22%3B%0A%20%20%7D%0A%20%20return%20%60linear%28%24%7Bpoints.substring%280%2C%20points.length%20-%202%29%7D%29%60%3B%0A%20%20%7D%3B%0A%20%20%3B%0A%20%20const%20cubicBezierAsString%20%3D%20%28%5Ba%2C%20b%2C%20c%2C%20d%5D%29%3D%3E%60cubic-bezier%28%24%7Ba%7D%2C%20%24%7Bb%7D%2C%20%24%7Bc%7D%2C%20%24%7Bd%7D%29%60%3B%0A%20%20%3B%0A%20%20%3B%0A%20%20const%20supportedWaapiEasing%20%3D%20%7B%0A%20%20linear%3A%20%22linear%22%2C%0A%20%20ease%3A%20%22ease%22%2C%0A%20%20easeIn%3A%20%22ease-in%22%2C%0A%20%20easeOut%3A%20%22ease-out%22%2C%0A%20%20easeInOut%3A%20%22ease-in-out%22%2C%0A%20%20circIn%3A%20%2F%2A%40__PURE__%2A%2F%20cubicBezierAsString%28%5B%0A%20%200%2C%0A%20%200.65%2C%0A%20%200.55%2C%0A%20%201%0A%20%20%5D%29%2C%0A%20%20circOut%3A%20%2F%2A%40__PURE__%2A%2F%20cubicBezierAsString%28%5B%0A%20%200.55%2C%0A%20%200%2C%0A%20%201%2C%0A%20%200.45%0A%20%20%5D%29%2C%0A%20%20backIn%3A%20%2F%2A%40__PURE__%2A%2F%20cubicBezierAsString%28%5B%0A%20%200.31%2C%0A%20%200.01%2C%0A%20%200.66%2C%0A%20%20-0.59%0A%20%20%5D%29%2C%0A%20%20backOut%3A%20%2F%2A%40__PURE__%2A%2F%20cubicBezierAsString%28%5B%0A%20%200.33%2C%0A%20%201.53%2C%0A%20%200.69%2C%0A%20%200.99%0A%20%20%5D%29%0A%20%20%7D%3B%0A%20%20%3B%0A%20%20%3B%0A%20%20%3B%0A%20%20%3B%0A%20%20%3B%0A%20%20%3B%0A%20%20function%20mapEasingToNativeEasing%28easing%2C%20duration%29%20%7B%0A%20%20if%20%28%21easing%29%20%7B%0A%20%20return%20undefined%3B%0A%20%20%7D%20else%20if%20%28typeof%20easing%20%3D%3D%3D%20%22function%22%29%20%7B%0A%20%20return%20supportsLinearEasing%28%29%20%3F%20generateLinearEasing%28easing%2C%20duration%29%20%3A%20%22ease-out%22%3B%0A%20%20%7D%20else%20if%20%28isBezierDefinition%28easing%29%29%20%7B%0A%20%20return%20cubicBezierAsString%28easing%29%3B%0A%20%20%7D%20else%20if%20%28Array.isArray%28easing%29%29%20%7B%0A%20%20return%20easing.map%28%28segmentEasing%29%3D%3EmapEasingToNativeEasing%28segmentEasing%2C%20duration%29%20%7C%7C%20supportedWaapiEasing.easeOut%29%3B%0A%20%20%7D%20else%20%7B%0A%20%20return%20supportedWaapiEasing%5Beasing%5D%3B%0A%20%20%7D%0A%20%20%7D%0A%20%20%3B%0A%20%20%3B%0A%20%20%3B%0A%20%20%3B%0A%20%20function%20startWaapiAnimation%28element%2C%20valueName%2C%20keyframes%2C%20%7B%20delay%20%3D%200%2C%20duration%20%3D%20300%2C%20repeat%20%3D%200%2C%20repeatType%20%3D%20%22loop%22%2C%20ease%20%3D%20%22easeOut%22%2C%20times%20%7D%20%3D%20%7B%7D%2C%20pseudoElement%20%3D%20undefined%29%20%7B%0A%20%20const%20keyframeOptions%20%3D%20%7B%0A%20%20%5BvalueName%5D%3A%20keyframes%0A%20%20%7D%3B%0A%20%20if%20%28times%29%20keyframeOptions.offset%20%3D%20times%3B%0A%20%20const%20easing%20%3D%20mapEasingToNativeEasing%28ease%2C%20duration%29%3B%0A%20%20%2F%2A%2A%0A%20%20%20%20%20%20%20%2A%20If%20this%20is%20an%20easing%20array%2C%20apply%20to%20keyframes%2C%20not%20animation%20as%20a%20whole%0A%20%20%20%20%20%20%20%2A%2F%20if%20%28Array.isArray%28easing%29%29%20keyframeOptions.easing%20%3D%20easing%3B%0A%20%20if%20%28statsBuffer.value%29%20%7B%0A%20%20activeAnimations.waapi%2B%2B%3B%0A%20%20%7D%0A%20%20const%20options%20%3D%20%7B%0A%20%20delay%2C%0A%20%20duration%2C%0A%20%20easing%3A%20%21Array.isArray%28easing%29%20%3F%20easing%20%3A%20%22linear%22%2C%0A%20%20fill%3A%20%22both%22%2C%0A%20%20iterations%3A%20repeat%20%2B%201%2C%0A%20%20direction%3A%20repeatType%20%3D%3D%3D%20%22reverse%22%20%3F%20%22alternate%22%20%3A%20%22normal%22%0A%20%20%7D%3B%0A%20%20if%20%28pseudoElement%29%20options.pseudoElement%20%3D%20pseudoElement%3B%0A%20%20const%20animation%20%3D%20element.animate%28keyframeOptions%2C%20options%29%3B%0A%20%20if%20%28statsBuffer.value%29%20%7B%0A%20%20animation.finished.finally%28%28%29%3D%3E%7B%0A%20%20activeAnimations.waapi--%3B%0A%20%20%7D%29%3B%0A%20%20%7D%0A%20%20return%20animation%3B%0A%20%20%7D%0A%20%20%3B%0A%20%20function%20isGenerator%28type%29%20%7B%0A%20%20return%20typeof%20type%20%3D%3D%3D%20%22function%22%20%26%26%20%22applyToOptions%22%20in%20type%3B%0A%20%20%7D%0A%20%20%3B%0A%20%20%3B%0A%20%20%3B%0A%20%20function%20applyGeneratorOptions%28%7B%20type%2C%20...options%20%7D%29%20%7B%0A%20%20if%20%28isGenerator%28type%29%20%26%26%20supportsLinearEasing%28%29%29%20%7B%0A%20%20return%20type.applyToOptions%28options%29%3B%0A%20%20%7D%20else%20%7B%0A%20%20options.duration%20%3F%3F%20%28options.duration%20%3D%20300%29%3B%0A%20%20options.ease%20%3F%3F%20%28options.ease%20%3D%20%22easeOut%22%29%3B%0A%20%20%7D%0A%20%20return%20options%3B%0A%20%20%7D%0A%20%20%3B%0A%20%20%3B%0A%20%20%3B%0A%20%20%3B%0A%20%20%3B%0A%20%20%3B%0A%20%20%3B%0A%20%20%3B%0A%20%20%2F%2A%2A%0A%20%20%20%2A%20NativeAnimation%20implements%20AnimationPlaybackControls%20for%20the%20browser%27s%20Web%20Animations%20API.%0A%20%20%20%2A%2F%20class%20NativeAnimation%20extends%20WithPromise%20%7B%0A%20%20constructor%28options%29%7B%0A%20%20super%28%29%3B%0A%20%20this.finishedTime%20%3D%20null%3B%0A%20%20this.isStopped%20%3D%20false%3B%0A%20%20%2F%2A%2A%0A%20%20%20%20%20%20%20%20%20%20%20%2A%20Tracks%20a%20manually-set%20start%20time%20that%20takes%20precedence%20over%20WAAPI%27s%0A%20%20%20%20%20%20%20%20%20%20%20%2A%20dynamic%20startTime.%20This%20is%20cleared%20when%20play%28%29%20or%20time%20setter%20is%20called%2C%0A%20%20%20%20%20%20%20%20%20%20%20%2A%20allowing%20WAAPI%20to%20take%20over%20timing.%0A%20%20%20%20%20%20%20%20%20%20%20%2A%2F%20this.manualStartTime%20%3D%20null%3B%0A%20%20if%20%28%21options%29%20return%3B%0A%20%20const%20%7B%20element%2C%20name%2C%20keyframes%2C%20pseudoElement%2C%20allowFlatten%20%3D%20false%2C%20finalKeyframe%2C%20onComplete%20%7D%20%3D%20options%3B%0A%20%20this.isPseudoElement%20%3D%20Boolean%28pseudoElement%29%3B%0A%20%20this.allowFlatten%20%3D%20allowFlatten%3B%0A%20%20this.options%20%3D%20options%3B%0A%20%20invariant%28typeof%20options.type%20%21%3D%3D%20%22string%22%2C%20%60Mini%20animate%28%29%20doesn%27t%20support%20%22type%22%20as%20a%20string.%60%2C%20%22mini-spring%22%29%3B%0A%20%20const%20transition%20%3D%20applyGeneratorOptions%28options%29%3B%0A%20%20this.animation%20%3D%20startWaapiAnimation%28element%2C%20name%2C%20keyframes%2C%20transition%2C%20pseudoElement%29%3B%0A%20%20if%20%28transition.autoplay%20%3D%3D%3D%20false%29%20%7B%0A%20%20this.animation.pause%28%29%3B%0A%20%20%7D%0A%20%20this.animation.onfinish%20%3D%20%28%29%3D%3E%7B%0A%20%20this.finishedTime%20%3D%20this.time%3B%0A%20%20if%20%28%21pseudoElement%29%20%7B%0A%20%20const%20keyframe%20%3D%20getFinalKeyframe%28keyframes%2C%20this.options%2C%20finalKeyframe%2C%20this.speed%29%3B%0A%20%20if%20%28this.updateMotionValue%29%20%7B%0A%20%20this.updateMotionValue%28keyframe%29%3B%0A%20%20%7D%0A%20%20%2F%2A%2A%0A%20%20%20%20%20%20%20%20%20%20%20%20%20%20%20%20%20%20%20%2A%20If%20we%20can%2C%20we%20want%20to%20commit%20the%20final%20style%20as%20set%20by%20the%20user%2C%0A%20%20%20%20%20%20%20%20%20%20%20%20%20%20%20%20%20%20%20%2A%20rather%20than%20the%20computed%20keyframe%20value%20supplied%20by%20the%20animation.%0A%20%20%20%20%20%20%20%20%20%20%20%20%20%20%20%20%20%20%20%2A%20We%20always%20do%20this%2C%20even%20when%20a%20motion%20value%20is%20present%2C%20to%20prevent%0A%20%20%20%20%20%20%20%20%20%20%20%20%20%20%20%20%20%20%20%2A%20a%20visual%20flash%20in%20Firefox%20where%20the%20WAAPI%20animation%27s%20fill%20is%20removed%0A%20%20%20%20%20%20%20%20%20%20%20%20%20%20%20%20%20%20%20%2A%20during%20cancel%28%29%20before%20the%20scheduled%20render%20can%20apply%20the%20correct%20value.%0A%20%20%20%20%20%20%20%20%20%20%20%20%20%20%20%20%20%20%20%2A%2F%20setStyle%28element%2C%20name%2C%20keyframe%29%3B%0A%20%20this.animation.cancel%28%29%3B%0A%20%20%7D%0A%20%20onComplete%3F.%28%29%3B%0A%20%20this.notifyFinished%28%29%3B%0A%20%20%7D%3B%0A%20%20%7D%0A%20%20play%28%29%20%7B%0A%20%20if%20%28this.isStopped%29%20return%3B%0A%20%20this.manualStartTime%20%3D%20null%3B%0A%20%20this.animation.play%28%29%3B%0A%20%20if%20%28this.state%20%3D%3D%3D%20%22finished%22%29%20%7B%0A%20%20this.updateFinished%28%29%3B%0A%20%20%7D%0A%20%20%7D%0A%20%20pause%28%29%20%7B%0A%20%20this.animation.pause%28%29%3B%0A%20%20%7D%0A%20%20complete%28%29%20%7B%0A%20%20this.animation.finish%3F.%28%29%3B%0A%20%20%7D%0A%20%20cancel%28%29%20%7B%0A%20%20try%20%7B%0A%20%20this.animation.cancel%28%29%3B%0A%20%20%7D%20catch%20%28e%29%20%7B%7D%0A%20%20%7D%0A%20%20stop%28%29%20%7B%0A%20%20if%20%28this.isStopped%29%20return%3B%0A%20%20this.isStopped%20%3D%20true%3B%0A%20%20const%20%7B%20state%20%7D%20%3D%20this%3B%0A%20%20if%20%28state%20%3D%3D%3D%20%22idle%22%20%7C%7C%20state%20%3D%3D%3D%20%22finished%22%29%20%7B%0A%20%20return%3B%0A%20%20%7D%0A%20%20if%20%28this.updateMotionValue%29%20%7B%0A%20%20this.updateMotionValue%28%29%3B%0A%20%20%7D%20else%20%7B%0A%20%20this.commitStyles%28%29%3B%0A%20%20%7D%0A%20%20if%20%28%21this.isPseudoElement%29%20this.cancel%28%29%3B%0A%20%20%7D%0A%20%20%2F%2A%2A%0A%20%20%20%20%20%20%20%2A%20WAAPI%20doesn%27t%20natively%20have%20any%20interruption%20capabilities.%0A%20%20%20%20%20%20%20%2A%0A%20%20%20%20%20%20%20%2A%20In%20this%20method%2C%20we%20commit%20styles%20back%20to%20the%20DOM%20before%20cancelling%0A%20%20%20%20%20%20%20%2A%20the%20animation.%0A%20%20%20%20%20%20%20%2A%0A%20%20%20%20%20%20%20%2A%20This%20is%20designed%20to%20be%20overridden%20by%20NativeAnimationExtended%2C%20which%0A%20%20%20%20%20%20%20%2A%20will%20create%20a%20renderless%20JS%20animation%20and%20sample%20it%20twice%20to%20calculate%0A%20%20%20%20%20%20%20%2A%20its%20current%20value%2C%20%22previous%22%20value%2C%20and%20therefore%20allow%0A%20%20%20%20%20%20%20%2A%20Motion%20to%20also%20correctly%20calculate%20velocity%20for%20any%20subsequent%20animation%0A%20%20%20%20%20%20%20%2A%20while%20deferring%20the%20commit%20until%20the%20next%20animation%20frame.%0A%20%20%20%20%20%20%20%2A%2F%20commitStyles%28%29%20%7B%0A%20%20const%20element%20%3D%20this.options%3F.element%3B%0A%20%20if%20%28%21this.isPseudoElement%20%26%26%20element%3F.isConnected%29%20%7B%0A%20%20this.animation.commitStyles%3F.%28%29%3B%0A%20%20%7D%0A%20%20%7D%0A%20%20get%20duration%28%29%20%7B%0A%20%20const%20duration%20%3D%20this.animation.effect%3F.getComputedTiming%3F.%28%29.duration%20%7C%7C%200%3B%0A%20%20return%20millisecondsToSeconds%28Number%28duration%29%29%3B%0A%20%20%7D%0A%20%20get%20iterationDuration%28%29%20%7B%0A%20%20const%20%7B%20delay%20%3D%200%20%7D%20%3D%20this.options%20%7C%7C%20%7B%7D%3B%0A%20%20return%20this.duration%20%2B%20millisecondsToSeconds%28delay%29%3B%0A%20%20%7D%0A%20%20get%20time%28%29%20%7B%0A%20%20return%20millisecondsToSeconds%28Number%28this.animation.currentTime%29%20%7C%7C%200%29%3B%0A%20%20%7D%0A%20%20set%20time%28newTime%29%20%7B%0A%20%20const%20wasFinished%20%3D%20this.finishedTime%20%21%3D%3D%20null%3B%0A%20%20this.manualStartTime%20%3D%20null%3B%0A%20%20this.finishedTime%20%3D%20null%3B%0A%20%20this.animation.currentTime%20%3D%20secondsToMilliseconds%28newTime%29%3B%0A%20%20if%20%28wasFinished%29%20%7B%0A%20%20this.animation.pause%28%29%3B%0A%20%20%7D%0A%20%20%7D%0A%20%20%2F%2A%2A%0A%20%20%20%20%20%20%20%2A%20The%20playback%20speed%20of%20the%20animation.%0A%20%20%20%20%20%20%20%2A%201%20%3D%20normal%20speed%2C%202%20%3D%20double%20speed%2C%200.5%20%3D%20half%20speed.%0A%20%20%20%20%20%20%20%2A%2F%20get%20speed%28%29%20%7B%0A%20%20return%20this.animation.playbackRate%3B%0A%20%20%7D%0A%20%20set%20speed%28newSpeed%29%20%7B%0A%20%20%2F%2F%20Allow%20backwards%20playback%20after%20finishing%0A%20%20if%20%28newSpeed%20%3C%200%29%20this.finishedTime%20%3D%20null%3B%0A%20%20this.animation.playbackRate%20%3D%20newSpeed%3B%0A%20%20%7D%0A%20%20get%20state%28%29%20%7B%0A%20%20return%20this.finishedTime%20%21%3D%3D%20null%20%3F%20%22finished%22%20%3A%20this.animation.playState%3B%0A%20%20%7D%0A%20%20get%20startTime%28%29%20%7B%0A%20%20return%20this.manualStartTime%20%3F%3F%20Number%28this.animation.startTime%29%3B%0A%20%20%7D%0A%20%20set%20startTime%28newStartTime%29%20%7B%0A%20%20this.manualStartTime%20%3D%20this.animation.startTime%20%3D%20newStartTime%3B%0A%20%20%7D%0A%20%20%2F%2A%2A%0A%20%20%20%20%20%20%20%2A%20Attaches%20a%20timeline%20to%20the%20animation%2C%20for%20instance%20the%20%60ScrollTimeline%60.%0A%20%20%20%20%20%20%20%2A%2F%20attachTimeline%28%7B%20timeline%2C%20rangeStart%2C%20rangeEnd%2C%20observe%20%7D%29%20%7B%0A%20%20if%20%28this.allowFlatten%29%20%7B%0A%20%20this.animation.effect%3F.updateTiming%28%7B%0A%20%20easing%3A%20%22linear%22%0A%20%20%7D%29%3B%0A%20%20%7D%0A%20%20this.animation.onfinish%20%3D%20null%3B%0A%20%20if%20%28timeline%20%26%26%20supportsScrollTimeline%28%29%29%20%7B%0A%20%20this.animation.timeline%20%3D%20timeline%3B%0A%20%20if%20%28rangeStart%29%20this.animation.rangeStart%20%3D%20rangeStart%3B%0A%20%20if%20%28rangeEnd%29%20this.animation.rangeEnd%20%3D%20rangeEnd%3B%0A%20%20return%20noop%3B%0A%20%20%7D%20else%20%7B%0A%20%20return%20observe%28this%29%3B%0A%20%20%7D%0A%20%20%7D%0A%20%20%7D%0A%20%20%3B%0A%20%20%2F%2A%2A%0A%20%20%20%2A%20A%20list%20of%20values%20that%20can%20be%20hardware-accelerated.%0A%20%20%20%2A%2F%20const%20acceleratedValues%20%3D%20new%20Set%28%5B%0A%20%20%22opacity%22%2C%0A%20%20%22clipPath%22%2C%0A%20%20%22filter%22%2C%0A%20%20%22transform%22%0A%20%20%5D%29%3B%0A%20%20%3B%0A%20%20%3B%0A%20%20const%20%7B%20schedule%3A%20microtask%2C%20cancel%3A%20cancelMicrotask%20%7D%20%3D%20%2F%2A%20%40__PURE__%20%2A%2F%20createRenderBatcher%28queueMicrotask%2C%20false%29%3B%0A%20%20%3B%0A%20%20%3B%0A%20%20%3B%0A%20%20let%20now1%3B%0A%20%20function%20clearTime%28%29%20%7B%0A%20%20now1%20%3D%20undefined%3B%0A%20%20%7D%0A%20%20%2F%2A%2A%0A%20%20%20%2A%20An%20eventloop-synchronous%20alternative%20to%20performance.now%28%29.%0A%20%20%20%2A%0A%20%20%20%2A%20Ensures%20that%20time%20measurements%20remain%20consistent%20within%20a%20synchronous%20context.%0A%20%20%20%2A%20Usually%20calling%20performance.now%28%29%20twice%20within%20the%20same%20synchronous%20context%0A%20%20%20%2A%20will%20return%20different%20values%20which%20isn%27t%20useful%20for%20animations%20when%20we%27re%20usually%0A%20%20%20%2A%20trying%20to%20sync%20animations%20to%20the%20same%20frame.%0A%20%20%20%2A%2F%20const%20time%20%3D%20%7B%0A%20%20now%3A%20%28%29%3D%3E%7B%0A%20%20if%20%28now1%20%3D%3D%3D%20undefined%29%20%7B%0A%20%20time.set%28frameData.isProcessing%20%7C%7C%20MotionGlobalConfig.useManualTiming%20%3F%20frameData.timestamp%20%3A%20performance.now%28%29%29%3B%0A%20%20%7D%0A%20%20return%20now1%3B%0A%20%20%7D%2C%0A%20%20set%3A%20%28newTime%29%3D%3E%7B%0A%20%20now1%20%3D%20newTime%3B%0A%20%20queueMicrotask%28clearTime%29%3B%0A%20%20%7D%0A%20%20%7D%3B%0A%20%20%3B%0A%20%20%2F%2A%0A%20%20%20%20Convert%20velocity%20into%20velocity%20per%20second%0A%20%20%0A%20%20%20%20%40param%20%5Bnumber%5D%3A%20Unit%20per%20frame%0A%20%20%20%20%40param%20%5Bnumber%5D%3A%20Frame%20duration%20in%20ms%0A%20%20%2A%2F%20function%20velocityPerSecond%28velocity%2C%20frameDuration%29%20%7B%0A%20%20return%20frameDuration%20%3F%20velocity%20%2A%20%281000%20%2F%20frameDuration%29%20%3A%200%3B%0A%20%20%7D%0A%20%20%3B%0A%20%20%3B%0A%20%20%3B%0A%20%20%3B%0A%20%20%2F%2A%2A%0A%20%20%20%2A%20Maximum%20time%20between%20the%20value%20of%20two%20frames%2C%20beyond%20which%20we%0A%20%20%20%2A%20assume%20the%20velocity%20has%20since%20been%200.%0A%20%20%20%2A%2F%20const%20MAX_VELOCITY_DELTA%20%3D%2030%3B%0A%20%20const%20isFloat%20%3D%20%28value%29%3D%3E%7B%0A%20%20return%20%21isNaN%28parseFloat%28value%29%29%3B%0A%20%20%7D%3B%0A%20%20const%20collectMotionValues%20%3D%20%7B%0A%20%20current%3A%20undefined%0A%20%20%7D%3B%0A%20%20%2F%2A%2A%0A%20%20%20%2A%20%60MotionValue%60%20is%20used%20to%20track%20the%20state%20and%20velocity%20of%20motion%20values.%0A%20%20%20%2A%0A%20%20%20%2A%20%40public%0A%20%20%20%2A%2F%20class%20MotionValue%20%7B%0A%20%20%2F%2A%2A%0A%20%20%20%20%20%20%20%2A%20%40param%20init%20-%20The%20initiating%20value%0A%20%20%20%20%20%20%20%2A%20%40param%20config%20-%20Optional%20configuration%20options%0A%20%20%20%20%20%20%20%2A%0A%20%20%20%20%20%20%20%2A%20-%20%20%60transformer%60%3A%20A%20function%20to%20transform%20incoming%20values%20with.%0A%20%20%20%20%20%20%20%2A%2F%20constructor%28init%2C%20options%20%3D%20%7B%7D%29%7B%0A%20%20%2F%2A%2A%0A%20%20%20%20%20%20%20%20%20%20%20%2A%20Tracks%20whether%20this%20value%20can%20output%20a%20velocity.%20Currently%20this%20is%20only%20true%0A%20%20%20%20%20%20%20%20%20%20%20%2A%20if%20the%20value%20is%20numerical%2C%20but%20we%20might%20be%20able%20to%20widen%20the%20scope%20here%20and%20support%0A%20%20%20%20%20%20%20%20%20%20%20%2A%20other%20value%20types.%0A%20%20%20%20%20%20%20%20%20%20%20%2A%0A%20%20%20%20%20%20%20%20%20%20%20%2A%20%40internal%0A%20%20%20%20%20%20%20%20%20%20%20%2A%2F%20this.canTrackVelocity%20%3D%20null%3B%0A%20%20%2F%2A%2A%0A%20%20%20%20%20%20%20%20%20%20%20%2A%20An%20object%20containing%20a%20SubscriptionManager%20for%20each%20active%20event.%0A%20%20%20%20%20%20%20%20%20%20%20%2A%2F%20this.events%20%3D%20%7B%7D%3B%0A%20%20this.updateAndNotify%20%3D%20%28v%29%3D%3E%7B%0A%20%20const%20currentTime%20%3D%20time.now%28%29%3B%0A%20%20%2F%2A%2A%0A%20%20%20%20%20%20%20%20%20%20%20%20%20%20%20%2A%20If%20we%27re%20updating%20the%20value%20during%20another%20frame%20or%20eventloop%0A%20%20%20%20%20%20%20%20%20%20%20%20%20%20%20%2A%20than%20the%20previous%20frame%2C%20then%20the%20we%20set%20the%20previous%20frame%20value%0A%20%20%20%20%20%20%20%20%20%20%20%20%20%20%20%2A%20to%20current.%0A%20%20%20%20%20%20%20%20%20%20%20%20%20%20%20%2A%2F%20if%20%28this.updatedAt%20%21%3D%3D%20currentTime%29%20%7B%0A%20%20this.setPrevFrameValue%28%29%3B%0A%20%20%7D%0A%20%20this.prev%20%3D%20this.current%3B%0A%20%20this.setCurrent%28v%29%3B%0A%20%20%2F%2F%20Update%20update%20subscribers%0A%20%20if%20%28this.current%20%21%3D%3D%20this.prev%29%20%7B%0A%20%20this.events.change%3F.notify%28this.current%29%3B%0A%20%20if%20%28this.dependents%29%20%7B%0A%20%20for%20%28const%20dependent%20of%20this.dependents%29%7B%0A%20%20dependent.dirty%28%29%3B%0A%20%20%7D%0A%20%20%7D%0A%20%20%7D%0A%20%20%7D%3B%0A%20%20this.hasAnimated%20%3D%20false%3B%0A%20%20this.setCurrent%28init%29%3B%0A%20%20this.owner%20%3D%20options.owner%3B%0A%20%20%7D%0A%20%20setCurrent%28current%29%20%7B%0A%20%20this.current%20%3D%20current%3B%0A%20%20this.updatedAt%20%3D%20time.now%28%29%3B%0A%20%20if%20%28this.canTrackVelocity%20%3D%3D%3D%20null%20%26%26%20current%20%21%3D%3D%20undefined%29%20%7B%0A%20%20this.canTrackVelocity%20%3D%20isFloat%28this.current%29%3B%0A%20%20%7D%0A%20%20%7D%0A%20%20setPrevFrameValue%28prevFrameValue%20%3D%20this.current%29%20%7B%0A%20%20this.prevFrameValue%20%3D%20prevFrameValue%3B%0A%20%20this.prevUpdatedAt%20%3D%20this.updatedAt%3B%0A%20%20%7D%0A%20%20%2F%2A%2A%0A%20%20%20%20%20%20%20%2A%20Adds%20a%20function%20that%20will%20be%20notified%20when%20the%20%60MotionValue%60%20is%20updated.%0A%20%20%20%20%20%20%20%2A%0A%20%20%20%20%20%20%20%2A%20It%20returns%20a%20function%20that%2C%20when%20called%2C%20will%20cancel%20the%20subscription.%0A%20%20%20%20%20%20%20%2A%0A%20%20%20%20%20%20%20%2A%20When%20calling%20%60onChange%60%20inside%20a%20React%20component%2C%20it%20should%20be%20wrapped%20with%20the%0A%20%20%20%20%20%20%20%2A%20%60useEffect%60%20hook.%20As%20it%20returns%20an%20unsubscribe%20function%2C%20this%20should%20be%20returned%0A%20%20%20%20%20%20%20%2A%20from%20the%20%60useEffect%60%20function%20to%20ensure%20you%20don%27t%20add%20duplicate%20subscribers..%0A%20%20%20%20%20%20%20%2A%0A%20%20%20%20%20%20%20%2A%20%60%60%60jsx%0A%20%20%20%20%20%20%20%2A%20export%20const%20MyComponent%20%3D%20%28%29%20%3D%3E%20%7B%0A%20%20%20%20%20%20%20%2A%20%20%20const%20x%20%3D%20useMotionValue%280%29%0A%20%20%20%20%20%20%20%2A%20%20%20const%20y%20%3D%20useMotionValue%280%29%0A%20%20%20%20%20%20%20%2A%20%20%20const%20opacity%20%3D%20useMotionValue%281%29%0A%20%20%20%20%20%20%20%2A%0A%20%20%20%20%20%20%20%2A%20%20%20useEffect%28%28%29%20%3D%3E%20%7B%0A%20%20%20%20%20%20%20%2A%20%20%20%20%20function%20updateOpacity%28%29%20%7B%0A%20%20%20%20%20%20%20%2A%20%20%20%20%20%20%20const%20maxXY%20%3D%20Math.max%28x.get%28%29%2C%20y.get%28%29%29%0A%20%20%20%20%20%20%20%2A%20%20%20%20%20%20%20const%20newOpacity%20%3D%20transform%28maxXY%2C%20%5B0%2C%20100%5D%2C%20%5B1%2C%200%5D%29%0A%20%20%20%20%20%20%20%2A%20%20%20%20%20%20%20opacity.set%28newOpacity%29%0A%20%20%20%20%20%20%20%2A%20%20%20%20%20%7D%0A%20%20%20%20%20%20%20%2A%0A%20%20%20%20%20%20%20%2A%20%20%20%20%20const%20unsubscribeX%20%3D%20x.on%28%22change%22%2C%20updateOpacity%29%0A%20%20%20%20%20%20%20%2A%20%20%20%20%20const%20unsubscribeY%20%3D%20y.on%28%22change%22%2C%20updateOpacity%29%0A%20%20%20%20%20%20%20%2A%0A%20%20%20%20%20%20%20%2A%20%20%20%20%20return%20%28%29%20%3D%3E%20%7B%0A%20%20%20%20%20%20%20%2A%20%20%20%20%20%20%20unsubscribeX%28%29%0A%20%20%20%20%20%20%20%2A%20%20%20%20%20%20%20unsubscribeY%28%29%0A%20%20%20%20%20%20%20%2A%20%20%20%20%20%7D%0A%20%20%20%20%20%20%20%2A%20%20%20%7D%2C%20%5B%5D%29%0A%20%20%20%20%20%20%20%2A%0A%20%20%20%20%20%20%20%2A%20%20%20return%20%3Cmotion.div%20style%3D%7B%7B%20x%20%7D%7D%20%2F%3E%0A%20%20%20%20%20%20%20%2A%20%7D%0A%20%20%20%20%20%20%20%2A%20%60%60%60%0A%20%20%20%20%20%20%20%2A%0A%20%20%20%20%20%20%20%2A%20%40param%20subscriber%20-%20A%20function%20that%20receives%20the%20latest%20value.%0A%20%20%20%20%20%20%20%2A%20%40returns%20A%20function%20that%2C%20when%20called%2C%20will%20cancel%20this%20subscription.%0A%20%20%20%20%20%20%20%2A%0A%20%20%20%20%20%20%20%2A%20%40deprecated%0A%20%20%20%20%20%20%20%2A%2F%20onChange%28subscription%29%20%7B%0A%20%20if%20%28%22TURBOPACK%20compile-time%20falsy%22%2C%200%29%20%2F%2FTURBOPACK%20unreachable%0A%20%20%3B%0A%20%20return%20this.on%28%22change%22%2C%20subscription%29%3B%0A%20%20%7D%0A%20%20on%28eventName%2C%20callback%29%20%7B%0A%20%20if%20%28%21this.events%5BeventName%5D%29%20%7B%0A%20%20this.events%5BeventName%5D%20%3D%20new%20SubscriptionManager%28%29%3B%0A%20%20%7D%0A%20%20const%20unsubscribe%20%3D%20this.events%5BeventName%5D.add%28callback%29%3B%0A%20%20if%20%28eventName%20%3D%3D%3D%20%22change%22%29%20%7B%0A%20%20return%20%28%29%3D%3E%7B%0A%20%20unsubscribe%28%29%3B%0A%20%20%2F%2A%2A%0A%20%20%20%20%20%20%20%20%20%20%20%20%20%20%20%20%20%20%20%2A%20If%20we%20have%20no%20more%20change%20listeners%20by%20the%20start%0A%20%20%20%20%20%20%20%20%20%20%20%20%20%20%20%20%20%20%20%2A%20of%20the%20next%20frame%2C%20stop%20active%20animations.%0A%20%20%20%20%20%20%20%20%20%20%20%20%20%20%20%20%20%20%20%2A%2F%20frame.read%28%28%29%3D%3E%7B%0A%20%20if%20%28%21this.events.change.getSize%28%29%29%20%7B%0A%20%20this.stop%28%29%3B%0A%20%20%7D%0A%20%20%7D%29%3B%0A%20%20%7D%3B%0A%20%20%7D%0A%20%20return%20unsubscribe%3B%0A%20%20%7D%0A%20%20clearListeners%28%29%20%7B%0A%20%20for%28const%20eventManagers%20in%20this.events%29%7B%0A%20%20this.events%5BeventManagers%5D.clear%28%29%3B%0A%20%20%7D%0A%20%20%7D%0A%20%20%2F%2A%2A%0A%20%20%20%20%20%20%20%2A%20Attaches%20a%20passive%20effect%20to%20the%20%60MotionValue%60.%0A%20%20%20%20%20%20%20%2A%2F%20attach%28passiveEffect%2C%20stopPassiveEffect%29%20%7B%0A%20%20this.passiveEffect%20%3D%20passiveEffect%3B%0A%20%20this.stopPassiveEffect%20%3D%20stopPassiveEffect%3B%0A%20%20%7D%0A%20%20%2F%2A%2A%0A%20%20%20%20%20%20%20%2A%20Sets%20the%20state%20of%20the%20%60MotionValue%60.%0A%20%20%20%20%20%20%20%2A%0A%20%20%20%20%20%20%20%2A%20%40remarks%0A%20%20%20%20%20%20%20%2A%0A%20%20%20%20%20%20%20%2A%20%60%60%60jsx%0A%20%20%20%20%20%20%20%2A%20const%20x%20%3D%20useMotionValue%280%29%0A%20%20%20%20%20%20%20%2A%20x.set%2810%29%0A%20%20%20%20%20%20%20%2A%20%60%60%60%0A%20%20%20%20%20%20%20%2A%0A%20%20%20%20%20%20%20%2A%20%40param%20latest%20-%20Latest%20value%20to%20set.%0A%20%20%20%20%20%20%20%2A%20%40param%20render%20-%20Whether%20to%20notify%20render%20subscribers.%20Defaults%20to%20%60true%60%0A%20%20%20%20%20%20%20%2A%0A%20%20%20%20%20%20%20%2A%20%40public%0A%20%20%20%20%20%20%20%2A%2F%20set%28v%29%20%7B%0A%20%20if%20%28%21this.passiveEffect%29%20%7B%0A%20%20this.updateAndNotify%28v%29%3B%0A%20%20%7D%20else%20%7B%0A%20%20this.passiveEffect%28v%2C%20this.updateAndNotify%29%3B%0A%20%20%7D%0A%20%20%7D%0A%20%20setWithVelocity%28prev%2C%20current%2C%20delta%29%20%7B%0A%20%20this.set%28current%29%3B%0A%20%20this.prev%20%3D%20undefined%3B%0A%20%20this.prevFrameValue%20%3D%20prev%3B%0A%20%20this.prevUpdatedAt%20%3D%20this.updatedAt%20-%20delta%3B%0A%20%20%7D%0A%20%20%2F%2A%2A%0A%20%20%20%20%20%20%20%2A%20Set%20the%20state%20of%20the%20%60MotionValue%60%2C%20stopping%20any%20active%20animations%2C%0A%20%20%20%20%20%20%20%2A%20effects%2C%20and%20resets%20velocity%20to%20%600%60.%0A%20%20%20%20%20%20%20%2A%2F%20jump%28v%2C%20endAnimation%20%3D%20true%29%20%7B%0A%20%20this.updateAndNotify%28v%29%3B%0A%20%20this.prev%20%3D%20v%3B%0A%20%20this.prevUpdatedAt%20%3D%20this.prevFrameValue%20%3D%20undefined%3B%0A%20%20endAnimation%20%26%26%20this.stop%28%29%3B%0A%20%20if%20%28this.stopPassiveEffect%29%20this.stopPassiveEffect%28%29%3B%0A%20%20%7D%0A%20%20dirty%28%29%20%7B%0A%20%20this.events.change%3F.notify%28this.current%29%3B%0A%20%20%7D%0A%20%20addDependent%28dependent%29%20%7B%0A%20%20if%20%28%21this.dependents%29%20%7B%0A%20%20this.dependents%20%3D%20new%20Set%28%29%3B%0A%20%20%7D%0A%20%20this.dependents.add%28dependent%29%3B%0A%20%20%7D%0A%20%20removeDependent%28dependent%29%20%7B%0A%20%20if%20%28this.dependents%29%20%7B%0A%20%20this.dependents.delete%28dependent%29%3B%0A%20%20%7D%0A%20%20%7D%0A%20%20%2F%2A%2A%0A%20%20%20%20%20%20%20%2A%20Returns%20the%20latest%20state%20of%20%60MotionValue%60%0A%20%20%20%20%20%20%20%2A%0A%20%20%20%20%20%20%20%2A%20%40returns%20-%20The%20latest%20state%20of%20%60MotionValue%60%0A%20%20%20%20%20%20%20%2A%0A%20%20%20%20%20%20%20%2A%20%40public%0A%20%20%20%20%20%20%20%2A%2F%20get%28%29%20%7B%0A%20%20if%20%28collectMotionValues.current%29%20%7B%0A%20%20collectMotionValues.current.push%28this%29%3B%0A%20%20%7D%0A%20%20return%20this.current%3B%0A%20%20%7D%0A%20%20%2F%2A%2A%0A%20%20%20%20%20%20%20%2A%20%40public%0A%20%20%20%20%20%20%20%2A%2F%20getPrevious%28%29%20%7B%0A%20%20return%20this.prev%3B%0A%20%20%7D%0A%20%20%2F%2A%2A%0A%20%20%20%20%20%20%20%2A%20Returns%20the%20latest%20velocity%20of%20%60MotionValue%60%0A%20%20%20%20%20%20%20%2A%0A%20%20%20%20%20%20%20%2A%20%40returns%20-%20The%20latest%20velocity%20of%20%60MotionValue%60.%20Returns%20%600%60%20if%20the%20state%20is%20non-numerical.%0A%20%20%20%20%20%20%20%2A%0A%20%20%20%20%20%20%20%2A%20%40public%0A%20%20%20%20%20%20%20%2A%2F%20getVelocity%28%29%20%7B%0A%20%20const%20currentTime%20%3D%20time.now%28%29%3B%0A%20%20if%20%28%21this.canTrackVelocity%20%7C%7C%20this.prevFrameValue%20%3D%3D%3D%20undefined%20%7C%7C%20currentTime%20-%20this.updatedAt%20%3E%20MAX_VELOCITY_DELTA%29%20%7B%0A%20%20return%200%3B%0A%20%20%7D%0A%20%20const%20delta%20%3D%20Math.min%28this.updatedAt%20-%20this.prevUpdatedAt%2C%20MAX_VELOCITY_DELTA%29%3B%0A%20%20%2F%2F%20Casts%20because%20of%20parseFloat%27s%20poor%20typing%0A%20%20return%20velocityPerSecond%28parseFloat%28this.current%29%20-%20parseFloat%28this.prevFrameValue%29%2C%20delta%29%3B%0A%20%20%7D%0A%20%20%2F%2A%2A%0A%20%20%20%20%20%20%20%2A%20Registers%20a%20new%20animation%20to%20control%20this%20%60MotionValue%60.%20Only%20one%0A%20%20%20%20%20%20%20%2A%20animation%20can%20drive%20a%20%60MotionValue%60%20at%20one%20time.%0A%20%20%20%20%20%20%20%2A%0A%20%20%20%20%20%20%20%2A%20%60%60%60jsx%0A%20%20%20%20%20%20%20%2A%20value.start%28%29%0A%20%20%20%20%20%20%20%2A%20%60%60%60%0A%20%20%20%20%20%20%20%2A%0A%20%20%20%20%20%20%20%2A%20%40param%20animation%20-%20A%20function%20that%20starts%20the%20provided%20animation%0A%20%20%20%20%20%20%20%2A%2F%20start%28startAnimation%29%20%7B%0A%20%20this.stop%28%29%3B%0A%20%20return%20new%20Promise%28%28resolve%29%3D%3E%7B%0A%20%20this.hasAnimated%20%3D%20true%3B%0A%20%20this.animation%20%3D%20startAnimation%28resolve%29%3B%0A%20%20if%20%28this.events.animationStart%29%20%7B%0A%20%20this.events.animationStart.notify%28%29%3B%0A%20%20%7D%0A%20%20%7D%29.then%28%28%29%3D%3E%7B%0A%20%20if%20%28this.events.animationComplete%29%20%7B%0A%20%20this.events.animationComplete.notify%28%29%3B%0A%20%20%7D%0A%20%20this.clearAnimation%28%29%3B%0A%20%20%7D%29%3B%0A%20%20%7D%0A%20%20%2F%2A%2A%0A%20%20%20%20%20%20%20%2A%20Stop%20the%20currently%20active%20animation.%0A%20%20%20%20%20%20%20%2A%0A%20%20%20%20%20%20%20%2A%20%40public%0A%20%20%20%20%20%20%20%2A%2F%20stop%28%29%20%7B%0A%20%20if%20%28this.animation%29%20%7B%0A%20%20this.animation.stop%28%29%3B%0A%20%20if%20%28this.events.animationCancel%29%20%7B%0A%20%20this.events.animationCancel.notify%28%29%3B%0A%20%20%7D%0A%20%20%7D%0A%20%20this.clearAnimation%28%29%3B%0A%20%20%7D%0A%20%20%2F%2A%2A%0A%20%20%20%20%20%20%20%2A%20Returns%20%60true%60%20if%20this%20value%20is%20currently%20animating.%0A%20%20%20%20%20%20%20%2A%0A%20%20%20%20%20%20%20%2A%20%40public%0A%20%20%20%20%20%20%20%2A%2F%20isAnimating%28%29%20%7B%0A%20%20return%20%21%21this.animation%3B%0A%20%20%7D%0A%20%20clearAnimation%28%29%20%7B%0A%20%20delete%20this.animation%3B%0A%20%20%7D%0A%20%20%2F%2A%2A%0A%20%20%20%20%20%20%20%2A%20Destroy%20and%20clean%20up%20subscribers%20to%20this%20%60MotionValue%60.%0A%20%20%20%20%20%20%20%2A%0A%20%20%20%20%20%20%20%2A%20The%20%60MotionValue%60%20hooks%20like%20%60useMotionValue%60%20and%20%60useTransform%60%20automatically%0A%20%20%20%20%20%20%20%2A%20handle%20the%20lifecycle%20of%20the%20returned%20%60MotionValue%60%2C%20so%20this%20method%20is%20only%20necessary%20if%20you%27ve%20manually%0A%20%20%20%20%20%20%20%2A%20created%20a%20%60MotionValue%60%20via%20the%20%60motionValue%60%20function.%0A%20%20%20%20%20%20%20%2A%0A%20%20%20%20%20%20%20%2A%20%40public%0A%20%20%20%20%20%20%20%2A%2F%20destroy%28%29%20%7B%0A%20%20this.dependents%3F.clear%28%29%3B%0A%20%20this.events.destroy%3F.notify%28%29%3B%0A%20%20this.clearListeners%28%29%3B%0A%20%20this.stop%28%29%3B%0A%20%20if%20%28this.stopPassiveEffect%29%20%7B%0A%20%20this.stopPassiveEffect%28%29%3B%0A%20%20%7D%0A%20%20%7D%0A%20%20%7D%0A%20%20function%20motionValue%28init%2C%20options%29%20%7B%0A%20%20return%20new%20MotionValue%28init%2C%20options%29%3B%0A%20%20%7D%0A%20%20%3B%0A%20%20%3B%0A%20%20%3B%0A%20%20%3B%0A%20%20%3B%0A%20%20%2F%2A%2A%0A%20%20%20%2A%20A%20list%20of%20all%20ValueTypes%0A%20%20%20%2A%2F%20const%20valueTypes%20%3D%20%5B%0A%20%20...dimensionValueTypes%2C%0A%20%20color%2C%0A%20%20complex%0A%20%20%5D%3B%0A%20%20%2F%2A%2A%0A%20%20%20%2A%20Tests%20a%20value%20against%20the%20list%20of%20ValueTypes%0A%20%20%20%2A%2F%20const%20findValueType%20%3D%20%28v%29%3D%3EvalueTypes.find%28testValueType%28v%29%29%3B%0A%20%20%3B%0A%20%20const%20visualElementStore%20%3D%20new%20WeakMap%28%29%3B%0A%20%20%3B%0A%20%20function%20isAnimationControls%28v%29%20%7B%0A%20%20return%20v%20%21%3D%3D%20null%20%26%26%20typeof%20v%20%3D%3D%3D%20%22object%22%20%26%26%20typeof%20v.start%20%3D%3D%3D%20%22function%22%3B%0A%20%20%7D%0A%20%20%3B%0A%20%20%2F%2A%2A%0A%20%20%20%2A%20Decides%20if%20the%20supplied%20variable%20is%20variant%20label%0A%20%20%20%2A%2F%20function%20isVariantLabel%28v%29%20%7B%0A%20%20return%20typeof%20v%20%3D%3D%3D%20%22string%22%20%7C%7C%20Array.isArray%28v%29%3B%0A%20%20%7D%0A%20%20%3B%0A%20%20const%20variantPriorityOrder%20%3D%20%5B%0A%20%20%22animate%22%2C%0A%20%20%22whileInView%22%2C%0A%20%20%22whileFocus%22%2C%0A%20%20%22whileHover%22%2C%0A%20%20%22whileTap%22%2C%0A%20%20%22whileDrag%22%2C%0A%20%20%22exit%22%0A%20%20%5D%3B%0A%20%20const%20variantProps%20%3D%20%5B%0A%20%20%22initial%22%2C%0A%20%20...variantPriorityOrder%0A%20%20%5D%3B%0A%20%20%3B%0A%20%20%3B%0A%20%20%3B%0A%20%20%3B%0A%20%20function%20isControllingVariants%28props%29%20%7B%0A%20%20return%20isAnimationControls%28props.animate%29%20%7C%7C%20variantProps.some%28%28name%29%3D%3EisVariantLabel%28props%5Bname%5D%29%29%3B%0A%20%20%7D%0A%20%20function%20isVariantNode%28props%29%20%7B%0A%20%20return%20Boolean%28isControllingVariants%28props%29%20%7C%7C%20props.variants%29%3B%0A%20%20%7D%0A%20%20%3B%0A%20%20%3B%0A%20%20%3B%0A%20%20%2F%2A%2A%0A%20%20%20%2A%20Updates%20motion%20values%20from%20props%20changes.%0A%20%20%20%2A%20Uses%20%60any%60%20type%20for%20element%20to%20avoid%20circular%20dependencies%20with%20VisualElement.%0A%20%20%20%2A%2F%20function%20updateMotionValuesFromProps%28element%2C%20next%2C%20prev%29%20%7B%0A%20%20for%28const%20key%20in%20next%29%7B%0A%20%20const%20nextValue%20%3D%20next%5Bkey%5D%3B%0A%20%20const%20prevValue%20%3D%20prev%5Bkey%5D%3B%0A%20%20if%20%28isMotionValue%28nextValue%29%29%20%7B%0A%20%20%2F%2A%2A%0A%20%20%20%20%20%20%20%20%20%20%20%20%20%20%20%2A%20If%20this%20is%20a%20motion%20value%20found%20in%20props%20or%20style%2C%20we%20want%20to%20add%20it%0A%20%20%20%20%20%20%20%20%20%20%20%20%20%20%20%2A%20to%20our%20visual%20element%27s%20motion%20value%20map.%0A%20%20%20%20%20%20%20%20%20%20%20%20%20%20%20%2A%2F%20element.addValue%28key%2C%20nextValue%29%3B%0A%20%20%7D%20else%20if%20%28isMotionValue%28prevValue%29%29%20%7B%0A%20%20%2F%2A%2A%0A%20%20%20%20%20%20%20%20%20%20%20%20%20%20%20%2A%20If%20we%27re%20swapping%20from%20a%20motion%20value%20to%20a%20static%20value%2C%0A%20%20%20%20%20%20%20%20%20%20%20%20%20%20%20%2A%20create%20a%20new%20motion%20value%20from%20that%0A%20%20%20%20%20%20%20%20%20%20%20%20%20%20%20%2A%2F%20element.addValue%28key%2C%20motionValue%28nextValue%2C%20%7B%0A%20%20owner%3A%20element%0A%20%20%7D%29%29%3B%0A%20%20%7D%20else%20if%20%28prevValue%20%21%3D%3D%20nextValue%29%20%7B%0A%20%20%2F%2A%2A%0A%20%20%20%20%20%20%20%20%20%20%20%20%20%20%20%2A%20If%20this%20is%20a%20flat%20value%20that%20has%20changed%2C%20update%20the%20motion%20value%0A%20%20%20%20%20%20%20%20%20%20%20%20%20%20%20%2A%20or%20create%20one%20if%20it%20doesn%27t%20exist.%20We%20only%20want%20to%20do%20this%20if%20we%27re%0A%20%20%20%20%20%20%20%20%20%20%20%20%20%20%20%2A%20not%20handling%20the%20value%20with%20our%20animation%20state.%0A%20%20%20%20%20%20%20%20%20%20%20%20%20%20%20%2A%2F%20if%20%28element.hasValue%28key%29%29%20%7B%0A%20%20const%20existingValue%20%3D%20element.getValue%28key%29%3B%0A%20%20if%20%28existingValue.liveStyle%20%3D%3D%3D%20true%29%20%7B%0A%20%20existingValue.jump%28nextValue%29%3B%0A%20%20%7D%20else%20if%20%28%21existingValue.hasAnimated%29%20%7B%0A%20%20existingValue.set%28nextValue%29%3B%0A%20%20%7D%0A%20%20%7D%20else%20%7B%0A%20%20const%20latestValue%20%3D%20element.getStaticValue%28key%29%3B%0A%20%20element.addValue%28key%2C%20motionValue%28latestValue%20%21%3D%3D%20undefined%20%3F%20latestValue%20%3A%20nextValue%2C%20%7B%0A%20%20owner%3A%20element%0A%20%20%7D%29%29%3B%0A%20%20%7D%0A%20%20%7D%0A%20%20%7D%0A%20%20%2F%2F%20Handle%20removed%20values%0A%20%20for%28const%20key%20in%20prev%29%7B%0A%20%20if%20%28next%5Bkey%5D%20%3D%3D%3D%20undefined%29%20element.removeValue%28key%29%3B%0A%20%20%7D%0A%20%20return%20next%3B%0A%20%20%7D%0A%20%20%3B%0A%20%20%2F%2F%20Does%20this%20device%20prefer%20reduced%20motion%3F%20Returns%20%60null%60%20server-side.%0A%20%20const%20prefersReducedMotion%20%3D%20%7B%0A%20%20current%3A%20null%0A%20%20%7D%3B%0A%20%20const%20hasReducedMotionListener%20%3D%20%7B%0A%20%20current%3A%20false%0A%20%20%7D%3B%0A%20%20%3B%0A%20%20%3B%0A%20%20const%20isBrowser%20%3D%20%28%22TURBOPACK%20compile-time%20value%22%2C%20%22undefined%22%29%20%21%3D%3D%20%22undefined%22%3B%0A%20%20function%20initPrefersReducedMotion%28%29%20%7B%0A%20%20hasReducedMotionListener.current%20%3D%20true%3B%0A%20%20if%20%28%22TURBOPACK%20compile-time%20truthy%22%2C%201%29%20return%3B%0A%20%20%2F%2FTURBOPACK%20unreachable%0A%20%20%3B%0A%20%20%7D%0A%20%20%3B%0A%20%20function%20getValueState%28visualElement%29%20%7B%0A%20%20const%20state%20%3D%20%5B%0A%20%20%7B%7D%2C%0A%20%20%7B%7D%0A%20%20%5D%3B%0A%20%20visualElement%3F.values.forEach%28%28value%2C%20key%29%3D%3E%7B%0A%20%20state%5B0%5D%5Bkey%5D%20%3D%20value.get%28%29%3B%0A%20%20state%5B1%5D%5Bkey%5D%20%3D%20value.getVelocity%28%29%3B%0A%20%20%7D%29%3B%0A%20%20return%20state%3B%0A%20%20%7D%0A%20%20function%20resolveVariantFromProps%28props%2C%20definition%2C%20custom%2C%20visualElement%29%20%7B%0A%20%20%2F%2A%2A%0A%20%20%20%20%20%20%20%2A%20If%20the%20variant%20definition%20is%20a%20function%2C%20resolve.%0A%20%20%20%20%20%20%20%2A%2F%20if%20%28typeof%20definition%20%3D%3D%3D%20%22function%22%29%20%7B%0A%20%20const%20%5Bcurrent%2C%20velocity%5D%20%3D%20getValueState%28visualElement%29%3B%0A%20%20definition%20%3D%20definition%28custom%20%21%3D%3D%20undefined%20%3F%20custom%20%3A%20props.custom%2C%20current%2C%20velocity%29%3B%0A%20%20%7D%0A%20%20%2F%2A%2A%0A%20%20%20%20%20%20%20%2A%20If%20the%20variant%20definition%20is%20a%20variant%20label%2C%20or%0A%20%20%20%20%20%20%20%2A%20the%20function%20returned%20a%20variant%20label%2C%20resolve.%0A%20%20%20%20%20%20%20%2A%2F%20if%20%28typeof%20definition%20%3D%3D%3D%20%22string%22%29%20%7B%0A%20%20definition%20%3D%20props.variants%20%26%26%20props.variants%5Bdefinition%5D%3B%0A%20%20%7D%0A%20%20%2F%2A%2A%0A%20%20%20%20%20%20%20%2A%20At%20this%20point%20we%27ve%20resolved%20both%20functions%20and%20variant%20labels%2C%0A%20%20%20%20%20%20%20%2A%20but%20the%20resolved%20variant%20label%20might%20itself%20have%20been%20a%20function.%0A%20%20%20%20%20%20%20%2A%20If%20so%2C%20resolve.%20This%20can%20only%20have%20returned%20a%20valid%20target%20object.%0A%20%20%20%20%20%20%20%2A%2F%20if%20%28typeof%20definition%20%3D%3D%3D%20%22function%22%29%20%7B%0A%20%20const%20%5Bcurrent%2C%20velocity%5D%20%3D%20getValueState%28visualElement%29%3B%0A%20%20definition%20%3D%20definition%28custom%20%21%3D%3D%20undefined%20%3F%20custom%20%3A%20props.custom%2C%20current%2C%20velocity%29%3B%0A%20%20%7D%0A%20%20return%20definition%3B%0A%20%20%7D%0A%20%20%3B%0A%20%20%3B%0A%20%20%3B%0A%20%20%3B%0A%20%20%3B%0A%20%20%3B%0A%20%20%3B%0A%20%20%3B%0A%20%20%3B%0A%20%20%3B%0A%20%20%3B%0A%20%20%3B%0A%20%20%3B%0A%20%20%3B%0A%20%20%3B%0A%20%20%3B%0A%20%20%3B%0A%20%20%3B%0A%20%20%3B%0A%20%20%3B%0A%20%20%3B%0A%20%20const%20propEventHandlers%20%3D%20%5B%0A%20%20%22AnimationStart%22%2C%0A%20%20%22AnimationComplete%22%2C%0A%20%20%22Update%22%2C%0A%20%20%22BeforeLayoutMeasure%22%2C%0A%20%20%22LayoutMeasure%22%2C%0A%20%20%22LayoutAnimationStart%22%2C%0A%20%20%22LayoutAnimationComplete%22%0A%20%20%5D%3B%0A%20%20%2F%2A%2A%0A%20%20%20%2A%20Static%20feature%20definitions%20-%20can%20be%20injected%20by%20framework%20layer%0A%20%20%20%2A%2F%20let%20featureDefinitions%20%3D%20%7B%7D%3B%0A%20%20%2F%2A%2A%0A%20%20%20%2A%20Set%20feature%20definitions%20for%20all%20VisualElements.%0A%20%20%20%2A%20This%20should%20be%20called%20by%20the%20framework%20layer%20%28e.g.%2C%20framer-motion%29%20during%20initialization.%0A%20%20%20%2A%2F%20function%20setFeatureDefinitions%28definitions%29%20%7B%0A%20%20featureDefinitions%20%3D%20definitions%3B%0A%20%20%7D%0A%20%20%2F%2A%2A%0A%20%20%20%2A%20Get%20the%20current%20feature%20definitions%0A%20%20%20%2A%2F%20function%20getFeatureDefinitions%28%29%20%7B%0A%20%20return%20featureDefinitions%3B%0A%20%20%7D%0A%20%20%2F%2A%2A%0A%20%20%20%2A%20A%20VisualElement%20is%20an%20imperative%20abstraction%20around%20UI%20elements%20such%20as%0A%20%20%20%2A%20HTMLElement%2C%20SVGElement%2C%20Three.Object3D%20etc.%0A%20%20%20%2A%2F%20class%20VisualElement%20%7B%0A%20%20%2F%2A%2A%0A%20%20%20%20%20%20%20%2A%20This%20method%20takes%20React%20props%20and%20returns%20found%20MotionValues.%20For%20example%2C%20HTML%0A%20%20%20%20%20%20%20%2A%20MotionValues%20will%20be%20found%20within%20the%20style%20prop%2C%20whereas%20for%20Three.js%20within%20attribute%20arrays.%0A%20%20%20%20%20%20%20%2A%0A%20%20%20%20%20%20%20%2A%20This%20isn%27t%20an%20abstract%20method%20as%20it%20needs%20calling%20in%20the%20constructor%2C%20but%20it%20is%0A%20%20%20%20%20%20%20%2A%20intended%20to%20be%20one.%0A%20%20%20%20%20%20%20%2A%2F%20scrapeMotionValuesFromProps%28_props%2C%20_prevProps%2C%20_visualElement%29%20%7B%0A%20%20return%20%7B%7D%3B%0A%20%20%7D%0A%20%20constructor%28%7B%20parent%2C%20props%2C%20presenceContext%2C%20reducedMotionConfig%2C%20skipAnimations%2C%20blockInitialAnimation%2C%20visualState%20%7D%2C%20options%20%3D%20%7B%7D%29%7B%0A%20%20%2F%2A%2A%0A%20%20%20%20%20%20%20%20%20%20%20%2A%20A%20reference%20to%20the%20current%20underlying%20Instance%2C%20e.g.%20a%20HTMLElement%0A%20%20%20%20%20%20%20%20%20%20%20%2A%20or%20Three.Mesh%20etc.%0A%20%20%20%20%20%20%20%20%20%20%20%2A%2F%20this.current%20%3D%20null%3B%0A%20%20%2F%2A%2A%0A%20%20%20%20%20%20%20%20%20%20%20%2A%20A%20set%20containing%20references%20to%20this%20VisualElement%27s%20children.%0A%20%20%20%20%20%20%20%20%20%20%20%2A%2F%20this.children%20%3D%20new%20Set%28%29%3B%0A%20%20%2F%2A%2A%0A%20%20%20%20%20%20%20%20%20%20%20%2A%20Determine%20what%20role%20this%20visual%20element%20should%20take%20in%20the%20variant%20tree.%0A%20%20%20%20%20%20%20%20%20%20%20%2A%2F%20this.isVariantNode%20%3D%20false%3B%0A%20%20this.isControllingVariants%20%3D%20false%3B%0A%20%20%2F%2A%2A%0A%20%20%20%20%20%20%20%20%20%20%20%2A%20Decides%20whether%20this%20VisualElement%20should%20animate%20in%20reduced%20motion%0A%20%20%20%20%20%20%20%20%20%20%20%2A%20mode.%0A%20%20%20%20%20%20%20%20%20%20%20%2A%0A%20%20%20%20%20%20%20%20%20%20%20%2A%20TODO%3A%20This%20is%20currently%20set%20on%20every%20individual%20VisualElement%20but%20feels%0A%20%20%20%20%20%20%20%20%20%20%20%2A%20like%20it%20could%20be%20set%20globally.%0A%20%20%20%20%20%20%20%20%20%20%20%2A%2F%20this.shouldReduceMotion%20%3D%20null%3B%0A%20%20%2F%2A%2A%0A%20%20%20%20%20%20%20%20%20%20%20%2A%20Decides%20whether%20animations%20should%20be%20skipped%20for%20this%20VisualElement.%0A%20%20%20%20%20%20%20%20%20%20%20%2A%20Useful%20for%20E2E%20tests%20and%20visual%20regression%20testing.%0A%20%20%20%20%20%20%20%20%20%20%20%2A%2F%20this.shouldSkipAnimations%20%3D%20false%3B%0A%20%20%2F%2A%2A%0A%20%20%20%20%20%20%20%20%20%20%20%2A%20A%20map%20of%20all%20motion%20values%20attached%20to%20this%20visual%20element.%20Motion%0A%20%20%20%20%20%20%20%20%20%20%20%2A%20values%20are%20source%20of%20truth%20for%20any%20given%20animated%20value.%20A%20motion%0A%20%20%20%20%20%20%20%20%20%20%20%2A%20value%20might%20be%20provided%20externally%20by%20the%20component%20via%20props.%0A%20%20%20%20%20%20%20%20%20%20%20%2A%2F%20this.values%20%3D%20new%20Map%28%29%3B%0A%20%20this.KeyframeResolver%20%3D%20KeyframeResolver%3B%0A%20%20%2F%2A%2A%0A%20%20%20%20%20%20%20%20%20%20%20%2A%20Cleanup%20functions%20for%20active%20features%20%28hover%2Ftap%2Fexit%20etc%29%0A%20%20%20%20%20%20%20%20%20%20%20%2A%2F%20this.features%20%3D%20%7B%7D%3B%0A%20%20%2F%2A%2A%0A%20%20%20%20%20%20%20%20%20%20%20%2A%20A%20map%20of%20every%20subscription%20that%20binds%20the%20provided%20or%20generated%0A%20%20%20%20%20%20%20%20%20%20%20%2A%20motion%20values%20onChange%20listeners%20to%20this%20visual%20element.%0A%20%20%20%20%20%20%20%20%20%20%20%2A%2F%20this.valueSubscriptions%20%3D%20new%20Map%28%29%3B%0A%20%20%2F%2A%2A%0A%20%20%20%20%20%20%20%20%20%20%20%2A%20A%20reference%20to%20the%20previously-provided%20motion%20values%20as%20returned%0A%20%20%20%20%20%20%20%20%20%20%20%2A%20from%20scrapeMotionValuesFromProps.%20We%20use%20the%20keys%20in%20here%20to%20determine%0A%20%20%20%20%20%20%20%20%20%20%20%2A%20if%20any%20motion%20values%20need%20to%20be%20removed%20after%20props%20are%20updated.%0A%20%20%20%20%20%20%20%20%20%20%20%2A%2F%20this.prevMotionValues%20%3D%20%7B%7D%3B%0A%20%20%2F%2A%2A%0A%20%20%20%20%20%20%20%20%20%20%20%2A%20Track%20whether%20this%20element%20has%20been%20mounted%20before%2C%20to%20detect%0A%20%20%20%20%20%20%20%20%20%20%20%2A%20remounts%20after%20Suspense%20unmount%2Fremount%20cycles.%0A%20%20%20%20%20%20%20%20%20%20%20%2A%2F%20this.hasBeenMounted%20%3D%20false%3B%0A%20%20%2F%2A%2A%0A%20%20%20%20%20%20%20%20%20%20%20%2A%20An%20object%20containing%20a%20SubscriptionManager%20for%20each%20active%20event.%0A%20%20%20%20%20%20%20%20%20%20%20%2A%2F%20this.events%20%3D%20%7B%7D%3B%0A%20%20%2F%2A%2A%0A%20%20%20%20%20%20%20%20%20%20%20%2A%20An%20object%20containing%20an%20unsubscribe%20function%20for%20each%20prop%20event%20subscription.%0A%20%20%20%20%20%20%20%20%20%20%20%2A%20For%20example%2C%20every%20%22Update%22%20event%20can%20have%20multiple%20subscribers%20via%0A%20%20%20%20%20%20%20%20%20%20%20%2A%20VisualElement.on%28%29%2C%20but%20only%20one%20of%20those%20can%20be%20defined%20via%20the%20onUpdate%20prop.%0A%20%20%20%20%20%20%20%20%20%20%20%2A%2F%20this.propEventSubscriptions%20%3D%20%7B%7D%3B%0A%20%20this.notifyUpdate%20%3D%20%28%29%3D%3Ethis.notify%28%22Update%22%2C%20this.latestValues%29%3B%0A%20%20this.render%20%3D%20%28%29%3D%3E%7B%0A%20%20if%20%28%21this.current%29%20return%3B%0A%20%20this.triggerBuild%28%29%3B%0A%20%20this.renderInstance%28this.current%2C%20this.renderState%2C%20this.props.style%2C%20this.projection%29%3B%0A%20%20%7D%3B%0A%20%20this.renderScheduledAt%20%3D%200.0%3B%0A%20%20this.scheduleRender%20%3D%20%28%29%3D%3E%7B%0A%20%20const%20now%20%3D%20time.now%28%29%3B%0A%20%20if%20%28this.renderScheduledAt%20%3C%20now%29%20%7B%0A%20%20this.renderScheduledAt%20%3D%20now%3B%0A%20%20frame.render%28this.render%2C%20false%2C%20true%29%3B%0A%20%20%7D%0A%20%20%7D%3B%0A%20%20const%20%7B%20latestValues%2C%20renderState%20%7D%20%3D%20visualState%3B%0A%20%20this.latestValues%20%3D%20latestValues%3B%0A%20%20this.baseTarget%20%3D%20%7B%0A%20%20...latestValues%0A%20%20%7D%3B%0A%20%20this.initialValues%20%3D%20props.initial%20%3F%20%7B%0A%20%20...latestValues%0A%20%20%7D%20%3A%20%7B%7D%3B%0A%20%20this.renderState%20%3D%20renderState%3B%0A%20%20this.parent%20%3D%20parent%3B%0A%20%20this.props%20%3D%20props%3B%0A%20%20this.presenceContext%20%3D%20presenceContext%3B%0A%20%20this.depth%20%3D%20parent%20%3F%20parent.depth%20%2B%201%20%3A%200%3B%0A%20%20this.reducedMotionConfig%20%3D%20reducedMotionConfig%3B%0A%20%20this.skipAnimationsConfig%20%3D%20skipAnimations%3B%0A%20%20this.options%20%3D%20options%3B%0A%20%20this.blockInitialAnimation%20%3D%20Boolean%28blockInitialAnimation%29%3B%0A%20%20this.isControllingVariants%20%3D%20isControllingVariants%28props%29%3B%0A%20%20this.isVariantNode%20%3D%20isVariantNode%28props%29%3B%0A%20%20if%20%28this.isVariantNode%29%20%7B%0A%20%20this.variantChildren%20%3D%20new%20Set%28%29%3B%0A%20%20%7D%0A%20%20this.manuallyAnimateOnMount%20%3D%20Boolean%28parent%20%26%26%20parent.current%29%3B%0A%20%20%2F%2A%2A%0A%20%20%20%20%20%20%20%20%20%20%20%2A%20Any%20motion%20values%20that%20are%20provided%20to%20the%20element%20when%20created%0A%20%20%20%20%20%20%20%20%20%20%20%2A%20aren%27t%20yet%20bound%20to%20the%20element%2C%20as%20this%20would%20technically%20be%20impure.%0A%20%20%20%20%20%20%20%20%20%20%20%2A%20However%2C%20we%20iterate%20through%20the%20motion%20values%20and%20set%20them%20to%20the%0A%20%20%20%20%20%20%20%20%20%20%20%2A%20initial%20values%20for%20this%20component.%0A%20%20%20%20%20%20%20%20%20%20%20%2A%0A%20%20%20%20%20%20%20%20%20%20%20%2A%20TODO%3A%20This%20is%20impure%20and%20we%20should%20look%20at%20changing%20this%20to%20run%20on%20mount.%0A%20%20%20%20%20%20%20%20%20%20%20%2A%20Doing%20so%20will%20break%20some%20tests%20but%20this%20isn%27t%20necessarily%20a%20breaking%20change%2C%0A%20%20%20%20%20%20%20%20%20%20%20%2A%20more%20a%20reflection%20of%20the%20test.%0A%20%20%20%20%20%20%20%20%20%20%20%2A%2F%20const%20%7B%20willChange%2C%20...initialMotionValues%20%7D%20%3D%20this.scrapeMotionValuesFromProps%28props%2C%20%7B%7D%2C%20this%29%3B%0A%20%20for%28const%20key%20in%20initialMotionValues%29%7B%0A%20%20const%20value%20%3D%20initialMotionValues%5Bkey%5D%3B%0A%20%20if%20%28latestValues%5Bkey%5D%20%21%3D%3D%20undefined%20%26%26%20isMotionValue%28value%29%29%20%7B%0A%20%20value.set%28latestValues%5Bkey%5D%29%3B%0A%20%20%7D%0A%20%20%7D%0A%20%20%7D%0A%20%20mount%28instance%29%20%7B%0A%20%20%2F%2A%2A%0A%20%20%20%20%20%20%20%20%20%20%20%2A%20If%20this%20element%20has%20been%20mounted%20before%20%28e.g.%20after%20a%20Suspense%0A%20%20%20%20%20%20%20%20%20%20%20%2A%20unmount%2Fremount%29%2C%20reset%20motion%20values%20to%20their%20initial%20state%0A%20%20%20%20%20%20%20%20%20%20%20%2A%20so%20animations%20replay%20correctly%20from%20initial%20%E2%86%92%20animate.%0A%20%20%20%20%20%20%20%20%20%20%20%2A%2F%20if%20%28this.hasBeenMounted%29%20%7B%0A%20%20for%28const%20key%20in%20this.initialValues%29%7B%0A%20%20this.values.get%28key%29%3F.jump%28this.initialValues%5Bkey%5D%29%3B%0A%20%20this.latestValues%5Bkey%5D%20%3D%20this.initialValues%5Bkey%5D%3B%0A%20%20%7D%0A%20%20%7D%0A%20%20this.current%20%3D%20instance%3B%0A%20%20visualElementStore.set%28instance%2C%20this%29%3B%0A%20%20if%20%28this.projection%20%26%26%20%21this.projection.instance%29%20%7B%0A%20%20this.projection.mount%28instance%29%3B%0A%20%20%7D%0A%20%20if%20%28this.parent%20%26%26%20this.isVariantNode%20%26%26%20%21this.isControllingVariants%29%20%7B%0A%20%20this.removeFromVariantTree%20%3D%20this.parent.addVariantChild%28this%29%3B%0A%20%20%7D%0A%20%20this.values.forEach%28%28value%2C%20key%29%3D%3Ethis.bindToMotionValue%28key%2C%20value%29%29%3B%0A%20%20%2F%2A%2A%0A%20%20%20%20%20%20%20%20%20%20%20%2A%20Determine%20reduced%20motion%20preference.%20Only%20initialize%20the%20matchMedia%0A%20%20%20%20%20%20%20%20%20%20%20%2A%20listener%20if%20we%20actually%20need%20the%20dynamic%20value%20%28i.e.%2C%20when%20config%0A%20%20%20%20%20%20%20%20%20%20%20%2A%20is%20neither%20%22never%22%20nor%20%22always%22%29.%0A%20%20%20%20%20%20%20%20%20%20%20%2A%2F%20if%20%28this.reducedMotionConfig%20%3D%3D%3D%20%22never%22%29%20%7B%0A%20%20this.shouldReduceMotion%20%3D%20false%3B%0A%20%20%7D%20else%20if%20%28this.reducedMotionConfig%20%3D%3D%3D%20%22always%22%29%20%7B%0A%20%20this.shouldReduceMotion%20%3D%20true%3B%0A%20%20%7D%20else%20%7B%0A%20%20if%20%28%21hasReducedMotionListener.current%29%20%7B%0A%20%20initPrefersReducedMotion%28%29%3B%0A%20%20%7D%0A%20%20this.shouldReduceMotion%20%3D%20prefersReducedMotion.current%3B%0A%20%20%7D%0A%20%20if%20%28%22TURBOPACK%20compile-time%20falsy%22%2C%200%29%20%2F%2FTURBOPACK%20unreachable%0A%20%20%3B%0A%20%20%2F%2A%2A%0A%20%20%20%20%20%20%20%20%20%20%20%2A%20Set%20whether%20animations%20should%20be%20skipped%20based%20on%20the%20config.%0A%20%20%20%20%20%20%20%20%20%20%20%2A%2F%20this.shouldSkipAnimations%20%3D%20this.skipAnimationsConfig%20%3F%3F%20false%3B%0A%20%20this.parent%3F.addChild%28this%29%3B%0A%20%20this.update%28this.props%2C%20this.presenceContext%29%3B%0A%20%20this.hasBeenMounted%20%3D%20true%3B%0A%20%20%7D%0A%20%20unmount%28%29%20%7B%0A%20%20this.projection%20%26%26%20this.projection.unmount%28%29%3B%0A%20%20cancelFrame%28this.notifyUpdate%29%3B%0A%20%20cancelFrame%28this.render%29%3B%0A%20%20this.valueSubscriptions.forEach%28%28remove%29%3D%3Eremove%28%29%29%3B%0A%20%20this.valueSubscriptions.clear%28%29%3B%0A%20%20this.removeFromVariantTree%20%26%26%20this.removeFromVariantTree%28%29%3B%0A%20%20this.parent%3F.removeChild%28this%29%3B%0A%20%20for%28const%20key%20in%20this.events%29%7B%0A%20%20this.events%5Bkey%5D.clear%28%29%3B%0A%20%20%7D%0A%20%20for%28const%20key%20in%20this.features%29%7B%0A%20%20const%20feature%20%3D%20this.features%5Bkey%5D%3B%0A%20%20if%20%28feature%29%20%7B%0A%20%20feature.unmount%28%29%3B%0A%20%20feature.isMounted%20%3D%20false%3B%0A%20%20%7D%0A%20%20%7D%0A%20%20this.current%20%3D%20null%3B%0A%20%20%7D%0A%20%20addChild%28child%29%20%7B%0A%20%20this.children.add%28child%29%3B%0A%20%20this.enteringChildren%20%3F%3F%20%28this.enteringChildren%20%3D%20new%20Set%28%29%29%3B%0A%20%20this.enteringChildren.add%28child%29%3B%0A%20%20%7D%0A%20%20removeChild%28child%29%20%7B%0A%20%20this.children.delete%28child%29%3B%0A%20%20this.enteringChildren%20%26%26%20this.enteringChildren.delete%28child%29%3B%0A%20%20%7D%0A%20%20bindToMotionValue%28key%2C%20value%29%20%7B%0A%20%20if%20%28this.valueSubscriptions.has%28key%29%29%20%7B%0A%20%20this.valueSubscriptions.get%28key%29%28%29%3B%0A%20%20%7D%0A%20%20if%20%28value.accelerate%20%26%26%20acceleratedValues.has%28key%29%20%26%26%20this.current%20instanceof%20HTMLElement%29%20%7B%0A%20%20const%20%7B%20factory%2C%20keyframes%2C%20times%2C%20ease%2C%20duration%20%7D%20%3D%20value.accelerate%3B%0A%20%20const%20animation%20%3D%20new%20NativeAnimation%28%7B%0A%20%20element%3A%20this.current%2C%0A%20%20name%3A%20key%2C%0A%20%20keyframes%2C%0A%20%20times%2C%0A%20%20ease%2C%0A%20%20duration%3A%20secondsToMilliseconds%28duration%29%0A%20%20%7D%29%3B%0A%20%20const%20cleanup%20%3D%20factory%28animation%29%3B%0A%20%20this.valueSubscriptions.set%28key%2C%20%28%29%3D%3E%7B%0A%20%20cleanup%28%29%3B%0A%20%20animation.cancel%28%29%3B%0A%20%20%7D%29%3B%0A%20%20return%3B%0A%20%20%7D%0A%20%20const%20valueIsTransform%20%3D%20transformProps.has%28key%29%3B%0A%20%20if%20%28valueIsTransform%20%26%26%20this.onBindTransform%29%20%7B%0A%20%20this.onBindTransform%28%29%3B%0A%20%20%7D%0A%20%20const%20removeOnChange%20%3D%20value.on%28%22change%22%2C%20%28latestValue%29%3D%3E%7B%0A%20%20this.latestValues%5Bkey%5D%20%3D%20latestValue%3B%0A%20%20this.props.onUpdate%20%26%26%20frame.preRender%28this.notifyUpdate%29%3B%0A%20%20if%20%28valueIsTransform%20%26%26%20this.projection%29%20%7B%0A%20%20this.projection.isTransformDirty%20%3D%20true%3B%0A%20%20%7D%0A%20%20this.scheduleRender%28%29%3B%0A%20%20%7D%29%3B%0A%20%20let%20removeSyncCheck%3B%0A%20%20if%20%28%22TURBOPACK%20compile-time%20falsy%22%2C%200%29%20%2F%2FTURBOPACK%20unreachable%0A%20%20%3B%0A%20%20this.valueSubscriptions.set%28key%2C%20%28%29%3D%3E%7B%0A%20%20removeOnChange%28%29%3B%0A%20%20if%20%28removeSyncCheck%29%20removeSyncCheck%28%29%3B%0A%20%20if%20%28value.owner%29%20value.stop%28%29%3B%0A%20%20%7D%29%3B%0A%20%20%7D%0A%20%20sortNodePosition%28other%29%20%7B%0A%20%20%2F%2A%2A%0A%20%20%20%20%20%20%20%20%20%20%20%2A%20If%20these%20nodes%20aren%27t%20even%20of%20the%20same%20type%20we%20can%27t%20compare%20their%20depth.%0A%20%20%20%20%20%20%20%20%20%20%20%2A%2F%20if%20%28%21this.current%20%7C%7C%20%21this.sortInstanceNodePosition%20%7C%7C%20this.type%20%21%3D%3D%20other.type%29%20%7B%0A%20%20return%200%3B%0A%20%20%7D%0A%20%20return%20this.sortInstanceNodePosition%28this.current%2C%20other.current%29%3B%0A%20%20%7D%0A%20%20updateFeatures%28%29%20%7B%0A%20%20let%20key%20%3D%20%22animation%22%3B%0A%20%20for%28key%20in%20featureDefinitions%29%7B%0A%20%20const%20featureDefinition%20%3D%20featureDefinitions%5Bkey%5D%3B%0A%20%20if%20%28%21featureDefinition%29%20continue%3B%0A%20%20const%20%7B%20isEnabled%2C%20Feature%3A%20FeatureConstructor%20%7D%20%3D%20featureDefinition%3B%0A%20%20%2F%2A%2A%0A%20%20%20%20%20%20%20%20%20%20%20%20%20%20%20%2A%20If%20this%20feature%20is%20enabled%20but%20not%20active%2C%20make%20a%20new%20instance.%0A%20%20%20%20%20%20%20%20%20%20%20%20%20%20%20%2A%2F%20if%20%28%21this.features%5Bkey%5D%20%26%26%20FeatureConstructor%20%26%26%20isEnabled%28this.props%29%29%20%7B%0A%20%20this.features%5Bkey%5D%20%3D%20new%20FeatureConstructor%28this%29%3B%0A%20%20%7D%0A%20%20%2F%2A%2A%0A%20%20%20%20%20%20%20%20%20%20%20%20%20%20%20%2A%20If%20we%20have%20a%20feature%2C%20mount%20or%20update%20it.%0A%20%20%20%20%20%20%20%20%20%20%20%20%20%20%20%2A%2F%20if%20%28this.features%5Bkey%5D%29%20%7B%0A%20%20const%20feature%20%3D%20this.features%5Bkey%5D%3B%0A%20%20if%20%28feature.isMounted%29%20%7B%0A%20%20feature.update%28%29%3B%0A%20%20%7D%20else%20%7B%0A%20%20feature.mount%28%29%3B%0A%20%20feature.isMounted%20%3D%20true%3B%0A%20%20%7D%0A%20%20%7D%0A%20%20%7D%0A%20%20%7D%0A%20%20triggerBuild%28%29%20%7B%0A%20%20this.build%28this.renderState%2C%20this.latestValues%2C%20this.props%29%3B%0A%20%20%7D%0A%20%20%2F%2A%2A%0A%20%20%20%20%20%20%20%2A%20Measure%20the%20current%20viewport%20box%20with%20or%20without%20transforms.%0A%20%20%20%20%20%20%20%2A%20Only%20measures%20axis-aligned%20boxes%2C%20rotate%20and%20skew%20must%20be%20manually%0A%20%20%20%20%20%20%20%2A%20removed%20with%20a%20re-render%20to%20work.%0A%20%20%20%20%20%20%20%2A%2F%20measureViewportBox%28%29%20%7B%0A%20%20return%20this.current%20%3F%20this.measureInstanceViewportBox%28this.current%2C%20this.props%29%20%3A%20createBox%28%29%3B%0A%20%20%7D%0A%20%20getStaticValue%28key%29%20%7B%0A%20%20return%20this.latestValues%5Bkey%5D%3B%0A%20%20%7D%0A%20%20setStaticValue%28key%2C%20value%29%20%7B%0A%20%20this.latestValues%5Bkey%5D%20%3D%20value%3B%0A%20%20%7D%0A%20%20%2F%2A%2A%0A%20%20%20%20%20%20%20%2A%20Update%20the%20provided%20props.%20Ensure%20any%20newly-added%20motion%20values%20are%0A%20%20%20%20%20%20%20%2A%20added%20to%20our%20map%2C%20old%20ones%20removed%2C%20and%20listeners%20updated.%0A%20%20%20%20%20%20%20%2A%2F%20update%28props%2C%20presenceContext%29%20%7B%0A%20%20if%20%28props.transformTemplate%20%7C%7C%20this.props.transformTemplate%29%20%7B%0A%20%20this.scheduleRender%28%29%3B%0A%20%20%7D%0A%20%20this.prevProps%20%3D%20this.props%3B%0A%20%20this.props%20%3D%20props%3B%0A%20%20this.prevPresenceContext%20%3D%20this.presenceContext%3B%0A%20%20this.presenceContext%20%3D%20presenceContext%3B%0A%20%20%2F%2A%2A%0A%20%20%20%20%20%20%20%20%20%20%20%2A%20Update%20prop%20event%20handlers%20ie%20onAnimationStart%2C%20onAnimationComplete%0A%20%20%20%20%20%20%20%20%20%20%20%2A%2F%20for%28let%20i%20%3D%200%3B%20i%20%3C%20propEventHandlers.length%3B%20i%2B%2B%29%7B%0A%20%20const%20key%20%3D%20propEventHandlers%5Bi%5D%3B%0A%20%20if%20%28this.propEventSubscriptions%5Bkey%5D%29%20%7B%0A%20%20this.propEventSubscriptions%5Bkey%5D%28%29%3B%0A%20%20delete%20this.propEventSubscriptions%5Bkey%5D%3B%0A%20%20%7D%0A%20%20const%20listenerName%20%3D%20%22on%22%20%2B%20key%3B%0A%20%20const%20listener%20%3D%20props%5BlistenerName%5D%3B%0A%20%20if%20%28listener%29%20%7B%0A%20%20this.propEventSubscriptions%5Bkey%5D%20%3D%20this.on%28key%2C%20listener%29%3B%0A%20%20%7D%0A%20%20%7D%0A%20%20this.prevMotionValues%20%3D%20updateMotionValuesFromProps%28this%2C%20this.scrapeMotionValuesFromProps%28props%2C%20this.prevProps%20%7C%7C%20%7B%7D%2C%20this%29%2C%20this.prevMotionValues%29%3B%0A%20%20if%20%28this.handleChildMotionValue%29%20%7B%0A%20%20this.handleChildMotionValue%28%29%3B%0A%20%20%7D%0A%20%20%7D%0A%20%20getProps%28%29%20%7B%0A%20%20return%20this.props%3B%0A%20%20%7D%0A%20%20%2F%2A%2A%0A%20%20%20%20%20%20%20%2A%20Returns%20the%20variant%20definition%20with%20a%20given%20name.%0A%20%20%20%20%20%20%20%2A%2F%20getVariant%28name%29%20%7B%0A%20%20return%20this.props.variants%20%3F%20this.props.variants%5Bname%5D%20%3A%20undefined%3B%0A%20%20%7D%0A%20%20%2F%2A%2A%0A%20%20%20%20%20%20%20%2A%20Returns%20the%20defined%20default%20transition%20on%20this%20component.%0A%20%20%20%20%20%20%20%2A%2F%20getDefaultTransition%28%29%20%7B%0A%20%20return%20this.props.transition%3B%0A%20%20%7D%0A%20%20getTransformPagePoint%28%29%20%7B%0A%20%20return%20this.props.transformPagePoint%3B%0A%20%20%7D%0A%20%20getClosestVariantNode%28%29%20%7B%0A%20%20return%20this.isVariantNode%20%3F%20this%20%3A%20this.parent%20%3F%20this.parent.getClosestVariantNode%28%29%20%3A%20undefined%3B%0A%20%20%7D%0A%20%20%2F%2A%2A%0A%20%20%20%20%20%20%20%2A%20Add%20a%20child%20visual%20element%20to%20our%20set%20of%20children.%0A%20%20%20%20%20%20%20%2A%2F%20addVariantChild%28child%29%20%7B%0A%20%20const%20closestVariantNode%20%3D%20this.getClosestVariantNode%28%29%3B%0A%20%20if%20%28closestVariantNode%29%20%7B%0A%20%20closestVariantNode.variantChildren%20%26%26%20closestVariantNode.variantChildren.add%28child%29%3B%0A%20%20return%20%28%29%3D%3EclosestVariantNode.variantChildren.delete%28child%29%3B%0A%20%20%7D%0A%20%20%7D%0A%20%20%2F%2A%2A%0A%20%20%20%20%20%20%20%2A%20Add%20a%20motion%20value%20and%20bind%20it%20to%20this%20visual%20element.%0A%20%20%20%20%20%20%20%2A%2F%20addValue%28key%2C%20value%29%20%7B%0A%20%20%2F%2F%20Remove%20existing%20value%20if%20it%20exists%0A%20%20const%20existingValue%20%3D%20this.values.get%28key%29%3B%0A%20%20if%20%28value%20%21%3D%3D%20existingValue%29%20%7B%0A%20%20if%20%28existingValue%29%20this.removeValue%28key%29%3B%0A%20%20this.bindToMotionValue%28key%2C%20value%29%3B%0A%20%20this.values.set%28key%2C%20value%29%3B%0A%20%20this.latestValues%5Bkey%5D%20%3D%20value.get%28%29%3B%0A%20%20%7D%0A%20%20%7D%0A%20%20%2F%2A%2A%0A%20%20%20%20%20%20%20%2A%20Remove%20a%20motion%20value%20and%20unbind%20any%20active%20subscriptions.%0A%20%20%20%20%20%20%20%2A%2F%20removeValue%28key%29%20%7B%0A%20%20this.values.delete%28key%29%3B%0A%20%20const%20unsubscribe%20%3D%20this.valueSubscriptions.get%28key%29%3B%0A%20%20if%20%28unsubscribe%29%20%7B%0A%20%20unsubscribe%28%29%3B%0A%20%20this.valueSubscriptions.delete%28key%29%3B%0A%20%20%7D%0A%20%20delete%20this.latestValues%5Bkey%5D%3B%0A%20%20this.removeValueFromRenderState%28key%2C%20this.renderState%29%3B%0A%20%20%7D%0A%20%20%2F%2A%2A%0A%20%20%20%20%20%20%20%2A%20Check%20whether%20we%20have%20a%20motion%20value%20for%20this%20key%0A%20%20%20%20%20%20%20%2A%2F%20hasValue%28key%29%20%7B%0A%20%20return%20this.values.has%28key%29%3B%0A%20%20%7D%0A%20%20getValue%28key%2C%20defaultValue%29%20%7B%0A%20%20if%20%28this.props.values%20%26%26%20this.props.values%5Bkey%5D%29%20%7B%0A%20%20return%20this.props.values%5Bkey%5D%3B%0A%20%20%7D%0A%20%20let%20value%20%3D%20this.values.get%28key%29%3B%0A%20%20if%20%28value%20%3D%3D%3D%20undefined%20%26%26%20defaultValue%20%21%3D%3D%20undefined%29%20%7B%0A%20%20value%20%3D%20motionValue%28defaultValue%20%3D%3D%3D%20null%20%3F%20undefined%20%3A%20defaultValue%2C%20%7B%0A%20%20owner%3A%20this%0A%20%20%7D%29%3B%0A%20%20this.addValue%28key%2C%20value%29%3B%0A%20%20%7D%0A%20%20return%20value%3B%0A%20%20%7D%0A%20%20%2F%2A%2A%0A%20%20%20%20%20%20%20%2A%20If%20we%27re%20trying%20to%20animate%20to%20a%20previously%20unencountered%20value%2C%0A%20%20%20%20%20%20%20%2A%20we%20need%20to%20check%20for%20it%20in%20our%20state%20and%20as%20a%20last%20resort%20read%20it%0A%20%20%20%20%20%20%20%2A%20directly%20from%20the%20instance%20%28which%20might%20have%20performance%20implications%29.%0A%20%20%20%20%20%20%20%2A%2F%20readValue%28key%2C%20target%29%20%7B%0A%20%20let%20value%20%3D%20this.latestValues%5Bkey%5D%20%21%3D%3D%20undefined%20%7C%7C%20%21this.current%20%3F%20this.latestValues%5Bkey%5D%20%3A%20this.getBaseTargetFromProps%28this.props%2C%20key%29%20%3F%3F%20this.readValueFromInstance%28this.current%2C%20key%2C%20this.options%29%3B%0A%20%20if%20%28value%20%21%3D%3D%20undefined%20%26%26%20value%20%21%3D%3D%20null%29%20%7B%0A%20%20if%20%28typeof%20value%20%3D%3D%3D%20%22string%22%20%26%26%20%28isNumericalString%28value%29%20%7C%7C%20isZeroValueString%28value%29%29%29%20%7B%0A%20%20%2F%2F%20If%20this%20is%20a%20number%20read%20as%20a%20string%2C%20ie%20%220%22%20or%20%22200%22%2C%20convert%20it%20to%20a%20number%0A%20%20value%20%3D%20parseFloat%28value%29%3B%0A%20%20%7D%20else%20if%20%28%21findValueType%28value%29%20%26%26%20complex.test%28target%29%29%20%7B%0A%20%20value%20%3D%20getAnimatableNone1%28key%2C%20target%29%3B%0A%20%20%7D%0A%20%20this.setBaseTarget%28key%2C%20isMotionValue%28value%29%20%3F%20value.get%28%29%20%3A%20value%29%3B%0A%20%20%7D%0A%20%20return%20isMotionValue%28value%29%20%3F%20value.get%28%29%20%3A%20value%3B%0A%20%20%7D%0A%20%20%2F%2A%2A%0A%20%20%20%20%20%20%20%2A%20Set%20the%20base%20target%20to%20later%20animate%20back%20to.%20This%20is%20currently%0A%20%20%20%20%20%20%20%2A%20only%20hydrated%20on%20creation%20and%20when%20we%20first%20read%20a%20value.%0A%20%20%20%20%20%20%20%2A%2F%20setBaseTarget%28key%2C%20value%29%20%7B%0A%20%20this.baseTarget%5Bkey%5D%20%3D%20value%3B%0A%20%20%7D%0A%20%20%2F%2A%2A%0A%20%20%20%20%20%20%20%2A%20Find%20the%20base%20target%20for%20a%20value%20thats%20been%20removed%20from%20all%20animation%0A%20%20%20%20%20%20%20%2A%20props.%0A%20%20%20%20%20%20%20%2A%2F%20getBaseTarget%28key%29%20%7B%0A%20%20const%20%7B%20initial%20%7D%20%3D%20this.props%3B%0A%20%20let%20valueFromInitial%3B%0A%20%20if%20%28typeof%20initial%20%3D%3D%3D%20%22string%22%20%7C%7C%20typeof%20initial%20%3D%3D%3D%20%22object%22%29%20%7B%0A%20%20const%20variant%20%3D%20resolveVariantFromProps%28this.props%2C%20initial%2C%20this.presenceContext%3F.custom%29%3B%0A%20%20if%20%28variant%29%20%7B%0A%20%20valueFromInitial%20%3D%20variant%5Bkey%5D%3B%0A%20%20%7D%0A%20%20%7D%0A%20%20%2F%2A%2A%0A%20%20%20%20%20%20%20%20%20%20%20%2A%20If%20this%20value%20still%20exists%20in%20the%20current%20initial%20variant%2C%20read%20that.%0A%20%20%20%20%20%20%20%20%20%20%20%2A%2F%20if%20%28initial%20%26%26%20valueFromInitial%20%21%3D%3D%20undefined%29%20%7B%0A%20%20return%20valueFromInitial%3B%0A%20%20%7D%0A%20%20%2F%2A%2A%0A%20%20%20%20%20%20%20%20%20%20%20%2A%20Alternatively%2C%20if%20this%20VisualElement%20config%20has%20defined%20a%20getBaseTarget%0A%20%20%20%20%20%20%20%20%20%20%20%2A%20so%20we%20can%20read%20the%20value%20from%20an%20alternative%20source%2C%20try%20that.%0A%20%20%20%20%20%20%20%20%20%20%20%2A%2F%20const%20target%20%3D%20this.getBaseTargetFromProps%28this.props%2C%20key%29%3B%0A%20%20if%20%28target%20%21%3D%3D%20undefined%20%26%26%20%21isMotionValue%28target%29%29%20return%20target%3B%0A%20%20%2F%2A%2A%0A%20%20%20%20%20%20%20%20%20%20%20%2A%20If%20the%20value%20was%20initially%20defined%20on%20initial%2C%20but%20it%20doesn%27t%20any%20more%2C%0A%20%20%20%20%20%20%20%20%20%20%20%2A%20return%20undefined.%20Otherwise%20return%20the%20value%20as%20initially%20read%20from%20the%20DOM.%0A%20%20%20%20%20%20%20%20%20%20%20%2A%2F%20return%20this.initialValues%5Bkey%5D%20%21%3D%3D%20undefined%20%26%26%20valueFromInitial%20%3D%3D%3D%20undefined%20%3F%20undefined%20%3A%20this.baseTarget%5Bkey%5D%3B%0A%20%20%7D%0A%20%20on%28eventName%2C%20callback%29%20%7B%0A%20%20if%20%28%21this.events%5BeventName%5D%29%20%7B%0A%20%20this.events%5BeventName%5D%20%3D%20new%20SubscriptionManager%28%29%3B%0A%20%20%7D%0A%20%20return%20this.events%5BeventName%5D.add%28callback%29%3B%0A%20%20%7D%0A%20%20notify%28eventName%2C%20...args%29%20%7B%0A%20%20if%20%28this.events%5BeventName%5D%29%20%7B%0A%20%20this.events%5BeventName%5D.notify%28...args%29%3B%0A%20%20%7D%0A%20%20%7D%0A%20%20scheduleRenderMicrotask%28%29%20%7B%0A%20%20microtask.render%28this.render%29%3B%0A%20%20%7D%0A%20%20%7D%0A%20%20%3B%0A%20%20%3B%0A%20%20%3B%0A%20%20%3B%0A%20%20class%20DOMVisualElement%20extends%20VisualElement%20%7B%0A%20%20constructor%28%29%7B%0A%20%20super%28...arguments%29%3B%0A%20%20this.KeyframeResolver%20%3D%20DOMKeyframesResolver%3B%0A%20%20%7D%0A%20%20sortInstanceNodePosition%28a%2C%20b%29%20%7B%0A%20%20%2F%2A%2A%0A%20%20%20%20%20%20%20%20%20%20%20%2A%20compareDocumentPosition%20returns%20a%20bitmask%2C%20by%20using%20the%20bitwise%20%26%0A%20%20%20%20%20%20%20%20%20%20%20%2A%20we%27re%20returning%20true%20if%202%20in%20that%20bitmask%20is%20set%20to%20true.%202%20is%20set%0A%20%20%20%20%20%20%20%20%20%20%20%2A%20to%20true%20if%20b%20preceeds%20a.%0A%20%20%20%20%20%20%20%20%20%20%20%2A%2F%20return%20a.compareDocumentPosition%28b%29%20%26%202%20%3F%201%20%3A%20-1%3B%0A%20%20%7D%0A%20%20getBaseTargetFromProps%28props%2C%20key%29%20%7B%0A%20%20const%20style%20%3D%20props.style%3B%0A%20%20return%20style%20%3F%20style%5Bkey%5D%20%3A%20undefined%3B%0A%20%20%7D%0A%20%20removeValueFromRenderState%28key%2C%20%7B%20vars%2C%20style%20%7D%29%20%7B%0A%20%20delete%20vars%5Bkey%5D%3B%0A%20%20delete%20style%5Bkey%5D%3B%0A%20%20%7D%0A%20%20handleChildMotionValue%28%29%20%7B%0A%20%20if%20%28this.childSubscription%29%20%7B%0A%20%20this.childSubscription%28%29%3B%0A%20%20delete%20this.childSubscription%3B%0A%20%20%7D%0A%20%20const%20%7B%20children%20%7D%20%3D%20this.props%3B%0A%20%20if%20%28isMotionValue%28children%29%29%20%7B%0A%20%20this.childSubscription%20%3D%20children.on%28%22change%22%2C%20%28latest%29%3D%3E%7B%0A%20%20if%20%28this.current%29%20%7B%0A%20%20this.current.textContent%20%3D%20%60%24%7Blatest%7D%60%3B%0A%20%20%7D%0A%20%20%7D%29%3B%0A%20%20%7D%0A%20%20%7D%0A%20%20%7D%0A%20%20%3B%0A%20%20function%20camelToDash%28str%29%20%7B%0A%20%20return%20str.replace%28%2F%28%5BA-Z%5D%29%2Fg%2C%20%28match%29%3D%3E%60-%24%7Bmatch.toLowerCase%28%29%7D%60%29%3B%0A%20%20%7D%0A%20%20%3B%0A%20%20%2F%2A%2A%0A%20%20%20%2A%20Provided%20a%20value%20and%20a%20ValueType%2C%20returns%20the%20value%20as%20that%20value%20type.%0A%20%20%20%2A%2F%20const%20getValueAsType%20%3D%20%28value%2C%20type%29%3D%3E%7B%0A%20%20return%20type%20%26%26%20typeof%20value%20%3D%3D%3D%20%22number%22%20%3F%20type.transform%28value%29%20%3A%20value%3B%0A%20%20%7D%3B%0A%20%20%3B%0A%20%20%3B%0A%20%20%3B%0A%20%20%3B%0A%20%20const%20translateAlias%20%3D%20%7B%0A%20%20x%3A%20%22translateX%22%2C%0A%20%20y%3A%20%22translateY%22%2C%0A%20%20z%3A%20%22translateZ%22%2C%0A%20%20transformPerspective%3A%20%22perspective%22%0A%20%20%7D%3B%0A%20%20const%20numTransforms%20%3D%20transformPropOrder.length%3B%0A%20%20%2F%2A%2A%0A%20%20%20%2A%20Build%20a%20CSS%20transform%20style%20from%20individual%20x%2Fy%2Fscale%20etc%20properties.%0A%20%20%20%2A%0A%20%20%20%2A%20This%20outputs%20with%20a%20default%20order%20of%20transforms%2Fscales%2Frotations%2C%20this%20can%20be%20customised%20by%0A%20%20%20%2A%20providing%20a%20transformTemplate%20function.%0A%20%20%20%2A%2F%20function%20buildTransform%28latestValues%2C%20transform%2C%20transformTemplate%29%20%7B%0A%20%20%2F%2F%20The%20transform%20string%20we%27re%20going%20to%20build%20into.%0A%20%20let%20transformString%20%3D%20%22%22%3B%0A%20%20let%20transformIsDefault%20%3D%20true%3B%0A%20%20%2F%2A%2A%0A%20%20%20%20%20%20%20%2A%20Loop%20over%20all%20possible%20transforms%20in%20order%2C%20adding%20the%20ones%20that%0A%20%20%20%20%20%20%20%2A%20are%20present%20to%20the%20transform%20string.%0A%20%20%20%20%20%20%20%2A%2F%20for%28let%20i%20%3D%200%3B%20i%20%3C%20numTransforms%3B%20i%2B%2B%29%7B%0A%20%20const%20key%20%3D%20transformPropOrder%5Bi%5D%3B%0A%20%20const%20value%20%3D%20latestValues%5Bkey%5D%3B%0A%20%20if%20%28value%20%3D%3D%3D%20undefined%29%20continue%3B%0A%20%20let%20valueIsDefault%20%3D%20true%3B%0A%20%20if%20%28typeof%20value%20%3D%3D%3D%20%22number%22%29%20%7B%0A%20%20valueIsDefault%20%3D%20value%20%3D%3D%3D%20%28key.startsWith%28%22scale%22%29%20%3F%201%20%3A%200%29%3B%0A%20%20%7D%20else%20%7B%0A%20%20const%20parsed%20%3D%20parseFloat%28value%29%3B%0A%20%20valueIsDefault%20%3D%20key.startsWith%28%22scale%22%29%20%3F%20parsed%20%3D%3D%3D%201%20%3A%20parsed%20%3D%3D%3D%200%3B%0A%20%20%7D%0A%20%20if%20%28%21valueIsDefault%20%7C%7C%20transformTemplate%29%20%7B%0A%20%20const%20valueAsType%20%3D%20getValueAsType%28value%2C%20numberValueTypes%5Bkey%5D%29%3B%0A%20%20if%20%28%21valueIsDefault%29%20%7B%0A%20%20transformIsDefault%20%3D%20false%3B%0A%20%20const%20transformName%20%3D%20translateAlias%5Bkey%5D%20%7C%7C%20key%3B%0A%20%20transformString%20%2B%3D%20%60%24%7BtransformName%7D%28%24%7BvalueAsType%7D%29%20%60%3B%0A%20%20%7D%0A%20%20if%20%28transformTemplate%29%20%7B%0A%20%20transform%5Bkey%5D%20%3D%20valueAsType%3B%0A%20%20%7D%0A%20%20%7D%0A%20%20%7D%0A%20%20transformString%20%3D%20transformString.trim%28%29%3B%0A%20%20%2F%2F%20If%20we%20have%20a%20custom%20%60transform%60%20template%2C%20pass%20our%20transform%20values%20and%0A%20%20%2F%2F%20generated%20transformString%20to%20that%20before%20returning%0A%20%20if%20%28transformTemplate%29%20%7B%0A%20%20transformString%20%3D%20transformTemplate%28transform%2C%20transformIsDefault%20%3F%20%22%22%20%3A%20transformString%29%3B%0A%20%20%7D%20else%20if%20%28transformIsDefault%29%20%7B%0A%20%20transformString%20%3D%20%22none%22%3B%0A%20%20%7D%0A%20%20return%20transformString%3B%0A%20%20%7D%0A%20%20%3B%0A%20%20%3B%0A%20%20%3B%0A%20%20%3B%0A%20%20%3B%0A%20%20%3B%0A%20%20function%20buildHTMLStyles%28state%2C%20latestValues%2C%20transformTemplate%29%20%7B%0A%20%20const%20%7B%20style%2C%20vars%2C%20transformOrigin%20%7D%20%3D%20state%3B%0A%20%20%2F%2F%20Track%20whether%20we%20encounter%20any%20transform%20or%20transformOrigin%20values.%0A%20%20let%20hasTransform%20%3D%20false%3B%0A%20%20let%20hasTransformOrigin%20%3D%20false%3B%0A%20%20%2F%2A%2A%0A%20%20%20%20%20%20%20%2A%20Loop%20over%20all%20our%20latest%20animated%20values%20and%20decide%20whether%20to%20handle%20them%0A%20%20%20%20%20%20%20%2A%20as%20a%20style%20or%20CSS%20variable.%0A%20%20%20%20%20%20%20%2A%0A%20%20%20%20%20%20%20%2A%20Transforms%20and%20transform%20origins%20are%20kept%20separately%20for%20further%20processing.%0A%20%20%20%20%20%20%20%2A%2F%20for%28const%20key%20in%20latestValues%29%7B%0A%20%20const%20value%20%3D%20latestValues%5Bkey%5D%3B%0A%20%20if%20%28transformProps.has%28key%29%29%20%7B%0A%20%20%2F%2F%20If%20this%20is%20a%20transform%2C%20flag%20to%20enable%20further%20transform%20processing%0A%20%20hasTransform%20%3D%20true%3B%0A%20%20continue%3B%0A%20%20%7D%20else%20if%20%28isCSSVariableName%28key%29%29%20%7B%0A%20%20vars%5Bkey%5D%20%3D%20value%3B%0A%20%20continue%3B%0A%20%20%7D%20else%20%7B%0A%20%20%2F%2F%20Convert%20the%20value%20to%20its%20default%20value%20type%2C%20ie%200%20-%3E%20%220px%22%0A%20%20const%20valueAsType%20%3D%20getValueAsType%28value%2C%20numberValueTypes%5Bkey%5D%29%3B%0A%20%20if%20%28key.startsWith%28%22origin%22%29%29%20%7B%0A%20%20%2F%2F%20If%20this%20is%20a%20transform%20origin%2C%20flag%20and%20enable%20further%20transform-origin%20processing%0A%20%20hasTransformOrigin%20%3D%20true%3B%0A%20%20transformOrigin%5Bkey%5D%20%3D%20valueAsType%3B%0A%20%20%7D%20else%20%7B%0A%20%20style%5Bkey%5D%20%3D%20valueAsType%3B%0A%20%20%7D%0A%20%20%7D%0A%20%20%7D%0A%20%20if%20%28%21latestValues.transform%29%20%7B%0A%20%20if%20%28hasTransform%20%7C%7C%20transformTemplate%29%20%7B%0A%20%20style.transform%20%3D%20buildTransform%28latestValues%2C%20state.transform%2C%20transformTemplate%29%3B%0A%20%20%7D%20else%20if%20%28style.transform%29%20%7B%0A%20%20%2F%2A%2A%0A%20%20%20%20%20%20%20%20%20%20%20%20%20%20%20%2A%20If%20we%20have%20previously%20created%20a%20transform%20but%20currently%20don%27t%20have%20any%2C%0A%20%20%20%20%20%20%20%20%20%20%20%20%20%20%20%2A%20reset%20transform%20style%20to%20none.%0A%20%20%20%20%20%20%20%20%20%20%20%20%20%20%20%2A%2F%20style.transform%20%3D%20%22none%22%3B%0A%20%20%7D%0A%20%20%7D%0A%20%20%2F%2A%2A%0A%20%20%20%20%20%20%20%2A%20Build%20a%20transformOrigin%20style.%20Uses%20the%20same%20defaults%20as%20the%20browser%20for%0A%20%20%20%20%20%20%20%2A%20undefined%20origins.%0A%20%20%20%20%20%20%20%2A%2F%20if%20%28hasTransformOrigin%29%20%7B%0A%20%20const%20%7B%20originX%20%3D%20%2250%25%22%2C%20originY%20%3D%20%2250%25%22%2C%20originZ%20%3D%200%20%7D%20%3D%20transformOrigin%3B%0A%20%20style.transformOrigin%20%3D%20%60%24%7BoriginX%7D%20%24%7BoriginY%7D%20%24%7BoriginZ%7D%60%3B%0A%20%20%7D%0A%20%20%7D%0A%20%20%3B%0A%20%20const%20dashKeys%20%3D%20%7B%0A%20%20offset%3A%20%22stroke-dashoffset%22%2C%0A%20%20array%3A%20%22stroke-dasharray%22%0A%20%20%7D%3B%0A%20%20const%20camelKeys%20%3D%20%7B%0A%20%20offset%3A%20%22strokeDashoffset%22%2C%0A%20%20array%3A%20%22strokeDasharray%22%0A%20%20%7D%3B%0A%20%20%2F%2A%2A%0A%20%20%20%2A%20Build%20SVG%20path%20properties.%20Uses%20the%20path%27s%20measured%20length%20to%20convert%0A%20%20%20%2A%20our%20custom%20pathLength%2C%20pathSpacing%20and%20pathOffset%20into%20stroke-dashoffset%0A%20%20%20%2A%20and%20stroke-dasharray%20attributes.%0A%20%20%20%2A%0A%20%20%20%2A%20This%20function%20is%20mutative%20to%20reduce%20per-frame%20GC.%0A%20%20%20%2A%0A%20%20%20%2A%20Note%3A%20We%20use%20unitless%20values%20for%20stroke-dasharray%20and%20stroke-dashoffset%0A%20%20%20%2A%20because%20Safari%20incorrectly%20scales%20px%20values%20when%20the%20page%20is%20zoomed.%0A%20%20%20%2A%2F%20function%20buildSVGPath%28attrs%2C%20length%2C%20spacing%20%3D%201%2C%20offset%20%3D%200%2C%20useDashCase%20%3D%20true%29%20%7B%0A%20%20%2F%2F%20Normalise%20path%20length%20by%20setting%20SVG%20attribute%20pathLength%20to%201%0A%20%20attrs.pathLength%20%3D%201%3B%0A%20%20%2F%2F%20We%20use%20dash%20case%20when%20setting%20attributes%20directly%20to%20the%20DOM%20node%20and%20camel%20case%0A%20%20%2F%2F%20when%20defining%20props%20on%20a%20React%20component.%0A%20%20const%20keys%20%3D%20useDashCase%20%3F%20dashKeys%20%3A%20camelKeys%3B%0A%20%20%2F%2F%20Build%20the%20dash%20offset%20%28unitless%20to%20avoid%20Safari%20zoom%20bug%29%0A%20%20attrs%5Bkeys.offset%5D%20%3D%20%60%24%7B-offset%7D%60%3B%0A%20%20%2F%2F%20Build%20the%20dash%20array%20%28unitless%20to%20avoid%20Safari%20zoom%20bug%29%0A%20%20attrs%5Bkeys.array%5D%20%3D%20%60%24%7Blength%7D%20%24%7Bspacing%7D%60%3B%0A%20%20%7D%0A%20%20%3B%0A%20%20%3B%0A%20%20%3B%0A%20%20%2F%2A%2A%0A%20%20%20%2A%20CSS%20Motion%20Path%20properties%20that%20should%20remain%20as%20CSS%20styles%20on%20SVG%20elements.%0A%20%20%20%2A%2F%20const%20cssMotionPathProperties%20%3D%20%5B%0A%20%20%22offsetDistance%22%2C%0A%20%20%22offsetPath%22%2C%0A%20%20%22offsetRotate%22%2C%0A%20%20%22offsetAnchor%22%0A%20%20%5D%3B%0A%20%20%2F%2A%2A%0A%20%20%20%2A%20Build%20SVG%20visual%20attributes%2C%20like%20cx%20and%20style.transform%0A%20%20%20%2A%2F%20function%20buildSVGAttrs%28state%2C%20%7B%20attrX%2C%20attrY%2C%20attrScale%2C%20pathLength%2C%20pathSpacing%20%3D%201%2C%20pathOffset%20%3D%200%2C%20%2F%2F%20This%20is%20object%20creation%2C%20which%20we%20try%20to%20avoid%20per-frame.%0A%20%20...latest%20%7D%2C%20isSVGTag%2C%20transformTemplate%2C%20styleProp%29%20%7B%0A%20%20buildHTMLStyles%28state%2C%20latest%2C%20transformTemplate%29%3B%0A%20%20%2F%2A%2A%0A%20%20%20%20%20%20%20%2A%20For%20svg%20tags%20we%20just%20want%20to%20make%20sure%20viewBox%20is%20animatable%20and%20treat%20all%20the%20styles%0A%20%20%20%20%20%20%20%2A%20as%20normal%20HTML%20tags.%0A%20%20%20%20%20%20%20%2A%2F%20if%20%28isSVGTag%29%20%7B%0A%20%20if%20%28state.style.viewBox%29%20%7B%0A%20%20state.attrs.viewBox%20%3D%20state.style.viewBox%3B%0A%20%20%7D%0A%20%20return%3B%0A%20%20%7D%0A%20%20state.attrs%20%3D%20state.style%3B%0A%20%20state.style%20%3D%20%7B%7D%3B%0A%20%20const%20%7B%20attrs%2C%20style%20%7D%20%3D%20state%3B%0A%20%20%2F%2A%2A%0A%20%20%20%20%20%20%20%2A%20However%2C%20we%20apply%20transforms%20as%20CSS%20transforms.%0A%20%20%20%20%20%20%20%2A%20So%20if%20we%20detect%20a%20transform%2C%20transformOrigin%20we%20take%20it%20from%20attrs%20and%20copy%20it%20into%20style.%0A%20%20%20%20%20%20%20%2A%2F%20if%20%28attrs.transform%29%20%7B%0A%20%20style.transform%20%3D%20attrs.transform%3B%0A%20%20delete%20attrs.transform%3B%0A%20%20%7D%0A%20%20if%20%28style.transform%20%7C%7C%20attrs.transformOrigin%29%20%7B%0A%20%20style.transformOrigin%20%3D%20attrs.transformOrigin%20%3F%3F%20%2250%25%2050%25%22%3B%0A%20%20delete%20attrs.transformOrigin%3B%0A%20%20%7D%0A%20%20if%20%28style.transform%29%20%7B%0A%20%20%2F%2A%2A%0A%20%20%20%20%20%20%20%20%20%20%20%2A%20SVG%27s%20element%20transform-origin%20uses%20its%20own%20median%20as%20a%20reference.%0A%20%20%20%20%20%20%20%20%20%20%20%2A%20Therefore%2C%20transformBox%20becomes%20a%20fill-box%0A%20%20%20%20%20%20%20%20%20%20%20%2A%2F%20style.transformBox%20%3D%20styleProp%3F.transformBox%20%3F%3F%20%22fill-box%22%3B%0A%20%20delete%20attrs.transformBox%3B%0A%20%20%7D%0A%20%20for%20%28const%20key%20of%20cssMotionPathProperties%29%7B%0A%20%20if%20%28attrs%5Bkey%5D%20%21%3D%3D%20undefined%29%20%7B%0A%20%20style%5Bkey%5D%20%3D%20attrs%5Bkey%5D%3B%0A%20%20delete%20attrs%5Bkey%5D%3B%0A%20%20%7D%0A%20%20%7D%0A%20%20%2F%2F%20Render%20attrX%2FattrY%2FattrScale%20as%20attributes%0A%20%20if%20%28attrX%20%21%3D%3D%20undefined%29%20attrs.x%20%3D%20attrX%3B%0A%20%20if%20%28attrY%20%21%3D%3D%20undefined%29%20attrs.y%20%3D%20attrY%3B%0A%20%20if%20%28attrScale%20%21%3D%3D%20undefined%29%20attrs.scale%20%3D%20attrScale%3B%0A%20%20%2F%2F%20Build%20SVG%20path%20if%20one%20has%20been%20defined%0A%20%20if%20%28pathLength%20%21%3D%3D%20undefined%29%20%7B%0A%20%20buildSVGPath%28attrs%2C%20pathLength%2C%20pathSpacing%2C%20pathOffset%2C%20false%29%3B%0A%20%20%7D%0A%20%20%7D%0A%20%20%3B%0A%20%20%2F%2A%2A%0A%20%20%20%2A%20A%20set%20of%20attribute%20names%20that%20are%20always%20read%2Fwritten%20as%20camel%20case.%0A%20%20%20%2A%2F%20const%20camelCaseAttributes%20%3D%20new%20Set%28%5B%0A%20%20%22baseFrequency%22%2C%0A%20%20%22diffuseConstant%22%2C%0A%20%20%22kernelMatrix%22%2C%0A%20%20%22kernelUnitLength%22%2C%0A%20%20%22keySplines%22%2C%0A%20%20%22keyTimes%22%2C%0A%20%20%22limitingConeAngle%22%2C%0A%20%20%22markerHeight%22%2C%0A%20%20%22markerWidth%22%2C%0A%20%20%22numOctaves%22%2C%0A%20%20%22targetX%22%2C%0A%20%20%22targetY%22%2C%0A%20%20%22surfaceScale%22%2C%0A%20%20%22specularConstant%22%2C%0A%20%20%22specularExponent%22%2C%0A%20%20%22stdDeviation%22%2C%0A%20%20%22tableValues%22%2C%0A%20%20%22viewBox%22%2C%0A%20%20%22gradientTransform%22%2C%0A%20%20%22pathLength%22%2C%0A%20%20%22startOffset%22%2C%0A%20%20%22textLength%22%2C%0A%20%20%22lengthAdjust%22%0A%20%20%5D%29%3B%0A%20%20%3B%0A%20%20const%20isSVGTag%20%3D%20%28tag%29%3D%3Etypeof%20tag%20%3D%3D%3D%20%22string%22%20%26%26%20tag.toLowerCase%28%29%20%3D%3D%3D%20%22svg%22%3B%0A%20%20%3B%0A%20%20function%20renderHTML%28element%2C%20%7B%20style%2C%20vars%20%7D%2C%20styleProp%2C%20projection%29%20%7B%0A%20%20const%20elementStyle%20%3D%20element.style%3B%0A%20%20let%20key%3B%0A%20%20for%28key%20in%20style%29%7B%0A%20%20%2F%2F%20CSSStyleDeclaration%20has%20%5Bindex%3A%20number%5D%3A%20string%3B%20in%20the%20types%2C%20so%20we%20use%20that%20as%20key%20type.%0A%20%20elementStyle%5Bkey%5D%20%3D%20style%5Bkey%5D%3B%0A%20%20%7D%0A%20%20%2F%2F%20Write%20projection%20styles%20directly%20to%20element%20style%0A%20%20projection%3F.applyProjectionStyles%28elementStyle%2C%20styleProp%29%3B%0A%20%20for%28key%20in%20vars%29%7B%0A%20%20%2F%2F%20Loop%20over%20any%20CSS%20variables%20and%20assign%20those.%0A%20%20%2F%2F%20They%20can%20only%20be%20assigned%20using%20%60setProperty%60.%0A%20%20elementStyle.setProperty%28key%2C%20vars%5Bkey%5D%29%3B%0A%20%20%7D%0A%20%20%7D%0A%20%20%3B%0A%20%20%3B%0A%20%20%3B%0A%20%20%3B%0A%20%20function%20renderSVG%28element%2C%20renderState%2C%20_styleProp%2C%20projection%29%20%7B%0A%20%20renderHTML%28element%2C%20renderState%2C%20undefined%2C%20projection%29%3B%0A%20%20for%28const%20key%20in%20renderState.attrs%29%7B%0A%20%20element.setAttribute%28%21camelCaseAttributes.has%28key%29%20%3F%20camelToDash%28key%29%20%3A%20key%2C%20renderState.attrs%5Bkey%5D%29%3B%0A%20%20%7D%0A%20%20%7D%0A%20%20%3B%0A%20%20%3B%0A%20%20function%20pixelsToPercent%28pixels%2C%20axis%29%20%7B%0A%20%20if%20%28axis.max%20%3D%3D%3D%20axis.min%29%20return%200%3B%0A%20%20return%20pixels%20%2F%20%28axis.max%20-%20axis.min%29%20%2A%20100%3B%0A%20%20%7D%0A%20%20%2F%2A%2A%0A%20%20%20%2A%20We%20always%20correct%20borderRadius%20as%20a%20percentage%20rather%20than%20pixels%20to%20reduce%20paints.%0A%20%20%20%2A%20For%20example%2C%20if%20you%20are%20projecting%20a%20box%20that%20is%20100px%20wide%20with%20a%2010px%20borderRadius%0A%20%20%20%2A%20into%20a%20box%20that%20is%20200px%20wide%20with%20a%2020px%20borderRadius%2C%20that%20is%20actually%20a%2010%25%0A%20%20%20%2A%20borderRadius%20in%20both%20states.%20If%20we%20animate%20between%20the%20two%20in%20pixels%20that%20will%20trigger%0A%20%20%20%2A%20a%20paint%20each%20time.%20If%20we%20animate%20between%20the%20two%20in%20percentage%20we%27ll%20avoid%20a%20paint.%0A%20%20%20%2A%2F%20const%20correctBorderRadius%20%3D%20%7B%0A%20%20correct%3A%20%28latest%2C%20node%29%3D%3E%7B%0A%20%20if%20%28%21node.target%29%20return%20latest%3B%0A%20%20%2F%2A%2A%0A%20%20%20%20%20%20%20%20%20%20%20%2A%20If%20latest%20is%20a%20string%2C%20if%20it%27s%20a%20percentage%20we%20can%20return%20immediately%20as%20it%27s%0A%20%20%20%20%20%20%20%20%20%20%20%2A%20going%20to%20be%20stretched%20appropriately.%20Otherwise%2C%20if%20it%27s%20a%20pixel%2C%20convert%20it%20to%20a%20number.%0A%20%20%20%20%20%20%20%20%20%20%20%2A%2F%20if%20%28typeof%20latest%20%3D%3D%3D%20%22string%22%29%20%7B%0A%20%20if%20%28px.test%28latest%29%29%20%7B%0A%20%20latest%20%3D%20parseFloat%28latest%29%3B%0A%20%20%7D%20else%20%7B%0A%20%20return%20latest%3B%0A%20%20%7D%0A%20%20%7D%0A%20%20%2F%2A%2A%0A%20%20%20%20%20%20%20%20%20%20%20%2A%20If%20latest%20is%20a%20number%2C%20it%27s%20a%20pixel%20value.%20We%20use%20the%20current%20viewportBox%20to%20calculate%20that%0A%20%20%20%20%20%20%20%20%20%20%20%2A%20pixel%20value%20as%20a%20percentage%20of%20each%20axis%0A%20%20%20%20%20%20%20%20%20%20%20%2A%2F%20const%20x%20%3D%20pixelsToPercent%28latest%2C%20node.target.x%29%3B%0A%20%20const%20y%20%3D%20pixelsToPercent%28latest%2C%20node.target.y%29%3B%0A%20%20return%20%60%24%7Bx%7D%25%20%24%7By%7D%25%60%3B%0A%20%20%7D%0A%20%20%7D%3B%0A%20%20%3B%0A%20%20%2F%2A%0A%20%20%20%20Value%20in%20range%20from%20progress%0A%20%20%0A%20%20%20%20Given%20a%20lower%20limit%20and%20an%20upper%20limit%2C%20we%20return%20the%20value%20within%0A%20%20%20%20that%20range%20as%20expressed%20by%20progress%20%28usually%20a%20number%20from%200%20to%201%29%0A%20%20%0A%20%20%20%20So%20progress%20%3D%200.5%20would%20change%0A%20%20%0A%20%20%20%20from%20--------%20to%0A%20%20%0A%20%20%20%20to%0A%20%20%0A%20%20%20%20from%20----%20to%0A%20%20%0A%20%20%20%20E.g.%20from%20%3D%2010%2C%20to%20%3D%2020%2C%20progress%20%3D%200.5%20%3D%3E%2015%0A%20%20%0A%20%20%20%20%40param%20%5Bnumber%5D%3A%20Lower%20limit%20of%20range%0A%20%20%20%20%40param%20%5Bnumber%5D%3A%20Upper%20limit%20of%20range%0A%20%20%20%20%40param%20%5Bnumber%5D%3A%20The%20progress%20between%20lower%20and%20upper%20limits%20expressed%200-1%0A%20%20%20%20%40return%20%5Bnumber%5D%3A%20Value%20as%20calculated%20from%20progress%20within%20range%20%28not%20limited%20within%20range%29%0A%20%20%2A%2F%20const%20mixNumber%20%3D%20%28from%2C%20to%2C%20progress%29%3D%3E%7B%0A%20%20return%20from%20%2B%20%28to%20-%20from%29%20%2A%20progress%3B%0A%20%20%7D%3B%0A%20%20%3B%0A%20%20%3B%0A%20%20%3B%0A%20%20const%20correctBoxShadow%20%3D%20%7B%0A%20%20correct%3A%20%28latest%2C%20%7B%20treeScale%2C%20projectionDelta%20%7D%29%3D%3E%7B%0A%20%20const%20original%20%3D%20latest%3B%0A%20%20const%20shadow%20%3D%20complex.parse%28latest%29%3B%0A%20%20%2F%2F%20TODO%3A%20Doesn%27t%20support%20multiple%20shadows%0A%20%20if%20%28shadow.length%20%3E%205%29%20return%20original%3B%0A%20%20const%20template%20%3D%20complex.createTransformer%28latest%29%3B%0A%20%20const%20offset%20%3D%20typeof%20shadow%5B0%5D%20%21%3D%3D%20%22number%22%20%3F%201%20%3A%200%3B%0A%20%20%2F%2F%20Calculate%20the%20overall%20context%20scale%0A%20%20const%20xScale%20%3D%20projectionDelta.x.scale%20%2A%20treeScale.x%3B%0A%20%20const%20yScale%20%3D%20projectionDelta.y.scale%20%2A%20treeScale.y%3B%0A%20%20shadow%5B0%20%2B%20offset%5D%20%2F%3D%20xScale%3B%0A%20%20shadow%5B1%20%2B%20offset%5D%20%2F%3D%20yScale%3B%0A%20%20%2F%2A%2A%0A%20%20%20%20%20%20%20%20%20%20%20%2A%20Ideally%20we%27d%20correct%20x%20and%20y%20scales%20individually%2C%20but%20because%20blur%20and%0A%20%20%20%20%20%20%20%20%20%20%20%2A%20spread%20apply%20to%20both%20we%20have%20to%20take%20a%20scale%20average%20and%20apply%20that%20instead.%0A%20%20%20%20%20%20%20%20%20%20%20%2A%20We%20could%20potentially%20improve%20the%20outcome%20of%20this%20by%20incorporating%20the%20ratio%20between%0A%20%20%20%20%20%20%20%20%20%20%20%2A%20the%20two%20scales.%0A%20%20%20%20%20%20%20%20%20%20%20%2A%2F%20const%20averageScale%20%3D%20mixNumber%28xScale%2C%20yScale%2C%200.5%29%3B%0A%20%20%2F%2F%20Blur%0A%20%20if%20%28typeof%20shadow%5B2%20%2B%20offset%5D%20%3D%3D%3D%20%22number%22%29%20shadow%5B2%20%2B%20offset%5D%20%2F%3D%20averageScale%3B%0A%20%20%2F%2F%20Spread%0A%20%20if%20%28typeof%20shadow%5B3%20%2B%20offset%5D%20%3D%3D%3D%20%22number%22%29%20shadow%5B3%20%2B%20offset%5D%20%2F%3D%20averageScale%3B%0A%20%20return%20template%28shadow%29%3B%0A%20%20%7D%0A%20%20%7D%3B%0A%20%20%3B%0A%20%20%3B%0A%20%20%3B%0A%20%20%3B%0A%20%20const%20scaleCorrectors%20%3D%20%7B%0A%20%20borderRadius%3A%20%7B%0A%20%20...correctBorderRadius%2C%0A%20%20applyTo%3A%20%5B%0A%20%20%22borderTopLeftRadius%22%2C%0A%20%20%22borderTopRightRadius%22%2C%0A%20%20%22borderBottomLeftRadius%22%2C%0A%20%20%22borderBottomRightRadius%22%0A%20%20%5D%0A%20%20%7D%2C%0A%20%20borderTopLeftRadius%3A%20correctBorderRadius%2C%0A%20%20borderTopRightRadius%3A%20correctBorderRadius%2C%0A%20%20borderBottomLeftRadius%3A%20correctBorderRadius%2C%0A%20%20borderBottomRightRadius%3A%20correctBorderRadius%2C%0A%20%20boxShadow%3A%20correctBoxShadow%0A%20%20%7D%3B%0A%20%20function%20addScaleCorrector%28correctors%29%20%7B%0A%20%20for%28const%20key%20in%20correctors%29%7B%0A%20%20scaleCorrectors%5Bkey%5D%20%3D%20correctors%5Bkey%5D%3B%0A%20%20if%20%28isCSSVariableName%28key%29%29%20%7B%0A%20%20scaleCorrectors%5Bkey%5D.isCSSVariable%20%3D%20true%3B%0A%20%20%7D%0A%20%20%7D%0A%20%20%7D%0A%20%20%3B%0A%20%20%3B%0A%20%20%3B%0A%20%20%3B%0A%20%20function%20isForcedMotionValue%28key%2C%20%7B%20layout%2C%20layoutId%20%7D%29%20%7B%0A%20%20return%20transformProps.has%28key%29%20%7C%7C%20key.startsWith%28%22origin%22%29%20%7C%7C%20%28layout%20%7C%7C%20layoutId%20%21%3D%3D%20undefined%29%20%26%26%20%28%21%21scaleCorrectors%5Bkey%5D%20%7C%7C%20key%20%3D%3D%3D%20%22opacity%22%29%3B%0A%20%20%7D%0A%20%20%3B%0A%20%20%3B%0A%20%20%3B%0A%20%20function%20scrapeMotionValuesFromProps%28props%2C%20prevProps%2C%20visualElement%29%20%7B%0A%20%20const%20style%20%3D%20props.style%3B%0A%20%20const%20prevStyle%20%3D%20prevProps%3F.style%3B%0A%20%20const%20newValues%20%3D%20%7B%7D%3B%0A%20%20if%20%28%21style%29%20return%20newValues%3B%0A%20%20for%28const%20key%20in%20style%29%7B%0A%20%20if%20%28isMotionValue%28style%5Bkey%5D%29%20%7C%7C%20prevStyle%20%26%26%20isMotionValue%28prevStyle%5Bkey%5D%29%20%7C%7C%20isForcedMotionValue%28key%2C%20props%29%20%7C%7C%20visualElement%3F.getValue%28key%29%3F.liveStyle%20%21%3D%3D%20undefined%29%20%7B%0A%20%20newValues%5Bkey%5D%20%3D%20style%5Bkey%5D%3B%0A%20%20%7D%0A%20%20%7D%0A%20%20return%20newValues%3B%0A%20%20%7D%0A%20%20%3B%0A%20%20%3B%0A%20%20%3B%0A%20%20%3B%0A%20%20function%20scrapeMotionValuesFromProps1%28props%2C%20prevProps%2C%20visualElement%29%20%7B%0A%20%20const%20newValues%20%3D%20scrapeMotionValuesFromProps%28props%2C%20prevProps%2C%20visualElement%29%3B%0A%20%20for%28const%20key%20in%20props%29%7B%0A%20%20if%20%28isMotionValue%28props%5Bkey%5D%29%20%7C%7C%20isMotionValue%28prevProps%5Bkey%5D%29%29%20%7B%0A%20%20const%20targetKey%20%3D%20transformPropOrder.indexOf%28key%29%20%21%3D%3D%20-1%20%3F%20%22attr%22%20%2B%20key.charAt%280%29.toUpperCase%28%29%20%2B%20key.substring%281%29%20%3A%20key%3B%0A%20%20newValues%5BtargetKey%5D%20%3D%20props%5Bkey%5D%3B%0A%20%20%7D%0A%20%20%7D%0A%20%20return%20newValues%3B%0A%20%20%7D%0A%20%20%3B%0A%20%20%3B%0A%20%20%3B%0A%20%20%3B%0A%20%20%3B%0A%20%20%3B%0A%20%20%3B%0A%20%20%3B%0A%20%20%3B%0A%20%20%3B%0A%20%20%3B%0A%20%20class%20SVGVisualElement%20extends%20DOMVisualElement%20%7B%0A%20%20constructor%28%29%7B%0A%20%20super%28...arguments%29%3B%0A%20%20this.type%20%3D%20%22svg%22%3B%0A%20%20this.isSVGTag%20%3D%20false%3B%0A%20%20this.measureInstanceViewportBox%20%3D%20createBox%3B%0A%20%20%7D%0A%20%20getBaseTargetFromProps%28props%2C%20key%29%20%7B%0A%20%20return%20props%5Bkey%5D%3B%0A%20%20%7D%0A%20%20readValueFromInstance%28instance%2C%20key%29%20%7B%0A%20%20if%20%28transformProps.has%28key%29%29%20%7B%0A%20%20const%20defaultType%20%3D%20getDefaultValueType%28key%29%3B%0A%20%20return%20defaultType%20%3F%20defaultType.default%20%7C%7C%200%20%3A%200%3B%0A%20%20%7D%0A%20%20key%20%3D%20%21camelCaseAttributes.has%28key%29%20%3F%20camelToDash%28key%29%20%3A%20key%3B%0A%20%20return%20instance.getAttribute%28key%29%3B%0A%20%20%7D%0A%20%20scrapeMotionValuesFromProps%28props%2C%20prevProps%2C%20visualElement%29%20%7B%0A%20%20return%20scrapeMotionValuesFromProps1%28props%2C%20prevProps%2C%20visualElement%29%3B%0A%20%20%7D%0A%20%20build%28renderState%2C%20latestValues%2C%20props%29%20%7B%0A%20%20buildSVGAttrs%28renderState%2C%20latestValues%2C%20this.isSVGTag%2C%20props.transformTemplate%2C%20props.style%29%3B%0A%20%20%7D%0A%20%20renderInstance%28instance%2C%20renderState%2C%20styleProp%2C%20projection%29%20%7B%0A%20%20renderSVG%28instance%2C%20renderState%2C%20styleProp%2C%20projection%29%3B%0A%20%20%7D%0A%20%20mount%28instance%29%20%7B%0A%20%20this.isSVGTag%20%3D%20isSVGTag%28instance.tagName%29%3B%0A%20%20super.mount%28instance%29%3B%0A%20%20%7D%0A%20%20%7D%0A%20%20%3B%0A%20%20%2F%2A%2A%0A%20%20%20%2A%20Bounding%20boxes%20tend%20to%20be%20defined%20as%20top%2C%20left%2C%20right%2C%20bottom.%20For%20various%20operations%0A%20%20%20%2A%20it%27s%20easier%20to%20consider%20each%20axis%20individually.%20This%20function%20returns%20a%20bounding%20box%0A%20%20%20%2A%20as%20a%20map%20of%20single-axis%20min%2Fmax%20values.%0A%20%20%20%2A%2F%20function%20convertBoundingBoxToBox%28%7B%20top%2C%20left%2C%20right%2C%20bottom%20%7D%29%20%7B%0A%20%20return%20%7B%0A%20%20x%3A%20%7B%0A%20%20min%3A%20left%2C%0A%20%20max%3A%20right%0A%20%20%7D%2C%0A%20%20y%3A%20%7B%0A%20%20min%3A%20top%2C%0A%20%20max%3A%20bottom%0A%20%20%7D%0A%20%20%7D%3B%0A%20%20%7D%0A%20%20function%20convertBoxToBoundingBox%28%7B%20x%2C%20y%20%7D%29%20%7B%0A%20%20return%20%7B%0A%20%20top%3A%20y.min%2C%0A%20%20right%3A%20x.max%2C%0A%20%20bottom%3A%20y.max%2C%0A%20%20left%3A%20x.min%0A%20%20%7D%3B%0A%20%20%7D%0A%20%20%2F%2A%2A%0A%20%20%20%2A%20Applies%20a%20TransformPoint%20function%20to%20a%20bounding%20box.%20TransformPoint%20is%20usually%20a%20function%0A%20%20%20%2A%20provided%20by%20Framer%20to%20allow%20measured%20points%20to%20be%20corrected%20for%20device%20scaling.%20This%20is%20used%0A%20%20%20%2A%20when%20measuring%20DOM%20elements%20and%20DOM%20event%20points.%0A%20%20%20%2A%2F%20function%20transformBoxPoints%28point%2C%20transformPoint%29%20%7B%0A%20%20if%20%28%21transformPoint%29%20return%20point%3B%0A%20%20const%20topLeft%20%3D%20transformPoint%28%7B%0A%20%20x%3A%20point.left%2C%0A%20%20y%3A%20point.top%0A%20%20%7D%29%3B%0A%20%20const%20bottomRight%20%3D%20transformPoint%28%7B%0A%20%20x%3A%20point.right%2C%0A%20%20y%3A%20point.bottom%0A%20%20%7D%29%3B%0A%20%20return%20%7B%0A%20%20top%3A%20topLeft.y%2C%0A%20%20left%3A%20topLeft.x%2C%0A%20%20bottom%3A%20bottomRight.y%2C%0A%20%20right%3A%20bottomRight.x%0A%20%20%7D%3B%0A%20%20%7D%0A%20%20%3B%0A%20%20function%20isIdentityScale%28scale%29%20%7B%0A%20%20return%20scale%20%3D%3D%3D%20undefined%20%7C%7C%20scale%20%3D%3D%3D%201%3B%0A%20%20%7D%0A%20%20function%20hasScale%28%7B%20scale%2C%20scaleX%2C%20scaleY%20%7D%29%20%7B%0A%20%20return%20%21isIdentityScale%28scale%29%20%7C%7C%20%21isIdentityScale%28scaleX%29%20%7C%7C%20%21isIdentityScale%28scaleY%29%3B%0A%20%20%7D%0A%20%20function%20hasTransform%28values%29%20%7B%0A%20%20return%20hasScale%28values%29%20%7C%7C%20has2DTranslate%28values%29%20%7C%7C%20values.z%20%7C%7C%20values.rotate%20%7C%7C%20values.rotateX%20%7C%7C%20values.rotateY%20%7C%7C%20values.skewX%20%7C%7C%20values.skewY%3B%0A%20%20%7D%0A%20%20function%20has2DTranslate%28values%29%20%7B%0A%20%20return%20is2DTranslate%28values.x%29%20%7C%7C%20is2DTranslate%28values.y%29%3B%0A%20%20%7D%0A%20%20function%20is2DTranslate%28value%29%20%7B%0A%20%20return%20value%20%26%26%20value%20%21%3D%3D%20%220%25%22%3B%0A%20%20%7D%0A%20%20%3B%0A%20%20%3B%0A%20%20%3B%0A%20%20%2F%2A%2A%0A%20%20%20%2A%20Scales%20a%20point%20based%20on%20a%20factor%20and%20an%20originPoint%0A%20%20%20%2A%2F%20function%20scalePoint%28point%2C%20scale%2C%20originPoint%29%20%7B%0A%20%20const%20distanceFromOrigin%20%3D%20point%20-%20originPoint%3B%0A%20%20const%20scaled%20%3D%20scale%20%2A%20distanceFromOrigin%3B%0A%20%20return%20originPoint%20%2B%20scaled%3B%0A%20%20%7D%0A%20%20%2F%2A%2A%0A%20%20%20%2A%20Applies%20a%20translate%2Fscale%20delta%20to%20a%20point%0A%20%20%20%2A%2F%20function%20applyPointDelta%28point%2C%20translate%2C%20scale%2C%20originPoint%2C%20boxScale%29%20%7B%0A%20%20if%20%28boxScale%20%21%3D%3D%20undefined%29%20%7B%0A%20%20point%20%3D%20scalePoint%28point%2C%20boxScale%2C%20originPoint%29%3B%0A%20%20%7D%0A%20%20return%20scalePoint%28point%2C%20scale%2C%20originPoint%29%20%2B%20translate%3B%0A%20%20%7D%0A%20%20%2F%2A%2A%0A%20%20%20%2A%20Applies%20a%20translate%2Fscale%20delta%20to%20an%20axis%0A%20%20%20%2A%2F%20function%20applyAxisDelta%28axis%2C%20translate%20%3D%200%2C%20scale%20%3D%201%2C%20originPoint%2C%20boxScale%29%20%7B%0A%20%20axis.min%20%3D%20applyPointDelta%28axis.min%2C%20translate%2C%20scale%2C%20originPoint%2C%20boxScale%29%3B%0A%20%20axis.max%20%3D%20applyPointDelta%28axis.max%2C%20translate%2C%20scale%2C%20originPoint%2C%20boxScale%29%3B%0A%20%20%7D%0A%20%20%2F%2A%2A%0A%20%20%20%2A%20Applies%20a%20translate%2Fscale%20delta%20to%20a%20box%0A%20%20%20%2A%2F%20function%20applyBoxDelta%28box%2C%20%7B%20x%2C%20y%20%7D%29%20%7B%0A%20%20applyAxisDelta%28box.x%2C%20x.translate%2C%20x.scale%2C%20x.originPoint%29%3B%0A%20%20applyAxisDelta%28box.y%2C%20y.translate%2C%20y.scale%2C%20y.originPoint%29%3B%0A%20%20%7D%0A%20%20const%20TREE_SCALE_SNAP_MIN%20%3D%200.999999999999%3B%0A%20%20const%20TREE_SCALE_SNAP_MAX%20%3D%201.0000000000001%3B%0A%20%20%2F%2A%2A%0A%20%20%20%2A%20Apply%20a%20tree%20of%20deltas%20to%20a%20box.%20We%20do%20this%20to%20calculate%20the%20effect%20of%20all%20the%20transforms%0A%20%20%20%2A%20in%20a%20tree%20upon%20our%20box%20before%20then%20calculating%20how%20to%20project%20it%20into%20our%20desired%20viewport-relative%20box%0A%20%20%20%2A%0A%20%20%20%2A%20This%20is%20the%20final%20nested%20loop%20within%20updateLayoutDelta%20for%20future%20refactoring%0A%20%20%20%2A%2F%20function%20applyTreeDeltas%28box%2C%20treeScale%2C%20treePath%2C%20isSharedTransition%20%3D%20false%29%20%7B%0A%20%20const%20treeLength%20%3D%20treePath.length%3B%0A%20%20if%20%28%21treeLength%29%20return%3B%0A%20%20%2F%2F%20Reset%20the%20treeScale%0A%20%20treeScale.x%20%3D%20treeScale.y%20%3D%201%3B%0A%20%20let%20node%3B%0A%20%20let%20delta%3B%0A%20%20for%28let%20i%20%3D%200%3B%20i%20%3C%20treeLength%3B%20i%2B%2B%29%7B%0A%20%20node%20%3D%20treePath%5Bi%5D%3B%0A%20%20delta%20%3D%20node.projectionDelta%3B%0A%20%20%2F%2A%2A%0A%20%20%20%20%20%20%20%20%20%20%20%2A%20TODO%3A%20Prefer%20to%20remove%20this%2C%20but%20currently%20we%20have%20motion%20components%20with%0A%20%20%20%20%20%20%20%20%20%20%20%2A%20display%3A%20contents%20in%20Framer.%0A%20%20%20%20%20%20%20%20%20%20%20%2A%2F%20const%20%7B%20visualElement%20%7D%20%3D%20node.options%3B%0A%20%20if%20%28visualElement%20%26%26%20visualElement.props.style%20%26%26%20visualElement.props.style.display%20%3D%3D%3D%20%22contents%22%29%20%7B%0A%20%20continue%3B%0A%20%20%7D%0A%20%20if%20%28isSharedTransition%20%26%26%20node.options.layoutScroll%20%26%26%20node.scroll%20%26%26%20node%20%21%3D%3D%20node.root%29%20%7B%0A%20%20translateAxis%28box.x%2C%20-node.scroll.offset.x%29%3B%0A%20%20translateAxis%28box.y%2C%20-node.scroll.offset.y%29%3B%0A%20%20%7D%0A%20%20if%20%28delta%29%20%7B%0A%20%20%2F%2F%20Incoporate%20each%20ancestor%27s%20scale%20into%20a%20cumulative%20treeScale%20for%20this%20component%0A%20%20treeScale.x%20%2A%3D%20delta.x.scale%3B%0A%20%20treeScale.y%20%2A%3D%20delta.y.scale%3B%0A%20%20%2F%2F%20Apply%20each%20ancestor%27s%20calculated%20delta%20into%20this%20component%27s%20recorded%20layout%20box%0A%20%20applyBoxDelta%28box%2C%20delta%29%3B%0A%20%20%7D%0A%20%20if%20%28isSharedTransition%20%26%26%20hasTransform%28node.latestValues%29%29%20%7B%0A%20%20transformBox%28box%2C%20node.latestValues%2C%20node.layout%3F.layoutBox%29%3B%0A%20%20%7D%0A%20%20%7D%0A%20%20%2F%2A%2A%0A%20%20%20%20%20%20%20%2A%20Snap%20tree%20scale%20back%20to%201%20if%20it%27s%20within%20a%20non-perceivable%20threshold.%0A%20%20%20%20%20%20%20%2A%20This%20will%20help%20reduce%20useless%20scales%20getting%20rendered.%0A%20%20%20%20%20%20%20%2A%2F%20if%20%28treeScale.x%20%3C%20TREE_SCALE_SNAP_MAX%20%26%26%20treeScale.x%20%3E%20TREE_SCALE_SNAP_MIN%29%20%7B%0A%20%20treeScale.x%20%3D%201.0%3B%0A%20%20%7D%0A%20%20if%20%28treeScale.y%20%3C%20TREE_SCALE_SNAP_MAX%20%26%26%20treeScale.y%20%3E%20TREE_SCALE_SNAP_MIN%29%20%7B%0A%20%20treeScale.y%20%3D%201.0%3B%0A%20%20%7D%0A%20%20%7D%0A%20%20function%20translateAxis%28axis%2C%20distance%29%20%7B%0A%20%20axis.min%20%2B%3D%20distance%3B%0A%20%20axis.max%20%2B%3D%20distance%3B%0A%20%20%7D%0A%20%20%2F%2A%2A%0A%20%20%20%2A%20Apply%20a%20transform%20to%20an%20axis%20from%20the%20latest%20resolved%20motion%20values.%0A%20%20%20%2A%20This%20function%20basically%20acts%20as%20a%20bridge%20between%20a%20flat%20motion%20value%20map%0A%20%20%20%2A%20and%20applyAxisDelta%0A%20%20%20%2A%2F%20function%20transformAxis%28axis%2C%20axisTranslate%2C%20axisScale%2C%20boxScale%2C%20axisOrigin%20%3D%200.5%29%20%7B%0A%20%20const%20originPoint%20%3D%20mixNumber%28axis.min%2C%20axis.max%2C%20axisOrigin%29%3B%0A%20%20%2F%2F%20Apply%20the%20axis%20delta%20to%20the%20final%20axis%0A%20%20applyAxisDelta%28axis%2C%20axisTranslate%2C%20axisScale%2C%20originPoint%2C%20boxScale%29%3B%0A%20%20%7D%0A%20%20function%20resolveAxisTranslate%28value%2C%20axis%29%20%7B%0A%20%20if%20%28typeof%20value%20%3D%3D%3D%20%22string%22%29%20%7B%0A%20%20return%20parseFloat%28value%29%20%2F%20100%20%2A%20%28axis.max%20-%20axis.min%29%3B%0A%20%20%7D%0A%20%20return%20value%3B%0A%20%20%7D%0A%20%20%2F%2A%2A%0A%20%20%20%2A%20Apply%20a%20transform%20to%20a%20box%20from%20the%20latest%20resolved%20motion%20values.%0A%20%20%20%2A%2F%20function%20transformBox%28box%2C%20transform%2C%20sourceBox%29%20%7B%0A%20%20const%20resolveBox%20%3D%20sourceBox%20%3F%3F%20box%3B%0A%20%20transformAxis%28box.x%2C%20resolveAxisTranslate%28transform.x%2C%20resolveBox.x%29%2C%20transform.scaleX%2C%20transform.scale%2C%20transform.originX%29%3B%0A%20%20transformAxis%28box.y%2C%20resolveAxisTranslate%28transform.y%2C%20resolveBox.y%29%2C%20transform.scaleY%2C%20transform.scale%2C%20transform.originY%29%3B%0A%20%20%7D%0A%20%20%3B%0A%20%20%3B%0A%20%20%3B%0A%20%20function%20measureViewportBox%28instance%2C%20transformPoint%29%20%7B%0A%20%20return%20convertBoundingBoxToBox%28transformBoxPoints%28instance.getBoundingClientRect%28%29%2C%20transformPoint%29%29%3B%0A%20%20%7D%0A%20%20function%20measurePageBox%28element%2C%20rootProjectionNode%2C%20transformPagePoint%29%20%7B%0A%20%20const%20viewportBox%20%3D%20measureViewportBox%28element%2C%20transformPagePoint%29%3B%0A%20%20const%20%7B%20scroll%20%7D%20%3D%20rootProjectionNode%3B%0A%20%20if%20%28scroll%29%20%7B%0A%20%20translateAxis%28viewportBox.x%2C%20scroll.offset.x%29%3B%0A%20%20translateAxis%28viewportBox.y%2C%20scroll.offset.y%29%3B%0A%20%20%7D%0A%20%20return%20viewportBox%3B%0A%20%20%7D%0A%20%20%3B%0A%20%20%3B%0A%20%20%3B%0A%20%20%3B%0A%20%20%3B%0A%20%20%3B%0A%20%20%3B%0A%20%20%3B%0A%20%20%3B%0A%20%20function%20getComputedStyle2%28element%29%20%7B%0A%20%20return%20window.getComputedStyle%28element%29%3B%0A%20%20%7D%0A%20%20class%20HTMLVisualElement%20extends%20DOMVisualElement%20%7B%0A%20%20constructor%28%29%7B%0A%20%20super%28...arguments%29%3B%0A%20%20this.type%20%3D%20%22html%22%3B%0A%20%20this.renderInstance%20%3D%20renderHTML%3B%0A%20%20%7D%0A%20%20readValueFromInstance%28instance%2C%20key%29%20%7B%0A%20%20if%20%28transformProps.has%28key%29%29%20%7B%0A%20%20return%20this.projection%3F.isProjecting%20%3F%20defaultTransformValue%28key%29%20%3A%20readTransformValue%28instance%2C%20key%29%3B%0A%20%20%7D%20else%20%7B%0A%20%20const%20computedStyle%20%3D%20getComputedStyle2%28instance%29%3B%0A%20%20const%20value%20%3D%20%28isCSSVariableName%28key%29%20%3F%20computedStyle.getPropertyValue%28key%29%20%3A%20computedStyle%5Bkey%5D%29%20%7C%7C%200%3B%0A%20%20return%20typeof%20value%20%3D%3D%3D%20%22string%22%20%3F%20value.trim%28%29%20%3A%20value%3B%0A%20%20%7D%0A%20%20%7D%0A%20%20measureInstanceViewportBox%28instance%2C%20%7B%20transformPagePoint%20%7D%29%20%7B%0A%20%20return%20measureViewportBox%28instance%2C%20transformPagePoint%29%3B%0A%20%20%7D%0A%20%20build%28renderState%2C%20latestValues%2C%20props%29%20%7B%0A%20%20buildHTMLStyles%28renderState%2C%20latestValues%2C%20props.transformTemplate%29%3B%0A%20%20%7D%0A%20%20scrapeMotionValuesFromProps%28props%2C%20prevProps%2C%20visualElement%29%20%7B%0A%20%20return%20scrapeMotionValuesFromProps%28props%2C%20prevProps%2C%20visualElement%29%3B%0A%20%20%7D%0A%20%20%7D%0A%20%20%3B%0A%20%20var%20__TURBOPACK__imported__module__72131__10%20%3D%20__TURBOPACK__imported__module__72131__%3B%0A%20%20%2F%2A%2A%0A%20%20%20%2A%20We%20keep%20these%20listed%20separately%20as%20we%20use%20the%20lowercase%20tag%20names%20as%20part%0A%20%20%20%2A%20of%20the%20runtime%20bundle%20to%20detect%20SVG%20components%0A%20%20%20%2A%2F%20const%20lowercaseSVGElements%20%3D%20%5B%0A%20%20%22animate%22%2C%0A%20%20%22circle%22%2C%0A%20%20%22defs%22%2C%0A%20%20%22desc%22%2C%0A%20%20%22ellipse%22%2C%0A%20%20%22g%22%2C%0A%20%20%22image%22%2C%0A%20%20%22line%22%2C%0A%20%20%22filter%22%2C%0A%20%20%22marker%22%2C%0A%20%20%22mask%22%2C%0A%20%20%22metadata%22%2C%0A%20%20%22path%22%2C%0A%20%20%22pattern%22%2C%0A%20%20%22polygon%22%2C%0A%20%20%22polyline%22%2C%0A%20%20%22rect%22%2C%0A%20%20%22stop%22%2C%0A%20%20%22switch%22%2C%0A%20%20%22symbol%22%2C%0A%20%20%22svg%22%2C%0A%20%20%22text%22%2C%0A%20%20%22tspan%22%2C%0A%20%20%22use%22%2C%0A%20%20%22view%22%0A%20%20%5D%3B%0A%20%20%3B%0A%20%20%3B%0A%20%20function%20isSVGComponent%28Component%29%20%7B%0A%20%20if%20%28%2F%2A%2A%0A%20%20%20%20%20%20%20%2A%20If%20it%27s%20not%20a%20string%2C%20it%27s%20a%20custom%20React%20component.%20Currently%20we%20only%20support%0A%20%20%20%20%20%20%20%2A%20HTML%20custom%20React%20components.%0A%20%20%20%20%20%20%20%2A%2F%20typeof%20Component%20%21%3D%3D%20%22string%22%20%7C%7C%20%2F%2A%2A%0A%20%20%20%20%20%20%20%20%20%20%20%2A%20If%20it%20contains%20a%20dash%2C%20the%20element%20is%20a%20custom%20HTML%20webcomponent.%0A%20%20%20%20%20%20%20%20%20%20%20%2A%2F%20Component.includes%28%22-%22%29%29%20%7B%0A%20%20return%20false%3B%0A%20%20%7D%20else%20if%20%28%2F%2A%2A%0A%20%20%20%20%20%20%20%2A%20If%20it%27s%20in%20our%20list%20of%20lowercase%20SVG%20tags%2C%20it%27s%20an%20SVG%20component%0A%20%20%20%20%20%20%20%2A%2F%20lowercaseSVGElements.indexOf%28Component%29%20%3E%20-1%20%7C%7C%20%2F%2A%2A%0A%20%20%20%20%20%20%20%20%20%20%20%2A%20If%20it%20contains%20a%20capital%20letter%2C%20it%27s%20an%20SVG%20component%0A%20%20%20%20%20%20%20%20%20%20%20%2A%2F%20%2F%5BA-Z%5D%2Fu.test%28Component%29%29%20%7B%0A%20%20return%20true%3B%0A%20%20%7D%0A%20%20return%20false%3B%0A%20%20%7D%0A%20%20%3B%0A%20%20%3B%0A%20%20%3B%0A%20%20%3B%0A%20%20const%20createDomVisualElement%20%3D%20%28Component%2C%20options%29%3D%3E%7B%0A%20%20%2F%2A%2A%0A%20%20%20%20%20%20%20%2A%20Use%20explicit%20isSVG%20override%20if%20provided%2C%20otherwise%20auto-detect%0A%20%20%20%20%20%20%20%2A%2F%20const%20isSVG%20%3D%20options.isSVG%20%3F%3F%20isSVGComponent%28Component%29%3B%0A%20%20return%20isSVG%20%3F%20new%20SVGVisualElement%28options%29%20%3A%20new%20HTMLVisualElement%28options%2C%20%7B%0A%20%20allowProjection%3A%20Component%20%21%3D%3D%20__TURBOPACK__imported__module__72131__10%5B%22Fragment%22%5D%0A%20%20%7D%29%3B%0A%20%20%7D%3B%0A%20%20%3B%0A%20%20var%20__TURBOPACK__imported__module__87924__9%20%3D%20__TURBOPACK__imported__module__87924__%3B%0A%20%20var%20__TURBOPACK__imported__module__72131__11%20%3D%20__TURBOPACK__imported__module__72131__%3B%0A%20%20var%20__TURBOPACK__imported__module__72131__12%20%3D%20__TURBOPACK__imported__module__72131__%3B%0A%20%20%22use%20client%22%3B%0A%20%20%3B%0A%20%20const%20LayoutGroupContext%20%3D%20%280%2C%20__TURBOPACK__imported__module__72131__12%5B%22createContext%22%5D%29%28%7B%7D%29%3B%0A%20%20%3B%0A%20%20var%20__TURBOPACK__imported__module__72131__13%20%3D%20__TURBOPACK__imported__module__72131__%3B%0A%20%20%22use%20client%22%3B%0A%20%20%3B%0A%20%20const%20LazyContext%20%3D%20%280%2C%20__TURBOPACK__imported__module__72131__13%5B%22createContext%22%5D%29%28%7B%0A%20%20strict%3A%20false%0A%20%20%7D%29%3B%0A%20%20%3B%0A%20%20var%20__TURBOPACK__imported__module__72131__14%20%3D%20__TURBOPACK__imported__module__72131__%3B%0A%20%20%22use%20client%22%3B%0A%20%20%3B%0A%20%20%2F%2A%2A%0A%20%20%20%2A%20%40public%0A%20%20%20%2A%2F%20const%20MotionConfigContext%20%3D%20%280%2C%20__TURBOPACK__imported__module__72131__14%5B%22createContext%22%5D%29%28%7B%0A%20%20transformPagePoint%3A%20%28p%29%3D%3Ep%2C%0A%20%20isStatic%3A%20false%2C%0A%20%20reducedMotion%3A%20%22never%22%0A%20%20%7D%29%3B%0A%20%20%3B%0A%20%20var%20__TURBOPACK__imported__module__72131__15%20%3D%20__TURBOPACK__imported__module__72131__%3B%0A%20%20%22use%20client%22%3B%0A%20%20%3B%0A%20%20const%20MotionContext%20%3D%20%2F%2A%20%40__PURE__%20%2A%2F%20%280%2C%20__TURBOPACK__imported__module__72131__15%5B%22createContext%22%5D%29%28%7B%7D%29%3B%0A%20%20%3B%0A%20%20var%20__TURBOPACK__imported__module__72131__16%20%3D%20__TURBOPACK__imported__module__72131__%3B%0A%20%20%3B%0A%20%20function%20getCurrentTreeVariants%28props%2C%20context%29%20%7B%0A%20%20if%20%28isControllingVariants%28props%29%29%20%7B%0A%20%20const%20%7B%20initial%2C%20animate%20%7D%20%3D%20props%3B%0A%20%20return%20%7B%0A%20%20initial%3A%20initial%20%3D%3D%3D%20false%20%7C%7C%20isVariantLabel%28initial%29%20%3F%20initial%20%3A%20undefined%2C%0A%20%20animate%3A%20isVariantLabel%28animate%29%20%3F%20animate%20%3A%20undefined%0A%20%20%7D%3B%0A%20%20%7D%0A%20%20return%20props.inherit%20%21%3D%3D%20false%20%3F%20context%20%3A%20%7B%7D%3B%0A%20%20%7D%0A%20%20%3B%0A%20%20%22use%20client%22%3B%0A%20%20%3B%0A%20%20%3B%0A%20%20%3B%0A%20%20function%20useCreateMotionContext%28props%29%20%7B%0A%20%20const%20%7B%20initial%2C%20animate%20%7D%20%3D%20getCurrentTreeVariants%28props%2C%20%280%2C%20__TURBOPACK__imported__module__72131__16%5B%22useContext%22%5D%29%28MotionContext%29%29%3B%0A%20%20return%20%280%2C%20__TURBOPACK__imported__module__72131__16%5B%22useMemo%22%5D%29%28%28%29%3D%3E%28%7B%0A%20%20initial%2C%0A%20%20animate%0A%20%20%7D%29%2C%20%5B%0A%20%20variantLabelsAsDependency%28initial%29%2C%0A%20%20variantLabelsAsDependency%28animate%29%0A%20%20%5D%29%3B%0A%20%20%7D%0A%20%20function%20variantLabelsAsDependency%28prop%29%20%7B%0A%20%20return%20Array.isArray%28prop%29%20%3F%20prop.join%28%22%20%22%29%20%3A%20prop%3B%0A%20%20%7D%0A%20%20%3B%0A%20%20var%20__TURBOPACK__imported__module__72131__17%20%3D%20__TURBOPACK__imported__module__72131__%3B%0A%20%20var%20__TURBOPACK__imported__module__72131__18%20%3D%20__TURBOPACK__imported__module__72131__%3B%0A%20%20const%20createHtmlRenderState%20%3D%20%28%29%3D%3E%28%7B%0A%20%20style%3A%20%7B%7D%2C%0A%20%20transform%3A%20%7B%7D%2C%0A%20%20transformOrigin%3A%20%7B%7D%2C%0A%20%20vars%3A%20%7B%7D%0A%20%20%7D%29%3B%0A%20%20%3B%0A%20%20%22use%20client%22%3B%0A%20%20%3B%0A%20%20%3B%0A%20%20%3B%0A%20%20function%20copyRawValuesOnly%28target%2C%20source%2C%20props%29%20%7B%0A%20%20for%28const%20key%20in%20source%29%7B%0A%20%20if%20%28%21isMotionValue%28source%5Bkey%5D%29%20%26%26%20%21isForcedMotionValue%28key%2C%20props%29%29%20%7B%0A%20%20target%5Bkey%5D%20%3D%20source%5Bkey%5D%3B%0A%20%20%7D%0A%20%20%7D%0A%20%20%7D%0A%20%20function%20useInitialMotionValues%28%7B%20transformTemplate%20%7D%2C%20visualState%29%20%7B%0A%20%20return%20%280%2C%20__TURBOPACK__imported__module__72131__18%5B%22useMemo%22%5D%29%28%28%29%3D%3E%7B%0A%20%20const%20state%20%3D%20createHtmlRenderState%28%29%3B%0A%20%20buildHTMLStyles%28state%2C%20visualState%2C%20transformTemplate%29%3B%0A%20%20return%20Object.assign%28%7B%7D%2C%20state.vars%2C%20state.style%29%3B%0A%20%20%7D%2C%20%5B%0A%20%20visualState%0A%20%20%5D%29%3B%0A%20%20%7D%0A%20%20function%20useStyle%28props%2C%20visualState%29%20%7B%0A%20%20const%20styleProp%20%3D%20props.style%20%7C%7C%20%7B%7D%3B%0A%20%20const%20style%20%3D%20%7B%7D%3B%0A%20%20%2F%2A%2A%0A%20%20%20%20%20%20%20%2A%20Copy%20non-Motion%20Values%20straight%20into%20style%0A%20%20%20%20%20%20%20%2A%2F%20copyRawValuesOnly%28style%2C%20styleProp%2C%20props%29%3B%0A%20%20Object.assign%28style%2C%20useInitialMotionValues%28props%2C%20visualState%29%29%3B%0A%20%20return%20style%3B%0A%20%20%7D%0A%20%20function%20useHTMLProps%28props%2C%20visualState%29%20%7B%0A%20%20%2F%2F%20The%20%60any%60%20isn%27t%20ideal%20but%20it%20is%20the%20type%20of%20createElement%20props%20argument%0A%20%20const%20htmlProps%20%3D%20%7B%7D%3B%0A%20%20const%20style%20%3D%20useStyle%28props%2C%20visualState%29%3B%0A%20%20if%20%28props.drag%20%26%26%20props.dragListener%20%21%3D%3D%20false%29%20%7B%0A%20%20%2F%2F%20Disable%20the%20ghost%20element%20when%20a%20user%20drags%0A%20%20htmlProps.draggable%20%3D%20false%3B%0A%20%20%2F%2F%20Disable%20text%20selection%0A%20%20style.userSelect%20%3D%20style.WebkitUserSelect%20%3D%20style.WebkitTouchCallout%20%3D%20%22none%22%3B%0A%20%20%2F%2F%20Disable%20scrolling%20on%20the%20draggable%20direction%0A%20%20style.touchAction%20%3D%20props.drag%20%3D%3D%3D%20true%20%3F%20%22none%22%20%3A%20%60pan-%24%7Bprops.drag%20%3D%3D%3D%20%22x%22%20%3F%20%22y%22%20%3A%20%22x%22%7D%60%3B%0A%20%20%7D%0A%20%20if%20%28props.tabIndex%20%3D%3D%3D%20undefined%20%26%26%20%28props.onTap%20%7C%7C%20props.onTapStart%20%7C%7C%20props.whileTap%29%29%20%7B%0A%20%20htmlProps.tabIndex%20%3D%200%3B%0A%20%20%7D%0A%20%20htmlProps.style%20%3D%20style%3B%0A%20%20return%20htmlProps%3B%0A%20%20%7D%0A%20%20%3B%0A%20%20var%20__TURBOPACK__imported__module__72131__19%20%3D%20__TURBOPACK__imported__module__72131__%3B%0A%20%20%3B%0A%20%20const%20createSvgRenderState%20%3D%20%28%29%3D%3E%28%7B%0A%20%20...createHtmlRenderState%28%29%2C%0A%20%20attrs%3A%20%7B%7D%0A%20%20%7D%29%3B%0A%20%20%3B%0A%20%20%22use%20client%22%3B%0A%20%20%3B%0A%20%20%3B%0A%20%20%3B%0A%20%20%3B%0A%20%20function%20useSVGProps%28props%2C%20visualState%2C%20_isStatic%2C%20Component%29%20%7B%0A%20%20const%20visualProps%20%3D%20%280%2C%20__TURBOPACK__imported__module__72131__19%5B%22useMemo%22%5D%29%28%28%29%3D%3E%7B%0A%20%20const%20state%20%3D%20createSvgRenderState%28%29%3B%0A%20%20buildSVGAttrs%28state%2C%20visualState%2C%20isSVGTag%28Component%29%2C%20props.transformTemplate%2C%20props.style%29%3B%0A%20%20return%20%7B%0A%20%20...state.attrs%2C%0A%20%20style%3A%20%7B%0A%20%20...state.style%0A%20%20%7D%0A%20%20%7D%3B%0A%20%20%7D%2C%20%5B%0A%20%20visualState%0A%20%20%5D%29%3B%0A%20%20if%20%28props.style%29%20%7B%0A%20%20const%20rawStyles%20%3D%20%7B%7D%3B%0A%20%20copyRawValuesOnly%28rawStyles%2C%20props.style%2C%20props%29%3B%0A%20%20visualProps.style%20%3D%20%7B%0A%20%20...rawStyles%2C%0A%20%20...visualProps.style%0A%20%20%7D%3B%0A%20%20%7D%0A%20%20return%20visualProps%3B%0A%20%20%7D%0A%20%20%3B%0A%20%20%2F%2A%2A%0A%20%20%20%2A%20A%20list%20of%20all%20valid%20MotionProps.%0A%20%20%20%2A%0A%20%20%20%2A%20%40privateRemarks%0A%20%20%20%2A%20This%20doesn%27t%20throw%20if%20a%20%60MotionProp%60%20name%20is%20missing%20-%20it%20should.%0A%20%20%20%2A%2F%20const%20validMotionProps%20%3D%20new%20Set%28%5B%0A%20%20%22animate%22%2C%0A%20%20%22exit%22%2C%0A%20%20%22variants%22%2C%0A%20%20%22initial%22%2C%0A%20%20%22style%22%2C%0A%20%20%22values%22%2C%0A%20%20%22variants%22%2C%0A%20%20%22transition%22%2C%0A%20%20%22transformTemplate%22%2C%0A%20%20%22custom%22%2C%0A%20%20%22inherit%22%2C%0A%20%20%22onBeforeLayoutMeasure%22%2C%0A%20%20%22onAnimationStart%22%2C%0A%20%20%22onAnimationComplete%22%2C%0A%20%20%22onUpdate%22%2C%0A%20%20%22onDragStart%22%2C%0A%20%20%22onDrag%22%2C%0A%20%20%22onDragEnd%22%2C%0A%20%20%22onMeasureDragConstraints%22%2C%0A%20%20%22onDirectionLock%22%2C%0A%20%20%22onDragTransitionEnd%22%2C%0A%20%20%22_dragX%22%2C%0A%20%20%22_dragY%22%2C%0A%20%20%22onHoverStart%22%2C%0A%20%20%22onHoverEnd%22%2C%0A%20%20%22onViewportEnter%22%2C%0A%20%20%22onViewportLeave%22%2C%0A%20%20%22globalTapTarget%22%2C%0A%20%20%22propagate%22%2C%0A%20%20%22ignoreStrict%22%2C%0A%20%20%22viewport%22%0A%20%20%5D%29%3B%0A%20%20%2F%2A%2A%0A%20%20%20%2A%20Check%20whether%20a%20prop%20name%20is%20a%20valid%20%60MotionProp%60%20key.%0A%20%20%20%2A%0A%20%20%20%2A%20%40param%20key%20-%20Name%20of%20the%20property%20to%20check%0A%20%20%20%2A%20%40returns%20%60true%60%20is%20key%20is%20a%20valid%20%60MotionProp%60.%0A%20%20%20%2A%0A%20%20%20%2A%20%40public%0A%20%20%20%2A%2F%20function%20isValidMotionProp%28key%29%20%7B%0A%20%20return%20key.startsWith%28%22while%22%29%20%7C%7C%20key.startsWith%28%22drag%22%29%20%26%26%20key%20%21%3D%3D%20%22draggable%22%20%7C%7C%20key.startsWith%28%22layout%22%29%20%7C%7C%20key.startsWith%28%22onTap%22%29%20%7C%7C%20key.startsWith%28%22onPan%22%29%20%7C%7C%20key.startsWith%28%22onLayout%22%29%20%7C%7C%20validMotionProps.has%28key%29%3B%0A%20%20%7D%0A%20%20%3B%0A%20%20%3B%0A%20%20%3B%0A%20%20let%20shouldForward%20%3D%20%28key%29%3D%3E%21isValidMotionProp%28key%29%3B%0A%20%20function%20loadExternalIsValidProp%28isValidProp%29%20%7B%0A%20%20if%20%28typeof%20isValidProp%20%21%3D%3D%20%22function%22%29%20return%3B%0A%20%20%2F%2F%20Explicitly%20filter%20our%20events%0A%20%20shouldForward%20%3D%20%28key%29%3D%3Ekey.startsWith%28%22on%22%29%20%3F%20%21isValidMotionProp%28key%29%20%3A%20isValidProp%28key%29%3B%0A%20%20%7D%0A%20%20%2F%2A%2A%0A%20%20%20%2A%20Emotion%20and%20Styled%20Components%20both%20allow%20users%20to%20pass%20through%20arbitrary%20props%20to%20their%20components%0A%20%20%20%2A%20to%20dynamically%20generate%20CSS.%20They%20both%20use%20the%20%60%40emotion%2Fis-prop-valid%60%20package%20to%20determine%20which%0A%20%20%20%2A%20of%20these%20should%20be%20passed%20to%20the%20underlying%20DOM%20node.%0A%20%20%20%2A%0A%20%20%20%2A%20However%2C%20when%20styling%20a%20Motion%20component%20%60styled%28motion.div%29%60%2C%20both%20packages%20pass%20through%20%2Aall%2A%20props%0A%20%20%20%2A%20as%20it%27s%20seen%20as%20an%20arbitrary%20component%20rather%20than%20a%20DOM%20node.%20Motion%20only%20allows%20arbitrary%20props%0A%20%20%20%2A%20passed%20through%20the%20%60custom%60%20prop%20so%20it%20doesn%27t%20%2Aneed%2A%20the%20payload%20or%20computational%20overhead%20of%0A%20%20%20%2A%20%60%40emotion%2Fis-prop-valid%60%2C%20however%20to%20fix%20this%20problem%20we%20need%20to%20use%20it.%0A%20%20%20%2A%0A%20%20%20%2A%20By%20making%20it%20an%20optionalDependency%20we%20can%20offer%20this%20functionality%20only%20in%20the%20situations%20where%20it%27s%0A%20%20%20%2A%20actually%20required.%0A%20%20%20%2A%2F%20try%20%7B%0A%20%20%2F%2A%2A%0A%20%20%20%20%20%20%20%2A%20We%20attempt%20to%20import%20this%20package%20but%20require%20won%27t%20be%20defined%20in%20esm%20environments%2C%20in%20that%20case%0A%20%20%20%20%20%20%20%2A%20isPropValid%20will%20have%20to%20be%20provided%20via%20%60MotionContext%60.%20In%20a%206.0.0%20this%20should%20probably%20be%20removed%0A%20%20%20%20%20%20%20%2A%20in%20favour%20of%20explicit%20injection.%0A%20%20%20%20%20%20%20%2A%0A%20%20%20%20%20%20%20%2A%20String%20concatenation%20prevents%20bundlers%20like%20webpack%20%28e.g.%20Storybook%29%0A%20%20%20%20%20%20%20%2A%20from%20statically%20resolving%20this%20optional%20dependency%20at%20build%20time.%0A%20%20%20%20%20%20%20%2A%2F%20const%20emotionPkg%20%3D%20%22%40emotion%2Fis-prop-%22%20%2B%20%22valid%22%3B%0A%20%20loadExternalIsValidProp%28%28%28%29%3D%3E%7B%0A%20%20const%20e%20%3D%20new%20Error%28%22Cannot%20find%20module%20%27%40emotion%2Fis-prop-valid%27%22%29%3B%0A%20%20e.code%20%3D%20%27MODULE_NOT_FOUND%27%3B%0A%20%20throw%20e%3B%0A%20%20%7D%29%28%29.default%29%3B%0A%20%20%7D%20catch%20%20%7B%0A%20%20%2F%2F%20We%20don%27t%20need%20to%20actually%20do%20anything%20here%20-%20the%20fallback%20is%20the%20existing%20%60isPropValid%60.%0A%20%20%7D%0A%20%20function%20filterProps%28props%2C%20isDom%2C%20forwardMotionProps%29%20%7B%0A%20%20const%20filteredProps%20%3D%20%7B%7D%3B%0A%20%20for%28const%20key%20in%20props%29%7B%0A%20%20%2F%2A%2A%0A%20%20%20%20%20%20%20%20%20%20%20%2A%20values%20is%20considered%20a%20valid%20prop%20by%20Emotion%2C%20so%20if%20it%27s%20present%0A%20%20%20%20%20%20%20%20%20%20%20%2A%20this%20will%20be%20rendered%20out%20to%20the%20DOM%20unless%20explicitly%20filtered.%0A%20%20%20%20%20%20%20%20%20%20%20%2A%0A%20%20%20%20%20%20%20%20%20%20%20%2A%20We%20check%20the%20type%20as%20it%20could%20be%20used%20with%20the%20%60feColorMatrix%60%0A%20%20%20%20%20%20%20%20%20%20%20%2A%20element%2C%20which%20we%20support.%0A%20%20%20%20%20%20%20%20%20%20%20%2A%2F%20if%20%28key%20%3D%3D%3D%20%22values%22%20%26%26%20typeof%20props.values%20%3D%3D%3D%20%22object%22%29%20continue%3B%0A%20%20if%20%28isMotionValue%28props%5Bkey%5D%29%29%20continue%3B%0A%20%20if%20%28shouldForward%28key%29%20%7C%7C%20forwardMotionProps%20%3D%3D%3D%20true%20%26%26%20isValidMotionProp%28key%29%20%7C%7C%20%21isDom%20%26%26%20%21isValidMotionProp%28key%29%20%7C%7C%20props%5B%22draggable%22%5D%20%26%26%20key.startsWith%28%22onDrag%22%29%29%20%7B%0A%20%20filteredProps%5Bkey%5D%20%3D%20props%5Bkey%5D%3B%0A%20%20%7D%0A%20%20%7D%0A%20%20return%20filteredProps%3B%0A%20%20%7D%0A%20%20%3B%0A%20%20%22use%20client%22%3B%0A%20%20%3B%0A%20%20%3B%0A%20%20%3B%0A%20%20%3B%0A%20%20%3B%0A%20%20%3B%0A%20%20function%20useRender%28Component%2C%20props%2C%20ref%2C%20%7B%20latestValues%20%7D%2C%20isStatic%2C%20forwardMotionProps%20%3D%20false%2C%20isSVG%29%20%7B%0A%20%20const%20useVisualProps%20%3D%20isSVG%20%3F%3F%20isSVGComponent%28Component%29%20%3F%20useSVGProps%20%3A%20useHTMLProps%3B%0A%20%20const%20visualProps%20%3D%20useVisualProps%28props%2C%20latestValues%2C%20isStatic%2C%20Component%29%3B%0A%20%20const%20filteredProps%20%3D%20filterProps%28props%2C%20typeof%20Component%20%3D%3D%3D%20%22string%22%2C%20forwardMotionProps%29%3B%0A%20%20const%20elementProps%20%3D%20Component%20%21%3D%3D%20__TURBOPACK__imported__module__72131__17%5B%22Fragment%22%5D%20%3F%20%7B%0A%20%20...filteredProps%2C%0A%20%20...visualProps%2C%0A%20%20ref%0A%20%20%7D%20%3A%20%7B%7D%3B%0A%20%20%2F%2A%2A%0A%20%20%20%20%20%20%20%2A%20If%20component%20has%20been%20handed%20a%20motion%20value%20as%20its%20child%2C%0A%20%20%20%20%20%20%20%2A%20memoise%20its%20initial%20value%20and%20render%20that.%20Subsequent%20updates%0A%20%20%20%20%20%20%20%2A%20will%20be%20handled%20by%20the%20onChange%20handler%0A%20%20%20%20%20%20%20%2A%2F%20const%20%7B%20children%20%7D%20%3D%20props%3B%0A%20%20const%20renderedChildren%20%3D%20%280%2C%20__TURBOPACK__imported__module__72131__17%5B%22useMemo%22%5D%29%28%28%29%3D%3EisMotionValue%28children%29%20%3F%20children.get%28%29%20%3A%20children%2C%20%5B%0A%20%20children%0A%20%20%5D%29%3B%0A%20%20return%20%280%2C%20__TURBOPACK__imported__module__72131__17%5B%22createElement%22%5D%29%28Component%2C%20%7B%0A%20%20...elementProps%2C%0A%20%20children%3A%20renderedChildren%0A%20%20%7D%29%3B%0A%20%20%7D%0A%20%20%3B%0A%20%20%3B%0A%20%20%2F%2A%2A%0A%20%20%20%2A%20If%20the%20provided%20value%20is%20a%20MotionValue%2C%20this%20returns%20the%20actual%20value%2C%20otherwise%20just%20the%20value%20itself%0A%20%20%20%2A%2F%20function%20resolveMotionValue%28value%29%20%7B%0A%20%20return%20isMotionValue%28value%29%20%3F%20value.get%28%29%20%3A%20value%3B%0A%20%20%7D%0A%20%20%3B%0A%20%20var%20__TURBOPACK__imported__module__72131__20%20%3D%20__TURBOPACK__imported__module__72131__%3B%0A%20%20var%20__TURBOPACK__imported__module__72131__21%20%3D%20__TURBOPACK__imported__module__72131__%3B%0A%20%20%22use%20client%22%3B%0A%20%20%3B%0A%20%20%2F%2A%2A%0A%20%20%20%2A%20%40public%0A%20%20%20%2A%2F%20const%20PresenceContext%20%3D%20%2F%2A%20%40__PURE__%20%2A%2F%20%280%2C%20__TURBOPACK__imported__module__72131__21%5B%22createContext%22%5D%29%28null%29%3B%0A%20%20%3B%0A%20%20var%20__TURBOPACK__imported__module__72131__22%20%3D%20__TURBOPACK__imported__module__72131__%3B%0A%20%20%22use%20client%22%3B%0A%20%20%3B%0A%20%20%2F%2A%2A%0A%20%20%20%2A%20Creates%20a%20constant%20value%20over%20the%20lifecycle%20of%20a%20component.%0A%20%20%20%2A%0A%20%20%20%2A%20Even%20if%20%60useMemo%60%20is%20provided%20an%20empty%20array%20as%20its%20final%20argument%2C%20it%20doesn%27t%20offer%0A%20%20%20%2A%20a%20guarantee%20that%20it%20won%27t%20re-run%20for%20performance%20reasons%20later%20on.%20By%20using%20%60useConstant%60%0A%20%20%20%2A%20you%20can%20ensure%20that%20initialisers%20don%27t%20execute%20twice%20or%20more.%0A%20%20%20%2A%2F%20function%20useConstant%28init%29%20%7B%0A%20%20const%20ref%20%3D%20%280%2C%20__TURBOPACK__imported__module__72131__22%5B%22useRef%22%5D%29%28null%29%3B%0A%20%20if%20%28ref.current%20%3D%3D%3D%20null%29%20%7B%0A%20%20ref.current%20%3D%20init%28%29%3B%0A%20%20%7D%0A%20%20return%20ref.current%3B%0A%20%20%7D%0A%20%20%3B%0A%20%20%22use%20client%22%3B%0A%20%20%3B%0A%20%20%3B%0A%20%20%3B%0A%20%20%3B%0A%20%20%3B%0A%20%20function%20makeState%28%7B%20scrapeMotionValuesFromProps%2C%20createRenderState%20%7D%2C%20props%2C%20context%2C%20presenceContext%29%20%7B%0A%20%20const%20state%20%3D%20%7B%0A%20%20latestValues%3A%20makeLatestValues%28props%2C%20context%2C%20presenceContext%2C%20scrapeMotionValuesFromProps%29%2C%0A%20%20renderState%3A%20createRenderState%28%29%0A%20%20%7D%3B%0A%20%20return%20state%3B%0A%20%20%7D%0A%20%20function%20makeLatestValues%28props%2C%20context%2C%20presenceContext%2C%20scrapeMotionValues%29%20%7B%0A%20%20const%20values%20%3D%20%7B%7D%3B%0A%20%20const%20motionValues%20%3D%20scrapeMotionValues%28props%2C%20%7B%7D%29%3B%0A%20%20for%28const%20key%20in%20motionValues%29%7B%0A%20%20values%5Bkey%5D%20%3D%20resolveMotionValue%28motionValues%5Bkey%5D%29%3B%0A%20%20%7D%0A%20%20let%20%7B%20initial%2C%20animate%20%7D%20%3D%20props%3B%0A%20%20const%20isControllingVariants%241%20%3D%20isControllingVariants%28props%29%3B%0A%20%20const%20isVariantNode%241%20%3D%20isVariantNode%28props%29%3B%0A%20%20if%20%28context%20%26%26%20isVariantNode%241%20%26%26%20%21isControllingVariants%241%20%26%26%20props.inherit%20%21%3D%3D%20false%29%20%7B%0A%20%20if%20%28initial%20%3D%3D%3D%20undefined%29%20initial%20%3D%20context.initial%3B%0A%20%20if%20%28animate%20%3D%3D%3D%20undefined%29%20animate%20%3D%20context.animate%3B%0A%20%20%7D%0A%20%20let%20isInitialAnimationBlocked%20%3D%20presenceContext%20%3F%20presenceContext.initial%20%3D%3D%3D%20false%20%3A%20false%3B%0A%20%20isInitialAnimationBlocked%20%3D%20isInitialAnimationBlocked%20%7C%7C%20initial%20%3D%3D%3D%20false%3B%0A%20%20const%20variantToSet%20%3D%20isInitialAnimationBlocked%20%3F%20animate%20%3A%20initial%3B%0A%20%20if%20%28variantToSet%20%26%26%20typeof%20variantToSet%20%21%3D%3D%20%22boolean%22%20%26%26%20%21isAnimationControls%28variantToSet%29%29%20%7B%0A%20%20const%20list%20%3D%20Array.isArray%28variantToSet%29%20%3F%20variantToSet%20%3A%20%5B%0A%20%20variantToSet%0A%20%20%5D%3B%0A%20%20for%28let%20i%20%3D%200%3B%20i%20%3C%20list.length%3B%20i%2B%2B%29%7B%0A%20%20const%20resolved%20%3D%20resolveVariantFromProps%28props%2C%20list%5Bi%5D%29%3B%0A%20%20if%20%28resolved%29%20%7B%0A%20%20const%20%7B%20transitionEnd%2C%20transition%2C%20...target%20%7D%20%3D%20resolved%3B%0A%20%20for%28const%20key%20in%20target%29%7B%0A%20%20let%20valueTarget%20%3D%20target%5Bkey%5D%3B%0A%20%20if%20%28Array.isArray%28valueTarget%29%29%20%7B%0A%20%20%2F%2A%2A%0A%20%20%20%20%20%20%20%20%20%20%20%20%20%20%20%20%20%20%20%20%20%20%20%20%20%20%20%2A%20Take%20final%20keyframe%20if%20the%20initial%20animation%20is%20blocked%20because%0A%20%20%20%20%20%20%20%20%20%20%20%20%20%20%20%20%20%20%20%20%20%20%20%20%20%20%20%2A%20we%20want%20to%20initialise%20at%20the%20end%20of%20that%20blocked%20animation.%0A%20%20%20%20%20%20%20%20%20%20%20%20%20%20%20%20%20%20%20%20%20%20%20%20%20%20%20%2A%2F%20const%20index%20%3D%20isInitialAnimationBlocked%20%3F%20valueTarget.length%20-%201%20%3A%200%3B%0A%20%20valueTarget%20%3D%20valueTarget%5Bindex%5D%3B%0A%20%20%7D%0A%20%20if%20%28valueTarget%20%21%3D%3D%20null%29%20%7B%0A%20%20values%5Bkey%5D%20%3D%20valueTarget%3B%0A%20%20%7D%0A%20%20%7D%0A%20%20for%28const%20key%20in%20transitionEnd%29%7B%0A%20%20values%5Bkey%5D%20%3D%20transitionEnd%5Bkey%5D%3B%0A%20%20%7D%0A%20%20%7D%0A%20%20%7D%0A%20%20%7D%0A%20%20return%20values%3B%0A%20%20%7D%0A%20%20const%20makeUseVisualState%20%3D%20%28config%29%3D%3E%28props%2C%20isStatic%29%3D%3E%7B%0A%20%20const%20context%20%3D%20%280%2C%20__TURBOPACK__imported__module__72131__20%5B%22useContext%22%5D%29%28MotionContext%29%3B%0A%20%20const%20presenceContext%20%3D%20%280%2C%20__TURBOPACK__imported__module__72131__20%5B%22useContext%22%5D%29%28PresenceContext%29%3B%0A%20%20const%20make%20%3D%20%28%29%3D%3EmakeState%28config%2C%20props%2C%20context%2C%20presenceContext%29%3B%0A%20%20return%20isStatic%20%3F%20make%28%29%20%3A%20useConstant%28make%29%3B%0A%20%20%7D%3B%0A%20%20%3B%0A%20%20%22use%20client%22%3B%0A%20%20%3B%0A%20%20%3B%0A%20%20%3B%0A%20%20const%20useHTMLVisualState%20%3D%20%2F%2A%40__PURE__%2A%2F%20makeUseVisualState%28%7B%0A%20%20scrapeMotionValuesFromProps%3A%20scrapeMotionValuesFromProps%2C%0A%20%20createRenderState%3A%20createHtmlRenderState%0A%20%20%7D%29%3B%0A%20%20%3B%0A%20%20%22use%20client%22%3B%0A%20%20%3B%0A%20%20%3B%0A%20%20%3B%0A%20%20const%20useSVGVisualState%20%3D%20%2F%2A%40__PURE__%2A%2F%20makeUseVisualState%28%7B%0A%20%20scrapeMotionValuesFromProps%3A%20scrapeMotionValuesFromProps1%2C%0A%20%20createRenderState%3A%20createSvgRenderState%0A%20%20%7D%29%3B%0A%20%20%3B%0A%20%20%3B%0A%20%20const%20featureProps%20%3D%20%7B%0A%20%20animation%3A%20%5B%0A%20%20%22animate%22%2C%0A%20%20%22variants%22%2C%0A%20%20%22whileHover%22%2C%0A%20%20%22whileTap%22%2C%0A%20%20%22exit%22%2C%0A%20%20%22whileInView%22%2C%0A%20%20%22whileFocus%22%2C%0A%20%20%22whileDrag%22%0A%20%20%5D%2C%0A%20%20exit%3A%20%5B%0A%20%20%22exit%22%0A%20%20%5D%2C%0A%20%20drag%3A%20%5B%0A%20%20%22drag%22%2C%0A%20%20%22dragControls%22%0A%20%20%5D%2C%0A%20%20focus%3A%20%5B%0A%20%20%22whileFocus%22%0A%20%20%5D%2C%0A%20%20hover%3A%20%5B%0A%20%20%22whileHover%22%2C%0A%20%20%22onHoverStart%22%2C%0A%20%20%22onHoverEnd%22%0A%20%20%5D%2C%0A%20%20tap%3A%20%5B%0A%20%20%22whileTap%22%2C%0A%20%20%22onTap%22%2C%0A%20%20%22onTapStart%22%2C%0A%20%20%22onTapCancel%22%0A%20%20%5D%2C%0A%20%20pan%3A%20%5B%0A%20%20%22onPan%22%2C%0A%20%20%22onPanStart%22%2C%0A%20%20%22onPanSessionStart%22%2C%0A%20%20%22onPanEnd%22%0A%20%20%5D%2C%0A%20%20inView%3A%20%5B%0A%20%20%22whileInView%22%2C%0A%20%20%22onViewportEnter%22%2C%0A%20%20%22onViewportLeave%22%0A%20%20%5D%2C%0A%20%20layout%3A%20%5B%0A%20%20%22layout%22%2C%0A%20%20%22layoutId%22%0A%20%20%5D%0A%20%20%7D%3B%0A%20%20let%20isInitialized%20%3D%20false%3B%0A%20%20%2F%2A%2A%0A%20%20%20%2A%20Initialize%20feature%20definitions%20with%20isEnabled%20checks.%0A%20%20%20%2A%20This%20must%20be%20called%20before%20any%20motion%20components%20are%20rendered.%0A%20%20%20%2A%2F%20function%20initFeatureDefinitions%28%29%20%7B%0A%20%20if%20%28isInitialized%29%20return%3B%0A%20%20const%20initialFeatureDefinitions%20%3D%20%7B%7D%3B%0A%20%20for%28const%20key%20in%20featureProps%29%7B%0A%20%20initialFeatureDefinitions%5Bkey%5D%20%3D%20%7B%0A%20%20isEnabled%3A%20%28props%29%3D%3EfeatureProps%5Bkey%5D.some%28%28name%29%3D%3E%21%21props%5Bname%5D%29%0A%20%20%7D%3B%0A%20%20%7D%0A%20%20setFeatureDefinitions%28initialFeatureDefinitions%29%3B%0A%20%20isInitialized%20%3D%20true%3B%0A%20%20%7D%0A%20%20%2F%2A%2A%0A%20%20%20%2A%20Get%20the%20current%20feature%20definitions%2C%20initializing%20if%20needed.%0A%20%20%20%2A%2F%20function%20getInitializedFeatureDefinitions%28%29%20%7B%0A%20%20initFeatureDefinitions%28%29%3B%0A%20%20return%20getFeatureDefinitions%28%29%3B%0A%20%20%7D%0A%20%20%3B%0A%20%20%3B%0A%20%20%3B%0A%20%20function%20loadFeatures%28features%29%20%7B%0A%20%20const%20featureDefinitions%20%3D%20getInitializedFeatureDefinitions%28%29%3B%0A%20%20for%28const%20key%20in%20features%29%7B%0A%20%20featureDefinitions%5Bkey%5D%20%3D%20%7B%0A%20%20...featureDefinitions%5Bkey%5D%2C%0A%20%20...features%5Bkey%5D%0A%20%20%7D%3B%0A%20%20%7D%0A%20%20setFeatureDefinitions%28featureDefinitions%29%3B%0A%20%20%7D%0A%20%20%3B%0A%20%20const%20motionComponentSymbol%20%3D%20Symbol.for%28%22motionComponentSymbol%22%29%3B%0A%20%20%3B%0A%20%20var%20__TURBOPACK__imported__module__72131__23%20%3D%20__TURBOPACK__imported__module__72131__%3B%0A%20%20%22use%20client%22%3B%0A%20%20%3B%0A%20%20%2F%2A%2A%0A%20%20%20%2A%20Creates%20a%20ref%20function%20that%2C%20when%20called%2C%20hydrates%20the%20provided%0A%20%20%20%2A%20external%20ref%20and%20VisualElement.%0A%20%20%20%2A%2F%20function%20useMotionRef%28visualState%2C%20visualElement%2C%20externalRef%29%20%7B%0A%20%20%2F%2A%2A%0A%20%20%20%20%20%20%20%2A%20Store%20externalRef%20in%20a%20ref%20to%20avoid%20including%20it%20in%20the%20useCallback%0A%20%20%20%20%20%20%20%2A%20dependency%20array.%20Including%20externalRef%20in%20dependencies%20causes%20issues%0A%20%20%20%20%20%20%20%2A%20with%20libraries%20like%20Radix%20UI%20that%20create%20new%20callback%20refs%20on%20each%20render%0A%20%20%20%20%20%20%20%2A%20when%20using%20asChild%20-%20this%20would%20cause%20the%20callback%20to%20be%20recreated%2C%0A%20%20%20%20%20%20%20%2A%20triggering%20element%20remounts%20and%20breaking%20AnimatePresence%20exit%20animations.%0A%20%20%20%20%20%20%20%2A%2F%20const%20externalRefContainer%20%3D%20%280%2C%20__TURBOPACK__imported__module__72131__23%5B%22useRef%22%5D%29%28externalRef%29%3B%0A%20%20%280%2C%20__TURBOPACK__imported__module__72131__23%5B%22useInsertionEffect%22%5D%29%28%28%29%3D%3E%7B%0A%20%20externalRefContainer.current%20%3D%20externalRef%3B%0A%20%20%7D%29%3B%0A%20%20%2F%2F%20Store%20cleanup%20function%20returned%20by%20callback%20refs%20%28React%2019%20feature%29%0A%20%20const%20refCleanup%20%3D%20%280%2C%20__TURBOPACK__imported__module__72131__23%5B%22useRef%22%5D%29%28null%29%3B%0A%20%20return%20%280%2C%20__TURBOPACK__imported__module__72131__23%5B%22useCallback%22%5D%29%28%28instance%29%3D%3E%7B%0A%20%20if%20%28instance%29%20%7B%0A%20%20visualState.onMount%3F.%28instance%29%3B%0A%20%20%7D%0A%20%20const%20ref%20%3D%20externalRefContainer.current%3B%0A%20%20if%20%28typeof%20ref%20%3D%3D%3D%20%22function%22%29%20%7B%0A%20%20if%20%28instance%29%20%7B%0A%20%20const%20cleanup%20%3D%20ref%28instance%29%3B%0A%20%20if%20%28typeof%20cleanup%20%3D%3D%3D%20%22function%22%29%20%7B%0A%20%20refCleanup.current%20%3D%20cleanup%3B%0A%20%20%7D%0A%20%20%7D%20else%20if%20%28refCleanup.current%29%20%7B%0A%20%20refCleanup.current%28%29%3B%0A%20%20refCleanup.current%20%3D%20null%3B%0A%20%20%7D%20else%20%7B%0A%20%20ref%28instance%29%3B%0A%20%20%7D%0A%20%20%7D%20else%20if%20%28ref%29%20%7B%0A%20%20ref.current%20%3D%20instance%3B%0A%20%20%7D%0A%20%20if%20%28visualElement%29%20%7B%0A%20%20instance%20%3F%20visualElement.mount%28instance%29%20%3A%20visualElement.unmount%28%29%3B%0A%20%20%7D%0A%20%20%7D%2C%20%5B%0A%20%20visualElement%0A%20%20%5D%29%3B%0A%20%20%7D%0A%20%20%3B%0A%20%20%22use%20client%22%3B%0A%20%20%3B%0A%20%20%3B%0A%20%20%3B%0A%20%20%3B%0A%20%20%3B%0A%20%20%3B%0A%20%20%3B%0A%20%20%3B%0A%20%20%3B%0A%20%20%3B%0A%20%20%3B%0A%20%20%3B%0A%20%20%3B%0A%20%20%3B%0A%20%20%3B%0A%20%20%3B%0A%20%20%3B%0A%20%20%2F%2A%2A%0A%20%20%20%2A%20Create%20a%20%60motion%60%20component.%0A%20%20%20%2A%0A%20%20%20%2A%20This%20function%20accepts%20a%20Component%20argument%2C%20which%20can%20be%20either%20a%20string%20%28ie%20%22div%22%0A%20%20%20%2A%20for%20%60motion.div%60%29%2C%20or%20an%20actual%20React%20component.%0A%20%20%20%2A%0A%20%20%20%2A%20Alongside%20this%20is%20a%20config%20option%20which%20provides%20a%20way%20of%20rendering%20the%20provided%0A%20%20%20%2A%20component%20%22offline%22%2C%20or%20outside%20the%20React%20render%20cycle.%0A%20%20%20%2A%2F%20function%20createMotionComponent%28Component%2C%20%7B%20forwardMotionProps%20%3D%20false%2C%20type%20%7D%20%3D%20%7B%7D%2C%20preloadedFeatures%2C%20createVisualElement%29%20%7B%0A%20%20preloadedFeatures%20%26%26%20loadFeatures%28preloadedFeatures%29%3B%0A%20%20%2F%2A%2A%0A%20%20%20%20%20%20%20%2A%20Determine%20whether%20to%20use%20SVG%20or%20HTML%20rendering%20based%20on%3A%0A%20%20%20%20%20%20%20%2A%201.%20Explicit%20%60type%60%20option%20%28highest%20priority%29%0A%20%20%20%20%20%20%20%2A%202.%20Auto-detection%20via%20%60isSVGComponent%60%0A%20%20%20%20%20%20%20%2A%2F%20const%20isSVG%20%3D%20type%20%3F%20type%20%3D%3D%3D%20%22svg%22%20%3A%20isSVGComponent%28Component%29%3B%0A%20%20const%20useVisualState%20%3D%20isSVG%20%3F%20useSVGVisualState%20%3A%20useHTMLVisualState%3B%0A%20%20function%20MotionDOMComponent%28props%2C%20externalRef%29%20%7B%0A%20%20%2F%2A%2A%0A%20%20%20%20%20%20%20%20%20%20%20%2A%20If%20we%20need%20to%20measure%20the%20element%20we%20load%20this%20functionality%20in%20a%0A%20%20%20%20%20%20%20%20%20%20%20%2A%20separate%20class%20component%20in%20order%20to%20gain%20access%20to%20getSnapshotBeforeUpdate.%0A%20%20%20%20%20%20%20%20%20%20%20%2A%2F%20let%20MeasureLayout%3B%0A%20%20const%20configAndProps%20%3D%20%7B%0A%20%20...%280%2C%20__TURBOPACK__imported__module__72131__11%5B%22useContext%22%5D%29%28MotionConfigContext%29%2C%0A%20%20...props%2C%0A%20%20layoutId%3A%20useLayoutId%28props%29%0A%20%20%7D%3B%0A%20%20const%20%7B%20isStatic%20%7D%20%3D%20configAndProps%3B%0A%20%20const%20context%20%3D%20useCreateMotionContext%28props%29%3B%0A%20%20const%20visualState%20%3D%20useVisualState%28props%2C%20isStatic%29%3B%0A%20%20if%20%28%22TURBOPACK%20compile-time%20falsy%22%2C%200%29%20%2F%2FTURBOPACK%20unreachable%0A%20%20%3B%0A%20%20%2F%2A%2A%0A%20%20%20%20%20%20%20%20%20%20%20%2A%20The%20mount%20order%20and%20hierarchy%20is%20specific%20to%20ensure%20our%20element%20ref%0A%20%20%20%20%20%20%20%20%20%20%20%2A%20is%20hydrated%20by%20the%20time%20features%20fire%20their%20effects.%0A%20%20%20%20%20%20%20%20%20%20%20%2A%2F%20return%20%280%2C%20__TURBOPACK__imported__module__87924__9%5B%22jsxs%22%5D%29%28MotionContext.Provider%2C%20%7B%0A%20%20value%3A%20context%2C%0A%20%20children%3A%20%5B%0A%20%20MeasureLayout%20%26%26%20context.visualElement%20%3F%20%280%2C%20__TURBOPACK__imported__module__87924__9%5B%22jsx%22%5D%29%28MeasureLayout%2C%20%7B%0A%20%20visualElement%3A%20context.visualElement%2C%0A%20%20...configAndProps%0A%20%20%7D%29%20%3A%20null%2C%0A%20%20useRender%28Component%2C%20props%2C%20useMotionRef%28visualState%2C%20context.visualElement%2C%20externalRef%29%2C%20visualState%2C%20isStatic%2C%20forwardMotionProps%2C%20isSVG%29%0A%20%20%5D%0A%20%20%7D%29%3B%0A%20%20%7D%0A%20%20MotionDOMComponent.displayName%20%3D%20%60motion.%24%7Btypeof%20Component%20%3D%3D%3D%20%22string%22%20%3F%20Component%20%3A%20%60create%28%24%7BComponent.displayName%20%3F%3F%20Component.name%20%3F%3F%20%22%22%7D%29%60%7D%60%3B%0A%20%20const%20ForwardRefMotionComponent%20%3D%20%280%2C%20__TURBOPACK__imported__module__72131__11%5B%22forwardRef%22%5D%29%28MotionDOMComponent%29%3B%0A%20%20ForwardRefMotionComponent%5BmotionComponentSymbol%5D%20%3D%20Component%3B%0A%20%20return%20ForwardRefMotionComponent%3B%0A%20%20%7D%0A%20%20function%20useLayoutId%28%7B%20layoutId%20%7D%29%20%7B%0A%20%20const%20layoutGroupId%20%3D%20%280%2C%20__TURBOPACK__imported__module__72131__11%5B%22useContext%22%5D%29%28LayoutGroupContext%29.id%3B%0A%20%20return%20layoutGroupId%20%26%26%20layoutId%20%21%3D%3D%20undefined%20%3F%20layoutGroupId%20%2B%20%22-%22%20%2B%20layoutId%20%3A%20layoutId%3B%0A%20%20%7D%0A%20%20function%20useStrictMode%28configAndProps%2C%20preloadedFeatures%29%20%7B%0A%20%20const%20isStrict%20%3D%20%280%2C%20__TURBOPACK__imported__module__72131__11%5B%22useContext%22%5D%29%28LazyContext%29.strict%3B%0A%20%20%2F%2A%2A%0A%20%20%20%20%20%20%20%2A%20If%20we%27re%20in%20development%20mode%2C%20check%20to%20make%20sure%20we%27re%20not%20rendering%20a%20motion%20component%0A%20%20%20%20%20%20%20%2A%20as%20a%20child%20of%20LazyMotion%2C%20as%20this%20will%20break%20the%20file-size%20benefits%20of%20using%20it.%0A%20%20%20%20%20%20%20%2A%2F%20if%20%28%22TURBOPACK%20compile-time%20falsy%22%2C%200%29%20%2F%2FTURBOPACK%20unreachable%0A%20%20%3B%0A%20%20%7D%0A%20%20function%20getProjectionFunctionality%28props%29%20%7B%0A%20%20const%20featureDefinitions%20%3D%20getInitializedFeatureDefinitions%28%29%3B%0A%20%20const%20%7B%20drag%2C%20layout%20%7D%20%3D%20featureDefinitions%3B%0A%20%20if%20%28%21drag%20%26%26%20%21layout%29%20return%20%7B%7D%3B%0A%20%20const%20combined%20%3D%20%7B%0A%20%20...drag%2C%0A%20%20...layout%0A%20%20%7D%3B%0A%20%20return%20%7B%0A%20%20MeasureLayout%3A%20drag%3F.isEnabled%28props%29%20%7C%7C%20layout%3F.isEnabled%28props%29%20%3F%20combined.MeasureLayout%20%3A%20undefined%2C%0A%20%20ProjectionNode%3A%20combined.ProjectionNode%0A%20%20%7D%3B%0A%20%20%7D%0A%20%20%3B%0A%20%20%3B%0A%20%20%3B%0A%20%20function%20createMotionProxy%28preloadedFeatures%2C%20createVisualElement%29%20%7B%0A%20%20if%20%28typeof%20Proxy%20%3D%3D%3D%20%22undefined%22%29%20%7B%0A%20%20return%20createMotionComponent%3B%0A%20%20%7D%0A%20%20%2F%2A%2A%0A%20%20%20%20%20%20%20%2A%20A%20cache%20of%20generated%20%60motion%60%20components%2C%20e.g%20%60motion.div%60%2C%20%60motion.input%60%20etc.%0A%20%20%20%20%20%20%20%2A%20Rather%20than%20generating%20them%20anew%20every%20render.%0A%20%20%20%20%20%20%20%2A%2F%20const%20componentCache%20%3D%20new%20Map%28%29%3B%0A%20%20const%20factory%20%3D%20%28Component%2C%20options%29%3D%3E%7B%0A%20%20return%20createMotionComponent%28Component%2C%20options%2C%20preloadedFeatures%2C%20createVisualElement%29%3B%0A%20%20%7D%3B%0A%20%20%2F%2A%2A%0A%20%20%20%20%20%20%20%2A%20Support%20for%20deprecated%60motion%28Component%29%60%20pattern%0A%20%20%20%20%20%20%20%2A%2F%20const%20deprecatedFactoryFunction%20%3D%20%28Component%2C%20options%29%3D%3E%7B%0A%20%20if%20%28%22TURBOPACK%20compile-time%20falsy%22%2C%200%29%20%2F%2FTURBOPACK%20unreachable%0A%20%20%3B%0A%20%20return%20factory%28Component%2C%20options%29%3B%0A%20%20%7D%3B%0A%20%20return%20new%20Proxy%28deprecatedFactoryFunction%2C%20%7B%0A%20%20%2F%2A%2A%0A%20%20%20%20%20%20%20%20%20%20%20%2A%20Called%20when%20%60motion%60%20is%20referenced%20with%20a%20prop%3A%20%60motion.div%60%2C%20%60motion.input%60%20etc.%0A%20%20%20%20%20%20%20%20%20%20%20%2A%20The%20prop%20name%20is%20passed%20through%20as%20%60key%60%20and%20we%20can%20use%20that%20to%20generate%20a%20%60motion%60%0A%20%20%20%20%20%20%20%20%20%20%20%2A%20DOM%20component%20with%20that%20name.%0A%20%20%20%20%20%20%20%20%20%20%20%2A%2F%20get%3A%20%28_target%2C%20key%29%3D%3E%7B%0A%20%20if%20%28key%20%3D%3D%3D%20%22create%22%29%20return%20factory%3B%0A%20%20%2F%2A%2A%0A%20%20%20%20%20%20%20%20%20%20%20%20%20%20%20%2A%20If%20this%20element%20doesn%27t%20exist%20in%20the%20component%20cache%2C%20create%20it%20and%20cache.%0A%20%20%20%20%20%20%20%20%20%20%20%20%20%20%20%2A%2F%20if%20%28%21componentCache.has%28key%29%29%20%7B%0A%20%20componentCache.set%28key%2C%20createMotionComponent%28key%2C%20undefined%2C%20preloadedFeatures%2C%20createVisualElement%29%29%3B%0A%20%20%7D%0A%20%20return%20componentCache.get%28key%29%3B%0A%20%20%7D%0A%20%20%7D%29%3B%0A%20%20%7D%0A%20%20%3B%0A%20%20%2F%2A%2A%0A%20%20%20%2A%20Feature%20base%20class%20for%20extending%20VisualElement%20functionality.%0A%20%20%20%2A%20Features%20are%20plugins%20that%20can%20be%20mounted%2Funmounted%20to%20add%20behavior%0A%20%20%20%2A%20like%20gestures%2C%20animations%2C%20or%20layout%20tracking.%0A%20%20%20%2A%2F%20class%20Feature%20%7B%0A%20%20constructor%28node%29%7B%0A%20%20this.isMounted%20%3D%20false%3B%0A%20%20this.node%20%3D%20node%3B%0A%20%20%7D%0A%20%20update%28%29%20%7B%7D%0A%20%20%7D%0A%20%20%3B%0A%20%20%3B%0A%20%20function%20resolveVariant%28visualElement%2C%20definition%2C%20custom%29%20%7B%0A%20%20const%20props%20%3D%20visualElement.getProps%28%29%3B%0A%20%20return%20resolveVariantFromProps%28props%2C%20definition%2C%20custom%20%21%3D%3D%20undefined%20%3F%20custom%20%3A%20props.custom%2C%20visualElement%29%3B%0A%20%20%7D%0A%20%20%3B%0A%20%20%2F%2A%2A%0A%20%20%20%2A%20If%20%60transition%60%20has%20%60inherit%3A%20true%60%2C%20shallow-merge%20it%20with%0A%20%20%20%2A%20%60parentTransition%60%20%28child%20keys%20win%29%20and%20strip%20the%20%60inherit%60%20key.%0A%20%20%20%2A%20Otherwise%20return%20%60transition%60%20unchanged.%0A%20%20%20%2A%2F%20function%20resolveTransition%28transition%2C%20parentTransition%29%20%7B%0A%20%20if%20%28transition%3F.inherit%20%26%26%20parentTransition%29%20%7B%0A%20%20const%20%7B%20inherit%3A%20_%2C%20...rest%20%7D%20%3D%20transition%3B%0A%20%20return%20%7B%0A%20%20...parentTransition%2C%0A%20%20...rest%0A%20%20%7D%3B%0A%20%20%7D%0A%20%20return%20transition%3B%0A%20%20%7D%0A%20%20%3B%0A%20%20%3B%0A%20%20function%20getValueTransition%28transition%2C%20key%29%20%7B%0A%20%20const%20valueTransition%20%3D%20transition%3F.%5Bkey%5D%20%3F%3F%20transition%3F.%5B%22default%22%5D%20%3F%3F%20transition%3B%0A%20%20if%20%28valueTransition%20%21%3D%3D%20transition%29%20%7B%0A%20%20return%20resolveTransition%28valueTransition%2C%20transition%29%3B%0A%20%20%7D%0A%20%20return%20valueTransition%3B%0A%20%20%7D%0A%20%20%3B%0A%20%20const%20isKeyframesTarget%20%3D%20%28v%29%3D%3E%7B%0A%20%20return%20Array.isArray%28v%29%3B%0A%20%20%7D%3B%0A%20%20%3B%0A%20%20%3B%0A%20%20%3B%0A%20%20%3B%0A%20%20%2F%2A%2A%0A%20%20%20%2A%20Set%20VisualElement%27s%20MotionValue%2C%20creating%20a%20new%20MotionValue%20for%20it%20if%0A%20%20%20%2A%20it%20doesn%27t%20exist.%0A%20%20%20%2A%2F%20function%20setMotionValue%28visualElement%2C%20key%2C%20value%29%20%7B%0A%20%20if%20%28visualElement.hasValue%28key%29%29%20%7B%0A%20%20visualElement.getValue%28key%29.set%28value%29%3B%0A%20%20%7D%20else%20%7B%0A%20%20visualElement.addValue%28key%2C%20motionValue%28value%29%29%3B%0A%20%20%7D%0A%20%20%7D%0A%20%20function%20resolveFinalValueInKeyframes%28v%29%20%7B%0A%20%20%2F%2F%20TODO%20maybe%20throw%20if%20v.length%20-%201%20is%20placeholder%20token%3F%0A%20%20return%20isKeyframesTarget%28v%29%20%3F%20v%5Bv.length%20-%201%5D%20%7C%7C%200%20%3A%20v%3B%0A%20%20%7D%0A%20%20function%20setTarget%28visualElement%2C%20definition%29%20%7B%0A%20%20const%20resolved%20%3D%20resolveVariant%28visualElement%2C%20definition%29%3B%0A%20%20let%20%7B%20transitionEnd%20%3D%20%7B%7D%2C%20transition%20%3D%20%7B%7D%2C%20...target%20%7D%20%3D%20resolved%20%7C%7C%20%7B%7D%3B%0A%20%20target%20%3D%20%7B%0A%20%20...target%2C%0A%20%20...transitionEnd%0A%20%20%7D%3B%0A%20%20for%28const%20key%20in%20target%29%7B%0A%20%20const%20value%20%3D%20resolveFinalValueInKeyframes%28target%5Bkey%5D%29%3B%0A%20%20setMotionValue%28visualElement%2C%20key%2C%20value%29%3B%0A%20%20%7D%0A%20%20%7D%0A%20%20%3B%0A%20%20%3B%0A%20%20function%20isWillChangeMotionValue%28value%29%20%7B%0A%20%20return%20Boolean%28isMotionValue%28value%29%20%26%26%20value.add%29%3B%0A%20%20%7D%0A%20%20%3B%0A%20%20%3B%0A%20%20%3B%0A%20%20function%20addValueToWillChange%28visualElement%2C%20key%29%20%7B%0A%20%20const%20willChange%20%3D%20visualElement.getValue%28%22willChange%22%29%3B%0A%20%20%2F%2A%2A%0A%20%20%20%20%20%20%20%2A%20It%20could%20be%20that%20a%20user%20has%20set%20willChange%20to%20a%20regular%20MotionValue%2C%0A%20%20%20%20%20%20%20%2A%20in%20which%20case%20we%20can%27t%20add%20the%20value%20to%20it.%0A%20%20%20%20%20%20%20%2A%2F%20if%20%28isWillChangeMotionValue%28willChange%29%29%20%7B%0A%20%20return%20willChange.add%28key%29%3B%0A%20%20%7D%20else%20if%20%28%21willChange%20%26%26%20MotionGlobalConfig.WillChange%29%20%7B%0A%20%20const%20newWillChange%20%3D%20new%20MotionGlobalConfig.WillChange%28%22auto%22%29%3B%0A%20%20visualElement.addValue%28%22willChange%22%2C%20newWillChange%29%3B%0A%20%20newWillChange.add%28key%29%3B%0A%20%20%7D%0A%20%20%7D%0A%20%20%3B%0A%20%20%3B%0A%20%20const%20optimizedAppearDataId%20%3D%20%22framerAppearId%22%3B%0A%20%20const%20optimizedAppearDataAttribute%20%3D%20%22data-%22%20%2B%20camelToDash%28optimizedAppearDataId%29%3B%0A%20%20%3B%0A%20%20%3B%0A%20%20function%20getOptimisedAppearId%28visualElement%29%20%7B%0A%20%20return%20visualElement.props%5BoptimizedAppearDataAttribute%5D%3B%0A%20%20%7D%0A%20%20%3B%0A%20%20%2F%2A%2A%0A%20%20%20%2A%20Pipe%0A%20%20%20%2A%20Compose%20other%20transformers%20to%20run%20linearily%0A%20%20%20%2A%20pipe%28min%2820%29%2C%20max%2840%29%29%0A%20%20%20%2A%20%40param%20%20%7B...functions%7D%20transformers%0A%20%20%20%2A%20%40return%20%7Bfunction%7D%0A%20%20%20%2A%2F%20const%20combineFunctions%20%3D%20%28a%2C%20b%29%3D%3E%28v%29%3D%3Eb%28a%28v%29%29%3B%0A%20%20const%20pipe%20%3D%20%28...transformers%29%3D%3Etransformers.reduce%28combineFunctions%29%3B%0A%20%20%3B%0A%20%20%2F%2F%20Adapted%20from%20https%3A%2F%2Fgist.github.com%2Fmjackson%2F5311256%0A%20%20function%20hueToRgb%28p%2C%20q%2C%20t%29%20%7B%0A%20%20if%20%28t%20%3C%200%29%20t%20%2B%3D%201%3B%0A%20%20if%20%28t%20%3E%201%29%20t%20-%3D%201%3B%0A%20%20if%20%28t%20%3C%201%20%2F%206%29%20return%20p%20%2B%20%28q%20-%20p%29%20%2A%206%20%2A%20t%3B%0A%20%20if%20%28t%20%3C%201%20%2F%202%29%20return%20q%3B%0A%20%20if%20%28t%20%3C%202%20%2F%203%29%20return%20p%20%2B%20%28q%20-%20p%29%20%2A%20%282%20%2F%203%20-%20t%29%20%2A%206%3B%0A%20%20return%20p%3B%0A%20%20%7D%0A%20%20function%20hslaToRgba%28%7B%20hue%2C%20saturation%2C%20lightness%2C%20alpha%20%7D%29%20%7B%0A%20%20hue%20%2F%3D%20360%3B%0A%20%20saturation%20%2F%3D%20100%3B%0A%20%20lightness%20%2F%3D%20100%3B%0A%20%20let%20red%20%3D%200%3B%0A%20%20let%20green%20%3D%200%3B%0A%20%20let%20blue%20%3D%200%3B%0A%20%20if%20%28%21saturation%29%20%7B%0A%20%20red%20%3D%20green%20%3D%20blue%20%3D%20lightness%3B%0A%20%20%7D%20else%20%7B%0A%20%20const%20q%20%3D%20lightness%20%3C%200.5%20%3F%20lightness%20%2A%20%281%20%2B%20saturation%29%20%3A%20lightness%20%2B%20saturation%20-%20lightness%20%2A%20saturation%3B%0A%20%20const%20p%20%3D%202%20%2A%20lightness%20-%20q%3B%0A%20%20red%20%3D%20hueToRgb%28p%2C%20q%2C%20hue%20%2B%201%20%2F%203%29%3B%0A%20%20green%20%3D%20hueToRgb%28p%2C%20q%2C%20hue%29%3B%0A%20%20blue%20%3D%20hueToRgb%28p%2C%20q%2C%20hue%20-%201%20%2F%203%29%3B%0A%20%20%7D%0A%20%20return%20%7B%0A%20%20red%3A%20Math.round%28red%20%2A%20255%29%2C%0A%20%20green%3A%20Math.round%28green%20%2A%20255%29%2C%0A%20%20blue%3A%20Math.round%28blue%20%2A%20255%29%2C%0A%20%20alpha%0A%20%20%7D%3B%0A%20%20%7D%0A%20%20%3B%0A%20%20function%20mixImmediate%28a%2C%20b%29%20%7B%0A%20%20return%20%28p%29%3D%3Ep%20%3E%200%20%3F%20b%20%3A%20a%3B%0A%20%20%7D%0A%20%20%3B%0A%20%20%3B%0A%20%20%3B%0A%20%20%3B%0A%20%20%3B%0A%20%20%3B%0A%20%20%3B%0A%20%20%3B%0A%20%20%2F%2F%20Linear%20color%20space%20blending%0A%20%20%2F%2F%20Explained%20https%3A%2F%2Fwww.youtube.com%2Fwatch%3Fv%3DLKnqECcg6Gw%0A%20%20%2F%2F%20Demonstrated%20http%3A%2F%2Fcodepen.io%2Fosublake%2Fpen%2FxGVVaN%0A%20%20const%20mixLinearColor%20%3D%20%28from%2C%20to%2C%20v%29%3D%3E%7B%0A%20%20const%20fromExpo%20%3D%20from%20%2A%20from%3B%0A%20%20const%20expo%20%3D%20v%20%2A%20%28to%20%2A%20to%20-%20fromExpo%29%20%2B%20fromExpo%3B%0A%20%20return%20expo%20%3C%200%20%3F%200%20%3A%20Math.sqrt%28expo%29%3B%0A%20%20%7D%3B%0A%20%20const%20colorTypes%20%3D%20%5B%0A%20%20hex%2C%0A%20%20rgba%2C%0A%20%20hsla%0A%20%20%5D%3B%0A%20%20const%20getColorType%20%3D%20%28v%29%3D%3EcolorTypes.find%28%28type%29%3D%3Etype.test%28v%29%29%3B%0A%20%20function%20asRGBA%28color%29%20%7B%0A%20%20const%20type%20%3D%20getColorType%28color%29%3B%0A%20%20warning%28Boolean%28type%29%2C%20%60%27%24%7Bcolor%7D%27%20is%20not%20an%20animatable%20color.%20Use%20the%20equivalent%20color%20code%20instead.%60%2C%20%22color-not-animatable%22%29%3B%0A%20%20if%20%28%21Boolean%28type%29%29%20return%20false%3B%0A%20%20let%20model%20%3D%20type.parse%28color%29%3B%0A%20%20if%20%28type%20%3D%3D%3D%20hsla%29%20%7B%0A%20%20%2F%2F%20TODO%20Remove%20this%20cast%20-%20needed%20since%20Motion%27s%20stricter%20typing%0A%20%20model%20%3D%20hslaToRgba%28model%29%3B%0A%20%20%7D%0A%20%20return%20model%3B%0A%20%20%7D%0A%20%20const%20mixColor%20%3D%20%28from%2C%20to%29%3D%3E%7B%0A%20%20const%20fromRGBA%20%3D%20asRGBA%28from%29%3B%0A%20%20const%20toRGBA%20%3D%20asRGBA%28to%29%3B%0A%20%20if%20%28%21fromRGBA%20%7C%7C%20%21toRGBA%29%20%7B%0A%20%20return%20mixImmediate%28from%2C%20to%29%3B%0A%20%20%7D%0A%20%20const%20blended%20%3D%20%7B%0A%20%20...fromRGBA%0A%20%20%7D%3B%0A%20%20return%20%28v%29%3D%3E%7B%0A%20%20blended.red%20%3D%20mixLinearColor%28fromRGBA.red%2C%20toRGBA.red%2C%20v%29%3B%0A%20%20blended.green%20%3D%20mixLinearColor%28fromRGBA.green%2C%20toRGBA.green%2C%20v%29%3B%0A%20%20blended.blue%20%3D%20mixLinearColor%28fromRGBA.blue%2C%20toRGBA.blue%2C%20v%29%3B%0A%20%20blended.alpha%20%3D%20mixNumber%28fromRGBA.alpha%2C%20toRGBA.alpha%2C%20v%29%3B%0A%20%20return%20rgba.transform%28blended%29%3B%0A%20%20%7D%3B%0A%20%20%7D%3B%0A%20%20%3B%0A%20%20const%20invisibleValues%20%3D%20new%20Set%28%5B%0A%20%20%22none%22%2C%0A%20%20%22hidden%22%0A%20%20%5D%29%3B%0A%20%20%2F%2A%2A%0A%20%20%20%2A%20Returns%20a%20function%20that%2C%20when%20provided%20a%20progress%20value%20between%200%20and%201%2C%0A%20%20%20%2A%20will%20return%20the%20%22none%22%20or%20%22hidden%22%20string%20only%20when%20the%20progress%20is%20that%20of%0A%20%20%20%2A%20the%20origin%20or%20target.%0A%20%20%20%2A%2F%20function%20mixVisibility%28origin%2C%20target%29%20%7B%0A%20%20if%20%28invisibleValues.has%28origin%29%29%20%7B%0A%20%20return%20%28p%29%3D%3Ep%20%3C%3D%200%20%3F%20origin%20%3A%20target%3B%0A%20%20%7D%20else%20%7B%0A%20%20return%20%28p%29%3D%3Ep%20%3E%3D%201%20%3F%20target%20%3A%20origin%3B%0A%20%20%7D%0A%20%20%7D%0A%20%20%3B%0A%20%20%3B%0A%20%20%3B%0A%20%20%3B%0A%20%20%3B%0A%20%20%3B%0A%20%20%3B%0A%20%20%3B%0A%20%20%3B%0A%20%20function%20mixNumber1%28a%2C%20b%29%20%7B%0A%20%20return%20%28p%29%3D%3EmixNumber%28a%2C%20b%2C%20p%29%3B%0A%20%20%7D%0A%20%20function%20getMixer%28a%29%20%7B%0A%20%20if%20%28typeof%20a%20%3D%3D%3D%20%22number%22%29%20%7B%0A%20%20return%20mixNumber1%3B%0A%20%20%7D%20else%20if%20%28typeof%20a%20%3D%3D%3D%20%22string%22%29%20%7B%0A%20%20return%20isCSSVariableToken%28a%29%20%3F%20mixImmediate%20%3A%20color.test%28a%29%20%3F%20mixColor%20%3A%20mixComplex%3B%0A%20%20%7D%20else%20if%20%28Array.isArray%28a%29%29%20%7B%0A%20%20return%20mixArray%3B%0A%20%20%7D%20else%20if%20%28typeof%20a%20%3D%3D%3D%20%22object%22%29%20%7B%0A%20%20return%20color.test%28a%29%20%3F%20mixColor%20%3A%20mixObject%3B%0A%20%20%7D%0A%20%20return%20mixImmediate%3B%0A%20%20%7D%0A%20%20function%20mixArray%28a%2C%20b%29%20%7B%0A%20%20const%20output%20%3D%20%5B%0A%20%20...a%0A%20%20%5D%3B%0A%20%20const%20numValues%20%3D%20output.length%3B%0A%20%20const%20blendValue%20%3D%20a.map%28%28v%2C%20i%29%3D%3EgetMixer%28v%29%28v%2C%20b%5Bi%5D%29%29%3B%0A%20%20return%20%28p%29%3D%3E%7B%0A%20%20for%28let%20i%20%3D%200%3B%20i%20%3C%20numValues%3B%20i%2B%2B%29%7B%0A%20%20output%5Bi%5D%20%3D%20blendValue%5Bi%5D%28p%29%3B%0A%20%20%7D%0A%20%20return%20output%3B%0A%20%20%7D%3B%0A%20%20%7D%0A%20%20function%20mixObject%28a%2C%20b%29%20%7B%0A%20%20const%20output%20%3D%20%7B%0A%20%20...a%2C%0A%20%20...b%0A%20%20%7D%3B%0A%20%20const%20blendValue%20%3D%20%7B%7D%3B%0A%20%20for%28const%20key%20in%20output%29%7B%0A%20%20if%20%28a%5Bkey%5D%20%21%3D%3D%20undefined%20%26%26%20b%5Bkey%5D%20%21%3D%3D%20undefined%29%20%7B%0A%20%20blendValue%5Bkey%5D%20%3D%20getMixer%28a%5Bkey%5D%29%28a%5Bkey%5D%2C%20b%5Bkey%5D%29%3B%0A%20%20%7D%0A%20%20%7D%0A%20%20return%20%28v%29%3D%3E%7B%0A%20%20for%28const%20key%20in%20blendValue%29%7B%0A%20%20output%5Bkey%5D%20%3D%20blendValue%5Bkey%5D%28v%29%3B%0A%20%20%7D%0A%20%20return%20output%3B%0A%20%20%7D%3B%0A%20%20%7D%0A%20%20function%20matchOrder%28origin%2C%20target%29%20%7B%0A%20%20const%20orderedOrigin%20%3D%20%5B%5D%3B%0A%20%20const%20pointers%20%3D%20%7B%0A%20%20color%3A%200%2C%0A%20%20var%3A%200%2C%0A%20%20number%3A%200%0A%20%20%7D%3B%0A%20%20for%28let%20i%20%3D%200%3B%20i%20%3C%20target.values.length%3B%20i%2B%2B%29%7B%0A%20%20const%20type%20%3D%20target.types%5Bi%5D%3B%0A%20%20const%20originIndex%20%3D%20origin.indexes%5Btype%5D%5Bpointers%5Btype%5D%5D%3B%0A%20%20const%20originValue%20%3D%20origin.values%5BoriginIndex%5D%20%3F%3F%200%3B%0A%20%20orderedOrigin%5Bi%5D%20%3D%20originValue%3B%0A%20%20pointers%5Btype%5D%2B%2B%3B%0A%20%20%7D%0A%20%20return%20orderedOrigin%3B%0A%20%20%7D%0A%20%20const%20mixComplex%20%3D%20%28origin%2C%20target%29%3D%3E%7B%0A%20%20const%20template%20%3D%20complex.createTransformer%28target%29%3B%0A%20%20const%20originStats%20%3D%20analyseComplexValue%28origin%29%3B%0A%20%20const%20targetStats%20%3D%20analyseComplexValue%28target%29%3B%0A%20%20const%20canInterpolate%20%3D%20originStats.indexes.var.length%20%3D%3D%3D%20targetStats.indexes.var.length%20%26%26%20originStats.indexes.color.length%20%3D%3D%3D%20targetStats.indexes.color.length%20%26%26%20originStats.indexes.number.length%20%3E%3D%20targetStats.indexes.number.length%3B%0A%20%20if%20%28canInterpolate%29%20%7B%0A%20%20if%20%28invisibleValues.has%28origin%29%20%26%26%20%21targetStats.values.length%20%7C%7C%20invisibleValues.has%28target%29%20%26%26%20%21originStats.values.length%29%20%7B%0A%20%20return%20mixVisibility%28origin%2C%20target%29%3B%0A%20%20%7D%0A%20%20return%20pipe%28mixArray%28matchOrder%28originStats%2C%20targetStats%29%2C%20targetStats.values%29%2C%20template%29%3B%0A%20%20%7D%20else%20%7B%0A%20%20warning%28true%2C%20%60Complex%20values%20%27%24%7Borigin%7D%27%20and%20%27%24%7Btarget%7D%27%20too%20different%20to%20mix.%20Ensure%20all%20colors%20are%20of%20the%20same%20type%2C%20and%20that%20each%20contains%20the%20same%20quantity%20of%20number%20and%20color%20values.%20Falling%20back%20to%20instant%20transition.%60%2C%20%22complex-values-different%22%29%3B%0A%20%20return%20mixImmediate%28origin%2C%20target%29%3B%0A%20%20%7D%0A%20%20%7D%3B%0A%20%20%3B%0A%20%20%3B%0A%20%20%3B%0A%20%20function%20mix%28from%2C%20to%2C%20p%29%20%7B%0A%20%20if%20%28typeof%20from%20%3D%3D%3D%20%22number%22%20%26%26%20typeof%20to%20%3D%3D%3D%20%22number%22%20%26%26%20typeof%20p%20%3D%3D%3D%20%22number%22%29%20%7B%0A%20%20return%20mixNumber%28from%2C%20to%2C%20p%29%3B%0A%20%20%7D%0A%20%20const%20mixer%20%3D%20getMixer%28from%29%3B%0A%20%20return%20mixer%28from%2C%20to%29%3B%0A%20%20%7D%0A%20%20%3B%0A%20%20%3B%0A%20%20%3B%0A%20%20const%20frameloopDriver%20%3D%20%28update%29%3D%3E%7B%0A%20%20const%20passTimestamp%20%3D%20%28%7B%20timestamp%20%7D%29%3D%3Eupdate%28timestamp%29%3B%0A%20%20return%20%7B%0A%20%20start%3A%20%28keepAlive%20%3D%20true%29%3D%3Eframe.update%28passTimestamp%2C%20keepAlive%29%2C%0A%20%20stop%3A%20%28%29%3D%3EcancelFrame%28passTimestamp%29%2C%0A%20%20%2F%2A%2A%0A%20%20%20%20%20%20%20%20%20%20%20%2A%20If%20we%27re%20processing%20this%20frame%20we%20can%20use%20the%0A%20%20%20%20%20%20%20%20%20%20%20%2A%20framelocked%20timestamp%20to%20keep%20things%20in%20sync.%0A%20%20%20%20%20%20%20%20%20%20%20%2A%2F%20now%3A%20%28%29%3D%3EframeData.isProcessing%20%3F%20frameData.timestamp%20%3A%20time.now%28%29%0A%20%20%7D%3B%0A%20%20%7D%3B%0A%20%20%3B%0A%20%20%2F%2A%2A%0A%20%20%20%2A%20Implement%20a%20practical%20max%20duration%20for%20keyframe%20generation%0A%20%20%20%2A%20to%20prevent%20infinite%20loops%0A%20%20%20%2A%2F%20const%20maxGeneratorDuration%20%3D%2020000%3B%0A%20%20function%20calcGeneratorDuration%28generator%29%20%7B%0A%20%20let%20duration%20%3D%200%3B%0A%20%20const%20timeStep%20%3D%2050%3B%0A%20%20let%20state%20%3D%20generator.next%28duration%29%3B%0A%20%20while%28%21state.done%20%26%26%20duration%20%3C%20maxGeneratorDuration%29%7B%0A%20%20duration%20%2B%3D%20timeStep%3B%0A%20%20state%20%3D%20generator.next%28duration%29%3B%0A%20%20%7D%0A%20%20return%20duration%20%3E%3D%20maxGeneratorDuration%20%3F%20Infinity%20%3A%20duration%3B%0A%20%20%7D%0A%20%20%3B%0A%20%20%3B%0A%20%20%3B%0A%20%20%2F%2A%2A%0A%20%20%20%2A%20Create%20a%20progress%20%3D%3E%20progress%20easing%20function%20from%20a%20generator.%0A%20%20%20%2A%2F%20function%20createGeneratorEasing%28options%2C%20scale%20%3D%20100%2C%20createGenerator%29%20%7B%0A%20%20const%20generator%20%3D%20createGenerator%28%7B%0A%20%20...options%2C%0A%20%20keyframes%3A%20%5B%0A%20%200%2C%0A%20%20scale%0A%20%20%5D%0A%20%20%7D%29%3B%0A%20%20const%20duration%20%3D%20Math.min%28calcGeneratorDuration%28generator%29%2C%20maxGeneratorDuration%29%3B%0A%20%20return%20%7B%0A%20%20type%3A%20%22keyframes%22%2C%0A%20%20ease%3A%20%28progress%29%3D%3E%7B%0A%20%20return%20generator.next%28duration%20%2A%20progress%29.value%20%2F%20scale%3B%0A%20%20%7D%2C%0A%20%20duration%3A%20millisecondsToSeconds%28duration%29%0A%20%20%7D%3B%0A%20%20%7D%0A%20%20%3B%0A%20%20%3B%0A%20%20%3B%0A%20%20%3B%0A%20%20%3B%0A%20%20const%20springDefaults%20%3D%20%7B%0A%20%20%2F%2F%20Default%20spring%20physics%0A%20%20stiffness%3A%20100%2C%0A%20%20damping%3A%2010%2C%0A%20%20mass%3A%201.0%2C%0A%20%20velocity%3A%200.0%2C%0A%20%20%2F%2F%20Default%20duration%2Fbounce-based%20options%0A%20%20duration%3A%20800%2C%0A%20%20bounce%3A%200.3%2C%0A%20%20visualDuration%3A%200.3%2C%0A%20%20%2F%2F%20Rest%20thresholds%0A%20%20restSpeed%3A%20%7B%0A%20%20granular%3A%200.01%2C%0A%20%20default%3A%202%0A%20%20%7D%2C%0A%20%20restDelta%3A%20%7B%0A%20%20granular%3A%200.005%2C%0A%20%20default%3A%200.5%0A%20%20%7D%2C%0A%20%20%2F%2F%20Limits%0A%20%20minDuration%3A%200.01%2C%0A%20%20maxDuration%3A%2010.0%2C%0A%20%20minDamping%3A%200.05%2C%0A%20%20maxDamping%3A%201%0A%20%20%7D%3B%0A%20%20function%20calcAngularFreq%28undampedFreq%2C%20dampingRatio%29%20%7B%0A%20%20return%20undampedFreq%20%2A%20Math.sqrt%281%20-%20dampingRatio%20%2A%20dampingRatio%29%3B%0A%20%20%7D%0A%20%20const%20rootIterations%20%3D%2012%3B%0A%20%20function%20approximateRoot%28envelope%2C%20derivative%2C%20initialGuess%29%20%7B%0A%20%20let%20result%20%3D%20initialGuess%3B%0A%20%20for%28let%20i%20%3D%201%3B%20i%20%3C%20rootIterations%3B%20i%2B%2B%29%7B%0A%20%20result%20%3D%20result%20-%20envelope%28result%29%20%2F%20derivative%28result%29%3B%0A%20%20%7D%0A%20%20return%20result%3B%0A%20%20%7D%0A%20%20%2F%2A%2A%0A%20%20%20%2A%20This%20is%20ported%20from%20the%20Framer%20implementation%20of%20duration-based%20spring%20resolution.%0A%20%20%20%2A%2F%20const%20safeMin%20%3D%200.001%3B%0A%20%20function%20findSpring%28%7B%20duration%20%3D%20springDefaults.duration%2C%20bounce%20%3D%20springDefaults.bounce%2C%20velocity%20%3D%20springDefaults.velocity%2C%20mass%20%3D%20springDefaults.mass%20%7D%29%20%7B%0A%20%20let%20envelope%3B%0A%20%20let%20derivative%3B%0A%20%20warning%28duration%20%3C%3D%20secondsToMilliseconds%28springDefaults.maxDuration%29%2C%20%22Spring%20duration%20must%20be%2010%20seconds%20or%20less%22%2C%20%22spring-duration-limit%22%29%3B%0A%20%20let%20dampingRatio%20%3D%201%20-%20bounce%3B%0A%20%20%2F%2A%2A%0A%20%20%20%20%20%20%20%2A%20Restrict%20dampingRatio%20and%20duration%20to%20within%20acceptable%20ranges.%0A%20%20%20%20%20%20%20%2A%2F%20dampingRatio%20%3D%20clamp%28springDefaults.minDamping%2C%20springDefaults.maxDamping%2C%20dampingRatio%29%3B%0A%20%20duration%20%3D%20clamp%28springDefaults.minDuration%2C%20springDefaults.maxDuration%2C%20millisecondsToSeconds%28duration%29%29%3B%0A%20%20if%20%28dampingRatio%20%3C%201%29%20%7B%0A%20%20%2F%2A%2A%0A%20%20%20%20%20%20%20%20%20%20%20%2A%20Underdamped%20spring%0A%20%20%20%20%20%20%20%20%20%20%20%2A%2F%20envelope%20%3D%20%28undampedFreq%29%3D%3E%7B%0A%20%20const%20exponentialDecay%20%3D%20undampedFreq%20%2A%20dampingRatio%3B%0A%20%20const%20delta%20%3D%20exponentialDecay%20%2A%20duration%3B%0A%20%20const%20a%20%3D%20exponentialDecay%20-%20velocity%3B%0A%20%20const%20b%20%3D%20calcAngularFreq%28undampedFreq%2C%20dampingRatio%29%3B%0A%20%20const%20c%20%3D%20Math.exp%28-delta%29%3B%0A%20%20return%20safeMin%20-%20a%20%2F%20b%20%2A%20c%3B%0A%20%20%7D%3B%0A%20%20derivative%20%3D%20%28undampedFreq%29%3D%3E%7B%0A%20%20const%20exponentialDecay%20%3D%20undampedFreq%20%2A%20dampingRatio%3B%0A%20%20const%20delta%20%3D%20exponentialDecay%20%2A%20duration%3B%0A%20%20const%20d%20%3D%20delta%20%2A%20velocity%20%2B%20velocity%3B%0A%20%20const%20e%20%3D%20Math.pow%28dampingRatio%2C%202%29%20%2A%20Math.pow%28undampedFreq%2C%202%29%20%2A%20duration%3B%0A%20%20const%20f%20%3D%20Math.exp%28-delta%29%3B%0A%20%20const%20g%20%3D%20calcAngularFreq%28Math.pow%28undampedFreq%2C%202%29%2C%20dampingRatio%29%3B%0A%20%20const%20factor%20%3D%20-envelope%28undampedFreq%29%20%2B%20safeMin%20%3E%200%20%3F%20-1%20%3A%201%3B%0A%20%20return%20factor%20%2A%20%28%28d%20-%20e%29%20%2A%20f%29%20%2F%20g%3B%0A%20%20%7D%3B%0A%20%20%7D%20else%20%7B%0A%20%20%2F%2A%2A%0A%20%20%20%20%20%20%20%20%20%20%20%2A%20Critically-damped%20spring%0A%20%20%20%20%20%20%20%20%20%20%20%2A%2F%20envelope%20%3D%20%28undampedFreq%29%3D%3E%7B%0A%20%20const%20a%20%3D%20Math.exp%28-undampedFreq%20%2A%20duration%29%3B%0A%20%20const%20b%20%3D%20%28undampedFreq%20-%20velocity%29%20%2A%20duration%20%2B%201%3B%0A%20%20return%20-safeMin%20%2B%20a%20%2A%20b%3B%0A%20%20%7D%3B%0A%20%20derivative%20%3D%20%28undampedFreq%29%3D%3E%7B%0A%20%20const%20a%20%3D%20Math.exp%28-undampedFreq%20%2A%20duration%29%3B%0A%20%20const%20b%20%3D%20%28velocity%20-%20undampedFreq%29%20%2A%20%28duration%20%2A%20duration%29%3B%0A%20%20return%20a%20%2A%20b%3B%0A%20%20%7D%3B%0A%20%20%7D%0A%20%20const%20initialGuess%20%3D%205%20%2F%20duration%3B%0A%20%20const%20undampedFreq%20%3D%20approximateRoot%28envelope%2C%20derivative%2C%20initialGuess%29%3B%0A%20%20duration%20%3D%20secondsToMilliseconds%28duration%29%3B%0A%20%20if%20%28isNaN%28undampedFreq%29%29%20%7B%0A%20%20return%20%7B%0A%20%20stiffness%3A%20springDefaults.stiffness%2C%0A%20%20damping%3A%20springDefaults.damping%2C%0A%20%20duration%0A%20%20%7D%3B%0A%20%20%7D%20else%20%7B%0A%20%20const%20stiffness%20%3D%20Math.pow%28undampedFreq%2C%202%29%20%2A%20mass%3B%0A%20%20return%20%7B%0A%20%20stiffness%2C%0A%20%20damping%3A%20dampingRatio%20%2A%202%20%2A%20Math.sqrt%28mass%20%2A%20stiffness%29%2C%0A%20%20duration%0A%20%20%7D%3B%0A%20%20%7D%0A%20%20%7D%0A%20%20const%20durationKeys%20%3D%20%5B%0A%20%20%22duration%22%2C%0A%20%20%22bounce%22%0A%20%20%5D%3B%0A%20%20const%20physicsKeys%20%3D%20%5B%0A%20%20%22stiffness%22%2C%0A%20%20%22damping%22%2C%0A%20%20%22mass%22%0A%20%20%5D%3B%0A%20%20function%20isSpringType%28options%2C%20keys%29%20%7B%0A%20%20return%20keys.some%28%28key%29%3D%3Eoptions%5Bkey%5D%20%21%3D%3D%20undefined%29%3B%0A%20%20%7D%0A%20%20function%20getSpringOptions%28options%29%20%7B%0A%20%20let%20springOptions%20%3D%20%7B%0A%20%20velocity%3A%20springDefaults.velocity%2C%0A%20%20stiffness%3A%20springDefaults.stiffness%2C%0A%20%20damping%3A%20springDefaults.damping%2C%0A%20%20mass%3A%20springDefaults.mass%2C%0A%20%20isResolvedFromDuration%3A%20false%2C%0A%20%20...options%0A%20%20%7D%3B%0A%20%20%2F%2F%20stiffness%2Fdamping%2Fmass%20overrides%20duration%2Fbounce%0A%20%20if%20%28%21isSpringType%28options%2C%20physicsKeys%29%20%26%26%20isSpringType%28options%2C%20durationKeys%29%29%20%7B%0A%20%20%2F%2F%20Time-defined%20springs%20should%20ignore%20inherited%20velocity.%0A%20%20%2F%2F%20Velocity%20from%20interrupted%20animations%20can%20cause%20findSpring%28%29%0A%20%20%2F%2F%20to%20compute%20wildly%20different%20spring%20parameters%2C%20leading%20to%0A%20%20%2F%2F%20massive%20oscillation%20on%20small-range%20animations.%0A%20%20springOptions.velocity%20%3D%200%3B%0A%20%20if%20%28options.visualDuration%29%20%7B%0A%20%20const%20visualDuration%20%3D%20options.visualDuration%3B%0A%20%20const%20root%20%3D%202%20%2A%20Math.PI%20%2F%20%28visualDuration%20%2A%201.2%29%3B%0A%20%20const%20stiffness%20%3D%20root%20%2A%20root%3B%0A%20%20const%20damping%20%3D%202%20%2A%20clamp%280.05%2C%201%2C%201%20-%20%28options.bounce%20%7C%7C%200%29%29%20%2A%20Math.sqrt%28stiffness%29%3B%0A%20%20springOptions%20%3D%20%7B%0A%20%20...springOptions%2C%0A%20%20mass%3A%20springDefaults.mass%2C%0A%20%20stiffness%2C%0A%20%20damping%0A%20%20%7D%3B%0A%20%20%7D%20else%20%7B%0A%20%20const%20derived%20%3D%20findSpring%28%7B%0A%20%20...options%2C%0A%20%20velocity%3A%200%0A%20%20%7D%29%3B%0A%20%20springOptions%20%3D%20%7B%0A%20%20...springOptions%2C%0A%20%20...derived%2C%0A%20%20mass%3A%20springDefaults.mass%0A%20%20%7D%3B%0A%20%20springOptions.isResolvedFromDuration%20%3D%20true%3B%0A%20%20%7D%0A%20%20%7D%0A%20%20return%20springOptions%3B%0A%20%20%7D%0A%20%20function%20spring%28optionsOrVisualDuration%20%3D%20springDefaults.visualDuration%2C%20bounce%20%3D%20springDefaults.bounce%29%20%7B%0A%20%20const%20options%20%3D%20typeof%20optionsOrVisualDuration%20%21%3D%3D%20%22object%22%20%3F%20%7B%0A%20%20visualDuration%3A%20optionsOrVisualDuration%2C%0A%20%20keyframes%3A%20%5B%0A%20%200%2C%0A%20%201%0A%20%20%5D%2C%0A%20%20bounce%0A%20%20%7D%20%3A%20optionsOrVisualDuration%3B%0A%20%20let%20%7B%20restSpeed%2C%20restDelta%20%7D%20%3D%20options%3B%0A%20%20const%20origin%20%3D%20options.keyframes%5B0%5D%3B%0A%20%20const%20target%20%3D%20options.keyframes%5Boptions.keyframes.length%20-%201%5D%3B%0A%20%20%2F%2A%2A%0A%20%20%20%20%20%20%20%2A%20This%20is%20the%20Iterator-spec%20return%20value.%20We%20ensure%20it%27s%20mutable%20rather%20than%20using%20a%20generator%0A%20%20%20%20%20%20%20%2A%20to%20reduce%20GC%20during%20animation.%0A%20%20%20%20%20%20%20%2A%2F%20const%20state%20%3D%20%7B%0A%20%20done%3A%20false%2C%0A%20%20value%3A%20origin%0A%20%20%7D%3B%0A%20%20const%20%7B%20stiffness%2C%20damping%2C%20mass%2C%20duration%2C%20velocity%2C%20isResolvedFromDuration%20%7D%20%3D%20getSpringOptions%28%7B%0A%20%20...options%2C%0A%20%20velocity%3A%20-millisecondsToSeconds%28options.velocity%20%7C%7C%200%29%0A%20%20%7D%29%3B%0A%20%20const%20initialVelocity%20%3D%20velocity%20%7C%7C%200.0%3B%0A%20%20const%20dampingRatio%20%3D%20damping%20%2F%20%282%20%2A%20Math.sqrt%28stiffness%20%2A%20mass%29%29%3B%0A%20%20const%20initialDelta%20%3D%20target%20-%20origin%3B%0A%20%20const%20undampedAngularFreq%20%3D%20millisecondsToSeconds%28Math.sqrt%28stiffness%20%2F%20mass%29%29%3B%0A%20%20%2F%2A%2A%0A%20%20%20%20%20%20%20%2A%20If%20we%27re%20working%20on%20a%20granular%20scale%2C%20use%20smaller%20defaults%20for%20determining%0A%20%20%20%20%20%20%20%2A%20when%20the%20spring%20is%20finished.%0A%20%20%20%20%20%20%20%2A%0A%20%20%20%20%20%20%20%2A%20These%20defaults%20have%20been%20selected%20emprically%20based%20on%20what%20strikes%20a%20good%0A%20%20%20%20%20%20%20%2A%20ratio%20between%20feeling%20good%20and%20finishing%20as%20soon%20as%20changes%20are%20imperceptible.%0A%20%20%20%20%20%20%20%2A%2F%20const%20isGranularScale%20%3D%20Math.abs%28initialDelta%29%20%3C%205%3B%0A%20%20restSpeed%20%7C%7C%20%28restSpeed%20%3D%20isGranularScale%20%3F%20springDefaults.restSpeed.granular%20%3A%20springDefaults.restSpeed.default%29%3B%0A%20%20restDelta%20%7C%7C%20%28restDelta%20%3D%20isGranularScale%20%3F%20springDefaults.restDelta.granular%20%3A%20springDefaults.restDelta.default%29%3B%0A%20%20let%20resolveSpring%3B%0A%20%20let%20resolveVelocity%3B%0A%20%20%2F%2F%20Underdamped%20coefficients%2C%20hoisted%20for%20use%20in%20the%20inlined%20next%28%29%20hot%20path%0A%20%20let%20angularFreq%3B%0A%20%20let%20A%3B%0A%20%20let%20sinCoeff%3B%0A%20%20let%20cosCoeff%3B%0A%20%20if%20%28dampingRatio%20%3C%201%29%20%7B%0A%20%20angularFreq%20%3D%20calcAngularFreq%28undampedAngularFreq%2C%20dampingRatio%29%3B%0A%20%20A%20%3D%20%28initialVelocity%20%2B%20dampingRatio%20%2A%20undampedAngularFreq%20%2A%20initialDelta%29%20%2F%20angularFreq%3B%0A%20%20%2F%2F%20Underdamped%20spring%0A%20%20resolveSpring%20%3D%20%28t%29%3D%3E%7B%0A%20%20const%20envelope%20%3D%20Math.exp%28-dampingRatio%20%2A%20undampedAngularFreq%20%2A%20t%29%3B%0A%20%20return%20target%20-%20envelope%20%2A%20%28A%20%2A%20Math.sin%28angularFreq%20%2A%20t%29%20%2B%20initialDelta%20%2A%20Math.cos%28angularFreq%20%2A%20t%29%29%3B%0A%20%20%7D%3B%0A%20%20%2F%2F%20Analytical%20derivative%20of%20underdamped%20spring%20%28px%2Fms%29%0A%20%20sinCoeff%20%3D%20dampingRatio%20%2A%20undampedAngularFreq%20%2A%20A%20%2B%20initialDelta%20%2A%20angularFreq%3B%0A%20%20cosCoeff%20%3D%20dampingRatio%20%2A%20undampedAngularFreq%20%2A%20initialDelta%20-%20A%20%2A%20angularFreq%3B%0A%20%20resolveVelocity%20%3D%20%28t%29%3D%3E%7B%0A%20%20const%20envelope%20%3D%20Math.exp%28-dampingRatio%20%2A%20undampedAngularFreq%20%2A%20t%29%3B%0A%20%20return%20envelope%20%2A%20%28sinCoeff%20%2A%20Math.sin%28angularFreq%20%2A%20t%29%20%2B%20cosCoeff%20%2A%20Math.cos%28angularFreq%20%2A%20t%29%29%3B%0A%20%20%7D%3B%0A%20%20%7D%20else%20if%20%28dampingRatio%20%3D%3D%3D%201%29%20%7B%0A%20%20%2F%2F%20Critically%20damped%20spring%0A%20%20resolveSpring%20%3D%20%28t%29%3D%3Etarget%20-%20Math.exp%28-undampedAngularFreq%20%2A%20t%29%20%2A%20%28initialDelta%20%2B%20%28initialVelocity%20%2B%20undampedAngularFreq%20%2A%20initialDelta%29%20%2A%20t%29%3B%0A%20%20%2F%2F%20Analytical%20derivative%20of%20critically%20damped%20spring%20%28px%2Fms%29%0A%20%20const%20C%20%3D%20initialVelocity%20%2B%20undampedAngularFreq%20%2A%20initialDelta%3B%0A%20%20resolveVelocity%20%3D%20%28t%29%3D%3EMath.exp%28-undampedAngularFreq%20%2A%20t%29%20%2A%20%28undampedAngularFreq%20%2A%20C%20%2A%20t%20-%20initialVelocity%29%3B%0A%20%20%7D%20else%20%7B%0A%20%20%2F%2F%20Overdamped%20spring%0A%20%20const%20dampedAngularFreq%20%3D%20undampedAngularFreq%20%2A%20Math.sqrt%28dampingRatio%20%2A%20dampingRatio%20-%201%29%3B%0A%20%20resolveSpring%20%3D%20%28t%29%3D%3E%7B%0A%20%20const%20envelope%20%3D%20Math.exp%28-dampingRatio%20%2A%20undampedAngularFreq%20%2A%20t%29%3B%0A%20%20%2F%2F%20When%20performing%20sinh%20or%20cosh%20values%20can%20hit%20Infinity%20so%20we%20cap%20them%20here%0A%20%20const%20freqForT%20%3D%20Math.min%28dampedAngularFreq%20%2A%20t%2C%20300%29%3B%0A%20%20return%20target%20-%20envelope%20%2A%20%28%28initialVelocity%20%2B%20dampingRatio%20%2A%20undampedAngularFreq%20%2A%20initialDelta%29%20%2A%20Math.sinh%28freqForT%29%20%2B%20dampedAngularFreq%20%2A%20initialDelta%20%2A%20Math.cosh%28freqForT%29%29%20%2F%20dampedAngularFreq%3B%0A%20%20%7D%3B%0A%20%20%2F%2F%20Analytical%20derivative%20of%20overdamped%20spring%20%28px%2Fms%29%0A%20%20const%20P%20%3D%20%28initialVelocity%20%2B%20dampingRatio%20%2A%20undampedAngularFreq%20%2A%20initialDelta%29%20%2F%20dampedAngularFreq%3B%0A%20%20const%20sinhCoeff%20%3D%20dampingRatio%20%2A%20undampedAngularFreq%20%2A%20P%20-%20initialDelta%20%2A%20dampedAngularFreq%3B%0A%20%20const%20coshCoeff%20%3D%20dampingRatio%20%2A%20undampedAngularFreq%20%2A%20initialDelta%20-%20P%20%2A%20dampedAngularFreq%3B%0A%20%20resolveVelocity%20%3D%20%28t%29%3D%3E%7B%0A%20%20const%20envelope%20%3D%20Math.exp%28-dampingRatio%20%2A%20undampedAngularFreq%20%2A%20t%29%3B%0A%20%20const%20freqForT%20%3D%20Math.min%28dampedAngularFreq%20%2A%20t%2C%20300%29%3B%0A%20%20return%20envelope%20%2A%20%28sinhCoeff%20%2A%20Math.sinh%28freqForT%29%20%2B%20coshCoeff%20%2A%20Math.cosh%28freqForT%29%29%3B%0A%20%20%7D%3B%0A%20%20%7D%0A%20%20const%20generator%20%3D%20%7B%0A%20%20calculatedDuration%3A%20isResolvedFromDuration%20%3F%20duration%20%7C%7C%20null%20%3A%20null%2C%0A%20%20velocity%3A%20%28t%29%3D%3EsecondsToMilliseconds%28resolveVelocity%28t%29%29%2C%0A%20%20next%3A%20%28t%29%3D%3E%7B%0A%20%20%2F%2A%2A%0A%20%20%20%20%20%20%20%20%20%20%20%20%20%20%20%2A%20For%20underdamped%20physics%20springs%20we%20need%20both%20position%20and%0A%20%20%20%20%20%20%20%20%20%20%20%20%20%20%20%2A%20velocity%20each%20tick.%20Compute%20shared%20trig%20values%20once%20to%20avoid%0A%20%20%20%20%20%20%20%20%20%20%20%20%20%20%20%2A%20duplicate%20Math.exp%2Fsin%2Fcos%20calls%20on%20the%20hot%20path.%0A%20%20%20%20%20%20%20%20%20%20%20%20%20%20%20%2A%2F%20if%20%28%21isResolvedFromDuration%20%26%26%20dampingRatio%20%3C%201%29%20%7B%0A%20%20const%20envelope%20%3D%20Math.exp%28-dampingRatio%20%2A%20undampedAngularFreq%20%2A%20t%29%3B%0A%20%20const%20sin%20%3D%20Math.sin%28angularFreq%20%2A%20t%29%3B%0A%20%20const%20cos%20%3D%20Math.cos%28angularFreq%20%2A%20t%29%3B%0A%20%20const%20current%20%3D%20target%20-%20envelope%20%2A%20%28A%20%2A%20sin%20%2B%20initialDelta%20%2A%20cos%29%3B%0A%20%20const%20currentVelocity%20%3D%20secondsToMilliseconds%28envelope%20%2A%20%28sinCoeff%20%2A%20sin%20%2B%20cosCoeff%20%2A%20cos%29%29%3B%0A%20%20state.done%20%3D%20Math.abs%28currentVelocity%29%20%3C%3D%20restSpeed%20%26%26%20Math.abs%28target%20-%20current%29%20%3C%3D%20restDelta%3B%0A%20%20state.value%20%3D%20state.done%20%3F%20target%20%3A%20current%3B%0A%20%20return%20state%3B%0A%20%20%7D%0A%20%20const%20current%20%3D%20resolveSpring%28t%29%3B%0A%20%20if%20%28%21isResolvedFromDuration%29%20%7B%0A%20%20const%20currentVelocity%20%3D%20secondsToMilliseconds%28resolveVelocity%28t%29%29%3B%0A%20%20state.done%20%3D%20Math.abs%28currentVelocity%29%20%3C%3D%20restSpeed%20%26%26%20Math.abs%28target%20-%20current%29%20%3C%3D%20restDelta%3B%0A%20%20%7D%20else%20%7B%0A%20%20state.done%20%3D%20t%20%3E%3D%20duration%3B%0A%20%20%7D%0A%20%20state.value%20%3D%20state.done%20%3F%20target%20%3A%20current%3B%0A%20%20return%20state%3B%0A%20%20%7D%2C%0A%20%20toString%3A%20%28%29%3D%3E%7B%0A%20%20const%20calculatedDuration%20%3D%20Math.min%28calcGeneratorDuration%28generator%29%2C%20maxGeneratorDuration%29%3B%0A%20%20const%20easing%20%3D%20generateLinearEasing%28%28progress%29%3D%3Egenerator.next%28calculatedDuration%20%2A%20progress%29.value%2C%20calculatedDuration%2C%2030%29%3B%0A%20%20return%20calculatedDuration%20%2B%20%22ms%20%22%20%2B%20easing%3B%0A%20%20%7D%2C%0A%20%20toTransition%3A%20%28%29%3D%3E%7B%7D%0A%20%20%7D%3B%0A%20%20return%20generator%3B%0A%20%20%7D%0A%20%20spring.applyToOptions%20%3D%20%28options%29%3D%3E%7B%0A%20%20const%20generatorOptions%20%3D%20createGeneratorEasing%28options%2C%20100%2C%20spring%29%3B%0A%20%20options.ease%20%3D%20generatorOptions.ease%3B%0A%20%20options.duration%20%3D%20secondsToMilliseconds%28generatorOptions.duration%29%3B%0A%20%20options.type%20%3D%20%22keyframes%22%3B%0A%20%20return%20options%3B%0A%20%20%7D%3B%0A%20%20%3B%0A%20%20%3B%0A%20%20const%20velocitySampleDuration%20%3D%205%3B%20%2F%2F%20ms%0A%20%20function%20getGeneratorVelocity%28resolveValue%2C%20t%2C%20current%29%20%7B%0A%20%20const%20prevT%20%3D%20Math.max%28t%20-%20velocitySampleDuration%2C%200%29%3B%0A%20%20return%20velocityPerSecond%28current%20-%20resolveValue%28prevT%29%2C%20t%20-%20prevT%29%3B%0A%20%20%7D%0A%20%20%3B%0A%20%20%3B%0A%20%20%3B%0A%20%20function%20inertia%28%7B%20keyframes%2C%20velocity%20%3D%200.0%2C%20power%20%3D%200.8%2C%20timeConstant%20%3D%20325%2C%20bounceDamping%20%3D%2010%2C%20bounceStiffness%20%3D%20500%2C%20modifyTarget%2C%20min%2C%20max%2C%20restDelta%20%3D%200.5%2C%20restSpeed%20%7D%29%20%7B%0A%20%20const%20origin%20%3D%20keyframes%5B0%5D%3B%0A%20%20const%20state%20%3D%20%7B%0A%20%20done%3A%20false%2C%0A%20%20value%3A%20origin%0A%20%20%7D%3B%0A%20%20const%20isOutOfBounds%20%3D%20%28v%29%3D%3Emin%20%21%3D%3D%20undefined%20%26%26%20v%20%3C%20min%20%7C%7C%20max%20%21%3D%3D%20undefined%20%26%26%20v%20%3E%20max%3B%0A%20%20const%20nearestBoundary%20%3D%20%28v%29%3D%3E%7B%0A%20%20if%20%28min%20%3D%3D%3D%20undefined%29%20return%20max%3B%0A%20%20if%20%28max%20%3D%3D%3D%20undefined%29%20return%20min%3B%0A%20%20return%20Math.abs%28min%20-%20v%29%20%3C%20Math.abs%28max%20-%20v%29%20%3F%20min%20%3A%20max%3B%0A%20%20%7D%3B%0A%20%20let%20amplitude%20%3D%20power%20%2A%20velocity%3B%0A%20%20const%20ideal%20%3D%20origin%20%2B%20amplitude%3B%0A%20%20const%20target%20%3D%20modifyTarget%20%3D%3D%3D%20undefined%20%3F%20ideal%20%3A%20modifyTarget%28ideal%29%3B%0A%20%20%2F%2A%2A%0A%20%20%20%20%20%20%20%2A%20If%20the%20target%20has%20changed%20we%20need%20to%20re-calculate%20the%20amplitude%2C%20otherwise%0A%20%20%20%20%20%20%20%2A%20the%20animation%20will%20start%20from%20the%20wrong%20position.%0A%20%20%20%20%20%20%20%2A%2F%20if%20%28target%20%21%3D%3D%20ideal%29%20amplitude%20%3D%20target%20-%20origin%3B%0A%20%20const%20calcDelta%20%3D%20%28t%29%3D%3E-amplitude%20%2A%20Math.exp%28-t%20%2F%20timeConstant%29%3B%0A%20%20const%20calcLatest%20%3D%20%28t%29%3D%3Etarget%20%2B%20calcDelta%28t%29%3B%0A%20%20const%20applyFriction%20%3D%20%28t%29%3D%3E%7B%0A%20%20const%20delta%20%3D%20calcDelta%28t%29%3B%0A%20%20const%20latest%20%3D%20calcLatest%28t%29%3B%0A%20%20state.done%20%3D%20Math.abs%28delta%29%20%3C%3D%20restDelta%3B%0A%20%20state.value%20%3D%20state.done%20%3F%20target%20%3A%20latest%3B%0A%20%20%7D%3B%0A%20%20%2F%2A%2A%0A%20%20%20%20%20%20%20%2A%20Ideally%20this%20would%20resolve%20for%20t%20in%20a%20stateless%20way%2C%20we%20could%0A%20%20%20%20%20%20%20%2A%20do%20that%20by%20always%20precalculating%20the%20animation%20but%20as%20we%20know%0A%20%20%20%20%20%20%20%2A%20this%20will%20be%20done%20anyway%20we%20can%20assume%20that%20spring%20will%0A%20%20%20%20%20%20%20%2A%20be%20discovered%20during%20that.%0A%20%20%20%20%20%20%20%2A%2F%20let%20timeReachedBoundary%3B%0A%20%20let%20spring%241%3B%0A%20%20const%20checkCatchBoundary%20%3D%20%28t%29%3D%3E%7B%0A%20%20if%20%28%21isOutOfBounds%28state.value%29%29%20return%3B%0A%20%20timeReachedBoundary%20%3D%20t%3B%0A%20%20spring%241%20%3D%20spring%28%7B%0A%20%20keyframes%3A%20%5B%0A%20%20state.value%2C%0A%20%20nearestBoundary%28state.value%29%0A%20%20%5D%2C%0A%20%20velocity%3A%20getGeneratorVelocity%28calcLatest%2C%20t%2C%20state.value%29%2C%0A%20%20damping%3A%20bounceDamping%2C%0A%20%20stiffness%3A%20bounceStiffness%2C%0A%20%20restDelta%2C%0A%20%20restSpeed%0A%20%20%7D%29%3B%0A%20%20%7D%3B%0A%20%20checkCatchBoundary%280%29%3B%0A%20%20return%20%7B%0A%20%20calculatedDuration%3A%20null%2C%0A%20%20next%3A%20%28t%29%3D%3E%7B%0A%20%20%2F%2A%2A%0A%20%20%20%20%20%20%20%20%20%20%20%20%20%20%20%2A%20We%20need%20to%20resolve%20the%20friction%20to%20figure%20out%20if%20we%20need%20a%0A%20%20%20%20%20%20%20%20%20%20%20%20%20%20%20%2A%20spring%20but%20we%20don%27t%20want%20to%20do%20this%20twice%20per%20frame.%20So%20here%0A%20%20%20%20%20%20%20%20%20%20%20%20%20%20%20%2A%20we%20flag%20if%20we%20updated%20for%20this%20frame%20and%20later%20if%20we%20did%0A%20%20%20%20%20%20%20%20%20%20%20%20%20%20%20%2A%20we%20can%20skip%20doing%20it%20again.%0A%20%20%20%20%20%20%20%20%20%20%20%20%20%20%20%2A%2F%20let%20hasUpdatedFrame%20%3D%20false%3B%0A%20%20if%20%28%21spring%241%20%26%26%20timeReachedBoundary%20%3D%3D%3D%20undefined%29%20%7B%0A%20%20hasUpdatedFrame%20%3D%20true%3B%0A%20%20applyFriction%28t%29%3B%0A%20%20checkCatchBoundary%28t%29%3B%0A%20%20%7D%0A%20%20%2F%2A%2A%0A%20%20%20%20%20%20%20%20%20%20%20%20%20%20%20%2A%20If%20we%20have%20a%20spring%20and%20the%20provided%20t%20is%20beyond%20the%20moment%20the%20friction%0A%20%20%20%20%20%20%20%20%20%20%20%20%20%20%20%2A%20animation%20crossed%20the%20min%2Fmax%20boundary%2C%20use%20the%20spring.%0A%20%20%20%20%20%20%20%20%20%20%20%20%20%20%20%2A%2F%20if%20%28timeReachedBoundary%20%21%3D%3D%20undefined%20%26%26%20t%20%3E%3D%20timeReachedBoundary%29%20%7B%0A%20%20return%20spring%241.next%28t%20-%20timeReachedBoundary%29%3B%0A%20%20%7D%20else%20%7B%0A%20%20%21hasUpdatedFrame%20%26%26%20applyFriction%28t%29%3B%0A%20%20return%20state%3B%0A%20%20%7D%0A%20%20%7D%0A%20%20%7D%3B%0A%20%20%7D%0A%20%20%3B%0A%20%20%3B%0A%20%20%2F%2A%0A%20%20%20%20Bezier%20function%20generator%0A%20%20%20%20This%20has%20been%20modified%20from%20Ga%C3%ABtan%20Renaudeau%27s%20BezierEasing%0A%20%20%20%20https%3A%2F%2Fgithub.com%2Fgre%2Fbezier-easing%2Fblob%2Fmaster%2Fsrc%2Findex.js%0A%20%20%20%20https%3A%2F%2Fgithub.com%2Fgre%2Fbezier-easing%2Fblob%2Fmaster%2FLICENSE%0A%20%20%20%20%0A%20%20%20%20I%27ve%20removed%20the%20newtonRaphsonIterate%20algo%20because%20in%20benchmarking%20it%0A%20%20%20%20wasn%27t%20noticeably%20faster%20than%20binarySubdivision%2C%20indeed%20removing%20it%0A%20%20%20%20usually%20improved%20times%2C%20depending%20on%20the%20curve.%0A%20%20%20%20I%20also%20removed%20the%20lookup%20table%2C%20as%20for%20the%20added%20bundle%20size%20and%20loop%20we%27re%0A%20%20%20%20only%20cutting%20~4%20or%20so%20subdivision%20iterations.%20I%20bumped%20the%20max%20iterations%20up%0A%20%20%20%20to%2012%20to%20compensate%20and%20this%20still%20tended%20to%20be%20faster%20for%20no%20perceivable%0A%20%20%20%20loss%20in%20accuracy.%0A%20%20%20%20Usage%0A%20%20%20%20%20%20const%20easeOut%20%3D%20cubicBezier%28.17%2C.67%2C.83%2C.67%29%3B%0A%20%20%20%20%20%20const%20x%20%3D%20easeOut%280.5%29%3B%20%2F%2F%20returns%200.627...%0A%20%20%2A%2F%20%2F%2F%20Returns%20x%28t%29%20given%20t%2C%20x1%2C%20and%20x2%2C%20or%20y%28t%29%20given%20t%2C%20y1%2C%20and%20y2.%0A%20%20const%20calcBezier%20%3D%20%28t%2C%20a1%2C%20a2%29%3D%3E%28%28%281.0%20-%203.0%20%2A%20a2%20%2B%203.0%20%2A%20a1%29%20%2A%20t%20%2B%20%283.0%20%2A%20a2%20-%206.0%20%2A%20a1%29%29%20%2A%20t%20%2B%203.0%20%2A%20a1%29%20%2A%20t%3B%0A%20%20const%20subdivisionPrecision%20%3D%200.0000001%3B%0A%20%20const%20subdivisionMaxIterations%20%3D%2012%3B%0A%20%20function%20binarySubdivide%28x%2C%20lowerBound%2C%20upperBound%2C%20mX1%2C%20mX2%29%20%7B%0A%20%20let%20currentX%3B%0A%20%20let%20currentT%3B%0A%20%20let%20i%20%3D%200%3B%0A%20%20do%20%7B%0A%20%20currentT%20%3D%20lowerBound%20%2B%20%28upperBound%20-%20lowerBound%29%20%2F%202.0%3B%0A%20%20currentX%20%3D%20calcBezier%28currentT%2C%20mX1%2C%20mX2%29%20-%20x%3B%0A%20%20if%20%28currentX%20%3E%200.0%29%20%7B%0A%20%20upperBound%20%3D%20currentT%3B%0A%20%20%7D%20else%20%7B%0A%20%20lowerBound%20%3D%20currentT%3B%0A%20%20%7D%0A%20%20%7Dwhile%20%28Math.abs%28currentX%29%20%3E%20subdivisionPrecision%20%26%26%20%2B%2Bi%20%3C%20subdivisionMaxIterations%29%0A%20%20return%20currentT%3B%0A%20%20%7D%0A%20%20function%20cubicBezier%28mX1%2C%20mY1%2C%20mX2%2C%20mY2%29%20%7B%0A%20%20%2F%2F%20If%20this%20is%20a%20linear%20gradient%2C%20return%20linear%20easing%0A%20%20if%20%28mX1%20%3D%3D%3D%20mY1%20%26%26%20mX2%20%3D%3D%3D%20mY2%29%20return%20noop%3B%0A%20%20const%20getTForX%20%3D%20%28aX%29%3D%3EbinarySubdivide%28aX%2C%200%2C%201%2C%20mX1%2C%20mX2%29%3B%0A%20%20%2F%2F%20If%20animation%20is%20at%20start%2Fend%2C%20return%20t%20without%20easing%0A%20%20return%20%28t%29%3D%3Et%20%3D%3D%3D%200%20%7C%7C%20t%20%3D%3D%3D%201%20%3F%20t%20%3A%20calcBezier%28getTForX%28t%29%2C%20mY1%2C%20mY2%29%3B%0A%20%20%7D%0A%20%20%3B%0A%20%20%3B%0A%20%20const%20easeIn%20%3D%20%2F%2A%40__PURE__%2A%2F%20cubicBezier%280.42%2C%200%2C%201%2C%201%29%3B%0A%20%20const%20easeOut%20%3D%20%2F%2A%40__PURE__%2A%2F%20cubicBezier%280%2C%200%2C%200.58%2C%201%29%3B%0A%20%20const%20easeInOut%20%3D%20%2F%2A%40__PURE__%2A%2F%20cubicBezier%280.42%2C%200%2C%200.58%2C%201%29%3B%0A%20%20%3B%0A%20%20const%20isEasingArray%20%3D%20%28ease%29%3D%3E%7B%0A%20%20return%20Array.isArray%28ease%29%20%26%26%20typeof%20ease%5B0%5D%20%21%3D%3D%20%22number%22%3B%0A%20%20%7D%3B%0A%20%20%3B%0A%20%20%2F%2F%20Accepts%20an%20easing%20function%20and%20returns%20a%20new%20one%20that%20outputs%20mirrored%20values%20for%0A%20%20%2F%2F%20the%20second%20half%20of%20the%20animation.%20Turns%20easeIn%20into%20easeInOut.%0A%20%20const%20mirrorEasing%20%3D%20%28easing%29%3D%3E%28p%29%3D%3Ep%20%3C%3D%200.5%20%3F%20easing%282%20%2A%20p%29%20%2F%202%20%3A%20%282%20-%20easing%282%20%2A%20%281%20-%20p%29%29%29%20%2F%202%3B%0A%20%20%3B%0A%20%20%2F%2F%20Accepts%20an%20easing%20function%20and%20returns%20a%20new%20one%20that%20outputs%20reversed%20values.%0A%20%20%2F%2F%20Turns%20easeIn%20into%20easeOut.%0A%20%20const%20reverseEasing%20%3D%20%28easing%29%3D%3E%28p%29%3D%3E1%20-%20easing%281%20-%20p%29%3B%0A%20%20%3B%0A%20%20%3B%0A%20%20%3B%0A%20%20%3B%0A%20%20const%20backOut%20%3D%20%2F%2A%40__PURE__%2A%2F%20cubicBezier%280.33%2C%201.53%2C%200.69%2C%200.99%29%3B%0A%20%20const%20backIn%20%3D%20%2F%2A%40__PURE__%2A%2F%20reverseEasing%28backOut%29%3B%0A%20%20const%20backInOut%20%3D%20%2F%2A%40__PURE__%2A%2F%20mirrorEasing%28backIn%29%3B%0A%20%20%3B%0A%20%20%3B%0A%20%20const%20anticipate%20%3D%20%28p%29%3D%3Ep%20%3E%3D%201%20%3F%201%20%3A%20%28p%20%2A%3D%202%29%20%3C%201%20%3F%200.5%20%2A%20backIn%28p%29%20%3A%200.5%20%2A%20%282%20-%20Math.pow%282%2C%20-10%20%2A%20%28p%20-%201%29%29%29%3B%0A%20%20%3B%0A%20%20%3B%0A%20%20%3B%0A%20%20const%20circIn%20%3D%20%28p%29%3D%3E1%20-%20Math.sin%28Math.acos%28p%29%29%3B%0A%20%20const%20circOut%20%3D%20reverseEasing%28circIn%29%3B%0A%20%20const%20circInOut%20%3D%20mirrorEasing%28circIn%29%3B%0A%20%20%3B%0A%20%20%3B%0A%20%20%3B%0A%20%20%3B%0A%20%20%3B%0A%20%20%3B%0A%20%20%3B%0A%20%20%3B%0A%20%20%3B%0A%20%20const%20easingLookup%20%3D%20%7B%0A%20%20linear%3A%20noop%2C%0A%20%20easeIn%3A%20easeIn%2C%0A%20%20easeInOut%3A%20easeInOut%2C%0A%20%20easeOut%3A%20easeOut%2C%0A%20%20circIn%3A%20circIn%2C%0A%20%20circInOut%3A%20circInOut%2C%0A%20%20circOut%3A%20circOut%2C%0A%20%20backIn%3A%20backIn%2C%0A%20%20backInOut%3A%20backInOut%2C%0A%20%20backOut%3A%20backOut%2C%0A%20%20anticipate%3A%20anticipate%0A%20%20%7D%3B%0A%20%20const%20isValidEasing%20%3D%20%28easing%29%3D%3E%7B%0A%20%20return%20typeof%20easing%20%3D%3D%3D%20%22string%22%3B%0A%20%20%7D%3B%0A%20%20const%20easingDefinitionToFunction%20%3D%20%28definition%29%3D%3E%7B%0A%20%20if%20%28isBezierDefinition%28definition%29%29%20%7B%0A%20%20%2F%2F%20If%20cubic%20bezier%20definition%2C%20create%20bezier%20curve%0A%20%20invariant%28definition.length%20%3D%3D%3D%204%2C%20%60Cubic%20bezier%20arrays%20must%20contain%20four%20numerical%20values.%60%2C%20%22cubic-bezier-length%22%29%3B%0A%20%20const%20%5Bx1%2C%20y1%2C%20x2%2C%20y2%5D%20%3D%20definition%3B%0A%20%20return%20cubicBezier%28x1%2C%20y1%2C%20x2%2C%20y2%29%3B%0A%20%20%7D%20else%20if%20%28isValidEasing%28definition%29%29%20%7B%0A%20%20%2F%2F%20Else%20lookup%20from%20table%0A%20%20invariant%28easingLookup%5Bdefinition%5D%20%21%3D%3D%20undefined%2C%20%60Invalid%20easing%20type%20%27%24%7Bdefinition%7D%27%60%2C%20%22invalid-easing-type%22%29%3B%0A%20%20return%20easingLookup%5Bdefinition%5D%3B%0A%20%20%7D%0A%20%20return%20definition%3B%0A%20%20%7D%3B%0A%20%20%3B%0A%20%20%2F%2A%0A%20%20%20%20Progress%20within%20given%20range%0A%20%20%0A%20%20%20%20Given%20a%20lower%20limit%20and%20an%20upper%20limit%2C%20we%20return%20the%20progress%0A%20%20%20%20%28expressed%20as%20a%20number%200-1%29%20represented%20by%20the%20given%20value%2C%20and%0A%20%20%20%20limit%20that%20progress%20to%20within%200-1.%0A%20%20%0A%20%20%20%20%40param%20%5Bnumber%5D%3A%20Lower%20limit%0A%20%20%20%20%40param%20%5Bnumber%5D%3A%20Upper%20limit%0A%20%20%20%20%40param%20%5Bnumber%5D%3A%20Value%20to%20find%20progress%20within%20given%20range%0A%20%20%20%20%40return%20%5Bnumber%5D%3A%20Progress%20of%20value%20within%20range%20as%20expressed%200-1%0A%20%20%2A%2F%20%2F%2A%23__NO_SIDE_EFFECTS__%2A%2F%20const%20progress%20%3D%20%28from%2C%20to%2C%20value%29%3D%3E%7B%0A%20%20const%20toFromDifference%20%3D%20to%20-%20from%3B%0A%20%20return%20toFromDifference%20%3D%3D%3D%200%20%3F%201%20%3A%20%28value%20-%20from%29%20%2F%20toFromDifference%3B%0A%20%20%7D%3B%0A%20%20%3B%0A%20%20%3B%0A%20%20%3B%0A%20%20function%20createMixers%28output%2C%20ease%2C%20customMixer%29%20%7B%0A%20%20const%20mixers%20%3D%20%5B%5D%3B%0A%20%20const%20mixerFactory%20%3D%20customMixer%20%7C%7C%20MotionGlobalConfig.mix%20%7C%7C%20mix%3B%0A%20%20const%20numMixers%20%3D%20output.length%20-%201%3B%0A%20%20for%28let%20i%20%3D%200%3B%20i%20%3C%20numMixers%3B%20i%2B%2B%29%7B%0A%20%20let%20mixer%20%3D%20mixerFactory%28output%5Bi%5D%2C%20output%5Bi%20%2B%201%5D%29%3B%0A%20%20if%20%28ease%29%20%7B%0A%20%20const%20easingFunction%20%3D%20Array.isArray%28ease%29%20%3F%20ease%5Bi%5D%20%7C%7C%20noop%20%3A%20ease%3B%0A%20%20mixer%20%3D%20pipe%28easingFunction%2C%20mixer%29%3B%0A%20%20%7D%0A%20%20mixers.push%28mixer%29%3B%0A%20%20%7D%0A%20%20return%20mixers%3B%0A%20%20%7D%0A%20%20%2F%2A%2A%0A%20%20%20%2A%20Create%20a%20function%20that%20maps%20from%20a%20numerical%20input%20array%20to%20a%20generic%20output%20array.%0A%20%20%20%2A%0A%20%20%20%2A%20Accepts%3A%0A%20%20%20%2A%20%20%20-%20Numbers%0A%20%20%20%2A%20%20%20-%20Colors%20%28hex%2C%20hsl%2C%20hsla%2C%20rgb%2C%20rgba%29%0A%20%20%20%2A%20%20%20-%20Complex%20%28combinations%20of%20one%20or%20more%20numbers%20or%20strings%29%0A%20%20%20%2A%0A%20%20%20%2A%20%60%60%60jsx%0A%20%20%20%2A%20const%20mixColor%20%3D%20interpolate%28%5B0%2C%201%5D%2C%20%5B%27%23fff%27%2C%20%27%23000%27%5D%29%0A%20%20%20%2A%0A%20%20%20%2A%20mixColor%280.5%29%20%2F%2F%20%27rgba%28128%2C%20128%2C%20128%2C%201%29%27%0A%20%20%20%2A%20%60%60%60%0A%20%20%20%2A%0A%20%20%20%2A%20TODO%20Revisit%20this%20approach%20once%20we%27ve%20moved%20to%20data%20models%20for%20values%2C%0A%20%20%20%2A%20probably%20not%20needed%20to%20pregenerate%20mixer%20functions.%0A%20%20%20%2A%0A%20%20%20%2A%20%40public%0A%20%20%20%2A%2F%20function%20interpolate%28input%2C%20output%2C%20%7B%20clamp%3A%20isClamp%20%3D%20true%2C%20ease%2C%20mixer%20%7D%20%3D%20%7B%7D%29%20%7B%0A%20%20const%20inputLength%20%3D%20input.length%3B%0A%20%20invariant%28inputLength%20%3D%3D%3D%20output.length%2C%20%22Both%20input%20and%20output%20ranges%20must%20be%20the%20same%20length%22%2C%20%22range-length%22%29%3B%0A%20%20%2F%2A%2A%0A%20%20%20%20%20%20%20%2A%20If%20we%27re%20only%20provided%20a%20single%20input%2C%20we%20can%20just%20make%20a%20function%0A%20%20%20%20%20%20%20%2A%20that%20returns%20the%20output.%0A%20%20%20%20%20%20%20%2A%2F%20if%20%28inputLength%20%3D%3D%3D%201%29%20return%20%28%29%3D%3Eoutput%5B0%5D%3B%0A%20%20if%20%28inputLength%20%3D%3D%3D%202%20%26%26%20output%5B0%5D%20%3D%3D%3D%20output%5B1%5D%29%20return%20%28%29%3D%3Eoutput%5B1%5D%3B%0A%20%20const%20isZeroDeltaRange%20%3D%20input%5B0%5D%20%3D%3D%3D%20input%5B1%5D%3B%0A%20%20%2F%2F%20If%20input%20runs%20highest%20-%3E%20lowest%2C%20reverse%20both%20arrays%0A%20%20if%20%28input%5B0%5D%20%3E%20input%5BinputLength%20-%201%5D%29%20%7B%0A%20%20input%20%3D%20%5B%0A%20%20...input%0A%20%20%5D.reverse%28%29%3B%0A%20%20output%20%3D%20%5B%0A%20%20...output%0A%20%20%5D.reverse%28%29%3B%0A%20%20%7D%0A%20%20const%20mixers%20%3D%20createMixers%28output%2C%20ease%2C%20mixer%29%3B%0A%20%20const%20numMixers%20%3D%20mixers.length%3B%0A%20%20const%20interpolator%20%3D%20%28v%29%3D%3E%7B%0A%20%20if%20%28isZeroDeltaRange%20%26%26%20v%20%3C%20input%5B0%5D%29%20return%20output%5B0%5D%3B%0A%20%20let%20i%20%3D%200%3B%0A%20%20if%20%28numMixers%20%3E%201%29%20%7B%0A%20%20for%28%3B%20i%20%3C%20input.length%20-%202%3B%20i%2B%2B%29%7B%0A%20%20if%20%28v%20%3C%20input%5Bi%20%2B%201%5D%29%20break%3B%0A%20%20%7D%0A%20%20%7D%0A%20%20const%20progressInRange%20%3D%20progress%28input%5Bi%5D%2C%20input%5Bi%20%2B%201%5D%2C%20v%29%3B%0A%20%20return%20mixers%5Bi%5D%28progressInRange%29%3B%0A%20%20%7D%3B%0A%20%20return%20isClamp%20%3F%20%28v%29%3D%3Einterpolator%28clamp%28input%5B0%5D%2C%20input%5BinputLength%20-%201%5D%2C%20v%29%29%20%3A%20interpolator%3B%0A%20%20%7D%0A%20%20%3B%0A%20%20%3B%0A%20%20%3B%0A%20%20function%20fillOffset%28offset%2C%20remaining%29%20%7B%0A%20%20const%20min%20%3D%20offset%5Boffset.length%20-%201%5D%3B%0A%20%20for%28let%20i%20%3D%201%3B%20i%20%3C%3D%20remaining%3B%20i%2B%2B%29%7B%0A%20%20const%20offsetProgress%20%3D%20progress%280%2C%20remaining%2C%20i%29%3B%0A%20%20offset.push%28mixNumber%28min%2C%201%2C%20offsetProgress%29%29%3B%0A%20%20%7D%0A%20%20%7D%0A%20%20%3B%0A%20%20%3B%0A%20%20function%20defaultOffset%28arr%29%20%7B%0A%20%20const%20offset%20%3D%20%5B%0A%20%200%0A%20%20%5D%3B%0A%20%20fillOffset%28offset%2C%20arr.length%20-%201%29%3B%0A%20%20return%20offset%3B%0A%20%20%7D%0A%20%20%3B%0A%20%20function%20convertOffsetToTimes%28offset%2C%20duration%29%20%7B%0A%20%20return%20offset.map%28%28o%29%3D%3Eo%20%2A%20duration%29%3B%0A%20%20%7D%0A%20%20%3B%0A%20%20%3B%0A%20%20%3B%0A%20%20%3B%0A%20%20%3B%0A%20%20function%20defaultEasing%28values%2C%20easing%29%20%7B%0A%20%20return%20values.map%28%28%29%3D%3Eeasing%20%7C%7C%20easeInOut%29.splice%280%2C%20values.length%20-%201%29%3B%0A%20%20%7D%0A%20%20function%20keyframes%28%7B%20duration%20%3D%20300%2C%20keyframes%3A%20keyframeValues%2C%20times%2C%20ease%20%3D%20%22easeInOut%22%20%7D%29%20%7B%0A%20%20%2F%2A%2A%0A%20%20%20%20%20%20%20%2A%20Easing%20functions%20can%20be%20externally%20defined%20as%20strings.%20Here%20we%20convert%20them%0A%20%20%20%20%20%20%20%2A%20into%20actual%20functions.%0A%20%20%20%20%20%20%20%2A%2F%20const%20easingFunctions%20%3D%20isEasingArray%28ease%29%20%3F%20ease.map%28easingDefinitionToFunction%29%20%3A%20easingDefinitionToFunction%28ease%29%3B%0A%20%20%2F%2A%2A%0A%20%20%20%20%20%20%20%2A%20This%20is%20the%20Iterator-spec%20return%20value.%20We%20ensure%20it%27s%20mutable%20rather%20than%20using%20a%20generator%0A%20%20%20%20%20%20%20%2A%20to%20reduce%20GC%20during%20animation.%0A%20%20%20%20%20%20%20%2A%2F%20const%20state%20%3D%20%7B%0A%20%20done%3A%20false%2C%0A%20%20value%3A%20keyframeValues%5B0%5D%0A%20%20%7D%3B%0A%20%20%2F%2A%2A%0A%20%20%20%20%20%20%20%2A%20Create%20a%20times%20array%20based%20on%20the%20provided%200-1%20offsets%0A%20%20%20%20%20%20%20%2A%2F%20const%20absoluteTimes%20%3D%20convertOffsetToTimes%28%2F%2F%20Only%20use%20the%20provided%20offsets%20if%20they%27re%20the%20correct%20length%0A%20%20%2F%2F%20TODO%20Maybe%20we%20should%20warn%20here%20if%20there%27s%20a%20length%20mismatch%0A%20%20times%20%26%26%20times.length%20%3D%3D%3D%20keyframeValues.length%20%3F%20times%20%3A%20defaultOffset%28keyframeValues%29%2C%20duration%29%3B%0A%20%20const%20mapTimeToKeyframe%20%3D%20interpolate%28absoluteTimes%2C%20keyframeValues%2C%20%7B%0A%20%20ease%3A%20Array.isArray%28easingFunctions%29%20%3F%20easingFunctions%20%3A%20defaultEasing%28keyframeValues%2C%20easingFunctions%29%0A%20%20%7D%29%3B%0A%20%20return%20%7B%0A%20%20calculatedDuration%3A%20duration%2C%0A%20%20next%3A%20%28t%29%3D%3E%7B%0A%20%20state.value%20%3D%20mapTimeToKeyframe%28t%29%3B%0A%20%20state.done%20%3D%20t%20%3E%3D%20duration%3B%0A%20%20return%20state%3B%0A%20%20%7D%0A%20%20%7D%3B%0A%20%20%7D%0A%20%20%3B%0A%20%20%3B%0A%20%20%3B%0A%20%20%3B%0A%20%20const%20transitionTypeMap%20%3D%20%7B%0A%20%20decay%3A%20inertia%2C%0A%20%20inertia%3A%20inertia%2C%0A%20%20tween%3A%20keyframes%2C%0A%20%20keyframes%3A%20keyframes%2C%0A%20%20spring%3A%20spring%0A%20%20%7D%3B%0A%20%20function%20replaceTransitionType%28transition%29%20%7B%0A%20%20if%20%28typeof%20transition.type%20%3D%3D%3D%20%22string%22%29%20%7B%0A%20%20transition.type%20%3D%20transitionTypeMap%5Btransition.type%5D%3B%0A%20%20%7D%0A%20%20%7D%0A%20%20%3B%0A%20%20%3B%0A%20%20%3B%0A%20%20%3B%0A%20%20%3B%0A%20%20%3B%0A%20%20%3B%0A%20%20%3B%0A%20%20%3B%0A%20%20%3B%0A%20%20%3B%0A%20%20%3B%0A%20%20%3B%0A%20%20const%20percentToProgress%20%3D%20%28percent%29%3D%3Epercent%20%2F%20100%3B%0A%20%20class%20JSAnimation%20extends%20WithPromise%20%7B%0A%20%20constructor%28options%29%7B%0A%20%20super%28%29%3B%0A%20%20this.state%20%3D%20%22idle%22%3B%0A%20%20this.startTime%20%3D%20null%3B%0A%20%20this.isStopped%20%3D%20false%3B%0A%20%20%2F%2A%2A%0A%20%20%20%20%20%20%20%20%20%20%20%2A%20The%20current%20time%20of%20the%20animation.%0A%20%20%20%20%20%20%20%20%20%20%20%2A%2F%20this.currentTime%20%3D%200%3B%0A%20%20%2F%2A%2A%0A%20%20%20%20%20%20%20%20%20%20%20%2A%20The%20time%20at%20which%20the%20animation%20was%20paused.%0A%20%20%20%20%20%20%20%20%20%20%20%2A%2F%20this.holdTime%20%3D%20null%3B%0A%20%20%2F%2A%2A%0A%20%20%20%20%20%20%20%20%20%20%20%2A%20Playback%20speed%20as%20a%20factor.%200%20would%20be%20stopped%2C%20-1%20reverse%20and%202%20double%20speed.%0A%20%20%20%20%20%20%20%20%20%20%20%2A%2F%20this.playbackSpeed%20%3D%201%3B%0A%20%20%2F%2A%2A%0A%20%20%20%20%20%20%20%20%20%20%20%2A%20Reusable%20state%20object%20for%20the%20delay%20phase%20to%20avoid%0A%20%20%20%20%20%20%20%20%20%20%20%2A%20allocating%20a%20new%20object%20every%20frame.%0A%20%20%20%20%20%20%20%20%20%20%20%2A%2F%20this.delayState%20%3D%20%7B%0A%20%20done%3A%20false%2C%0A%20%20value%3A%20undefined%0A%20%20%7D%3B%0A%20%20%2F%2A%2A%0A%20%20%20%20%20%20%20%20%20%20%20%2A%20This%20method%20is%20bound%20to%20the%20instance%20to%20fix%20a%20pattern%20where%0A%20%20%20%20%20%20%20%20%20%20%20%2A%20animation.stop%20is%20returned%20as%20a%20reference%20from%20a%20useEffect.%0A%20%20%20%20%20%20%20%20%20%20%20%2A%2F%20this.stop%20%3D%20%28%29%3D%3E%7B%0A%20%20const%20%7B%20motionValue%20%7D%20%3D%20this.options%3B%0A%20%20if%20%28motionValue%20%26%26%20motionValue.updatedAt%20%21%3D%3D%20time.now%28%29%29%20%7B%0A%20%20this.tick%28time.now%28%29%29%3B%0A%20%20%7D%0A%20%20this.isStopped%20%3D%20true%3B%0A%20%20if%20%28this.state%20%3D%3D%3D%20%22idle%22%29%20return%3B%0A%20%20this.teardown%28%29%3B%0A%20%20this.options.onStop%3F.%28%29%3B%0A%20%20%7D%3B%0A%20%20activeAnimations.mainThread%2B%2B%3B%0A%20%20this.options%20%3D%20options%3B%0A%20%20this.initAnimation%28%29%3B%0A%20%20this.play%28%29%3B%0A%20%20if%20%28options.autoplay%20%3D%3D%3D%20false%29%20this.pause%28%29%3B%0A%20%20%7D%0A%20%20initAnimation%28%29%20%7B%0A%20%20const%20%7B%20options%20%7D%20%3D%20this%3B%0A%20%20replaceTransitionType%28options%29%3B%0A%20%20const%20%7B%20type%20%3D%20keyframes%2C%20repeat%20%3D%200%2C%20repeatDelay%20%3D%200%2C%20repeatType%2C%20velocity%20%3D%200%20%7D%20%3D%20options%3B%0A%20%20let%20%7B%20keyframes%3A%20keyframes%241%20%7D%20%3D%20options%3B%0A%20%20const%20generatorFactory%20%3D%20type%20%7C%7C%20keyframes%3B%0A%20%20if%20%28%22TURBOPACK%20compile-time%20falsy%22%2C%200%29%20%2F%2FTURBOPACK%20unreachable%0A%20%20%3B%0A%20%20if%20%28generatorFactory%20%21%3D%3D%20keyframes%20%26%26%20typeof%20keyframes%241%5B0%5D%20%21%3D%3D%20%22number%22%29%20%7B%0A%20%20this.mixKeyframes%20%3D%20pipe%28percentToProgress%2C%20mix%28keyframes%241%5B0%5D%2C%20keyframes%241%5B1%5D%29%29%3B%0A%20%20keyframes%241%20%3D%20%5B%0A%20%200%2C%0A%20%20100%0A%20%20%5D%3B%0A%20%20%7D%0A%20%20const%20generator%20%3D%20generatorFactory%28%7B%0A%20%20...options%2C%0A%20%20keyframes%3A%20keyframes%241%0A%20%20%7D%29%3B%0A%20%20%2F%2A%2A%0A%20%20%20%20%20%20%20%20%20%20%20%2A%20If%20we%20have%20a%20mirror%20repeat%20type%20we%20need%20to%20create%20a%20second%20generator%20that%20outputs%20the%0A%20%20%20%20%20%20%20%20%20%20%20%2A%20mirrored%20%28not%20reversed%29%20animation%20and%20later%20ping%20pong%20between%20the%20two%20generators.%0A%20%20%20%20%20%20%20%20%20%20%20%2A%2F%20if%20%28repeatType%20%3D%3D%3D%20%22mirror%22%29%20%7B%0A%20%20this.mirroredGenerator%20%3D%20generatorFactory%28%7B%0A%20%20...options%2C%0A%20%20keyframes%3A%20%5B%0A%20%20...keyframes%241%0A%20%20%5D.reverse%28%29%2C%0A%20%20velocity%3A%20-velocity%0A%20%20%7D%29%3B%0A%20%20%7D%0A%20%20%2F%2A%2A%0A%20%20%20%20%20%20%20%20%20%20%20%2A%20If%20duration%20is%20undefined%20and%20we%20have%20repeat%20options%2C%0A%20%20%20%20%20%20%20%20%20%20%20%2A%20we%20need%20to%20calculate%20a%20duration%20from%20the%20generator.%0A%20%20%20%20%20%20%20%20%20%20%20%2A%0A%20%20%20%20%20%20%20%20%20%20%20%2A%20We%20set%20it%20to%20the%20generator%20itself%20to%20cache%20the%20duration.%0A%20%20%20%20%20%20%20%20%20%20%20%2A%20Any%20timeline%20resolver%20will%20need%20to%20have%20already%20precalculated%0A%20%20%20%20%20%20%20%20%20%20%20%2A%20the%20duration%20by%20this%20step.%0A%20%20%20%20%20%20%20%20%20%20%20%2A%2F%20if%20%28generator.calculatedDuration%20%3D%3D%3D%20null%29%20%7B%0A%20%20generator.calculatedDuration%20%3D%20calcGeneratorDuration%28generator%29%3B%0A%20%20%7D%0A%20%20const%20%7B%20calculatedDuration%20%7D%20%3D%20generator%3B%0A%20%20this.calculatedDuration%20%3D%20calculatedDuration%3B%0A%20%20this.resolvedDuration%20%3D%20calculatedDuration%20%2B%20repeatDelay%3B%0A%20%20this.totalDuration%20%3D%20this.resolvedDuration%20%2A%20%28repeat%20%2B%201%29%20-%20repeatDelay%3B%0A%20%20this.generator%20%3D%20generator%3B%0A%20%20%7D%0A%20%20updateTime%28timestamp%29%20%7B%0A%20%20const%20animationTime%20%3D%20Math.round%28timestamp%20-%20this.startTime%29%20%2A%20this.playbackSpeed%3B%0A%20%20%2F%2F%20Update%20currentTime%0A%20%20if%20%28this.holdTime%20%21%3D%3D%20null%29%20%7B%0A%20%20this.currentTime%20%3D%20this.holdTime%3B%0A%20%20%7D%20else%20%7B%0A%20%20%2F%2F%20Rounding%20the%20time%20because%20floating%20point%20arithmetic%20is%20not%20always%20accurate%2C%20e.g.%203000.367%20-%201000.367%20%3D%0A%20%20%2F%2F%202000.0000000000002.%20This%20is%20a%20problem%20when%20we%20are%20comparing%20the%20currentTime%20with%20the%20duration%2C%20for%0A%20%20%2F%2F%20example.%0A%20%20this.currentTime%20%3D%20animationTime%3B%0A%20%20%7D%0A%20%20%7D%0A%20%20tick%28timestamp%2C%20sample%20%3D%20false%29%20%7B%0A%20%20const%20%7B%20generator%2C%20totalDuration%2C%20mixKeyframes%2C%20mirroredGenerator%2C%20resolvedDuration%2C%20calculatedDuration%20%7D%20%3D%20this%3B%0A%20%20if%20%28this.startTime%20%3D%3D%3D%20null%29%20return%20generator.next%280%29%3B%0A%20%20const%20%7B%20delay%20%3D%200%2C%20keyframes%3A%20keyframes1%2C%20repeat%2C%20repeatType%2C%20repeatDelay%2C%20type%2C%20onUpdate%2C%20finalKeyframe%20%7D%20%3D%20this.options%3B%0A%20%20%2F%2A%2A%0A%20%20%20%20%20%20%20%20%20%20%20%2A%20requestAnimationFrame%20timestamps%20can%20come%20through%20as%20lower%20than%0A%20%20%20%20%20%20%20%20%20%20%20%2A%20the%20startTime%20as%20set%20by%20performance.now%28%29.%20Here%20we%20prevent%20this%2C%0A%20%20%20%20%20%20%20%20%20%20%20%2A%20though%20in%20the%20future%20it%20could%20be%20possible%20to%20make%20setting%20startTime%0A%20%20%20%20%20%20%20%20%20%20%20%2A%20a%20pending%20operation%20that%20gets%20resolved%20here.%0A%20%20%20%20%20%20%20%20%20%20%20%2A%2F%20if%20%28this.speed%20%3E%200%29%20%7B%0A%20%20this.startTime%20%3D%20Math.min%28this.startTime%2C%20timestamp%29%3B%0A%20%20%7D%20else%20if%20%28this.speed%20%3C%200%29%20%7B%0A%20%20this.startTime%20%3D%20Math.min%28timestamp%20-%20totalDuration%20%2F%20this.speed%2C%20this.startTime%29%3B%0A%20%20%7D%0A%20%20if%20%28sample%29%20%7B%0A%20%20this.currentTime%20%3D%20timestamp%3B%0A%20%20%7D%20else%20%7B%0A%20%20this.updateTime%28timestamp%29%3B%0A%20%20%7D%0A%20%20%2F%2F%20Rebase%20on%20delay%0A%20%20const%20timeWithoutDelay%20%3D%20this.currentTime%20-%20delay%20%2A%20%28this.playbackSpeed%20%3E%3D%200%20%3F%201%20%3A%20-1%29%3B%0A%20%20const%20isInDelayPhase%20%3D%20this.playbackSpeed%20%3E%3D%200%20%3F%20timeWithoutDelay%20%3C%200%20%3A%20timeWithoutDelay%20%3E%20totalDuration%3B%0A%20%20this.currentTime%20%3D%20Math.max%28timeWithoutDelay%2C%200%29%3B%0A%20%20%2F%2F%20If%20this%20animation%20has%20finished%2C%20set%20the%20current%20time%20%20to%20the%20total%20duration.%0A%20%20if%20%28this.state%20%3D%3D%3D%20%22finished%22%20%26%26%20this.holdTime%20%3D%3D%3D%20null%29%20%7B%0A%20%20this.currentTime%20%3D%20totalDuration%3B%0A%20%20%7D%0A%20%20let%20elapsed%20%3D%20this.currentTime%3B%0A%20%20let%20frameGenerator%20%3D%20generator%3B%0A%20%20if%20%28repeat%29%20%7B%0A%20%20%2F%2A%2A%0A%20%20%20%20%20%20%20%20%20%20%20%20%20%20%20%2A%20Get%20the%20current%20progress%20%280-1%29%20of%20the%20animation.%20If%20t%20is%20%3E%0A%20%20%20%20%20%20%20%20%20%20%20%20%20%20%20%2A%20than%20duration%20we%27ll%20get%20values%20like%202.5%20%28midway%20through%20the%0A%20%20%20%20%20%20%20%20%20%20%20%20%20%20%20%2A%20third%20iteration%29%0A%20%20%20%20%20%20%20%20%20%20%20%20%20%20%20%2A%2F%20const%20progress%20%3D%20Math.min%28this.currentTime%2C%20totalDuration%29%20%2F%20resolvedDuration%3B%0A%20%20%2F%2A%2A%0A%20%20%20%20%20%20%20%20%20%20%20%20%20%20%20%2A%20Get%20the%20current%20iteration%20%280%20indexed%29.%20For%20instance%20the%20floor%20of%0A%20%20%20%20%20%20%20%20%20%20%20%20%20%20%20%2A%202.5%20is%202.%0A%20%20%20%20%20%20%20%20%20%20%20%20%20%20%20%2A%2F%20let%20currentIteration%20%3D%20Math.floor%28progress%29%3B%0A%20%20%2F%2A%2A%0A%20%20%20%20%20%20%20%20%20%20%20%20%20%20%20%2A%20Get%20the%20current%20progress%20of%20the%20iteration%20by%20taking%20the%20remainder%0A%20%20%20%20%20%20%20%20%20%20%20%20%20%20%20%2A%20so%202.5%20is%200.5%20through%20iteration%202%0A%20%20%20%20%20%20%20%20%20%20%20%20%20%20%20%2A%2F%20let%20iterationProgress%20%3D%20progress%20%25%201.0%3B%0A%20%20%2F%2A%2A%0A%20%20%20%20%20%20%20%20%20%20%20%20%20%20%20%2A%20If%20iteration%20progress%20is%201%20we%20count%20that%20as%20the%20end%0A%20%20%20%20%20%20%20%20%20%20%20%20%20%20%20%2A%20of%20the%20previous%20iteration.%0A%20%20%20%20%20%20%20%20%20%20%20%20%20%20%20%2A%2F%20if%20%28%21iterationProgress%20%26%26%20progress%20%3E%3D%201%29%20%7B%0A%20%20iterationProgress%20%3D%201%3B%0A%20%20%7D%0A%20%20iterationProgress%20%3D%3D%3D%201%20%26%26%20currentIteration--%3B%0A%20%20currentIteration%20%3D%20Math.min%28currentIteration%2C%20repeat%20%2B%201%29%3B%0A%20%20%2F%2A%2A%0A%20%20%20%20%20%20%20%20%20%20%20%20%20%20%20%2A%20Reverse%20progress%20if%20we%27re%20not%20running%20in%20%22normal%22%20direction%0A%20%20%20%20%20%20%20%20%20%20%20%20%20%20%20%2A%2F%20const%20isOddIteration%20%3D%20Boolean%28currentIteration%20%25%202%29%3B%0A%20%20if%20%28isOddIteration%29%20%7B%0A%20%20if%20%28repeatType%20%3D%3D%3D%20%22reverse%22%29%20%7B%0A%20%20iterationProgress%20%3D%201%20-%20iterationProgress%3B%0A%20%20if%20%28repeatDelay%29%20%7B%0A%20%20iterationProgress%20-%3D%20repeatDelay%20%2F%20resolvedDuration%3B%0A%20%20%7D%0A%20%20%7D%20else%20if%20%28repeatType%20%3D%3D%3D%20%22mirror%22%29%20%7B%0A%20%20frameGenerator%20%3D%20mirroredGenerator%3B%0A%20%20%7D%0A%20%20%7D%0A%20%20elapsed%20%3D%20clamp%280%2C%201%2C%20iterationProgress%29%20%2A%20resolvedDuration%3B%0A%20%20%7D%0A%20%20%2F%2A%2A%0A%20%20%20%20%20%20%20%20%20%20%20%2A%20If%20we%27re%20in%20negative%20time%2C%20set%20state%20as%20the%20initial%20keyframe.%0A%20%20%20%20%20%20%20%20%20%20%20%2A%20This%20prevents%20delay%3A%20x%2C%20duration%3A%200%20animations%20from%20finishing%0A%20%20%20%20%20%20%20%20%20%20%20%2A%20instantly.%0A%20%20%20%20%20%20%20%20%20%20%20%2A%2F%20let%20state%3B%0A%20%20if%20%28isInDelayPhase%29%20%7B%0A%20%20this.delayState.value%20%3D%20keyframes1%5B0%5D%3B%0A%20%20state%20%3D%20this.delayState%3B%0A%20%20%7D%20else%20%7B%0A%20%20state%20%3D%20frameGenerator.next%28elapsed%29%3B%0A%20%20%7D%0A%20%20if%20%28mixKeyframes%20%26%26%20%21isInDelayPhase%29%20%7B%0A%20%20state.value%20%3D%20mixKeyframes%28state.value%29%3B%0A%20%20%7D%0A%20%20let%20%7B%20done%20%7D%20%3D%20state%3B%0A%20%20if%20%28%21isInDelayPhase%20%26%26%20calculatedDuration%20%21%3D%3D%20null%29%20%7B%0A%20%20done%20%3D%20this.playbackSpeed%20%3E%3D%200%20%3F%20this.currentTime%20%3E%3D%20totalDuration%20%3A%20this.currentTime%20%3C%3D%200%3B%0A%20%20%7D%0A%20%20const%20isAnimationFinished%20%3D%20this.holdTime%20%3D%3D%3D%20null%20%26%26%20%28this.state%20%3D%3D%3D%20%22finished%22%20%7C%7C%20this.state%20%3D%3D%3D%20%22running%22%20%26%26%20done%29%3B%0A%20%20%2F%2F%20TODO%3A%20The%20exception%20for%20inertia%20could%20be%20cleaner%20here%0A%20%20if%20%28isAnimationFinished%20%26%26%20type%20%21%3D%3D%20inertia%29%20%7B%0A%20%20state.value%20%3D%20getFinalKeyframe%28keyframes1%2C%20this.options%2C%20finalKeyframe%2C%20this.speed%29%3B%0A%20%20%7D%0A%20%20if%20%28onUpdate%29%20%7B%0A%20%20onUpdate%28state.value%29%3B%0A%20%20%7D%0A%20%20if%20%28isAnimationFinished%29%20%7B%0A%20%20this.finish%28%29%3B%0A%20%20%7D%0A%20%20return%20state%3B%0A%20%20%7D%0A%20%20%2F%2A%2A%0A%20%20%20%20%20%20%20%2A%20Allows%20the%20returned%20animation%20to%20be%20awaited%20or%20promise-chained.%20Currently%0A%20%20%20%20%20%20%20%2A%20resolves%20when%20the%20animation%20finishes%20at%20all%20but%20in%20a%20future%20update%20could%2Fshould%0A%20%20%20%20%20%20%20%2A%20reject%20if%20its%20cancels.%0A%20%20%20%20%20%20%20%2A%2F%20then%28resolve%2C%20reject%29%20%7B%0A%20%20return%20this.finished.then%28resolve%2C%20reject%29%3B%0A%20%20%7D%0A%20%20get%20duration%28%29%20%7B%0A%20%20return%20millisecondsToSeconds%28this.calculatedDuration%29%3B%0A%20%20%7D%0A%20%20get%20iterationDuration%28%29%20%7B%0A%20%20const%20%7B%20delay%20%3D%200%20%7D%20%3D%20this.options%20%7C%7C%20%7B%7D%3B%0A%20%20return%20this.duration%20%2B%20millisecondsToSeconds%28delay%29%3B%0A%20%20%7D%0A%20%20get%20time%28%29%20%7B%0A%20%20return%20millisecondsToSeconds%28this.currentTime%29%3B%0A%20%20%7D%0A%20%20set%20time%28newTime%29%20%7B%0A%20%20newTime%20%3D%20secondsToMilliseconds%28newTime%29%3B%0A%20%20this.currentTime%20%3D%20newTime%3B%0A%20%20if%20%28this.startTime%20%3D%3D%3D%20null%20%7C%7C%20this.holdTime%20%21%3D%3D%20null%20%7C%7C%20this.playbackSpeed%20%3D%3D%3D%200%29%20%7B%0A%20%20this.holdTime%20%3D%20newTime%3B%0A%20%20%7D%20else%20if%20%28this.driver%29%20%7B%0A%20%20this.startTime%20%3D%20this.driver.now%28%29%20-%20newTime%20%2F%20this.playbackSpeed%3B%0A%20%20%7D%0A%20%20if%20%28this.driver%29%20%7B%0A%20%20this.driver.start%28false%29%3B%0A%20%20%7D%20else%20%7B%0A%20%20this.startTime%20%3D%200%3B%0A%20%20this.state%20%3D%20%22paused%22%3B%0A%20%20this.holdTime%20%3D%20newTime%3B%0A%20%20this.tick%28newTime%29%3B%0A%20%20%7D%0A%20%20%7D%0A%20%20%2F%2A%2A%0A%20%20%20%20%20%20%20%2A%20Returns%20the%20generator%27s%20velocity%20at%20the%20current%20time%20in%20units%2Fsecond.%0A%20%20%20%20%20%20%20%2A%20Uses%20the%20analytical%20derivative%20when%20available%20%28springs%29%2C%20avoiding%0A%20%20%20%20%20%20%20%2A%20the%20MotionValue%27s%20frame-dependent%20velocity%20estimation.%0A%20%20%20%20%20%20%20%2A%2F%20getGeneratorVelocity%28%29%20%7B%0A%20%20const%20t%20%3D%20this.currentTime%3B%0A%20%20if%20%28t%20%3C%3D%200%29%20return%20this.options.velocity%20%7C%7C%200%3B%0A%20%20if%20%28this.generator.velocity%29%20%7B%0A%20%20return%20this.generator.velocity%28t%29%3B%0A%20%20%7D%0A%20%20%2F%2F%20Fallback%3A%20finite%20difference%0A%20%20const%20current%20%3D%20this.generator.next%28t%29.value%3B%0A%20%20return%20getGeneratorVelocity%28%28s%29%3D%3Ethis.generator.next%28s%29.value%2C%20t%2C%20current%29%3B%0A%20%20%7D%0A%20%20get%20speed%28%29%20%7B%0A%20%20return%20this.playbackSpeed%3B%0A%20%20%7D%0A%20%20set%20speed%28newSpeed%29%20%7B%0A%20%20const%20hasChanged%20%3D%20this.playbackSpeed%20%21%3D%3D%20newSpeed%3B%0A%20%20if%20%28hasChanged%20%26%26%20this.driver%29%20%7B%0A%20%20this.updateTime%28time.now%28%29%29%3B%0A%20%20%7D%0A%20%20this.playbackSpeed%20%3D%20newSpeed%3B%0A%20%20if%20%28hasChanged%20%26%26%20this.driver%29%20%7B%0A%20%20this.time%20%3D%20millisecondsToSeconds%28this.currentTime%29%3B%0A%20%20%7D%0A%20%20%7D%0A%20%20play%28%29%20%7B%0A%20%20if%20%28this.isStopped%29%20return%3B%0A%20%20const%20%7B%20driver%20%3D%20frameloopDriver%2C%20startTime%20%7D%20%3D%20this.options%3B%0A%20%20if%20%28%21this.driver%29%20%7B%0A%20%20this.driver%20%3D%20driver%28%28timestamp%29%3D%3Ethis.tick%28timestamp%29%29%3B%0A%20%20%7D%0A%20%20this.options.onPlay%3F.%28%29%3B%0A%20%20const%20now%20%3D%20this.driver.now%28%29%3B%0A%20%20if%20%28this.state%20%3D%3D%3D%20%22finished%22%29%20%7B%0A%20%20this.updateFinished%28%29%3B%0A%20%20this.startTime%20%3D%20now%3B%0A%20%20%7D%20else%20if%20%28this.holdTime%20%21%3D%3D%20null%29%20%7B%0A%20%20this.startTime%20%3D%20now%20-%20this.holdTime%3B%0A%20%20%7D%20else%20if%20%28%21this.startTime%29%20%7B%0A%20%20this.startTime%20%3D%20startTime%20%3F%3F%20now%3B%0A%20%20%7D%0A%20%20if%20%28this.state%20%3D%3D%3D%20%22finished%22%20%26%26%20this.speed%20%3C%200%29%20%7B%0A%20%20this.startTime%20%2B%3D%20this.calculatedDuration%3B%0A%20%20%7D%0A%20%20this.holdTime%20%3D%20null%3B%0A%20%20%2F%2A%2A%0A%20%20%20%20%20%20%20%20%20%20%20%2A%20Set%20playState%20to%20running%20only%20after%20we%27ve%20used%20it%20in%0A%20%20%20%20%20%20%20%20%20%20%20%2A%20the%20previous%20logic.%0A%20%20%20%20%20%20%20%20%20%20%20%2A%2F%20this.state%20%3D%20%22running%22%3B%0A%20%20this.driver.start%28%29%3B%0A%20%20%7D%0A%20%20pause%28%29%20%7B%0A%20%20this.state%20%3D%20%22paused%22%3B%0A%20%20this.updateTime%28time.now%28%29%29%3B%0A%20%20this.holdTime%20%3D%20this.currentTime%3B%0A%20%20%7D%0A%20%20complete%28%29%20%7B%0A%20%20if%20%28this.state%20%21%3D%3D%20%22running%22%29%20%7B%0A%20%20this.play%28%29%3B%0A%20%20%7D%0A%20%20this.state%20%3D%20%22finished%22%3B%0A%20%20this.holdTime%20%3D%20null%3B%0A%20%20%7D%0A%20%20finish%28%29%20%7B%0A%20%20this.notifyFinished%28%29%3B%0A%20%20this.teardown%28%29%3B%0A%20%20this.state%20%3D%20%22finished%22%3B%0A%20%20this.options.onComplete%3F.%28%29%3B%0A%20%20%7D%0A%20%20cancel%28%29%20%7B%0A%20%20this.holdTime%20%3D%20null%3B%0A%20%20this.startTime%20%3D%200%3B%0A%20%20this.tick%280%29%3B%0A%20%20this.teardown%28%29%3B%0A%20%20this.options.onCancel%3F.%28%29%3B%0A%20%20%7D%0A%20%20teardown%28%29%20%7B%0A%20%20this.state%20%3D%20%22idle%22%3B%0A%20%20this.stopDriver%28%29%3B%0A%20%20this.startTime%20%3D%20this.holdTime%20%3D%20null%3B%0A%20%20activeAnimations.mainThread--%3B%0A%20%20%7D%0A%20%20stopDriver%28%29%20%7B%0A%20%20if%20%28%21this.driver%29%20return%3B%0A%20%20this.driver.stop%28%29%3B%0A%20%20this.driver%20%3D%20undefined%3B%0A%20%20%7D%0A%20%20sample%28sampleTime%29%20%7B%0A%20%20this.startTime%20%3D%200%3B%0A%20%20return%20this.tick%28sampleTime%2C%20true%29%3B%0A%20%20%7D%0A%20%20attachTimeline%28timeline%29%20%7B%0A%20%20if%20%28this.options.allowFlatten%29%20%7B%0A%20%20this.options.type%20%3D%20%22keyframes%22%3B%0A%20%20this.options.ease%20%3D%20%22linear%22%3B%0A%20%20this.initAnimation%28%29%3B%0A%20%20%7D%0A%20%20this.driver%3F.stop%28%29%3B%0A%20%20return%20timeline.observe%28this%29%3B%0A%20%20%7D%0A%20%20%7D%0A%20%20%2F%2F%20Legacy%20function%20support%0A%20%20function%20animateValue%28options%29%20%7B%0A%20%20return%20new%20JSAnimation%28options%29%3B%0A%20%20%7D%0A%20%20%3B%0A%20%20%3B%0A%20%20const%20unsupportedEasingFunctions%20%3D%20%7B%0A%20%20anticipate%3A%20anticipate%2C%0A%20%20backInOut%3A%20backInOut%2C%0A%20%20circInOut%3A%20circInOut%0A%20%20%7D%3B%0A%20%20function%20isUnsupportedEase%28key%29%20%7B%0A%20%20return%20key%20in%20unsupportedEasingFunctions%3B%0A%20%20%7D%0A%20%20function%20replaceStringEasing%28transition%29%20%7B%0A%20%20if%20%28typeof%20transition.ease%20%3D%3D%3D%20%22string%22%20%26%26%20isUnsupportedEase%28transition.ease%29%29%20%7B%0A%20%20transition.ease%20%3D%20unsupportedEasingFunctions%5Btransition.ease%5D%3B%0A%20%20%7D%0A%20%20%7D%0A%20%20%3B%0A%20%20%3B%0A%20%20%3B%0A%20%20%3B%0A%20%20%3B%0A%20%20%3B%0A%20%20%3B%0A%20%20%3B%0A%20%20%2F%2A%2A%0A%20%20%20%2A%2010ms%20is%20chosen%20here%20as%20it%20strikes%20a%20balance%20between%20smooth%0A%20%20%20%2A%20results%20%28more%20than%20one%20keyframe%20per%20frame%20at%2060fps%29%20and%0A%20%20%20%2A%20keyframe%20quantity.%0A%20%20%20%2A%2F%20const%20sampleDelta%20%3D%2010%3B%20%2F%2Fms%0A%20%20class%20NativeAnimationExtended%20extends%20NativeAnimation%20%7B%0A%20%20constructor%28options%29%7B%0A%20%20%2F%2A%2A%0A%20%20%20%20%20%20%20%20%20%20%20%2A%20The%20base%20NativeAnimation%20function%20only%20supports%20a%20subset%0A%20%20%20%20%20%20%20%20%20%20%20%2A%20of%20Motion%20easings%2C%20and%20WAAPI%20also%20only%20supports%20some%0A%20%20%20%20%20%20%20%20%20%20%20%2A%20easing%20functions%20via%20string%2Fcubic-bezier%20definitions.%0A%20%20%20%20%20%20%20%20%20%20%20%2A%0A%20%20%20%20%20%20%20%20%20%20%20%2A%20This%20function%20replaces%20those%20unsupported%20easing%20functions%0A%20%20%20%20%20%20%20%20%20%20%20%2A%20with%20a%20JS%20easing%20function.%20This%20will%20later%20get%20compiled%0A%20%20%20%20%20%20%20%20%20%20%20%2A%20to%20a%20linear%28%29%20easing%20function.%0A%20%20%20%20%20%20%20%20%20%20%20%2A%2F%20replaceStringEasing%28options%29%3B%0A%20%20%2F%2A%2A%0A%20%20%20%20%20%20%20%20%20%20%20%2A%20Ensure%20we%20replace%20the%20transition%20type%20with%20a%20generator%20function%0A%20%20%20%20%20%20%20%20%20%20%20%2A%20before%20passing%20to%20WAAPI.%0A%20%20%20%20%20%20%20%20%20%20%20%2A%0A%20%20%20%20%20%20%20%20%20%20%20%2A%20TODO%3A%20Does%20this%20have%20a%20better%20home%3F%20It%20could%20be%20shared%20with%0A%20%20%20%20%20%20%20%20%20%20%20%2A%20JSAnimation.%0A%20%20%20%20%20%20%20%20%20%20%20%2A%2F%20replaceTransitionType%28options%29%3B%0A%20%20super%28options%29%3B%0A%20%20%2F%2A%2A%0A%20%20%20%20%20%20%20%20%20%20%20%2A%20Only%20set%20startTime%20when%20the%20animation%20should%20autoplay.%0A%20%20%20%20%20%20%20%20%20%20%20%2A%20Setting%20startTime%20on%20a%20paused%20WAAPI%20animation%20unpauses%20it%0A%20%20%20%20%20%20%20%20%20%20%20%2A%20%28per%20the%20WAAPI%20spec%29%2C%20which%20breaks%20autoplay%3A%20false.%0A%20%20%20%20%20%20%20%20%20%20%20%2A%2F%20if%20%28options.startTime%20%21%3D%3D%20undefined%20%26%26%20options.autoplay%20%21%3D%3D%20false%29%20%7B%0A%20%20this.startTime%20%3D%20options.startTime%3B%0A%20%20%7D%0A%20%20this.options%20%3D%20options%3B%0A%20%20%7D%0A%20%20%2F%2A%2A%0A%20%20%20%20%20%20%20%2A%20WAAPI%20doesn%27t%20natively%20have%20any%20interruption%20capabilities.%0A%20%20%20%20%20%20%20%2A%0A%20%20%20%20%20%20%20%2A%20Rather%20than%20read%20committed%20styles%20back%20out%20of%20the%20DOM%2C%20we%20can%0A%20%20%20%20%20%20%20%2A%20create%20a%20renderless%20JS%20animation%20and%20sample%20it%20twice%20to%20calculate%0A%20%20%20%20%20%20%20%2A%20its%20current%20value%2C%20%22previous%22%20value%2C%20and%20therefore%20allow%0A%20%20%20%20%20%20%20%2A%20Motion%20to%20calculate%20velocity%20for%20any%20subsequent%20animation.%0A%20%20%20%20%20%20%20%2A%2F%20updateMotionValue%28value%29%20%7B%0A%20%20const%20%7B%20motionValue%2C%20onUpdate%2C%20onComplete%2C%20element%2C%20...options%20%7D%20%3D%20this.options%3B%0A%20%20if%20%28%21motionValue%29%20return%3B%0A%20%20if%20%28value%20%21%3D%3D%20undefined%29%20%7B%0A%20%20motionValue.set%28value%29%3B%0A%20%20return%3B%0A%20%20%7D%0A%20%20const%20sampleAnimation%20%3D%20new%20JSAnimation%28%7B%0A%20%20...options%2C%0A%20%20autoplay%3A%20false%0A%20%20%7D%29%3B%0A%20%20%2F%2A%2A%0A%20%20%20%20%20%20%20%20%20%20%20%2A%20Use%20wall-clock%20elapsed%20time%20for%20sampling.%0A%20%20%20%20%20%20%20%20%20%20%20%2A%20Under%20CPU%20load%2C%20WAAPI%27s%20currentTime%20may%20not%20reflect%20actual%0A%20%20%20%20%20%20%20%20%20%20%20%2A%20elapsed%20time%2C%20causing%20incorrect%20sampling%20and%20visual%20jumps.%0A%20%20%20%20%20%20%20%20%20%20%20%2A%2F%20const%20sampleTime%20%3D%20Math.max%28sampleDelta%2C%20time.now%28%29%20-%20this.startTime%29%3B%0A%20%20const%20delta%20%3D%20clamp%280%2C%20sampleDelta%2C%20sampleTime%20-%20sampleDelta%29%3B%0A%20%20const%20current%20%3D%20sampleAnimation.sample%28sampleTime%29.value%3B%0A%20%20%2F%2A%2A%0A%20%20%20%20%20%20%20%20%20%20%20%2A%20Write%20the%20estimated%20value%20to%20inline%20style%20so%20it%20persists%0A%20%20%20%20%20%20%20%20%20%20%20%2A%20after%20cancel%28%29%2C%20covering%20the%20async%20gap%20before%20the%20next%0A%20%20%20%20%20%20%20%20%20%20%20%2A%20animation%20starts.%0A%20%20%20%20%20%20%20%20%20%20%20%2A%2F%20const%20%7B%20name%20%7D%20%3D%20this.options%3B%0A%20%20if%20%28element%20%26%26%20name%29%20setStyle%28element%2C%20name%2C%20current%29%3B%0A%20%20motionValue.setWithVelocity%28sampleAnimation.sample%28Math.max%280%2C%20sampleTime%20-%20delta%29%29.value%2C%20current%2C%20delta%29%3B%0A%20%20sampleAnimation.stop%28%29%3B%0A%20%20%7D%0A%20%20%7D%0A%20%20%3B%0A%20%20%3B%0A%20%20%2F%2A%2A%0A%20%20%20%2A%20Check%20if%20a%20value%20is%20animatable.%20Examples%3A%0A%20%20%20%2A%0A%20%20%20%2A%20%E2%9C%85%3A%20100%2C%20%22100px%22%2C%20%22%23fff%22%0A%20%20%20%2A%20%E2%9D%8C%3A%20%22block%22%2C%20%22url%282.jpg%29%22%0A%20%20%20%2A%20%40param%20value%0A%20%20%20%2A%0A%20%20%20%2A%20%40internal%0A%20%20%20%2A%2F%20const%20isAnimatable%20%3D%20%28value%2C%20name%29%3D%3E%7B%0A%20%20%2F%2F%20If%20the%20list%20of%20keys%20that%20might%20be%20non-animatable%20grows%2C%20replace%20with%20Set%0A%20%20if%20%28name%20%3D%3D%3D%20%22zIndex%22%29%20return%20false%3B%0A%20%20%2F%2F%20If%20it%27s%20a%20number%20or%20a%20keyframes%20array%2C%20we%20can%20animate%20it.%20We%20might%20at%20some%20point%0A%20%20%2F%2F%20need%20to%20do%20a%20deep%20isAnimatable%20check%20of%20keyframes%2C%20or%20let%20Popmotion%20handle%20this%2C%0A%20%20%2F%2F%20but%20for%20now%20lets%20leave%20it%20like%20this%20for%20performance%20reasons%0A%20%20if%20%28typeof%20value%20%3D%3D%3D%20%22number%22%20%7C%7C%20Array.isArray%28value%29%29%20return%20true%3B%0A%20%20if%20%28typeof%20value%20%3D%3D%3D%20%22string%22%20%26%26%20%2F%2F%20It%27s%20animatable%20if%20we%20have%20a%20string%0A%20%20%28complex.test%28value%29%20%7C%7C%20value%20%3D%3D%3D%20%220%22%29%20%26%26%20%2F%2F%20And%20it%20contains%20numbers%20and%2For%20colors%0A%20%20%21value.startsWith%28%22url%28%22%29%20%2F%2F%20Unless%20it%20starts%20with%20%22url%28%22%0A%20%20%29%20%7B%0A%20%20return%20true%3B%0A%20%20%7D%0A%20%20return%20false%3B%0A%20%20%7D%3B%0A%20%20%3B%0A%20%20%3B%0A%20%20%3B%0A%20%20%3B%0A%20%20function%20hasKeyframesChanged%28keyframes%29%20%7B%0A%20%20const%20current%20%3D%20keyframes%5B0%5D%3B%0A%20%20if%20%28keyframes.length%20%3D%3D%3D%201%29%20return%20true%3B%0A%20%20for%28let%20i%20%3D%200%3B%20i%20%3C%20keyframes.length%3B%20i%2B%2B%29%7B%0A%20%20if%20%28keyframes%5Bi%5D%20%21%3D%3D%20current%29%20return%20true%3B%0A%20%20%7D%0A%20%20%7D%0A%20%20function%20canAnimate%28keyframes%2C%20name%2C%20type%2C%20velocity%29%20%7B%0A%20%20%2F%2A%2A%0A%20%20%20%20%20%20%20%2A%20Check%20if%20we%27re%20able%20to%20animate%20between%20the%20start%20and%20end%20keyframes%2C%0A%20%20%20%20%20%20%20%2A%20and%20throw%20a%20warning%20if%20we%27re%20attempting%20to%20animate%20between%20one%20that%27s%0A%20%20%20%20%20%20%20%2A%20animatable%20and%20another%20that%20isn%27t.%0A%20%20%20%20%20%20%20%2A%2F%20const%20originKeyframe%20%3D%20keyframes%5B0%5D%3B%0A%20%20if%20%28originKeyframe%20%3D%3D%3D%20null%29%20%7B%0A%20%20return%20false%3B%0A%20%20%7D%0A%20%20%2F%2A%2A%0A%20%20%20%20%20%20%20%2A%20These%20aren%27t%20traditionally%20animatable%20but%20we%20do%20support%20them.%0A%20%20%20%20%20%20%20%2A%20In%20future%20we%20could%20look%20into%20making%20this%20more%20generic%20or%20replacing%0A%20%20%20%20%20%20%20%2A%20this%20function%20with%20mix%28%29%20%3D%3D%3D%20mixImmediate%0A%20%20%20%20%20%20%20%2A%2F%20if%20%28name%20%3D%3D%3D%20%22display%22%20%7C%7C%20name%20%3D%3D%3D%20%22visibility%22%29%20return%20true%3B%0A%20%20const%20targetKeyframe%20%3D%20keyframes%5Bkeyframes.length%20-%201%5D%3B%0A%20%20const%20isOriginAnimatable%20%3D%20isAnimatable%28originKeyframe%2C%20name%29%3B%0A%20%20const%20isTargetAnimatable%20%3D%20isAnimatable%28targetKeyframe%2C%20name%29%3B%0A%20%20warning%28isOriginAnimatable%20%3D%3D%3D%20isTargetAnimatable%2C%20%60You%20are%20trying%20to%20animate%20%24%7Bname%7D%20from%20%22%24%7BoriginKeyframe%7D%22%20to%20%22%24%7BtargetKeyframe%7D%22.%20%22%24%7BisOriginAnimatable%20%3F%20targetKeyframe%20%3A%20originKeyframe%7D%22%20is%20not%20an%20animatable%20value.%60%2C%20%22value-not-animatable%22%29%3B%0A%20%20%2F%2F%20Always%20skip%20if%20any%20of%20these%20are%20true%0A%20%20if%20%28%21isOriginAnimatable%20%7C%7C%20%21isTargetAnimatable%29%20%7B%0A%20%20return%20false%3B%0A%20%20%7D%0A%20%20return%20hasKeyframesChanged%28keyframes%29%20%7C%7C%20%28type%20%3D%3D%3D%20%22spring%22%20%7C%7C%20isGenerator%28type%29%29%20%26%26%20velocity%3B%0A%20%20%7D%0A%20%20%3B%0A%20%20function%20makeAnimationInstant%28options%29%20%7B%0A%20%20options.duration%20%3D%200%3B%0A%20%20options.type%20%3D%20%22keyframes%22%3B%0A%20%20%7D%0A%20%20%3B%0A%20%20const%20browserColorFunctions%20%3D%20%2F%5E%28%3F%3Aoklch%7Coklab%7Clab%7Clch%7Ccolor%7Ccolor-mix%7Clight-dark%29%5C%28%2F%3B%0A%20%20function%20hasBrowserOnlyColors%28keyframes%29%20%7B%0A%20%20for%28let%20i%20%3D%200%3B%20i%20%3C%20keyframes.length%3B%20i%2B%2B%29%7B%0A%20%20if%20%28typeof%20keyframes%5Bi%5D%20%3D%3D%3D%20%22string%22%20%26%26%20browserColorFunctions.test%28keyframes%5Bi%5D%29%29%20%7B%0A%20%20return%20true%3B%0A%20%20%7D%0A%20%20%7D%0A%20%20return%20false%3B%0A%20%20%7D%0A%20%20%3B%0A%20%20%3B%0A%20%20%3B%0A%20%20%3B%0A%20%20const%20colorProperties%20%3D%20new%20Set%28%5B%0A%20%20%22color%22%2C%0A%20%20%22backgroundColor%22%2C%0A%20%20%22outlineColor%22%2C%0A%20%20%22fill%22%2C%0A%20%20%22stroke%22%2C%0A%20%20%22borderColor%22%2C%0A%20%20%22borderTopColor%22%2C%0A%20%20%22borderRightColor%22%2C%0A%20%20%22borderBottomColor%22%2C%0A%20%20%22borderLeftColor%22%0A%20%20%5D%29%3B%0A%20%20const%20supportsWaapi%20%3D%20%2F%2A%40__PURE__%2A%2F%20memo%28%28%29%3D%3EObject.hasOwnProperty.call%28Element.prototype%2C%20%22animate%22%29%29%3B%0A%20%20function%20supportsBrowserAnimation%28options%29%20%7B%0A%20%20const%20%7B%20motionValue%2C%20name%2C%20repeatDelay%2C%20repeatType%2C%20damping%2C%20type%2C%20keyframes%20%7D%20%3D%20options%3B%0A%20%20const%20subject%20%3D%20motionValue%3F.owner%3F.current%3B%0A%20%20%2F%2A%2A%0A%20%20%20%20%20%20%20%2A%20We%20use%20this%20check%20instead%20of%20isHTMLElement%28%29%20because%20we%20explicitly%0A%20%20%20%20%20%20%20%2A%20%2A%2Adon%27t%2A%2A%20want%20elements%20in%20different%20timing%20contexts%20%28i.e.%20popups%29%0A%20%20%20%20%20%20%20%2A%20to%20be%20accelerated%2C%20as%20it%27s%20not%20possible%20to%20sync%20these%20animations%0A%20%20%20%20%20%20%20%2A%20properly%20with%20those%20driven%20from%20the%20main%20window%20frameloop.%0A%20%20%20%20%20%20%20%2A%2F%20if%20%28%21%28subject%20instanceof%20HTMLElement%29%29%20%7B%0A%20%20return%20false%3B%0A%20%20%7D%0A%20%20const%20%7B%20onUpdate%2C%20transformTemplate%20%7D%20%3D%20motionValue.owner.getProps%28%29%3B%0A%20%20return%20supportsWaapi%28%29%20%26%26%20name%20%26%26%20%2F%2A%2A%0A%20%20%20%20%20%20%20%20%20%20%20%2A%20Force%20WAAPI%20for%20color%20properties%20with%20browser-only%20color%20formats%0A%20%20%20%20%20%20%20%20%20%20%20%2A%20%28oklch%2C%20oklab%2C%20lab%2C%20lch%2C%20etc.%29%20that%20the%20JS%20animation%20path%20can%27t%20parse.%0A%20%20%20%20%20%20%20%20%20%20%20%2A%2F%20%28acceleratedValues.has%28name%29%20%7C%7C%20colorProperties.has%28name%29%20%26%26%20hasBrowserOnlyColors%28keyframes%29%29%20%26%26%20%28name%20%21%3D%3D%20%22transform%22%20%7C%7C%20%21transformTemplate%29%20%26%26%20%2F%2A%2A%0A%20%20%20%20%20%20%20%20%20%20%20%2A%20If%20we%27re%20outputting%20values%20to%20onUpdate%20then%20we%20can%27t%20use%20WAAPI%20as%20there%27s%0A%20%20%20%20%20%20%20%20%20%20%20%2A%20no%20way%20to%20read%20the%20value%20from%20WAAPI%20every%20frame.%0A%20%20%20%20%20%20%20%20%20%20%20%2A%2F%20%21onUpdate%20%26%26%20%21repeatDelay%20%26%26%20repeatType%20%21%3D%3D%20%22mirror%22%20%26%26%20damping%20%21%3D%3D%200%20%26%26%20type%20%21%3D%3D%20%22inertia%22%3B%0A%20%20%7D%0A%20%20%3B%0A%20%20%3B%0A%20%20%3B%0A%20%20%3B%0A%20%20%3B%0A%20%20%3B%0A%20%20%3B%0A%20%20%3B%0A%20%20%3B%0A%20%20%3B%0A%20%20%3B%0A%20%20%2F%2A%2A%0A%20%20%20%2A%20Maximum%20time%20allowed%20between%20an%20animation%20being%20created%20and%20it%20being%0A%20%20%20%2A%20resolved%20for%20us%20to%20use%20the%20latter%20as%20the%20start%20time.%0A%20%20%20%2A%0A%20%20%20%2A%20This%20is%20to%20ensure%20that%20while%20we%20prefer%20to%20%22start%22%20an%20animation%20as%20soon%0A%20%20%20%2A%20as%20it%27s%20triggered%2C%20we%20also%20want%20to%20avoid%20a%20visual%20jump%20if%20there%27s%20a%20big%20delay%0A%20%20%20%2A%20between%20these%20two%20moments.%0A%20%20%20%2A%2F%20const%20MAX_RESOLVE_DELAY%20%3D%2040%3B%0A%20%20class%20AsyncMotionValueAnimation%20extends%20WithPromise%20%7B%0A%20%20constructor%28%7B%20autoplay%20%3D%20true%2C%20delay%20%3D%200%2C%20type%20%3D%20%22keyframes%22%2C%20repeat%20%3D%200%2C%20repeatDelay%20%3D%200%2C%20repeatType%20%3D%20%22loop%22%2C%20keyframes%2C%20name%2C%20motionValue%2C%20element%2C%20...options%20%7D%29%7B%0A%20%20super%28%29%3B%0A%20%20%2F%2A%2A%0A%20%20%20%20%20%20%20%20%20%20%20%2A%20Bound%20to%20support%20return%20animation.stop%20pattern%0A%20%20%20%20%20%20%20%20%20%20%20%2A%2F%20this.stop%20%3D%20%28%29%3D%3E%7B%0A%20%20if%20%28this._animation%29%20%7B%0A%20%20this._animation.stop%28%29%3B%0A%20%20this.stopTimeline%3F.%28%29%3B%0A%20%20%7D%0A%20%20this.keyframeResolver%3F.cancel%28%29%3B%0A%20%20%7D%3B%0A%20%20this.createdAt%20%3D%20time.now%28%29%3B%0A%20%20const%20optionsWithDefaults%20%3D%20%7B%0A%20%20autoplay%2C%0A%20%20delay%2C%0A%20%20type%2C%0A%20%20repeat%2C%0A%20%20repeatDelay%2C%0A%20%20repeatType%2C%0A%20%20name%2C%0A%20%20motionValue%2C%0A%20%20element%2C%0A%20%20...options%0A%20%20%7D%3B%0A%20%20const%20KeyframeResolver%241%20%3D%20element%3F.KeyframeResolver%20%7C%7C%20KeyframeResolver%3B%0A%20%20this.keyframeResolver%20%3D%20new%20KeyframeResolver%241%28keyframes%2C%20%28resolvedKeyframes%2C%20finalKeyframe%2C%20forced%29%3D%3Ethis.onKeyframesResolved%28resolvedKeyframes%2C%20finalKeyframe%2C%20optionsWithDefaults%2C%20%21forced%29%2C%20name%2C%20motionValue%2C%20element%29%3B%0A%20%20this.keyframeResolver%3F.scheduleResolve%28%29%3B%0A%20%20%7D%0A%20%20onKeyframesResolved%28keyframes%2C%20finalKeyframe%2C%20options%2C%20sync%29%20%7B%0A%20%20this.keyframeResolver%20%3D%20undefined%3B%0A%20%20const%20%7B%20name%2C%20type%2C%20velocity%2C%20delay%2C%20isHandoff%2C%20onUpdate%20%7D%20%3D%20options%3B%0A%20%20this.resolvedAt%20%3D%20time.now%28%29%3B%0A%20%20%2F%2A%2A%0A%20%20%20%20%20%20%20%20%20%20%20%2A%20If%20we%20can%27t%20animate%20this%20value%20with%20the%20resolved%20keyframes%0A%20%20%20%20%20%20%20%20%20%20%20%2A%20then%20we%20should%20complete%20it%20immediately.%0A%20%20%20%20%20%20%20%20%20%20%20%2A%2F%20let%20canAnimateValue%20%3D%20true%3B%0A%20%20if%20%28%21canAnimate%28keyframes%2C%20name%2C%20type%2C%20velocity%29%29%20%7B%0A%20%20canAnimateValue%20%3D%20false%3B%0A%20%20if%20%28MotionGlobalConfig.instantAnimations%20%7C%7C%20%21delay%29%20%7B%0A%20%20onUpdate%3F.%28getFinalKeyframe%28keyframes%2C%20options%2C%20finalKeyframe%29%29%3B%0A%20%20%7D%0A%20%20keyframes%5B0%5D%20%3D%20keyframes%5Bkeyframes.length%20-%201%5D%3B%0A%20%20makeAnimationInstant%28options%29%3B%0A%20%20options.repeat%20%3D%200%3B%0A%20%20%7D%0A%20%20%2F%2A%2A%0A%20%20%20%20%20%20%20%20%20%20%20%2A%20Resolve%20startTime%20for%20the%20animation.%0A%20%20%20%20%20%20%20%20%20%20%20%2A%0A%20%20%20%20%20%20%20%20%20%20%20%2A%20This%20method%20uses%20the%20createdAt%20and%20resolvedAt%20to%20calculate%20the%0A%20%20%20%20%20%20%20%20%20%20%20%2A%20animation%20startTime.%20%2AIdeally%2A%2C%20we%20would%20use%20the%20createdAt%20time%20as%20t%3D0%0A%20%20%20%20%20%20%20%20%20%20%20%2A%20as%20the%20following%20frame%20would%20then%20be%20the%20first%20frame%20of%20the%20animation%20in%0A%20%20%20%20%20%20%20%20%20%20%20%2A%20progress%2C%20which%20would%20feel%20snappier.%0A%20%20%20%20%20%20%20%20%20%20%20%2A%0A%20%20%20%20%20%20%20%20%20%20%20%2A%20However%2C%20if%20there%27s%20a%20delay%20%28main%20thread%20work%29%20between%20the%20creation%20of%0A%20%20%20%20%20%20%20%20%20%20%20%2A%20the%20animation%20and%20the%20first%20committed%20frame%2C%20we%20prefer%20to%20use%20resolvedAt%0A%20%20%20%20%20%20%20%20%20%20%20%2A%20to%20avoid%20a%20sudden%20jump%20into%20the%20animation.%0A%20%20%20%20%20%20%20%20%20%20%20%2A%2F%20const%20startTime%20%3D%20sync%20%3F%20%21this.resolvedAt%20%3F%20this.createdAt%20%3A%20this.resolvedAt%20-%20this.createdAt%20%3E%20MAX_RESOLVE_DELAY%20%3F%20this.resolvedAt%20%3A%20this.createdAt%20%3A%20undefined%3B%0A%20%20const%20resolvedOptions%20%3D%20%7B%0A%20%20startTime%2C%0A%20%20finalKeyframe%2C%0A%20%20...options%2C%0A%20%20keyframes%0A%20%20%7D%3B%0A%20%20%2F%2A%2A%0A%20%20%20%20%20%20%20%20%20%20%20%2A%20Animate%20via%20WAAPI%20if%20possible.%20If%20this%20is%20a%20handoff%20animation%2C%20the%20optimised%20animation%20will%20be%20running%20via%0A%20%20%20%20%20%20%20%20%20%20%20%2A%20WAAPI.%20Therefore%2C%20this%20animation%20must%20be%20JS%20to%20ensure%20it%20runs%20%22under%22%20the%0A%20%20%20%20%20%20%20%20%20%20%20%2A%20optimised%20animation.%0A%20%20%20%20%20%20%20%20%20%20%20%2A%0A%20%20%20%20%20%20%20%20%20%20%20%2A%20Also%20skip%20WAAPI%20when%20keyframes%20aren%27t%20animatable%2C%20as%20the%20resolved%0A%20%20%20%20%20%20%20%20%20%20%20%2A%20values%20may%20not%20be%20valid%20CSS%20and%20would%20trigger%20browser%20warnings.%0A%20%20%20%20%20%20%20%20%20%20%20%2A%2F%20const%20useWaapi%20%3D%20canAnimateValue%20%26%26%20%21isHandoff%20%26%26%20supportsBrowserAnimation%28resolvedOptions%29%3B%0A%20%20const%20element%20%3D%20resolvedOptions.motionValue%3F.owner%3F.current%3B%0A%20%20let%20animation%3B%0A%20%20if%20%28useWaapi%29%20%7B%0A%20%20try%20%7B%0A%20%20animation%20%3D%20new%20NativeAnimationExtended%28%7B%0A%20%20...resolvedOptions%2C%0A%20%20element%0A%20%20%7D%29%3B%0A%20%20%7D%20catch%20%20%7B%0A%20%20animation%20%3D%20new%20JSAnimation%28resolvedOptions%29%3B%0A%20%20%7D%0A%20%20%7D%20else%20%7B%0A%20%20animation%20%3D%20new%20JSAnimation%28resolvedOptions%29%3B%0A%20%20%7D%0A%20%20animation.finished.then%28%28%29%3D%3E%7B%0A%20%20this.notifyFinished%28%29%3B%0A%20%20%7D%29.catch%28noop%29%3B%0A%20%20if%20%28this.pendingTimeline%29%20%7B%0A%20%20this.stopTimeline%20%3D%20animation.attachTimeline%28this.pendingTimeline%29%3B%0A%20%20this.pendingTimeline%20%3D%20undefined%3B%0A%20%20%7D%0A%20%20this._animation%20%3D%20animation%3B%0A%20%20%7D%0A%20%20get%20finished%28%29%20%7B%0A%20%20if%20%28%21this._animation%29%20%7B%0A%20%20return%20this._finished%3B%0A%20%20%7D%20else%20%7B%0A%20%20return%20this.animation.finished%3B%0A%20%20%7D%0A%20%20%7D%0A%20%20then%28onResolve%2C%20_onReject%29%20%7B%0A%20%20return%20this.finished.finally%28onResolve%29.then%28%28%29%3D%3E%7B%7D%29%3B%0A%20%20%7D%0A%20%20get%20animation%28%29%20%7B%0A%20%20if%20%28%21this._animation%29%20%7B%0A%20%20this.keyframeResolver%3F.resume%28%29%3B%0A%20%20flushKeyframeResolvers%28%29%3B%0A%20%20%7D%0A%20%20return%20this._animation%3B%0A%20%20%7D%0A%20%20get%20duration%28%29%20%7B%0A%20%20return%20this.animation.duration%3B%0A%20%20%7D%0A%20%20get%20iterationDuration%28%29%20%7B%0A%20%20return%20this.animation.iterationDuration%3B%0A%20%20%7D%0A%20%20get%20time%28%29%20%7B%0A%20%20return%20this.animation.time%3B%0A%20%20%7D%0A%20%20set%20time%28newTime%29%20%7B%0A%20%20this.animation.time%20%3D%20newTime%3B%0A%20%20%7D%0A%20%20get%20speed%28%29%20%7B%0A%20%20return%20this.animation.speed%3B%0A%20%20%7D%0A%20%20get%20state%28%29%20%7B%0A%20%20return%20this.animation.state%3B%0A%20%20%7D%0A%20%20set%20speed%28newSpeed%29%20%7B%0A%20%20this.animation.speed%20%3D%20newSpeed%3B%0A%20%20%7D%0A%20%20get%20startTime%28%29%20%7B%0A%20%20return%20this.animation.startTime%3B%0A%20%20%7D%0A%20%20attachTimeline%28timeline%29%20%7B%0A%20%20if%20%28this._animation%29%20%7B%0A%20%20this.stopTimeline%20%3D%20this.animation.attachTimeline%28timeline%29%3B%0A%20%20%7D%20else%20%7B%0A%20%20this.pendingTimeline%20%3D%20timeline%3B%0A%20%20%7D%0A%20%20return%20%28%29%3D%3Ethis.stop%28%29%3B%0A%20%20%7D%0A%20%20play%28%29%20%7B%0A%20%20this.animation.play%28%29%3B%0A%20%20%7D%0A%20%20pause%28%29%20%7B%0A%20%20this.animation.pause%28%29%3B%0A%20%20%7D%0A%20%20complete%28%29%20%7B%0A%20%20this.animation.complete%28%29%3B%0A%20%20%7D%0A%20%20cancel%28%29%20%7B%0A%20%20if%20%28this._animation%29%20%7B%0A%20%20this.animation.cancel%28%29%3B%0A%20%20%7D%0A%20%20this.keyframeResolver%3F.cancel%28%29%3B%0A%20%20%7D%0A%20%20%7D%0A%20%20%3B%0A%20%20%3B%0A%20%20const%20underDampedSpring%20%3D%20%7B%0A%20%20type%3A%20%22spring%22%2C%0A%20%20stiffness%3A%20500%2C%0A%20%20damping%3A%2025%2C%0A%20%20restSpeed%3A%2010%0A%20%20%7D%3B%0A%20%20const%20criticallyDampedSpring%20%3D%20%28target%29%3D%3E%28%7B%0A%20%20type%3A%20%22spring%22%2C%0A%20%20stiffness%3A%20550%2C%0A%20%20damping%3A%20target%20%3D%3D%3D%200%20%3F%202%20%2A%20Math.sqrt%28550%29%20%3A%2030%2C%0A%20%20restSpeed%3A%2010%0A%20%20%7D%29%3B%0A%20%20const%20keyframesTransition%20%3D%20%7B%0A%20%20type%3A%20%22keyframes%22%2C%0A%20%20duration%3A%200.8%0A%20%20%7D%3B%0A%20%20%2F%2A%2A%0A%20%20%20%2A%20Default%20easing%20curve%20is%20a%20slightly%20shallower%20version%20of%0A%20%20%20%2A%20the%20default%20browser%20easing%20curve.%0A%20%20%20%2A%2F%20const%20ease1%20%3D%20%7B%0A%20%20type%3A%20%22keyframes%22%2C%0A%20%20ease%3A%20%5B%0A%20%200.25%2C%0A%20%200.1%2C%0A%20%200.35%2C%0A%20%201%0A%20%20%5D%2C%0A%20%20duration%3A%200.3%0A%20%20%7D%3B%0A%20%20const%20getDefaultTransition%20%3D%20%28valueKey%2C%20%7B%20keyframes%20%7D%29%3D%3E%7B%0A%20%20if%20%28keyframes.length%20%3E%202%29%20%7B%0A%20%20return%20keyframesTransition%3B%0A%20%20%7D%20else%20if%20%28transformProps.has%28valueKey%29%29%20%7B%0A%20%20return%20valueKey.startsWith%28%22scale%22%29%20%3F%20criticallyDampedSpring%28keyframes%5B1%5D%29%20%3A%20underDampedSpring%3B%0A%20%20%7D%0A%20%20return%20ease1%3B%0A%20%20%7D%3B%0A%20%20%3B%0A%20%20const%20orchestrationKeys%20%3D%20new%20Set%28%5B%0A%20%20%22when%22%2C%0A%20%20%22delay%22%2C%0A%20%20%22delayChildren%22%2C%0A%20%20%22staggerChildren%22%2C%0A%20%20%22staggerDirection%22%2C%0A%20%20%22repeat%22%2C%0A%20%20%22repeatType%22%2C%0A%20%20%22repeatDelay%22%2C%0A%20%20%22from%22%2C%0A%20%20%22elapsed%22%0A%20%20%5D%29%3B%0A%20%20%2F%2A%2A%0A%20%20%20%2A%20Decide%20whether%20a%20transition%20is%20defined%20on%20a%20given%20Transition.%0A%20%20%20%2A%20This%20filters%20out%20orchestration%20options%20and%20returns%20true%0A%20%20%20%2A%20if%20any%20options%20are%20left.%0A%20%20%20%2A%2F%20function%20isTransitionDefined%28transition%29%20%7B%0A%20%20for%28const%20key%20in%20transition%29%7B%0A%20%20if%20%28%21orchestrationKeys.has%28key%29%29%20return%20true%3B%0A%20%20%7D%0A%20%20return%20false%3B%0A%20%20%7D%0A%20%20%3B%0A%20%20%3B%0A%20%20%3B%0A%20%20%3B%0A%20%20%3B%0A%20%20%3B%0A%20%20%3B%0A%20%20%3B%0A%20%20%3B%0A%20%20%3B%0A%20%20const%20animateMotionValue%20%3D%20%28name%2C%20value%2C%20target%2C%20transition%20%3D%20%7B%7D%2C%20element%2C%20isHandoff%29%3D%3E%28onComplete%29%3D%3E%7B%0A%20%20const%20valueTransition%20%3D%20getValueTransition%28transition%2C%20name%29%20%7C%7C%20%7B%7D%3B%0A%20%20%2F%2A%2A%0A%20%20%20%20%20%20%20%2A%20Most%20transition%20values%20are%20currently%20completely%20overwritten%20by%20value-specific%0A%20%20%20%20%20%20%20%2A%20transitions.%20In%20the%20future%20it%27d%20be%20nicer%20to%20blend%20these%20transitions.%20But%20for%20now%0A%20%20%20%20%20%20%20%2A%20delay%20actually%20does%20inherit%20from%20the%20root%20transition%20if%20not%20value-specific.%0A%20%20%20%20%20%20%20%2A%2F%20const%20delay%20%3D%20valueTransition.delay%20%7C%7C%20transition.delay%20%7C%7C%200%3B%0A%20%20%2F%2A%2A%0A%20%20%20%20%20%20%20%2A%20Elapsed%20isn%27t%20a%20public%20transition%20option%20but%20can%20be%20passed%20through%20from%0A%20%20%20%20%20%20%20%2A%20optimized%20appear%20effects%20in%20milliseconds.%0A%20%20%20%20%20%20%20%2A%2F%20let%20%7B%20elapsed%20%3D%200%20%7D%20%3D%20transition%3B%0A%20%20elapsed%20%3D%20elapsed%20-%20secondsToMilliseconds%28delay%29%3B%0A%20%20const%20options%20%3D%20%7B%0A%20%20keyframes%3A%20Array.isArray%28target%29%20%3F%20target%20%3A%20%5B%0A%20%20null%2C%0A%20%20target%0A%20%20%5D%2C%0A%20%20ease%3A%20%22easeOut%22%2C%0A%20%20velocity%3A%20value.getVelocity%28%29%2C%0A%20%20...valueTransition%2C%0A%20%20delay%3A%20-elapsed%2C%0A%20%20onUpdate%3A%20%28v%29%3D%3E%7B%0A%20%20value.set%28v%29%3B%0A%20%20valueTransition.onUpdate%20%26%26%20valueTransition.onUpdate%28v%29%3B%0A%20%20%7D%2C%0A%20%20onComplete%3A%20%28%29%3D%3E%7B%0A%20%20onComplete%28%29%3B%0A%20%20valueTransition.onComplete%20%26%26%20valueTransition.onComplete%28%29%3B%0A%20%20%7D%2C%0A%20%20name%2C%0A%20%20motionValue%3A%20value%2C%0A%20%20element%3A%20isHandoff%20%3F%20undefined%20%3A%20element%0A%20%20%7D%3B%0A%20%20%2F%2A%2A%0A%20%20%20%20%20%20%20%2A%20If%20there%27s%20no%20transition%20defined%20for%20this%20value%2C%20we%20can%20generate%0A%20%20%20%20%20%20%20%2A%20unique%20transition%20settings%20for%20this%20value.%0A%20%20%20%20%20%20%20%2A%2F%20if%20%28%21isTransitionDefined%28valueTransition%29%29%20%7B%0A%20%20Object.assign%28options%2C%20getDefaultTransition%28name%2C%20options%29%29%3B%0A%20%20%7D%0A%20%20%2F%2A%2A%0A%20%20%20%20%20%20%20%2A%20Both%20WAAPI%20and%20our%20internal%20animation%20functions%20use%20durations%0A%20%20%20%20%20%20%20%2A%20as%20defined%20by%20milliseconds%2C%20while%20our%20external%20API%20defines%20them%0A%20%20%20%20%20%20%20%2A%20as%20seconds.%0A%20%20%20%20%20%20%20%2A%2F%20options.duration%20%26%26%20%28options.duration%20%3D%20secondsToMilliseconds%28options.duration%29%29%3B%0A%20%20options.repeatDelay%20%26%26%20%28options.repeatDelay%20%3D%20secondsToMilliseconds%28options.repeatDelay%29%29%3B%0A%20%20%2F%2A%2A%0A%20%20%20%20%20%20%20%2A%20Support%20deprecated%20way%20to%20set%20initial%20value.%20Prefer%20keyframe%20syntax.%0A%20%20%20%20%20%20%20%2A%2F%20if%20%28options.from%20%21%3D%3D%20undefined%29%20%7B%0A%20%20options.keyframes%5B0%5D%20%3D%20options.from%3B%0A%20%20%7D%0A%20%20let%20shouldSkip%20%3D%20false%3B%0A%20%20if%20%28options.type%20%3D%3D%3D%20false%20%7C%7C%20options.duration%20%3D%3D%3D%200%20%26%26%20%21options.repeatDelay%29%20%7B%0A%20%20makeAnimationInstant%28options%29%3B%0A%20%20if%20%28options.delay%20%3D%3D%3D%200%29%20%7B%0A%20%20shouldSkip%20%3D%20true%3B%0A%20%20%7D%0A%20%20%7D%0A%20%20if%20%28MotionGlobalConfig.instantAnimations%20%7C%7C%20MotionGlobalConfig.skipAnimations%20%7C%7C%20element%3F.shouldSkipAnimations%29%20%7B%0A%20%20shouldSkip%20%3D%20true%3B%0A%20%20makeAnimationInstant%28options%29%3B%0A%20%20options.delay%20%3D%200%3B%0A%20%20%7D%0A%20%20%2F%2A%2A%0A%20%20%20%20%20%20%20%2A%20If%20the%20transition%20type%20or%20easing%20has%20been%20explicitly%20set%20by%20the%20user%0A%20%20%20%20%20%20%20%2A%20then%20we%20don%27t%20want%20to%20allow%20flattening%20the%20animation.%0A%20%20%20%20%20%20%20%2A%2F%20options.allowFlatten%20%3D%20%21valueTransition.type%20%26%26%20%21valueTransition.ease%3B%0A%20%20%2F%2A%2A%0A%20%20%20%20%20%20%20%2A%20If%20we%20can%20or%20must%20skip%20creating%20the%20animation%2C%20and%20apply%20only%0A%20%20%20%20%20%20%20%2A%20the%20final%20keyframe%2C%20do%20so.%20We%20also%20check%20once%20keyframes%20are%20resolved%20but%0A%20%20%20%20%20%20%20%2A%20this%20early%20check%20prevents%20the%20need%20to%20create%20an%20animation%20at%20all.%0A%20%20%20%20%20%20%20%2A%2F%20if%20%28shouldSkip%20%26%26%20%21isHandoff%20%26%26%20value.get%28%29%20%21%3D%3D%20undefined%29%20%7B%0A%20%20const%20finalKeyframe%20%3D%20getFinalKeyframe%28options.keyframes%2C%20valueTransition%29%3B%0A%20%20if%20%28finalKeyframe%20%21%3D%3D%20undefined%29%20%7B%0A%20%20frame.update%28%28%29%3D%3E%7B%0A%20%20options.onUpdate%28finalKeyframe%29%3B%0A%20%20options.onComplete%28%29%3B%0A%20%20%7D%29%3B%0A%20%20return%3B%0A%20%20%7D%0A%20%20%7D%0A%20%20return%20valueTransition.isSync%20%3F%20new%20JSAnimation%28options%29%20%3A%20new%20AsyncMotionValueAnimation%28options%29%3B%0A%20%20%7D%3B%0A%20%20%3B%0A%20%20%3B%0A%20%20%3B%0A%20%20%3B%0A%20%20%3B%0A%20%20%3B%0A%20%20%3B%0A%20%20%3B%0A%20%20%3B%0A%20%20%2F%2A%2A%0A%20%20%20%2A%20Decide%20whether%20we%20should%20block%20this%20animation.%20Previously%2C%20we%20achieved%20this%0A%20%20%20%2A%20just%20by%20checking%20whether%20the%20key%20was%20listed%20in%20protectedKeys%2C%20but%20this%0A%20%20%20%2A%20posed%20problems%20if%20an%20animation%20was%20triggered%20by%20afterChildren%20and%20protectedKeys%0A%20%20%20%2A%20had%20been%20set%20to%20true%20in%20the%20meantime.%0A%20%20%20%2A%2F%20function%20shouldBlockAnimation%28%7B%20protectedKeys%2C%20needsAnimating%20%7D%2C%20key%29%20%7B%0A%20%20const%20shouldBlock%20%3D%20protectedKeys.hasOwnProperty%28key%29%20%26%26%20needsAnimating%5Bkey%5D%20%21%3D%3D%20true%3B%0A%20%20needsAnimating%5Bkey%5D%20%3D%20false%3B%0A%20%20return%20shouldBlock%3B%0A%20%20%7D%0A%20%20function%20animateTarget%28visualElement%2C%20targetAndTransition%2C%20%7B%20delay%20%3D%200%2C%20transitionOverride%2C%20type%20%7D%20%3D%20%7B%7D%29%20%7B%0A%20%20let%20%7B%20transition%2C%20transitionEnd%2C%20...target%20%7D%20%3D%20targetAndTransition%3B%0A%20%20const%20defaultTransition%20%3D%20visualElement.getDefaultTransition%28%29%3B%0A%20%20transition%20%3D%20transition%20%3F%20resolveTransition%28transition%2C%20defaultTransition%29%20%3A%20defaultTransition%3B%0A%20%20const%20reduceMotion%20%3D%20transition%3F.reduceMotion%3B%0A%20%20if%20%28transitionOverride%29%20transition%20%3D%20transitionOverride%3B%0A%20%20const%20animations%20%3D%20%5B%5D%3B%0A%20%20const%20animationTypeState%20%3D%20type%20%26%26%20visualElement.animationState%20%26%26%20visualElement.animationState.getState%28%29%5Btype%5D%3B%0A%20%20for%28const%20key%20in%20target%29%7B%0A%20%20const%20value%20%3D%20visualElement.getValue%28key%2C%20visualElement.latestValues%5Bkey%5D%20%3F%3F%20null%29%3B%0A%20%20const%20valueTarget%20%3D%20target%5Bkey%5D%3B%0A%20%20if%20%28valueTarget%20%3D%3D%3D%20undefined%20%7C%7C%20animationTypeState%20%26%26%20shouldBlockAnimation%28animationTypeState%2C%20key%29%29%20%7B%0A%20%20continue%3B%0A%20%20%7D%0A%20%20const%20valueTransition%20%3D%20%7B%0A%20%20delay%2C%0A%20%20...getValueTransition%28transition%20%7C%7C%20%7B%7D%2C%20key%29%0A%20%20%7D%3B%0A%20%20%2F%2A%2A%0A%20%20%20%20%20%20%20%20%20%20%20%2A%20If%20the%20value%20is%20already%20at%20the%20defined%20target%2C%20skip%20the%20animation.%0A%20%20%20%20%20%20%20%20%20%20%20%2A%20We%20still%20re-assert%20the%20value%20via%20frame.update%20to%20take%20precedence%0A%20%20%20%20%20%20%20%20%20%20%20%2A%20over%20any%20stale%20transitionEnd%20callbacks%20from%20previous%20animations.%0A%20%20%20%20%20%20%20%20%20%20%20%2A%2F%20const%20currentValue%20%3D%20value.get%28%29%3B%0A%20%20if%20%28currentValue%20%21%3D%3D%20undefined%20%26%26%20%21value.isAnimating%28%29%20%26%26%20%21Array.isArray%28valueTarget%29%20%26%26%20valueTarget%20%3D%3D%3D%20currentValue%20%26%26%20%21valueTransition.velocity%29%20%7B%0A%20%20frame.update%28%28%29%3D%3Evalue.set%28valueTarget%29%29%3B%0A%20%20continue%3B%0A%20%20%7D%0A%20%20%2F%2A%2A%0A%20%20%20%20%20%20%20%20%20%20%20%2A%20If%20this%20is%20the%20first%20time%20a%20value%20is%20being%20animated%2C%20check%0A%20%20%20%20%20%20%20%20%20%20%20%2A%20to%20see%20if%20we%27re%20handling%20off%20from%20an%20existing%20animation.%0A%20%20%20%20%20%20%20%20%20%20%20%2A%2F%20let%20isHandoff%20%3D%20false%3B%0A%20%20if%20%28window.MotionHandoffAnimation%29%20%7B%0A%20%20const%20appearId%20%3D%20getOptimisedAppearId%28visualElement%29%3B%0A%20%20if%20%28appearId%29%20%7B%0A%20%20const%20startTime%20%3D%20window.MotionHandoffAnimation%28appearId%2C%20key%2C%20frame%29%3B%0A%20%20if%20%28startTime%20%21%3D%3D%20null%29%20%7B%0A%20%20valueTransition.startTime%20%3D%20startTime%3B%0A%20%20isHandoff%20%3D%20true%3B%0A%20%20%7D%0A%20%20%7D%0A%20%20%7D%0A%20%20addValueToWillChange%28visualElement%2C%20key%29%3B%0A%20%20const%20shouldReduceMotion%20%3D%20reduceMotion%20%3F%3F%20visualElement.shouldReduceMotion%3B%0A%20%20value.start%28animateMotionValue%28key%2C%20value%2C%20valueTarget%2C%20shouldReduceMotion%20%26%26%20positionalKeys.has%28key%29%20%3F%20%7B%0A%20%20type%3A%20false%0A%20%20%7D%20%3A%20valueTransition%2C%20visualElement%2C%20isHandoff%29%29%3B%0A%20%20const%20animation%20%3D%20value.animation%3B%0A%20%20if%20%28animation%29%20%7B%0A%20%20animations.push%28animation%29%3B%0A%20%20%7D%0A%20%20%7D%0A%20%20if%20%28transitionEnd%29%20%7B%0A%20%20const%20applyTransitionEnd%20%3D%20%28%29%3D%3Eframe.update%28%28%29%3D%3E%7B%0A%20%20transitionEnd%20%26%26%20setTarget%28visualElement%2C%20transitionEnd%29%3B%0A%20%20%7D%29%3B%0A%20%20if%20%28animations.length%29%20%7B%0A%20%20Promise.all%28animations%29.then%28applyTransitionEnd%29%3B%0A%20%20%7D%20else%20%7B%0A%20%20applyTransitionEnd%28%29%3B%0A%20%20%7D%0A%20%20%7D%0A%20%20return%20animations%3B%0A%20%20%7D%0A%20%20%3B%0A%20%20function%20calcChildStagger%28children%2C%20child%2C%20delayChildren%2C%20staggerChildren%20%3D%200%2C%20staggerDirection%20%3D%201%29%20%7B%0A%20%20const%20index%20%3D%20Array.from%28children%29.sort%28%28a%2C%20b%29%3D%3Ea.sortNodePosition%28b%29%29.indexOf%28child%29%3B%0A%20%20const%20numChildren%20%3D%20children.size%3B%0A%20%20const%20maxStaggerDuration%20%3D%20%28numChildren%20-%201%29%20%2A%20staggerChildren%3B%0A%20%20const%20delayIsFunction%20%3D%20typeof%20delayChildren%20%3D%3D%3D%20%22function%22%3B%0A%20%20return%20delayIsFunction%20%3F%20delayChildren%28index%2C%20numChildren%29%20%3A%20staggerDirection%20%3D%3D%3D%201%20%3F%20index%20%2A%20staggerChildren%20%3A%20maxStaggerDuration%20-%20index%20%2A%20staggerChildren%3B%0A%20%20%7D%0A%20%20%3B%0A%20%20%3B%0A%20%20%3B%0A%20%20%3B%0A%20%20function%20animateVariant%28visualElement%2C%20variant%2C%20options%20%3D%20%7B%7D%29%20%7B%0A%20%20const%20resolved%20%3D%20resolveVariant%28visualElement%2C%20variant%2C%20options.type%20%3D%3D%3D%20%22exit%22%20%3F%20visualElement.presenceContext%3F.custom%20%3A%20undefined%29%3B%0A%20%20let%20%7B%20transition%20%3D%20visualElement.getDefaultTransition%28%29%20%7C%7C%20%7B%7D%20%7D%20%3D%20resolved%20%7C%7C%20%7B%7D%3B%0A%20%20if%20%28options.transitionOverride%29%20%7B%0A%20%20transition%20%3D%20options.transitionOverride%3B%0A%20%20%7D%0A%20%20%2F%2A%2A%0A%20%20%20%20%20%20%20%2A%20If%20we%20have%20a%20variant%2C%20create%20a%20callback%20that%20runs%20it%20as%20an%20animation.%0A%20%20%20%20%20%20%20%2A%20Otherwise%2C%20we%20resolve%20a%20Promise%20immediately%20for%20a%20composable%20no-op.%0A%20%20%20%20%20%20%20%2A%2F%20const%20getAnimation%20%3D%20resolved%20%3F%20%28%29%3D%3EPromise.all%28animateTarget%28visualElement%2C%20resolved%2C%20options%29%29%20%3A%20%28%29%3D%3EPromise.resolve%28%29%3B%0A%20%20%2F%2A%2A%0A%20%20%20%20%20%20%20%2A%20If%20we%20have%20children%2C%20create%20a%20callback%20that%20runs%20all%20their%20animations.%0A%20%20%20%20%20%20%20%2A%20Otherwise%2C%20we%20resolve%20a%20Promise%20immediately%20for%20a%20composable%20no-op.%0A%20%20%20%20%20%20%20%2A%2F%20const%20getChildAnimations%20%3D%20visualElement.variantChildren%20%26%26%20visualElement.variantChildren.size%20%3F%20%28forwardDelay%20%3D%200%29%3D%3E%7B%0A%20%20const%20%7B%20delayChildren%20%3D%200%2C%20staggerChildren%2C%20staggerDirection%20%7D%20%3D%20transition%3B%0A%20%20return%20animateChildren%28visualElement%2C%20variant%2C%20forwardDelay%2C%20delayChildren%2C%20staggerChildren%2C%20staggerDirection%2C%20options%29%3B%0A%20%20%7D%20%3A%20%28%29%3D%3EPromise.resolve%28%29%3B%0A%20%20%2F%2A%2A%0A%20%20%20%20%20%20%20%2A%20If%20the%20transition%20explicitly%20defines%20a%20%22when%22%20option%2C%20we%20need%20to%20resolve%20either%0A%20%20%20%20%20%20%20%2A%20this%20animation%20or%20all%20children%20animations%20before%20playing%20the%20other.%0A%20%20%20%20%20%20%20%2A%2F%20const%20%7B%20when%20%7D%20%3D%20transition%3B%0A%20%20if%20%28when%29%20%7B%0A%20%20const%20%5Bfirst%2C%20last%5D%20%3D%20when%20%3D%3D%3D%20%22beforeChildren%22%20%3F%20%5B%0A%20%20getAnimation%2C%0A%20%20getChildAnimations%0A%20%20%5D%20%3A%20%5B%0A%20%20getChildAnimations%2C%0A%20%20getAnimation%0A%20%20%5D%3B%0A%20%20return%20first%28%29.then%28%28%29%3D%3Elast%28%29%29%3B%0A%20%20%7D%20else%20%7B%0A%20%20return%20Promise.all%28%5B%0A%20%20getAnimation%28%29%2C%0A%20%20getChildAnimations%28options.delay%29%0A%20%20%5D%29%3B%0A%20%20%7D%0A%20%20%7D%0A%20%20function%20animateChildren%28visualElement%2C%20variant%2C%20delay%20%3D%200%2C%20delayChildren%20%3D%200%2C%20staggerChildren%20%3D%200%2C%20staggerDirection%20%3D%201%2C%20options%29%20%7B%0A%20%20const%20animations%20%3D%20%5B%5D%3B%0A%20%20for%20%28const%20child%20of%20visualElement.variantChildren%29%7B%0A%20%20child.notify%28%22AnimationStart%22%2C%20variant%29%3B%0A%20%20animations.push%28animateVariant%28child%2C%20variant%2C%20%7B%0A%20%20...options%2C%0A%20%20delay%3A%20delay%20%2B%20%28typeof%20delayChildren%20%3D%3D%3D%20%22function%22%20%3F%200%20%3A%20delayChildren%29%20%2B%20calcChildStagger%28visualElement.variantChildren%2C%20child%2C%20delayChildren%2C%20staggerChildren%2C%20staggerDirection%29%0A%20%20%7D%29.then%28%28%29%3D%3Echild.notify%28%22AnimationComplete%22%2C%20variant%29%29%29%3B%0A%20%20%7D%0A%20%20return%20Promise.all%28animations%29%3B%0A%20%20%7D%0A%20%20%3B%0A%20%20%3B%0A%20%20%3B%0A%20%20%3B%0A%20%20function%20animateVisualElement%28visualElement%2C%20definition%2C%20options%20%3D%20%7B%7D%29%20%7B%0A%20%20visualElement.notify%28%22AnimationStart%22%2C%20definition%29%3B%0A%20%20let%20animation%3B%0A%20%20if%20%28Array.isArray%28definition%29%29%20%7B%0A%20%20const%20animations%20%3D%20definition.map%28%28variant%29%3D%3EanimateVariant%28visualElement%2C%20variant%2C%20options%29%29%3B%0A%20%20animation%20%3D%20Promise.all%28animations%29%3B%0A%20%20%7D%20else%20if%20%28typeof%20definition%20%3D%3D%3D%20%22string%22%29%20%7B%0A%20%20animation%20%3D%20animateVariant%28visualElement%2C%20definition%2C%20options%29%3B%0A%20%20%7D%20else%20%7B%0A%20%20const%20resolvedDefinition%20%3D%20typeof%20definition%20%3D%3D%3D%20%22function%22%20%3F%20resolveVariant%28visualElement%2C%20definition%2C%20options.custom%29%20%3A%20definition%3B%0A%20%20animation%20%3D%20Promise.all%28animateTarget%28visualElement%2C%20resolvedDefinition%2C%20options%29%29%3B%0A%20%20%7D%0A%20%20return%20animation.then%28%28%29%3D%3E%7B%0A%20%20visualElement.notify%28%22AnimationComplete%22%2C%20definition%29%3B%0A%20%20%7D%29%3B%0A%20%20%7D%0A%20%20%3B%0A%20%20%3B%0A%20%20%3B%0A%20%20const%20numVariantProps%20%3D%20variantProps.length%3B%0A%20%20%2F%2A%2A%0A%20%20%20%2A%20Get%20variant%20context%20from%20a%20visual%20element%27s%20parent%20chain.%0A%20%20%20%2A%20Uses%20%60any%60%20type%20for%20visualElement%20to%20avoid%20circular%20dependencies.%0A%20%20%20%2A%2F%20function%20getVariantContext%28visualElement%29%20%7B%0A%20%20if%20%28%21visualElement%29%20return%20undefined%3B%0A%20%20if%20%28%21visualElement.isControllingVariants%29%20%7B%0A%20%20const%20context%20%3D%20visualElement.parent%20%3F%20getVariantContext%28visualElement.parent%29%20%7C%7C%20%7B%7D%20%3A%20%7B%7D%3B%0A%20%20if%20%28visualElement.props.initial%20%21%3D%3D%20undefined%29%20%7B%0A%20%20context.initial%20%3D%20visualElement.props.initial%3B%0A%20%20%7D%0A%20%20return%20context%3B%0A%20%20%7D%0A%20%20const%20context%20%3D%20%7B%7D%3B%0A%20%20for%28let%20i%20%3D%200%3B%20i%20%3C%20numVariantProps%3B%20i%2B%2B%29%7B%0A%20%20const%20name%20%3D%20variantProps%5Bi%5D%3B%0A%20%20const%20prop%20%3D%20visualElement.props%5Bname%5D%3B%0A%20%20if%20%28isVariantLabel%28prop%29%20%7C%7C%20prop%20%3D%3D%3D%20false%29%20%7B%0A%20%20context%5Bname%5D%20%3D%20prop%3B%0A%20%20%7D%0A%20%20%7D%0A%20%20return%20context%3B%0A%20%20%7D%0A%20%20%3B%0A%20%20function%20shallowCompare%28next%2C%20prev%29%20%7B%0A%20%20if%20%28%21Array.isArray%28prev%29%29%20return%20false%3B%0A%20%20const%20prevLength%20%3D%20prev.length%3B%0A%20%20if%20%28prevLength%20%21%3D%3D%20next.length%29%20return%20false%3B%0A%20%20for%28let%20i%20%3D%200%3B%20i%20%3C%20prevLength%3B%20i%2B%2B%29%7B%0A%20%20if%20%28prev%5Bi%5D%20%21%3D%3D%20next%5Bi%5D%29%20return%20false%3B%0A%20%20%7D%0A%20%20return%20true%3B%0A%20%20%7D%0A%20%20%3B%0A%20%20%3B%0A%20%20%3B%0A%20%20%3B%0A%20%20%3B%0A%20%20%3B%0A%20%20%3B%0A%20%20%3B%0A%20%20%3B%0A%20%20%3B%0A%20%20const%20reversePriorityOrder%20%3D%20%5B%0A%20%20...variantPriorityOrder%0A%20%20%5D.reverse%28%29%3B%0A%20%20const%20numAnimationTypes%20%3D%20variantPriorityOrder.length%3B%0A%20%20function%20createAnimateFunction%28visualElement%29%20%7B%0A%20%20return%20%28animations%29%3D%3E%7B%0A%20%20return%20Promise.all%28animations.map%28%28%7B%20animation%2C%20options%20%7D%29%3D%3EanimateVisualElement%28visualElement%2C%20animation%2C%20options%29%29%29%3B%0A%20%20%7D%3B%0A%20%20%7D%0A%20%20function%20createAnimationState%28visualElement%29%20%7B%0A%20%20let%20animate%20%3D%20createAnimateFunction%28visualElement%29%3B%0A%20%20let%20state%20%3D%20createState%28%29%3B%0A%20%20let%20isInitialRender%20%3D%20true%3B%0A%20%20%2F%2A%2A%0A%20%20%20%20%20%20%20%2A%20Track%20whether%20the%20animation%20state%20has%20been%20reset%20%28e.g.%20via%20StrictMode%0A%20%20%20%20%20%20%20%2A%20double-invocation%20or%20Suspense%20unmount%2Fremount%29.%20On%20the%20first%0A%20%20%20%20%20%20%20%2A%20animateChanges%28%29%20call%20after%20a%20reset%20we%20need%20to%20behave%20like%20the%20initial%0A%20%20%20%20%20%20%20%2A%20render%20for%20variant-inheritance%20checks%2C%20even%20though%20isInitialRender%20is%0A%20%20%20%20%20%20%20%2A%20already%20false.%0A%20%20%20%20%20%20%20%2A%2F%20let%20wasReset%20%3D%20false%3B%0A%20%20%2F%2A%2A%0A%20%20%20%20%20%20%20%2A%20This%20function%20will%20be%20used%20to%20reduce%20the%20animation%20definitions%20for%0A%20%20%20%20%20%20%20%2A%20each%20active%20animation%20type%20into%20an%20object%20of%20resolved%20values%20for%20it.%0A%20%20%20%20%20%20%20%2A%2F%20const%20buildResolvedTypeValues%20%3D%20%28type%29%3D%3E%28acc%2C%20definition%29%3D%3E%7B%0A%20%20const%20resolved%20%3D%20resolveVariant%28visualElement%2C%20definition%2C%20type%20%3D%3D%3D%20%22exit%22%20%3F%20visualElement.presenceContext%3F.custom%20%3A%20undefined%29%3B%0A%20%20if%20%28resolved%29%20%7B%0A%20%20const%20%7B%20transition%2C%20transitionEnd%2C%20...target%20%7D%20%3D%20resolved%3B%0A%20%20acc%20%3D%20%7B%0A%20%20...acc%2C%0A%20%20...target%2C%0A%20%20...transitionEnd%0A%20%20%7D%3B%0A%20%20%7D%0A%20%20return%20acc%3B%0A%20%20%7D%3B%0A%20%20%2F%2A%2A%0A%20%20%20%20%20%20%20%2A%20This%20just%20allows%20us%20to%20inject%20mocked%20animation%20functions%0A%20%20%20%20%20%20%20%2A%20%40internal%0A%20%20%20%20%20%20%20%2A%2F%20function%20setAnimateFunction%28makeAnimator%29%20%7B%0A%20%20animate%20%3D%20makeAnimator%28visualElement%29%3B%0A%20%20%7D%0A%20%20%2F%2A%2A%0A%20%20%20%20%20%20%20%2A%20When%20we%20receive%20new%20props%2C%20we%20need%20to%3A%0A%20%20%20%20%20%20%20%2A%201.%20Create%20a%20list%20of%20protected%20keys%20for%20each%20type.%20This%20is%20a%20directory%20of%0A%20%20%20%20%20%20%20%2A%20%20%20%20value%20keys%20that%20are%20currently%20being%20%22handled%22%20by%20types%20of%20a%20higher%20priority%0A%20%20%20%20%20%20%20%2A%20%20%20%20so%20that%20whenever%20an%20animation%20is%20played%20of%20a%20given%20type%2C%20these%20values%20are%0A%20%20%20%20%20%20%20%2A%20%20%20%20protected%20from%20being%20animated.%0A%20%20%20%20%20%20%20%2A%202.%20Determine%20if%20an%20animation%20type%20needs%20animating.%0A%20%20%20%20%20%20%20%2A%203.%20Determine%20if%20any%20values%20have%20been%20removed%20from%20a%20type%20and%20figure%20out%0A%20%20%20%20%20%20%20%2A%20%20%20%20what%20to%20animate%20those%20to.%0A%20%20%20%20%20%20%20%2A%2F%20function%20animateChanges%28changedActiveType%29%20%7B%0A%20%20const%20%7B%20props%20%7D%20%3D%20visualElement%3B%0A%20%20const%20context%20%3D%20getVariantContext%28visualElement.parent%29%20%7C%7C%20%7B%7D%3B%0A%20%20%2F%2A%2A%0A%20%20%20%20%20%20%20%20%20%20%20%2A%20A%20list%20of%20animations%20that%20we%27ll%20build%20into%20as%20we%20iterate%20through%20the%20animation%0A%20%20%20%20%20%20%20%20%20%20%20%2A%20types.%20This%20will%20get%20executed%20at%20the%20end%20of%20the%20function.%0A%20%20%20%20%20%20%20%20%20%20%20%2A%2F%20const%20animations%20%3D%20%5B%5D%3B%0A%20%20%2F%2A%2A%0A%20%20%20%20%20%20%20%20%20%20%20%2A%20Keep%20track%20of%20which%20values%20have%20been%20removed.%20Then%2C%20as%20we%20hit%20lower%20priority%0A%20%20%20%20%20%20%20%20%20%20%20%2A%20animation%20types%2C%20we%20can%20check%20if%20they%20contain%20removed%20values%20and%20animate%20to%20that.%0A%20%20%20%20%20%20%20%20%20%20%20%2A%2F%20const%20removedKeys%20%3D%20new%20Set%28%29%3B%0A%20%20%2F%2A%2A%0A%20%20%20%20%20%20%20%20%20%20%20%2A%20A%20dictionary%20of%20all%20encountered%20keys.%20This%20is%20an%20object%20to%20let%20us%20build%20into%20and%0A%20%20%20%20%20%20%20%20%20%20%20%2A%20copy%20it%20without%20iteration.%20Each%20time%20we%20hit%20an%20animation%20type%20we%20set%20its%20protected%0A%20%20%20%20%20%20%20%20%20%20%20%2A%20keys%20-%20the%20keys%20its%20not%20allowed%20to%20animate%20-%20to%20the%20latest%20version%20of%20this%20object.%0A%20%20%20%20%20%20%20%20%20%20%20%2A%2F%20let%20encounteredKeys%20%3D%20%7B%7D%3B%0A%20%20%2F%2A%2A%0A%20%20%20%20%20%20%20%20%20%20%20%2A%20If%20a%20variant%20has%20been%20removed%20at%20a%20given%20index%2C%20and%20this%20component%20is%20controlling%0A%20%20%20%20%20%20%20%20%20%20%20%2A%20variant%20animations%2C%20we%20want%20to%20ensure%20lower-priority%20variants%20are%20forced%20to%20animate.%0A%20%20%20%20%20%20%20%20%20%20%20%2A%2F%20let%20removedVariantIndex%20%3D%20Infinity%3B%0A%20%20%2F%2A%2A%0A%20%20%20%20%20%20%20%20%20%20%20%2A%20Iterate%20through%20all%20animation%20types%20in%20reverse%20priority%20order.%20For%20each%2C%20we%20want%20to%0A%20%20%20%20%20%20%20%20%20%20%20%2A%20detect%20which%20values%20it%27s%20handling%20and%20whether%20or%20not%20they%27ve%20changed%20%28and%20therefore%0A%20%20%20%20%20%20%20%20%20%20%20%2A%20need%20to%20be%20animated%29.%20If%20any%20values%20have%20been%20removed%2C%20we%20want%20to%20detect%20those%20in%0A%20%20%20%20%20%20%20%20%20%20%20%2A%20lower%20priority%20props%20and%20flag%20for%20animation.%0A%20%20%20%20%20%20%20%20%20%20%20%2A%2F%20for%28let%20i%20%3D%200%3B%20i%20%3C%20numAnimationTypes%3B%20i%2B%2B%29%7B%0A%20%20const%20type%20%3D%20reversePriorityOrder%5Bi%5D%3B%0A%20%20const%20typeState%20%3D%20state%5Btype%5D%3B%0A%20%20const%20prop%20%3D%20props%5Btype%5D%20%21%3D%3D%20undefined%20%3F%20props%5Btype%5D%20%3A%20context%5Btype%5D%3B%0A%20%20const%20propIsVariant%20%3D%20isVariantLabel%28prop%29%3B%0A%20%20%2F%2A%2A%0A%20%20%20%20%20%20%20%20%20%20%20%20%20%20%20%2A%20If%20this%20type%20has%20%2Ajust%2A%20changed%20isActive%20status%2C%20set%20activeDelta%0A%20%20%20%20%20%20%20%20%20%20%20%20%20%20%20%2A%20to%20that%20status.%20Otherwise%20set%20to%20null.%0A%20%20%20%20%20%20%20%20%20%20%20%20%20%20%20%2A%2F%20const%20activeDelta%20%3D%20type%20%3D%3D%3D%20changedActiveType%20%3F%20typeState.isActive%20%3A%20null%3B%0A%20%20if%20%28activeDelta%20%3D%3D%3D%20false%29%20removedVariantIndex%20%3D%20i%3B%0A%20%20%2F%2A%2A%0A%20%20%20%20%20%20%20%20%20%20%20%20%20%20%20%2A%20If%20this%20prop%20is%20an%20inherited%20variant%2C%20rather%20than%20been%20set%20directly%20on%20the%0A%20%20%20%20%20%20%20%20%20%20%20%20%20%20%20%2A%20component%20itself%2C%20we%20want%20to%20make%20sure%20we%20allow%20the%20parent%20to%20trigger%20animations.%0A%20%20%20%20%20%20%20%20%20%20%20%20%20%20%20%2A%0A%20%20%20%20%20%20%20%20%20%20%20%20%20%20%20%2A%20TODO%3A%20Can%20probably%20change%20this%20to%20a%20%21isControllingVariants%20check%0A%20%20%20%20%20%20%20%20%20%20%20%20%20%20%20%2A%2F%20let%20isInherited%20%3D%20prop%20%3D%3D%3D%20context%5Btype%5D%20%26%26%20prop%20%21%3D%3D%20props%5Btype%5D%20%26%26%20propIsVariant%3B%0A%20%20if%20%28isInherited%20%26%26%20%28isInitialRender%20%7C%7C%20wasReset%29%20%26%26%20visualElement.manuallyAnimateOnMount%29%20%7B%0A%20%20isInherited%20%3D%20false%3B%0A%20%20%7D%0A%20%20%2F%2A%2A%0A%20%20%20%20%20%20%20%20%20%20%20%20%20%20%20%2A%20Set%20all%20encountered%20keys%20so%20far%20as%20the%20protected%20keys%20for%20this%20type.%20This%20will%0A%20%20%20%20%20%20%20%20%20%20%20%20%20%20%20%2A%20be%20any%20key%20that%20has%20been%20animated%20or%20otherwise%20handled%20by%20active%2C%20higher-priortiy%20types.%0A%20%20%20%20%20%20%20%20%20%20%20%20%20%20%20%2A%2F%20typeState.protectedKeys%20%3D%20%7B%0A%20%20...encounteredKeys%0A%20%20%7D%3B%0A%20%20%2F%2F%20Check%20if%20we%20can%20skip%20analysing%20this%20prop%20early%0A%20%20if%20%28%2F%2F%20If%20it%20isn%27t%20active%20and%20hasn%27t%20%2Ajust%2A%20been%20set%20as%20inactive%0A%20%20%21typeState.isActive%20%26%26%20activeDelta%20%3D%3D%3D%20null%20%7C%7C%20%21prop%20%26%26%20%21typeState.prevProp%20%7C%7C%20%2F%2F%20Or%20if%20the%20prop%20doesn%27t%20define%20an%20animation%0A%20%20isAnimationControls%28prop%29%20%7C%7C%20typeof%20prop%20%3D%3D%3D%20%22boolean%22%29%20%7B%0A%20%20continue%3B%0A%20%20%7D%0A%20%20%2F%2A%2A%0A%20%20%20%20%20%20%20%20%20%20%20%20%20%20%20%2A%20If%20exit%20is%20already%20active%20and%20wasn%27t%20just%20activated%2C%20skip%0A%20%20%20%20%20%20%20%20%20%20%20%20%20%20%20%2A%20re-processing%20to%20prevent%20interrupting%20running%20exit%20animations.%0A%20%20%20%20%20%20%20%20%20%20%20%20%20%20%20%2A%20Re-resolving%20exit%20with%20a%20changed%20custom%20value%20can%20start%20new%0A%20%20%20%20%20%20%20%20%20%20%20%20%20%20%20%2A%20value%20animations%20that%20stop%20the%20originals%2C%20leaving%20the%20exit%0A%20%20%20%20%20%20%20%20%20%20%20%20%20%20%20%2A%20animation%20promise%20unresolved%20and%20the%20component%20stuck%20in%20the%20DOM.%0A%20%20%20%20%20%20%20%20%20%20%20%20%20%20%20%2A%2F%20if%20%28type%20%3D%3D%3D%20%22exit%22%20%26%26%20typeState.isActive%20%26%26%20activeDelta%20%21%3D%3D%20true%29%20%7B%0A%20%20if%20%28typeState.prevResolvedValues%29%20%7B%0A%20%20encounteredKeys%20%3D%20%7B%0A%20%20...encounteredKeys%2C%0A%20%20...typeState.prevResolvedValues%0A%20%20%7D%3B%0A%20%20%7D%0A%20%20continue%3B%0A%20%20%7D%0A%20%20%2F%2A%2A%0A%20%20%20%20%20%20%20%20%20%20%20%20%20%20%20%2A%20As%20we%20go%20look%20through%20the%20values%20defined%20on%20this%20type%2C%20if%20we%20detect%0A%20%20%20%20%20%20%20%20%20%20%20%20%20%20%20%2A%20a%20changed%20value%20or%20a%20value%20that%20was%20removed%20in%20a%20higher%20priority%2C%20we%20set%0A%20%20%20%20%20%20%20%20%20%20%20%20%20%20%20%2A%20this%20to%20true%20and%20add%20this%20prop%20to%20the%20animation%20list.%0A%20%20%20%20%20%20%20%20%20%20%20%20%20%20%20%2A%2F%20const%20variantDidChange%20%3D%20checkVariantsDidChange%28typeState.prevProp%2C%20prop%29%3B%0A%20%20let%20shouldAnimateType%20%3D%20variantDidChange%20%7C%7C%20type%20%3D%3D%3D%20changedActiveType%20%26%26%20typeState.isActive%20%26%26%20%21isInherited%20%26%26%20propIsVariant%20%7C%7C%20i%20%3E%20removedVariantIndex%20%26%26%20propIsVariant%3B%0A%20%20let%20handledRemovedValues%20%3D%20false%3B%0A%20%20%2F%2A%2A%0A%20%20%20%20%20%20%20%20%20%20%20%20%20%20%20%2A%20As%20animations%20can%20be%20set%20as%20variant%20lists%2C%20variants%20or%20target%20objects%2C%20we%0A%20%20%20%20%20%20%20%20%20%20%20%20%20%20%20%2A%20coerce%20everything%20to%20an%20array%20if%20it%20isn%27t%20one%20already%0A%20%20%20%20%20%20%20%20%20%20%20%20%20%20%20%2A%2F%20const%20definitionList%20%3D%20Array.isArray%28prop%29%20%3F%20prop%20%3A%20%5B%0A%20%20prop%0A%20%20%5D%3B%0A%20%20%2F%2A%2A%0A%20%20%20%20%20%20%20%20%20%20%20%20%20%20%20%2A%20Build%20an%20object%20of%20all%20the%20resolved%20values.%20We%27ll%20use%20this%20in%20the%20subsequent%0A%20%20%20%20%20%20%20%20%20%20%20%20%20%20%20%2A%20animateChanges%20calls%20to%20determine%20whether%20a%20value%20has%20changed.%0A%20%20%20%20%20%20%20%20%20%20%20%20%20%20%20%2A%2F%20let%20resolvedValues%20%3D%20definitionList.reduce%28buildResolvedTypeValues%28type%29%2C%20%7B%7D%29%3B%0A%20%20if%20%28activeDelta%20%3D%3D%3D%20false%29%20resolvedValues%20%3D%20%7B%7D%3B%0A%20%20%2F%2A%2A%0A%20%20%20%20%20%20%20%20%20%20%20%20%20%20%20%2A%20Now%20we%20need%20to%20loop%20through%20all%20the%20keys%20in%20the%20prev%20prop%20and%20this%20prop%2C%0A%20%20%20%20%20%20%20%20%20%20%20%20%20%20%20%2A%20and%20decide%3A%0A%20%20%20%20%20%20%20%20%20%20%20%20%20%20%20%2A%201.%20If%20the%20value%20has%20changed%2C%20and%20needs%20animating%0A%20%20%20%20%20%20%20%20%20%20%20%20%20%20%20%2A%202.%20If%20it%20has%20been%20removed%2C%20and%20needs%20adding%20to%20the%20removedKeys%20set%0A%20%20%20%20%20%20%20%20%20%20%20%20%20%20%20%2A%203.%20If%20it%20has%20been%20removed%20in%20a%20higher%20priority%20type%20and%20needs%20animating%0A%20%20%20%20%20%20%20%20%20%20%20%20%20%20%20%2A%204.%20If%20it%20hasn%27t%20been%20removed%20in%20a%20higher%20priority%20but%20hasn%27t%20changed%2C%20and%0A%20%20%20%20%20%20%20%20%20%20%20%20%20%20%20%2A%20%20%20%20needs%20adding%20to%20the%20type%27s%20protectedKeys%20list.%0A%20%20%20%20%20%20%20%20%20%20%20%20%20%20%20%2A%2F%20const%20%7B%20prevResolvedValues%20%3D%20%7B%7D%20%7D%20%3D%20typeState%3B%0A%20%20const%20allKeys%20%3D%20%7B%0A%20%20...prevResolvedValues%2C%0A%20%20...resolvedValues%0A%20%20%7D%3B%0A%20%20const%20markToAnimate%20%3D%20%28key%29%3D%3E%7B%0A%20%20shouldAnimateType%20%3D%20true%3B%0A%20%20if%20%28removedKeys.has%28key%29%29%20%7B%0A%20%20handledRemovedValues%20%3D%20true%3B%0A%20%20removedKeys.delete%28key%29%3B%0A%20%20%7D%0A%20%20typeState.needsAnimating%5Bkey%5D%20%3D%20true%3B%0A%20%20const%20motionValue%20%3D%20visualElement.getValue%28key%29%3B%0A%20%20if%20%28motionValue%29%20motionValue.liveStyle%20%3D%20false%3B%0A%20%20%7D%3B%0A%20%20for%28const%20key%20in%20allKeys%29%7B%0A%20%20const%20next%20%3D%20resolvedValues%5Bkey%5D%3B%0A%20%20const%20prev%20%3D%20prevResolvedValues%5Bkey%5D%3B%0A%20%20%2F%2F%20If%20we%27ve%20already%20handled%20this%20we%20can%20just%20skip%20ahead%0A%20%20if%20%28encounteredKeys.hasOwnProperty%28key%29%29%20continue%3B%0A%20%20%2F%2A%2A%0A%20%20%20%20%20%20%20%20%20%20%20%20%20%20%20%20%20%20%20%2A%20If%20the%20value%20has%20changed%2C%20we%20probably%20want%20to%20animate%20it.%0A%20%20%20%20%20%20%20%20%20%20%20%20%20%20%20%20%20%20%20%2A%2F%20let%20valueHasChanged%20%3D%20false%3B%0A%20%20if%20%28isKeyframesTarget%28next%29%20%26%26%20isKeyframesTarget%28prev%29%29%20%7B%0A%20%20valueHasChanged%20%3D%20%21shallowCompare%28next%2C%20prev%29%3B%0A%20%20%7D%20else%20%7B%0A%20%20valueHasChanged%20%3D%20next%20%21%3D%3D%20prev%3B%0A%20%20%7D%0A%20%20if%20%28valueHasChanged%29%20%7B%0A%20%20if%20%28next%20%21%3D%3D%20undefined%20%26%26%20next%20%21%3D%3D%20null%29%20%7B%0A%20%20%2F%2F%20If%20next%20is%20defined%20and%20doesn%27t%20equal%20prev%2C%20it%20needs%20animating%0A%20%20markToAnimate%28key%29%3B%0A%20%20%7D%20else%20%7B%0A%20%20%2F%2F%20If%20it%27s%20undefined%2C%20it%27s%20been%20removed.%0A%20%20removedKeys.add%28key%29%3B%0A%20%20%7D%0A%20%20%7D%20else%20if%20%28next%20%21%3D%3D%20undefined%20%26%26%20removedKeys.has%28key%29%29%20%7B%0A%20%20%2F%2A%2A%0A%20%20%20%20%20%20%20%20%20%20%20%20%20%20%20%20%20%20%20%20%20%20%20%2A%20If%20next%20hasn%27t%20changed%20and%20it%20isn%27t%20undefined%2C%20we%20want%20to%20check%20if%20it%27s%0A%20%20%20%20%20%20%20%20%20%20%20%20%20%20%20%20%20%20%20%20%20%20%20%2A%20been%20removed%20by%20a%20higher%20priority%0A%20%20%20%20%20%20%20%20%20%20%20%20%20%20%20%20%20%20%20%20%20%20%20%2A%2F%20markToAnimate%28key%29%3B%0A%20%20%7D%20else%20%7B%0A%20%20%2F%2A%2A%0A%20%20%20%20%20%20%20%20%20%20%20%20%20%20%20%20%20%20%20%20%20%20%20%2A%20If%20it%20hasn%27t%20changed%2C%20we%20add%20it%20to%20the%20list%20of%20protected%20values%0A%20%20%20%20%20%20%20%20%20%20%20%20%20%20%20%20%20%20%20%20%20%20%20%2A%20to%20ensure%20it%20doesn%27t%20get%20animated.%0A%20%20%20%20%20%20%20%20%20%20%20%20%20%20%20%20%20%20%20%20%20%20%20%2A%2F%20typeState.protectedKeys%5Bkey%5D%20%3D%20true%3B%0A%20%20%7D%0A%20%20%7D%0A%20%20%2F%2A%2A%0A%20%20%20%20%20%20%20%20%20%20%20%20%20%20%20%2A%20Update%20the%20typeState%20so%20next%20time%20animateChanges%20is%20called%20we%20can%20compare%20the%0A%20%20%20%20%20%20%20%20%20%20%20%20%20%20%20%2A%20latest%20prop%20and%20resolvedValues%20to%20these.%0A%20%20%20%20%20%20%20%20%20%20%20%20%20%20%20%2A%2F%20typeState.prevProp%20%3D%20prop%3B%0A%20%20typeState.prevResolvedValues%20%3D%20resolvedValues%3B%0A%20%20if%20%28typeState.isActive%29%20%7B%0A%20%20encounteredKeys%20%3D%20%7B%0A%20%20...encounteredKeys%2C%0A%20%20...resolvedValues%0A%20%20%7D%3B%0A%20%20%7D%0A%20%20if%20%28%28isInitialRender%20%7C%7C%20wasReset%29%20%26%26%20visualElement.blockInitialAnimation%29%20%7B%0A%20%20shouldAnimateType%20%3D%20false%3B%0A%20%20%7D%0A%20%20%2F%2A%2A%0A%20%20%20%20%20%20%20%20%20%20%20%20%20%20%20%2A%20If%20this%20is%20an%20inherited%20prop%20we%20want%20to%20skip%20this%20animation%0A%20%20%20%20%20%20%20%20%20%20%20%20%20%20%20%2A%20unless%20the%20inherited%20variants%20haven%27t%20changed%20on%20this%20render.%0A%20%20%20%20%20%20%20%20%20%20%20%20%20%20%20%2A%2F%20const%20willAnimateViaParent%20%3D%20isInherited%20%26%26%20variantDidChange%3B%0A%20%20const%20needsAnimating%20%3D%20%21willAnimateViaParent%20%7C%7C%20handledRemovedValues%3B%0A%20%20if%20%28shouldAnimateType%20%26%26%20needsAnimating%29%20%7B%0A%20%20animations.push%28...definitionList.map%28%28animation%29%3D%3E%7B%0A%20%20const%20options%20%3D%20%7B%0A%20%20type%0A%20%20%7D%3B%0A%20%20%2F%2A%2A%0A%20%20%20%20%20%20%20%20%20%20%20%20%20%20%20%20%20%20%20%20%20%20%20%2A%20If%20we%27re%20performing%20the%20initial%20animation%2C%20but%20we%27re%20not%0A%20%20%20%20%20%20%20%20%20%20%20%20%20%20%20%20%20%20%20%20%20%20%20%2A%20rendering%20at%20the%20same%20time%20as%20the%20variant-controlling%20parent%2C%0A%20%20%20%20%20%20%20%20%20%20%20%20%20%20%20%20%20%20%20%20%20%20%20%2A%20we%20want%20to%20use%20the%20parent%27s%20transition%20to%20calculate%20the%20stagger.%0A%20%20%20%20%20%20%20%20%20%20%20%20%20%20%20%20%20%20%20%20%20%20%20%2A%2F%20if%20%28typeof%20animation%20%3D%3D%3D%20%22string%22%20%26%26%20%28isInitialRender%20%7C%7C%20wasReset%29%20%26%26%20%21willAnimateViaParent%20%26%26%20visualElement.manuallyAnimateOnMount%20%26%26%20visualElement.parent%29%20%7B%0A%20%20const%20%7B%20parent%20%7D%20%3D%20visualElement%3B%0A%20%20const%20parentVariant%20%3D%20resolveVariant%28parent%2C%20animation%29%3B%0A%20%20if%20%28parent.enteringChildren%20%26%26%20parentVariant%29%20%7B%0A%20%20const%20%7B%20delayChildren%20%7D%20%3D%20parentVariant.transition%20%7C%7C%20%7B%7D%3B%0A%20%20options.delay%20%3D%20calcChildStagger%28parent.enteringChildren%2C%20visualElement%2C%20delayChildren%29%3B%0A%20%20%7D%0A%20%20%7D%0A%20%20return%20%7B%0A%20%20animation%3A%20animation%2C%0A%20%20options%0A%20%20%7D%3B%0A%20%20%7D%29%29%3B%0A%20%20%7D%0A%20%20%7D%0A%20%20%2F%2A%2A%0A%20%20%20%20%20%20%20%20%20%20%20%2A%20If%20there%20are%20some%20removed%20value%20that%20haven%27t%20been%20dealt%20with%2C%0A%20%20%20%20%20%20%20%20%20%20%20%2A%20we%20need%20to%20create%20a%20new%20animation%20that%20falls%20back%20either%20to%20the%20value%0A%20%20%20%20%20%20%20%20%20%20%20%2A%20defined%20in%20the%20style%20prop%2C%20or%20the%20last%20read%20value.%0A%20%20%20%20%20%20%20%20%20%20%20%2A%2F%20if%20%28removedKeys.size%29%20%7B%0A%20%20const%20fallbackAnimation%20%3D%20%7B%7D%3B%0A%20%20%2F%2A%2A%0A%20%20%20%20%20%20%20%20%20%20%20%20%20%20%20%2A%20If%20the%20initial%20prop%20contains%20a%20transition%20we%20can%20use%20that%2C%20otherwise%0A%20%20%20%20%20%20%20%20%20%20%20%20%20%20%20%2A%20allow%20the%20animation%20function%20to%20use%20the%20visual%20element%27s%20default.%0A%20%20%20%20%20%20%20%20%20%20%20%20%20%20%20%2A%2F%20if%20%28typeof%20props.initial%20%21%3D%3D%20%22boolean%22%29%20%7B%0A%20%20const%20initialTransition%20%3D%20resolveVariant%28visualElement%2C%20Array.isArray%28props.initial%29%20%3F%20props.initial%5B0%5D%20%3A%20props.initial%29%3B%0A%20%20if%20%28initialTransition%20%26%26%20initialTransition.transition%29%20%7B%0A%20%20fallbackAnimation.transition%20%3D%20initialTransition.transition%3B%0A%20%20%7D%0A%20%20%7D%0A%20%20removedKeys.forEach%28%28key%29%3D%3E%7B%0A%20%20const%20fallbackTarget%20%3D%20visualElement.getBaseTarget%28key%29%3B%0A%20%20const%20motionValue%20%3D%20visualElement.getValue%28key%29%3B%0A%20%20if%20%28motionValue%29%20motionValue.liveStyle%20%3D%20true%3B%0A%20%20%2F%2F%20%40ts-expect-error%20-%20%40mattgperry%20to%20figure%20if%20we%20should%20do%20something%20here%0A%20%20fallbackAnimation%5Bkey%5D%20%3D%20fallbackTarget%20%3F%3F%20null%3B%0A%20%20%7D%29%3B%0A%20%20animations.push%28%7B%0A%20%20animation%3A%20fallbackAnimation%0A%20%20%7D%29%3B%0A%20%20%7D%0A%20%20let%20shouldAnimate%20%3D%20Boolean%28animations.length%29%3B%0A%20%20if%20%28isInitialRender%20%26%26%20%28props.initial%20%3D%3D%3D%20false%20%7C%7C%20props.initial%20%3D%3D%3D%20props.animate%29%20%26%26%20%21visualElement.manuallyAnimateOnMount%29%20%7B%0A%20%20shouldAnimate%20%3D%20false%3B%0A%20%20%7D%0A%20%20isInitialRender%20%3D%20false%3B%0A%20%20wasReset%20%3D%20false%3B%0A%20%20return%20shouldAnimate%20%3F%20animate%28animations%29%20%3A%20Promise.resolve%28%29%3B%0A%20%20%7D%0A%20%20%2F%2A%2A%0A%20%20%20%20%20%20%20%2A%20Change%20whether%20a%20certain%20animation%20type%20is%20active.%0A%20%20%20%20%20%20%20%2A%2F%20function%20setActive%28type%2C%20isActive%29%20%7B%0A%20%20%2F%2F%20If%20the%20active%20state%20hasn%27t%20changed%2C%20we%20can%20safely%20do%20nothing%20here%0A%20%20if%20%28state%5Btype%5D.isActive%20%3D%3D%3D%20isActive%29%20return%20Promise.resolve%28%29%3B%0A%20%20%2F%2F%20Propagate%20active%20change%20to%20children%0A%20%20visualElement.variantChildren%3F.forEach%28%28child%29%3D%3Echild.animationState%3F.setActive%28type%2C%20isActive%29%29%3B%0A%20%20state%5Btype%5D.isActive%20%3D%20isActive%3B%0A%20%20const%20animations%20%3D%20animateChanges%28type%29%3B%0A%20%20for%28const%20key%20in%20state%29%7B%0A%20%20state%5Bkey%5D.protectedKeys%20%3D%20%7B%7D%3B%0A%20%20%7D%0A%20%20return%20animations%3B%0A%20%20%7D%0A%20%20return%20%7B%0A%20%20animateChanges%2C%0A%20%20setActive%2C%0A%20%20setAnimateFunction%2C%0A%20%20getState%3A%20%28%29%3D%3Estate%2C%0A%20%20reset%3A%20%28%29%3D%3E%7B%0A%20%20state%20%3D%20createState%28%29%3B%0A%20%20wasReset%20%3D%20true%3B%0A%20%20%7D%0A%20%20%7D%3B%0A%20%20%7D%0A%20%20function%20checkVariantsDidChange%28prev%2C%20next%29%20%7B%0A%20%20if%20%28typeof%20next%20%3D%3D%3D%20%22string%22%29%20%7B%0A%20%20return%20next%20%21%3D%3D%20prev%3B%0A%20%20%7D%20else%20if%20%28Array.isArray%28next%29%29%20%7B%0A%20%20return%20%21shallowCompare%28next%2C%20prev%29%3B%0A%20%20%7D%0A%20%20return%20false%3B%0A%20%20%7D%0A%20%20function%20createTypeState%28isActive%20%3D%20false%29%20%7B%0A%20%20return%20%7B%0A%20%20isActive%2C%0A%20%20protectedKeys%3A%20%7B%7D%2C%0A%20%20needsAnimating%3A%20%7B%7D%2C%0A%20%20prevResolvedValues%3A%20%7B%7D%0A%20%20%7D%3B%0A%20%20%7D%0A%20%20function%20createState%28%29%20%7B%0A%20%20return%20%7B%0A%20%20animate%3A%20createTypeState%28true%29%2C%0A%20%20whileInView%3A%20createTypeState%28%29%2C%0A%20%20whileHover%3A%20createTypeState%28%29%2C%0A%20%20whileTap%3A%20createTypeState%28%29%2C%0A%20%20whileDrag%3A%20createTypeState%28%29%2C%0A%20%20whileFocus%3A%20createTypeState%28%29%2C%0A%20%20exit%3A%20createTypeState%28%29%0A%20%20%7D%3B%0A%20%20%7D%0A%20%20%3B%0A%20%20%3B%0A%20%20class%20AnimationFeature%20extends%20Feature%20%7B%0A%20%20%2F%2A%2A%0A%20%20%20%20%20%20%20%2A%20We%20dynamically%20generate%20the%20AnimationState%20manager%20as%20it%20contains%20a%20reference%0A%20%20%20%20%20%20%20%2A%20to%20the%20underlying%20animation%20library.%20We%20only%20want%20to%20load%20that%20if%20we%20load%20this%2C%0A%20%20%20%20%20%20%20%2A%20so%20people%20can%20optionally%20code%20split%20it%20out%20using%20the%20%60m%60%20component.%0A%20%20%20%20%20%20%20%2A%2F%20constructor%28node%29%7B%0A%20%20super%28node%29%3B%0A%20%20node.animationState%20%7C%7C%20%28node.animationState%20%3D%20createAnimationState%28node%29%29%3B%0A%20%20%7D%0A%20%20updateAnimationControlsSubscription%28%29%20%7B%0A%20%20const%20%7B%20animate%20%7D%20%3D%20this.node.getProps%28%29%3B%0A%20%20if%20%28isAnimationControls%28animate%29%29%20%7B%0A%20%20this.unmountControls%20%3D%20animate.subscribe%28this.node%29%3B%0A%20%20%7D%0A%20%20%7D%0A%20%20%2F%2A%2A%0A%20%20%20%20%20%20%20%2A%20Subscribe%20any%20provided%20AnimationControls%20to%20the%20component%27s%20VisualElement%0A%20%20%20%20%20%20%20%2A%2F%20mount%28%29%20%7B%0A%20%20this.updateAnimationControlsSubscription%28%29%3B%0A%20%20%7D%0A%20%20update%28%29%20%7B%0A%20%20const%20%7B%20animate%20%7D%20%3D%20this.node.getProps%28%29%3B%0A%20%20const%20%7B%20animate%3A%20prevAnimate%20%7D%20%3D%20this.node.prevProps%20%7C%7C%20%7B%7D%3B%0A%20%20if%20%28animate%20%21%3D%3D%20prevAnimate%29%20%7B%0A%20%20this.updateAnimationControlsSubscription%28%29%3B%0A%20%20%7D%0A%20%20%7D%0A%20%20unmount%28%29%20%7B%0A%20%20this.node.animationState.reset%28%29%3B%0A%20%20this.unmountControls%3F.%28%29%3B%0A%20%20%7D%0A%20%20%7D%0A%20%20%3B%0A%20%20%3B%0A%20%20let%20id%20%3D%200%3B%0A%20%20class%20ExitAnimationFeature%20extends%20Feature%20%7B%0A%20%20constructor%28%29%7B%0A%20%20super%28...arguments%29%3B%0A%20%20this.id%20%3D%20id%2B%2B%3B%0A%20%20this.isExitComplete%20%3D%20false%3B%0A%20%20%7D%0A%20%20update%28%29%20%7B%0A%20%20if%20%28%21this.node.presenceContext%29%20return%3B%0A%20%20const%20%7B%20isPresent%2C%20onExitComplete%20%7D%20%3D%20this.node.presenceContext%3B%0A%20%20const%20%7B%20isPresent%3A%20prevIsPresent%20%7D%20%3D%20this.node.prevPresenceContext%20%7C%7C%20%7B%7D%3B%0A%20%20if%20%28%21this.node.animationState%20%7C%7C%20isPresent%20%3D%3D%3D%20prevIsPresent%29%20%7B%0A%20%20return%3B%0A%20%20%7D%0A%20%20if%20%28isPresent%20%26%26%20prevIsPresent%20%3D%3D%3D%20false%29%20%7B%0A%20%20%2F%2A%2A%0A%20%20%20%20%20%20%20%20%20%20%20%20%20%20%20%2A%20When%20re-entering%2C%20if%20the%20exit%20animation%20already%20completed%0A%20%20%20%20%20%20%20%20%20%20%20%20%20%20%20%2A%20%28element%20is%20at%20rest%29%2C%20reset%20to%20initial%20values%20so%20the%20enter%0A%20%20%20%20%20%20%20%20%20%20%20%20%20%20%20%2A%20animation%20replays%20from%20the%20correct%20position.%0A%20%20%20%20%20%20%20%20%20%20%20%20%20%20%20%2A%2F%20if%20%28this.isExitComplete%29%20%7B%0A%20%20const%20%7B%20initial%2C%20custom%20%7D%20%3D%20this.node.getProps%28%29%3B%0A%20%20if%20%28typeof%20initial%20%3D%3D%3D%20%22string%22%29%20%7B%0A%20%20const%20resolved%20%3D%20resolveVariant%28this.node%2C%20initial%2C%20custom%29%3B%0A%20%20if%20%28resolved%29%20%7B%0A%20%20const%20%7B%20transition%2C%20transitionEnd%2C%20...target%20%7D%20%3D%20resolved%3B%0A%20%20for%28const%20key%20in%20target%29%7B%0A%20%20this.node.getValue%28key%29%3F.jump%28target%5Bkey%5D%29%3B%0A%20%20%7D%0A%20%20%7D%0A%20%20%7D%0A%20%20this.node.animationState.reset%28%29%3B%0A%20%20this.node.animationState.animateChanges%28%29%3B%0A%20%20%7D%20else%20%7B%0A%20%20this.node.animationState.setActive%28%22exit%22%2C%20false%29%3B%0A%20%20%7D%0A%20%20this.isExitComplete%20%3D%20false%3B%0A%20%20return%3B%0A%20%20%7D%0A%20%20const%20exitAnimation%20%3D%20this.node.animationState.setActive%28%22exit%22%2C%20%21isPresent%29%3B%0A%20%20if%20%28onExitComplete%20%26%26%20%21isPresent%29%20%7B%0A%20%20exitAnimation.then%28%28%29%3D%3E%7B%0A%20%20this.isExitComplete%20%3D%20true%3B%0A%20%20onExitComplete%28this.id%29%3B%0A%20%20%7D%29%3B%0A%20%20%7D%0A%20%20%7D%0A%20%20mount%28%29%20%7B%0A%20%20const%20%7B%20register%2C%20onExitComplete%20%7D%20%3D%20this.node.presenceContext%20%7C%7C%20%7B%7D%3B%0A%20%20if%20%28onExitComplete%29%20%7B%0A%20%20onExitComplete%28this.id%29%3B%0A%20%20%7D%0A%20%20if%20%28register%29%20%7B%0A%20%20this.unmount%20%3D%20register%28this.id%29%3B%0A%20%20%7D%0A%20%20%7D%0A%20%20unmount%28%29%20%7B%7D%0A%20%20%7D%0A%20%20%3B%0A%20%20%3B%0A%20%20%3B%0A%20%20const%20animations%20%3D%20%7B%0A%20%20animation%3A%20%7B%0A%20%20Feature%3A%20AnimationFeature%0A%20%20%7D%2C%0A%20%20exit%3A%20%7B%0A%20%20Feature%3A%20ExitAnimationFeature%0A%20%20%7D%0A%20%20%7D%3B%0A%20%20%3B%0A%20%20function%20eachAxis%28callback%29%20%7B%0A%20%20return%20%5B%0A%20%20callback%28%22x%22%29%2C%0A%20%20callback%28%22y%22%29%0A%20%20%5D%3B%0A%20%20%7D%0A%20%20%3B%0A%20%20function%20addDomEvent%28target%2C%20eventName%2C%20handler%2C%20options%20%3D%20%7B%0A%20%20passive%3A%20true%0A%20%20%7D%29%20%7B%0A%20%20target.addEventListener%28eventName%2C%20handler%2C%20options%29%3B%0A%20%20return%20%28%29%3D%3Etarget.removeEventListener%28eventName%2C%20handler%29%3B%0A%20%20%7D%0A%20%20%3B%0A%20%20const%20isDragging%20%3D%20%7B%0A%20%20x%3A%20false%2C%0A%20%20y%3A%20false%0A%20%20%7D%3B%0A%20%20function%20isDragActive%28%29%20%7B%0A%20%20return%20isDragging.x%20%7C%7C%20isDragging.y%3B%0A%20%20%7D%0A%20%20%3B%0A%20%20%3B%0A%20%20function%20setDragLock%28axis%29%20%7B%0A%20%20if%20%28axis%20%3D%3D%3D%20%22x%22%20%7C%7C%20axis%20%3D%3D%3D%20%22y%22%29%20%7B%0A%20%20if%20%28isDragging%5Baxis%5D%29%20%7B%0A%20%20return%20null%3B%0A%20%20%7D%20else%20%7B%0A%20%20isDragging%5Baxis%5D%20%3D%20true%3B%0A%20%20return%20%28%29%3D%3E%7B%0A%20%20isDragging%5Baxis%5D%20%3D%20false%3B%0A%20%20%7D%3B%0A%20%20%7D%0A%20%20%7D%20else%20%7B%0A%20%20if%20%28isDragging.x%20%7C%7C%20isDragging.y%29%20%7B%0A%20%20return%20null%3B%0A%20%20%7D%20else%20%7B%0A%20%20isDragging.x%20%3D%20isDragging.y%20%3D%20true%3B%0A%20%20return%20%28%29%3D%3E%7B%0A%20%20isDragging.x%20%3D%20isDragging.y%20%3D%20false%3B%0A%20%20%7D%3B%0A%20%20%7D%0A%20%20%7D%0A%20%20%7D%0A%20%20%3B%0A%20%20%3B%0A%20%20const%20SCALE_PRECISION%20%3D%200.0001%3B%0A%20%20const%20SCALE_MIN%20%3D%201%20-%20SCALE_PRECISION%3B%0A%20%20const%20SCALE_MAX%20%3D%201%20%2B%20SCALE_PRECISION%3B%0A%20%20const%20TRANSLATE_PRECISION%20%3D%200.01%3B%0A%20%20const%20TRANSLATE_MIN%20%3D%200%20-%20TRANSLATE_PRECISION%3B%0A%20%20const%20TRANSLATE_MAX%20%3D%200%20%2B%20TRANSLATE_PRECISION%3B%0A%20%20function%20calcLength%28axis%29%20%7B%0A%20%20return%20axis.max%20-%20axis.min%3B%0A%20%20%7D%0A%20%20function%20isNear%28value%2C%20target%2C%20maxDistance%29%20%7B%0A%20%20return%20Math.abs%28value%20-%20target%29%20%3C%3D%20maxDistance%3B%0A%20%20%7D%0A%20%20function%20calcAxisDelta%28delta%2C%20source%2C%20target%2C%20origin%20%3D%200.5%29%20%7B%0A%20%20delta.origin%20%3D%20origin%3B%0A%20%20delta.originPoint%20%3D%20mixNumber%28source.min%2C%20source.max%2C%20delta.origin%29%3B%0A%20%20delta.scale%20%3D%20calcLength%28target%29%20%2F%20calcLength%28source%29%3B%0A%20%20delta.translate%20%3D%20mixNumber%28target.min%2C%20target.max%2C%20delta.origin%29%20-%20delta.originPoint%3B%0A%20%20if%20%28delta.scale%20%3E%3D%20SCALE_MIN%20%26%26%20delta.scale%20%3C%3D%20SCALE_MAX%20%7C%7C%20isNaN%28delta.scale%29%29%20%7B%0A%20%20delta.scale%20%3D%201.0%3B%0A%20%20%7D%0A%20%20if%20%28delta.translate%20%3E%3D%20TRANSLATE_MIN%20%26%26%20delta.translate%20%3C%3D%20TRANSLATE_MAX%20%7C%7C%20isNaN%28delta.translate%29%29%20%7B%0A%20%20delta.translate%20%3D%200.0%3B%0A%20%20%7D%0A%20%20%7D%0A%20%20function%20calcBoxDelta%28delta%2C%20source%2C%20target%2C%20origin%29%20%7B%0A%20%20calcAxisDelta%28delta.x%2C%20source.x%2C%20target.x%2C%20origin%20%3F%20origin.originX%20%3A%20undefined%29%3B%0A%20%20calcAxisDelta%28delta.y%2C%20source.y%2C%20target.y%2C%20origin%20%3F%20origin.originY%20%3A%20undefined%29%3B%0A%20%20%7D%0A%20%20function%20calcRelativeAxis%28target%2C%20relative%2C%20parent%2C%20anchor%20%3D%200%29%20%7B%0A%20%20const%20anchorPoint%20%3D%20anchor%20%3F%20mixNumber%28parent.min%2C%20parent.max%2C%20anchor%29%20%3A%20parent.min%3B%0A%20%20target.min%20%3D%20anchorPoint%20%2B%20relative.min%3B%0A%20%20target.max%20%3D%20target.min%20%2B%20calcLength%28relative%29%3B%0A%20%20%7D%0A%20%20function%20calcRelativeBox%28target%2C%20relative%2C%20parent%2C%20anchor%29%20%7B%0A%20%20calcRelativeAxis%28target.x%2C%20relative.x%2C%20parent.x%2C%20anchor%3F.x%29%3B%0A%20%20calcRelativeAxis%28target.y%2C%20relative.y%2C%20parent.y%2C%20anchor%3F.y%29%3B%0A%20%20%7D%0A%20%20function%20calcRelativeAxisPosition%28target%2C%20layout%2C%20parent%2C%20anchor%20%3D%200%29%20%7B%0A%20%20const%20anchorPoint%20%3D%20anchor%20%3F%20mixNumber%28parent.min%2C%20parent.max%2C%20anchor%29%20%3A%20parent.min%3B%0A%20%20target.min%20%3D%20layout.min%20-%20anchorPoint%3B%0A%20%20target.max%20%3D%20target.min%20%2B%20calcLength%28layout%29%3B%0A%20%20%7D%0A%20%20function%20calcRelativePosition%28target%2C%20layout%2C%20parent%2C%20anchor%29%20%7B%0A%20%20calcRelativeAxisPosition%28target.x%2C%20layout.x%2C%20parent.x%2C%20anchor%3F.x%29%3B%0A%20%20calcRelativeAxisPosition%28target.y%2C%20layout.y%2C%20parent.y%2C%20anchor%3F.y%29%3B%0A%20%20%7D%0A%20%20%3B%0A%20%20function%20isObject3%28value%29%20%7B%0A%20%20return%20typeof%20value%20%3D%3D%3D%20%22object%22%20%26%26%20value%20%21%3D%3D%20null%3B%0A%20%20%7D%0A%20%20%3B%0A%20%20%3B%0A%20%20%2F%2A%2A%0A%20%20%20%2A%20Checks%20if%20an%20element%20is%20an%20SVG%20element%20in%20a%20way%0A%20%20%20%2A%20that%20works%20across%20iframes%0A%20%20%20%2A%2F%20function%20isSVGElement%28element%29%20%7B%0A%20%20return%20isObject3%28element%29%20%26%26%20%22ownerSVGElement%22%20in%20element%3B%0A%20%20%7D%0A%20%20%3B%0A%20%20function%20resolveElements%28elementOrSelector%2C%20scope%2C%20selectorCache%29%20%7B%0A%20%20if%20%28elementOrSelector%20%3D%3D%20null%29%20%7B%0A%20%20return%20%5B%5D%3B%0A%20%20%7D%0A%20%20if%20%28elementOrSelector%20instanceof%20EventTarget%29%20%7B%0A%20%20return%20%5B%0A%20%20elementOrSelector%0A%20%20%5D%3B%0A%20%20%7D%20else%20if%20%28typeof%20elementOrSelector%20%3D%3D%3D%20%22string%22%29%20%7B%0A%20%20let%20root%20%3D%20document%3B%0A%20%20if%20%28scope%29%20%7B%0A%20%20root%20%3D%20scope.current%3B%0A%20%20%7D%0A%20%20const%20elements%20%3D%20selectorCache%3F.%5BelementOrSelector%5D%20%3F%3F%20root.querySelectorAll%28elementOrSelector%29%3B%0A%20%20return%20elements%20%3F%20Array.from%28elements%29%20%3A%20%5B%5D%3B%0A%20%20%7D%0A%20%20return%20Array.from%28elementOrSelector%29.filter%28%28element%29%3D%3Eelement%20%21%3D%20null%29%3B%0A%20%20%7D%0A%20%20%3B%0A%20%20%3B%0A%20%20%3B%0A%20%20const%20resizeHandlers%20%3D%20new%20WeakMap%28%29%3B%0A%20%20let%20observer%3B%0A%20%20const%20getSize%20%3D%20%28borderBoxAxis%2C%20svgAxis%2C%20htmlAxis%29%3D%3E%28target%2C%20borderBoxSize%29%3D%3E%7B%0A%20%20if%20%28borderBoxSize%20%26%26%20borderBoxSize%5B0%5D%29%20%7B%0A%20%20return%20borderBoxSize%5B0%5D%5BborderBoxAxis%20%2B%20%22Size%22%5D%3B%0A%20%20%7D%20else%20if%20%28isSVGElement%28target%29%20%26%26%20%22getBBox%22%20in%20target%29%20%7B%0A%20%20return%20target.getBBox%28%29%5BsvgAxis%5D%3B%0A%20%20%7D%20else%20%7B%0A%20%20return%20target%5BhtmlAxis%5D%3B%0A%20%20%7D%0A%20%20%7D%3B%0A%20%20const%20getWidth%20%3D%20%2F%2A%40__PURE__%2A%2F%20getSize%28%22inline%22%2C%20%22width%22%2C%20%22offsetWidth%22%29%3B%0A%20%20const%20getHeight%20%3D%20%2F%2A%40__PURE__%2A%2F%20getSize%28%22block%22%2C%20%22height%22%2C%20%22offsetHeight%22%29%3B%0A%20%20function%20notifyTarget%28%7B%20target%2C%20borderBoxSize%20%7D%29%20%7B%0A%20%20resizeHandlers.get%28target%29%3F.forEach%28%28handler%29%3D%3E%7B%0A%20%20handler%28target%2C%20%7B%0A%20%20get%20width%20%28%29%20%7B%0A%20%20return%20getWidth%28target%2C%20borderBoxSize%29%3B%0A%20%20%7D%2C%0A%20%20get%20height%20%28%29%20%7B%0A%20%20return%20getHeight%28target%2C%20borderBoxSize%29%3B%0A%20%20%7D%0A%20%20%7D%29%3B%0A%20%20%7D%29%3B%0A%20%20%7D%0A%20%20function%20notifyAll%28entries%29%20%7B%0A%20%20entries.forEach%28notifyTarget%29%3B%0A%20%20%7D%0A%20%20function%20createResizeObserver%28%29%20%7B%0A%20%20if%20%28typeof%20ResizeObserver%20%3D%3D%3D%20%22undefined%22%29%20return%3B%0A%20%20observer%20%3D%20new%20ResizeObserver%28notifyAll%29%3B%0A%20%20%7D%0A%20%20function%20resizeElement%28target%2C%20handler%29%20%7B%0A%20%20if%20%28%21observer%29%20createResizeObserver%28%29%3B%0A%20%20const%20elements%20%3D%20resolveElements%28target%29%3B%0A%20%20elements.forEach%28%28element%29%3D%3E%7B%0A%20%20let%20elementHandlers%20%3D%20resizeHandlers.get%28element%29%3B%0A%20%20if%20%28%21elementHandlers%29%20%7B%0A%20%20elementHandlers%20%3D%20new%20Set%28%29%3B%0A%20%20resizeHandlers.set%28element%2C%20elementHandlers%29%3B%0A%20%20%7D%0A%20%20elementHandlers.add%28handler%29%3B%0A%20%20observer%3F.observe%28element%29%3B%0A%20%20%7D%29%3B%0A%20%20return%20%28%29%3D%3E%7B%0A%20%20elements.forEach%28%28element%29%3D%3E%7B%0A%20%20const%20elementHandlers%20%3D%20resizeHandlers.get%28element%29%3B%0A%20%20elementHandlers%3F.delete%28handler%29%3B%0A%20%20if%20%28%21elementHandlers%3F.size%29%20%7B%0A%20%20observer%3F.unobserve%28element%29%3B%0A%20%20%7D%0A%20%20%7D%29%3B%0A%20%20%7D%3B%0A%20%20%7D%0A%20%20%3B%0A%20%20const%20windowCallbacks%20%3D%20new%20Set%28%29%3B%0A%20%20let%20windowResizeHandler%3B%0A%20%20function%20createWindowResizeHandler%28%29%20%7B%0A%20%20windowResizeHandler%20%3D%20%28%29%3D%3E%7B%0A%20%20const%20info%20%3D%20%7B%0A%20%20get%20width%20%28%29%20%7B%0A%20%20return%20window.innerWidth%3B%0A%20%20%7D%2C%0A%20%20get%20height%20%28%29%20%7B%0A%20%20return%20window.innerHeight%3B%0A%20%20%7D%0A%20%20%7D%3B%0A%20%20windowCallbacks.forEach%28%28callback%29%3D%3Ecallback%28info%29%29%3B%0A%20%20%7D%3B%0A%20%20window.addEventListener%28%22resize%22%2C%20windowResizeHandler%29%3B%0A%20%20%7D%0A%20%20function%20resizeWindow%28callback%29%20%7B%0A%20%20windowCallbacks.add%28callback%29%3B%0A%20%20if%20%28%21windowResizeHandler%29%20createWindowResizeHandler%28%29%3B%0A%20%20return%20%28%29%3D%3E%7B%0A%20%20windowCallbacks.delete%28callback%29%3B%0A%20%20if%20%28%21windowCallbacks.size%20%26%26%20typeof%20windowResizeHandler%20%3D%3D%3D%20%22function%22%29%20%7B%0A%20%20window.removeEventListener%28%22resize%22%2C%20windowResizeHandler%29%3B%0A%20%20windowResizeHandler%20%3D%20undefined%3B%0A%20%20%7D%0A%20%20%7D%3B%0A%20%20%7D%0A%20%20%3B%0A%20%20%3B%0A%20%20%3B%0A%20%20function%20resize%28a%2C%20b%29%20%7B%0A%20%20return%20typeof%20a%20%3D%3D%3D%20%22function%22%20%3F%20resizeWindow%28a%29%20%3A%20resizeElement%28a%2C%20b%29%3B%0A%20%20%7D%0A%20%20%3B%0A%20%20const%20keyboardAccessibleElements%20%3D%20new%20Set%28%5B%0A%20%20%22BUTTON%22%2C%0A%20%20%22INPUT%22%2C%0A%20%20%22SELECT%22%2C%0A%20%20%22TEXTAREA%22%2C%0A%20%20%22A%22%0A%20%20%5D%29%3B%0A%20%20%2F%2A%2A%0A%20%20%20%2A%20Checks%20if%20an%20element%20is%20natively%20keyboard%20accessible%20%28focusable%29.%0A%20%20%20%2A%20Used%20by%20the%20press%20gesture%20to%20determine%20if%20we%20need%20to%20add%20tabIndex.%0A%20%20%20%2A%2F%20function%20isElementKeyboardAccessible%28element%29%20%7B%0A%20%20return%20keyboardAccessibleElements.has%28element.tagName%29%20%7C%7C%20element.isContentEditable%20%3D%3D%3D%20true%3B%0A%20%20%7D%0A%20%20const%20textInputElements%20%3D%20new%20Set%28%5B%0A%20%20%22INPUT%22%2C%0A%20%20%22SELECT%22%2C%0A%20%20%22TEXTAREA%22%0A%20%20%5D%29%3B%0A%20%20%2F%2A%2A%0A%20%20%20%2A%20Checks%20if%20an%20element%20has%20text%20selection%20or%20direct%20interaction%20behavior%0A%20%20%20%2A%20that%20should%20block%20drag%20gestures%20from%20starting.%0A%20%20%20%2A%0A%20%20%20%2A%20This%20specifically%20targets%20form%20controls%20where%20the%20user%20might%20want%20to%20select%0A%20%20%20%2A%20text%20or%20interact%20with%20the%20control%20%28e.g.%2C%20sliders%2C%20dropdowns%29.%0A%20%20%20%2A%0A%20%20%20%2A%20Buttons%20and%20links%20are%20NOT%20included%20because%20they%20don%27t%20have%20click-and-move%0A%20%20%20%2A%20actions%20of%20their%20own%20-%20they%20only%20respond%20to%20click%20events%2C%20so%20dragging%0A%20%20%20%2A%20should%20still%20work%20when%20initiated%20from%20these%20elements.%0A%20%20%20%2A%2F%20function%20isElementTextInput%28element%29%20%7B%0A%20%20return%20textInputElements.has%28element.tagName%29%20%7C%7C%20element.isContentEditable%20%3D%3D%3D%20true%3B%0A%20%20%7D%0A%20%20%3B%0A%20%20const%20isPrimaryPointer%20%3D%20%28event1%29%3D%3E%7B%0A%20%20if%20%28event1.pointerType%20%3D%3D%3D%20%22mouse%22%29%20%7B%0A%20%20return%20typeof%20event1.button%20%21%3D%3D%20%22number%22%20%7C%7C%20event1.button%20%3C%3D%200%3B%0A%20%20%7D%20else%20%7B%0A%20%20%2F%2A%2A%0A%20%20%20%20%20%20%20%20%20%20%20%2A%20isPrimary%20is%20true%20for%20all%20mice%20buttons%2C%20whereas%20every%20touch%20point%0A%20%20%20%20%20%20%20%20%20%20%20%2A%20is%20regarded%20as%20its%20own%20input.%20So%20subsequent%20concurrent%20touch%20points%0A%20%20%20%20%20%20%20%20%20%20%20%2A%20will%20be%20false.%0A%20%20%20%20%20%20%20%20%20%20%20%2A%0A%20%20%20%20%20%20%20%20%20%20%20%2A%20Specifically%20match%20against%20false%20here%20as%20incomplete%20versions%20of%0A%20%20%20%20%20%20%20%20%20%20%20%2A%20PointerEvents%20in%20very%20old%20browser%20might%20have%20it%20set%20as%20undefined.%0A%20%20%20%20%20%20%20%20%20%20%20%2A%2F%20return%20event1.isPrimary%20%21%3D%3D%20false%3B%0A%20%20%7D%0A%20%20%7D%3B%0A%20%20%3B%0A%20%20%3B%0A%20%20function%20extractEventInfo%28event1%29%20%7B%0A%20%20return%20%7B%0A%20%20point%3A%20%7B%0A%20%20x%3A%20event1.pageX%2C%0A%20%20y%3A%20event1.pageY%0A%20%20%7D%0A%20%20%7D%3B%0A%20%20%7D%0A%20%20const%20addPointerInfo%20%3D%20%28handler%29%3D%3E%28event1%29%3D%3EisPrimaryPointer%28event1%29%20%26%26%20handler%28event1%2C%20extractEventInfo%28event1%29%29%3B%0A%20%20%3B%0A%20%20%3B%0A%20%20%3B%0A%20%20function%20addPointerEvent%28target%2C%20eventName%2C%20handler%2C%20options%29%20%7B%0A%20%20return%20addDomEvent%28target%2C%20eventName%2C%20addPointerInfo%28handler%29%2C%20options%29%3B%0A%20%20%7D%0A%20%20%3B%0A%20%20%2F%2F%20Fixes%20https%3A%2F%2Fgithub.com%2Fmotiondivision%2Fmotion%2Fissues%2F2270%0A%20%20const%20getContextWindow%20%3D%20%28%7B%20current%20%7D%29%3D%3E%7B%0A%20%20return%20current%20%3F%20current.ownerDocument.defaultView%20%3A%20null%3B%0A%20%20%7D%3B%0A%20%20%3B%0A%20%20function%20isRefObject%28ref%29%20%7B%0A%20%20return%20ref%20%26%26%20typeof%20ref%20%3D%3D%3D%20%22object%22%20%26%26%20Object.prototype.hasOwnProperty.call%28ref%2C%20%22current%22%29%3B%0A%20%20%7D%0A%20%20%3B%0A%20%20const%20distance%20%3D%20%28a%2C%20b%29%3D%3EMath.abs%28a%20-%20b%29%3B%0A%20%20function%20distance2D%28a%2C%20b%29%20%7B%0A%20%20%2F%2F%20Multi-dimensional%0A%20%20const%20xDelta%20%3D%20distance%28a.x%2C%20b.x%29%3B%0A%20%20const%20yDelta%20%3D%20distance%28a.y%2C%20b.y%29%3B%0A%20%20return%20Math.sqrt%28xDelta%20%2A%2A%202%20%2B%20yDelta%20%2A%2A%202%29%3B%0A%20%20%7D%0A%20%20%3B%0A%20%20%3B%0A%20%20%3B%0A%20%20%3B%0A%20%20%3B%0A%20%20%3B%0A%20%20const%20overflowStyles%20%3D%20%2F%2A%23__PURE__%2A%2F%20new%20Set%28%5B%0A%20%20%22auto%22%2C%0A%20%20%22scroll%22%0A%20%20%5D%29%3B%0A%20%20%2F%2A%2A%0A%20%20%20%2A%20%40internal%0A%20%20%20%2A%2F%20class%20PanSession%20%7B%0A%20%20constructor%28event1%2C%20handlers%2C%20%7B%20transformPagePoint%2C%20contextWindow%20%3D%20window%2C%20dragSnapToOrigin%20%3D%20false%2C%20distanceThreshold%20%3D%203%2C%20element%20%7D%20%3D%20%7B%7D%29%7B%0A%20%20%2F%2A%2A%0A%20%20%20%20%20%20%20%20%20%20%20%2A%20%40internal%0A%20%20%20%20%20%20%20%20%20%20%20%2A%2F%20this.startEvent%20%3D%20null%3B%0A%20%20%2F%2A%2A%0A%20%20%20%20%20%20%20%20%20%20%20%2A%20%40internal%0A%20%20%20%20%20%20%20%20%20%20%20%2A%2F%20this.lastMoveEvent%20%3D%20null%3B%0A%20%20%2F%2A%2A%0A%20%20%20%20%20%20%20%20%20%20%20%2A%20%40internal%0A%20%20%20%20%20%20%20%20%20%20%20%2A%2F%20this.lastMoveEventInfo%20%3D%20null%3B%0A%20%20%2F%2A%2A%0A%20%20%20%20%20%20%20%20%20%20%20%2A%20Raw%20%28untransformed%29%20event%20info%2C%20re-transformed%20each%20frame%0A%20%20%20%20%20%20%20%20%20%20%20%2A%20so%20transformPagePoint%20sees%20the%20current%20parent%20matrix.%0A%20%20%20%20%20%20%20%20%20%20%20%2A%20%40internal%0A%20%20%20%20%20%20%20%20%20%20%20%2A%2F%20this.lastRawMoveEventInfo%20%3D%20null%3B%0A%20%20%2F%2A%2A%0A%20%20%20%20%20%20%20%20%20%20%20%2A%20%40internal%0A%20%20%20%20%20%20%20%20%20%20%20%2A%2F%20this.handlers%20%3D%20%7B%7D%3B%0A%20%20%2F%2A%2A%0A%20%20%20%20%20%20%20%20%20%20%20%2A%20%40internal%0A%20%20%20%20%20%20%20%20%20%20%20%2A%2F%20this.contextWindow%20%3D%20window%3B%0A%20%20%2F%2A%2A%0A%20%20%20%20%20%20%20%20%20%20%20%2A%20Scroll%20positions%20of%20scrollable%20ancestors%20and%20window.%0A%20%20%20%20%20%20%20%20%20%20%20%2A%20%40internal%0A%20%20%20%20%20%20%20%20%20%20%20%2A%2F%20this.scrollPositions%20%3D%20new%20Map%28%29%3B%0A%20%20%2F%2A%2A%0A%20%20%20%20%20%20%20%20%20%20%20%2A%20Cleanup%20function%20for%20scroll%20listeners.%0A%20%20%20%20%20%20%20%20%20%20%20%2A%20%40internal%0A%20%20%20%20%20%20%20%20%20%20%20%2A%2F%20this.removeScrollListeners%20%3D%20null%3B%0A%20%20this.onElementScroll%20%3D%20%28event1%29%3D%3E%7B%0A%20%20this.handleScroll%28event1.target%29%3B%0A%20%20%7D%3B%0A%20%20this.onWindowScroll%20%3D%20%28%29%3D%3E%7B%0A%20%20this.handleScroll%28window%29%3B%0A%20%20%7D%3B%0A%20%20this.updatePoint%20%3D%20%28%29%3D%3E%7B%0A%20%20if%20%28%21%28this.lastMoveEvent%20%26%26%20this.lastMoveEventInfo%29%29%20return%3B%0A%20%20%2F%2F%20Re-transform%20raw%20point%20through%20current%20transformPagePoint%20so%0A%20%20%2F%2F%20animated%20parent%20transforms%20%28e.g.%20rotation%29%20are%20picked%20up%20each%20frame%0A%20%20if%20%28this.lastRawMoveEventInfo%29%20%7B%0A%20%20this.lastMoveEventInfo%20%3D%20transformPoint%28this.lastRawMoveEventInfo%2C%20this.transformPagePoint%29%3B%0A%20%20%7D%0A%20%20const%20info%20%3D%20getPanInfo%28this.lastMoveEventInfo%2C%20this.history%29%3B%0A%20%20const%20isPanStarted%20%3D%20this.startEvent%20%21%3D%3D%20null%3B%0A%20%20%2F%2F%20Only%20start%20panning%20if%20the%20offset%20is%20larger%20than%203%20pixels.%20If%20we%20make%20it%0A%20%20%2F%2F%20any%20larger%20than%20this%20we%27ll%20want%20to%20reset%20the%20pointer%20history%0A%20%20%2F%2F%20on%20the%20first%20update%20to%20avoid%20visual%20snapping%20to%20the%20cursor.%0A%20%20const%20isDistancePastThreshold%20%3D%20distance2D%28info.offset%2C%20%7B%0A%20%20x%3A%200%2C%0A%20%20y%3A%200%0A%20%20%7D%29%20%3E%3D%20this.distanceThreshold%3B%0A%20%20if%20%28%21isPanStarted%20%26%26%20%21isDistancePastThreshold%29%20return%3B%0A%20%20const%20%7B%20point%20%7D%20%3D%20info%3B%0A%20%20const%20%7B%20timestamp%20%7D%20%3D%20frameData%3B%0A%20%20this.history.push%28%7B%0A%20%20...point%2C%0A%20%20timestamp%0A%20%20%7D%29%3B%0A%20%20const%20%7B%20onStart%2C%20onMove%20%7D%20%3D%20this.handlers%3B%0A%20%20if%20%28%21isPanStarted%29%20%7B%0A%20%20onStart%20%26%26%20onStart%28this.lastMoveEvent%2C%20info%29%3B%0A%20%20this.startEvent%20%3D%20this.lastMoveEvent%3B%0A%20%20%7D%0A%20%20onMove%20%26%26%20onMove%28this.lastMoveEvent%2C%20info%29%3B%0A%20%20%7D%3B%0A%20%20this.handlePointerMove%20%3D%20%28event1%2C%20info%29%3D%3E%7B%0A%20%20this.lastMoveEvent%20%3D%20event1%3B%0A%20%20this.lastRawMoveEventInfo%20%3D%20info%3B%0A%20%20this.lastMoveEventInfo%20%3D%20transformPoint%28info%2C%20this.transformPagePoint%29%3B%0A%20%20%2F%2F%20Throttle%20mouse%20move%20event%20to%20once%20per%20frame%0A%20%20frame.update%28this.updatePoint%2C%20true%29%3B%0A%20%20%7D%3B%0A%20%20this.handlePointerUp%20%3D%20%28event1%2C%20info%29%3D%3E%7B%0A%20%20this.end%28%29%3B%0A%20%20const%20%7B%20onEnd%2C%20onSessionEnd%2C%20resumeAnimation%20%7D%20%3D%20this.handlers%3B%0A%20%20%2F%2F%20Resume%20animation%20if%20dragSnapToOrigin%20is%20set%20OR%20if%20no%20drag%20started%20%28user%20just%20clicked%29%0A%20%20%2F%2F%20This%20ensures%20constraint%20animations%20continue%20when%20interrupted%20by%20a%20click%0A%20%20if%20%28this.dragSnapToOrigin%20%7C%7C%20%21this.startEvent%29%20%7B%0A%20%20resumeAnimation%20%26%26%20resumeAnimation%28%29%3B%0A%20%20%7D%0A%20%20if%20%28%21%28this.lastMoveEvent%20%26%26%20this.lastMoveEventInfo%29%29%20return%3B%0A%20%20const%20panInfo%20%3D%20getPanInfo%28event1.type%20%3D%3D%3D%20%22pointercancel%22%20%3F%20this.lastMoveEventInfo%20%3A%20transformPoint%28info%2C%20this.transformPagePoint%29%2C%20this.history%29%3B%0A%20%20if%20%28this.startEvent%20%26%26%20onEnd%29%20%7B%0A%20%20onEnd%28event1%2C%20panInfo%29%3B%0A%20%20%7D%0A%20%20onSessionEnd%20%26%26%20onSessionEnd%28event1%2C%20panInfo%29%3B%0A%20%20%7D%3B%0A%20%20%2F%2F%20If%20we%20have%20more%20than%20one%20touch%2C%20don%27t%20start%20detecting%20this%20gesture%0A%20%20if%20%28%21isPrimaryPointer%28event1%29%29%20return%3B%0A%20%20this.dragSnapToOrigin%20%3D%20dragSnapToOrigin%3B%0A%20%20this.handlers%20%3D%20handlers%3B%0A%20%20this.transformPagePoint%20%3D%20transformPagePoint%3B%0A%20%20this.distanceThreshold%20%3D%20distanceThreshold%3B%0A%20%20this.contextWindow%20%3D%20contextWindow%20%7C%7C%20window%3B%0A%20%20const%20info%20%3D%20extractEventInfo%28event1%29%3B%0A%20%20const%20initialInfo%20%3D%20transformPoint%28info%2C%20this.transformPagePoint%29%3B%0A%20%20const%20%7B%20point%20%7D%20%3D%20initialInfo%3B%0A%20%20const%20%7B%20timestamp%20%7D%20%3D%20frameData%3B%0A%20%20this.history%20%3D%20%5B%0A%20%20%7B%0A%20%20...point%2C%0A%20%20timestamp%0A%20%20%7D%0A%20%20%5D%3B%0A%20%20const%20%7B%20onSessionStart%20%7D%20%3D%20handlers%3B%0A%20%20onSessionStart%20%26%26%20onSessionStart%28event1%2C%20getPanInfo%28initialInfo%2C%20this.history%29%29%3B%0A%20%20this.removeListeners%20%3D%20pipe%28addPointerEvent%28this.contextWindow%2C%20%22pointermove%22%2C%20this.handlePointerMove%29%2C%20addPointerEvent%28this.contextWindow%2C%20%22pointerup%22%2C%20this.handlePointerUp%29%2C%20addPointerEvent%28this.contextWindow%2C%20%22pointercancel%22%2C%20this.handlePointerUp%29%29%3B%0A%20%20%2F%2F%20Start%20scroll%20tracking%20if%20element%20provided%0A%20%20if%20%28element%29%20%7B%0A%20%20this.startScrollTracking%28element%29%3B%0A%20%20%7D%0A%20%20%7D%0A%20%20%2F%2A%2A%0A%20%20%20%20%20%20%20%2A%20Start%20tracking%20scroll%20on%20ancestors%20and%20window.%0A%20%20%20%20%20%20%20%2A%2F%20startScrollTracking%28element%29%20%7B%0A%20%20%2F%2F%20Store%20initial%20scroll%20positions%20for%20scrollable%20ancestors%0A%20%20let%20current%20%3D%20element.parentElement%3B%0A%20%20while%28current%29%7B%0A%20%20const%20style%20%3D%20getComputedStyle%28current%29%3B%0A%20%20if%20%28overflowStyles.has%28style.overflowX%29%20%7C%7C%20overflowStyles.has%28style.overflowY%29%29%20%7B%0A%20%20this.scrollPositions.set%28current%2C%20%7B%0A%20%20x%3A%20current.scrollLeft%2C%0A%20%20y%3A%20current.scrollTop%0A%20%20%7D%29%3B%0A%20%20%7D%0A%20%20current%20%3D%20current.parentElement%3B%0A%20%20%7D%0A%20%20%2F%2F%20Track%20window%20scroll%0A%20%20this.scrollPositions.set%28window%2C%20%7B%0A%20%20x%3A%20window.scrollX%2C%0A%20%20y%3A%20window.scrollY%0A%20%20%7D%29%3B%0A%20%20%2F%2F%20Capture%20listener%20catches%20element%20scroll%20events%20as%20they%20bubble%0A%20%20window.addEventListener%28%22scroll%22%2C%20this.onElementScroll%2C%20%7B%0A%20%20capture%3A%20true%0A%20%20%7D%29%3B%0A%20%20%2F%2F%20Direct%20window%20scroll%20listener%20%28window%20scroll%20doesn%27t%20bubble%29%0A%20%20window.addEventListener%28%22scroll%22%2C%20this.onWindowScroll%29%3B%0A%20%20this.removeScrollListeners%20%3D%20%28%29%3D%3E%7B%0A%20%20window.removeEventListener%28%22scroll%22%2C%20this.onElementScroll%2C%20%7B%0A%20%20capture%3A%20true%0A%20%20%7D%29%3B%0A%20%20window.removeEventListener%28%22scroll%22%2C%20this.onWindowScroll%29%3B%0A%20%20%7D%3B%0A%20%20%7D%0A%20%20%2F%2A%2A%0A%20%20%20%20%20%20%20%2A%20Handle%20scroll%20compensation%20during%20drag.%0A%20%20%20%20%20%20%20%2A%0A%20%20%20%20%20%20%20%2A%20For%20element%20scroll%3A%20adjusts%20history%20origin%20since%20pageX%2FpageY%20doesn%27t%20change.%0A%20%20%20%20%20%20%20%2A%20For%20window%20scroll%3A%20adjusts%20lastMoveEventInfo%20since%20pageX%2FpageY%20would%20change.%0A%20%20%20%20%20%20%20%2A%2F%20handleScroll%28target%29%20%7B%0A%20%20const%20initial%20%3D%20this.scrollPositions.get%28target%29%3B%0A%20%20if%20%28%21initial%29%20return%3B%0A%20%20const%20isWindow%20%3D%20target%20%3D%3D%3D%20window%3B%0A%20%20const%20current%20%3D%20isWindow%20%3F%20%7B%0A%20%20x%3A%20window.scrollX%2C%0A%20%20y%3A%20window.scrollY%0A%20%20%7D%20%3A%20%7B%0A%20%20x%3A%20target.scrollLeft%2C%0A%20%20y%3A%20target.scrollTop%0A%20%20%7D%3B%0A%20%20const%20delta%20%3D%20%7B%0A%20%20x%3A%20current.x%20-%20initial.x%2C%0A%20%20y%3A%20current.y%20-%20initial.y%0A%20%20%7D%3B%0A%20%20if%20%28delta.x%20%3D%3D%3D%200%20%26%26%20delta.y%20%3D%3D%3D%200%29%20return%3B%0A%20%20if%20%28isWindow%29%20%7B%0A%20%20%2F%2F%20Window%20scroll%3A%20pageX%2FpageY%20changes%2C%20so%20update%20lastMoveEventInfo%0A%20%20if%20%28this.lastMoveEventInfo%29%20%7B%0A%20%20this.lastMoveEventInfo.point.x%20%2B%3D%20delta.x%3B%0A%20%20this.lastMoveEventInfo.point.y%20%2B%3D%20delta.y%3B%0A%20%20%7D%0A%20%20%7D%20else%20%7B%0A%20%20%2F%2F%20Element%20scroll%3A%20pageX%2FpageY%20unchanged%2C%20so%20adjust%20history%20origin%0A%20%20if%20%28this.history.length%20%3E%200%29%20%7B%0A%20%20this.history%5B0%5D.x%20-%3D%20delta.x%3B%0A%20%20this.history%5B0%5D.y%20-%3D%20delta.y%3B%0A%20%20%7D%0A%20%20%7D%0A%20%20this.scrollPositions.set%28target%2C%20current%29%3B%0A%20%20frame.update%28this.updatePoint%2C%20true%29%3B%0A%20%20%7D%0A%20%20updateHandlers%28handlers%29%20%7B%0A%20%20this.handlers%20%3D%20handlers%3B%0A%20%20%7D%0A%20%20end%28%29%20%7B%0A%20%20this.removeListeners%20%26%26%20this.removeListeners%28%29%3B%0A%20%20this.removeScrollListeners%20%26%26%20this.removeScrollListeners%28%29%3B%0A%20%20this.scrollPositions.clear%28%29%3B%0A%20%20cancelFrame%28this.updatePoint%29%3B%0A%20%20%7D%0A%20%20%7D%0A%20%20function%20transformPoint%28info%2C%20transformPagePoint%29%20%7B%0A%20%20return%20transformPagePoint%20%3F%20%7B%0A%20%20point%3A%20transformPagePoint%28info.point%29%0A%20%20%7D%20%3A%20info%3B%0A%20%20%7D%0A%20%20function%20subtractPoint%28a%2C%20b%29%20%7B%0A%20%20return%20%7B%0A%20%20x%3A%20a.x%20-%20b.x%2C%0A%20%20y%3A%20a.y%20-%20b.y%0A%20%20%7D%3B%0A%20%20%7D%0A%20%20function%20getPanInfo%28%7B%20point%20%7D%2C%20history%29%20%7B%0A%20%20return%20%7B%0A%20%20point%2C%0A%20%20delta%3A%20subtractPoint%28point%2C%20lastDevicePoint%28history%29%29%2C%0A%20%20offset%3A%20subtractPoint%28point%2C%20startDevicePoint%28history%29%29%2C%0A%20%20velocity%3A%20getVelocity%28history%2C%200.1%29%0A%20%20%7D%3B%0A%20%20%7D%0A%20%20function%20startDevicePoint%28history%29%20%7B%0A%20%20return%20history%5B0%5D%3B%0A%20%20%7D%0A%20%20function%20lastDevicePoint%28history%29%20%7B%0A%20%20return%20history%5Bhistory.length%20-%201%5D%3B%0A%20%20%7D%0A%20%20function%20getVelocity%28history%2C%20timeDelta%29%20%7B%0A%20%20if%20%28history.length%20%3C%202%29%20%7B%0A%20%20return%20%7B%0A%20%20x%3A%200%2C%0A%20%20y%3A%200%0A%20%20%7D%3B%0A%20%20%7D%0A%20%20let%20i%20%3D%20history.length%20-%201%3B%0A%20%20let%20timestampedPoint%20%3D%20null%3B%0A%20%20const%20lastPoint%20%3D%20lastDevicePoint%28history%29%3B%0A%20%20while%28i%20%3E%3D%200%29%7B%0A%20%20timestampedPoint%20%3D%20history%5Bi%5D%3B%0A%20%20if%20%28lastPoint.timestamp%20-%20timestampedPoint.timestamp%20%3E%20secondsToMilliseconds%28timeDelta%29%29%20%7B%0A%20%20break%3B%0A%20%20%7D%0A%20%20i--%3B%0A%20%20%7D%0A%20%20if%20%28%21timestampedPoint%29%20%7B%0A%20%20return%20%7B%0A%20%20x%3A%200%2C%0A%20%20y%3A%200%0A%20%20%7D%3B%0A%20%20%7D%0A%20%20%2F%2A%2A%0A%20%20%20%20%20%20%20%2A%20If%20the%20selected%20point%20is%20the%20pointer-down%20origin%20%28history%5B0%5D%29%2C%0A%20%20%20%20%20%20%20%2A%20there%20are%20better%20movement%20points%20available%2C%20and%20the%20time%20gap%0A%20%20%20%20%20%20%20%2A%20is%20suspiciously%20large%20%28%3E2x%20timeDelta%29%2C%20use%20the%20next%20point%20instead.%0A%20%20%20%20%20%20%20%2A%20This%20prevents%20stale%20pointer-down%20points%20from%20diluting%20velocity%0A%20%20%20%20%20%20%20%2A%20in%20hold-then-flick%20gestures.%0A%20%20%20%20%20%20%20%2A%2F%20if%20%28timestampedPoint%20%3D%3D%3D%20history%5B0%5D%20%26%26%20history.length%20%3E%202%20%26%26%20lastPoint.timestamp%20-%20timestampedPoint.timestamp%20%3E%20secondsToMilliseconds%28timeDelta%29%20%2A%202%29%20%7B%0A%20%20timestampedPoint%20%3D%20history%5B1%5D%3B%0A%20%20%7D%0A%20%20const%20time%20%3D%20millisecondsToSeconds%28lastPoint.timestamp%20-%20timestampedPoint.timestamp%29%3B%0A%20%20if%20%28time%20%3D%3D%3D%200%29%20%7B%0A%20%20return%20%7B%0A%20%20x%3A%200%2C%0A%20%20y%3A%200%0A%20%20%7D%3B%0A%20%20%7D%0A%20%20const%20currentVelocity%20%3D%20%7B%0A%20%20x%3A%20%28lastPoint.x%20-%20timestampedPoint.x%29%20%2F%20time%2C%0A%20%20y%3A%20%28lastPoint.y%20-%20timestampedPoint.y%29%20%2F%20time%0A%20%20%7D%3B%0A%20%20if%20%28currentVelocity.x%20%3D%3D%3D%20Infinity%29%20%7B%0A%20%20currentVelocity.x%20%3D%200%3B%0A%20%20%7D%0A%20%20if%20%28currentVelocity.y%20%3D%3D%3D%20Infinity%29%20%7B%0A%20%20currentVelocity.y%20%3D%200%3B%0A%20%20%7D%0A%20%20return%20currentVelocity%3B%0A%20%20%7D%0A%20%20%3B%0A%20%20%3B%0A%20%20%3B%0A%20%20%2F%2A%2A%0A%20%20%20%2A%20Apply%20constraints%20to%20a%20point.%20These%20constraints%20are%20both%20physical%20along%20an%0A%20%20%20%2A%20axis%2C%20and%20an%20elastic%20factor%20that%20determines%20how%20much%20to%20constrain%20the%20point%0A%20%20%20%2A%20by%20if%20it%20does%20lie%20outside%20the%20defined%20parameters.%0A%20%20%20%2A%2F%20function%20applyConstraints%28point%2C%20%7B%20min%2C%20max%20%7D%2C%20elastic%29%20%7B%0A%20%20if%20%28min%20%21%3D%3D%20undefined%20%26%26%20point%20%3C%20min%29%20%7B%0A%20%20%2F%2F%20If%20we%20have%20a%20min%20point%20defined%2C%20and%20this%20is%20outside%20of%20that%2C%20constrain%0A%20%20point%20%3D%20elastic%20%3F%20mixNumber%28min%2C%20point%2C%20elastic.min%29%20%3A%20Math.max%28point%2C%20min%29%3B%0A%20%20%7D%20else%20if%20%28max%20%21%3D%3D%20undefined%20%26%26%20point%20%3E%20max%29%20%7B%0A%20%20%2F%2F%20If%20we%20have%20a%20max%20point%20defined%2C%20and%20this%20is%20outside%20of%20that%2C%20constrain%0A%20%20point%20%3D%20elastic%20%3F%20mixNumber%28max%2C%20point%2C%20elastic.max%29%20%3A%20Math.min%28point%2C%20max%29%3B%0A%20%20%7D%0A%20%20return%20point%3B%0A%20%20%7D%0A%20%20%2F%2A%2A%0A%20%20%20%2A%20Calculate%20constraints%20in%20terms%20of%20the%20viewport%20when%20defined%20relatively%20to%20the%0A%20%20%20%2A%20measured%20axis.%20This%20is%20measured%20from%20the%20nearest%20edge%2C%20so%20a%20max%20constraint%20of%20200%0A%20%20%20%2A%20on%20an%20axis%20with%20a%20max%20value%20of%20300%20would%20return%20a%20constraint%20of%20500%20-%20axis%20length%0A%20%20%20%2A%2F%20function%20calcRelativeAxisConstraints%28axis%2C%20min%2C%20max%29%20%7B%0A%20%20return%20%7B%0A%20%20min%3A%20min%20%21%3D%3D%20undefined%20%3F%20axis.min%20%2B%20min%20%3A%20undefined%2C%0A%20%20max%3A%20max%20%21%3D%3D%20undefined%20%3F%20axis.max%20%2B%20max%20-%20%28axis.max%20-%20axis.min%29%20%3A%20undefined%0A%20%20%7D%3B%0A%20%20%7D%0A%20%20%2F%2A%2A%0A%20%20%20%2A%20Calculate%20constraints%20in%20terms%20of%20the%20viewport%20when%0A%20%20%20%2A%20defined%20relatively%20to%20the%20measured%20bounding%20box.%0A%20%20%20%2A%2F%20function%20calcRelativeConstraints%28layoutBox%2C%20%7B%20top%2C%20left%2C%20bottom%2C%20right%20%7D%29%20%7B%0A%20%20return%20%7B%0A%20%20x%3A%20calcRelativeAxisConstraints%28layoutBox.x%2C%20left%2C%20right%29%2C%0A%20%20y%3A%20calcRelativeAxisConstraints%28layoutBox.y%2C%20top%2C%20bottom%29%0A%20%20%7D%3B%0A%20%20%7D%0A%20%20%2F%2A%2A%0A%20%20%20%2A%20Calculate%20viewport%20constraints%20when%20defined%20as%20another%20viewport-relative%20axis%0A%20%20%20%2A%2F%20function%20calcViewportAxisConstraints%28layoutAxis%2C%20constraintsAxis%29%20%7B%0A%20%20let%20min%20%3D%20constraintsAxis.min%20-%20layoutAxis.min%3B%0A%20%20let%20max%20%3D%20constraintsAxis.max%20-%20layoutAxis.max%3B%0A%20%20%2F%2F%20If%20the%20constraints%20axis%20is%20actually%20smaller%20than%20the%20layout%20axis%20then%20we%20can%0A%20%20%2F%2F%20flip%20the%20constraints%0A%20%20if%20%28constraintsAxis.max%20-%20constraintsAxis.min%20%3C%20layoutAxis.max%20-%20layoutAxis.min%29%20%7B%0A%20%20%5Bmin%2C%20max%5D%20%3D%20%5B%0A%20%20max%2C%0A%20%20min%0A%20%20%5D%3B%0A%20%20%7D%0A%20%20return%20%7B%0A%20%20min%2C%0A%20%20max%0A%20%20%7D%3B%0A%20%20%7D%0A%20%20%2F%2A%2A%0A%20%20%20%2A%20Calculate%20viewport%20constraints%20when%20defined%20as%20another%20viewport-relative%20box%0A%20%20%20%2A%2F%20function%20calcViewportConstraints%28layoutBox%2C%20constraintsBox%29%20%7B%0A%20%20return%20%7B%0A%20%20x%3A%20calcViewportAxisConstraints%28layoutBox.x%2C%20constraintsBox.x%29%2C%0A%20%20y%3A%20calcViewportAxisConstraints%28layoutBox.y%2C%20constraintsBox.y%29%0A%20%20%7D%3B%0A%20%20%7D%0A%20%20%2F%2A%2A%0A%20%20%20%2A%20Calculate%20a%20transform%20origin%20relative%20to%20the%20source%20axis%2C%20between%200-1%2C%20that%20results%0A%20%20%20%2A%20in%20an%20asthetically%20pleasing%20scale%2Ftransform%20needed%20to%20project%20from%20source%20to%20target.%0A%20%20%20%2A%2F%20function%20calcOrigin%28source%2C%20target%29%20%7B%0A%20%20let%20origin%20%3D%200.5%3B%0A%20%20const%20sourceLength%20%3D%20calcLength%28source%29%3B%0A%20%20const%20targetLength%20%3D%20calcLength%28target%29%3B%0A%20%20if%20%28targetLength%20%3E%20sourceLength%29%20%7B%0A%20%20origin%20%3D%20progress%28target.min%2C%20target.max%20-%20sourceLength%2C%20source.min%29%3B%0A%20%20%7D%20else%20if%20%28sourceLength%20%3E%20targetLength%29%20%7B%0A%20%20origin%20%3D%20progress%28source.min%2C%20source.max%20-%20targetLength%2C%20target.min%29%3B%0A%20%20%7D%0A%20%20return%20clamp%280%2C%201%2C%20origin%29%3B%0A%20%20%7D%0A%20%20%2F%2A%2A%0A%20%20%20%2A%20Rebase%20the%20calculated%20viewport%20constraints%20relative%20to%20the%20layout.min%20point.%0A%20%20%20%2A%2F%20function%20rebaseAxisConstraints%28layout%2C%20constraints%29%20%7B%0A%20%20const%20relativeConstraints%20%3D%20%7B%7D%3B%0A%20%20if%20%28constraints.min%20%21%3D%3D%20undefined%29%20%7B%0A%20%20relativeConstraints.min%20%3D%20constraints.min%20-%20layout.min%3B%0A%20%20%7D%0A%20%20if%20%28constraints.max%20%21%3D%3D%20undefined%29%20%7B%0A%20%20relativeConstraints.max%20%3D%20constraints.max%20-%20layout.min%3B%0A%20%20%7D%0A%20%20return%20relativeConstraints%3B%0A%20%20%7D%0A%20%20const%20defaultElastic%20%3D%200.35%3B%0A%20%20%2F%2A%2A%0A%20%20%20%2A%20Accepts%20a%20dragElastic%20prop%20and%20returns%20resolved%20elastic%20values%20for%20each%20axis.%0A%20%20%20%2A%2F%20function%20resolveDragElastic%28dragElastic%20%3D%20defaultElastic%29%20%7B%0A%20%20if%20%28dragElastic%20%3D%3D%3D%20false%29%20%7B%0A%20%20dragElastic%20%3D%200%3B%0A%20%20%7D%20else%20if%20%28dragElastic%20%3D%3D%3D%20true%29%20%7B%0A%20%20dragElastic%20%3D%20defaultElastic%3B%0A%20%20%7D%0A%20%20return%20%7B%0A%20%20x%3A%20resolveAxisElastic%28dragElastic%2C%20%22left%22%2C%20%22right%22%29%2C%0A%20%20y%3A%20resolveAxisElastic%28dragElastic%2C%20%22top%22%2C%20%22bottom%22%29%0A%20%20%7D%3B%0A%20%20%7D%0A%20%20function%20resolveAxisElastic%28dragElastic%2C%20minLabel%2C%20maxLabel%29%20%7B%0A%20%20return%20%7B%0A%20%20min%3A%20resolvePointElastic%28dragElastic%2C%20minLabel%29%2C%0A%20%20max%3A%20resolvePointElastic%28dragElastic%2C%20maxLabel%29%0A%20%20%7D%3B%0A%20%20%7D%0A%20%20function%20resolvePointElastic%28dragElastic%2C%20label%29%20%7B%0A%20%20return%20typeof%20dragElastic%20%3D%3D%3D%20%22number%22%20%3F%20dragElastic%20%3A%20dragElastic%5Blabel%5D%20%7C%7C%200%3B%0A%20%20%7D%0A%20%20%3B%0A%20%20%3B%0A%20%20%3B%0A%20%20%3B%0A%20%20%3B%0A%20%20%3B%0A%20%20%3B%0A%20%20%3B%0A%20%20%3B%0A%20%20const%20elementDragControls%20%3D%20new%20WeakMap%28%29%3B%0A%20%20class%20VisualElementDragControls%20%7B%0A%20%20constructor%28visualElement%29%7B%0A%20%20this.openDragLock%20%3D%20null%3B%0A%20%20this.isDragging%20%3D%20false%3B%0A%20%20this.currentDirection%20%3D%20null%3B%0A%20%20this.originPoint%20%3D%20%7B%0A%20%20x%3A%200%2C%0A%20%20y%3A%200%0A%20%20%7D%3B%0A%20%20%2F%2A%2A%0A%20%20%20%20%20%20%20%20%20%20%20%2A%20The%20permitted%20boundaries%20of%20travel%2C%20in%20pixels.%0A%20%20%20%20%20%20%20%20%20%20%20%2A%2F%20this.constraints%20%3D%20false%3B%0A%20%20this.hasMutatedConstraints%20%3D%20false%3B%0A%20%20%2F%2A%2A%0A%20%20%20%20%20%20%20%20%20%20%20%2A%20The%20per-axis%20resolved%20elastic%20values.%0A%20%20%20%20%20%20%20%20%20%20%20%2A%2F%20this.elastic%20%3D%20createBox%28%29%3B%0A%20%20%2F%2A%2A%0A%20%20%20%20%20%20%20%20%20%20%20%2A%20The%20latest%20pointer%20event.%20Used%20as%20fallback%20when%20the%20%60cancel%60%20and%20%60stop%60%20functions%20are%20called%20without%20arguments.%0A%20%20%20%20%20%20%20%20%20%20%20%2A%2F%20this.latestPointerEvent%20%3D%20null%3B%0A%20%20%2F%2A%2A%0A%20%20%20%20%20%20%20%20%20%20%20%2A%20The%20latest%20pan%20info.%20Used%20as%20fallback%20when%20the%20%60cancel%60%20and%20%60stop%60%20functions%20are%20called%20without%20arguments.%0A%20%20%20%20%20%20%20%20%20%20%20%2A%2F%20this.latestPanInfo%20%3D%20null%3B%0A%20%20this.visualElement%20%3D%20visualElement%3B%0A%20%20%7D%0A%20%20start%28originEvent%2C%20%7B%20snapToCursor%20%3D%20false%2C%20distanceThreshold%20%7D%20%3D%20%7B%7D%29%20%7B%0A%20%20%2F%2A%2A%0A%20%20%20%20%20%20%20%20%20%20%20%2A%20Don%27t%20start%20dragging%20if%20this%20component%20is%20exiting%0A%20%20%20%20%20%20%20%20%20%20%20%2A%2F%20const%20%7B%20presenceContext%20%7D%20%3D%20this.visualElement%3B%0A%20%20if%20%28presenceContext%20%26%26%20presenceContext.isPresent%20%3D%3D%3D%20false%29%20return%3B%0A%20%20const%20onSessionStart%20%3D%20%28event1%29%3D%3E%7B%0A%20%20if%20%28snapToCursor%29%20%7B%0A%20%20this.snapToCursor%28extractEventInfo%28event1%29.point%29%3B%0A%20%20%7D%0A%20%20this.stopAnimation%28%29%3B%0A%20%20%7D%3B%0A%20%20const%20onStart%20%3D%20%28event1%2C%20info%29%3D%3E%7B%0A%20%20%2F%2F%20Attempt%20to%20grab%20the%20global%20drag%20gesture%20lock%20-%20maybe%20make%20this%20part%20of%20PanSession%0A%20%20const%20%7B%20drag%2C%20dragPropagation%2C%20onDragStart%20%7D%20%3D%20this.getProps%28%29%3B%0A%20%20if%20%28drag%20%26%26%20%21dragPropagation%29%20%7B%0A%20%20if%20%28this.openDragLock%29%20this.openDragLock%28%29%3B%0A%20%20this.openDragLock%20%3D%20setDragLock%28drag%29%3B%0A%20%20%2F%2F%20If%20we%20don%20%27t%20have%20the%20lock%2C%20don%27t%20start%20dragging%0A%20%20if%20%28%21this.openDragLock%29%20return%3B%0A%20%20%7D%0A%20%20this.latestPointerEvent%20%3D%20event1%3B%0A%20%20this.latestPanInfo%20%3D%20info%3B%0A%20%20this.isDragging%20%3D%20true%3B%0A%20%20this.currentDirection%20%3D%20null%3B%0A%20%20this.resolveConstraints%28%29%3B%0A%20%20if%20%28this.visualElement.projection%29%20%7B%0A%20%20this.visualElement.projection.isAnimationBlocked%20%3D%20true%3B%0A%20%20this.visualElement.projection.target%20%3D%20undefined%3B%0A%20%20%7D%0A%20%20%2F%2A%2A%0A%20%20%20%20%20%20%20%20%20%20%20%20%20%20%20%2A%20Record%20gesture%20origin%20and%20pointer%20offset%0A%20%20%20%20%20%20%20%20%20%20%20%20%20%20%20%2A%2F%20eachAxis%28%28axis%29%3D%3E%7B%0A%20%20let%20current%20%3D%20this.getAxisMotionValue%28axis%29.get%28%29%20%7C%7C%200%3B%0A%20%20%2F%2A%2A%0A%20%20%20%20%20%20%20%20%20%20%20%20%20%20%20%20%20%20%20%2A%20If%20the%20MotionValue%20is%20a%20percentage%20value%20convert%20to%20px%0A%20%20%20%20%20%20%20%20%20%20%20%20%20%20%20%20%20%20%20%2A%2F%20if%20%28percent.test%28current%29%29%20%7B%0A%20%20const%20%7B%20projection%20%7D%20%3D%20this.visualElement%3B%0A%20%20if%20%28projection%20%26%26%20projection.layout%29%20%7B%0A%20%20const%20measuredAxis%20%3D%20projection.layout.layoutBox%5Baxis%5D%3B%0A%20%20if%20%28measuredAxis%29%20%7B%0A%20%20const%20length%20%3D%20calcLength%28measuredAxis%29%3B%0A%20%20current%20%3D%20length%20%2A%20%28parseFloat%28current%29%20%2F%20100%29%3B%0A%20%20%7D%0A%20%20%7D%0A%20%20%7D%0A%20%20this.originPoint%5Baxis%5D%20%3D%20current%3B%0A%20%20%7D%29%3B%0A%20%20%2F%2F%20Fire%20onDragStart%20event%0A%20%20if%20%28onDragStart%29%20%7B%0A%20%20frame.update%28%28%29%3D%3EonDragStart%28event1%2C%20info%29%2C%20false%2C%20true%29%3B%0A%20%20%7D%0A%20%20addValueToWillChange%28this.visualElement%2C%20%22transform%22%29%3B%0A%20%20const%20%7B%20animationState%20%7D%20%3D%20this.visualElement%3B%0A%20%20animationState%20%26%26%20animationState.setActive%28%22whileDrag%22%2C%20true%29%3B%0A%20%20%7D%3B%0A%20%20const%20onMove%20%3D%20%28event1%2C%20info%29%3D%3E%7B%0A%20%20this.latestPointerEvent%20%3D%20event1%3B%0A%20%20this.latestPanInfo%20%3D%20info%3B%0A%20%20const%20%7B%20dragPropagation%2C%20dragDirectionLock%2C%20onDirectionLock%2C%20onDrag%20%7D%20%3D%20this.getProps%28%29%3B%0A%20%20%2F%2F%20If%20we%20didn%27t%20successfully%20receive%20the%20gesture%20lock%2C%20early%20return.%0A%20%20if%20%28%21dragPropagation%20%26%26%20%21this.openDragLock%29%20return%3B%0A%20%20const%20%7B%20offset%20%7D%20%3D%20info%3B%0A%20%20%2F%2F%20Attempt%20to%20detect%20drag%20direction%20if%20directionLock%20is%20true%0A%20%20if%20%28dragDirectionLock%20%26%26%20this.currentDirection%20%3D%3D%3D%20null%29%20%7B%0A%20%20this.currentDirection%20%3D%20getCurrentDirection%28offset%29%3B%0A%20%20%2F%2F%20If%20we%27ve%20successfully%20set%20a%20direction%2C%20notify%20listener%0A%20%20if%20%28this.currentDirection%20%21%3D%3D%20null%29%20%7B%0A%20%20onDirectionLock%20%26%26%20onDirectionLock%28this.currentDirection%29%3B%0A%20%20%7D%0A%20%20return%3B%0A%20%20%7D%0A%20%20%2F%2F%20Update%20each%20point%20with%20the%20latest%20position%0A%20%20this.updateAxis%28%22x%22%2C%20info.point%2C%20offset%29%3B%0A%20%20this.updateAxis%28%22y%22%2C%20info.point%2C%20offset%29%3B%0A%20%20%2F%2A%2A%0A%20%20%20%20%20%20%20%20%20%20%20%20%20%20%20%2A%20Ideally%20we%20would%20leave%20the%20renderer%20to%20fire%20naturally%20at%20the%20end%20of%0A%20%20%20%20%20%20%20%20%20%20%20%20%20%20%20%2A%20this%20frame%20but%20if%20the%20element%20is%20about%20to%20change%20layout%20as%20the%20result%0A%20%20%20%20%20%20%20%20%20%20%20%20%20%20%20%2A%20of%20a%20re-render%20we%20want%20to%20ensure%20the%20browser%20can%20read%20the%20latest%0A%20%20%20%20%20%20%20%20%20%20%20%20%20%20%20%2A%20bounding%20box%20to%20ensure%20the%20pointer%20and%20element%20don%27t%20fall%20out%20of%20sync.%0A%20%20%20%20%20%20%20%20%20%20%20%20%20%20%20%2A%2F%20this.visualElement.render%28%29%3B%0A%20%20%2F%2A%2A%0A%20%20%20%20%20%20%20%20%20%20%20%20%20%20%20%2A%20This%20must%20fire%20after%20the%20render%20call%20as%20it%20might%20trigger%20a%20state%0A%20%20%20%20%20%20%20%20%20%20%20%20%20%20%20%2A%20change%20which%20itself%20might%20trigger%20a%20layout%20update.%0A%20%20%20%20%20%20%20%20%20%20%20%20%20%20%20%2A%2F%20if%20%28onDrag%29%20%7B%0A%20%20frame.update%28%28%29%3D%3EonDrag%28event1%2C%20info%29%2C%20false%2C%20true%29%3B%0A%20%20%7D%0A%20%20%7D%3B%0A%20%20const%20onSessionEnd%20%3D%20%28event1%2C%20info%29%3D%3E%7B%0A%20%20this.latestPointerEvent%20%3D%20event1%3B%0A%20%20this.latestPanInfo%20%3D%20info%3B%0A%20%20this.stop%28event1%2C%20info%29%3B%0A%20%20this.latestPointerEvent%20%3D%20null%3B%0A%20%20this.latestPanInfo%20%3D%20null%3B%0A%20%20%7D%3B%0A%20%20const%20resumeAnimation%20%3D%20%28%29%3D%3E%7B%0A%20%20const%20%7B%20dragSnapToOrigin%3A%20snap%20%7D%20%3D%20this.getProps%28%29%3B%0A%20%20if%20%28snap%20%7C%7C%20this.constraints%29%20%7B%0A%20%20this.startAnimation%28%7B%0A%20%20x%3A%200%2C%0A%20%20y%3A%200%0A%20%20%7D%29%3B%0A%20%20%7D%0A%20%20%7D%3B%0A%20%20const%20%7B%20dragSnapToOrigin%20%7D%20%3D%20this.getProps%28%29%3B%0A%20%20this.panSession%20%3D%20new%20PanSession%28originEvent%2C%20%7B%0A%20%20onSessionStart%2C%0A%20%20onStart%2C%0A%20%20onMove%2C%0A%20%20onSessionEnd%2C%0A%20%20resumeAnimation%0A%20%20%7D%2C%20%7B%0A%20%20transformPagePoint%3A%20this.visualElement.getTransformPagePoint%28%29%2C%0A%20%20dragSnapToOrigin%2C%0A%20%20distanceThreshold%2C%0A%20%20contextWindow%3A%20getContextWindow%28this.visualElement%29%2C%0A%20%20element%3A%20this.visualElement.current%0A%20%20%7D%29%3B%0A%20%20%7D%0A%20%20%2F%2A%2A%0A%20%20%20%20%20%20%20%2A%20%40internal%0A%20%20%20%20%20%20%20%2A%2F%20stop%28event1%2C%20panInfo%29%20%7B%0A%20%20const%20finalEvent%20%3D%20event1%20%7C%7C%20this.latestPointerEvent%3B%0A%20%20const%20finalPanInfo%20%3D%20panInfo%20%7C%7C%20this.latestPanInfo%3B%0A%20%20const%20isDragging%20%3D%20this.isDragging%3B%0A%20%20this.cancel%28%29%3B%0A%20%20if%20%28%21isDragging%20%7C%7C%20%21finalPanInfo%20%7C%7C%20%21finalEvent%29%20return%3B%0A%20%20const%20%7B%20velocity%20%7D%20%3D%20finalPanInfo%3B%0A%20%20this.startAnimation%28velocity%29%3B%0A%20%20const%20%7B%20onDragEnd%20%7D%20%3D%20this.getProps%28%29%3B%0A%20%20if%20%28onDragEnd%29%20%7B%0A%20%20frame.postRender%28%28%29%3D%3EonDragEnd%28finalEvent%2C%20finalPanInfo%29%29%3B%0A%20%20%7D%0A%20%20%7D%0A%20%20%2F%2A%2A%0A%20%20%20%20%20%20%20%2A%20%40internal%0A%20%20%20%20%20%20%20%2A%2F%20cancel%28%29%20%7B%0A%20%20this.isDragging%20%3D%20false%3B%0A%20%20const%20%7B%20projection%2C%20animationState%20%7D%20%3D%20this.visualElement%3B%0A%20%20if%20%28projection%29%20%7B%0A%20%20projection.isAnimationBlocked%20%3D%20false%3B%0A%20%20%7D%0A%20%20this.endPanSession%28%29%3B%0A%20%20const%20%7B%20dragPropagation%20%7D%20%3D%20this.getProps%28%29%3B%0A%20%20if%20%28%21dragPropagation%20%26%26%20this.openDragLock%29%20%7B%0A%20%20this.openDragLock%28%29%3B%0A%20%20this.openDragLock%20%3D%20null%3B%0A%20%20%7D%0A%20%20animationState%20%26%26%20animationState.setActive%28%22whileDrag%22%2C%20false%29%3B%0A%20%20%7D%0A%20%20%2F%2A%2A%0A%20%20%20%20%20%20%20%2A%20Clean%20up%20the%20pan%20session%20without%20modifying%20other%20drag%20state.%0A%20%20%20%20%20%20%20%2A%20This%20is%20used%20during%20unmount%20to%20ensure%20event%20listeners%20are%20removed%0A%20%20%20%20%20%20%20%2A%20without%20affecting%20projection%20animations%20or%20drag%20locks.%0A%20%20%20%20%20%20%20%2A%20%40internal%0A%20%20%20%20%20%20%20%2A%2F%20endPanSession%28%29%20%7B%0A%20%20this.panSession%20%26%26%20this.panSession.end%28%29%3B%0A%20%20this.panSession%20%3D%20undefined%3B%0A%20%20%7D%0A%20%20updateAxis%28axis%2C%20_point%2C%20offset%29%20%7B%0A%20%20const%20%7B%20drag%20%7D%20%3D%20this.getProps%28%29%3B%0A%20%20%2F%2F%20If%20we%27re%20not%20dragging%20this%20axis%2C%20do%20an%20early%20return.%0A%20%20if%20%28%21offset%20%7C%7C%20%21shouldDrag%28axis%2C%20drag%2C%20this.currentDirection%29%29%20return%3B%0A%20%20const%20axisValue%20%3D%20this.getAxisMotionValue%28axis%29%3B%0A%20%20let%20next%20%3D%20this.originPoint%5Baxis%5D%20%2B%20offset%5Baxis%5D%3B%0A%20%20%2F%2F%20Apply%20constraints%0A%20%20if%20%28this.constraints%20%26%26%20this.constraints%5Baxis%5D%29%20%7B%0A%20%20next%20%3D%20applyConstraints%28next%2C%20this.constraints%5Baxis%5D%2C%20this.elastic%5Baxis%5D%29%3B%0A%20%20%7D%0A%20%20axisValue.set%28next%29%3B%0A%20%20%7D%0A%20%20resolveConstraints%28%29%20%7B%0A%20%20const%20%7B%20dragConstraints%2C%20dragElastic%20%7D%20%3D%20this.getProps%28%29%3B%0A%20%20const%20layout%20%3D%20this.visualElement.projection%20%26%26%20%21this.visualElement.projection.layout%20%3F%20this.visualElement.projection.measure%28false%29%20%3A%20this.visualElement.projection%3F.layout%3B%0A%20%20const%20prevConstraints%20%3D%20this.constraints%3B%0A%20%20if%20%28dragConstraints%20%26%26%20isRefObject%28dragConstraints%29%29%20%7B%0A%20%20if%20%28%21this.constraints%29%20%7B%0A%20%20this.constraints%20%3D%20this.resolveRefConstraints%28%29%3B%0A%20%20%7D%0A%20%20%7D%20else%20%7B%0A%20%20if%20%28dragConstraints%20%26%26%20layout%29%20%7B%0A%20%20this.constraints%20%3D%20calcRelativeConstraints%28layout.layoutBox%2C%20dragConstraints%29%3B%0A%20%20%7D%20else%20%7B%0A%20%20this.constraints%20%3D%20false%3B%0A%20%20%7D%0A%20%20%7D%0A%20%20this.elastic%20%3D%20resolveDragElastic%28dragElastic%29%3B%0A%20%20%2F%2A%2A%0A%20%20%20%20%20%20%20%20%20%20%20%2A%20If%20we%27re%20outputting%20to%20external%20MotionValues%2C%20we%20want%20to%20rebase%20the%20measured%20constraints%0A%20%20%20%20%20%20%20%20%20%20%20%2A%20from%20viewport-relative%20to%20component-relative.%20This%20only%20applies%20to%20relative%20%28non-ref%29%0A%20%20%20%20%20%20%20%20%20%20%20%2A%20constraints%2C%20as%20ref-based%20constraints%20from%20calcViewportConstraints%20are%20already%20in%20the%0A%20%20%20%20%20%20%20%20%20%20%20%2A%20correct%20coordinate%20space%20for%20the%20motion%20value%20transform%20offset.%0A%20%20%20%20%20%20%20%20%20%20%20%2A%2F%20if%20%28prevConstraints%20%21%3D%3D%20this.constraints%20%26%26%20%21isRefObject%28dragConstraints%29%20%26%26%20layout%20%26%26%20this.constraints%20%26%26%20%21this.hasMutatedConstraints%29%20%7B%0A%20%20eachAxis%28%28axis%29%3D%3E%7B%0A%20%20if%20%28this.constraints%20%21%3D%3D%20false%20%26%26%20this.getAxisMotionValue%28axis%29%29%20%7B%0A%20%20this.constraints%5Baxis%5D%20%3D%20rebaseAxisConstraints%28layout.layoutBox%5Baxis%5D%2C%20this.constraints%5Baxis%5D%29%3B%0A%20%20%7D%0A%20%20%7D%29%3B%0A%20%20%7D%0A%20%20%7D%0A%20%20resolveRefConstraints%28%29%20%7B%0A%20%20const%20%7B%20dragConstraints%3A%20constraints%2C%20onMeasureDragConstraints%20%7D%20%3D%20this.getProps%28%29%3B%0A%20%20if%20%28%21constraints%20%7C%7C%20%21isRefObject%28constraints%29%29%20return%20false%3B%0A%20%20const%20constraintsElement%20%3D%20constraints.current%3B%0A%20%20invariant%28constraintsElement%20%21%3D%3D%20null%2C%20%22If%20%60dragConstraints%60%20is%20set%20as%20a%20React%20ref%2C%20that%20ref%20must%20be%20passed%20to%20another%20component%27s%20%60ref%60%20prop.%22%2C%20%22drag-constraints-ref%22%29%3B%0A%20%20const%20%7B%20projection%20%7D%20%3D%20this.visualElement%3B%0A%20%20%2F%2F%20TODO%0A%20%20if%20%28%21projection%20%7C%7C%20%21projection.layout%29%20return%20false%3B%0A%20%20const%20constraintsBox%20%3D%20measurePageBox%28constraintsElement%2C%20projection.root%2C%20this.visualElement.getTransformPagePoint%28%29%29%3B%0A%20%20let%20measuredConstraints%20%3D%20calcViewportConstraints%28projection.layout.layoutBox%2C%20constraintsBox%29%3B%0A%20%20%2F%2A%2A%0A%20%20%20%20%20%20%20%20%20%20%20%2A%20If%20there%27s%20an%20onMeasureDragConstraints%20listener%20we%20call%20it%20and%0A%20%20%20%20%20%20%20%20%20%20%20%2A%20if%20different%20constraints%20are%20returned%2C%20set%20constraints%20to%20that%0A%20%20%20%20%20%20%20%20%20%20%20%2A%2F%20if%20%28onMeasureDragConstraints%29%20%7B%0A%20%20const%20userConstraints%20%3D%20onMeasureDragConstraints%28convertBoxToBoundingBox%28measuredConstraints%29%29%3B%0A%20%20this.hasMutatedConstraints%20%3D%20%21%21userConstraints%3B%0A%20%20if%20%28userConstraints%29%20%7B%0A%20%20measuredConstraints%20%3D%20convertBoundingBoxToBox%28userConstraints%29%3B%0A%20%20%7D%0A%20%20%7D%0A%20%20return%20measuredConstraints%3B%0A%20%20%7D%0A%20%20startAnimation%28velocity%29%20%7B%0A%20%20const%20%7B%20drag%2C%20dragMomentum%2C%20dragElastic%2C%20dragTransition%2C%20dragSnapToOrigin%2C%20onDragTransitionEnd%20%7D%20%3D%20this.getProps%28%29%3B%0A%20%20const%20constraints%20%3D%20this.constraints%20%7C%7C%20%7B%7D%3B%0A%20%20const%20momentumAnimations%20%3D%20eachAxis%28%28axis%29%3D%3E%7B%0A%20%20if%20%28%21shouldDrag%28axis%2C%20drag%2C%20this.currentDirection%29%29%20%7B%0A%20%20return%3B%0A%20%20%7D%0A%20%20let%20transition%20%3D%20constraints%20%26%26%20constraints%5Baxis%5D%20%7C%7C%20%7B%7D%3B%0A%20%20if%20%28dragSnapToOrigin%20%3D%3D%3D%20true%20%7C%7C%20dragSnapToOrigin%20%3D%3D%3D%20axis%29%20transition%20%3D%20%7B%0A%20%20min%3A%200%2C%0A%20%20max%3A%200%0A%20%20%7D%3B%0A%20%20%2F%2A%2A%0A%20%20%20%20%20%20%20%20%20%20%20%20%20%20%20%2A%20Overdamp%20the%20boundary%20spring%20if%20%60dragElastic%60%20is%20disabled.%20There%27s%20still%20a%20frame%0A%20%20%20%20%20%20%20%20%20%20%20%20%20%20%20%2A%20of%20spring%20animations%20so%20we%20should%20look%20into%20adding%20a%20disable%20spring%20option%20to%20%60inertia%60.%0A%20%20%20%20%20%20%20%20%20%20%20%20%20%20%20%2A%20We%20could%20do%20something%20here%20where%20we%20affect%20the%20%60bounceStiffness%60%20and%20%60bounceDamping%60%0A%20%20%20%20%20%20%20%20%20%20%20%20%20%20%20%2A%20using%20the%20value%20of%20%60dragElastic%60.%0A%20%20%20%20%20%20%20%20%20%20%20%20%20%20%20%2A%2F%20const%20bounceStiffness%20%3D%20dragElastic%20%3F%20200%20%3A%201000000%3B%0A%20%20const%20bounceDamping%20%3D%20dragElastic%20%3F%2040%20%3A%2010000000%3B%0A%20%20const%20inertia%20%3D%20%7B%0A%20%20type%3A%20%22inertia%22%2C%0A%20%20velocity%3A%20dragMomentum%20%3F%20velocity%5Baxis%5D%20%3A%200%2C%0A%20%20bounceStiffness%2C%0A%20%20bounceDamping%2C%0A%20%20timeConstant%3A%20750%2C%0A%20%20restDelta%3A%201%2C%0A%20%20restSpeed%3A%2010%2C%0A%20%20...dragTransition%2C%0A%20%20...transition%0A%20%20%7D%3B%0A%20%20%2F%2F%20If%20we%27re%20not%20animating%20on%20an%20externally-provided%20%60MotionValue%60%20we%20can%20use%20the%0A%20%20%2F%2F%20component%27s%20animation%20controls%20which%20will%20handle%20interactions%20with%20whileHover%20%28etc%29%2C%0A%20%20%2F%2F%20otherwise%20we%20just%20have%20to%20animate%20the%20%60MotionValue%60%20itself.%0A%20%20return%20this.startAxisValueAnimation%28axis%2C%20inertia%29%3B%0A%20%20%7D%29%3B%0A%20%20%2F%2F%20Run%20all%20animations%20and%20then%20resolve%20the%20new%20drag%20constraints.%0A%20%20return%20Promise.all%28momentumAnimations%29.then%28onDragTransitionEnd%29%3B%0A%20%20%7D%0A%20%20startAxisValueAnimation%28axis%2C%20transition%29%20%7B%0A%20%20const%20axisValue%20%3D%20this.getAxisMotionValue%28axis%29%3B%0A%20%20addValueToWillChange%28this.visualElement%2C%20axis%29%3B%0A%20%20return%20axisValue.start%28animateMotionValue%28axis%2C%20axisValue%2C%200%2C%20transition%2C%20this.visualElement%2C%20false%29%29%3B%0A%20%20%7D%0A%20%20stopAnimation%28%29%20%7B%0A%20%20eachAxis%28%28axis%29%3D%3Ethis.getAxisMotionValue%28axis%29.stop%28%29%29%3B%0A%20%20%7D%0A%20%20%2F%2A%2A%0A%20%20%20%20%20%20%20%2A%20Drag%20works%20differently%20depending%20on%20which%20props%20are%20provided.%0A%20%20%20%20%20%20%20%2A%0A%20%20%20%20%20%20%20%2A%20-%20If%20_dragX%20and%20_dragY%20are%20provided%2C%20we%20output%20the%20gesture%20delta%20directly%20to%20those%20motion%20values.%0A%20%20%20%20%20%20%20%2A%20-%20Otherwise%2C%20we%20apply%20the%20delta%20to%20the%20x%2Fy%20motion%20values.%0A%20%20%20%20%20%20%20%2A%2F%20getAxisMotionValue%28axis%29%20%7B%0A%20%20const%20dragKey%20%3D%20%60_drag%24%7Baxis.toUpperCase%28%29%7D%60%3B%0A%20%20const%20props%20%3D%20this.visualElement.getProps%28%29%3B%0A%20%20const%20externalMotionValue%20%3D%20props%5BdragKey%5D%3B%0A%20%20return%20externalMotionValue%20%3F%20externalMotionValue%20%3A%20this.visualElement.getValue%28axis%2C%20%28props.initial%20%3F%20props.initial%5Baxis%5D%20%3A%20undefined%29%20%7C%7C%200%29%3B%0A%20%20%7D%0A%20%20snapToCursor%28point%29%20%7B%0A%20%20eachAxis%28%28axis%29%3D%3E%7B%0A%20%20const%20%7B%20drag%20%7D%20%3D%20this.getProps%28%29%3B%0A%20%20%2F%2F%20If%20we%27re%20not%20dragging%20this%20axis%2C%20do%20an%20early%20return.%0A%20%20if%20%28%21shouldDrag%28axis%2C%20drag%2C%20this.currentDirection%29%29%20return%3B%0A%20%20const%20%7B%20projection%20%7D%20%3D%20this.visualElement%3B%0A%20%20const%20axisValue%20%3D%20this.getAxisMotionValue%28axis%29%3B%0A%20%20if%20%28projection%20%26%26%20projection.layout%29%20%7B%0A%20%20const%20%7B%20min%2C%20max%20%7D%20%3D%20projection.layout.layoutBox%5Baxis%5D%3B%0A%20%20%2F%2A%2A%0A%20%20%20%20%20%20%20%20%20%20%20%20%20%20%20%20%20%20%20%2A%20The%20layout%20measurement%20includes%20the%20current%20transform%20value%2C%0A%20%20%20%20%20%20%20%20%20%20%20%20%20%20%20%20%20%20%20%2A%20so%20we%20need%20to%20add%20it%20back%20to%20get%20the%20correct%20snap%20position.%0A%20%20%20%20%20%20%20%20%20%20%20%20%20%20%20%20%20%20%20%2A%20This%20fixes%20an%20issue%20where%20elements%20with%20initial%20coordinates%0A%20%20%20%20%20%20%20%20%20%20%20%20%20%20%20%20%20%20%20%2A%20would%20snap%20to%20the%20wrong%20position%20on%20the%20first%20drag.%0A%20%20%20%20%20%20%20%20%20%20%20%20%20%20%20%20%20%20%20%2A%2F%20const%20current%20%3D%20axisValue.get%28%29%20%7C%7C%200%3B%0A%20%20axisValue.set%28point%5Baxis%5D%20-%20mixNumber%28min%2C%20max%2C%200.5%29%20%2B%20current%29%3B%0A%20%20%7D%0A%20%20%7D%29%3B%0A%20%20%7D%0A%20%20%2F%2A%2A%0A%20%20%20%20%20%20%20%2A%20When%20the%20viewport%20resizes%20we%20want%20to%20check%20if%20the%20measured%20constraints%0A%20%20%20%20%20%20%20%2A%20have%20changed%20and%2C%20if%20so%2C%20reposition%20the%20element%20within%20those%20new%20constraints%0A%20%20%20%20%20%20%20%2A%20relative%20to%20where%20it%20was%20before%20the%20resize.%0A%20%20%20%20%20%20%20%2A%2F%20scalePositionWithinConstraints%28%29%20%7B%0A%20%20if%20%28%21this.visualElement.current%29%20return%3B%0A%20%20const%20%7B%20drag%2C%20dragConstraints%20%7D%20%3D%20this.getProps%28%29%3B%0A%20%20const%20%7B%20projection%20%7D%20%3D%20this.visualElement%3B%0A%20%20if%20%28%21isRefObject%28dragConstraints%29%20%7C%7C%20%21projection%20%7C%7C%20%21this.constraints%29%20return%3B%0A%20%20%2F%2A%2A%0A%20%20%20%20%20%20%20%20%20%20%20%2A%20Stop%20current%20animations%20as%20there%20can%20be%20visual%20glitching%20if%20we%20try%20to%20do%0A%20%20%20%20%20%20%20%20%20%20%20%2A%20this%20mid-animation%0A%20%20%20%20%20%20%20%20%20%20%20%2A%2F%20this.stopAnimation%28%29%3B%0A%20%20%2F%2A%2A%0A%20%20%20%20%20%20%20%20%20%20%20%2A%20Record%20the%20relative%20position%20of%20the%20dragged%20element%20relative%20to%20the%0A%20%20%20%20%20%20%20%20%20%20%20%2A%20constraints%20box%20and%20save%20as%20a%20progress%20value.%0A%20%20%20%20%20%20%20%20%20%20%20%2A%2F%20const%20boxProgress%20%3D%20%7B%0A%20%20x%3A%200%2C%0A%20%20y%3A%200%0A%20%20%7D%3B%0A%20%20eachAxis%28%28axis%29%3D%3E%7B%0A%20%20const%20axisValue%20%3D%20this.getAxisMotionValue%28axis%29%3B%0A%20%20if%20%28axisValue%20%26%26%20this.constraints%20%21%3D%3D%20false%29%20%7B%0A%20%20const%20latest%20%3D%20axisValue.get%28%29%3B%0A%20%20boxProgress%5Baxis%5D%20%3D%20calcOrigin%28%7B%0A%20%20min%3A%20latest%2C%0A%20%20max%3A%20latest%0A%20%20%7D%2C%20this.constraints%5Baxis%5D%29%3B%0A%20%20%7D%0A%20%20%7D%29%3B%0A%20%20%2F%2A%2A%0A%20%20%20%20%20%20%20%20%20%20%20%2A%20Update%20the%20layout%20of%20this%20element%20and%20resolve%20the%20latest%20drag%20constraints%0A%20%20%20%20%20%20%20%20%20%20%20%2A%2F%20const%20%7B%20transformTemplate%20%7D%20%3D%20this.visualElement.getProps%28%29%3B%0A%20%20this.visualElement.current.style.transform%20%3D%20transformTemplate%20%3F%20transformTemplate%28%7B%7D%2C%20%22%22%29%20%3A%20%22none%22%3B%0A%20%20projection.root%20%26%26%20projection.root.updateScroll%28%29%3B%0A%20%20projection.updateLayout%28%29%3B%0A%20%20%2F%2A%2A%0A%20%20%20%20%20%20%20%20%20%20%20%2A%20Reset%20constraints%20so%20resolveConstraints%28%29%20will%20recalculate%20them%0A%20%20%20%20%20%20%20%20%20%20%20%2A%20with%20the%20freshly%20measured%20layout%20rather%20than%20returning%20the%20cached%20value.%0A%20%20%20%20%20%20%20%20%20%20%20%2A%2F%20this.constraints%20%3D%20false%3B%0A%20%20this.resolveConstraints%28%29%3B%0A%20%20%2F%2A%2A%0A%20%20%20%20%20%20%20%20%20%20%20%2A%20For%20each%20axis%2C%20calculate%20the%20current%20progress%20of%20the%20layout%20axis%0A%20%20%20%20%20%20%20%20%20%20%20%2A%20within%20the%20new%20constraints.%0A%20%20%20%20%20%20%20%20%20%20%20%2A%2F%20eachAxis%28%28axis%29%3D%3E%7B%0A%20%20if%20%28%21shouldDrag%28axis%2C%20drag%2C%20null%29%29%20return%3B%0A%20%20%2F%2A%2A%0A%20%20%20%20%20%20%20%20%20%20%20%20%20%20%20%2A%20Calculate%20a%20new%20transform%20based%20on%20the%20previous%20box%20progress%0A%20%20%20%20%20%20%20%20%20%20%20%20%20%20%20%2A%2F%20const%20axisValue%20%3D%20this.getAxisMotionValue%28axis%29%3B%0A%20%20const%20%7B%20min%2C%20max%20%7D%20%3D%20this.constraints%5Baxis%5D%3B%0A%20%20axisValue.set%28mixNumber%28min%2C%20max%2C%20boxProgress%5Baxis%5D%29%29%3B%0A%20%20%7D%29%3B%0A%20%20%2F%2A%2A%0A%20%20%20%20%20%20%20%20%20%20%20%2A%20Flush%20the%20updated%20transform%20to%20the%20DOM%20synchronously%20to%20prevent%0A%20%20%20%20%20%20%20%20%20%20%20%2A%20a%20visual%20flash%20at%20the%20element%27s%20CSS%20layout%20position%20%280%2C0%29%20when%0A%20%20%20%20%20%20%20%20%20%20%20%2A%20the%20transform%20was%20stripped%20for%20measurement.%0A%20%20%20%20%20%20%20%20%20%20%20%2A%2F%20this.visualElement.render%28%29%3B%0A%20%20%7D%0A%20%20addListeners%28%29%20%7B%0A%20%20if%20%28%21this.visualElement.current%29%20return%3B%0A%20%20elementDragControls.set%28this.visualElement%2C%20this%29%3B%0A%20%20const%20element%20%3D%20this.visualElement.current%3B%0A%20%20%2F%2A%2A%0A%20%20%20%20%20%20%20%20%20%20%20%2A%20Attach%20a%20pointerdown%20event%20listener%20on%20this%20DOM%20element%20to%20initiate%20drag%20tracking.%0A%20%20%20%20%20%20%20%20%20%20%20%2A%2F%20const%20stopPointerListener%20%3D%20addPointerEvent%28element%2C%20%22pointerdown%22%2C%20%28event1%29%3D%3E%7B%0A%20%20const%20%7B%20drag%2C%20dragListener%20%3D%20true%20%7D%20%3D%20this.getProps%28%29%3B%0A%20%20const%20target%20%3D%20event1.target%3B%0A%20%20%2F%2A%2A%0A%20%20%20%20%20%20%20%20%20%20%20%20%20%20%20%2A%20Only%20block%20drag%20if%20clicking%20on%20a%20text%20input%20child%20element%0A%20%20%20%20%20%20%20%20%20%20%20%20%20%20%20%2A%20%28input%2C%20textarea%2C%20select%2C%20contenteditable%29%20where%20users%20might%0A%20%20%20%20%20%20%20%20%20%20%20%20%20%20%20%2A%20want%20to%20select%20text%20or%20interact%20with%20the%20control.%0A%20%20%20%20%20%20%20%20%20%20%20%20%20%20%20%2A%0A%20%20%20%20%20%20%20%20%20%20%20%20%20%20%20%2A%20Buttons%20and%20links%20don%27t%20block%20drag%20since%20they%20don%27t%20have%0A%20%20%20%20%20%20%20%20%20%20%20%20%20%20%20%2A%20click-and-move%20actions%20of%20their%20own.%0A%20%20%20%20%20%20%20%20%20%20%20%20%20%20%20%2A%2F%20const%20isClickingTextInputChild%20%3D%20target%20%21%3D%3D%20element%20%26%26%20isElementTextInput%28target%29%3B%0A%20%20if%20%28drag%20%26%26%20dragListener%20%26%26%20%21isClickingTextInputChild%29%20%7B%0A%20%20this.start%28event1%29%3B%0A%20%20%7D%0A%20%20%7D%29%3B%0A%20%20%2F%2A%2A%0A%20%20%20%20%20%20%20%20%20%20%20%2A%20If%20using%20ref-based%20constraints%2C%20observe%20both%20the%20draggable%20element%0A%20%20%20%20%20%20%20%20%20%20%20%2A%20and%20the%20constraint%20container%20for%20size%20changes%20via%20ResizeObserver.%0A%20%20%20%20%20%20%20%20%20%20%20%2A%20Setup%20is%20deferred%20because%20dragConstraints.current%20is%20null%20when%0A%20%20%20%20%20%20%20%20%20%20%20%2A%20addListeners%20first%20runs%20%28React%20hasn%27t%20committed%20the%20ref%20yet%29.%0A%20%20%20%20%20%20%20%20%20%20%20%2A%2F%20let%20stopResizeObservers%3B%0A%20%20const%20measureDragConstraints%20%3D%20%28%29%3D%3E%7B%0A%20%20const%20%7B%20dragConstraints%20%7D%20%3D%20this.getProps%28%29%3B%0A%20%20if%20%28isRefObject%28dragConstraints%29%20%26%26%20dragConstraints.current%29%20%7B%0A%20%20this.constraints%20%3D%20this.resolveRefConstraints%28%29%3B%0A%20%20if%20%28%21stopResizeObservers%29%20%7B%0A%20%20stopResizeObservers%20%3D%20startResizeObservers%28element%2C%20dragConstraints.current%2C%20%28%29%3D%3Ethis.scalePositionWithinConstraints%28%29%29%3B%0A%20%20%7D%0A%20%20%7D%0A%20%20%7D%3B%0A%20%20const%20%7B%20projection%20%7D%20%3D%20this.visualElement%3B%0A%20%20const%20stopMeasureLayoutListener%20%3D%20projection.addEventListener%28%22measure%22%2C%20measureDragConstraints%29%3B%0A%20%20if%20%28projection%20%26%26%20%21projection.layout%29%20%7B%0A%20%20projection.root%20%26%26%20projection.root.updateScroll%28%29%3B%0A%20%20projection.updateLayout%28%29%3B%0A%20%20%7D%0A%20%20frame.read%28measureDragConstraints%29%3B%0A%20%20%2F%2A%2A%0A%20%20%20%20%20%20%20%20%20%20%20%2A%20Attach%20a%20window%20resize%20listener%20to%20scale%20the%20draggable%20target%20within%20its%20defined%0A%20%20%20%20%20%20%20%20%20%20%20%2A%20constraints%20as%20the%20window%20resizes.%0A%20%20%20%20%20%20%20%20%20%20%20%2A%2F%20const%20stopResizeListener%20%3D%20addDomEvent%28window%2C%20%22resize%22%2C%20%28%29%3D%3Ethis.scalePositionWithinConstraints%28%29%29%3B%0A%20%20%2F%2A%2A%0A%20%20%20%20%20%20%20%20%20%20%20%2A%20If%20the%20element%27s%20layout%20changes%2C%20calculate%20the%20delta%20and%20apply%20that%20to%0A%20%20%20%20%20%20%20%20%20%20%20%2A%20the%20drag%20gesture%27s%20origin%20point.%0A%20%20%20%20%20%20%20%20%20%20%20%2A%2F%20const%20stopLayoutUpdateListener%20%3D%20projection.addEventListener%28%22didUpdate%22%2C%20%28%7B%20delta%2C%20hasLayoutChanged%20%7D%29%3D%3E%7B%0A%20%20if%20%28this.isDragging%20%26%26%20hasLayoutChanged%29%20%7B%0A%20%20eachAxis%28%28axis%29%3D%3E%7B%0A%20%20const%20motionValue%20%3D%20this.getAxisMotionValue%28axis%29%3B%0A%20%20if%20%28%21motionValue%29%20return%3B%0A%20%20this.originPoint%5Baxis%5D%20%2B%3D%20delta%5Baxis%5D.translate%3B%0A%20%20motionValue.set%28motionValue.get%28%29%20%2B%20delta%5Baxis%5D.translate%29%3B%0A%20%20%7D%29%3B%0A%20%20this.visualElement.render%28%29%3B%0A%20%20%7D%0A%20%20%7D%29%3B%0A%20%20return%20%28%29%3D%3E%7B%0A%20%20stopResizeListener%28%29%3B%0A%20%20stopPointerListener%28%29%3B%0A%20%20stopMeasureLayoutListener%28%29%3B%0A%20%20stopLayoutUpdateListener%20%26%26%20stopLayoutUpdateListener%28%29%3B%0A%20%20stopResizeObservers%20%26%26%20stopResizeObservers%28%29%3B%0A%20%20%7D%3B%0A%20%20%7D%0A%20%20getProps%28%29%20%7B%0A%20%20const%20props%20%3D%20this.visualElement.getProps%28%29%3B%0A%20%20const%20%7B%20drag%20%3D%20false%2C%20dragDirectionLock%20%3D%20false%2C%20dragPropagation%20%3D%20false%2C%20dragConstraints%20%3D%20false%2C%20dragElastic%20%3D%20defaultElastic%2C%20dragMomentum%20%3D%20true%20%7D%20%3D%20props%3B%0A%20%20return%20%7B%0A%20%20...props%2C%0A%20%20drag%2C%0A%20%20dragDirectionLock%2C%0A%20%20dragPropagation%2C%0A%20%20dragConstraints%2C%0A%20%20dragElastic%2C%0A%20%20dragMomentum%0A%20%20%7D%3B%0A%20%20%7D%0A%20%20%7D%0A%20%20function%20skipFirstCall%28callback%29%20%7B%0A%20%20let%20isFirst%20%3D%20true%3B%0A%20%20return%20%28%29%3D%3E%7B%0A%20%20if%20%28isFirst%29%20%7B%0A%20%20isFirst%20%3D%20false%3B%0A%20%20return%3B%0A%20%20%7D%0A%20%20callback%28%29%3B%0A%20%20%7D%3B%0A%20%20%7D%0A%20%20function%20startResizeObservers%28element%2C%20constraintsElement%2C%20onResize%29%20%7B%0A%20%20const%20stopElement%20%3D%20resize%28element%2C%20skipFirstCall%28onResize%29%29%3B%0A%20%20const%20stopContainer%20%3D%20resize%28constraintsElement%2C%20skipFirstCall%28onResize%29%29%3B%0A%20%20return%20%28%29%3D%3E%7B%0A%20%20stopElement%28%29%3B%0A%20%20stopContainer%28%29%3B%0A%20%20%7D%3B%0A%20%20%7D%0A%20%20function%20shouldDrag%28direction%2C%20drag%2C%20currentDirection%29%20%7B%0A%20%20return%20%28drag%20%3D%3D%3D%20true%20%7C%7C%20drag%20%3D%3D%3D%20direction%29%20%26%26%20%28currentDirection%20%3D%3D%3D%20null%20%7C%7C%20currentDirection%20%3D%3D%3D%20direction%29%3B%0A%20%20%7D%0A%20%20%2F%2A%2A%0A%20%20%20%2A%20Based%20on%20an%20x%2Fy%20offset%20determine%20the%20current%20drag%20direction.%20If%20both%20axis%27%20offsets%20are%20lower%0A%20%20%20%2A%20than%20the%20provided%20threshold%2C%20return%20%60null%60.%0A%20%20%20%2A%0A%20%20%20%2A%20%40param%20offset%20-%20The%20x%2Fy%20offset%20from%20origin.%0A%20%20%20%2A%20%40param%20lockThreshold%20-%20%28Optional%29%20-%20the%20minimum%20absolute%20offset%20before%20we%20can%20determine%20a%20drag%20direction.%0A%20%20%20%2A%2F%20function%20getCurrentDirection%28offset%2C%20lockThreshold%20%3D%2010%29%20%7B%0A%20%20let%20direction%20%3D%20null%3B%0A%20%20if%20%28Math.abs%28offset.y%29%20%3E%20lockThreshold%29%20%7B%0A%20%20direction%20%3D%20%22y%22%3B%0A%20%20%7D%20else%20if%20%28Math.abs%28offset.x%29%20%3E%20lockThreshold%29%20%7B%0A%20%20direction%20%3D%20%22x%22%3B%0A%20%20%7D%0A%20%20return%20direction%3B%0A%20%20%7D%0A%20%20%3B%0A%20%20%3B%0A%20%20%3B%0A%20%20%3B%0A%20%20class%20DragGesture%20extends%20Feature%20%7B%0A%20%20constructor%28node%29%7B%0A%20%20super%28node%29%3B%0A%20%20this.removeGroupControls%20%3D%20noop%3B%0A%20%20this.removeListeners%20%3D%20noop%3B%0A%20%20this.controls%20%3D%20new%20VisualElementDragControls%28node%29%3B%0A%20%20%7D%0A%20%20mount%28%29%20%7B%0A%20%20%2F%2F%20If%20we%27ve%20been%20provided%20a%20DragControls%20for%20manual%20control%20over%20the%20drag%20gesture%2C%0A%20%20%2F%2F%20subscribe%20this%20component%20to%20it%20on%20mount.%0A%20%20const%20%7B%20dragControls%20%7D%20%3D%20this.node.getProps%28%29%3B%0A%20%20if%20%28dragControls%29%20%7B%0A%20%20this.removeGroupControls%20%3D%20dragControls.subscribe%28this.controls%29%3B%0A%20%20%7D%0A%20%20this.removeListeners%20%3D%20this.controls.addListeners%28%29%20%7C%7C%20noop%3B%0A%20%20%7D%0A%20%20update%28%29%20%7B%0A%20%20const%20%7B%20dragControls%20%7D%20%3D%20this.node.getProps%28%29%3B%0A%20%20const%20%7B%20dragControls%3A%20prevDragControls%20%7D%20%3D%20this.node.prevProps%20%7C%7C%20%7B%7D%3B%0A%20%20if%20%28dragControls%20%21%3D%3D%20prevDragControls%29%20%7B%0A%20%20this.removeGroupControls%28%29%3B%0A%20%20if%20%28dragControls%29%20%7B%0A%20%20this.removeGroupControls%20%3D%20dragControls.subscribe%28this.controls%29%3B%0A%20%20%7D%0A%20%20%7D%0A%20%20%7D%0A%20%20unmount%28%29%20%7B%0A%20%20this.removeGroupControls%28%29%3B%0A%20%20this.removeListeners%28%29%3B%0A%20%20%2F%2A%2A%0A%20%20%20%20%20%20%20%20%20%20%20%2A%20In%20React%2019%2C%20during%20list%20reorder%20reconciliation%2C%20components%20may%0A%20%20%20%20%20%20%20%20%20%20%20%2A%20briefly%20unmount%20and%20remount%20while%20the%20drag%20is%20still%20active.%20If%20we%27re%0A%20%20%20%20%20%20%20%20%20%20%20%2A%20actively%20dragging%2C%20we%20should%20NOT%20end%20the%20pan%20session%20-%20it%20will%0A%20%20%20%20%20%20%20%20%20%20%20%2A%20continue%20tracking%20pointer%20events%20via%20its%20window-level%20listeners.%0A%20%20%20%20%20%20%20%20%20%20%20%2A%0A%20%20%20%20%20%20%20%20%20%20%20%2A%20The%20pan%20session%20will%20be%20properly%20cleaned%20up%20when%3A%0A%20%20%20%20%20%20%20%20%20%20%20%2A%201.%20The%20drag%20ends%20naturally%20%28pointerup%2Fpointercancel%29%0A%20%20%20%20%20%20%20%20%20%20%20%2A%202.%20The%20component%20is%20truly%20removed%20from%20the%20DOM%0A%20%20%20%20%20%20%20%20%20%20%20%2A%2F%20if%20%28%21this.controls.isDragging%29%20%7B%0A%20%20this.controls.endPanSession%28%29%3B%0A%20%20%7D%0A%20%20%7D%0A%20%20%7D%0A%20%20%3B%0A%20%20%3B%0A%20%20%3B%0A%20%20%3B%0A%20%20%3B%0A%20%20%3B%0A%20%20const%20asyncHandler%20%3D%20%28handler%29%3D%3E%28event1%2C%20info%29%3D%3E%7B%0A%20%20if%20%28handler%29%20%7B%0A%20%20frame.update%28%28%29%3D%3Ehandler%28event1%2C%20info%29%2C%20false%2C%20true%29%3B%0A%20%20%7D%0A%20%20%7D%3B%0A%20%20class%20PanGesture%20extends%20Feature%20%7B%0A%20%20constructor%28%29%7B%0A%20%20super%28...arguments%29%3B%0A%20%20this.removePointerDownListener%20%3D%20noop%3B%0A%20%20%7D%0A%20%20onPointerDown%28pointerDownEvent%29%20%7B%0A%20%20this.session%20%3D%20new%20PanSession%28pointerDownEvent%2C%20this.createPanHandlers%28%29%2C%20%7B%0A%20%20transformPagePoint%3A%20this.node.getTransformPagePoint%28%29%2C%0A%20%20contextWindow%3A%20getContextWindow%28this.node%29%0A%20%20%7D%29%3B%0A%20%20%7D%0A%20%20createPanHandlers%28%29%20%7B%0A%20%20const%20%7B%20onPanSessionStart%2C%20onPanStart%2C%20onPan%2C%20onPanEnd%20%7D%20%3D%20this.node.getProps%28%29%3B%0A%20%20return%20%7B%0A%20%20onSessionStart%3A%20asyncHandler%28onPanSessionStart%29%2C%0A%20%20onStart%3A%20asyncHandler%28onPanStart%29%2C%0A%20%20onMove%3A%20asyncHandler%28onPan%29%2C%0A%20%20onEnd%3A%20%28event1%2C%20info%29%3D%3E%7B%0A%20%20delete%20this.session%3B%0A%20%20if%20%28onPanEnd%29%20%7B%0A%20%20frame.postRender%28%28%29%3D%3EonPanEnd%28event1%2C%20info%29%29%3B%0A%20%20%7D%0A%20%20%7D%0A%20%20%7D%3B%0A%20%20%7D%0A%20%20mount%28%29%20%7B%0A%20%20this.removePointerDownListener%20%3D%20addPointerEvent%28this.node.current%2C%20%22pointerdown%22%2C%20%28event1%29%3D%3Ethis.onPointerDown%28event1%29%29%3B%0A%20%20%7D%0A%20%20update%28%29%20%7B%0A%20%20this.session%20%26%26%20this.session.updateHandlers%28this.createPanHandlers%28%29%29%3B%0A%20%20%7D%0A%20%20unmount%28%29%20%7B%0A%20%20this.removePointerDownListener%28%29%3B%0A%20%20this.session%20%26%26%20this.session.end%28%29%3B%0A%20%20%7D%0A%20%20%7D%0A%20%20%3B%0A%20%20var%20__TURBOPACK__imported__module__87924__10%20%3D%20__TURBOPACK__imported__module__87924__%3B%0A%20%20%2F%2A%2A%0A%20%20%20%2A%20This%20should%20only%20ever%20be%20modified%20on%20the%20client%20otherwise%20it%27ll%0A%20%20%20%2A%20persist%20through%20server%20requests.%20If%20we%20need%20instanced%20states%20we%0A%20%20%20%2A%20could%20lazy-init%20via%20root.%0A%20%20%20%2A%2F%20const%20globalProjectionState%20%3D%20%7B%0A%20%20%2F%2A%2A%0A%20%20%20%20%20%20%20%2A%20Global%20flag%20as%20to%20whether%20the%20tree%20has%20animated%20since%20the%20last%20time%0A%20%20%20%20%20%20%20%2A%20we%20resized%20the%20window%0A%20%20%20%20%20%20%20%2A%2F%20hasAnimatedSinceResize%3A%20true%2C%0A%20%20%2F%2A%2A%0A%20%20%20%20%20%20%20%2A%20We%20set%20this%20to%20true%20once%2C%20on%20the%20first%20update.%20Any%20nodes%20added%20to%20the%20tree%20beyond%20that%0A%20%20%20%20%20%20%20%2A%20update%20will%20be%20given%20a%20%60data-projection-id%60%20attribute.%0A%20%20%20%20%20%20%20%2A%2F%20hasEverUpdated%3A%20false%0A%20%20%7D%3B%0A%20%20%3B%0A%20%20var%20__TURBOPACK__imported__module__72131__24%20%3D%20__TURBOPACK__imported__module__72131__%3B%0A%20%20var%20__TURBOPACK__imported__module__72131__25%20%3D%20__TURBOPACK__imported__module__72131__%3B%0A%20%20%22use%20client%22%3B%0A%20%20%3B%0A%20%20%3B%0A%20%20%2F%2A%2A%0A%20%20%20%2A%20When%20a%20component%20is%20the%20child%20of%20%60AnimatePresence%60%2C%20it%20can%20use%20%60usePresence%60%0A%20%20%20%2A%20to%20access%20information%20about%20whether%20it%27s%20still%20present%20in%20the%20React%20tree.%0A%20%20%20%2A%0A%20%20%20%2A%20%60%60%60jsx%0A%20%20%20%2A%20import%20%7B%20usePresence%20%7D%20from%20%22framer-motion%22%0A%20%20%20%2A%0A%20%20%20%2A%20export%20const%20Component%20%3D%20%28%29%20%3D%3E%20%7B%0A%20%20%20%2A%20%20%20const%20%5BisPresent%2C%20safeToRemove%5D%20%3D%20usePresence%28%29%0A%20%20%20%2A%0A%20%20%20%2A%20%20%20useEffect%28%28%29%20%3D%3E%20%7B%0A%20%20%20%2A%20%20%20%20%20%21isPresent%20%26%26%20setTimeout%28safeToRemove%2C%201000%29%0A%20%20%20%2A%20%20%20%7D%2C%20%5BisPresent%5D%29%0A%20%20%20%2A%0A%20%20%20%2A%20%20%20return%20%3Cdiv%20%2F%3E%0A%20%20%20%2A%20%7D%0A%20%20%20%2A%20%60%60%60%0A%20%20%20%2A%0A%20%20%20%2A%20If%20%60isPresent%60%20is%20%60false%60%2C%20it%20means%20that%20a%20component%20has%20been%20removed%20from%20the%20tree%2C%0A%20%20%20%2A%20but%20%60AnimatePresence%60%20won%27t%20really%20remove%20it%20until%20%60safeToRemove%60%20has%20been%20called.%0A%20%20%20%2A%0A%20%20%20%2A%20%40public%0A%20%20%20%2A%2F%20function%20usePresence%28subscribe%20%3D%20true%29%20%7B%0A%20%20const%20context%20%3D%20%280%2C%20__TURBOPACK__imported__module__72131__25%5B%22useContext%22%5D%29%28PresenceContext%29%3B%0A%20%20if%20%28context%20%3D%3D%3D%20null%29%20return%20%5B%0A%20%20true%2C%0A%20%20null%0A%20%20%5D%3B%0A%20%20const%20%7B%20isPresent%2C%20onExitComplete%2C%20register%20%7D%20%3D%20context%3B%0A%20%20%2F%2F%20It%27s%20safe%20to%20call%20the%20following%20hooks%20conditionally%20%28after%20an%20early%20return%29%20because%20the%20context%20will%20always%0A%20%20%2F%2F%20either%20be%20null%20or%20non-null%20for%20the%20lifespan%20of%20the%20component.%0A%20%20const%20id%20%3D%20%280%2C%20__TURBOPACK__imported__module__72131__25%5B%22useId%22%5D%29%28%29%3B%0A%20%20%280%2C%20__TURBOPACK__imported__module__72131__25%5B%22useEffect%22%5D%29%28%28%29%3D%3E%7B%0A%20%20if%20%28subscribe%29%20%7B%0A%20%20return%20register%28id%29%3B%0A%20%20%7D%0A%20%20%7D%2C%20%5B%0A%20%20subscribe%0A%20%20%5D%29%3B%0A%20%20const%20safeToRemove%20%3D%20%280%2C%20__TURBOPACK__imported__module__72131__25%5B%22useCallback%22%5D%29%28%28%29%3D%3Esubscribe%20%26%26%20onExitComplete%20%26%26%20onExitComplete%28id%29%2C%20%5B%0A%20%20id%2C%0A%20%20onExitComplete%2C%0A%20%20subscribe%0A%20%20%5D%29%3B%0A%20%20return%20%21isPresent%20%26%26%20onExitComplete%20%3F%20%5B%0A%20%20false%2C%0A%20%20safeToRemove%0A%20%20%5D%20%3A%20%5B%0A%20%20true%0A%20%20%5D%3B%0A%20%20%7D%0A%20%20%2F%2A%2A%0A%20%20%20%2A%20Similar%20to%20%60usePresence%60%2C%20except%20%60useIsPresent%60%20simply%20returns%20whether%20or%20not%20the%20component%20is%20present.%0A%20%20%20%2A%20There%20is%20no%20%60safeToRemove%60%20function.%0A%20%20%20%2A%0A%20%20%20%2A%20%60%60%60jsx%0A%20%20%20%2A%20import%20%7B%20useIsPresent%20%7D%20from%20%22framer-motion%22%0A%20%20%20%2A%0A%20%20%20%2A%20export%20const%20Component%20%3D%20%28%29%20%3D%3E%20%7B%0A%20%20%20%2A%20%20%20const%20isPresent%20%3D%20useIsPresent%28%29%0A%20%20%20%2A%0A%20%20%20%2A%20%20%20useEffect%28%28%29%20%3D%3E%20%7B%0A%20%20%20%2A%20%20%20%20%20%21isPresent%20%26%26%20console.log%28%22I%27ve%20been%20removed%21%22%29%0A%20%20%20%2A%20%20%20%7D%2C%20%5BisPresent%5D%29%0A%20%20%20%2A%0A%20%20%20%2A%20%20%20return%20%3Cdiv%20%2F%3E%0A%20%20%20%2A%20%7D%0A%20%20%20%2A%20%60%60%60%0A%20%20%20%2A%0A%20%20%20%2A%20%40public%0A%20%20%20%2A%2F%20function%20useIsPresent%28%29%20%7B%0A%20%20return%20isPresent%28%280%2C%20__TURBOPACK__imported__module__72131__25%5B%22useContext%22%5D%29%28PresenceContext%29%29%3B%0A%20%20%7D%0A%20%20function%20isPresent%28context%29%20%7B%0A%20%20return%20context%20%3D%3D%3D%20null%20%3F%20true%20%3A%20context.isPresent%3B%0A%20%20%7D%0A%20%20%3B%0A%20%20var%20__TURBOPACK__imported__module__72131__26%20%3D%20__TURBOPACK__imported__module__72131__%3B%0A%20%20%22use%20client%22%3B%0A%20%20%3B%0A%20%20%2F%2A%2A%0A%20%20%20%2A%20Internal%2C%20exported%20only%20for%20usage%20in%20Framer%0A%20%20%20%2A%2F%20const%20SwitchLayoutGroupContext%20%3D%20%280%2C%20__TURBOPACK__imported__module__72131__26%5B%22createContext%22%5D%29%28%7B%7D%29%3B%0A%20%20%3B%0A%20%20%22use%20client%22%3B%0A%20%20%3B%0A%20%20%3B%0A%20%20%3B%0A%20%20%3B%0A%20%20%3B%0A%20%20%3B%0A%20%20%2F%2A%2A%0A%20%20%20%2A%20Track%20whether%20we%27ve%20taken%20any%20snapshots%20yet.%20If%20not%2C%0A%20%20%20%2A%20we%20can%20safely%20skip%20notification%20of%20didUpdate.%0A%20%20%20%2A%0A%20%20%20%2A%20Difficult%20to%20capture%20in%20a%20test%20but%20to%20prevent%20flickering%0A%20%20%20%2A%20we%20must%20set%20this%20to%20true%20either%20on%20update%20or%20unmount.%0A%20%20%20%2A%20Running%20%60next-env%2Flayout-id%60%20in%20Safari%20will%20show%20this%20behaviour%20if%20broken.%0A%20%20%20%2A%2F%20let%20hasTakenAnySnapshot%20%3D%20false%3B%0A%20%20class%20MeasureLayoutWithContext%20extends%20__TURBOPACK__imported__module__72131__24%5B%22Component%22%5D%20%7B%0A%20%20%2F%2A%2A%0A%20%20%20%20%20%20%20%2A%20This%20only%20mounts%20projection%20nodes%20for%20components%20that%0A%20%20%20%20%20%20%20%2A%20need%20measuring%2C%20we%20might%20want%20to%20do%20it%20for%20all%20components%0A%20%20%20%20%20%20%20%2A%20in%20order%20to%20incorporate%20transforms%0A%20%20%20%20%20%20%20%2A%2F%20componentDidMount%28%29%20%7B%0A%20%20const%20%7B%20visualElement%2C%20layoutGroup%2C%20switchLayoutGroup%2C%20layoutId%20%7D%20%3D%20this.props%3B%0A%20%20const%20%7B%20projection%20%7D%20%3D%20visualElement%3B%0A%20%20if%20%28projection%29%20%7B%0A%20%20if%20%28layoutGroup.group%29%20layoutGroup.group.add%28projection%29%3B%0A%20%20if%20%28switchLayoutGroup%20%26%26%20switchLayoutGroup.register%20%26%26%20layoutId%29%20%7B%0A%20%20switchLayoutGroup.register%28projection%29%3B%0A%20%20%7D%0A%20%20if%20%28hasTakenAnySnapshot%29%20%7B%0A%20%20projection.root.didUpdate%28%29%3B%0A%20%20%7D%0A%20%20projection.addEventListener%28%22animationComplete%22%2C%20%28%29%3D%3E%7B%0A%20%20this.safeToRemove%28%29%3B%0A%20%20%7D%29%3B%0A%20%20projection.setOptions%28%7B%0A%20%20...projection.options%2C%0A%20%20layoutDependency%3A%20this.props.layoutDependency%2C%0A%20%20onExitComplete%3A%20%28%29%3D%3Ethis.safeToRemove%28%29%0A%20%20%7D%29%3B%0A%20%20%7D%0A%20%20globalProjectionState.hasEverUpdated%20%3D%20true%3B%0A%20%20%7D%0A%20%20getSnapshotBeforeUpdate%28prevProps%29%20%7B%0A%20%20const%20%7B%20layoutDependency%2C%20visualElement%2C%20drag%2C%20isPresent%20%7D%20%3D%20this.props%3B%0A%20%20const%20%7B%20projection%20%7D%20%3D%20visualElement%3B%0A%20%20if%20%28%21projection%29%20return%20null%3B%0A%20%20%2F%2A%2A%0A%20%20%20%20%20%20%20%20%20%20%20%2A%20TODO%3A%20We%20use%20this%20data%20in%20relegate%20to%20determine%20whether%20to%0A%20%20%20%20%20%20%20%20%20%20%20%2A%20promote%20a%20previous%20element.%20There%27s%20no%20guarantee%20its%20presence%20data%0A%20%20%20%20%20%20%20%20%20%20%20%2A%20will%20have%20updated%20by%20this%20point%20-%20if%20a%20bug%20like%20this%20arises%20it%20will%0A%20%20%20%20%20%20%20%20%20%20%20%2A%20have%20to%20be%20that%20we%20markForRelegation%20and%20then%20find%20a%20new%20lead%20some%20other%20way%2C%0A%20%20%20%20%20%20%20%20%20%20%20%2A%20perhaps%20in%20didUpdate%0A%20%20%20%20%20%20%20%20%20%20%20%2A%2F%20projection.isPresent%20%3D%20isPresent%3B%0A%20%20if%20%28prevProps.layoutDependency%20%21%3D%3D%20layoutDependency%29%20%7B%0A%20%20projection.setOptions%28%7B%0A%20%20...projection.options%2C%0A%20%20layoutDependency%0A%20%20%7D%29%3B%0A%20%20%7D%0A%20%20hasTakenAnySnapshot%20%3D%20true%3B%0A%20%20if%20%28drag%20%7C%7C%20prevProps.layoutDependency%20%21%3D%3D%20layoutDependency%20%7C%7C%20layoutDependency%20%3D%3D%3D%20undefined%20%7C%7C%20prevProps.isPresent%20%21%3D%3D%20isPresent%29%20%7B%0A%20%20projection.willUpdate%28%29%3B%0A%20%20%7D%20else%20%7B%0A%20%20this.safeToRemove%28%29%3B%0A%20%20%7D%0A%20%20if%20%28prevProps.isPresent%20%21%3D%3D%20isPresent%29%20%7B%0A%20%20if%20%28isPresent%29%20%7B%0A%20%20projection.promote%28%29%3B%0A%20%20%7D%20else%20if%20%28%21projection.relegate%28%29%29%20%7B%0A%20%20%2F%2A%2A%0A%20%20%20%20%20%20%20%20%20%20%20%20%20%20%20%20%20%20%20%2A%20If%20there%27s%20another%20stack%20member%20taking%20over%20from%20this%20one%2C%0A%20%20%20%20%20%20%20%20%20%20%20%20%20%20%20%20%20%20%20%2A%20it%27s%20in%20charge%20of%20the%20exit%20animation%20and%20therefore%20should%0A%20%20%20%20%20%20%20%20%20%20%20%20%20%20%20%20%20%20%20%2A%20be%20in%20charge%20of%20the%20safe%20to%20remove.%20Otherwise%20we%20call%20it%20here.%0A%20%20%20%20%20%20%20%20%20%20%20%20%20%20%20%20%20%20%20%2A%2F%20frame.postRender%28%28%29%3D%3E%7B%0A%20%20const%20stack%20%3D%20projection.getStack%28%29%3B%0A%20%20if%20%28%21stack%20%7C%7C%20%21stack.members.length%29%20%7B%0A%20%20this.safeToRemove%28%29%3B%0A%20%20%7D%0A%20%20%7D%29%3B%0A%20%20%7D%0A%20%20%7D%0A%20%20return%20null%3B%0A%20%20%7D%0A%20%20componentDidUpdate%28%29%20%7B%0A%20%20const%20%7B%20visualElement%2C%20layoutAnchor%20%7D%20%3D%20this.props%3B%0A%20%20const%20%7B%20projection%20%7D%20%3D%20visualElement%3B%0A%20%20if%20%28projection%29%20%7B%0A%20%20projection.options.layoutAnchor%20%3D%20layoutAnchor%3B%0A%20%20projection.root.didUpdate%28%29%3B%0A%20%20microtask.postRender%28%28%29%3D%3E%7B%0A%20%20if%20%28%21projection.currentAnimation%20%26%26%20projection.isLead%28%29%29%20%7B%0A%20%20this.safeToRemove%28%29%3B%0A%20%20%7D%0A%20%20%7D%29%3B%0A%20%20%7D%0A%20%20%7D%0A%20%20componentWillUnmount%28%29%20%7B%0A%20%20const%20%7B%20visualElement%2C%20layoutGroup%2C%20switchLayoutGroup%3A%20promoteContext%20%7D%20%3D%20this.props%3B%0A%20%20const%20%7B%20projection%20%7D%20%3D%20visualElement%3B%0A%20%20hasTakenAnySnapshot%20%3D%20true%3B%0A%20%20if%20%28projection%29%20%7B%0A%20%20projection.scheduleCheckAfterUnmount%28%29%3B%0A%20%20if%20%28layoutGroup%20%26%26%20layoutGroup.group%29%20layoutGroup.group.remove%28projection%29%3B%0A%20%20if%20%28promoteContext%20%26%26%20promoteContext.deregister%29%20promoteContext.deregister%28projection%29%3B%0A%20%20%7D%0A%20%20%7D%0A%20%20safeToRemove%28%29%20%7B%0A%20%20const%20%7B%20safeToRemove%20%7D%20%3D%20this.props%3B%0A%20%20safeToRemove%20%26%26%20safeToRemove%28%29%3B%0A%20%20%7D%0A%20%20render%28%29%20%7B%0A%20%20return%20null%3B%0A%20%20%7D%0A%20%20%7D%0A%20%20function%20MeasureLayout%28props%29%20%7B%0A%20%20const%20%5BisPresent%2C%20safeToRemove%5D%20%3D%20usePresence%28%29%3B%0A%20%20const%20layoutGroup%20%3D%20%280%2C%20__TURBOPACK__imported__module__72131__24%5B%22useContext%22%5D%29%28LayoutGroupContext%29%3B%0A%20%20return%20%280%2C%20__TURBOPACK__imported__module__87924__10%5B%22jsx%22%5D%29%28MeasureLayoutWithContext%2C%20%7B%0A%20%20...props%2C%0A%20%20layoutGroup%3A%20layoutGroup%2C%0A%20%20switchLayoutGroup%3A%20%280%2C%20__TURBOPACK__imported__module__72131__24%5B%22useContext%22%5D%29%28SwitchLayoutGroupContext%29%2C%0A%20%20isPresent%3A%20isPresent%2C%0A%20%20safeToRemove%3A%20safeToRemove%0A%20%20%7D%29%3B%0A%20%20%7D%0A%20%20%3B%0A%20%20%3B%0A%20%20%3B%0A%20%20%3B%0A%20%20function%20animateSingleValue%28value%2C%20keyframes%2C%20options%29%20%7B%0A%20%20const%20motionValue%241%20%3D%20isMotionValue%28value%29%20%3F%20value%20%3A%20motionValue%28value%29%3B%0A%20%20motionValue%241.start%28animateMotionValue%28%22%22%2C%20motionValue%241%2C%20keyframes%2C%20options%29%29%3B%0A%20%20return%20motionValue%241.animation%3B%0A%20%20%7D%0A%20%20%3B%0A%20%20%3B%0A%20%20%3B%0A%20%20%3B%0A%20%20%2F%2A%2A%0A%20%20%20%2A%20Timeout%20defined%20in%20ms%0A%20%20%20%2A%2F%20function%20delay%28callback%2C%20timeout%29%20%7B%0A%20%20const%20start%20%3D%20time.now%28%29%3B%0A%20%20const%20checkElapsed%20%3D%20%28%7B%20timestamp%20%7D%29%3D%3E%7B%0A%20%20const%20elapsed%20%3D%20timestamp%20-%20start%3B%0A%20%20if%20%28elapsed%20%3E%3D%20timeout%29%20%7B%0A%20%20cancelFrame%28checkElapsed%29%3B%0A%20%20callback%28elapsed%20-%20timeout%29%3B%0A%20%20%7D%0A%20%20%7D%3B%0A%20%20frame.setup%28checkElapsed%2C%20true%29%3B%0A%20%20return%20%28%29%3D%3EcancelFrame%28checkElapsed%29%3B%0A%20%20%7D%0A%20%20function%20delayInSeconds%28callback%2C%20timeout%29%20%7B%0A%20%20return%20delay%28callback%2C%20secondsToMilliseconds%28timeout%29%29%3B%0A%20%20%7D%0A%20%20%3B%0A%20%20%3B%0A%20%20%2F%2A%2A%0A%20%20%20%2A%20Checks%20if%20an%20element%20is%20specifically%20an%20SVGSVGElement%20%28the%20root%20SVG%20element%29%0A%20%20%20%2A%20in%20a%20way%20that%20works%20across%20iframes%0A%20%20%20%2A%2F%20function%20isSVGSVGElement%28element%29%20%7B%0A%20%20return%20isSVGElement%28element%29%20%26%26%20element.tagName%20%3D%3D%3D%20%22svg%22%3B%0A%20%20%7D%0A%20%20%3B%0A%20%20%3B%0A%20%20%3B%0A%20%20%3B%0A%20%20const%20borderLabels%20%3D%20%5B%0A%20%20%22borderTopLeftRadius%22%2C%0A%20%20%22borderTopRightRadius%22%2C%0A%20%20%22borderBottomLeftRadius%22%2C%0A%20%20%22borderBottomRightRadius%22%0A%20%20%5D%3B%0A%20%20const%20numBorders%20%3D%20borderLabels.length%3B%0A%20%20const%20asNumber%20%3D%20%28value%29%3D%3Etypeof%20value%20%3D%3D%3D%20%22string%22%20%3F%20parseFloat%28value%29%20%3A%20value%3B%0A%20%20const%20isPx%20%3D%20%28value%29%3D%3Etypeof%20value%20%3D%3D%3D%20%22number%22%20%7C%7C%20px.test%28value%29%3B%0A%20%20function%20mixValues%28target%2C%20follow%2C%20lead%2C%20progress1%2C%20shouldCrossfadeOpacity%2C%20isOnlyMember%29%20%7B%0A%20%20if%20%28shouldCrossfadeOpacity%29%20%7B%0A%20%20target.opacity%20%3D%20mixNumber%280%2C%20lead.opacity%20%3F%3F%201%2C%20easeCrossfadeIn%28progress1%29%29%3B%0A%20%20target.opacityExit%20%3D%20mixNumber%28follow.opacity%20%3F%3F%201%2C%200%2C%20easeCrossfadeOut%28progress1%29%29%3B%0A%20%20%7D%20else%20if%20%28isOnlyMember%29%20%7B%0A%20%20target.opacity%20%3D%20mixNumber%28follow.opacity%20%3F%3F%201%2C%20lead.opacity%20%3F%3F%201%2C%20progress1%29%3B%0A%20%20%7D%0A%20%20%2F%2A%2A%0A%20%20%20%20%20%20%20%2A%20Mix%20border%20radius%0A%20%20%20%20%20%20%20%2A%2F%20for%28let%20i%20%3D%200%3B%20i%20%3C%20numBorders%3B%20i%2B%2B%29%7B%0A%20%20const%20borderLabel%20%3D%20borderLabels%5Bi%5D%3B%0A%20%20let%20followRadius%20%3D%20getRadius%28follow%2C%20borderLabel%29%3B%0A%20%20let%20leadRadius%20%3D%20getRadius%28lead%2C%20borderLabel%29%3B%0A%20%20if%20%28followRadius%20%3D%3D%3D%20undefined%20%26%26%20leadRadius%20%3D%3D%3D%20undefined%29%20continue%3B%0A%20%20followRadius%20%7C%7C%20%28followRadius%20%3D%200%29%3B%0A%20%20leadRadius%20%7C%7C%20%28leadRadius%20%3D%200%29%3B%0A%20%20const%20canMix%20%3D%20followRadius%20%3D%3D%3D%200%20%7C%7C%20leadRadius%20%3D%3D%3D%200%20%7C%7C%20isPx%28followRadius%29%20%3D%3D%3D%20isPx%28leadRadius%29%3B%0A%20%20if%20%28canMix%29%20%7B%0A%20%20target%5BborderLabel%5D%20%3D%20Math.max%28mixNumber%28asNumber%28followRadius%29%2C%20asNumber%28leadRadius%29%2C%20progress1%29%2C%200%29%3B%0A%20%20if%20%28percent.test%28leadRadius%29%20%7C%7C%20percent.test%28followRadius%29%29%20%7B%0A%20%20target%5BborderLabel%5D%20%2B%3D%20%22%25%22%3B%0A%20%20%7D%0A%20%20%7D%20else%20%7B%0A%20%20target%5BborderLabel%5D%20%3D%20leadRadius%3B%0A%20%20%7D%0A%20%20%7D%0A%20%20%2F%2A%2A%0A%20%20%20%20%20%20%20%2A%20Mix%20rotation%0A%20%20%20%20%20%20%20%2A%2F%20if%20%28follow.rotate%20%7C%7C%20lead.rotate%29%20%7B%0A%20%20target.rotate%20%3D%20mixNumber%28follow.rotate%20%7C%7C%200%2C%20lead.rotate%20%7C%7C%200%2C%20progress1%29%3B%0A%20%20%7D%0A%20%20%7D%0A%20%20function%20getRadius%28values%2C%20radiusName%29%20%7B%0A%20%20return%20values%5BradiusName%5D%20%21%3D%3D%20undefined%20%3F%20values%5BradiusName%5D%20%3A%20values.borderRadius%3B%0A%20%20%7D%0A%20%20const%20easeCrossfadeIn%20%3D%20%2F%2A%40__PURE__%2A%2F%20compress%280%2C%200.5%2C%20circOut%29%3B%0A%20%20const%20easeCrossfadeOut%20%3D%20%2F%2A%40__PURE__%2A%2F%20compress%280.5%2C%200.95%2C%20noop%29%3B%0A%20%20function%20compress%28min%2C%20max%2C%20easing%29%20%7B%0A%20%20return%20%28p%29%3D%3E%7B%0A%20%20%2F%2F%20Could%20replace%20ifs%20with%20clamp%0A%20%20if%20%28p%20%3C%20min%29%20return%200%3B%0A%20%20if%20%28p%20%3E%20max%29%20return%201%3B%0A%20%20return%20easing%28progress%28min%2C%20max%2C%20p%29%29%3B%0A%20%20%7D%3B%0A%20%20%7D%0A%20%20%3B%0A%20%20%2F%2A%2A%0A%20%20%20%2A%20Reset%20an%20axis%20to%20the%20provided%20origin%20box.%0A%20%20%20%2A%0A%20%20%20%2A%20This%20is%20a%20mutative%20operation.%0A%20%20%20%2A%2F%20function%20copyAxisInto%28axis%2C%20originAxis%29%20%7B%0A%20%20axis.min%20%3D%20originAxis.min%3B%0A%20%20axis.max%20%3D%20originAxis.max%3B%0A%20%20%7D%0A%20%20%2F%2A%2A%0A%20%20%20%2A%20Reset%20a%20box%20to%20the%20provided%20origin%20box.%0A%20%20%20%2A%0A%20%20%20%2A%20This%20is%20a%20mutative%20operation.%0A%20%20%20%2A%2F%20function%20copyBoxInto%28box%2C%20originBox%29%20%7B%0A%20%20copyAxisInto%28box.x%2C%20originBox.x%29%3B%0A%20%20copyAxisInto%28box.y%2C%20originBox.y%29%3B%0A%20%20%7D%0A%20%20%2F%2A%2A%0A%20%20%20%2A%20Reset%20a%20delta%20to%20the%20provided%20origin%20box.%0A%20%20%20%2A%0A%20%20%20%2A%20This%20is%20a%20mutative%20operation.%0A%20%20%20%2A%2F%20function%20copyAxisDeltaInto%28delta%2C%20originDelta%29%20%7B%0A%20%20delta.translate%20%3D%20originDelta.translate%3B%0A%20%20delta.scale%20%3D%20originDelta.scale%3B%0A%20%20delta.originPoint%20%3D%20originDelta.originPoint%3B%0A%20%20delta.origin%20%3D%20originDelta.origin%3B%0A%20%20%7D%0A%20%20%3B%0A%20%20%3B%0A%20%20%3B%0A%20%20%3B%0A%20%20%2F%2A%2A%0A%20%20%20%2A%20Remove%20a%20delta%20from%20a%20point.%20This%20is%20essentially%20the%20steps%20of%20applyPointDelta%20in%20reverse%0A%20%20%20%2A%2F%20function%20removePointDelta%28point%2C%20translate%2C%20scale%2C%20originPoint%2C%20boxScale%29%20%7B%0A%20%20point%20-%3D%20translate%3B%0A%20%20point%20%3D%20scalePoint%28point%2C%201%20%2F%20scale%2C%20originPoint%29%3B%0A%20%20if%20%28boxScale%20%21%3D%3D%20undefined%29%20%7B%0A%20%20point%20%3D%20scalePoint%28point%2C%201%20%2F%20boxScale%2C%20originPoint%29%3B%0A%20%20%7D%0A%20%20return%20point%3B%0A%20%20%7D%0A%20%20%2F%2A%2A%0A%20%20%20%2A%20Remove%20a%20delta%20from%20an%20axis.%20This%20is%20essentially%20the%20steps%20of%20applyAxisDelta%20in%20reverse%0A%20%20%20%2A%2F%20function%20removeAxisDelta%28axis%2C%20translate%20%3D%200%2C%20scale%20%3D%201%2C%20origin%20%3D%200.5%2C%20boxScale%2C%20originAxis%20%3D%20axis%2C%20sourceAxis%20%3D%20axis%29%20%7B%0A%20%20if%20%28percent.test%28translate%29%29%20%7B%0A%20%20translate%20%3D%20parseFloat%28translate%29%3B%0A%20%20const%20relativeProgress%20%3D%20mixNumber%28sourceAxis.min%2C%20sourceAxis.max%2C%20translate%20%2F%20100%29%3B%0A%20%20translate%20%3D%20relativeProgress%20-%20sourceAxis.min%3B%0A%20%20%7D%0A%20%20if%20%28typeof%20translate%20%21%3D%3D%20%22number%22%29%20return%3B%0A%20%20let%20originPoint%20%3D%20mixNumber%28originAxis.min%2C%20originAxis.max%2C%20origin%29%3B%0A%20%20if%20%28axis%20%3D%3D%3D%20originAxis%29%20originPoint%20-%3D%20translate%3B%0A%20%20axis.min%20%3D%20removePointDelta%28axis.min%2C%20translate%2C%20scale%2C%20originPoint%2C%20boxScale%29%3B%0A%20%20axis.max%20%3D%20removePointDelta%28axis.max%2C%20translate%2C%20scale%2C%20originPoint%2C%20boxScale%29%3B%0A%20%20%7D%0A%20%20%2F%2A%2A%0A%20%20%20%2A%20Remove%20a%20transforms%20from%20an%20axis.%20This%20is%20essentially%20the%20steps%20of%20applyAxisTransforms%20in%20reverse%0A%20%20%20%2A%20and%20acts%20as%20a%20bridge%20between%20motion%20values%20and%20removeAxisDelta%0A%20%20%20%2A%2F%20function%20removeAxisTransforms%28axis%2C%20transforms%2C%20%5Bkey%2C%20scaleKey%2C%20originKey%5D%2C%20origin%2C%20sourceAxis%29%20%7B%0A%20%20removeAxisDelta%28axis%2C%20transforms%5Bkey%5D%2C%20transforms%5BscaleKey%5D%2C%20transforms%5BoriginKey%5D%2C%20transforms.scale%2C%20origin%2C%20sourceAxis%29%3B%0A%20%20%7D%0A%20%20%2F%2A%2A%0A%20%20%20%2A%20The%20names%20of%20the%20motion%20values%20we%20want%20to%20apply%20as%20translation%2C%20scale%20and%20origin.%0A%20%20%20%2A%2F%20const%20xKeys%20%3D%20%5B%0A%20%20%22x%22%2C%0A%20%20%22scaleX%22%2C%0A%20%20%22originX%22%0A%20%20%5D%3B%0A%20%20const%20yKeys%20%3D%20%5B%0A%20%20%22y%22%2C%0A%20%20%22scaleY%22%2C%0A%20%20%22originY%22%0A%20%20%5D%3B%0A%20%20%2F%2A%2A%0A%20%20%20%2A%20Remove%20a%20transforms%20from%20an%20box.%20This%20is%20essentially%20the%20steps%20of%20applyAxisBox%20in%20reverse%0A%20%20%20%2A%20and%20acts%20as%20a%20bridge%20between%20motion%20values%20and%20removeAxisDelta%0A%20%20%20%2A%2F%20function%20removeBoxTransforms%28box%2C%20transforms%2C%20originBox%2C%20sourceBox%29%20%7B%0A%20%20removeAxisTransforms%28box.x%2C%20transforms%2C%20xKeys%2C%20originBox%20%3F%20originBox.x%20%3A%20undefined%2C%20sourceBox%20%3F%20sourceBox.x%20%3A%20undefined%29%3B%0A%20%20removeAxisTransforms%28box.y%2C%20transforms%2C%20yKeys%2C%20originBox%20%3F%20originBox.y%20%3A%20undefined%2C%20sourceBox%20%3F%20sourceBox.y%20%3A%20undefined%29%3B%0A%20%20%7D%0A%20%20%3B%0A%20%20%3B%0A%20%20function%20isAxisDeltaZero%28delta%29%20%7B%0A%20%20return%20delta.translate%20%3D%3D%3D%200%20%26%26%20delta.scale%20%3D%3D%3D%201%3B%0A%20%20%7D%0A%20%20function%20isDeltaZero%28delta%29%20%7B%0A%20%20return%20isAxisDeltaZero%28delta.x%29%20%26%26%20isAxisDeltaZero%28delta.y%29%3B%0A%20%20%7D%0A%20%20function%20axisEquals%28a%2C%20b%29%20%7B%0A%20%20return%20a.min%20%3D%3D%3D%20b.min%20%26%26%20a.max%20%3D%3D%3D%20b.max%3B%0A%20%20%7D%0A%20%20function%20boxEquals%28a%2C%20b%29%20%7B%0A%20%20return%20axisEquals%28a.x%2C%20b.x%29%20%26%26%20axisEquals%28a.y%2C%20b.y%29%3B%0A%20%20%7D%0A%20%20function%20axisEqualsRounded%28a%2C%20b%29%20%7B%0A%20%20return%20Math.round%28a.min%29%20%3D%3D%3D%20Math.round%28b.min%29%20%26%26%20Math.round%28a.max%29%20%3D%3D%3D%20Math.round%28b.max%29%3B%0A%20%20%7D%0A%20%20function%20boxEqualsRounded%28a%2C%20b%29%20%7B%0A%20%20return%20axisEqualsRounded%28a.x%2C%20b.x%29%20%26%26%20axisEqualsRounded%28a.y%2C%20b.y%29%3B%0A%20%20%7D%0A%20%20function%20aspectRatio%28box%29%20%7B%0A%20%20return%20calcLength%28box.x%29%20%2F%20calcLength%28box.y%29%3B%0A%20%20%7D%0A%20%20function%20axisDeltaEquals%28a%2C%20b%29%20%7B%0A%20%20return%20a.translate%20%3D%3D%3D%20b.translate%20%26%26%20a.scale%20%3D%3D%3D%20b.scale%20%26%26%20a.originPoint%20%3D%3D%3D%20b.originPoint%3B%0A%20%20%7D%0A%20%20%3B%0A%20%20%3B%0A%20%20class%20NodeStack%20%7B%0A%20%20constructor%28%29%7B%0A%20%20this.members%20%3D%20%5B%5D%3B%0A%20%20%7D%0A%20%20add%28node%29%20%7B%0A%20%20addUniqueItem%28this.members%2C%20node%29%3B%0A%20%20for%28let%20i%20%3D%20this.members.length%20-%201%3B%20i%20%3E%3D%200%3B%20i--%29%7B%0A%20%20const%20member%20%3D%20this.members%5Bi%5D%3B%0A%20%20if%20%28member%20%3D%3D%3D%20node%20%7C%7C%20member%20%3D%3D%3D%20this.lead%20%7C%7C%20member%20%3D%3D%3D%20this.prevLead%29%20continue%3B%0A%20%20const%20inst%20%3D%20member.instance%3B%0A%20%20if%20%28%28%21inst%20%7C%7C%20inst.isConnected%20%3D%3D%3D%20false%29%20%26%26%20%21member.snapshot%29%20%7B%0A%20%20removeItem%28this.members%2C%20member%29%3B%0A%20%20member.unmount%28%29%3B%0A%20%20%7D%0A%20%20%7D%0A%20%20node.scheduleRender%28%29%3B%0A%20%20%7D%0A%20%20remove%28node%29%20%7B%0A%20%20removeItem%28this.members%2C%20node%29%3B%0A%20%20if%20%28node%20%3D%3D%3D%20this.prevLead%29%20this.prevLead%20%3D%20undefined%3B%0A%20%20if%20%28node%20%3D%3D%3D%20this.lead%29%20%7B%0A%20%20const%20prevLead%20%3D%20this.members%5Bthis.members.length%20-%201%5D%3B%0A%20%20if%20%28prevLead%29%20this.promote%28prevLead%29%3B%0A%20%20%7D%0A%20%20%7D%0A%20%20relegate%28node%29%20%7B%0A%20%20for%28let%20i%20%3D%20this.members.indexOf%28node%29%20-%201%3B%20i%20%3E%3D%200%3B%20i--%29%7B%0A%20%20const%20member%20%3D%20this.members%5Bi%5D%3B%0A%20%20if%20%28member.isPresent%20%21%3D%3D%20false%20%26%26%20member.instance%3F.isConnected%20%21%3D%3D%20false%29%20%7B%0A%20%20this.promote%28member%29%3B%0A%20%20return%20true%3B%0A%20%20%7D%0A%20%20%7D%0A%20%20return%20false%3B%0A%20%20%7D%0A%20%20promote%28node%2C%20preserveFollowOpacity%29%20%7B%0A%20%20const%20prevLead%20%3D%20this.lead%3B%0A%20%20if%20%28node%20%3D%3D%3D%20prevLead%29%20return%3B%0A%20%20this.prevLead%20%3D%20prevLead%3B%0A%20%20this.lead%20%3D%20node%3B%0A%20%20node.show%28%29%3B%0A%20%20if%20%28prevLead%29%20%7B%0A%20%20prevLead.updateSnapshot%28%29%3B%0A%20%20node.scheduleRender%28%29%3B%0A%20%20const%20%7B%20layoutDependency%3A%20prevDep%20%7D%20%3D%20prevLead.options%3B%0A%20%20const%20%7B%20layoutDependency%3A%20nextDep%20%7D%20%3D%20node.options%3B%0A%20%20if%20%28prevDep%20%3D%3D%3D%20undefined%20%7C%7C%20prevDep%20%21%3D%3D%20nextDep%29%20%7B%0A%20%20node.resumeFrom%20%3D%20prevLead%3B%0A%20%20if%20%28preserveFollowOpacity%29%20prevLead.preserveOpacity%20%3D%20true%3B%0A%20%20if%20%28prevLead.snapshot%29%20%7B%0A%20%20node.snapshot%20%3D%20prevLead.snapshot%3B%0A%20%20node.snapshot.latestValues%20%3D%20prevLead.animationValues%20%7C%7C%20prevLead.latestValues%3B%0A%20%20%7D%0A%20%20if%20%28node.root%3F.isUpdating%29%20node.isLayoutDirty%20%3D%20true%3B%0A%20%20%7D%0A%20%20if%20%28node.options.crossfade%20%3D%3D%3D%20false%29%20prevLead.hide%28%29%3B%0A%20%20%7D%0A%20%20%7D%0A%20%20exitAnimationComplete%28%29%20%7B%0A%20%20this.members.forEach%28%28member%29%3D%3E%7B%0A%20%20member.options.onExitComplete%3F.%28%29%3B%0A%20%20member.resumingFrom%3F.options.onExitComplete%3F.%28%29%3B%0A%20%20%7D%29%3B%0A%20%20%7D%0A%20%20scheduleRender%28%29%20%7B%0A%20%20this.members.forEach%28%28member%29%3D%3Emember.instance%20%26%26%20member.scheduleRender%28false%29%29%3B%0A%20%20%7D%0A%20%20removeLeadSnapshot%28%29%20%7B%0A%20%20if%20%28this.lead%3F.snapshot%29%20this.lead.snapshot%20%3D%20undefined%3B%0A%20%20%7D%0A%20%20%7D%0A%20%20%3B%0A%20%20function%20buildProjectionTransform%28delta%2C%20treeScale%2C%20latestTransform%29%20%7B%0A%20%20let%20transform%20%3D%20%22%22%3B%0A%20%20%2F%2A%2A%0A%20%20%20%20%20%20%20%2A%20The%20translations%20we%20use%20to%20calculate%20are%20always%20relative%20to%20the%20viewport%20coordinate%20space.%0A%20%20%20%20%20%20%20%2A%20But%20when%20we%20apply%20scales%2C%20we%20also%20scale%20the%20coordinate%20space%20of%20an%20element%20and%20its%20children.%0A%20%20%20%20%20%20%20%2A%20For%20instance%20if%20we%20have%20a%20treeScale%20%28the%20culmination%20of%20all%20parent%20scales%29%20of%200.5%20and%20we%20need%0A%20%20%20%20%20%20%20%2A%20to%20move%20an%20element%20100%20pixels%2C%20we%20actually%20need%20to%20move%20it%20200%20in%20within%20that%20scaled%20space.%0A%20%20%20%20%20%20%20%2A%2F%20const%20xTranslate%20%3D%20delta.x.translate%20%2F%20treeScale.x%3B%0A%20%20const%20yTranslate%20%3D%20delta.y.translate%20%2F%20treeScale.y%3B%0A%20%20const%20zTranslate%20%3D%20latestTransform%3F.z%20%7C%7C%200%3B%0A%20%20if%20%28xTranslate%20%7C%7C%20yTranslate%20%7C%7C%20zTranslate%29%20%7B%0A%20%20transform%20%3D%20%60translate3d%28%24%7BxTranslate%7Dpx%2C%20%24%7ByTranslate%7Dpx%2C%20%24%7BzTranslate%7Dpx%29%20%60%3B%0A%20%20%7D%0A%20%20%2F%2A%2A%0A%20%20%20%20%20%20%20%2A%20Apply%20scale%20correction%20for%20the%20tree%20transform.%0A%20%20%20%20%20%20%20%2A%20This%20will%20apply%20scale%20to%20the%20screen-orientated%20axes.%0A%20%20%20%20%20%20%20%2A%2F%20if%20%28treeScale.x%20%21%3D%3D%201%20%7C%7C%20treeScale.y%20%21%3D%3D%201%29%20%7B%0A%20%20transform%20%2B%3D%20%60scale%28%24%7B1%20%2F%20treeScale.x%7D%2C%20%24%7B1%20%2F%20treeScale.y%7D%29%20%60%3B%0A%20%20%7D%0A%20%20if%20%28latestTransform%29%20%7B%0A%20%20const%20%7B%20transformPerspective%2C%20rotate%2C%20rotateX%2C%20rotateY%2C%20skewX%2C%20skewY%20%7D%20%3D%20latestTransform%3B%0A%20%20if%20%28transformPerspective%29%20transform%20%3D%20%60perspective%28%24%7BtransformPerspective%7Dpx%29%20%24%7Btransform%7D%60%3B%0A%20%20if%20%28rotate%29%20transform%20%2B%3D%20%60rotate%28%24%7Brotate%7Ddeg%29%20%60%3B%0A%20%20if%20%28rotateX%29%20transform%20%2B%3D%20%60rotateX%28%24%7BrotateX%7Ddeg%29%20%60%3B%0A%20%20if%20%28rotateY%29%20transform%20%2B%3D%20%60rotateY%28%24%7BrotateY%7Ddeg%29%20%60%3B%0A%20%20if%20%28skewX%29%20transform%20%2B%3D%20%60skewX%28%24%7BskewX%7Ddeg%29%20%60%3B%0A%20%20if%20%28skewY%29%20transform%20%2B%3D%20%60skewY%28%24%7BskewY%7Ddeg%29%20%60%3B%0A%20%20%7D%0A%20%20%2F%2A%2A%0A%20%20%20%20%20%20%20%2A%20Apply%20scale%20to%20match%20the%20size%20of%20the%20element%20to%20the%20size%20we%20want%20it.%0A%20%20%20%20%20%20%20%2A%20This%20will%20apply%20scale%20to%20the%20element-orientated%20axes.%0A%20%20%20%20%20%20%20%2A%2F%20const%20elementScaleX%20%3D%20delta.x.scale%20%2A%20treeScale.x%3B%0A%20%20const%20elementScaleY%20%3D%20delta.y.scale%20%2A%20treeScale.y%3B%0A%20%20if%20%28elementScaleX%20%21%3D%3D%201%20%7C%7C%20elementScaleY%20%21%3D%3D%201%29%20%7B%0A%20%20transform%20%2B%3D%20%60scale%28%24%7BelementScaleX%7D%2C%20%24%7BelementScaleY%7D%29%60%3B%0A%20%20%7D%0A%20%20return%20transform%20%7C%7C%20%22none%22%3B%0A%20%20%7D%0A%20%20%3B%0A%20%20const%20compareByDepth%20%3D%20%28a%2C%20b%29%3D%3Ea.depth%20-%20b.depth%3B%0A%20%20%3B%0A%20%20%3B%0A%20%20%3B%0A%20%20class%20FlatTree%20%7B%0A%20%20constructor%28%29%7B%0A%20%20this.children%20%3D%20%5B%5D%3B%0A%20%20this.isDirty%20%3D%20false%3B%0A%20%20%7D%0A%20%20add%28child%29%20%7B%0A%20%20addUniqueItem%28this.children%2C%20child%29%3B%0A%20%20this.isDirty%20%3D%20true%3B%0A%20%20%7D%0A%20%20remove%28child%29%20%7B%0A%20%20removeItem%28this.children%2C%20child%29%3B%0A%20%20this.isDirty%20%3D%20true%3B%0A%20%20%7D%0A%20%20forEach%28callback%29%20%7B%0A%20%20this.isDirty%20%26%26%20this.children.sort%28compareByDepth%29%3B%0A%20%20this.isDirty%20%3D%20false%3B%0A%20%20this.children.forEach%28callback%29%3B%0A%20%20%7D%0A%20%20%7D%0A%20%20%3B%0A%20%20%3B%0A%20%20%3B%0A%20%20%3B%0A%20%20%3B%0A%20%20%3B%0A%20%20%3B%0A%20%20%3B%0A%20%20%3B%0A%20%20%3B%0A%20%20%3B%0A%20%20%3B%0A%20%20%3B%0A%20%20%3B%0A%20%20%3B%0A%20%20%3B%0A%20%20%3B%0A%20%20%3B%0A%20%20%3B%0A%20%20%3B%0A%20%20%3B%0A%20%20%3B%0A%20%20%3B%0A%20%20%3B%0A%20%20%3B%0A%20%20%3B%0A%20%20%3B%0A%20%20%3B%0A%20%20%3B%0A%20%20%3B%0A%20%20const%20metrics%20%3D%20%7B%0A%20%20nodes%3A%200%2C%0A%20%20calculatedTargetDeltas%3A%200%2C%0A%20%20calculatedProjections%3A%200%0A%20%20%7D%3B%0A%20%20const%20transformAxes%20%3D%20%5B%0A%20%20%22%22%2C%0A%20%20%22X%22%2C%0A%20%20%22Y%22%2C%0A%20%20%22Z%22%0A%20%20%5D%3B%0A%20%20%2F%2A%2A%0A%20%20%20%2A%20We%20use%201000%20as%20the%20animation%20target%20as%200-1000%20maps%20better%20to%20pixels%20than%200-1%0A%20%20%20%2A%20which%20has%20a%20noticeable%20difference%20in%20spring%20animations%0A%20%20%20%2A%2F%20const%20animationTarget%20%3D%201000%3B%0A%20%20let%20id1%20%3D%200%3B%0A%20%20function%20resetDistortingTransform%28key%2C%20visualElement%2C%20values%2C%20sharedAnimationValues%29%20%7B%0A%20%20const%20%7B%20latestValues%20%7D%20%3D%20visualElement%3B%0A%20%20%2F%2F%20Record%20the%20distorting%20transform%20and%20then%20temporarily%20set%20it%20to%200%0A%20%20if%20%28latestValues%5Bkey%5D%29%20%7B%0A%20%20values%5Bkey%5D%20%3D%20latestValues%5Bkey%5D%3B%0A%20%20visualElement.setStaticValue%28key%2C%200%29%3B%0A%20%20if%20%28sharedAnimationValues%29%20%7B%0A%20%20sharedAnimationValues%5Bkey%5D%20%3D%200%3B%0A%20%20%7D%0A%20%20%7D%0A%20%20%7D%0A%20%20function%20cancelTreeOptimisedTransformAnimations%28projectionNode%29%20%7B%0A%20%20projectionNode.hasCheckedOptimisedAppear%20%3D%20true%3B%0A%20%20if%20%28projectionNode.root%20%3D%3D%3D%20projectionNode%29%20return%3B%0A%20%20const%20%7B%20visualElement%20%7D%20%3D%20projectionNode.options%3B%0A%20%20if%20%28%21visualElement%29%20return%3B%0A%20%20const%20appearId%20%3D%20getOptimisedAppearId%28visualElement%29%3B%0A%20%20if%20%28window.MotionHasOptimisedAnimation%28appearId%2C%20%22transform%22%29%29%20%7B%0A%20%20const%20%7B%20layout%2C%20layoutId%20%7D%20%3D%20projectionNode.options%3B%0A%20%20window.MotionCancelOptimisedAnimation%28appearId%2C%20%22transform%22%2C%20frame%2C%20%21%28layout%20%7C%7C%20layoutId%29%29%3B%0A%20%20%7D%0A%20%20const%20%7B%20parent%20%7D%20%3D%20projectionNode%3B%0A%20%20if%20%28parent%20%26%26%20%21parent.hasCheckedOptimisedAppear%29%20%7B%0A%20%20cancelTreeOptimisedTransformAnimations%28parent%29%3B%0A%20%20%7D%0A%20%20%7D%0A%20%20function%20createProjectionNode%28%7B%20attachResizeListener%2C%20defaultParent%2C%20measureScroll%2C%20checkIsScrollRoot%2C%20resetTransform%20%7D%29%20%7B%0A%20%20return%20class%20ProjectionNode%20%7B%0A%20%20constructor%28latestValues%20%3D%20%7B%7D%2C%20parent%20%3D%20defaultParent%3F.%28%29%29%7B%0A%20%20%2F%2A%2A%0A%20%20%20%20%20%20%20%20%20%20%20%20%20%20%20%2A%20A%20unique%20ID%20generated%20for%20every%20projection%20node.%0A%20%20%20%20%20%20%20%20%20%20%20%20%20%20%20%2A%2F%20this.id%20%3D%20id1%2B%2B%3B%0A%20%20%2F%2A%2A%0A%20%20%20%20%20%20%20%20%20%20%20%20%20%20%20%2A%20An%20id%20that%20represents%20a%20unique%20session%20instigated%20by%20startUpdate.%0A%20%20%20%20%20%20%20%20%20%20%20%20%20%20%20%2A%2F%20this.animationId%20%3D%200%3B%0A%20%20this.animationCommitId%20%3D%200%3B%0A%20%20%2F%2A%2A%0A%20%20%20%20%20%20%20%20%20%20%20%20%20%20%20%2A%20A%20Set%20containing%20all%20this%20component%27s%20children.%20This%20is%20used%20to%20iterate%0A%20%20%20%20%20%20%20%20%20%20%20%20%20%20%20%2A%20through%20the%20children.%0A%20%20%20%20%20%20%20%20%20%20%20%20%20%20%20%2A%0A%20%20%20%20%20%20%20%20%20%20%20%20%20%20%20%2A%20TODO%3A%20This%20could%20be%20faster%20to%20iterate%20as%20a%20flat%20array%20stored%20on%20the%20root%20node.%0A%20%20%20%20%20%20%20%20%20%20%20%20%20%20%20%2A%2F%20this.children%20%3D%20new%20Set%28%29%3B%0A%20%20%2F%2A%2A%0A%20%20%20%20%20%20%20%20%20%20%20%20%20%20%20%2A%20Options%20for%20the%20node.%20We%20use%20this%20to%20configure%20what%20kind%20of%20layout%20animations%0A%20%20%20%20%20%20%20%20%20%20%20%20%20%20%20%2A%20we%20should%20perform%20%28if%20any%29.%0A%20%20%20%20%20%20%20%20%20%20%20%20%20%20%20%2A%2F%20this.options%20%3D%20%7B%7D%3B%0A%20%20%2F%2A%2A%0A%20%20%20%20%20%20%20%20%20%20%20%20%20%20%20%2A%20We%20use%20this%20to%20detect%20when%20its%20safe%20to%20shut%20down%20part%20of%20a%20projection%20tree.%0A%20%20%20%20%20%20%20%20%20%20%20%20%20%20%20%2A%20We%20have%20to%20keep%20projecting%20children%20for%20scale%20correction%20and%20relative%20projection%0A%20%20%20%20%20%20%20%20%20%20%20%20%20%20%20%2A%20until%20all%20their%20parents%20stop%20performing%20layout%20animations.%0A%20%20%20%20%20%20%20%20%20%20%20%20%20%20%20%2A%2F%20this.isTreeAnimating%20%3D%20false%3B%0A%20%20this.isAnimationBlocked%20%3D%20false%3B%0A%20%20%2F%2A%2A%0A%20%20%20%20%20%20%20%20%20%20%20%20%20%20%20%2A%20Flag%20to%20true%20if%20we%20think%20this%20layout%20has%20been%20changed.%20We%20can%27t%20always%20know%20this%2C%0A%20%20%20%20%20%20%20%20%20%20%20%20%20%20%20%2A%20currently%20we%20set%20it%20to%20true%20every%20time%20a%20component%20renders%2C%20or%20if%20it%20has%20a%20layoutDependency%0A%20%20%20%20%20%20%20%20%20%20%20%20%20%20%20%2A%20if%20that%20has%20changed%20between%20renders.%20Additionally%2C%20components%20can%20be%20grouped%20by%20LayoutGroup%0A%20%20%20%20%20%20%20%20%20%20%20%20%20%20%20%2A%20and%20if%20one%20node%20is%20dirtied%2C%20they%20all%20are.%0A%20%20%20%20%20%20%20%20%20%20%20%20%20%20%20%2A%2F%20this.isLayoutDirty%20%3D%20false%3B%0A%20%20%2F%2A%2A%0A%20%20%20%20%20%20%20%20%20%20%20%20%20%20%20%2A%20Flag%20to%20true%20if%20we%20think%20the%20projection%20calculations%20for%20this%20node%20needs%0A%20%20%20%20%20%20%20%20%20%20%20%20%20%20%20%2A%20recalculating%20as%20a%20result%20of%20an%20updated%20transform%20or%20layout%20animation.%0A%20%20%20%20%20%20%20%20%20%20%20%20%20%20%20%2A%2F%20this.isProjectionDirty%20%3D%20false%3B%0A%20%20%2F%2A%2A%0A%20%20%20%20%20%20%20%20%20%20%20%20%20%20%20%2A%20Flag%20to%20true%20if%20the%20layout%20%2Aor%2A%20transform%20has%20changed.%20This%20then%20gets%20propagated%0A%20%20%20%20%20%20%20%20%20%20%20%20%20%20%20%2A%20throughout%20the%20projection%20tree%2C%20forcing%20any%20element%20below%20to%20recalculate%20on%20the%20next%20frame.%0A%20%20%20%20%20%20%20%20%20%20%20%20%20%20%20%2A%2F%20this.isSharedProjectionDirty%20%3D%20false%3B%0A%20%20%2F%2A%2A%0A%20%20%20%20%20%20%20%20%20%20%20%20%20%20%20%2A%20Flag%20transform%20dirty.%20This%20gets%20propagated%20throughout%20the%20whole%20tree%20but%20is%20only%0A%20%20%20%20%20%20%20%20%20%20%20%20%20%20%20%2A%20respected%20by%20shared%20nodes.%0A%20%20%20%20%20%20%20%20%20%20%20%20%20%20%20%2A%2F%20this.isTransformDirty%20%3D%20false%3B%0A%20%20%2F%2A%2A%0A%20%20%20%20%20%20%20%20%20%20%20%20%20%20%20%2A%20Block%20layout%20updates%20for%20instant%20layout%20transitions%20throughout%20the%20tree.%0A%20%20%20%20%20%20%20%20%20%20%20%20%20%20%20%2A%2F%20this.updateManuallyBlocked%20%3D%20false%3B%0A%20%20this.updateBlockedByResize%20%3D%20false%3B%0A%20%20%2F%2A%2A%0A%20%20%20%20%20%20%20%20%20%20%20%20%20%20%20%2A%20Set%20to%20true%20between%20the%20start%20of%20the%20first%20%60willUpdate%60%20call%20and%20the%20end%20of%20the%20%60didUpdate%60%0A%20%20%20%20%20%20%20%20%20%20%20%20%20%20%20%2A%20call.%0A%20%20%20%20%20%20%20%20%20%20%20%20%20%20%20%2A%2F%20this.isUpdating%20%3D%20false%3B%0A%20%20%2F%2A%2A%0A%20%20%20%20%20%20%20%20%20%20%20%20%20%20%20%2A%20If%20this%20is%20an%20SVG%20element%20we%20currently%20disable%20projection%20transforms%0A%20%20%20%20%20%20%20%20%20%20%20%20%20%20%20%2A%2F%20this.isSVG%20%3D%20false%3B%0A%20%20%2F%2A%2A%0A%20%20%20%20%20%20%20%20%20%20%20%20%20%20%20%2A%20Flag%20to%20true%20%28during%20promotion%29%20if%20a%20node%20doing%20an%20instant%20layout%20transition%20needs%20to%20reset%0A%20%20%20%20%20%20%20%20%20%20%20%20%20%20%20%2A%20its%20projection%20styles.%0A%20%20%20%20%20%20%20%20%20%20%20%20%20%20%20%2A%2F%20this.needsReset%20%3D%20false%3B%0A%20%20%2F%2A%2A%0A%20%20%20%20%20%20%20%20%20%20%20%20%20%20%20%2A%20Flags%20whether%20this%20node%20should%20have%20its%20transform%20reset%20prior%20to%20measuring.%0A%20%20%20%20%20%20%20%20%20%20%20%20%20%20%20%2A%2F%20this.shouldResetTransform%20%3D%20false%3B%0A%20%20%2F%2A%2A%0A%20%20%20%20%20%20%20%20%20%20%20%20%20%20%20%2A%20Store%20whether%20this%20node%20has%20been%20checked%20for%20optimised%20appear%20animations.%20As%0A%20%20%20%20%20%20%20%20%20%20%20%20%20%20%20%2A%20effects%20fire%20bottom-up%2C%20and%20we%20want%20to%20look%20up%20the%20tree%20for%20appear%20animations%2C%0A%20%20%20%20%20%20%20%20%20%20%20%20%20%20%20%2A%20this%20makes%20sure%20we%20only%20check%20each%20path%20once%2C%20stopping%20at%20nodes%20that%0A%20%20%20%20%20%20%20%20%20%20%20%20%20%20%20%2A%20have%20already%20been%20checked.%0A%20%20%20%20%20%20%20%20%20%20%20%20%20%20%20%2A%2F%20this.hasCheckedOptimisedAppear%20%3D%20false%3B%0A%20%20%2F%2A%2A%0A%20%20%20%20%20%20%20%20%20%20%20%20%20%20%20%2A%20An%20object%20representing%20the%20calculated%20contextual%2Faccumulated%2Ftree%20scale.%0A%20%20%20%20%20%20%20%20%20%20%20%20%20%20%20%2A%20This%20will%20be%20used%20to%20scale%20calculcated%20projection%20transforms%2C%20as%20these%20are%0A%20%20%20%20%20%20%20%20%20%20%20%20%20%20%20%2A%20calculated%20in%20screen-space%20but%20need%20to%20be%20scaled%20for%20elements%20to%20layoutly%0A%20%20%20%20%20%20%20%20%20%20%20%20%20%20%20%2A%20make%20it%20to%20their%20calculated%20destinations.%0A%20%20%20%20%20%20%20%20%20%20%20%20%20%20%20%2A%0A%20%20%20%20%20%20%20%20%20%20%20%20%20%20%20%2A%20TODO%3A%20Lazy-init%0A%20%20%20%20%20%20%20%20%20%20%20%20%20%20%20%2A%2F%20this.treeScale%20%3D%20%7B%0A%20%20x%3A%201%2C%0A%20%20y%3A%201%0A%20%20%7D%3B%0A%20%20%2F%2A%2A%0A%20%20%20%20%20%20%20%20%20%20%20%20%20%20%20%2A%0A%20%20%20%20%20%20%20%20%20%20%20%20%20%20%20%2A%2F%20this.eventHandlers%20%3D%20new%20Map%28%29%3B%0A%20%20this.hasTreeAnimated%20%3D%20false%3B%0A%20%20this.layoutVersion%20%3D%200%3B%0A%20%20%2F%2F%20Note%3A%20Currently%20only%20running%20on%20root%20node%0A%20%20this.updateScheduled%20%3D%20false%3B%0A%20%20this.scheduleUpdate%20%3D%20%28%29%3D%3Ethis.update%28%29%3B%0A%20%20this.projectionUpdateScheduled%20%3D%20false%3B%0A%20%20this.checkUpdateFailed%20%3D%20%28%29%3D%3E%7B%0A%20%20if%20%28this.isUpdating%29%20%7B%0A%20%20this.isUpdating%20%3D%20false%3B%0A%20%20this.clearAllSnapshots%28%29%3B%0A%20%20%7D%0A%20%20%7D%3B%0A%20%20%2F%2A%2A%0A%20%20%20%20%20%20%20%20%20%20%20%20%20%20%20%2A%20This%20is%20a%20multi-step%20process%20as%20shared%20nodes%20might%20be%20of%20different%20depths.%20Nodes%0A%20%20%20%20%20%20%20%20%20%20%20%20%20%20%20%2A%20are%20sorted%20by%20depth%20order%2C%20so%20we%20need%20to%20resolve%20the%20entire%20tree%20before%20moving%20to%0A%20%20%20%20%20%20%20%20%20%20%20%20%20%20%20%2A%20the%20next%20step.%0A%20%20%20%20%20%20%20%20%20%20%20%20%20%20%20%2A%2F%20this.updateProjection%20%3D%20%28%29%3D%3E%7B%0A%20%20this.projectionUpdateScheduled%20%3D%20false%3B%0A%20%20%2F%2A%2A%0A%20%20%20%20%20%20%20%20%20%20%20%20%20%20%20%20%20%20%20%2A%20Reset%20debug%20counts.%20Manually%20resetting%20rather%20than%20creating%20a%20new%0A%20%20%20%20%20%20%20%20%20%20%20%20%20%20%20%20%20%20%20%2A%20object%20each%20frame.%0A%20%20%20%20%20%20%20%20%20%20%20%20%20%20%20%20%20%20%20%2A%2F%20if%20%28statsBuffer.value%29%20%7B%0A%20%20metrics.nodes%20%3D%20metrics.calculatedTargetDeltas%20%3D%20metrics.calculatedProjections%20%3D%200%3B%0A%20%20%7D%0A%20%20this.nodes.forEach%28propagateDirtyNodes%29%3B%0A%20%20this.nodes.forEach%28resolveTargetDelta%29%3B%0A%20%20this.nodes.forEach%28calcProjection%29%3B%0A%20%20this.nodes.forEach%28cleanDirtyNodes%29%3B%0A%20%20if%20%28statsBuffer.addProjectionMetrics%29%20%7B%0A%20%20statsBuffer.addProjectionMetrics%28metrics%29%3B%0A%20%20%7D%0A%20%20%7D%3B%0A%20%20%2F%2A%2A%0A%20%20%20%20%20%20%20%20%20%20%20%20%20%20%20%2A%20Frame%20calculations%0A%20%20%20%20%20%20%20%20%20%20%20%20%20%20%20%2A%2F%20this.resolvedRelativeTargetAt%20%3D%200.0%3B%0A%20%20this.linkedParentVersion%20%3D%200%3B%0A%20%20this.hasProjected%20%3D%20false%3B%0A%20%20this.isVisible%20%3D%20true%3B%0A%20%20this.animationProgress%20%3D%200%3B%0A%20%20%2F%2A%2A%0A%20%20%20%20%20%20%20%20%20%20%20%20%20%20%20%2A%20Shared%20layout%0A%20%20%20%20%20%20%20%20%20%20%20%20%20%20%20%2A%2F%20%2F%2F%20TODO%20Only%20running%20on%20root%20node%0A%20%20this.sharedNodes%20%3D%20new%20Map%28%29%3B%0A%20%20this.latestValues%20%3D%20latestValues%3B%0A%20%20this.root%20%3D%20parent%20%3F%20parent.root%20%7C%7C%20parent%20%3A%20this%3B%0A%20%20this.path%20%3D%20parent%20%3F%20%5B%0A%20%20...parent.path%2C%0A%20%20parent%0A%20%20%5D%20%3A%20%5B%5D%3B%0A%20%20this.parent%20%3D%20parent%3B%0A%20%20this.depth%20%3D%20parent%20%3F%20parent.depth%20%2B%201%20%3A%200%3B%0A%20%20for%28let%20i%20%3D%200%3B%20i%20%3C%20this.path.length%3B%20i%2B%2B%29%7B%0A%20%20this.path%5Bi%5D.shouldResetTransform%20%3D%20true%3B%0A%20%20%7D%0A%20%20if%20%28this.root%20%3D%3D%3D%20this%29%20this.nodes%20%3D%20new%20FlatTree%28%29%3B%0A%20%20%7D%0A%20%20addEventListener%28name%2C%20handler%29%20%7B%0A%20%20if%20%28%21this.eventHandlers.has%28name%29%29%20%7B%0A%20%20this.eventHandlers.set%28name%2C%20new%20SubscriptionManager%28%29%29%3B%0A%20%20%7D%0A%20%20return%20this.eventHandlers.get%28name%29.add%28handler%29%3B%0A%20%20%7D%0A%20%20notifyListeners%28name%2C%20...args%29%20%7B%0A%20%20const%20subscriptionManager%20%3D%20this.eventHandlers.get%28name%29%3B%0A%20%20subscriptionManager%20%26%26%20subscriptionManager.notify%28...args%29%3B%0A%20%20%7D%0A%20%20hasListeners%28name%29%20%7B%0A%20%20return%20this.eventHandlers.has%28name%29%3B%0A%20%20%7D%0A%20%20%2F%2A%2A%0A%20%20%20%20%20%20%20%20%20%20%20%2A%20Lifecycles%0A%20%20%20%20%20%20%20%20%20%20%20%2A%2F%20mount%28instance%29%20%7B%0A%20%20if%20%28this.instance%29%20return%3B%0A%20%20this.isSVG%20%3D%20isSVGElement%28instance%29%20%26%26%20%21isSVGSVGElement%28instance%29%3B%0A%20%20this.instance%20%3D%20instance%3B%0A%20%20const%20%7B%20layoutId%2C%20layout%2C%20visualElement%20%7D%20%3D%20this.options%3B%0A%20%20if%20%28visualElement%20%26%26%20%21visualElement.current%29%20%7B%0A%20%20visualElement.mount%28instance%29%3B%0A%20%20%7D%0A%20%20this.root.nodes.add%28this%29%3B%0A%20%20this.parent%20%26%26%20this.parent.children.add%28this%29%3B%0A%20%20if%20%28this.root.hasTreeAnimated%20%26%26%20%28layout%20%7C%7C%20layoutId%29%29%20%7B%0A%20%20this.isLayoutDirty%20%3D%20true%3B%0A%20%20%7D%0A%20%20if%20%28attachResizeListener%29%20%7B%0A%20%20let%20cancelDelay%3B%0A%20%20let%20innerWidth%20%3D%200%3B%0A%20%20const%20resizeUnblockUpdate%20%3D%20%28%29%3D%3Ethis.root.updateBlockedByResize%20%3D%20false%3B%0A%20%20%2F%2F%20Set%20initial%20innerWidth%20in%20a%20frame.read%20callback%20to%20batch%20the%20read%0A%20%20frame.read%28%28%29%3D%3E%7B%0A%20%20innerWidth%20%3D%20window.innerWidth%3B%0A%20%20%7D%29%3B%0A%20%20attachResizeListener%28instance%2C%20%28%29%3D%3E%7B%0A%20%20const%20newInnerWidth%20%3D%20window.innerWidth%3B%0A%20%20if%20%28newInnerWidth%20%3D%3D%3D%20innerWidth%29%20return%3B%0A%20%20innerWidth%20%3D%20newInnerWidth%3B%0A%20%20this.root.updateBlockedByResize%20%3D%20true%3B%0A%20%20cancelDelay%20%26%26%20cancelDelay%28%29%3B%0A%20%20cancelDelay%20%3D%20delay%28resizeUnblockUpdate%2C%20250%29%3B%0A%20%20if%20%28globalProjectionState.hasAnimatedSinceResize%29%20%7B%0A%20%20globalProjectionState.hasAnimatedSinceResize%20%3D%20false%3B%0A%20%20this.nodes.forEach%28finishAnimation%29%3B%0A%20%20%7D%0A%20%20%7D%29%3B%0A%20%20%7D%0A%20%20if%20%28layoutId%29%20%7B%0A%20%20this.root.registerSharedNode%28layoutId%2C%20this%29%3B%0A%20%20%7D%0A%20%20%2F%2F%20Only%20register%20the%20handler%20if%20it%20requires%20layout%20animation%0A%20%20if%20%28this.options.animate%20%21%3D%3D%20false%20%26%26%20visualElement%20%26%26%20%28layoutId%20%7C%7C%20layout%29%29%20%7B%0A%20%20this.addEventListener%28%22didUpdate%22%2C%20%28%7B%20delta%2C%20hasLayoutChanged%2C%20hasRelativeLayoutChanged%2C%20layout%3A%20newLayout%20%7D%29%3D%3E%7B%0A%20%20if%20%28this.isTreeAnimationBlocked%28%29%29%20%7B%0A%20%20this.target%20%3D%20undefined%3B%0A%20%20this.relativeTarget%20%3D%20undefined%3B%0A%20%20return%3B%0A%20%20%7D%0A%20%20%2F%2F%20TODO%3A%20Check%20here%20if%20an%20animation%20exists%0A%20%20const%20layoutTransition%20%3D%20this.options.transition%20%7C%7C%20visualElement.getDefaultTransition%28%29%20%7C%7C%20defaultLayoutTransition%3B%0A%20%20const%20%7B%20onLayoutAnimationStart%2C%20onLayoutAnimationComplete%20%7D%20%3D%20visualElement.getProps%28%29%3B%0A%20%20%2F%2A%2A%0A%20%20%20%20%20%20%20%20%20%20%20%20%20%20%20%20%20%20%20%20%20%20%20%2A%20The%20target%20layout%20of%20the%20element%20might%20stay%20the%20same%2C%0A%20%20%20%20%20%20%20%20%20%20%20%20%20%20%20%20%20%20%20%20%20%20%20%2A%20but%20its%20position%20relative%20to%20its%20parent%20has%20changed.%0A%20%20%20%20%20%20%20%20%20%20%20%20%20%20%20%20%20%20%20%20%20%20%20%2A%2F%20const%20hasTargetChanged%20%3D%20%21this.targetLayout%20%7C%7C%20%21boxEqualsRounded%28this.targetLayout%2C%20newLayout%29%3B%0A%20%20%2F%2A%0A%20%20%20%20%20%20%20%20%20%20%20%20%20%20%20%20%20%20%20%20%20%20%20%2A%20Note%3A%20Disabled%20to%20fix%20relative%20animations%20always%20triggering%20new%0A%20%20%20%20%20%20%20%20%20%20%20%20%20%20%20%20%20%20%20%20%20%20%20%2A%20layout%20animations.%20If%20this%20causes%20further%20issues%2C%20we%20can%20try%0A%20%20%20%20%20%20%20%20%20%20%20%20%20%20%20%20%20%20%20%20%20%20%20%2A%20a%20different%20approach%20to%20detecting%20relative%20target%20changes.%0A%20%20%20%20%20%20%20%20%20%20%20%20%20%20%20%20%20%20%20%20%20%20%20%2A%2F%20%2F%2F%20%7C%7C%20hasRelativeLayoutChanged%0A%20%20%2F%2A%2A%0A%20%20%20%20%20%20%20%20%20%20%20%20%20%20%20%20%20%20%20%20%20%20%20%2A%20If%20the%20layout%20hasn%27t%20seemed%20to%20have%20changed%2C%20it%20might%20be%20that%20the%0A%20%20%20%20%20%20%20%20%20%20%20%20%20%20%20%20%20%20%20%20%20%20%20%2A%20element%20is%20visually%20in%20the%20same%20place%20in%20the%20document%20but%20its%20position%0A%20%20%20%20%20%20%20%20%20%20%20%20%20%20%20%20%20%20%20%20%20%20%20%2A%20relative%20to%20its%20parent%20has%20indeed%20changed.%20So%20here%20we%20check%20for%20that.%0A%20%20%20%20%20%20%20%20%20%20%20%20%20%20%20%20%20%20%20%20%20%20%20%2A%2F%20const%20hasOnlyRelativeTargetChanged%20%3D%20%21hasLayoutChanged%20%26%26%20hasRelativeLayoutChanged%3B%0A%20%20if%20%28this.options.layoutRoot%20%7C%7C%20this.resumeFrom%20%7C%7C%20hasOnlyRelativeTargetChanged%20%7C%7C%20hasLayoutChanged%20%26%26%20%28hasTargetChanged%20%7C%7C%20%21this.currentAnimation%29%29%20%7B%0A%20%20if%20%28this.resumeFrom%29%20%7B%0A%20%20this.resumingFrom%20%3D%20this.resumeFrom%3B%0A%20%20this.resumingFrom.resumingFrom%20%3D%20undefined%3B%0A%20%20%7D%0A%20%20const%20animationOptions%20%3D%20%7B%0A%20%20...getValueTransition%28layoutTransition%2C%20%22layout%22%29%2C%0A%20%20onPlay%3A%20onLayoutAnimationStart%2C%0A%20%20onComplete%3A%20onLayoutAnimationComplete%0A%20%20%7D%3B%0A%20%20if%20%28visualElement.shouldReduceMotion%20%7C%7C%20this.options.layoutRoot%29%20%7B%0A%20%20animationOptions.delay%20%3D%200%3B%0A%20%20animationOptions.type%20%3D%20false%3B%0A%20%20%7D%0A%20%20this.startAnimation%28animationOptions%29%3B%0A%20%20%2F%2A%2A%0A%20%20%20%20%20%20%20%20%20%20%20%20%20%20%20%20%20%20%20%20%20%20%20%20%20%20%20%2A%20Set%20animation%20origin%20after%20starting%20animation%20to%20avoid%20layout%20jump%0A%20%20%20%20%20%20%20%20%20%20%20%20%20%20%20%20%20%20%20%20%20%20%20%20%20%20%20%2A%20caused%20by%20stopping%20previous%20layout%20animation%0A%20%20%20%20%20%20%20%20%20%20%20%20%20%20%20%20%20%20%20%20%20%20%20%20%20%20%20%2A%2F%20this.setAnimationOrigin%28delta%2C%20hasOnlyRelativeTargetChanged%29%3B%0A%20%20%7D%20else%20%7B%0A%20%20%2F%2A%2A%0A%20%20%20%20%20%20%20%20%20%20%20%20%20%20%20%20%20%20%20%20%20%20%20%20%20%20%20%2A%20If%20the%20layout%20hasn%27t%20changed%20and%20we%20have%20an%20animation%20that%20hasn%27t%20started%20yet%2C%0A%20%20%20%20%20%20%20%20%20%20%20%20%20%20%20%20%20%20%20%20%20%20%20%20%20%20%20%2A%20finish%20it%20immediately.%20Otherwise%20it%20will%20be%20animating%20from%20a%20location%0A%20%20%20%20%20%20%20%20%20%20%20%20%20%20%20%20%20%20%20%20%20%20%20%20%20%20%20%2A%20that%20was%20probably%20never%20committed%20to%20screen%20and%20look%20like%20a%20jumpy%20box.%0A%20%20%20%20%20%20%20%20%20%20%20%20%20%20%20%20%20%20%20%20%20%20%20%20%20%20%20%2A%2F%20if%20%28%21hasLayoutChanged%29%20%7B%0A%20%20finishAnimation%28this%29%3B%0A%20%20%7D%0A%20%20if%20%28this.isLead%28%29%20%26%26%20this.options.onExitComplete%29%20%7B%0A%20%20this.options.onExitComplete%28%29%3B%0A%20%20%7D%0A%20%20%7D%0A%20%20this.targetLayout%20%3D%20newLayout%3B%0A%20%20%7D%29%3B%0A%20%20%7D%0A%20%20%7D%0A%20%20unmount%28%29%20%7B%0A%20%20this.options.layoutId%20%26%26%20this.willUpdate%28%29%3B%0A%20%20this.root.nodes.remove%28this%29%3B%0A%20%20const%20stack%20%3D%20this.getStack%28%29%3B%0A%20%20stack%20%26%26%20stack.remove%28this%29%3B%0A%20%20this.parent%20%26%26%20this.parent.children.delete%28this%29%3B%0A%20%20this.instance%20%3D%20undefined%3B%0A%20%20this.eventHandlers.clear%28%29%3B%0A%20%20cancelFrame%28this.updateProjection%29%3B%0A%20%20%7D%0A%20%20%2F%2F%20only%20on%20the%20root%0A%20%20blockUpdate%28%29%20%7B%0A%20%20this.updateManuallyBlocked%20%3D%20true%3B%0A%20%20%7D%0A%20%20unblockUpdate%28%29%20%7B%0A%20%20this.updateManuallyBlocked%20%3D%20false%3B%0A%20%20%7D%0A%20%20isUpdateBlocked%28%29%20%7B%0A%20%20return%20this.updateManuallyBlocked%20%7C%7C%20this.updateBlockedByResize%3B%0A%20%20%7D%0A%20%20isTreeAnimationBlocked%28%29%20%7B%0A%20%20return%20this.isAnimationBlocked%20%7C%7C%20this.parent%20%26%26%20this.parent.isTreeAnimationBlocked%28%29%20%7C%7C%20false%3B%0A%20%20%7D%0A%20%20%2F%2F%20Note%3A%20currently%20only%20running%20on%20root%20node%0A%20%20startUpdate%28%29%20%7B%0A%20%20if%20%28this.isUpdateBlocked%28%29%29%20return%3B%0A%20%20this.isUpdating%20%3D%20true%3B%0A%20%20this.nodes%20%26%26%20this.nodes.forEach%28resetSkewAndRotation%29%3B%0A%20%20this.animationId%2B%2B%3B%0A%20%20%7D%0A%20%20getTransformTemplate%28%29%20%7B%0A%20%20const%20%7B%20visualElement%20%7D%20%3D%20this.options%3B%0A%20%20return%20visualElement%20%26%26%20visualElement.getProps%28%29.transformTemplate%3B%0A%20%20%7D%0A%20%20willUpdate%28shouldNotifyListeners%20%3D%20true%29%20%7B%0A%20%20this.root.hasTreeAnimated%20%3D%20true%3B%0A%20%20if%20%28this.root.isUpdateBlocked%28%29%29%20%7B%0A%20%20this.options.onExitComplete%20%26%26%20this.options.onExitComplete%28%29%3B%0A%20%20return%3B%0A%20%20%7D%0A%20%20%2F%2A%2A%0A%20%20%20%20%20%20%20%20%20%20%20%20%20%20%20%2A%20If%20we%27re%20running%20optimised%20appear%20animations%20then%20these%20must%20be%0A%20%20%20%20%20%20%20%20%20%20%20%20%20%20%20%2A%20cancelled%20before%20measuring%20the%20DOM.%20This%20is%20so%20we%20can%20measure%0A%20%20%20%20%20%20%20%20%20%20%20%20%20%20%20%2A%20the%20true%20layout%20of%20the%20element%20rather%20than%20the%20WAAPI%20animation%0A%20%20%20%20%20%20%20%20%20%20%20%20%20%20%20%2A%20which%20will%20be%20unaffected%20by%20the%20resetSkewAndRotate%20step.%0A%20%20%20%20%20%20%20%20%20%20%20%20%20%20%20%2A%0A%20%20%20%20%20%20%20%20%20%20%20%20%20%20%20%2A%20Note%3A%20This%20is%20a%20DOM%20write.%20Worst%20case%20scenario%20is%20this%20is%20sandwiched%0A%20%20%20%20%20%20%20%20%20%20%20%20%20%20%20%2A%20between%20other%20snapshot%20reads%20which%20will%20cause%20unnecessary%20style%20recalculations.%0A%20%20%20%20%20%20%20%20%20%20%20%20%20%20%20%2A%20This%20has%20to%20happen%20here%20though%2C%20as%20we%20don%27t%20yet%20know%20which%20nodes%20will%20need%0A%20%20%20%20%20%20%20%20%20%20%20%20%20%20%20%2A%20snapshots%20in%20startUpdate%28%29%2C%20but%20we%20only%20want%20to%20cancel%20optimised%20animations%0A%20%20%20%20%20%20%20%20%20%20%20%20%20%20%20%2A%20if%20a%20layout%20animation%20measurement%20is%20actually%20going%20to%20be%20affected%20by%20them.%0A%20%20%20%20%20%20%20%20%20%20%20%20%20%20%20%2A%2F%20if%20%28window.MotionCancelOptimisedAnimation%20%26%26%20%21this.hasCheckedOptimisedAppear%29%20%7B%0A%20%20cancelTreeOptimisedTransformAnimations%28this%29%3B%0A%20%20%7D%0A%20%20%21this.root.isUpdating%20%26%26%20this.root.startUpdate%28%29%3B%0A%20%20if%20%28this.isLayoutDirty%29%20return%3B%0A%20%20this.isLayoutDirty%20%3D%20true%3B%0A%20%20for%28let%20i%20%3D%200%3B%20i%20%3C%20this.path.length%3B%20i%2B%2B%29%7B%0A%20%20const%20node%20%3D%20this.path%5Bi%5D%3B%0A%20%20node.shouldResetTransform%20%3D%20true%3B%0A%20%20%2F%2A%2A%0A%20%20%20%20%20%20%20%20%20%20%20%20%20%20%20%20%20%20%20%2A%20Percentage%20translates%20resolve%20against%20layoutBox%20dimensions%2C%0A%20%20%20%20%20%20%20%20%20%20%20%20%20%20%20%20%20%20%20%2A%20so%20ancestors%20with%20them%20must%20be%20re-measured%20after%20transform%20reset.%0A%20%20%20%20%20%20%20%20%20%20%20%20%20%20%20%20%20%20%20%2A%2F%20if%20%28typeof%20node.latestValues.x%20%3D%3D%3D%20%22string%22%20%7C%7C%20typeof%20node.latestValues.y%20%3D%3D%3D%20%22string%22%29%20%7B%0A%20%20node.isLayoutDirty%20%3D%20true%3B%0A%20%20%7D%0A%20%20node.updateScroll%28%22snapshot%22%29%3B%0A%20%20if%20%28node.options.layoutRoot%29%20%7B%0A%20%20node.willUpdate%28false%29%3B%0A%20%20%7D%0A%20%20%7D%0A%20%20const%20%7B%20layoutId%2C%20layout%20%7D%20%3D%20this.options%3B%0A%20%20if%20%28layoutId%20%3D%3D%3D%20undefined%20%26%26%20%21layout%29%20return%3B%0A%20%20const%20transformTemplate%20%3D%20this.getTransformTemplate%28%29%3B%0A%20%20this.prevTransformTemplateValue%20%3D%20transformTemplate%20%3F%20transformTemplate%28this.latestValues%2C%20%22%22%29%20%3A%20undefined%3B%0A%20%20this.updateSnapshot%28%29%3B%0A%20%20shouldNotifyListeners%20%26%26%20this.notifyListeners%28%22willUpdate%22%29%3B%0A%20%20%7D%0A%20%20update%28%29%20%7B%0A%20%20this.updateScheduled%20%3D%20false%3B%0A%20%20const%20updateWasBlocked%20%3D%20this.isUpdateBlocked%28%29%3B%0A%20%20%2F%2F%20When%20doing%20an%20instant%20transition%2C%20we%20skip%20the%20layout%20update%2C%0A%20%20%2F%2F%20but%20should%20still%20clean%20up%20the%20measurements%20so%20that%20the%20next%0A%20%20%2F%2F%20snapshot%20could%20be%20taken%20correctly.%0A%20%20if%20%28updateWasBlocked%29%20%7B%0A%20%20const%20wasBlockedByResize%20%3D%20this.updateBlockedByResize%3B%0A%20%20this.unblockUpdate%28%29%3B%0A%20%20this.updateBlockedByResize%20%3D%20false%3B%0A%20%20this.clearAllSnapshots%28%29%3B%0A%20%20%2F%2A%2A%0A%20%20%20%20%20%20%20%20%20%20%20%20%20%20%20%20%20%20%20%2A%20When%20blocked%20by%20resize%2C%20still%20measure%20layouts%20so%0A%20%20%20%20%20%20%20%20%20%20%20%20%20%20%20%20%20%20%20%2A%20callbacks%20like%20onLayoutMeasure%20fire%20%28e.g.%20Reorder%29.%0A%20%20%20%20%20%20%20%20%20%20%20%20%20%20%20%20%20%20%20%2A%20Skip%20notifyLayoutUpdate%20to%20prevent%20animations.%0A%20%20%20%20%20%20%20%20%20%20%20%20%20%20%20%20%20%20%20%2A%2F%20if%20%28wasBlockedByResize%29%20%7B%0A%20%20this.nodes.forEach%28forceLayoutMeasure%29%3B%0A%20%20%7D%0A%20%20this.nodes.forEach%28clearMeasurements%29%3B%0A%20%20return%3B%0A%20%20%7D%0A%20%20%2F%2A%2A%0A%20%20%20%20%20%20%20%20%20%20%20%20%20%20%20%2A%20If%20this%20is%20a%20repeat%20of%20didUpdate%20then%20ignore%20the%20animation.%0A%20%20%20%20%20%20%20%20%20%20%20%20%20%20%20%2A%2F%20if%20%28this.animationId%20%3C%3D%20this.animationCommitId%29%20%7B%0A%20%20this.nodes.forEach%28clearIsLayoutDirty%29%3B%0A%20%20return%3B%0A%20%20%7D%0A%20%20this.animationCommitId%20%3D%20this.animationId%3B%0A%20%20if%20%28%21this.isUpdating%29%20%7B%0A%20%20this.nodes.forEach%28clearIsLayoutDirty%29%3B%0A%20%20%7D%20else%20%7B%0A%20%20this.isUpdating%20%3D%20false%3B%0A%20%20%2F%2A%2A%0A%20%20%20%20%20%20%20%20%20%20%20%20%20%20%20%20%20%20%20%2A%20Ensure%20animation-blocked%20nodes%20%28e.g.%20during%20drag%29%0A%20%20%20%20%20%20%20%20%20%20%20%20%20%20%20%20%20%20%20%2A%20get%20measured%20even%20when%20memoized%20%28willUpdate%20skipped%29.%0A%20%20%20%20%20%20%20%20%20%20%20%20%20%20%20%20%20%20%20%2A%2F%20this.nodes.forEach%28ensureDraggedNodesSnapshotted%29%3B%0A%20%20%2F%2A%2A%0A%20%20%20%20%20%20%20%20%20%20%20%20%20%20%20%20%20%20%20%2A%20Write%0A%20%20%20%20%20%20%20%20%20%20%20%20%20%20%20%20%20%20%20%2A%2F%20this.nodes.forEach%28resetTransformStyle%29%3B%0A%20%20%2F%2A%2A%0A%20%20%20%20%20%20%20%20%20%20%20%20%20%20%20%20%20%20%20%2A%20Read%20%3D%3D%3D%3D%3D%3D%3D%3D%3D%3D%3D%3D%3D%3D%3D%3D%3D%3D%0A%20%20%20%20%20%20%20%20%20%20%20%20%20%20%20%20%20%20%20%2A%2F%20%2F%2F%20Update%20layout%20measurements%20of%20updated%20children%0A%20%20this.nodes.forEach%28updateLayout%29%3B%0A%20%20%2F%2A%2A%0A%20%20%20%20%20%20%20%20%20%20%20%20%20%20%20%20%20%20%20%2A%20Write%0A%20%20%20%20%20%20%20%20%20%20%20%20%20%20%20%20%20%20%20%2A%2F%20%2F%2F%20Notify%20listeners%20that%20the%20layout%20is%20updated%0A%20%20this.nodes.forEach%28notifyLayoutUpdate%29%3B%0A%20%20%7D%0A%20%20this.clearAllSnapshots%28%29%3B%0A%20%20%2F%2A%2A%0A%20%20%20%20%20%20%20%20%20%20%20%20%20%20%20%2A%20Manually%20flush%20any%20pending%20updates.%20Ideally%0A%20%20%20%20%20%20%20%20%20%20%20%20%20%20%20%2A%20we%20could%20leave%20this%20to%20the%20following%20requestAnimationFrame%20but%20this%20seems%0A%20%20%20%20%20%20%20%20%20%20%20%20%20%20%20%2A%20to%20leave%20a%20flash%20of%20incorrectly%20styled%20content.%0A%20%20%20%20%20%20%20%20%20%20%20%20%20%20%20%2A%2F%20const%20now%20%3D%20time.now%28%29%3B%0A%20%20frameData.delta%20%3D%20clamp%280%2C%201000%20%2F%2060%2C%20now%20-%20frameData.timestamp%29%3B%0A%20%20frameData.timestamp%20%3D%20now%3B%0A%20%20frameData.isProcessing%20%3D%20true%3B%0A%20%20frameSteps.update.process%28frameData%29%3B%0A%20%20frameSteps.preRender.process%28frameData%29%3B%0A%20%20frameSteps.render.process%28frameData%29%3B%0A%20%20frameData.isProcessing%20%3D%20false%3B%0A%20%20%7D%0A%20%20didUpdate%28%29%20%7B%0A%20%20if%20%28%21this.updateScheduled%29%20%7B%0A%20%20this.updateScheduled%20%3D%20true%3B%0A%20%20microtask.read%28this.scheduleUpdate%29%3B%0A%20%20%7D%0A%20%20%7D%0A%20%20clearAllSnapshots%28%29%20%7B%0A%20%20this.nodes.forEach%28clearSnapshot%29%3B%0A%20%20this.sharedNodes.forEach%28removeLeadSnapshots%29%3B%0A%20%20%7D%0A%20%20scheduleUpdateProjection%28%29%20%7B%0A%20%20if%20%28%21this.projectionUpdateScheduled%29%20%7B%0A%20%20this.projectionUpdateScheduled%20%3D%20true%3B%0A%20%20frame.preRender%28this.updateProjection%2C%20false%2C%20true%29%3B%0A%20%20%7D%0A%20%20%7D%0A%20%20scheduleCheckAfterUnmount%28%29%20%7B%0A%20%20%2F%2A%2A%0A%20%20%20%20%20%20%20%20%20%20%20%20%20%20%20%2A%20If%20the%20unmounting%20node%20is%20in%20a%20layoutGroup%20and%20did%20trigger%20a%20willUpdate%2C%0A%20%20%20%20%20%20%20%20%20%20%20%20%20%20%20%2A%20we%20manually%20call%20didUpdate%20to%20give%20a%20chance%20to%20the%20siblings%20to%20animate.%0A%20%20%20%20%20%20%20%20%20%20%20%20%20%20%20%2A%20Otherwise%2C%20cleanup%20all%20snapshots%20to%20prevents%20future%20nodes%20from%20reusing%20them.%0A%20%20%20%20%20%20%20%20%20%20%20%20%20%20%20%2A%2F%20frame.postRender%28%28%29%3D%3E%7B%0A%20%20if%20%28this.isLayoutDirty%29%20%7B%0A%20%20this.root.didUpdate%28%29%3B%0A%20%20%7D%20else%20%7B%0A%20%20this.root.checkUpdateFailed%28%29%3B%0A%20%20%7D%0A%20%20%7D%29%3B%0A%20%20%7D%0A%20%20%2F%2A%2A%0A%20%20%20%20%20%20%20%20%20%20%20%2A%20Update%20measurements%0A%20%20%20%20%20%20%20%20%20%20%20%2A%2F%20updateSnapshot%28%29%20%7B%0A%20%20if%20%28this.snapshot%20%7C%7C%20%21this.instance%29%20return%3B%0A%20%20this.snapshot%20%3D%20this.measure%28%29%3B%0A%20%20if%20%28this.snapshot%20%26%26%20%21calcLength%28this.snapshot.measuredBox.x%29%20%26%26%20%21calcLength%28this.snapshot.measuredBox.y%29%29%20%7B%0A%20%20this.snapshot%20%3D%20undefined%3B%0A%20%20%7D%0A%20%20%7D%0A%20%20updateLayout%28%29%20%7B%0A%20%20if%20%28%21this.instance%29%20return%3B%0A%20%20this.updateScroll%28%29%3B%0A%20%20if%20%28%21%28this.options.alwaysMeasureLayout%20%26%26%20this.isLead%28%29%29%20%26%26%20%21this.isLayoutDirty%29%20%7B%0A%20%20return%3B%0A%20%20%7D%0A%20%20%2F%2A%2A%0A%20%20%20%20%20%20%20%20%20%20%20%20%20%20%20%2A%20When%20a%20node%20is%20mounted%2C%20it%20simply%20resumes%20from%20the%20prevLead%27s%0A%20%20%20%20%20%20%20%20%20%20%20%20%20%20%20%2A%20snapshot%20instead%20of%20taking%20a%20new%20one%2C%20but%20the%20ancestors%20scroll%0A%20%20%20%20%20%20%20%20%20%20%20%20%20%20%20%2A%20might%20have%20updated%20while%20the%20prevLead%20is%20unmounted.%20We%20need%20to%0A%20%20%20%20%20%20%20%20%20%20%20%20%20%20%20%2A%20update%20the%20scroll%20again%20to%20make%20sure%20the%20layout%20we%20measure%20is%0A%20%20%20%20%20%20%20%20%20%20%20%20%20%20%20%2A%20up%20to%20date.%0A%20%20%20%20%20%20%20%20%20%20%20%20%20%20%20%2A%2F%20if%20%28this.resumeFrom%20%26%26%20%21this.resumeFrom.instance%29%20%7B%0A%20%20for%28let%20i%20%3D%200%3B%20i%20%3C%20this.path.length%3B%20i%2B%2B%29%7B%0A%20%20const%20node%20%3D%20this.path%5Bi%5D%3B%0A%20%20node.updateScroll%28%29%3B%0A%20%20%7D%0A%20%20%7D%0A%20%20const%20prevLayout%20%3D%20this.layout%3B%0A%20%20this.layout%20%3D%20this.measure%28false%29%3B%0A%20%20this.layoutVersion%2B%2B%3B%0A%20%20if%20%28%21this.layoutCorrected%29%20this.layoutCorrected%20%3D%20createBox%28%29%3B%0A%20%20this.isLayoutDirty%20%3D%20false%3B%0A%20%20this.projectionDelta%20%3D%20undefined%3B%0A%20%20this.notifyListeners%28%22measure%22%2C%20this.layout.layoutBox%29%3B%0A%20%20const%20%7B%20visualElement%20%7D%20%3D%20this.options%3B%0A%20%20visualElement%20%26%26%20visualElement.notify%28%22LayoutMeasure%22%2C%20this.layout.layoutBox%2C%20prevLayout%20%3F%20prevLayout.layoutBox%20%3A%20undefined%29%3B%0A%20%20%7D%0A%20%20updateScroll%28phase%20%3D%20%22measure%22%29%20%7B%0A%20%20let%20needsMeasurement%20%3D%20Boolean%28this.options.layoutScroll%20%26%26%20this.instance%29%3B%0A%20%20if%20%28this.scroll%20%26%26%20this.scroll.animationId%20%3D%3D%3D%20this.root.animationId%20%26%26%20this.scroll.phase%20%3D%3D%3D%20phase%29%20%7B%0A%20%20needsMeasurement%20%3D%20false%3B%0A%20%20%7D%0A%20%20if%20%28needsMeasurement%20%26%26%20this.instance%29%20%7B%0A%20%20const%20isRoot%20%3D%20checkIsScrollRoot%28this.instance%29%3B%0A%20%20this.scroll%20%3D%20%7B%0A%20%20animationId%3A%20this.root.animationId%2C%0A%20%20phase%2C%0A%20%20isRoot%2C%0A%20%20offset%3A%20measureScroll%28this.instance%29%2C%0A%20%20wasRoot%3A%20this.scroll%20%3F%20this.scroll.isRoot%20%3A%20isRoot%0A%20%20%7D%3B%0A%20%20%7D%0A%20%20%7D%0A%20%20resetTransform%28%29%20%7B%0A%20%20if%20%28%21resetTransform%29%20return%3B%0A%20%20const%20isResetRequested%20%3D%20this.isLayoutDirty%20%7C%7C%20this.shouldResetTransform%20%7C%7C%20this.options.alwaysMeasureLayout%3B%0A%20%20const%20hasProjection%20%3D%20this.projectionDelta%20%26%26%20%21isDeltaZero%28this.projectionDelta%29%3B%0A%20%20const%20transformTemplate%20%3D%20this.getTransformTemplate%28%29%3B%0A%20%20const%20transformTemplateValue%20%3D%20transformTemplate%20%3F%20transformTemplate%28this.latestValues%2C%20%22%22%29%20%3A%20undefined%3B%0A%20%20const%20transformTemplateHasChanged%20%3D%20transformTemplateValue%20%21%3D%3D%20this.prevTransformTemplateValue%3B%0A%20%20if%20%28isResetRequested%20%26%26%20this.instance%20%26%26%20%28hasProjection%20%7C%7C%20hasTransform%28this.latestValues%29%20%7C%7C%20transformTemplateHasChanged%29%29%20%7B%0A%20%20resetTransform%28this.instance%2C%20transformTemplateValue%29%3B%0A%20%20this.shouldResetTransform%20%3D%20false%3B%0A%20%20this.scheduleRender%28%29%3B%0A%20%20%7D%0A%20%20%7D%0A%20%20measure%28removeTransform%20%3D%20true%29%20%7B%0A%20%20const%20pageBox%20%3D%20this.measurePageBox%28%29%3B%0A%20%20let%20layoutBox%20%3D%20this.removeElementScroll%28pageBox%29%3B%0A%20%20%2F%2A%2A%0A%20%20%20%20%20%20%20%20%20%20%20%20%20%20%20%2A%20Measurements%20taken%20during%20the%20pre-render%20stage%0A%20%20%20%20%20%20%20%20%20%20%20%20%20%20%20%2A%20still%20have%20transforms%20applied%20so%20we%20remove%20them%0A%20%20%20%20%20%20%20%20%20%20%20%20%20%20%20%2A%20via%20calculation.%0A%20%20%20%20%20%20%20%20%20%20%20%20%20%20%20%2A%2F%20if%20%28removeTransform%29%20%7B%0A%20%20layoutBox%20%3D%20this.removeTransform%28layoutBox%29%3B%0A%20%20%7D%0A%20%20roundBox%28layoutBox%29%3B%0A%20%20return%20%7B%0A%20%20animationId%3A%20this.root.animationId%2C%0A%20%20measuredBox%3A%20pageBox%2C%0A%20%20layoutBox%2C%0A%20%20latestValues%3A%20%7B%7D%2C%0A%20%20source%3A%20this.id%0A%20%20%7D%3B%0A%20%20%7D%0A%20%20measurePageBox%28%29%20%7B%0A%20%20const%20%7B%20visualElement%20%7D%20%3D%20this.options%3B%0A%20%20if%20%28%21visualElement%29%20return%20createBox%28%29%3B%0A%20%20const%20box%20%3D%20visualElement.measureViewportBox%28%29%3B%0A%20%20const%20wasInScrollRoot%20%3D%20this.scroll%3F.wasRoot%20%7C%7C%20this.path.some%28checkNodeWasScrollRoot%29%3B%0A%20%20if%20%28%21wasInScrollRoot%29%20%7B%0A%20%20%2F%2F%20Remove%20viewport%20scroll%20to%20give%20page-relative%20coordinates%0A%20%20const%20%7B%20scroll%20%7D%20%3D%20this.root%3B%0A%20%20if%20%28scroll%29%20%7B%0A%20%20translateAxis%28box.x%2C%20scroll.offset.x%29%3B%0A%20%20translateAxis%28box.y%2C%20scroll.offset.y%29%3B%0A%20%20%7D%0A%20%20%7D%0A%20%20return%20box%3B%0A%20%20%7D%0A%20%20removeElementScroll%28box%29%20%7B%0A%20%20const%20boxWithoutScroll%20%3D%20createBox%28%29%3B%0A%20%20copyBoxInto%28boxWithoutScroll%2C%20box%29%3B%0A%20%20if%20%28this.scroll%3F.wasRoot%29%20%7B%0A%20%20return%20boxWithoutScroll%3B%0A%20%20%7D%0A%20%20%2F%2A%2A%0A%20%20%20%20%20%20%20%20%20%20%20%20%20%20%20%2A%20Performance%20TODO%3A%20Keep%20a%20cumulative%20scroll%20offset%20down%20the%20tree%0A%20%20%20%20%20%20%20%20%20%20%20%20%20%20%20%2A%20rather%20than%20loop%20back%20up%20the%20path.%0A%20%20%20%20%20%20%20%20%20%20%20%20%20%20%20%2A%2F%20for%28let%20i%20%3D%200%3B%20i%20%3C%20this.path.length%3B%20i%2B%2B%29%7B%0A%20%20const%20node%20%3D%20this.path%5Bi%5D%3B%0A%20%20const%20%7B%20scroll%2C%20options%20%7D%20%3D%20node%3B%0A%20%20if%20%28node%20%21%3D%3D%20this.root%20%26%26%20scroll%20%26%26%20options.layoutScroll%29%20%7B%0A%20%20%2F%2A%2A%0A%20%20%20%20%20%20%20%20%20%20%20%20%20%20%20%20%20%20%20%20%20%20%20%2A%20If%20this%20is%20a%20new%20scroll%20root%2C%20we%20want%20to%20remove%20all%20previous%20scrolls%0A%20%20%20%20%20%20%20%20%20%20%20%20%20%20%20%20%20%20%20%20%20%20%20%2A%20from%20the%20viewport%20box.%0A%20%20%20%20%20%20%20%20%20%20%20%20%20%20%20%20%20%20%20%20%20%20%20%2A%2F%20if%20%28scroll.wasRoot%29%20%7B%0A%20%20copyBoxInto%28boxWithoutScroll%2C%20box%29%3B%0A%20%20%7D%0A%20%20translateAxis%28boxWithoutScroll.x%2C%20scroll.offset.x%29%3B%0A%20%20translateAxis%28boxWithoutScroll.y%2C%20scroll.offset.y%29%3B%0A%20%20%7D%0A%20%20%7D%0A%20%20return%20boxWithoutScroll%3B%0A%20%20%7D%0A%20%20applyTransform%28box%2C%20transformOnly%20%3D%20false%2C%20output%29%20%7B%0A%20%20const%20withTransforms%20%3D%20output%20%7C%7C%20createBox%28%29%3B%0A%20%20copyBoxInto%28withTransforms%2C%20box%29%3B%0A%20%20for%28let%20i%20%3D%200%3B%20i%20%3C%20this.path.length%3B%20i%2B%2B%29%7B%0A%20%20const%20node%20%3D%20this.path%5Bi%5D%3B%0A%20%20if%20%28%21transformOnly%20%26%26%20node.options.layoutScroll%20%26%26%20node.scroll%20%26%26%20node%20%21%3D%3D%20node.root%29%20%7B%0A%20%20translateAxis%28withTransforms.x%2C%20-node.scroll.offset.x%29%3B%0A%20%20translateAxis%28withTransforms.y%2C%20-node.scroll.offset.y%29%3B%0A%20%20%7D%0A%20%20if%20%28%21hasTransform%28node.latestValues%29%29%20continue%3B%0A%20%20transformBox%28withTransforms%2C%20node.latestValues%2C%20node.layout%3F.layoutBox%29%3B%0A%20%20%7D%0A%20%20if%20%28hasTransform%28this.latestValues%29%29%20%7B%0A%20%20transformBox%28withTransforms%2C%20this.latestValues%2C%20this.layout%3F.layoutBox%29%3B%0A%20%20%7D%0A%20%20return%20withTransforms%3B%0A%20%20%7D%0A%20%20removeTransform%28box%29%20%7B%0A%20%20const%20boxWithoutTransform%20%3D%20createBox%28%29%3B%0A%20%20copyBoxInto%28boxWithoutTransform%2C%20box%29%3B%0A%20%20for%28let%20i%20%3D%200%3B%20i%20%3C%20this.path.length%3B%20i%2B%2B%29%7B%0A%20%20const%20node%20%3D%20this.path%5Bi%5D%3B%0A%20%20if%20%28%21hasTransform%28node.latestValues%29%29%20continue%3B%0A%20%20let%20sourceBox%3B%0A%20%20if%20%28node.instance%29%20%7B%0A%20%20hasScale%28node.latestValues%29%20%26%26%20node.updateSnapshot%28%29%3B%0A%20%20sourceBox%20%3D%20createBox%28%29%3B%0A%20%20copyBoxInto%28sourceBox%2C%20node.measurePageBox%28%29%29%3B%0A%20%20%7D%0A%20%20removeBoxTransforms%28boxWithoutTransform%2C%20node.latestValues%2C%20node.snapshot%3F.layoutBox%2C%20sourceBox%29%3B%0A%20%20%7D%0A%20%20if%20%28hasTransform%28this.latestValues%29%29%20%7B%0A%20%20removeBoxTransforms%28boxWithoutTransform%2C%20this.latestValues%29%3B%0A%20%20%7D%0A%20%20return%20boxWithoutTransform%3B%0A%20%20%7D%0A%20%20setTargetDelta%28delta%29%20%7B%0A%20%20this.targetDelta%20%3D%20delta%3B%0A%20%20this.root.scheduleUpdateProjection%28%29%3B%0A%20%20this.isProjectionDirty%20%3D%20true%3B%0A%20%20%7D%0A%20%20setOptions%28options%29%20%7B%0A%20%20this.options%20%3D%20%7B%0A%20%20...this.options%2C%0A%20%20...options%2C%0A%20%20crossfade%3A%20options.crossfade%20%21%3D%3D%20undefined%20%3F%20options.crossfade%20%3A%20true%0A%20%20%7D%3B%0A%20%20%7D%0A%20%20clearMeasurements%28%29%20%7B%0A%20%20this.scroll%20%3D%20undefined%3B%0A%20%20this.layout%20%3D%20undefined%3B%0A%20%20this.snapshot%20%3D%20undefined%3B%0A%20%20this.prevTransformTemplateValue%20%3D%20undefined%3B%0A%20%20this.targetDelta%20%3D%20undefined%3B%0A%20%20this.target%20%3D%20undefined%3B%0A%20%20this.isLayoutDirty%20%3D%20false%3B%0A%20%20%7D%0A%20%20forceRelativeParentToResolveTarget%28%29%20%7B%0A%20%20if%20%28%21this.relativeParent%29%20return%3B%0A%20%20%2F%2A%2A%0A%20%20%20%20%20%20%20%20%20%20%20%20%20%20%20%2A%20If%20the%20parent%20target%20isn%27t%20up-to-date%2C%20force%20it%20to%20update.%0A%20%20%20%20%20%20%20%20%20%20%20%20%20%20%20%2A%20This%20is%20an%20unfortunate%20de-optimisation%20as%20it%20means%20any%20updating%20relative%0A%20%20%20%20%20%20%20%20%20%20%20%20%20%20%20%2A%20projection%20will%20cause%20all%20the%20relative%20parents%20to%20recalculate%20back%0A%20%20%20%20%20%20%20%20%20%20%20%20%20%20%20%2A%20up%20the%20tree.%0A%20%20%20%20%20%20%20%20%20%20%20%20%20%20%20%2A%2F%20if%20%28this.relativeParent.resolvedRelativeTargetAt%20%21%3D%3D%20frameData.timestamp%29%20%7B%0A%20%20this.relativeParent.resolveTargetDelta%28true%29%3B%0A%20%20%7D%0A%20%20%7D%0A%20%20resolveTargetDelta%28forceRecalculation%20%3D%20false%29%20%7B%0A%20%20%2F%2A%2A%0A%20%20%20%20%20%20%20%20%20%20%20%20%20%20%20%2A%20Once%20the%20dirty%20status%20of%20nodes%20has%20been%20spread%20through%20the%20tree%2C%20we%20also%0A%20%20%20%20%20%20%20%20%20%20%20%20%20%20%20%2A%20need%20to%20check%20if%20we%20have%20a%20shared%20node%20of%20a%20different%20depth%20that%20has%20itself%0A%20%20%20%20%20%20%20%20%20%20%20%20%20%20%20%2A%20been%20dirtied.%0A%20%20%20%20%20%20%20%20%20%20%20%20%20%20%20%2A%2F%20const%20lead%20%3D%20this.getLead%28%29%3B%0A%20%20this.isProjectionDirty%20%7C%7C%20%28this.isProjectionDirty%20%3D%20lead.isProjectionDirty%29%3B%0A%20%20this.isTransformDirty%20%7C%7C%20%28this.isTransformDirty%20%3D%20lead.isTransformDirty%29%3B%0A%20%20this.isSharedProjectionDirty%20%7C%7C%20%28this.isSharedProjectionDirty%20%3D%20lead.isSharedProjectionDirty%29%3B%0A%20%20const%20isShared%20%3D%20Boolean%28this.resumingFrom%29%20%7C%7C%20this%20%21%3D%3D%20lead%3B%0A%20%20%2F%2A%2A%0A%20%20%20%20%20%20%20%20%20%20%20%20%20%20%20%2A%20We%20don%27t%20use%20transform%20for%20this%20step%20of%20processing%20so%20we%20don%27t%0A%20%20%20%20%20%20%20%20%20%20%20%20%20%20%20%2A%20need%20to%20check%20whether%20any%20nodes%20have%20changed%20transform.%0A%20%20%20%20%20%20%20%20%20%20%20%20%20%20%20%2A%2F%20const%20canSkip%20%3D%20%21%28forceRecalculation%20%7C%7C%20isShared%20%26%26%20this.isSharedProjectionDirty%20%7C%7C%20this.isProjectionDirty%20%7C%7C%20this.parent%3F.isProjectionDirty%20%7C%7C%20this.attemptToResolveRelativeTarget%20%7C%7C%20this.root.updateBlockedByResize%29%3B%0A%20%20if%20%28canSkip%29%20return%3B%0A%20%20const%20%7B%20layout%2C%20layoutId%20%7D%20%3D%20this.options%3B%0A%20%20%2F%2A%2A%0A%20%20%20%20%20%20%20%20%20%20%20%20%20%20%20%2A%20If%20we%20have%20no%20layout%2C%20we%20can%27t%20perform%20projection%2C%20so%20early%20return%0A%20%20%20%20%20%20%20%20%20%20%20%20%20%20%20%2A%2F%20if%20%28%21this.layout%20%7C%7C%20%21%28layout%20%7C%7C%20layoutId%29%29%20return%3B%0A%20%20this.resolvedRelativeTargetAt%20%3D%20frameData.timestamp%3B%0A%20%20const%20relativeParent%20%3D%20this.getClosestProjectingParent%28%29%3B%0A%20%20if%20%28relativeParent%20%26%26%20this.linkedParentVersion%20%21%3D%3D%20relativeParent.layoutVersion%20%26%26%20%21relativeParent.options.layoutRoot%29%20%7B%0A%20%20this.removeRelativeTarget%28%29%3B%0A%20%20%7D%0A%20%20%2F%2A%2A%0A%20%20%20%20%20%20%20%20%20%20%20%20%20%20%20%2A%20If%20we%20don%27t%20have%20a%20targetDelta%20but%20do%20have%20a%20layout%2C%20we%20can%20attempt%20to%20resolve%0A%20%20%20%20%20%20%20%20%20%20%20%20%20%20%20%2A%20a%20relativeParent.%20This%20will%20allow%20a%20component%20to%20perform%20scale%20correction%0A%20%20%20%20%20%20%20%20%20%20%20%20%20%20%20%2A%20even%20if%20no%20animation%20has%20started.%0A%20%20%20%20%20%20%20%20%20%20%20%20%20%20%20%2A%2F%20if%20%28%21this.targetDelta%20%26%26%20%21this.relativeTarget%29%20%7B%0A%20%20if%20%28this.options.layoutAnchor%20%21%3D%3D%20false%20%26%26%20relativeParent%20%26%26%20relativeParent.layout%29%20%7B%0A%20%20this.createRelativeTarget%28relativeParent%2C%20this.layout.layoutBox%2C%20relativeParent.layout.layoutBox%29%3B%0A%20%20%7D%20else%20%7B%0A%20%20this.removeRelativeTarget%28%29%3B%0A%20%20%7D%0A%20%20%7D%0A%20%20%2F%2A%2A%0A%20%20%20%20%20%20%20%20%20%20%20%20%20%20%20%2A%20If%20we%20have%20no%20relative%20target%20or%20no%20target%20delta%20our%20target%20isn%27t%20valid%0A%20%20%20%20%20%20%20%20%20%20%20%20%20%20%20%2A%20for%20this%20frame.%0A%20%20%20%20%20%20%20%20%20%20%20%20%20%20%20%2A%2F%20if%20%28%21this.relativeTarget%20%26%26%20%21this.targetDelta%29%20return%3B%0A%20%20%2F%2A%2A%0A%20%20%20%20%20%20%20%20%20%20%20%20%20%20%20%2A%20Lazy-init%20target%20data%20structure%0A%20%20%20%20%20%20%20%20%20%20%20%20%20%20%20%2A%2F%20if%20%28%21this.target%29%20%7B%0A%20%20this.target%20%3D%20createBox%28%29%3B%0A%20%20this.targetWithTransforms%20%3D%20createBox%28%29%3B%0A%20%20%7D%0A%20%20%2F%2A%2A%0A%20%20%20%20%20%20%20%20%20%20%20%20%20%20%20%2A%20If%20we%27ve%20got%20a%20relative%20box%20for%20this%20component%2C%20resolve%20it%20into%20a%20target%20relative%20to%20the%20parent.%0A%20%20%20%20%20%20%20%20%20%20%20%20%20%20%20%2A%2F%20if%20%28this.relativeTarget%20%26%26%20this.relativeTargetOrigin%20%26%26%20this.relativeParent%20%26%26%20this.relativeParent.target%29%20%7B%0A%20%20this.forceRelativeParentToResolveTarget%28%29%3B%0A%20%20calcRelativeBox%28this.target%2C%20this.relativeTarget%2C%20this.relativeParent.target%2C%20this.options.layoutAnchor%20%7C%7C%20undefined%29%3B%0A%20%20%2F%2A%2A%0A%20%20%20%20%20%20%20%20%20%20%20%20%20%20%20%20%20%20%20%2A%20If%20we%27ve%20only%20got%20a%20targetDelta%2C%20resolve%20it%20into%20a%20target%0A%20%20%20%20%20%20%20%20%20%20%20%20%20%20%20%20%20%20%20%2A%2F%20%7D%20else%20if%20%28this.targetDelta%29%20%7B%0A%20%20if%20%28Boolean%28this.resumingFrom%29%29%20%7B%0A%20%20this.applyTransform%28this.layout.layoutBox%2C%20false%2C%20this.target%29%3B%0A%20%20%7D%20else%20%7B%0A%20%20copyBoxInto%28this.target%2C%20this.layout.layoutBox%29%3B%0A%20%20%7D%0A%20%20applyBoxDelta%28this.target%2C%20this.targetDelta%29%3B%0A%20%20%7D%20else%20%7B%0A%20%20%2F%2A%2A%0A%20%20%20%20%20%20%20%20%20%20%20%20%20%20%20%20%20%20%20%2A%20If%20no%20target%2C%20use%20own%20layout%20as%20target%0A%20%20%20%20%20%20%20%20%20%20%20%20%20%20%20%20%20%20%20%2A%2F%20copyBoxInto%28this.target%2C%20this.layout.layoutBox%29%3B%0A%20%20%7D%0A%20%20%2F%2A%2A%0A%20%20%20%20%20%20%20%20%20%20%20%20%20%20%20%2A%20If%20we%27ve%20been%20told%20to%20attempt%20to%20resolve%20a%20relative%20target%2C%20do%20so.%0A%20%20%20%20%20%20%20%20%20%20%20%20%20%20%20%2A%2F%20if%20%28this.attemptToResolveRelativeTarget%29%20%7B%0A%20%20this.attemptToResolveRelativeTarget%20%3D%20false%3B%0A%20%20if%20%28this.options.layoutAnchor%20%21%3D%3D%20false%20%26%26%20relativeParent%20%26%26%20Boolean%28relativeParent.resumingFrom%29%20%3D%3D%3D%20Boolean%28this.resumingFrom%29%20%26%26%20%21relativeParent.options.layoutScroll%20%26%26%20relativeParent.target%20%26%26%20this.animationProgress%20%21%3D%3D%201%29%20%7B%0A%20%20this.createRelativeTarget%28relativeParent%2C%20this.target%2C%20relativeParent.target%29%3B%0A%20%20%7D%20else%20%7B%0A%20%20this.relativeParent%20%3D%20this.relativeTarget%20%3D%20undefined%3B%0A%20%20%7D%0A%20%20%7D%0A%20%20%2F%2A%2A%0A%20%20%20%20%20%20%20%20%20%20%20%20%20%20%20%2A%20Increase%20debug%20counter%20for%20resolved%20target%20deltas%0A%20%20%20%20%20%20%20%20%20%20%20%20%20%20%20%2A%2F%20if%20%28statsBuffer.value%29%20%7B%0A%20%20metrics.calculatedTargetDeltas%2B%2B%3B%0A%20%20%7D%0A%20%20%7D%0A%20%20getClosestProjectingParent%28%29%20%7B%0A%20%20if%20%28%21this.parent%20%7C%7C%20hasScale%28this.parent.latestValues%29%20%7C%7C%20has2DTranslate%28this.parent.latestValues%29%29%20%7B%0A%20%20return%20undefined%3B%0A%20%20%7D%0A%20%20if%20%28this.parent.isProjecting%28%29%29%20%7B%0A%20%20return%20this.parent%3B%0A%20%20%7D%20else%20%7B%0A%20%20return%20this.parent.getClosestProjectingParent%28%29%3B%0A%20%20%7D%0A%20%20%7D%0A%20%20isProjecting%28%29%20%7B%0A%20%20return%20Boolean%28%28this.relativeTarget%20%7C%7C%20this.targetDelta%20%7C%7C%20this.options.layoutRoot%29%20%26%26%20this.layout%29%3B%0A%20%20%7D%0A%20%20createRelativeTarget%28relativeParent%2C%20layout%2C%20parentLayout%29%20%7B%0A%20%20this.relativeParent%20%3D%20relativeParent%3B%0A%20%20this.linkedParentVersion%20%3D%20relativeParent.layoutVersion%3B%0A%20%20this.forceRelativeParentToResolveTarget%28%29%3B%0A%20%20this.relativeTarget%20%3D%20createBox%28%29%3B%0A%20%20this.relativeTargetOrigin%20%3D%20createBox%28%29%3B%0A%20%20calcRelativePosition%28this.relativeTargetOrigin%2C%20layout%2C%20parentLayout%2C%20this.options.layoutAnchor%20%7C%7C%20undefined%29%3B%0A%20%20copyBoxInto%28this.relativeTarget%2C%20this.relativeTargetOrigin%29%3B%0A%20%20%7D%0A%20%20removeRelativeTarget%28%29%20%7B%0A%20%20this.relativeParent%20%3D%20this.relativeTarget%20%3D%20undefined%3B%0A%20%20%7D%0A%20%20calcProjection%28%29%20%7B%0A%20%20const%20lead%20%3D%20this.getLead%28%29%3B%0A%20%20const%20isShared%20%3D%20Boolean%28this.resumingFrom%29%20%7C%7C%20this%20%21%3D%3D%20lead%3B%0A%20%20let%20canSkip%20%3D%20true%3B%0A%20%20%2F%2A%2A%0A%20%20%20%20%20%20%20%20%20%20%20%20%20%20%20%2A%20If%20this%20is%20a%20normal%20layout%20animation%20and%20neither%20this%20node%20nor%20its%20nearest%20projecting%0A%20%20%20%20%20%20%20%20%20%20%20%20%20%20%20%2A%20is%20dirty%20then%20we%20can%27t%20skip.%0A%20%20%20%20%20%20%20%20%20%20%20%20%20%20%20%2A%2F%20if%20%28this.isProjectionDirty%20%7C%7C%20this.parent%3F.isProjectionDirty%29%20%7B%0A%20%20canSkip%20%3D%20false%3B%0A%20%20%7D%0A%20%20%2F%2A%2A%0A%20%20%20%20%20%20%20%20%20%20%20%20%20%20%20%2A%20If%20this%20is%20a%20shared%20layout%20animation%20and%20this%20node%27s%20shared%20projection%20is%20dirty%20then%0A%20%20%20%20%20%20%20%20%20%20%20%20%20%20%20%2A%20we%20can%27t%20skip.%0A%20%20%20%20%20%20%20%20%20%20%20%20%20%20%20%2A%2F%20if%20%28isShared%20%26%26%20%28this.isSharedProjectionDirty%20%7C%7C%20this.isTransformDirty%29%29%20%7B%0A%20%20canSkip%20%3D%20false%3B%0A%20%20%7D%0A%20%20%2F%2A%2A%0A%20%20%20%20%20%20%20%20%20%20%20%20%20%20%20%2A%20If%20we%20have%20resolved%20the%20target%20this%20frame%20we%20must%20recalculate%20the%0A%20%20%20%20%20%20%20%20%20%20%20%20%20%20%20%2A%20projection%20to%20ensure%20it%20visually%20represents%20the%20internal%20calculations.%0A%20%20%20%20%20%20%20%20%20%20%20%20%20%20%20%2A%2F%20if%20%28this.resolvedRelativeTargetAt%20%3D%3D%3D%20frameData.timestamp%29%20%7B%0A%20%20canSkip%20%3D%20false%3B%0A%20%20%7D%0A%20%20if%20%28canSkip%29%20return%3B%0A%20%20const%20%7B%20layout%2C%20layoutId%20%7D%20%3D%20this.options%3B%0A%20%20%2F%2A%2A%0A%20%20%20%20%20%20%20%20%20%20%20%20%20%20%20%2A%20If%20this%20section%20of%20the%20tree%20isn%27t%20animating%20we%20can%0A%20%20%20%20%20%20%20%20%20%20%20%20%20%20%20%2A%20delete%20our%20target%20sources%20for%20the%20following%20frame.%0A%20%20%20%20%20%20%20%20%20%20%20%20%20%20%20%2A%2F%20this.isTreeAnimating%20%3D%20Boolean%28this.parent%20%26%26%20this.parent.isTreeAnimating%20%7C%7C%20this.currentAnimation%20%7C%7C%20this.pendingAnimation%29%3B%0A%20%20if%20%28%21this.isTreeAnimating%29%20%7B%0A%20%20this.targetDelta%20%3D%20this.relativeTarget%20%3D%20undefined%3B%0A%20%20%7D%0A%20%20if%20%28%21this.layout%20%7C%7C%20%21%28layout%20%7C%7C%20layoutId%29%29%20return%3B%0A%20%20%2F%2A%2A%0A%20%20%20%20%20%20%20%20%20%20%20%20%20%20%20%2A%20Reset%20the%20corrected%20box%20with%20the%20latest%20values%20from%20box%2C%20as%20we%27re%20then%20going%0A%20%20%20%20%20%20%20%20%20%20%20%20%20%20%20%2A%20to%20perform%20mutative%20operations%20on%20it.%0A%20%20%20%20%20%20%20%20%20%20%20%20%20%20%20%2A%2F%20copyBoxInto%28this.layoutCorrected%2C%20this.layout.layoutBox%29%3B%0A%20%20%2F%2A%2A%0A%20%20%20%20%20%20%20%20%20%20%20%20%20%20%20%2A%20Record%20previous%20tree%20scales%20before%20updating.%0A%20%20%20%20%20%20%20%20%20%20%20%20%20%20%20%2A%2F%20const%20prevTreeScaleX%20%3D%20this.treeScale.x%3B%0A%20%20const%20prevTreeScaleY%20%3D%20this.treeScale.y%3B%0A%20%20%2F%2A%2A%0A%20%20%20%20%20%20%20%20%20%20%20%20%20%20%20%2A%20Apply%20all%20the%20parent%20deltas%20to%20this%20box%20to%20produce%20the%20corrected%20box.%20This%0A%20%20%20%20%20%20%20%20%20%20%20%20%20%20%20%2A%20is%20the%20layout%20box%2C%20as%20it%20will%20appear%20on%20screen%20as%20a%20result%20of%20the%20transforms%20of%20its%20parents.%0A%20%20%20%20%20%20%20%20%20%20%20%20%20%20%20%2A%2F%20applyTreeDeltas%28this.layoutCorrected%2C%20this.treeScale%2C%20this.path%2C%20isShared%29%3B%0A%20%20%2F%2A%2A%0A%20%20%20%20%20%20%20%20%20%20%20%20%20%20%20%2A%20If%20this%20layer%20needs%20to%20perform%20scale%20correction%20but%20doesn%27t%20have%20a%20target%2C%0A%20%20%20%20%20%20%20%20%20%20%20%20%20%20%20%2A%20use%20the%20layout%20as%20the%20target.%0A%20%20%20%20%20%20%20%20%20%20%20%20%20%20%20%2A%2F%20if%20%28lead.layout%20%26%26%20%21lead.target%20%26%26%20%28this.treeScale.x%20%21%3D%3D%201%20%7C%7C%20this.treeScale.y%20%21%3D%3D%201%29%29%20%7B%0A%20%20lead.target%20%3D%20lead.layout.layoutBox%3B%0A%20%20lead.targetWithTransforms%20%3D%20createBox%28%29%3B%0A%20%20%7D%0A%20%20const%20%7B%20target%20%7D%20%3D%20lead%3B%0A%20%20if%20%28%21target%29%20%7B%0A%20%20%2F%2A%2A%0A%20%20%20%20%20%20%20%20%20%20%20%20%20%20%20%20%20%20%20%2A%20If%20we%20don%27t%20have%20a%20target%20to%20project%20into%2C%20but%20we%20were%20previously%0A%20%20%20%20%20%20%20%20%20%20%20%20%20%20%20%20%20%20%20%2A%20projecting%2C%20we%20want%20to%20remove%20the%20stored%20transform%20and%20schedule%0A%20%20%20%20%20%20%20%20%20%20%20%20%20%20%20%20%20%20%20%2A%20a%20render%20to%20ensure%20the%20elements%20reflect%20the%20removed%20transform.%0A%20%20%20%20%20%20%20%20%20%20%20%20%20%20%20%20%20%20%20%2A%2F%20if%20%28this.prevProjectionDelta%29%20%7B%0A%20%20this.createProjectionDeltas%28%29%3B%0A%20%20this.scheduleRender%28%29%3B%0A%20%20%7D%0A%20%20return%3B%0A%20%20%7D%0A%20%20if%20%28%21this.projectionDelta%20%7C%7C%20%21this.prevProjectionDelta%29%20%7B%0A%20%20this.createProjectionDeltas%28%29%3B%0A%20%20%7D%20else%20%7B%0A%20%20copyAxisDeltaInto%28this.prevProjectionDelta.x%2C%20this.projectionDelta.x%29%3B%0A%20%20copyAxisDeltaInto%28this.prevProjectionDelta.y%2C%20this.projectionDelta.y%29%3B%0A%20%20%7D%0A%20%20%2F%2A%2A%0A%20%20%20%20%20%20%20%20%20%20%20%20%20%20%20%2A%20Update%20the%20delta%20between%20the%20corrected%20box%20and%20the%20target%20box%20before%20user-set%20transforms%20were%20applied.%0A%20%20%20%20%20%20%20%20%20%20%20%20%20%20%20%2A%20This%20will%20allow%20us%20to%20calculate%20the%20corrected%20borderRadius%20and%20boxShadow%20to%20compensate%0A%20%20%20%20%20%20%20%20%20%20%20%20%20%20%20%2A%20for%20our%20layout%20reprojection%2C%20but%20still%20allow%20them%20to%20be%20scaled%20correctly%20by%20the%20user.%0A%20%20%20%20%20%20%20%20%20%20%20%20%20%20%20%2A%20It%20might%20be%20that%20to%20simplify%20this%20we%20may%20want%20to%20accept%20that%20user-set%20scale%20is%20also%20corrected%0A%20%20%20%20%20%20%20%20%20%20%20%20%20%20%20%2A%20and%20we%20wouldn%27t%20have%20to%20keep%20and%20calc%20both%20deltas%2C%20OR%20we%20could%20support%20a%20user%20setting%0A%20%20%20%20%20%20%20%20%20%20%20%20%20%20%20%2A%20to%20allow%20people%20to%20choose%20whether%20these%20styles%20are%20corrected%20based%20on%20just%20the%0A%20%20%20%20%20%20%20%20%20%20%20%20%20%20%20%2A%20layout%20reprojection%20or%20the%20final%20bounding%20box.%0A%20%20%20%20%20%20%20%20%20%20%20%20%20%20%20%2A%2F%20calcBoxDelta%28this.projectionDelta%2C%20this.layoutCorrected%2C%20target%2C%20this.latestValues%29%3B%0A%20%20if%20%28this.treeScale.x%20%21%3D%3D%20prevTreeScaleX%20%7C%7C%20this.treeScale.y%20%21%3D%3D%20prevTreeScaleY%20%7C%7C%20%21axisDeltaEquals%28this.projectionDelta.x%2C%20this.prevProjectionDelta.x%29%20%7C%7C%20%21axisDeltaEquals%28this.projectionDelta.y%2C%20this.prevProjectionDelta.y%29%29%20%7B%0A%20%20this.hasProjected%20%3D%20true%3B%0A%20%20this.scheduleRender%28%29%3B%0A%20%20this.notifyListeners%28%22projectionUpdate%22%2C%20target%29%3B%0A%20%20%7D%0A%20%20%2F%2A%2A%0A%20%20%20%20%20%20%20%20%20%20%20%20%20%20%20%2A%20Increase%20debug%20counter%20for%20recalculated%20projections%0A%20%20%20%20%20%20%20%20%20%20%20%20%20%20%20%2A%2F%20if%20%28statsBuffer.value%29%20%7B%0A%20%20metrics.calculatedProjections%2B%2B%3B%0A%20%20%7D%0A%20%20%7D%0A%20%20hide%28%29%20%7B%0A%20%20this.isVisible%20%3D%20false%3B%0A%20%20%2F%2F%20TODO%3A%20Schedule%20render%0A%20%20%7D%0A%20%20show%28%29%20%7B%0A%20%20this.isVisible%20%3D%20true%3B%0A%20%20%2F%2F%20TODO%3A%20Schedule%20render%0A%20%20%7D%0A%20%20scheduleRender%28notifyAll%20%3D%20true%29%20%7B%0A%20%20this.options.visualElement%3F.scheduleRender%28%29%3B%0A%20%20if%20%28notifyAll%29%20%7B%0A%20%20const%20stack%20%3D%20this.getStack%28%29%3B%0A%20%20stack%20%26%26%20stack.scheduleRender%28%29%3B%0A%20%20%7D%0A%20%20if%20%28this.resumingFrom%20%26%26%20%21this.resumingFrom.instance%29%20%7B%0A%20%20this.resumingFrom%20%3D%20undefined%3B%0A%20%20%7D%0A%20%20%7D%0A%20%20createProjectionDeltas%28%29%20%7B%0A%20%20this.prevProjectionDelta%20%3D%20createDelta%28%29%3B%0A%20%20this.projectionDelta%20%3D%20createDelta%28%29%3B%0A%20%20this.projectionDeltaWithTransform%20%3D%20createDelta%28%29%3B%0A%20%20%7D%0A%20%20setAnimationOrigin%28delta%2C%20hasOnlyRelativeTargetChanged%20%3D%20false%29%20%7B%0A%20%20const%20snapshot%20%3D%20this.snapshot%3B%0A%20%20const%20snapshotLatestValues%20%3D%20snapshot%20%3F%20snapshot.latestValues%20%3A%20%7B%7D%3B%0A%20%20const%20mixedValues%20%3D%20%7B%0A%20%20...this.latestValues%0A%20%20%7D%3B%0A%20%20const%20targetDelta%20%3D%20createDelta%28%29%3B%0A%20%20if%20%28%21this.relativeParent%20%7C%7C%20%21this.relativeParent.options.layoutRoot%29%20%7B%0A%20%20this.relativeTarget%20%3D%20this.relativeTargetOrigin%20%3D%20undefined%3B%0A%20%20%7D%0A%20%20this.attemptToResolveRelativeTarget%20%3D%20%21hasOnlyRelativeTargetChanged%3B%0A%20%20const%20relativeLayout%20%3D%20createBox%28%29%3B%0A%20%20const%20snapshotSource%20%3D%20snapshot%20%3F%20snapshot.source%20%3A%20undefined%3B%0A%20%20const%20layoutSource%20%3D%20this.layout%20%3F%20this.layout.source%20%3A%20undefined%3B%0A%20%20const%20isSharedLayoutAnimation%20%3D%20snapshotSource%20%21%3D%3D%20layoutSource%3B%0A%20%20const%20stack%20%3D%20this.getStack%28%29%3B%0A%20%20const%20isOnlyMember%20%3D%20%21stack%20%7C%7C%20stack.members.length%20%3C%3D%201%3B%0A%20%20const%20shouldCrossfadeOpacity%20%3D%20Boolean%28isSharedLayoutAnimation%20%26%26%20%21isOnlyMember%20%26%26%20this.options.crossfade%20%3D%3D%3D%20true%20%26%26%20%21this.path.some%28hasOpacityCrossfade%29%29%3B%0A%20%20this.animationProgress%20%3D%200%3B%0A%20%20let%20prevRelativeTarget%3B%0A%20%20this.mixTargetDelta%20%3D%20%28latest%29%3D%3E%7B%0A%20%20const%20progress%20%3D%20latest%20%2F%201000%3B%0A%20%20mixAxisDelta%28targetDelta.x%2C%20delta.x%2C%20progress%29%3B%0A%20%20mixAxisDelta%28targetDelta.y%2C%20delta.y%2C%20progress%29%3B%0A%20%20this.setTargetDelta%28targetDelta%29%3B%0A%20%20if%20%28this.relativeTarget%20%26%26%20this.relativeTargetOrigin%20%26%26%20this.layout%20%26%26%20this.relativeParent%20%26%26%20this.relativeParent.layout%29%20%7B%0A%20%20calcRelativePosition%28relativeLayout%2C%20this.layout.layoutBox%2C%20this.relativeParent.layout.layoutBox%2C%20this.options.layoutAnchor%20%7C%7C%20undefined%29%3B%0A%20%20mixBox%28this.relativeTarget%2C%20this.relativeTargetOrigin%2C%20relativeLayout%2C%20progress%29%3B%0A%20%20%2F%2A%2A%0A%20%20%20%20%20%20%20%20%20%20%20%20%20%20%20%20%20%20%20%20%20%20%20%2A%20If%20this%20is%20an%20unchanged%20relative%20target%20we%20can%20consider%20the%0A%20%20%20%20%20%20%20%20%20%20%20%20%20%20%20%20%20%20%20%20%20%20%20%2A%20projection%20not%20dirty.%0A%20%20%20%20%20%20%20%20%20%20%20%20%20%20%20%20%20%20%20%20%20%20%20%2A%2F%20if%20%28prevRelativeTarget%20%26%26%20boxEquals%28this.relativeTarget%2C%20prevRelativeTarget%29%29%20%7B%0A%20%20this.isProjectionDirty%20%3D%20false%3B%0A%20%20%7D%0A%20%20if%20%28%21prevRelativeTarget%29%20prevRelativeTarget%20%3D%20createBox%28%29%3B%0A%20%20copyBoxInto%28prevRelativeTarget%2C%20this.relativeTarget%29%3B%0A%20%20%7D%0A%20%20if%20%28isSharedLayoutAnimation%29%20%7B%0A%20%20this.animationValues%20%3D%20mixedValues%3B%0A%20%20mixValues%28mixedValues%2C%20snapshotLatestValues%2C%20this.latestValues%2C%20progress%2C%20shouldCrossfadeOpacity%2C%20isOnlyMember%29%3B%0A%20%20%7D%0A%20%20this.root.scheduleUpdateProjection%28%29%3B%0A%20%20this.scheduleRender%28%29%3B%0A%20%20this.animationProgress%20%3D%20progress%3B%0A%20%20%7D%3B%0A%20%20this.mixTargetDelta%28this.options.layoutRoot%20%3F%201000%20%3A%200%29%3B%0A%20%20%7D%0A%20%20startAnimation%28options%29%20%7B%0A%20%20this.notifyListeners%28%22animationStart%22%29%3B%0A%20%20this.currentAnimation%3F.stop%28%29%3B%0A%20%20this.resumingFrom%3F.currentAnimation%3F.stop%28%29%3B%0A%20%20if%20%28this.pendingAnimation%29%20%7B%0A%20%20cancelFrame%28this.pendingAnimation%29%3B%0A%20%20this.pendingAnimation%20%3D%20undefined%3B%0A%20%20%7D%0A%20%20%2F%2A%2A%0A%20%20%20%20%20%20%20%20%20%20%20%20%20%20%20%2A%20Start%20the%20animation%20in%20the%20next%20frame%20to%20have%20a%20frame%20with%20progress%200%2C%0A%20%20%20%20%20%20%20%20%20%20%20%20%20%20%20%2A%20where%20the%20target%20is%20the%20same%20as%20when%20the%20animation%20started%2C%20so%20we%20can%0A%20%20%20%20%20%20%20%20%20%20%20%20%20%20%20%2A%20calculate%20the%20relative%20positions%20correctly%20for%20instant%20transitions.%0A%20%20%20%20%20%20%20%20%20%20%20%20%20%20%20%2A%2F%20this.pendingAnimation%20%3D%20frame.update%28%28%29%3D%3E%7B%0A%20%20globalProjectionState.hasAnimatedSinceResize%20%3D%20true%3B%0A%20%20activeAnimations.layout%2B%2B%3B%0A%20%20this.motionValue%20%7C%7C%20%28this.motionValue%20%3D%20motionValue%280%29%29%3B%0A%20%20this.motionValue.jump%280%2C%20false%29%3B%0A%20%20this.currentAnimation%20%3D%20animateSingleValue%28this.motionValue%2C%20%5B%0A%20%200%2C%0A%20%201000%0A%20%20%5D%2C%20%7B%0A%20%20...options%2C%0A%20%20velocity%3A%200%2C%0A%20%20isSync%3A%20true%2C%0A%20%20onUpdate%3A%20%28latest%29%3D%3E%7B%0A%20%20this.mixTargetDelta%28latest%29%3B%0A%20%20options.onUpdate%20%26%26%20options.onUpdate%28latest%29%3B%0A%20%20%7D%2C%0A%20%20onStop%3A%20%28%29%3D%3E%7B%0A%20%20activeAnimations.layout--%3B%0A%20%20%7D%2C%0A%20%20onComplete%3A%20%28%29%3D%3E%7B%0A%20%20activeAnimations.layout--%3B%0A%20%20options.onComplete%20%26%26%20options.onComplete%28%29%3B%0A%20%20this.completeAnimation%28%29%3B%0A%20%20%7D%0A%20%20%7D%29%3B%0A%20%20if%20%28this.resumingFrom%29%20%7B%0A%20%20this.resumingFrom.currentAnimation%20%3D%20this.currentAnimation%3B%0A%20%20%7D%0A%20%20this.pendingAnimation%20%3D%20undefined%3B%0A%20%20%7D%29%3B%0A%20%20%7D%0A%20%20completeAnimation%28%29%20%7B%0A%20%20if%20%28this.resumingFrom%29%20%7B%0A%20%20this.resumingFrom.currentAnimation%20%3D%20undefined%3B%0A%20%20this.resumingFrom.preserveOpacity%20%3D%20undefined%3B%0A%20%20%7D%0A%20%20const%20stack%20%3D%20this.getStack%28%29%3B%0A%20%20stack%20%26%26%20stack.exitAnimationComplete%28%29%3B%0A%20%20this.resumingFrom%20%3D%20this.currentAnimation%20%3D%20this.animationValues%20%3D%20undefined%3B%0A%20%20this.notifyListeners%28%22animationComplete%22%29%3B%0A%20%20%7D%0A%20%20finishAnimation%28%29%20%7B%0A%20%20if%20%28this.currentAnimation%29%20%7B%0A%20%20this.mixTargetDelta%20%26%26%20this.mixTargetDelta%28animationTarget%29%3B%0A%20%20this.currentAnimation.stop%28%29%3B%0A%20%20%7D%0A%20%20this.completeAnimation%28%29%3B%0A%20%20%7D%0A%20%20applyTransformsToTarget%28%29%20%7B%0A%20%20const%20lead%20%3D%20this.getLead%28%29%3B%0A%20%20let%20%7B%20targetWithTransforms%2C%20target%2C%20layout%2C%20latestValues%20%7D%20%3D%20lead%3B%0A%20%20if%20%28%21targetWithTransforms%20%7C%7C%20%21target%20%7C%7C%20%21layout%29%20return%3B%0A%20%20%2F%2A%2A%0A%20%20%20%20%20%20%20%20%20%20%20%20%20%20%20%2A%20If%20we%27re%20only%20animating%20position%2C%20and%20this%20element%20isn%27t%20the%20lead%20element%2C%0A%20%20%20%20%20%20%20%20%20%20%20%20%20%20%20%2A%20then%20instead%20of%20projecting%20into%20the%20lead%20box%20we%20instead%20want%20to%20calculate%0A%20%20%20%20%20%20%20%20%20%20%20%20%20%20%20%2A%20a%20new%20target%20that%20aligns%20the%20two%20boxes%20but%20maintains%20the%20layout%20shape.%0A%20%20%20%20%20%20%20%20%20%20%20%20%20%20%20%2A%2F%20if%20%28this%20%21%3D%3D%20lead%20%26%26%20this.layout%20%26%26%20layout%20%26%26%20shouldAnimatePositionOnly%28this.options.animationType%2C%20this.layout.layoutBox%2C%20layout.layoutBox%29%29%20%7B%0A%20%20target%20%3D%20this.target%20%7C%7C%20createBox%28%29%3B%0A%20%20const%20xLength%20%3D%20calcLength%28this.layout.layoutBox.x%29%3B%0A%20%20target.x.min%20%3D%20lead.target.x.min%3B%0A%20%20target.x.max%20%3D%20target.x.min%20%2B%20xLength%3B%0A%20%20const%20yLength%20%3D%20calcLength%28this.layout.layoutBox.y%29%3B%0A%20%20target.y.min%20%3D%20lead.target.y.min%3B%0A%20%20target.y.max%20%3D%20target.y.min%20%2B%20yLength%3B%0A%20%20%7D%0A%20%20copyBoxInto%28targetWithTransforms%2C%20target%29%3B%0A%20%20%2F%2A%2A%0A%20%20%20%20%20%20%20%20%20%20%20%20%20%20%20%2A%20Apply%20the%20latest%20user-set%20transforms%20to%20the%20targetBox%20to%20produce%20the%20targetBoxFinal.%0A%20%20%20%20%20%20%20%20%20%20%20%20%20%20%20%2A%20This%20is%20the%20final%20box%20that%20we%20will%20then%20project%20into%20by%20calculating%20a%20transform%20delta%20and%0A%20%20%20%20%20%20%20%20%20%20%20%20%20%20%20%2A%20applying%20it%20to%20the%20corrected%20box.%0A%20%20%20%20%20%20%20%20%20%20%20%20%20%20%20%2A%2F%20transformBox%28targetWithTransforms%2C%20latestValues%29%3B%0A%20%20%2F%2A%2A%0A%20%20%20%20%20%20%20%20%20%20%20%20%20%20%20%2A%20Update%20the%20delta%20between%20the%20corrected%20box%20and%20the%20final%20target%20box%2C%20after%0A%20%20%20%20%20%20%20%20%20%20%20%20%20%20%20%2A%20user-set%20transforms%20are%20applied%20to%20it.%20This%20will%20be%20used%20by%20the%20renderer%20to%0A%20%20%20%20%20%20%20%20%20%20%20%20%20%20%20%2A%20create%20a%20transform%20style%20that%20will%20reproject%20the%20element%20from%20its%20layout%20layout%0A%20%20%20%20%20%20%20%20%20%20%20%20%20%20%20%2A%20into%20the%20desired%20bounding%20box.%0A%20%20%20%20%20%20%20%20%20%20%20%20%20%20%20%2A%2F%20calcBoxDelta%28this.projectionDeltaWithTransform%2C%20this.layoutCorrected%2C%20targetWithTransforms%2C%20latestValues%29%3B%0A%20%20%7D%0A%20%20registerSharedNode%28layoutId%2C%20node%29%20%7B%0A%20%20if%20%28%21this.sharedNodes.has%28layoutId%29%29%20%7B%0A%20%20this.sharedNodes.set%28layoutId%2C%20new%20NodeStack%28%29%29%3B%0A%20%20%7D%0A%20%20const%20stack%20%3D%20this.sharedNodes.get%28layoutId%29%3B%0A%20%20stack.add%28node%29%3B%0A%20%20const%20config%20%3D%20node.options.initialPromotionConfig%3B%0A%20%20node.promote%28%7B%0A%20%20transition%3A%20config%20%3F%20config.transition%20%3A%20undefined%2C%0A%20%20preserveFollowOpacity%3A%20config%20%26%26%20config.shouldPreserveFollowOpacity%20%3F%20config.shouldPreserveFollowOpacity%28node%29%20%3A%20undefined%0A%20%20%7D%29%3B%0A%20%20%7D%0A%20%20isLead%28%29%20%7B%0A%20%20const%20stack%20%3D%20this.getStack%28%29%3B%0A%20%20return%20stack%20%3F%20stack.lead%20%3D%3D%3D%20this%20%3A%20true%3B%0A%20%20%7D%0A%20%20getLead%28%29%20%7B%0A%20%20const%20%7B%20layoutId%20%7D%20%3D%20this.options%3B%0A%20%20return%20layoutId%20%3F%20this.getStack%28%29%3F.lead%20%7C%7C%20this%20%3A%20this%3B%0A%20%20%7D%0A%20%20getPrevLead%28%29%20%7B%0A%20%20const%20%7B%20layoutId%20%7D%20%3D%20this.options%3B%0A%20%20return%20layoutId%20%3F%20this.getStack%28%29%3F.prevLead%20%3A%20undefined%3B%0A%20%20%7D%0A%20%20getStack%28%29%20%7B%0A%20%20const%20%7B%20layoutId%20%7D%20%3D%20this.options%3B%0A%20%20if%20%28layoutId%29%20return%20this.root.sharedNodes.get%28layoutId%29%3B%0A%20%20%7D%0A%20%20promote%28%7B%20needsReset%2C%20transition%2C%20preserveFollowOpacity%20%7D%20%3D%20%7B%7D%29%20%7B%0A%20%20const%20stack%20%3D%20this.getStack%28%29%3B%0A%20%20if%20%28stack%29%20stack.promote%28this%2C%20preserveFollowOpacity%29%3B%0A%20%20if%20%28needsReset%29%20%7B%0A%20%20this.projectionDelta%20%3D%20undefined%3B%0A%20%20this.needsReset%20%3D%20true%3B%0A%20%20%7D%0A%20%20if%20%28transition%29%20this.setOptions%28%7B%0A%20%20transition%0A%20%20%7D%29%3B%0A%20%20%7D%0A%20%20relegate%28%29%20%7B%0A%20%20const%20stack%20%3D%20this.getStack%28%29%3B%0A%20%20if%20%28stack%29%20%7B%0A%20%20return%20stack.relegate%28this%29%3B%0A%20%20%7D%20else%20%7B%0A%20%20return%20false%3B%0A%20%20%7D%0A%20%20%7D%0A%20%20resetSkewAndRotation%28%29%20%7B%0A%20%20const%20%7B%20visualElement%20%7D%20%3D%20this.options%3B%0A%20%20if%20%28%21visualElement%29%20return%3B%0A%20%20%2F%2F%20If%20there%27s%20no%20detected%20skew%20or%20rotation%20values%2C%20we%20can%20early%20return%20without%20a%20forced%20render.%0A%20%20let%20hasDistortingTransform%20%3D%20false%3B%0A%20%20%2F%2A%2A%0A%20%20%20%20%20%20%20%20%20%20%20%20%20%20%20%2A%20An%20unrolled%20check%20for%20rotation%20values.%20Most%20elements%20don%27t%20have%20any%20rotation%20and%0A%20%20%20%20%20%20%20%20%20%20%20%20%20%20%20%2A%20skipping%20the%20nested%20loop%20and%20new%20object%20creation%20is%2050%25%20faster.%0A%20%20%20%20%20%20%20%20%20%20%20%20%20%20%20%2A%2F%20const%20%7B%20latestValues%20%7D%20%3D%20visualElement%3B%0A%20%20if%20%28latestValues.z%20%7C%7C%20latestValues.rotate%20%7C%7C%20latestValues.rotateX%20%7C%7C%20latestValues.rotateY%20%7C%7C%20latestValues.rotateZ%20%7C%7C%20latestValues.skewX%20%7C%7C%20latestValues.skewY%29%20%7B%0A%20%20hasDistortingTransform%20%3D%20true%3B%0A%20%20%7D%0A%20%20%2F%2F%20If%20there%27s%20no%20distorting%20values%2C%20we%20don%27t%20need%20to%20do%20any%20more.%0A%20%20if%20%28%21hasDistortingTransform%29%20return%3B%0A%20%20const%20resetValues%20%3D%20%7B%7D%3B%0A%20%20if%20%28latestValues.z%29%20%7B%0A%20%20resetDistortingTransform%28%22z%22%2C%20visualElement%2C%20resetValues%2C%20this.animationValues%29%3B%0A%20%20%7D%0A%20%20%2F%2F%20Check%20the%20skew%20and%20rotate%20value%20of%20all%20axes%20and%20reset%20to%200%0A%20%20for%28let%20i%20%3D%200%3B%20i%20%3C%20transformAxes.length%3B%20i%2B%2B%29%7B%0A%20%20resetDistortingTransform%28%60rotate%24%7BtransformAxes%5Bi%5D%7D%60%2C%20visualElement%2C%20resetValues%2C%20this.animationValues%29%3B%0A%20%20resetDistortingTransform%28%60skew%24%7BtransformAxes%5Bi%5D%7D%60%2C%20visualElement%2C%20resetValues%2C%20this.animationValues%29%3B%0A%20%20%7D%0A%20%20%2F%2F%20Force%20a%20render%20of%20this%20element%20to%20apply%20the%20transform%20with%20all%20skews%20and%20rotations%0A%20%20%2F%2F%20set%20to%200.%0A%20%20visualElement.render%28%29%3B%0A%20%20%2F%2F%20Put%20back%20all%20the%20values%20we%20reset%0A%20%20for%28const%20key%20in%20resetValues%29%7B%0A%20%20visualElement.setStaticValue%28key%2C%20resetValues%5Bkey%5D%29%3B%0A%20%20if%20%28this.animationValues%29%20%7B%0A%20%20this.animationValues%5Bkey%5D%20%3D%20resetValues%5Bkey%5D%3B%0A%20%20%7D%0A%20%20%7D%0A%20%20%2F%2F%20Schedule%20a%20render%20for%20the%20next%20frame.%20This%20ensures%20we%20won%27t%20visually%0A%20%20%2F%2F%20see%20the%20element%20with%20the%20reset%20rotate%20value%20applied.%0A%20%20visualElement.scheduleRender%28%29%3B%0A%20%20%7D%0A%20%20applyProjectionStyles%28targetStyle%2C%20styleProp%29%20%7B%0A%20%20if%20%28%21this.instance%20%7C%7C%20this.isSVG%29%20return%3B%0A%20%20if%20%28%21this.isVisible%29%20%7B%0A%20%20targetStyle.visibility%20%3D%20%22hidden%22%3B%0A%20%20return%3B%0A%20%20%7D%0A%20%20const%20transformTemplate%20%3D%20this.getTransformTemplate%28%29%3B%0A%20%20if%20%28this.needsReset%29%20%7B%0A%20%20this.needsReset%20%3D%20false%3B%0A%20%20targetStyle.visibility%20%3D%20%22%22%3B%0A%20%20targetStyle.opacity%20%3D%20%22%22%3B%0A%20%20targetStyle.pointerEvents%20%3D%20resolveMotionValue%28styleProp%3F.pointerEvents%29%20%7C%7C%20%22%22%3B%0A%20%20targetStyle.transform%20%3D%20transformTemplate%20%3F%20transformTemplate%28this.latestValues%2C%20%22%22%29%20%3A%20%22none%22%3B%0A%20%20return%3B%0A%20%20%7D%0A%20%20const%20lead%20%3D%20this.getLead%28%29%3B%0A%20%20if%20%28%21this.projectionDelta%20%7C%7C%20%21this.layout%20%7C%7C%20%21lead.target%29%20%7B%0A%20%20if%20%28this.options.layoutId%29%20%7B%0A%20%20targetStyle.opacity%20%3D%20this.latestValues.opacity%20%21%3D%3D%20undefined%20%3F%20this.latestValues.opacity%20%3A%201%3B%0A%20%20targetStyle.pointerEvents%20%3D%20resolveMotionValue%28styleProp%3F.pointerEvents%29%20%7C%7C%20%22%22%3B%0A%20%20%7D%0A%20%20if%20%28this.hasProjected%20%26%26%20%21hasTransform%28this.latestValues%29%29%20%7B%0A%20%20targetStyle.transform%20%3D%20transformTemplate%20%3F%20transformTemplate%28%7B%7D%2C%20%22%22%29%20%3A%20%22none%22%3B%0A%20%20this.hasProjected%20%3D%20false%3B%0A%20%20%7D%0A%20%20return%3B%0A%20%20%7D%0A%20%20targetStyle.visibility%20%3D%20%22%22%3B%0A%20%20const%20valuesToRender%20%3D%20lead.animationValues%20%7C%7C%20lead.latestValues%3B%0A%20%20this.applyTransformsToTarget%28%29%3B%0A%20%20let%20transform%20%3D%20buildProjectionTransform%28this.projectionDeltaWithTransform%2C%20this.treeScale%2C%20valuesToRender%29%3B%0A%20%20if%20%28transformTemplate%29%20%7B%0A%20%20transform%20%3D%20transformTemplate%28valuesToRender%2C%20transform%29%3B%0A%20%20%7D%0A%20%20targetStyle.transform%20%3D%20transform%3B%0A%20%20const%20%7B%20x%2C%20y%20%7D%20%3D%20this.projectionDelta%3B%0A%20%20targetStyle.transformOrigin%20%3D%20%60%24%7Bx.origin%20%2A%20100%7D%25%20%24%7By.origin%20%2A%20100%7D%25%200%60%3B%0A%20%20if%20%28lead.animationValues%29%20%7B%0A%20%20%2F%2A%2A%0A%20%20%20%20%20%20%20%20%20%20%20%20%20%20%20%20%20%20%20%2A%20If%20the%20lead%20component%20is%20animating%2C%20assign%20this%20either%20the%20entering%2Fleaving%0A%20%20%20%20%20%20%20%20%20%20%20%20%20%20%20%20%20%20%20%2A%20opacity%0A%20%20%20%20%20%20%20%20%20%20%20%20%20%20%20%20%20%20%20%2A%2F%20targetStyle.opacity%20%3D%20lead%20%3D%3D%3D%20this%20%3F%20valuesToRender.opacity%20%3F%3F%20this.latestValues.opacity%20%3F%3F%201%20%3A%20this.preserveOpacity%20%3F%20this.latestValues.opacity%20%3A%20valuesToRender.opacityExit%3B%0A%20%20%7D%20else%20%7B%0A%20%20%2F%2A%2A%0A%20%20%20%20%20%20%20%20%20%20%20%20%20%20%20%20%20%20%20%2A%20Or%20we%27re%20not%20animating%20at%20all%2C%20set%20the%20lead%20component%20to%20its%20layout%0A%20%20%20%20%20%20%20%20%20%20%20%20%20%20%20%20%20%20%20%2A%20opacity%20and%20other%20components%20to%20hidden.%0A%20%20%20%20%20%20%20%20%20%20%20%20%20%20%20%20%20%20%20%2A%2F%20targetStyle.opacity%20%3D%20lead%20%3D%3D%3D%20this%20%3F%20valuesToRender.opacity%20%21%3D%3D%20undefined%20%3F%20valuesToRender.opacity%20%3A%20%22%22%20%3A%20valuesToRender.opacityExit%20%21%3D%3D%20undefined%20%3F%20valuesToRender.opacityExit%20%3A%200%3B%0A%20%20%7D%0A%20%20%2F%2A%2A%0A%20%20%20%20%20%20%20%20%20%20%20%20%20%20%20%2A%20Apply%20scale%20correction%0A%20%20%20%20%20%20%20%20%20%20%20%20%20%20%20%2A%2F%20for%28const%20key%20in%20scaleCorrectors%29%7B%0A%20%20if%20%28valuesToRender%5Bkey%5D%20%3D%3D%3D%20undefined%29%20continue%3B%0A%20%20const%20%7B%20correct%2C%20applyTo%2C%20isCSSVariable%20%7D%20%3D%20scaleCorrectors%5Bkey%5D%3B%0A%20%20%2F%2A%2A%0A%20%20%20%20%20%20%20%20%20%20%20%20%20%20%20%20%20%20%20%2A%20Only%20apply%20scale%20correction%20to%20the%20value%20if%20we%20have%20an%0A%20%20%20%20%20%20%20%20%20%20%20%20%20%20%20%20%20%20%20%2A%20active%20projection%20transform.%20Otherwise%20these%20values%20become%0A%20%20%20%20%20%20%20%20%20%20%20%20%20%20%20%20%20%20%20%2A%20vulnerable%20to%20distortion%20if%20the%20element%20changes%20size%20without%0A%20%20%20%20%20%20%20%20%20%20%20%20%20%20%20%20%20%20%20%2A%20a%20corresponding%20layout%20animation.%0A%20%20%20%20%20%20%20%20%20%20%20%20%20%20%20%20%20%20%20%2A%2F%20const%20corrected%20%3D%20transform%20%3D%3D%3D%20%22none%22%20%3F%20valuesToRender%5Bkey%5D%20%3A%20correct%28valuesToRender%5Bkey%5D%2C%20lead%29%3B%0A%20%20if%20%28applyTo%29%20%7B%0A%20%20const%20num%20%3D%20applyTo.length%3B%0A%20%20for%28let%20i%20%3D%200%3B%20i%20%3C%20num%3B%20i%2B%2B%29%7B%0A%20%20targetStyle%5BapplyTo%5Bi%5D%5D%20%3D%20corrected%3B%0A%20%20%7D%0A%20%20%7D%20else%20%7B%0A%20%20%2F%2F%20If%20this%20is%20a%20CSS%20variable%2C%20set%20it%20directly%20on%20the%20instance.%0A%20%20%2F%2F%20Replacing%20this%20function%20from%20creating%20styles%20to%20setting%20them%0A%20%20%2F%2F%20would%20be%20a%20good%20place%20to%20remove%20per%20frame%20object%20creation%0A%20%20if%20%28isCSSVariable%29%20%7B%0A%20%20this.options.visualElement.renderState.vars%5Bkey%5D%20%3D%20corrected%3B%0A%20%20%7D%20else%20%7B%0A%20%20targetStyle%5Bkey%5D%20%3D%20corrected%3B%0A%20%20%7D%0A%20%20%7D%0A%20%20%7D%0A%20%20%2F%2A%2A%0A%20%20%20%20%20%20%20%20%20%20%20%20%20%20%20%2A%20Disable%20pointer%20events%20on%20follow%20components.%20This%20is%20to%20ensure%0A%20%20%20%20%20%20%20%20%20%20%20%20%20%20%20%2A%20that%20if%20a%20follow%20component%20covers%20a%20lead%20component%20it%20doesn%27t%20block%0A%20%20%20%20%20%20%20%20%20%20%20%20%20%20%20%2A%20pointer%20events%20on%20the%20lead.%0A%20%20%20%20%20%20%20%20%20%20%20%20%20%20%20%2A%2F%20if%20%28this.options.layoutId%29%20%7B%0A%20%20targetStyle.pointerEvents%20%3D%20lead%20%3D%3D%3D%20this%20%3F%20resolveMotionValue%28styleProp%3F.pointerEvents%29%20%7C%7C%20%22%22%20%3A%20%22none%22%3B%0A%20%20%7D%0A%20%20%7D%0A%20%20clearSnapshot%28%29%20%7B%0A%20%20this.resumeFrom%20%3D%20this.snapshot%20%3D%20undefined%3B%0A%20%20%7D%0A%20%20%2F%2F%20Only%20run%20on%20root%0A%20%20resetTree%28%29%20%7B%0A%20%20this.root.nodes.forEach%28%28node%29%3D%3Enode.currentAnimation%3F.stop%28%29%29%3B%0A%20%20this.root.nodes.forEach%28clearMeasurements%29%3B%0A%20%20this.root.sharedNodes.clear%28%29%3B%0A%20%20%7D%0A%20%20%7D%3B%0A%20%20%7D%0A%20%20function%20updateLayout%28node%29%20%7B%0A%20%20node.updateLayout%28%29%3B%0A%20%20%7D%0A%20%20function%20notifyLayoutUpdate%28node%29%20%7B%0A%20%20const%20snapshot%20%3D%20node.resumeFrom%3F.snapshot%20%7C%7C%20node.snapshot%3B%0A%20%20if%20%28node.isLead%28%29%20%26%26%20node.layout%20%26%26%20snapshot%20%26%26%20node.hasListeners%28%22didUpdate%22%29%29%20%7B%0A%20%20const%20%7B%20layoutBox%3A%20layout%2C%20measuredBox%3A%20measuredLayout%20%7D%20%3D%20node.layout%3B%0A%20%20const%20%7B%20animationType%20%7D%20%3D%20node.options%3B%0A%20%20const%20isShared%20%3D%20snapshot.source%20%21%3D%3D%20node.layout.source%3B%0A%20%20%2F%2F%20TODO%20Maybe%20we%20want%20to%20also%20resize%20the%20layout%20snapshot%20so%20we%20don%27t%20trigger%0A%20%20%2F%2F%20animations%20for%20instance%20if%20layout%3D%22size%22%20and%20an%20element%20has%20only%20changed%20position%0A%20%20if%20%28animationType%20%3D%3D%3D%20%22size%22%29%20%7B%0A%20%20eachAxis%28%28axis%29%3D%3E%7B%0A%20%20const%20axisSnapshot%20%3D%20isShared%20%3F%20snapshot.measuredBox%5Baxis%5D%20%3A%20snapshot.layoutBox%5Baxis%5D%3B%0A%20%20const%20length%20%3D%20calcLength%28axisSnapshot%29%3B%0A%20%20axisSnapshot.min%20%3D%20layout%5Baxis%5D.min%3B%0A%20%20axisSnapshot.max%20%3D%20axisSnapshot.min%20%2B%20length%3B%0A%20%20%7D%29%3B%0A%20%20%7D%20else%20if%20%28animationType%20%3D%3D%3D%20%22x%22%20%7C%7C%20animationType%20%3D%3D%3D%20%22y%22%29%20%7B%0A%20%20const%20snapAxis%20%3D%20animationType%20%3D%3D%3D%20%22x%22%20%3F%20%22y%22%20%3A%20%22x%22%3B%0A%20%20copyAxisInto%28isShared%20%3F%20snapshot.measuredBox%5BsnapAxis%5D%20%3A%20snapshot.layoutBox%5BsnapAxis%5D%2C%20layout%5BsnapAxis%5D%29%3B%0A%20%20%7D%20else%20if%20%28shouldAnimatePositionOnly%28animationType%2C%20snapshot.layoutBox%2C%20layout%29%29%20%7B%0A%20%20eachAxis%28%28axis%29%3D%3E%7B%0A%20%20const%20axisSnapshot%20%3D%20isShared%20%3F%20snapshot.measuredBox%5Baxis%5D%20%3A%20snapshot.layoutBox%5Baxis%5D%3B%0A%20%20const%20length%20%3D%20calcLength%28layout%5Baxis%5D%29%3B%0A%20%20axisSnapshot.max%20%3D%20axisSnapshot.min%20%2B%20length%3B%0A%20%20%2F%2A%2A%0A%20%20%20%20%20%20%20%20%20%20%20%20%20%20%20%20%20%20%20%2A%20Ensure%20relative%20target%20gets%20resized%20and%20rerendererd%0A%20%20%20%20%20%20%20%20%20%20%20%20%20%20%20%20%20%20%20%2A%2F%20if%20%28node.relativeTarget%20%26%26%20%21node.currentAnimation%29%20%7B%0A%20%20node.isProjectionDirty%20%3D%20true%3B%0A%20%20node.relativeTarget%5Baxis%5D.max%20%3D%20node.relativeTarget%5Baxis%5D.min%20%2B%20length%3B%0A%20%20%7D%0A%20%20%7D%29%3B%0A%20%20%7D%0A%20%20const%20layoutDelta%20%3D%20createDelta%28%29%3B%0A%20%20calcBoxDelta%28layoutDelta%2C%20layout%2C%20snapshot.layoutBox%29%3B%0A%20%20const%20visualDelta%20%3D%20createDelta%28%29%3B%0A%20%20if%20%28isShared%29%20%7B%0A%20%20calcBoxDelta%28visualDelta%2C%20node.applyTransform%28measuredLayout%2C%20true%29%2C%20snapshot.measuredBox%29%3B%0A%20%20%7D%20else%20%7B%0A%20%20calcBoxDelta%28visualDelta%2C%20layout%2C%20snapshot.layoutBox%29%3B%0A%20%20%7D%0A%20%20const%20hasLayoutChanged%20%3D%20%21isDeltaZero%28layoutDelta%29%3B%0A%20%20let%20hasRelativeLayoutChanged%20%3D%20false%3B%0A%20%20if%20%28%21node.resumeFrom%29%20%7B%0A%20%20const%20relativeParent%20%3D%20node.getClosestProjectingParent%28%29%3B%0A%20%20%2F%2A%2A%0A%20%20%20%20%20%20%20%20%20%20%20%20%20%20%20%2A%20If%20the%20relativeParent%20is%20itself%20resuming%20from%20a%20different%20element%20then%0A%20%20%20%20%20%20%20%20%20%20%20%20%20%20%20%2A%20the%20relative%20snapshot%20is%20not%20relavent%0A%20%20%20%20%20%20%20%20%20%20%20%20%20%20%20%2A%2F%20if%20%28relativeParent%20%26%26%20%21relativeParent.resumeFrom%29%20%7B%0A%20%20const%20%7B%20snapshot%3A%20parentSnapshot%2C%20layout%3A%20parentLayout%20%7D%20%3D%20relativeParent%3B%0A%20%20if%20%28parentSnapshot%20%26%26%20parentLayout%29%20%7B%0A%20%20const%20anchor%20%3D%20node.options.layoutAnchor%20%7C%7C%20undefined%3B%0A%20%20const%20relativeSnapshot%20%3D%20createBox%28%29%3B%0A%20%20calcRelativePosition%28relativeSnapshot%2C%20snapshot.layoutBox%2C%20parentSnapshot.layoutBox%2C%20anchor%29%3B%0A%20%20const%20relativeLayout%20%3D%20createBox%28%29%3B%0A%20%20calcRelativePosition%28relativeLayout%2C%20layout%2C%20parentLayout.layoutBox%2C%20anchor%29%3B%0A%20%20if%20%28%21boxEqualsRounded%28relativeSnapshot%2C%20relativeLayout%29%29%20%7B%0A%20%20hasRelativeLayoutChanged%20%3D%20true%3B%0A%20%20%7D%0A%20%20if%20%28relativeParent.options.layoutRoot%29%20%7B%0A%20%20node.relativeTarget%20%3D%20relativeLayout%3B%0A%20%20node.relativeTargetOrigin%20%3D%20relativeSnapshot%3B%0A%20%20node.relativeParent%20%3D%20relativeParent%3B%0A%20%20%7D%0A%20%20%7D%0A%20%20%7D%0A%20%20%7D%0A%20%20node.notifyListeners%28%22didUpdate%22%2C%20%7B%0A%20%20layout%2C%0A%20%20snapshot%2C%0A%20%20delta%3A%20visualDelta%2C%0A%20%20layoutDelta%2C%0A%20%20hasLayoutChanged%2C%0A%20%20hasRelativeLayoutChanged%0A%20%20%7D%29%3B%0A%20%20%7D%20else%20if%20%28node.isLead%28%29%29%20%7B%0A%20%20const%20%7B%20onExitComplete%20%7D%20%3D%20node.options%3B%0A%20%20onExitComplete%20%26%26%20onExitComplete%28%29%3B%0A%20%20%7D%0A%20%20%2F%2A%2A%0A%20%20%20%20%20%20%20%2A%20Clearing%20transition%0A%20%20%20%20%20%20%20%2A%20TODO%3A%20Investigate%20why%20this%20transition%20is%20being%20passed%20in%20as%20%7Btype%3A%20false%20%7D%20from%20Framer%0A%20%20%20%20%20%20%20%2A%20and%20why%20we%20need%20it%20at%20all%0A%20%20%20%20%20%20%20%2A%2F%20node.options.transition%20%3D%20undefined%3B%0A%20%20%7D%0A%20%20function%20propagateDirtyNodes%28node%29%20%7B%0A%20%20%2F%2A%2A%0A%20%20%20%20%20%20%20%2A%20Increase%20debug%20counter%20for%20nodes%20encountered%20this%20frame%0A%20%20%20%20%20%20%20%2A%2F%20if%20%28statsBuffer.value%29%20%7B%0A%20%20metrics.nodes%2B%2B%3B%0A%20%20%7D%0A%20%20if%20%28%21node.parent%29%20return%3B%0A%20%20%2F%2A%2A%0A%20%20%20%20%20%20%20%2A%20If%20this%20node%20isn%27t%20projecting%2C%20propagate%20isProjectionDirty.%20It%20will%20have%0A%20%20%20%20%20%20%20%2A%20no%20performance%20impact%20but%20it%20will%20allow%20the%20next%20child%20that%20%2Ais%2A%20projecting%0A%20%20%20%20%20%20%20%2A%20but%20%2Aisn%27t%2A%20dirty%20to%20just%20check%20its%20parent%20to%20see%20if%20%2Aany%2A%20ancestor%20needs%0A%20%20%20%20%20%20%20%2A%20correcting.%0A%20%20%20%20%20%20%20%2A%2F%20if%20%28%21node.isProjecting%28%29%29%20%7B%0A%20%20node.isProjectionDirty%20%3D%20node.parent.isProjectionDirty%3B%0A%20%20%7D%0A%20%20%2F%2A%2A%0A%20%20%20%20%20%20%20%2A%20Propagate%20isSharedProjectionDirty%20and%20isTransformDirty%0A%20%20%20%20%20%20%20%2A%20throughout%20the%20whole%20tree.%20A%20future%20revision%20can%20take%20another%20look%20at%0A%20%20%20%20%20%20%20%2A%20this%20but%20for%20safety%20we%20still%20recalcualte%20shared%20nodes.%0A%20%20%20%20%20%20%20%2A%2F%20node.isSharedProjectionDirty%20%7C%7C%20%28node.isSharedProjectionDirty%20%3D%20Boolean%28node.isProjectionDirty%20%7C%7C%20node.parent.isProjectionDirty%20%7C%7C%20node.parent.isSharedProjectionDirty%29%29%3B%0A%20%20node.isTransformDirty%20%7C%7C%20%28node.isTransformDirty%20%3D%20node.parent.isTransformDirty%29%3B%0A%20%20%7D%0A%20%20function%20cleanDirtyNodes%28node%29%20%7B%0A%20%20node.isProjectionDirty%20%3D%20node.isSharedProjectionDirty%20%3D%20node.isTransformDirty%20%3D%20false%3B%0A%20%20%7D%0A%20%20function%20clearSnapshot%28node%29%20%7B%0A%20%20node.clearSnapshot%28%29%3B%0A%20%20%7D%0A%20%20function%20clearMeasurements%28node%29%20%7B%0A%20%20node.clearMeasurements%28%29%3B%0A%20%20%7D%0A%20%20function%20forceLayoutMeasure%28node%29%20%7B%0A%20%20node.isLayoutDirty%20%3D%20true%3B%0A%20%20node.updateLayout%28%29%3B%0A%20%20%7D%0A%20%20function%20clearIsLayoutDirty%28node%29%20%7B%0A%20%20node.isLayoutDirty%20%3D%20false%3B%0A%20%20%7D%0A%20%20%2F%2A%2A%0A%20%20%20%2A%20When%20a%20node%20is%20animation-blocked%20%28e.g.%20during%20drag%29%20and%20its%20component%0A%20%20%20%2A%20didn%27t%20re-render%20%28memoized%29%2C%20willUpdate%28%29%20is%20never%20called%20so%20there%27s%0A%20%20%20%2A%20no%20snapshot.%20Use%20the%20previous%20layout%20as%20a%20snapshot%20and%20mark%20dirty%20so%0A%20%20%20%2A%20resetTransform%2FupdateLayout%2FnotifyLayoutUpdate%20process%20it%20normally.%0A%20%20%20%2A%2F%20function%20ensureDraggedNodesSnapshotted%28node%29%20%7B%0A%20%20if%20%28node.isAnimationBlocked%20%26%26%20node.layout%20%26%26%20%21node.isLayoutDirty%29%20%7B%0A%20%20node.snapshot%20%3D%20node.layout%3B%0A%20%20node.isLayoutDirty%20%3D%20true%3B%0A%20%20%7D%0A%20%20%7D%0A%20%20function%20resetTransformStyle%28node%29%20%7B%0A%20%20const%20%7B%20visualElement%20%7D%20%3D%20node.options%3B%0A%20%20if%20%28visualElement%20%26%26%20visualElement.getProps%28%29.onBeforeLayoutMeasure%29%20%7B%0A%20%20visualElement.notify%28%22BeforeLayoutMeasure%22%29%3B%0A%20%20%7D%0A%20%20node.resetTransform%28%29%3B%0A%20%20%7D%0A%20%20function%20finishAnimation%28node%29%20%7B%0A%20%20node.finishAnimation%28%29%3B%0A%20%20node.targetDelta%20%3D%20node.relativeTarget%20%3D%20node.target%20%3D%20undefined%3B%0A%20%20node.isProjectionDirty%20%3D%20true%3B%0A%20%20%7D%0A%20%20function%20resolveTargetDelta%28node%29%20%7B%0A%20%20node.resolveTargetDelta%28%29%3B%0A%20%20%7D%0A%20%20function%20calcProjection%28node%29%20%7B%0A%20%20node.calcProjection%28%29%3B%0A%20%20%7D%0A%20%20function%20resetSkewAndRotation%28node%29%20%7B%0A%20%20node.resetSkewAndRotation%28%29%3B%0A%20%20%7D%0A%20%20function%20removeLeadSnapshots%28stack%29%20%7B%0A%20%20stack.removeLeadSnapshot%28%29%3B%0A%20%20%7D%0A%20%20function%20mixAxisDelta%28output%2C%20delta%2C%20p%29%20%7B%0A%20%20output.translate%20%3D%20mixNumber%28delta.translate%2C%200%2C%20p%29%3B%0A%20%20output.scale%20%3D%20mixNumber%28delta.scale%2C%201%2C%20p%29%3B%0A%20%20output.origin%20%3D%20delta.origin%3B%0A%20%20output.originPoint%20%3D%20delta.originPoint%3B%0A%20%20%7D%0A%20%20function%20mixAxis%28output%2C%20from%2C%20to%2C%20p%29%20%7B%0A%20%20output.min%20%3D%20mixNumber%28from.min%2C%20to.min%2C%20p%29%3B%0A%20%20output.max%20%3D%20mixNumber%28from.max%2C%20to.max%2C%20p%29%3B%0A%20%20%7D%0A%20%20function%20mixBox%28output%2C%20from%2C%20to%2C%20p%29%20%7B%0A%20%20mixAxis%28output.x%2C%20from.x%2C%20to.x%2C%20p%29%3B%0A%20%20mixAxis%28output.y%2C%20from.y%2C%20to.y%2C%20p%29%3B%0A%20%20%7D%0A%20%20function%20hasOpacityCrossfade%28node%29%20%7B%0A%20%20return%20node.animationValues%20%26%26%20node.animationValues.opacityExit%20%21%3D%3D%20undefined%3B%0A%20%20%7D%0A%20%20const%20defaultLayoutTransition%20%3D%20%7B%0A%20%20duration%3A%200.45%2C%0A%20%20ease%3A%20%5B%0A%20%200.4%2C%0A%20%200%2C%0A%20%200.1%2C%0A%20%201%0A%20%20%5D%0A%20%20%7D%3B%0A%20%20const%20userAgentContains%20%3D%20%28string%29%3D%3Etypeof%20navigator%20%21%3D%3D%20%22undefined%22%20%26%26%20navigator.userAgent%20%26%26%20navigator.userAgent.toLowerCase%28%29.includes%28string%29%3B%0A%20%20%2F%2A%2A%0A%20%20%20%2A%20Measured%20bounding%20boxes%20must%20be%20rounded%20in%20Safari%20and%0A%20%20%20%2A%20left%20untouched%20in%20Chrome%2C%20otherwise%20non-integer%20layouts%20within%20scaled-up%20elements%0A%20%20%20%2A%20can%20appear%20to%20jump.%0A%20%20%20%2A%2F%20const%20roundPoint%20%3D%20userAgentContains%28%22applewebkit%2F%22%29%20%26%26%20%21userAgentContains%28%22chrome%2F%22%29%20%3F%20Math.round%20%3A%20noop%3B%0A%20%20function%20roundAxis%28axis%29%20%7B%0A%20%20%2F%2F%20Round%20to%20the%20nearest%20.5%20pixels%20to%20support%20subpixel%20layouts%0A%20%20axis.min%20%3D%20roundPoint%28axis.min%29%3B%0A%20%20axis.max%20%3D%20roundPoint%28axis.max%29%3B%0A%20%20%7D%0A%20%20function%20roundBox%28box%29%20%7B%0A%20%20roundAxis%28box.x%29%3B%0A%20%20roundAxis%28box.y%29%3B%0A%20%20%7D%0A%20%20function%20shouldAnimatePositionOnly%28animationType%2C%20snapshot%2C%20layout%29%20%7B%0A%20%20return%20animationType%20%3D%3D%3D%20%22position%22%20%7C%7C%20animationType%20%3D%3D%3D%20%22preserve-aspect%22%20%26%26%20%21isNear%28aspectRatio%28snapshot%29%2C%20aspectRatio%28layout%29%2C%200.2%29%3B%0A%20%20%7D%0A%20%20function%20checkNodeWasScrollRoot%28node%29%20%7B%0A%20%20return%20node%20%21%3D%3D%20node.root%20%26%26%20node.scroll%3F.wasRoot%3B%0A%20%20%7D%0A%20%20%3B%0A%20%20%3B%0A%20%20%3B%0A%20%20const%20DocumentProjectionNode%20%3D%20createProjectionNode%28%7B%0A%20%20attachResizeListener%3A%20%28ref%2C%20notify%29%3D%3EaddDomEvent%28ref%2C%20%22resize%22%2C%20notify%29%2C%0A%20%20measureScroll%3A%20%28%29%3D%3E%28%7B%0A%20%20x%3A%20document.documentElement.scrollLeft%20%7C%7C%20document.body%3F.scrollLeft%20%7C%7C%200%2C%0A%20%20y%3A%20document.documentElement.scrollTop%20%7C%7C%20document.body%3F.scrollTop%20%7C%7C%200%0A%20%20%7D%29%2C%0A%20%20checkIsScrollRoot%3A%20%28%29%3D%3Etrue%0A%20%20%7D%29%3B%0A%20%20%3B%0A%20%20%3B%0A%20%20%3B%0A%20%20const%20rootProjectionNode%20%3D%20%7B%0A%20%20current%3A%20undefined%0A%20%20%7D%3B%0A%20%20const%20HTMLProjectionNode%20%3D%20createProjectionNode%28%7B%0A%20%20measureScroll%3A%20%28instance%29%3D%3E%28%7B%0A%20%20x%3A%20instance.scrollLeft%2C%0A%20%20y%3A%20instance.scrollTop%0A%20%20%7D%29%2C%0A%20%20defaultParent%3A%20%28%29%3D%3E%7B%0A%20%20if%20%28%21rootProjectionNode.current%29%20%7B%0A%20%20const%20documentNode%20%3D%20new%20DocumentProjectionNode%28%7B%7D%29%3B%0A%20%20documentNode.mount%28window%29%3B%0A%20%20documentNode.setOptions%28%7B%0A%20%20layoutScroll%3A%20true%0A%20%20%7D%29%3B%0A%20%20rootProjectionNode.current%20%3D%20documentNode%3B%0A%20%20%7D%0A%20%20return%20rootProjectionNode.current%3B%0A%20%20%7D%2C%0A%20%20resetTransform%3A%20%28instance%2C%20value%29%3D%3E%7B%0A%20%20instance.style.transform%20%3D%20value%20%21%3D%3D%20undefined%20%3F%20value%20%3A%20%22none%22%3B%0A%20%20%7D%2C%0A%20%20checkIsScrollRoot%3A%20%28instance%29%3D%3EBoolean%28window.getComputedStyle%28instance%29.position%20%3D%3D%3D%20%22fixed%22%29%0A%20%20%7D%29%3B%0A%20%20%3B%0A%20%20%3B%0A%20%20%3B%0A%20%20%3B%0A%20%20%3B%0A%20%20const%20drag%20%3D%20%7B%0A%20%20pan%3A%20%7B%0A%20%20Feature%3A%20PanGesture%0A%20%20%7D%2C%0A%20%20drag%3A%20%7B%0A%20%20Feature%3A%20DragGesture%2C%0A%20%20ProjectionNode%3A%20HTMLProjectionNode%2C%0A%20%20MeasureLayout%3A%20MeasureLayout%0A%20%20%7D%0A%20%20%7D%3B%0A%20%20%3B%0A%20%20%3B%0A%20%20function%20setupGesture%28elementOrSelector%2C%20options%29%20%7B%0A%20%20const%20elements%20%3D%20resolveElements%28elementOrSelector%29%3B%0A%20%20const%20gestureAbortController%20%3D%20new%20AbortController%28%29%3B%0A%20%20const%20eventOptions%20%3D%20%7B%0A%20%20passive%3A%20true%2C%0A%20%20...options%2C%0A%20%20signal%3A%20gestureAbortController.signal%0A%20%20%7D%3B%0A%20%20const%20cancel%20%3D%20%28%29%3D%3EgestureAbortController.abort%28%29%3B%0A%20%20return%20%5B%0A%20%20elements%2C%0A%20%20eventOptions%2C%0A%20%20cancel%0A%20%20%5D%3B%0A%20%20%7D%0A%20%20%3B%0A%20%20%3B%0A%20%20%3B%0A%20%20function%20isValidHover%28event1%29%20%7B%0A%20%20return%20%21%28event1.pointerType%20%3D%3D%3D%20%22touch%22%20%7C%7C%20isDragActive%28%29%29%3B%0A%20%20%7D%0A%20%20%2F%2A%2A%0A%20%20%20%2A%20Create%20a%20hover%20gesture.%20hover%28%29%20is%20different%20to%20.addEventListener%28%22pointerenter%22%29%0A%20%20%20%2A%20in%20that%20it%20has%20an%20easier%20syntax%2C%20filters%20out%20polyfilled%20touch%20events%2C%20interoperates%0A%20%20%20%2A%20with%20drag%20gestures%2C%20and%20automatically%20removes%20the%20%22pointerennd%22%20event%20listener%20when%20the%20hover%20ends.%0A%20%20%20%2A%0A%20%20%20%2A%20%40public%0A%20%20%20%2A%2F%20function%20hover%28elementOrSelector%2C%20onHoverStart%2C%20options%20%3D%20%7B%7D%29%20%7B%0A%20%20const%20%5Belements%2C%20eventOptions%2C%20cancel%5D%20%3D%20setupGesture%28elementOrSelector%2C%20options%29%3B%0A%20%20elements.forEach%28%28element%29%3D%3E%7B%0A%20%20let%20isPressed%20%3D%20false%3B%0A%20%20let%20deferredHoverEnd%20%3D%20false%3B%0A%20%20let%20hoverEndCallback%3B%0A%20%20const%20removePointerLeave%20%3D%20%28%29%3D%3E%7B%0A%20%20element.removeEventListener%28%22pointerleave%22%2C%20onPointerLeave%29%3B%0A%20%20%7D%3B%0A%20%20const%20endHover%20%3D%20%28event1%29%3D%3E%7B%0A%20%20if%20%28hoverEndCallback%29%20%7B%0A%20%20hoverEndCallback%28event1%29%3B%0A%20%20hoverEndCallback%20%3D%20undefined%3B%0A%20%20%7D%0A%20%20removePointerLeave%28%29%3B%0A%20%20%7D%3B%0A%20%20const%20onPointerUp%20%3D%20%28event1%29%3D%3E%7B%0A%20%20isPressed%20%3D%20false%3B%0A%20%20window.removeEventListener%28%22pointerup%22%2C%20onPointerUp%29%3B%0A%20%20window.removeEventListener%28%22pointercancel%22%2C%20onPointerUp%29%3B%0A%20%20if%20%28deferredHoverEnd%29%20%7B%0A%20%20deferredHoverEnd%20%3D%20false%3B%0A%20%20endHover%28event1%29%3B%0A%20%20%7D%0A%20%20%7D%3B%0A%20%20const%20onPointerDown%20%3D%20%28%29%3D%3E%7B%0A%20%20isPressed%20%3D%20true%3B%0A%20%20window.addEventListener%28%22pointerup%22%2C%20onPointerUp%2C%20eventOptions%29%3B%0A%20%20window.addEventListener%28%22pointercancel%22%2C%20onPointerUp%2C%20eventOptions%29%3B%0A%20%20%7D%3B%0A%20%20const%20onPointerLeave%20%3D%20%28leaveEvent%29%3D%3E%7B%0A%20%20if%20%28leaveEvent.pointerType%20%3D%3D%3D%20%22touch%22%29%20return%3B%0A%20%20if%20%28isPressed%29%20%7B%0A%20%20deferredHoverEnd%20%3D%20true%3B%0A%20%20return%3B%0A%20%20%7D%0A%20%20endHover%28leaveEvent%29%3B%0A%20%20%7D%3B%0A%20%20const%20onPointerEnter%20%3D%20%28enterEvent%29%3D%3E%7B%0A%20%20if%20%28%21isValidHover%28enterEvent%29%29%20return%3B%0A%20%20deferredHoverEnd%20%3D%20false%3B%0A%20%20const%20onHoverEnd%20%3D%20onHoverStart%28element%2C%20enterEvent%29%3B%0A%20%20if%20%28typeof%20onHoverEnd%20%21%3D%3D%20%22function%22%29%20return%3B%0A%20%20hoverEndCallback%20%3D%20onHoverEnd%3B%0A%20%20element.addEventListener%28%22pointerleave%22%2C%20onPointerLeave%2C%20eventOptions%29%3B%0A%20%20%7D%3B%0A%20%20element.addEventListener%28%22pointerenter%22%2C%20onPointerEnter%2C%20eventOptions%29%3B%0A%20%20element.addEventListener%28%22pointerdown%22%2C%20onPointerDown%2C%20eventOptions%29%3B%0A%20%20%7D%29%3B%0A%20%20return%20cancel%3B%0A%20%20%7D%0A%20%20%3B%0A%20%20%3B%0A%20%20%3B%0A%20%20function%20handleHoverEvent%28node%2C%20event1%2C%20lifecycle%29%20%7B%0A%20%20const%20%7B%20props%20%7D%20%3D%20node%3B%0A%20%20if%20%28node.animationState%20%26%26%20props.whileHover%29%20%7B%0A%20%20node.animationState.setActive%28%22whileHover%22%2C%20lifecycle%20%3D%3D%3D%20%22Start%22%29%3B%0A%20%20%7D%0A%20%20const%20eventName%20%3D%20%22onHover%22%20%2B%20lifecycle%3B%0A%20%20const%20callback%20%3D%20props%5BeventName%5D%3B%0A%20%20if%20%28callback%29%20%7B%0A%20%20frame.postRender%28%28%29%3D%3Ecallback%28event1%2C%20extractEventInfo%28event1%29%29%29%3B%0A%20%20%7D%0A%20%20%7D%0A%20%20class%20HoverGesture%20extends%20Feature%20%7B%0A%20%20mount%28%29%20%7B%0A%20%20const%20%7B%20current%20%7D%20%3D%20this.node%3B%0A%20%20if%20%28%21current%29%20return%3B%0A%20%20this.unmount%20%3D%20hover%28current%2C%20%28_element%2C%20startEvent%29%3D%3E%7B%0A%20%20handleHoverEvent%28this.node%2C%20startEvent%2C%20%22Start%22%29%3B%0A%20%20return%20%28endEvent%29%3D%3EhandleHoverEvent%28this.node%2C%20endEvent%2C%20%22End%22%29%3B%0A%20%20%7D%29%3B%0A%20%20%7D%0A%20%20unmount%28%29%20%7B%7D%0A%20%20%7D%0A%20%20%3B%0A%20%20%3B%0A%20%20%3B%0A%20%20class%20FocusGesture%20extends%20Feature%20%7B%0A%20%20constructor%28%29%7B%0A%20%20super%28...arguments%29%3B%0A%20%20this.isActive%20%3D%20false%3B%0A%20%20%7D%0A%20%20onFocus%28%29%20%7B%0A%20%20let%20isFocusVisible%20%3D%20false%3B%0A%20%20%2F%2A%2A%0A%20%20%20%20%20%20%20%20%20%20%20%2A%20If%20this%20element%20doesn%27t%20match%20focus-visible%20then%20don%27t%0A%20%20%20%20%20%20%20%20%20%20%20%2A%20apply%20whileHover.%20But%2C%20if%20matches%20throws%20that%20focus-visible%0A%20%20%20%20%20%20%20%20%20%20%20%2A%20is%20not%20a%20valid%20selector%20then%20in%20that%20browser%20outline%20styles%20will%20be%20applied%0A%20%20%20%20%20%20%20%20%20%20%20%2A%20to%20the%20element%20by%20default%20and%20we%20want%20to%20match%20that%20behaviour%20with%20whileFocus.%0A%20%20%20%20%20%20%20%20%20%20%20%2A%2F%20try%20%7B%0A%20%20isFocusVisible%20%3D%20this.node.current.matches%28%22%3Afocus-visible%22%29%3B%0A%20%20%7D%20catch%20%28e%29%20%7B%0A%20%20isFocusVisible%20%3D%20true%3B%0A%20%20%7D%0A%20%20if%20%28%21isFocusVisible%20%7C%7C%20%21this.node.animationState%29%20return%3B%0A%20%20this.node.animationState.setActive%28%22whileFocus%22%2C%20true%29%3B%0A%20%20this.isActive%20%3D%20true%3B%0A%20%20%7D%0A%20%20onBlur%28%29%20%7B%0A%20%20if%20%28%21this.isActive%20%7C%7C%20%21this.node.animationState%29%20return%3B%0A%20%20this.node.animationState.setActive%28%22whileFocus%22%2C%20false%29%3B%0A%20%20this.isActive%20%3D%20false%3B%0A%20%20%7D%0A%20%20mount%28%29%20%7B%0A%20%20this.unmount%20%3D%20pipe%28addDomEvent%28this.node.current%2C%20%22focus%22%2C%20%28%29%3D%3Ethis.onFocus%28%29%29%2C%20addDomEvent%28this.node.current%2C%20%22blur%22%2C%20%28%29%3D%3Ethis.onBlur%28%29%29%29%3B%0A%20%20%7D%0A%20%20unmount%28%29%20%7B%7D%0A%20%20%7D%0A%20%20%3B%0A%20%20%3B%0A%20%20%2F%2A%2A%0A%20%20%20%2A%20Checks%20if%20an%20element%20is%20an%20HTML%20element%20in%20a%20way%0A%20%20%20%2A%20that%20works%20across%20iframes%0A%20%20%20%2A%2F%20function%20isHTMLElement%28element%29%20%7B%0A%20%20return%20isObject3%28element%29%20%26%26%20%22offsetHeight%22%20in%20element%20%26%26%20%21%28%22ownerSVGElement%22%20in%20element%29%3B%0A%20%20%7D%0A%20%20%3B%0A%20%20%2F%2A%2A%0A%20%20%20%2A%20Recursively%20traverse%20up%20the%20tree%20to%20check%20whether%20the%20provided%20child%20node%0A%20%20%20%2A%20is%20the%20parent%20or%20a%20descendant%20of%20it.%0A%20%20%20%2A%0A%20%20%20%2A%20%40param%20parent%20-%20Element%20to%20find%0A%20%20%20%2A%20%40param%20child%20-%20Element%20to%20test%20against%20parent%0A%20%20%20%2A%2F%20const%20isNodeOrChild%20%3D%20%28parent%2C%20child%29%3D%3E%7B%0A%20%20if%20%28%21child%29%20%7B%0A%20%20return%20false%3B%0A%20%20%7D%20else%20if%20%28parent%20%3D%3D%3D%20child%29%20%7B%0A%20%20return%20true%3B%0A%20%20%7D%20else%20%7B%0A%20%20return%20isNodeOrChild%28parent%2C%20child.parentElement%29%3B%0A%20%20%7D%0A%20%20%7D%3B%0A%20%20%3B%0A%20%20const%20isPressing%20%3D%20new%20WeakSet%28%29%3B%0A%20%20%3B%0A%20%20%3B%0A%20%20%2F%2A%2A%0A%20%20%20%2A%20Filter%20out%20events%20that%20are%20not%20%22Enter%22%20keys.%0A%20%20%20%2A%2F%20function%20filterEvents%28callback%29%20%7B%0A%20%20return%20%28event1%29%3D%3E%7B%0A%20%20if%20%28event1.key%20%21%3D%3D%20%22Enter%22%29%20return%3B%0A%20%20callback%28event1%29%3B%0A%20%20%7D%3B%0A%20%20%7D%0A%20%20function%20firePointerEvent%28target%2C%20type%29%20%7B%0A%20%20target.dispatchEvent%28new%20PointerEvent%28%22pointer%22%20%2B%20type%2C%20%7B%0A%20%20isPrimary%3A%20true%2C%0A%20%20bubbles%3A%20true%0A%20%20%7D%29%29%3B%0A%20%20%7D%0A%20%20const%20enableKeyboardPress%20%3D%20%28focusEvent%2C%20eventOptions%29%3D%3E%7B%0A%20%20const%20element%20%3D%20focusEvent.currentTarget%3B%0A%20%20if%20%28%21element%29%20return%3B%0A%20%20const%20handleKeydown%20%3D%20filterEvents%28%28%29%3D%3E%7B%0A%20%20if%20%28isPressing.has%28element%29%29%20return%3B%0A%20%20firePointerEvent%28element%2C%20%22down%22%29%3B%0A%20%20const%20handleKeyup%20%3D%20filterEvents%28%28%29%3D%3E%7B%0A%20%20firePointerEvent%28element%2C%20%22up%22%29%3B%0A%20%20%7D%29%3B%0A%20%20const%20handleBlur%20%3D%20%28%29%3D%3EfirePointerEvent%28element%2C%20%22cancel%22%29%3B%0A%20%20element.addEventListener%28%22keyup%22%2C%20handleKeyup%2C%20eventOptions%29%3B%0A%20%20element.addEventListener%28%22blur%22%2C%20handleBlur%2C%20eventOptions%29%3B%0A%20%20%7D%29%3B%0A%20%20element.addEventListener%28%22keydown%22%2C%20handleKeydown%2C%20eventOptions%29%3B%0A%20%20%2F%2A%2A%0A%20%20%20%20%20%20%20%2A%20Add%20an%20event%20listener%20that%20fires%20on%20blur%20to%20remove%20the%20keydown%20events.%0A%20%20%20%20%20%20%20%2A%2F%20element.addEventListener%28%22blur%22%2C%20%28%29%3D%3Eelement.removeEventListener%28%22keydown%22%2C%20handleKeydown%29%2C%20eventOptions%29%3B%0A%20%20%7D%3B%0A%20%20%3B%0A%20%20%3B%0A%20%20%3B%0A%20%20%3B%0A%20%20%3B%0A%20%20%3B%0A%20%20%3B%0A%20%20%3B%0A%20%20%3B%0A%20%20%2F%2A%2A%0A%20%20%20%2A%20Filter%20out%20events%20that%20are%20not%20primary%20pointer%20events%2C%20or%20are%20triggering%0A%20%20%20%2A%20while%20a%20Motion%20gesture%20is%20active.%0A%20%20%20%2A%2F%20function%20isValidPressEvent%28event1%29%20%7B%0A%20%20return%20isPrimaryPointer%28event1%29%20%26%26%20%21isDragActive%28%29%3B%0A%20%20%7D%0A%20%20const%20claimedPointerDownEvents%20%3D%20new%20WeakSet%28%29%3B%0A%20%20%2F%2A%2A%0A%20%20%20%2A%20Create%20a%20press%20gesture.%0A%20%20%20%2A%0A%20%20%20%2A%20Press%20is%20different%20to%20%60%22pointerdown%22%60%2C%20%60%22pointerup%22%60%20in%20that%20it%0A%20%20%20%2A%20automatically%20filters%20out%20secondary%20pointer%20events%20like%20right%0A%20%20%20%2A%20click%20and%20multitouch.%0A%20%20%20%2A%0A%20%20%20%2A%20It%20also%20adds%20accessibility%20support%20for%20keyboards%2C%20where%0A%20%20%20%2A%20an%20element%20with%20a%20press%20gesture%20will%20receive%20focus%20and%0A%20%20%20%2A%20%20trigger%20on%20Enter%20%60%22keydown%22%60%20and%20%60%22keyup%22%60%20events.%0A%20%20%20%2A%0A%20%20%20%2A%20This%20is%20different%20to%20a%20browser%27s%20%60%22click%22%60%20event%2C%20which%20does%0A%20%20%20%2A%20respond%20to%20keyboards%20but%20only%20for%20the%20%60%22click%22%60%20itself%2C%20rather%0A%20%20%20%2A%20than%20the%20press%20start%20and%20end%2Fcancel.%20The%20element%20also%20needs%0A%20%20%20%2A%20to%20be%20focusable%20for%20this%20to%20work%2C%20whereas%20a%20press%20gesture%20will%0A%20%20%20%2A%20make%20an%20element%20focusable%20by%20default.%0A%20%20%20%2A%0A%20%20%20%2A%20%40public%0A%20%20%20%2A%2F%20function%20press%28targetOrSelector%2C%20onPressStart%2C%20options%20%3D%20%7B%7D%29%20%7B%0A%20%20const%20%5Btargets%2C%20eventOptions%2C%20cancelEvents%5D%20%3D%20setupGesture%28targetOrSelector%2C%20options%29%3B%0A%20%20const%20startPress%20%3D%20%28startEvent%29%3D%3E%7B%0A%20%20const%20target%20%3D%20startEvent.currentTarget%3B%0A%20%20if%20%28%21isValidPressEvent%28startEvent%29%29%20return%3B%0A%20%20if%20%28claimedPointerDownEvents.has%28startEvent%29%29%20return%3B%0A%20%20isPressing.add%28target%29%3B%0A%20%20if%20%28options.stopPropagation%29%20%7B%0A%20%20claimedPointerDownEvents.add%28startEvent%29%3B%0A%20%20%7D%0A%20%20const%20onPressEnd%20%3D%20onPressStart%28target%2C%20startEvent%29%3B%0A%20%20const%20onPointerEnd%20%3D%20%28endEvent%2C%20success%29%3D%3E%7B%0A%20%20window.removeEventListener%28%22pointerup%22%2C%20onPointerUp%29%3B%0A%20%20window.removeEventListener%28%22pointercancel%22%2C%20onPointerCancel%29%3B%0A%20%20if%20%28isPressing.has%28target%29%29%20%7B%0A%20%20isPressing.delete%28target%29%3B%0A%20%20%7D%0A%20%20if%20%28%21isValidPressEvent%28endEvent%29%29%20%7B%0A%20%20return%3B%0A%20%20%7D%0A%20%20if%20%28typeof%20onPressEnd%20%3D%3D%3D%20%22function%22%29%20%7B%0A%20%20onPressEnd%28endEvent%2C%20%7B%0A%20%20success%0A%20%20%7D%29%3B%0A%20%20%7D%0A%20%20%7D%3B%0A%20%20const%20onPointerUp%20%3D%20%28upEvent%29%3D%3E%7B%0A%20%20onPointerEnd%28upEvent%2C%20target%20%3D%3D%3D%20window%20%7C%7C%20target%20%3D%3D%3D%20document%20%7C%7C%20options.useGlobalTarget%20%7C%7C%20isNodeOrChild%28target%2C%20upEvent.target%29%29%3B%0A%20%20%7D%3B%0A%20%20const%20onPointerCancel%20%3D%20%28cancelEvent%29%3D%3E%7B%0A%20%20onPointerEnd%28cancelEvent%2C%20false%29%3B%0A%20%20%7D%3B%0A%20%20window.addEventListener%28%22pointerup%22%2C%20onPointerUp%2C%20eventOptions%29%3B%0A%20%20window.addEventListener%28%22pointercancel%22%2C%20onPointerCancel%2C%20eventOptions%29%3B%0A%20%20%7D%3B%0A%20%20targets.forEach%28%28target%29%3D%3E%7B%0A%20%20const%20pointerDownTarget%20%3D%20options.useGlobalTarget%20%3F%20window%20%3A%20target%3B%0A%20%20pointerDownTarget.addEventListener%28%22pointerdown%22%2C%20startPress%2C%20eventOptions%29%3B%0A%20%20if%20%28isHTMLElement%28target%29%29%20%7B%0A%20%20target.addEventListener%28%22focus%22%2C%20%28event1%29%3D%3EenableKeyboardPress%28event1%2C%20eventOptions%29%29%3B%0A%20%20if%20%28%21isElementKeyboardAccessible%28target%29%20%26%26%20%21target.hasAttribute%28%22tabindex%22%29%29%20%7B%0A%20%20target.tabIndex%20%3D%200%3B%0A%20%20%7D%0A%20%20%7D%0A%20%20%7D%29%3B%0A%20%20return%20cancelEvents%3B%0A%20%20%7D%0A%20%20%3B%0A%20%20%3B%0A%20%20%3B%0A%20%20function%20handlePressEvent%28node%2C%20event1%2C%20lifecycle%29%20%7B%0A%20%20const%20%7B%20props%20%7D%20%3D%20node%3B%0A%20%20if%20%28node.current%20instanceof%20HTMLButtonElement%20%26%26%20node.current.disabled%29%20%7B%0A%20%20return%3B%0A%20%20%7D%0A%20%20if%20%28node.animationState%20%26%26%20props.whileTap%29%20%7B%0A%20%20node.animationState.setActive%28%22whileTap%22%2C%20lifecycle%20%3D%3D%3D%20%22Start%22%29%3B%0A%20%20%7D%0A%20%20const%20eventName%20%3D%20%22onTap%22%20%2B%20%28lifecycle%20%3D%3D%3D%20%22End%22%20%3F%20%22%22%20%3A%20lifecycle%29%3B%0A%20%20const%20callback%20%3D%20props%5BeventName%5D%3B%0A%20%20if%20%28callback%29%20%7B%0A%20%20frame.postRender%28%28%29%3D%3Ecallback%28event1%2C%20extractEventInfo%28event1%29%29%29%3B%0A%20%20%7D%0A%20%20%7D%0A%20%20class%20PressGesture%20extends%20Feature%20%7B%0A%20%20mount%28%29%20%7B%0A%20%20const%20%7B%20current%20%7D%20%3D%20this.node%3B%0A%20%20if%20%28%21current%29%20return%3B%0A%20%20const%20%7B%20globalTapTarget%2C%20propagate%20%7D%20%3D%20this.node.props%3B%0A%20%20this.unmount%20%3D%20press%28current%2C%20%28_element%2C%20startEvent%29%3D%3E%7B%0A%20%20handlePressEvent%28this.node%2C%20startEvent%2C%20%22Start%22%29%3B%0A%20%20return%20%28endEvent%2C%20%7B%20success%20%7D%29%3D%3EhandlePressEvent%28this.node%2C%20endEvent%2C%20success%20%3F%20%22End%22%20%3A%20%22Cancel%22%29%3B%0A%20%20%7D%2C%20%7B%0A%20%20useGlobalTarget%3A%20globalTapTarget%2C%0A%20%20stopPropagation%3A%20propagate%3F.tap%20%3D%3D%3D%20false%0A%20%20%7D%29%3B%0A%20%20%7D%0A%20%20unmount%28%29%20%7B%7D%0A%20%20%7D%0A%20%20%3B%0A%20%20%2F%2A%2A%0A%20%20%20%2A%20Map%20an%20IntersectionHandler%20callback%20to%20an%20element.%20We%20only%20ever%20make%20one%20handler%20for%20one%0A%20%20%20%2A%20element%2C%20so%20even%20though%20these%20handlers%20might%20all%20be%20triggered%20by%20different%0A%20%20%20%2A%20observers%2C%20we%20can%20keep%20them%20in%20the%20same%20map.%0A%20%20%20%2A%2F%20const%20observerCallbacks%20%3D%20new%20WeakMap%28%29%3B%0A%20%20%2F%2A%2A%0A%20%20%20%2A%20Multiple%20observers%20can%20be%20created%20for%20multiple%20element%2Fdocument%20roots.%20Each%20with%0A%20%20%20%2A%20different%20settings.%20So%20here%20we%20store%20dictionaries%20of%20observers%20to%20each%20root%2C%0A%20%20%20%2A%20using%20serialised%20settings%20%28threshold%2Fmargin%29%20as%20lookup%20keys.%0A%20%20%20%2A%2F%20const%20observers%20%3D%20new%20WeakMap%28%29%3B%0A%20%20const%20fireObserverCallback%20%3D%20%28entry%29%3D%3E%7B%0A%20%20const%20callback%20%3D%20observerCallbacks.get%28entry.target%29%3B%0A%20%20callback%20%26%26%20callback%28entry%29%3B%0A%20%20%7D%3B%0A%20%20const%20fireAllObserverCallbacks%20%3D%20%28entries%29%3D%3E%7B%0A%20%20entries.forEach%28fireObserverCallback%29%3B%0A%20%20%7D%3B%0A%20%20function%20initIntersectionObserver%28%7B%20root%2C%20...options%20%7D%29%20%7B%0A%20%20const%20lookupRoot%20%3D%20root%20%7C%7C%20document%3B%0A%20%20%2F%2A%2A%0A%20%20%20%20%20%20%20%2A%20If%20we%20don%27t%20have%20an%20observer%20lookup%20map%20for%20this%20root%2C%20create%20one.%0A%20%20%20%20%20%20%20%2A%2F%20if%20%28%21observers.has%28lookupRoot%29%29%20%7B%0A%20%20observers.set%28lookupRoot%2C%20%7B%7D%29%3B%0A%20%20%7D%0A%20%20const%20rootObservers%20%3D%20observers.get%28lookupRoot%29%3B%0A%20%20const%20key%20%3D%20JSON.stringify%28options%29%3B%0A%20%20%2F%2A%2A%0A%20%20%20%20%20%20%20%2A%20If%20we%20don%27t%20have%20an%20observer%20for%20this%20combination%20of%20root%20and%20settings%2C%0A%20%20%20%20%20%20%20%2A%20create%20one.%0A%20%20%20%20%20%20%20%2A%2F%20if%20%28%21rootObservers%5Bkey%5D%29%20%7B%0A%20%20rootObservers%5Bkey%5D%20%3D%20new%20IntersectionObserver%28fireAllObserverCallbacks%2C%20%7B%0A%20%20root%2C%0A%20%20...options%0A%20%20%7D%29%3B%0A%20%20%7D%0A%20%20return%20rootObservers%5Bkey%5D%3B%0A%20%20%7D%0A%20%20function%20observeIntersection%28element%2C%20options%2C%20callback%29%20%7B%0A%20%20const%20rootInteresectionObserver%20%3D%20initIntersectionObserver%28options%29%3B%0A%20%20observerCallbacks.set%28element%2C%20callback%29%3B%0A%20%20rootInteresectionObserver.observe%28element%29%3B%0A%20%20return%20%28%29%3D%3E%7B%0A%20%20observerCallbacks.delete%28element%29%3B%0A%20%20rootInteresectionObserver.unobserve%28element%29%3B%0A%20%20%7D%3B%0A%20%20%7D%0A%20%20%3B%0A%20%20%3B%0A%20%20%3B%0A%20%20const%20thresholdNames%20%3D%20%7B%0A%20%20some%3A%200%2C%0A%20%20all%3A%201%0A%20%20%7D%3B%0A%20%20class%20InViewFeature%20extends%20Feature%20%7B%0A%20%20constructor%28%29%7B%0A%20%20super%28...arguments%29%3B%0A%20%20this.hasEnteredView%20%3D%20false%3B%0A%20%20this.isInView%20%3D%20false%3B%0A%20%20%7D%0A%20%20startObserver%28%29%20%7B%0A%20%20this.stopObserver%3F.%28%29%3B%0A%20%20const%20%7B%20viewport%20%3D%20%7B%7D%20%7D%20%3D%20this.node.getProps%28%29%3B%0A%20%20const%20%7B%20root%2C%20margin%3A%20rootMargin%2C%20amount%20%3D%20%22some%22%2C%20once%20%7D%20%3D%20viewport%3B%0A%20%20const%20options%20%3D%20%7B%0A%20%20root%3A%20root%20%3F%20root.current%20%3A%20undefined%2C%0A%20%20rootMargin%2C%0A%20%20threshold%3A%20typeof%20amount%20%3D%3D%3D%20%22number%22%20%3F%20amount%20%3A%20thresholdNames%5Bamount%5D%0A%20%20%7D%3B%0A%20%20const%20onIntersectionUpdate%20%3D%20%28entry%29%3D%3E%7B%0A%20%20const%20%7B%20isIntersecting%20%7D%20%3D%20entry%3B%0A%20%20%2F%2A%2A%0A%20%20%20%20%20%20%20%20%20%20%20%20%20%20%20%2A%20If%20there%27s%20been%20no%20change%20in%20the%20viewport%20state%2C%20early%20return.%0A%20%20%20%20%20%20%20%20%20%20%20%20%20%20%20%2A%2F%20if%20%28this.isInView%20%3D%3D%3D%20isIntersecting%29%20return%3B%0A%20%20this.isInView%20%3D%20isIntersecting%3B%0A%20%20%2F%2A%2A%0A%20%20%20%20%20%20%20%20%20%20%20%20%20%20%20%2A%20Handle%20hasEnteredView.%20If%20this%20is%20only%20meant%20to%20run%20once%2C%20and%0A%20%20%20%20%20%20%20%20%20%20%20%20%20%20%20%2A%20element%20isn%27t%20visible%2C%20early%20return.%20Otherwise%20set%20hasEnteredView%20to%20true.%0A%20%20%20%20%20%20%20%20%20%20%20%20%20%20%20%2A%2F%20if%20%28once%20%26%26%20%21isIntersecting%20%26%26%20this.hasEnteredView%29%20%7B%0A%20%20return%3B%0A%20%20%7D%20else%20if%20%28isIntersecting%29%20%7B%0A%20%20this.hasEnteredView%20%3D%20true%3B%0A%20%20%7D%0A%20%20if%20%28this.node.animationState%29%20%7B%0A%20%20this.node.animationState.setActive%28%22whileInView%22%2C%20isIntersecting%29%3B%0A%20%20%7D%0A%20%20%2F%2A%2A%0A%20%20%20%20%20%20%20%20%20%20%20%20%20%20%20%2A%20Use%20the%20latest%20committed%20props%20rather%20than%20the%20ones%20in%20scope%0A%20%20%20%20%20%20%20%20%20%20%20%20%20%20%20%2A%20when%20this%20observer%20is%20created%0A%20%20%20%20%20%20%20%20%20%20%20%20%20%20%20%2A%2F%20const%20%7B%20onViewportEnter%2C%20onViewportLeave%20%7D%20%3D%20this.node.getProps%28%29%3B%0A%20%20const%20callback%20%3D%20isIntersecting%20%3F%20onViewportEnter%20%3A%20onViewportLeave%3B%0A%20%20callback%20%26%26%20callback%28entry%29%3B%0A%20%20%7D%3B%0A%20%20this.stopObserver%20%3D%20observeIntersection%28this.node.current%2C%20options%2C%20onIntersectionUpdate%29%3B%0A%20%20%7D%0A%20%20mount%28%29%20%7B%0A%20%20this.startObserver%28%29%3B%0A%20%20%7D%0A%20%20update%28%29%20%7B%0A%20%20if%20%28typeof%20IntersectionObserver%20%3D%3D%3D%20%22undefined%22%29%20return%3B%0A%20%20const%20%7B%20props%2C%20prevProps%20%7D%20%3D%20this.node%3B%0A%20%20const%20hasOptionsChanged%20%3D%20%5B%0A%20%20%22amount%22%2C%0A%20%20%22margin%22%2C%0A%20%20%22root%22%0A%20%20%5D.some%28hasViewportOptionChanged%28props%2C%20prevProps%29%29%3B%0A%20%20if%20%28hasOptionsChanged%29%20%7B%0A%20%20this.startObserver%28%29%3B%0A%20%20%7D%0A%20%20%7D%0A%20%20unmount%28%29%20%7B%0A%20%20this.stopObserver%3F.%28%29%3B%0A%20%20this.hasEnteredView%20%3D%20false%3B%0A%20%20this.isInView%20%3D%20false%3B%0A%20%20%7D%0A%20%20%7D%0A%20%20function%20hasViewportOptionChanged%28%7B%20viewport%20%3D%20%7B%7D%20%7D%2C%20%7B%20viewport%3A%20prevViewport%20%3D%20%7B%7D%20%7D%20%3D%20%7B%7D%29%20%7B%0A%20%20return%20%28name%29%3D%3Eviewport%5Bname%5D%20%21%3D%3D%20prevViewport%5Bname%5D%3B%0A%20%20%7D%0A%20%20%3B%0A%20%20%3B%0A%20%20%3B%0A%20%20%3B%0A%20%20%3B%0A%20%20const%20gestureAnimations%20%3D%20%7B%0A%20%20inView%3A%20%7B%0A%20%20Feature%3A%20InViewFeature%0A%20%20%7D%2C%0A%20%20tap%3A%20%7B%0A%20%20Feature%3A%20PressGesture%0A%20%20%7D%2C%0A%20%20focus%3A%20%7B%0A%20%20Feature%3A%20FocusGesture%0A%20%20%7D%2C%0A%20%20hover%3A%20%7B%0A%20%20Feature%3A%20HoverGesture%0A%20%20%7D%0A%20%20%7D%3B%0A%20%20%3B%0A%20%20%3B%0A%20%20%3B%0A%20%20const%20layout%20%3D%20%7B%0A%20%20layout%3A%20%7B%0A%20%20ProjectionNode%3A%20HTMLProjectionNode%2C%0A%20%20MeasureLayout%3A%20MeasureLayout%0A%20%20%7D%0A%20%20%7D%3B%0A%20%20%3B%0A%20%20%3B%0A%20%20%3B%0A%20%20%3B%0A%20%20%3B%0A%20%20const%20featureBundle%20%3D%20%7B%0A%20%20...animations%2C%0A%20%20...gestureAnimations%2C%0A%20%20...drag%2C%0A%20%20...layout%0A%20%20%7D%3B%0A%20%20%3B%0A%20%20%3B%0A%20%20%3B%0A%20%20%3B%0A%20%20const%20motion%20%3D%20%2F%2A%40__PURE__%2A%2F%20createMotionProxy%28featureBundle%2C%20createDomVisualElement%29%3B%0A%20%20%3B%0A%20%20var%20__TURBOPACK__imported__module__87924__11%20%3D%20__TURBOPACK__imported__module__87924__%3B%0A%20%20var%20__TURBOPACK__imported__module__72131__27%20%3D%20__TURBOPACK__imported__module__72131__%3B%0A%20%20var%20__TURBOPACK__imported__module__72131__28%20%3D%20__TURBOPACK__imported__module__72131__%3B%0A%20%20const%20isBrowser1%20%3D%20%28%22TURBOPACK%20compile-time%20value%22%2C%20%22undefined%22%29%20%21%3D%3D%20%22undefined%22%3B%0A%20%20%3B%0A%20%20%22use%20client%22%3B%0A%20%20%3B%0A%20%20%3B%0A%20%20const%20useIsomorphicLayoutEffect1%20%3D%20isBrowser1%20%3F%20__TURBOPACK__imported__module__72131__28%5B%22useLayoutEffect%22%5D%20%3A%20__TURBOPACK__imported__module__72131__28%5B%22useEffect%22%5D%3B%0A%20%20%3B%0A%20%20var%20__TURBOPACK__imported__module__87924__12%20%3D%20__TURBOPACK__imported__module__87924__%3B%0A%20%20var%20__TURBOPACK__imported__module__72131__29%20%3D%20__TURBOPACK__imported__module__72131__%3B%0A%20%20var%20__TURBOPACK__imported__module__87924__13%20%3D%20__TURBOPACK__imported__module__87924__%3B%0A%20%20var%20__TURBOPACK__imported__module__72131__30%20%3D%20__TURBOPACK__imported__module__72131__%3B%0A%20%20var%20__TURBOPACK__imported__module__72131__31%20%3D%20__TURBOPACK__imported__module__72131__%3B%0A%20%20%3B%0A%20%20%2F%2A%2A%0A%20%20%20%2A%20Taken%20from%20https%3A%2F%2Fgithub.com%2Fradix-ui%2Fprimitives%2Fblob%2Fmain%2Fpackages%2Freact%2Fcompose-refs%2Fsrc%2Fcompose-refs.tsx%0A%20%20%20%2A%2F%20%2F%2A%2A%0A%20%20%20%2A%20Set%20a%20given%20ref%20to%20a%20given%20value%0A%20%20%20%2A%20This%20utility%20takes%20care%20of%20different%20types%20of%20refs%3A%20callback%20refs%20and%20RefObject%28s%29%0A%20%20%20%2A%2F%20function%20setRef%28ref%2C%20value%29%20%7B%0A%20%20if%20%28typeof%20ref%20%3D%3D%3D%20%22function%22%29%20%7B%0A%20%20return%20ref%28value%29%3B%0A%20%20%7D%20else%20if%20%28ref%20%21%3D%3D%20null%20%26%26%20ref%20%21%3D%3D%20undefined%29%20%7B%0A%20%20ref.current%20%3D%20value%3B%0A%20%20%7D%0A%20%20%7D%0A%20%20%2F%2A%2A%0A%20%20%20%2A%20A%20utility%20to%20compose%20multiple%20refs%20together%0A%20%20%20%2A%20Accepts%20callback%20refs%20and%20RefObject%28s%29%0A%20%20%20%2A%2F%20function%20composeRefs%28...refs%29%20%7B%0A%20%20return%20%28node%29%3D%3E%7B%0A%20%20let%20hasCleanup%20%3D%20false%3B%0A%20%20const%20cleanups%20%3D%20refs.map%28%28ref%29%3D%3E%7B%0A%20%20const%20cleanup%20%3D%20setRef%28ref%2C%20node%29%3B%0A%20%20if%20%28%21hasCleanup%20%26%26%20typeof%20cleanup%20%3D%3D%3D%20%22function%22%29%20%7B%0A%20%20hasCleanup%20%3D%20true%3B%0A%20%20%7D%0A%20%20return%20cleanup%3B%0A%20%20%7D%29%3B%0A%20%20%2F%2F%20React%20%3C19%20will%20log%20an%20error%20to%20the%20console%20if%20a%20callback%20ref%20returns%20a%0A%20%20%2F%2F%20value.%20We%20don%27t%20use%20ref%20cleanups%20internally%20so%20this%20will%20only%20happen%20if%20a%0A%20%20%2F%2F%20user%27s%20ref%20callback%20returns%20a%20value%2C%20which%20we%20only%20expect%20if%20they%20are%0A%20%20%2F%2F%20using%20the%20cleanup%20functionality%20added%20in%20React%2019.%0A%20%20if%20%28hasCleanup%29%20%7B%0A%20%20return%20%28%29%3D%3E%7B%0A%20%20for%28let%20i%20%3D%200%3B%20i%20%3C%20cleanups.length%3B%20i%2B%2B%29%7B%0A%20%20const%20cleanup%20%3D%20cleanups%5Bi%5D%3B%0A%20%20if%20%28typeof%20cleanup%20%3D%3D%3D%20%22function%22%29%20%7B%0A%20%20cleanup%28%29%3B%0A%20%20%7D%20else%20%7B%0A%20%20setRef%28refs%5Bi%5D%2C%20null%29%3B%0A%20%20%7D%0A%20%20%7D%0A%20%20%7D%3B%0A%20%20%7D%0A%20%20%7D%3B%0A%20%20%7D%0A%20%20%2F%2A%2A%0A%20%20%20%2A%20A%20custom%20hook%20that%20composes%20multiple%20refs%0A%20%20%20%2A%20Accepts%20callback%20refs%20and%20RefObject%28s%29%0A%20%20%20%2A%2F%20function%20useComposedRefs%28...refs%29%20%7B%0A%20%20%2F%2F%20eslint-disable-next-line%20react-hooks%2Fexhaustive-deps%0A%20%20return%20__TURBOPACK__imported__module__72131__31%5B%22useCallback%22%5D%28composeRefs%28...refs%29%2C%20refs%29%3B%0A%20%20%7D%0A%20%20%3B%0A%20%20%22use%20client%22%3B%0A%20%20%3B%0A%20%20%3B%0A%20%20%3B%0A%20%20%3B%0A%20%20%3B%0A%20%20%3B%0A%20%20%2F%2A%2A%0A%20%20%20%2A%20Measurement%20functionality%20has%20to%20be%20within%20a%20separate%20component%0A%20%20%20%2A%20to%20leverage%20snapshot%20lifecycle.%0A%20%20%20%2A%2F%20class%20PopChildMeasure%20extends%20__TURBOPACK__imported__module__72131__30%5B%22Component%22%5D%20%7B%0A%20%20getSnapshotBeforeUpdate%28prevProps%29%20%7B%0A%20%20const%20element%20%3D%20this.props.childRef.current%3B%0A%20%20if%20%28isHTMLElement%28element%29%20%26%26%20prevProps.isPresent%20%26%26%20%21this.props.isPresent%20%26%26%20this.props.pop%20%21%3D%3D%20false%29%20%7B%0A%20%20const%20parent%20%3D%20element.offsetParent%3B%0A%20%20const%20parentWidth%20%3D%20isHTMLElement%28parent%29%20%3F%20parent.offsetWidth%20%7C%7C%200%20%3A%200%3B%0A%20%20const%20parentHeight%20%3D%20isHTMLElement%28parent%29%20%3F%20parent.offsetHeight%20%7C%7C%200%20%3A%200%3B%0A%20%20const%20computedStyle%20%3D%20getComputedStyle%28element%29%3B%0A%20%20const%20size%20%3D%20this.props.sizeRef.current%3B%0A%20%20size.height%20%3D%20parseFloat%28computedStyle.height%29%3B%0A%20%20size.width%20%3D%20parseFloat%28computedStyle.width%29%3B%0A%20%20size.top%20%3D%20element.offsetTop%3B%0A%20%20size.left%20%3D%20element.offsetLeft%3B%0A%20%20size.right%20%3D%20parentWidth%20-%20size.width%20-%20size.left%3B%0A%20%20size.bottom%20%3D%20parentHeight%20-%20size.height%20-%20size.top%3B%0A%20%20%7D%0A%20%20return%20null%3B%0A%20%20%7D%0A%20%20%2F%2A%2A%0A%20%20%20%20%20%20%20%2A%20Required%20with%20getSnapshotBeforeUpdate%20to%20stop%20React%20complaining.%0A%20%20%20%20%20%20%20%2A%2F%20componentDidUpdate%28%29%20%7B%7D%0A%20%20render%28%29%20%7B%0A%20%20return%20this.props.children%3B%0A%20%20%7D%0A%20%20%7D%0A%20%20function%20PopChild%28%7B%20children%2C%20isPresent%2C%20anchorX%2C%20anchorY%2C%20root%2C%20pop%20%7D%29%20%7B%0A%20%20const%20id%20%3D%20%280%2C%20__TURBOPACK__imported__module__72131__30%5B%22useId%22%5D%29%28%29%3B%0A%20%20const%20ref%20%3D%20%280%2C%20__TURBOPACK__imported__module__72131__30%5B%22useRef%22%5D%29%28null%29%3B%0A%20%20const%20size%20%3D%20%280%2C%20__TURBOPACK__imported__module__72131__30%5B%22useRef%22%5D%29%28%7B%0A%20%20width%3A%200%2C%0A%20%20height%3A%200%2C%0A%20%20top%3A%200%2C%0A%20%20left%3A%200%2C%0A%20%20right%3A%200%2C%0A%20%20bottom%3A%200%0A%20%20%7D%29%3B%0A%20%20const%20%7B%20nonce%20%7D%20%3D%20%280%2C%20__TURBOPACK__imported__module__72131__30%5B%22useContext%22%5D%29%28MotionConfigContext%29%3B%0A%20%20%2F%2A%2A%0A%20%20%20%20%20%20%20%2A%20In%20React%2019%2C%20refs%20are%20passed%20via%20props.ref%20instead%20of%20element.ref.%0A%20%20%20%20%20%20%20%2A%20We%20check%20props.ref%20first%20%28React%2019%29%20and%20fall%20back%20to%20element.ref%20%28React%2018%29.%0A%20%20%20%20%20%20%20%2A%2F%20const%20childRef%20%3D%20children.props%3F.ref%20%3F%3F%20children%3F.ref%3B%0A%20%20const%20composedRef%20%3D%20useComposedRefs%28ref%2C%20childRef%29%3B%0A%20%20%2F%2A%2A%0A%20%20%20%20%20%20%20%2A%20We%20create%20and%20inject%20a%20style%20block%20so%20we%20can%20apply%20this%20explicit%0A%20%20%20%20%20%20%20%2A%20sizing%20in%20a%20non-destructive%20manner%20by%20just%20deleting%20the%20style%20block.%0A%20%20%20%20%20%20%20%2A%0A%20%20%20%20%20%20%20%2A%20We%20can%27t%20apply%20size%20via%20render%20as%20the%20measurement%20happens%0A%20%20%20%20%20%20%20%2A%20in%20getSnapshotBeforeUpdate%20%28post-render%29%2C%20likewise%20if%20we%20apply%20the%0A%20%20%20%20%20%20%20%2A%20styles%20directly%20on%20the%20DOM%20node%2C%20we%20might%20be%20overwriting%0A%20%20%20%20%20%20%20%2A%20styles%20set%20via%20the%20style%20prop.%0A%20%20%20%20%20%20%20%2A%2F%20%280%2C%20__TURBOPACK__imported__module__72131__30%5B%22useInsertionEffect%22%5D%29%28%28%29%3D%3E%7B%0A%20%20const%20%7B%20width%2C%20height%2C%20top%2C%20left%2C%20right%2C%20bottom%20%7D%20%3D%20size.current%3B%0A%20%20if%20%28isPresent%20%7C%7C%20pop%20%3D%3D%3D%20false%20%7C%7C%20%21ref.current%20%7C%7C%20%21width%20%7C%7C%20%21height%29%20return%3B%0A%20%20const%20x%20%3D%20anchorX%20%3D%3D%3D%20%22left%22%20%3F%20%60left%3A%20%24%7Bleft%7D%60%20%3A%20%60right%3A%20%24%7Bright%7D%60%3B%0A%20%20const%20y%20%3D%20anchorY%20%3D%3D%3D%20%22bottom%22%20%3F%20%60bottom%3A%20%24%7Bbottom%7D%60%20%3A%20%60top%3A%20%24%7Btop%7D%60%3B%0A%20%20ref.current.dataset.motionPopId%20%3D%20id%3B%0A%20%20const%20style%20%3D%20document.createElement%28%22style%22%29%3B%0A%20%20if%20%28nonce%29%20style.nonce%20%3D%20nonce%3B%0A%20%20const%20parent%20%3D%20root%20%3F%3F%20document.head%3B%0A%20%20parent.appendChild%28style%29%3B%0A%20%20if%20%28style.sheet%29%20%7B%0A%20%20style.sheet.insertRule%28%60%0A%20%20%20%20%20%20%20%20%20%20%20%20%5Bdata-motion-pop-id%3D%22%24%7Bid%7D%22%5D%20%7B%0A%20%20%20%20%20%20%20%20%20%20%20%20%20%20position%3A%20absolute%20%21important%3B%0A%20%20%20%20%20%20%20%20%20%20%20%20%20%20width%3A%20%24%7Bwidth%7Dpx%20%21important%3B%0A%20%20%20%20%20%20%20%20%20%20%20%20%20%20height%3A%20%24%7Bheight%7Dpx%20%21important%3B%0A%20%20%20%20%20%20%20%20%20%20%20%20%20%20%24%7Bx%7Dpx%20%21important%3B%0A%20%20%20%20%20%20%20%20%20%20%20%20%20%20%24%7By%7Dpx%20%21important%3B%0A%20%20%20%20%20%20%20%20%20%20%20%20%7D%0A%20%20%20%20%20%20%20%20%20%20%60%29%3B%0A%20%20%7D%0A%20%20return%20%28%29%3D%3E%7B%0A%20%20ref.current%3F.removeAttribute%28%22data-motion-pop-id%22%29%3B%0A%20%20if%20%28parent.contains%28style%29%29%20%7B%0A%20%20parent.removeChild%28style%29%3B%0A%20%20%7D%0A%20%20%7D%3B%0A%20%20%7D%2C%20%5B%0A%20%20isPresent%0A%20%20%5D%29%3B%0A%20%20return%20%280%2C%20__TURBOPACK__imported__module__87924__13%5B%22jsx%22%5D%29%28PopChildMeasure%2C%20%7B%0A%20%20isPresent%3A%20isPresent%2C%0A%20%20childRef%3A%20ref%2C%0A%20%20sizeRef%3A%20size%2C%0A%20%20pop%3A%20pop%2C%0A%20%20children%3A%20pop%20%3D%3D%3D%20false%20%3F%20children%20%3A%20__TURBOPACK__imported__module__72131__30%5B%22cloneElement%22%5D%28children%2C%20%7B%0A%20%20ref%3A%20composedRef%0A%20%20%7D%29%0A%20%20%7D%29%3B%0A%20%20%7D%0A%20%20%3B%0A%20%20%22use%20client%22%3B%0A%20%20%3B%0A%20%20%3B%0A%20%20%3B%0A%20%20%3B%0A%20%20%3B%0A%20%20%3B%0A%20%20const%20PresenceChild%20%3D%20%28%7B%20children%2C%20initial%2C%20isPresent%2C%20onExitComplete%2C%20custom%2C%20presenceAffectsLayout%2C%20mode%2C%20anchorX%2C%20anchorY%2C%20root%20%7D%29%3D%3E%7B%0A%20%20const%20presenceChildren%20%3D%20useConstant%28newChildrenMap%29%3B%0A%20%20const%20id%20%3D%20%280%2C%20__TURBOPACK__imported__module__72131__29%5B%22useId%22%5D%29%28%29%3B%0A%20%20let%20isReusedContext%20%3D%20true%3B%0A%20%20let%20context%20%3D%20%280%2C%20__TURBOPACK__imported__module__72131__29%5B%22useMemo%22%5D%29%28%28%29%3D%3E%7B%0A%20%20isReusedContext%20%3D%20false%3B%0A%20%20return%20%7B%0A%20%20id%2C%0A%20%20initial%2C%0A%20%20isPresent%2C%0A%20%20custom%2C%0A%20%20onExitComplete%3A%20%28childId%29%3D%3E%7B%0A%20%20presenceChildren.set%28childId%2C%20true%29%3B%0A%20%20for%20%28const%20isComplete%20of%20presenceChildren.values%28%29%29%7B%0A%20%20if%20%28%21isComplete%29%20return%3B%20%2F%2F%20can%20stop%20searching%20when%20any%20is%20incomplete%0A%20%20%7D%0A%20%20onExitComplete%20%26%26%20onExitComplete%28%29%3B%0A%20%20%7D%2C%0A%20%20register%3A%20%28childId%29%3D%3E%7B%0A%20%20presenceChildren.set%28childId%2C%20false%29%3B%0A%20%20return%20%28%29%3D%3EpresenceChildren.delete%28childId%29%3B%0A%20%20%7D%0A%20%20%7D%3B%0A%20%20%7D%2C%20%5B%0A%20%20isPresent%2C%0A%20%20presenceChildren%2C%0A%20%20onExitComplete%0A%20%20%5D%29%3B%0A%20%20%2F%2A%2A%0A%20%20%20%20%20%20%20%2A%20If%20the%20presence%20of%20a%20child%20affects%20the%20layout%20of%20the%20components%20around%20it%2C%0A%20%20%20%20%20%20%20%2A%20we%20want%20to%20make%20a%20new%20context%20value%20to%20ensure%20they%20get%20re-rendered%0A%20%20%20%20%20%20%20%2A%20so%20they%20can%20detect%20that%20layout%20change.%0A%20%20%20%20%20%20%20%2A%2F%20if%20%28presenceAffectsLayout%20%26%26%20isReusedContext%29%20%7B%0A%20%20context%20%3D%20%7B%0A%20%20...context%0A%20%20%7D%3B%0A%20%20%7D%0A%20%20%280%2C%20__TURBOPACK__imported__module__72131__29%5B%22useMemo%22%5D%29%28%28%29%3D%3E%7B%0A%20%20presenceChildren.forEach%28%28_%2C%20key%29%3D%3EpresenceChildren.set%28key%2C%20false%29%29%3B%0A%20%20%7D%2C%20%5B%0A%20%20isPresent%0A%20%20%5D%29%3B%0A%20%20%2F%2A%2A%0A%20%20%20%20%20%20%20%2A%20If%20there%27s%20no%20%60motion%60%20components%20to%20fire%20exit%20animations%2C%20we%20want%20to%20remove%20this%0A%20%20%20%20%20%20%20%2A%20component%20immediately.%0A%20%20%20%20%20%20%20%2A%2F%20__TURBOPACK__imported__module__72131__29%5B%22useEffect%22%5D%28%28%29%3D%3E%7B%0A%20%20%21isPresent%20%26%26%20%21presenceChildren.size%20%26%26%20onExitComplete%20%26%26%20onExitComplete%28%29%3B%0A%20%20%7D%2C%20%5B%0A%20%20isPresent%0A%20%20%5D%29%3B%0A%20%20children%20%3D%20%280%2C%20__TURBOPACK__imported__module__87924__12%5B%22jsx%22%5D%29%28PopChild%2C%20%7B%0A%20%20pop%3A%20mode%20%3D%3D%3D%20%22popLayout%22%2C%0A%20%20isPresent%3A%20isPresent%2C%0A%20%20anchorX%3A%20anchorX%2C%0A%20%20anchorY%3A%20anchorY%2C%0A%20%20root%3A%20root%2C%0A%20%20children%3A%20children%0A%20%20%7D%29%3B%0A%20%20return%20%280%2C%20__TURBOPACK__imported__module__87924__12%5B%22jsx%22%5D%29%28PresenceContext.Provider%2C%20%7B%0A%20%20value%3A%20context%2C%0A%20%20children%3A%20children%0A%20%20%7D%29%3B%0A%20%20%7D%3B%0A%20%20function%20newChildrenMap%28%29%20%7B%0A%20%20return%20new%20Map%28%29%3B%0A%20%20%7D%0A%20%20%3B%0A%20%20var%20__TURBOPACK__imported__module__72131__32%20%3D%20__TURBOPACK__imported__module__72131__%3B%0A%20%20%3B%0A%20%20const%20getChildKey%20%3D%20%28child%29%3D%3Echild.key%20%7C%7C%20%22%22%3B%0A%20%20function%20onlyElements%28children%29%20%7B%0A%20%20const%20filtered%20%3D%20%5B%5D%3B%0A%20%20%2F%2F%20We%20use%20forEach%20here%20instead%20of%20map%20as%20map%20mutates%20the%20component%20key%20by%20preprending%20%60.%24%60%0A%20%20__TURBOPACK__imported__module__72131__32%5B%22Children%22%5D.forEach%28children%2C%20%28child%29%3D%3E%7B%0A%20%20if%20%28%280%2C%20__TURBOPACK__imported__module__72131__32%5B%22isValidElement%22%5D%29%28child%29%29%20filtered.push%28child%29%3B%0A%20%20%7D%29%3B%0A%20%20return%20filtered%3B%0A%20%20%7D%0A%20%20%3B%0A%20%20%22use%20client%22%3B%0A%20%20%3B%0A%20%20%3B%0A%20%20%3B%0A%20%20%3B%0A%20%20%3B%0A%20%20%3B%0A%20%20%3B%0A%20%20%3B%0A%20%20%2F%2A%2A%0A%20%20%20%2A%20%60AnimatePresence%60%20enables%20the%20animation%20of%20components%20that%20have%20been%20removed%20from%20the%20tree.%0A%20%20%20%2A%0A%20%20%20%2A%20When%20adding%2Fremoving%20more%20than%20a%20single%20child%2C%20every%20child%20%2A%2Amust%2A%2A%20be%20given%20a%20unique%20%60key%60%20prop.%0A%20%20%20%2A%0A%20%20%20%2A%20Any%20%60motion%60%20components%20that%20have%20an%20%60exit%60%20property%20defined%20will%20animate%20out%20when%20removed%20from%0A%20%20%20%2A%20the%20tree.%0A%20%20%20%2A%0A%20%20%20%2A%20%60%60%60jsx%0A%20%20%20%2A%20import%20%7B%20motion%2C%20AnimatePresence%20%7D%20from%20%27framer-motion%27%0A%20%20%20%2A%0A%20%20%20%2A%20export%20const%20Items%20%3D%20%28%7B%20items%20%7D%29%20%3D%3E%20%28%0A%20%20%20%2A%20%20%20%3CAnimatePresence%3E%0A%20%20%20%2A%20%20%20%20%20%7Bitems.map%28item%20%3D%3E%20%28%0A%20%20%20%2A%20%20%20%20%20%20%20%3Cmotion.div%0A%20%20%20%2A%20%20%20%20%20%20%20%20%20key%3D%7Bitem.id%7D%0A%20%20%20%2A%20%20%20%20%20%20%20%20%20initial%3D%7B%7B%20opacity%3A%200%20%7D%7D%0A%20%20%20%2A%20%20%20%20%20%20%20%20%20animate%3D%7B%7B%20opacity%3A%201%20%7D%7D%0A%20%20%20%2A%20%20%20%20%20%20%20%20%20exit%3D%7B%7B%20opacity%3A%200%20%7D%7D%0A%20%20%20%2A%20%20%20%20%20%20%20%2F%3E%0A%20%20%20%2A%20%20%20%20%20%29%29%7D%0A%20%20%20%2A%20%20%20%3C%2FAnimatePresence%3E%0A%20%20%20%2A%20%29%0A%20%20%20%2A%20%60%60%60%0A%20%20%20%2A%0A%20%20%20%2A%20You%20can%20sequence%20exit%20animations%20throughout%20a%20tree%20using%20variants.%0A%20%20%20%2A%0A%20%20%20%2A%20If%20a%20child%20contains%20multiple%20%60motion%60%20components%20with%20%60exit%60%20props%2C%20it%20will%20only%20unmount%20the%20child%0A%20%20%20%2A%20once%20all%20%60motion%60%20components%20have%20finished%20animating%20out.%20Likewise%2C%20any%20components%20using%0A%20%20%20%2A%20%60usePresence%60%20all%20need%20to%20call%20%60safeToRemove%60.%0A%20%20%20%2A%0A%20%20%20%2A%20%40public%0A%20%20%20%2A%2F%20const%20AnimatePresence%20%3D%20%28%7B%20children%2C%20custom%2C%20initial%20%3D%20true%2C%20onExitComplete%2C%20presenceAffectsLayout%20%3D%20true%2C%20mode%20%3D%20%22sync%22%2C%20propagate%20%3D%20false%2C%20anchorX%20%3D%20%22left%22%2C%20anchorY%20%3D%20%22top%22%2C%20root%20%7D%29%3D%3E%7B%0A%20%20const%20%5BisParentPresent%2C%20safeToRemove%5D%20%3D%20usePresence%28propagate%29%3B%0A%20%20%2F%2A%2A%0A%20%20%20%20%20%20%20%2A%20Filter%20any%20children%20that%20aren%27t%20ReactElements.%20We%20can%20only%20track%20components%0A%20%20%20%20%20%20%20%2A%20between%20renders%20with%20a%20props.key.%0A%20%20%20%20%20%20%20%2A%2F%20const%20presentChildren%20%3D%20%280%2C%20__TURBOPACK__imported__module__72131__27%5B%22useMemo%22%5D%29%28%28%29%3D%3EonlyElements%28children%29%2C%20%5B%0A%20%20children%0A%20%20%5D%29%3B%0A%20%20%2F%2A%2A%0A%20%20%20%20%20%20%20%2A%20Track%20the%20keys%20of%20the%20currently%20rendered%20children.%20This%20is%20used%20to%0A%20%20%20%20%20%20%20%2A%20determine%20which%20children%20are%20exiting.%0A%20%20%20%20%20%20%20%2A%2F%20const%20presentKeys%20%3D%20propagate%20%26%26%20%21isParentPresent%20%3F%20%5B%5D%20%3A%20presentChildren.map%28getChildKey%29%3B%0A%20%20%2F%2A%2A%0A%20%20%20%20%20%20%20%2A%20If%20%60initial%3D%7Bfalse%7D%60%20we%20only%20want%20to%20pass%20this%20to%20components%20in%20the%20first%20render.%0A%20%20%20%20%20%20%20%2A%2F%20const%20isInitialRender%20%3D%20%280%2C%20__TURBOPACK__imported__module__72131__27%5B%22useRef%22%5D%29%28true%29%3B%0A%20%20%2F%2A%2A%0A%20%20%20%20%20%20%20%2A%20A%20ref%20containing%20the%20currently%20present%20children.%20When%20all%20exit%20animations%0A%20%20%20%20%20%20%20%2A%20are%20complete%2C%20we%20use%20this%20to%20re-render%20the%20component%20with%20the%20latest%20children%0A%20%20%20%20%20%20%20%2A%20%2Acommitted%2A%20rather%20than%20the%20latest%20children%20%2Arendered%2A.%0A%20%20%20%20%20%20%20%2A%2F%20const%20pendingPresentChildren%20%3D%20%280%2C%20__TURBOPACK__imported__module__72131__27%5B%22useRef%22%5D%29%28presentChildren%29%3B%0A%20%20%2F%2A%2A%0A%20%20%20%20%20%20%20%2A%20Track%20which%20exiting%20children%20have%20finished%20animating%20out.%0A%20%20%20%20%20%20%20%2A%2F%20const%20exitComplete%20%3D%20useConstant%28%28%29%3D%3Enew%20Map%28%29%29%3B%0A%20%20%2F%2A%2A%0A%20%20%20%20%20%20%20%2A%20Track%20which%20components%20are%20currently%20processing%20exit%20to%20prevent%20duplicate%20processing.%0A%20%20%20%20%20%20%20%2A%2F%20const%20exitingComponents%20%3D%20%280%2C%20__TURBOPACK__imported__module__72131__27%5B%22useRef%22%5D%29%28new%20Set%28%29%29%3B%0A%20%20%2F%2A%2A%0A%20%20%20%20%20%20%20%2A%20Save%20children%20to%20render%20as%20React%20state.%20To%20ensure%20this%20component%20is%20concurrent-safe%2C%0A%20%20%20%20%20%20%20%2A%20we%20check%20for%20exiting%20children%20via%20an%20effect.%0A%20%20%20%20%20%20%20%2A%2F%20const%20%5BdiffedChildren%2C%20setDiffedChildren%5D%20%3D%20%280%2C%20__TURBOPACK__imported__module__72131__27%5B%22useState%22%5D%29%28presentChildren%29%3B%0A%20%20const%20%5BrenderedChildren%2C%20setRenderedChildren%5D%20%3D%20%280%2C%20__TURBOPACK__imported__module__72131__27%5B%22useState%22%5D%29%28presentChildren%29%3B%0A%20%20useIsomorphicLayoutEffect1%28%28%29%3D%3E%7B%0A%20%20isInitialRender.current%20%3D%20false%3B%0A%20%20pendingPresentChildren.current%20%3D%20presentChildren%3B%0A%20%20%2F%2A%2A%0A%20%20%20%20%20%20%20%20%20%20%20%2A%20Update%20complete%20status%20of%20exiting%20children.%0A%20%20%20%20%20%20%20%20%20%20%20%2A%2F%20for%28let%20i%20%3D%200%3B%20i%20%3C%20renderedChildren.length%3B%20i%2B%2B%29%7B%0A%20%20const%20key%20%3D%20getChildKey%28renderedChildren%5Bi%5D%29%3B%0A%20%20if%20%28%21presentKeys.includes%28key%29%29%20%7B%0A%20%20if%20%28exitComplete.get%28key%29%20%21%3D%3D%20true%29%20%7B%0A%20%20exitComplete.set%28key%2C%20false%29%3B%0A%20%20%7D%0A%20%20%7D%20else%20%7B%0A%20%20exitComplete.delete%28key%29%3B%0A%20%20exitingComponents.current.delete%28key%29%3B%0A%20%20%7D%0A%20%20%7D%0A%20%20%7D%2C%20%5B%0A%20%20renderedChildren%2C%0A%20%20presentKeys.length%2C%0A%20%20presentKeys.join%28%22-%22%29%0A%20%20%5D%29%3B%0A%20%20const%20exitingChildren%20%3D%20%5B%5D%3B%0A%20%20if%20%28presentChildren%20%21%3D%3D%20diffedChildren%29%20%7B%0A%20%20let%20nextChildren%20%3D%20%5B%0A%20%20...presentChildren%0A%20%20%5D%3B%0A%20%20%2F%2A%2A%0A%20%20%20%20%20%20%20%20%20%20%20%2A%20Loop%20through%20all%20the%20currently%20rendered%20components%20and%20decide%20which%0A%20%20%20%20%20%20%20%20%20%20%20%2A%20are%20exiting.%0A%20%20%20%20%20%20%20%20%20%20%20%2A%2F%20for%28let%20i%20%3D%200%3B%20i%20%3C%20renderedChildren.length%3B%20i%2B%2B%29%7B%0A%20%20const%20child%20%3D%20renderedChildren%5Bi%5D%3B%0A%20%20const%20key%20%3D%20getChildKey%28child%29%3B%0A%20%20if%20%28%21presentKeys.includes%28key%29%29%20%7B%0A%20%20nextChildren.splice%28i%2C%200%2C%20child%29%3B%0A%20%20exitingChildren.push%28child%29%3B%0A%20%20%7D%0A%20%20%7D%0A%20%20%2F%2A%2A%0A%20%20%20%20%20%20%20%20%20%20%20%2A%20If%20we%27re%20in%20%22wait%22%20mode%2C%20and%20we%20have%20exiting%20children%2C%20we%20want%20to%0A%20%20%20%20%20%20%20%20%20%20%20%2A%20only%20render%20these%20until%20they%27ve%20all%20exited.%0A%20%20%20%20%20%20%20%20%20%20%20%2A%2F%20if%20%28mode%20%3D%3D%3D%20%22wait%22%20%26%26%20exitingChildren.length%29%20%7B%0A%20%20nextChildren%20%3D%20exitingChildren%3B%0A%20%20%7D%0A%20%20setRenderedChildren%28onlyElements%28nextChildren%29%29%3B%0A%20%20setDiffedChildren%28presentChildren%29%3B%0A%20%20%2F%2A%2A%0A%20%20%20%20%20%20%20%20%20%20%20%2A%20Early%20return%20to%20ensure%20once%20we%27ve%20set%20state%20with%20the%20latest%20diffed%0A%20%20%20%20%20%20%20%20%20%20%20%2A%20children%2C%20we%20can%20immediately%20re-render.%0A%20%20%20%20%20%20%20%20%20%20%20%2A%2F%20return%20null%3B%0A%20%20%7D%0A%20%20if%20%28%28%22TURBOPACK%20compile-time%20value%22%2C%20%22production%22%29%20%21%3D%3D%20%22production%22%20%26%26%20mode%20%3D%3D%3D%20%22wait%22%20%26%26%20renderedChildren.length%20%3E%201%29%20%2F%2FTURBOPACK%20unreachable%0A%20%20%3B%0A%20%20%2F%2A%2A%0A%20%20%20%20%20%20%20%2A%20If%20we%27ve%20been%20provided%20a%20forceRender%20function%20by%20the%20LayoutGroupContext%2C%0A%20%20%20%20%20%20%20%2A%20we%20can%20use%20it%20to%20force%20a%20re-render%20amongst%20all%20surrounding%20components%20once%0A%20%20%20%20%20%20%20%2A%20all%20components%20have%20finished%20animating%20out.%0A%20%20%20%20%20%20%20%2A%2F%20const%20%7B%20forceRender%20%7D%20%3D%20%280%2C%20__TURBOPACK__imported__module__72131__27%5B%22useContext%22%5D%29%28LayoutGroupContext%29%3B%0A%20%20return%20%280%2C%20__TURBOPACK__imported__module__87924__11%5B%22jsx%22%5D%29%28__TURBOPACK__imported__module__87924__11%5B%22Fragment%22%5D%2C%20%7B%0A%20%20children%3A%20renderedChildren.map%28%28child%29%3D%3E%7B%0A%20%20const%20key%20%3D%20getChildKey%28child%29%3B%0A%20%20const%20isPresent%20%3D%20propagate%20%26%26%20%21isParentPresent%20%3F%20false%20%3A%20presentChildren%20%3D%3D%3D%20renderedChildren%20%7C%7C%20presentKeys.includes%28key%29%3B%0A%20%20const%20onExit%20%3D%20%28%29%3D%3E%7B%0A%20%20if%20%28exitingComponents.current.has%28key%29%29%20%7B%0A%20%20return%3B%0A%20%20%7D%0A%20%20if%20%28exitComplete.has%28key%29%29%20%7B%0A%20%20exitingComponents.current.add%28key%29%3B%0A%20%20exitComplete.set%28key%2C%20true%29%3B%0A%20%20%7D%20else%20%7B%0A%20%20return%3B%0A%20%20%7D%0A%20%20let%20isEveryExitComplete%20%3D%20true%3B%0A%20%20exitComplete.forEach%28%28isExitComplete%29%3D%3E%7B%0A%20%20if%20%28%21isExitComplete%29%20isEveryExitComplete%20%3D%20false%3B%0A%20%20%7D%29%3B%0A%20%20if%20%28isEveryExitComplete%29%20%7B%0A%20%20forceRender%3F.%28%29%3B%0A%20%20setRenderedChildren%28pendingPresentChildren.current%29%3B%0A%20%20propagate%20%26%26%20safeToRemove%3F.%28%29%3B%0A%20%20onExitComplete%20%26%26%20onExitComplete%28%29%3B%0A%20%20%7D%0A%20%20%7D%3B%0A%20%20return%20%280%2C%20__TURBOPACK__imported__module__87924__11%5B%22jsx%22%5D%29%28PresenceChild%2C%20%7B%0A%20%20isPresent%3A%20isPresent%2C%0A%20%20initial%3A%20%21isInitialRender.current%20%7C%7C%20initial%20%3F%20undefined%20%3A%20false%2C%0A%20%20custom%3A%20custom%2C%0A%20%20presenceAffectsLayout%3A%20presenceAffectsLayout%2C%0A%20%20mode%3A%20mode%2C%0A%20%20root%3A%20root%2C%0A%20%20onExitComplete%3A%20isPresent%20%3F%20undefined%20%3A%20onExit%2C%0A%20%20anchorX%3A%20anchorX%2C%0A%20%20anchorY%3A%20anchorY%2C%0A%20%20children%3A%20child%0A%20%20%7D%2C%20key%29%3B%0A%20%20%7D%29%0A%20%20%7D%29%3B%0A%20%20%7D%3B%0A%20%20%3B%0A%20%20%3B%0A%20%20const%20__iconNode6%20%3D%20%5B%0A%20%20%5B%0A%20%20%22path%22%2C%0A%20%20%7B%0A%20%20d%3A%20%22m6%209%206%206%206-6%22%2C%0A%20%20key%3A%20%22qrunsl%22%0A%20%20%7D%0A%20%20%5D%0A%20%20%5D%3B%0A%20%20const%20ChevronDown%20%3D%20createLucideIcon%28%22chevron-down%22%2C%20__iconNode6%29%3B%0A%20%20%3B%0A%20%20%22use%20client%22%3B%0A%20%20%3B%0A%20%20%3B%0A%20%20%3B%0A%20%20%3B%0A%20%20const%20faqData%20%3D%20%5B%0A%20%20%7B%0A%20%20question%3A%20%22How%20long%20has%20Saman%20been%20performing%20magic%3F%22%2C%0A%20%20answer%3A%20%22Saman%20has%20been%20passionate%20about%20magic%20since%202010.%20He%20began%20practicing%20as%20a%20child%20and%20has%20performed%20professionally%20since%202013.%22%0A%20%20%7D%2C%0A%20%20%7B%0A%20%20question%3A%20%22What%20types%20of%20events%20does%20Saman%20perform%20at%3F%22%2C%0A%20%20answer%3A%20%22Saman%20has%20performed%20at%20a%20variety%20of%20events%2C%20including%20birthday%20parties%2C%20weddings%2C%20formal%20dinners%2C%20celebrity%20appearances%2C%20trade%20fairs%2C%20and%20festivals.%22%0A%20%20%7D%2C%0A%20%20%7B%0A%20%20question%3A%20%22What%20is%20Saman%E2%80%99s%20specialty%20in%20magic%3F%22%2C%0A%20%20answer%3A%20%22Saman%20excels%20in%20close-up%20magic%2C%20performing%20tricks%20right%20at%20the%20tables%20where%20guests%20can%20see%20items%20vanish%20and%20reappear%20in%20unexpected%20places.%22%0A%20%20%7D%2C%0A%20%20%7B%0A%20%20question%3A%20%22Does%20Saman%20perform%20mentalism%3F%22%2C%0A%20%20answer%3A%20%22Yes%2C%20Saman%20performs%20mentalism%20tricks%20as%20well.%20His%20focus%20is%20on%20entertaining%20and%20surprising%20the%20audience.%22%0A%20%20%7D%2C%0A%20%20%7B%0A%20%20question%3A%20%22What%20makes%20Saman%E2%80%99s%20magic%20unique%3F%22%2C%0A%20%20answer%3A%20%22Saman%E2%80%99s%20magic%20combines%20technical%20skill%20with%20personal%20interaction%2C%20creating%20unforgettable%20moments.%22%0A%20%20%7D%0A%20%20%5D%3B%0A%20%20const%20Faq%20%3D%20%28%29%3D%3E%7B%0A%20%20const%20%5BopenIndex%2C%20setOpenIndex%5D%20%3D%20%280%2C%20__TURBOPACK__imported__module__72131__9%5B%22useState%22%5D%29%280%29%3B%0A%20%20const%20toggle%20%3D%20%28index%29%3D%3E%7B%0A%20%20setOpenIndex%28openIndex%20%3D%3D%3D%20index%20%3F%20null%20%3A%20index%29%3B%0A%20%20%7D%3B%0A%20%20return%20%2F%2A%23__PURE__%2A%2F%20%280%2C%20__TURBOPACK__imported__module__87924__8%5B%22jsxs%22%5D%29%28%22div%22%2C%20%7B%0A%20%20className%3A%20%22relative%20w-full%20bg-black%20text-white%20overflow-hidden%22%2C%0A%20%20children%3A%20%5B%0A%20%20%2F%2A%23__PURE__%2A%2F%20%280%2C%20__TURBOPACK__imported__module__87924__8%5B%22jsx%22%5D%29%28%22div%22%2C%20%7B%0A%20%20className%3A%20%22absolute%20inset-0%20flex%20justify-center%20items-center%20pointer-events-none%22%2C%0A%20%20children%3A%20%2F%2A%23__PURE__%2A%2F%20%280%2C%20__TURBOPACK__imported__module__87924__8%5B%22jsx%22%5D%29%28%22div%22%2C%20%7B%0A%20%20className%3A%20%22w-%5B700px%5D%20h-%5B700px%5D%20bg-red-600%2F20%20blur-%5B180px%5D%20rounded-full%22%0A%20%20%7D%29%0A%20%20%7D%29%2C%0A%20%20%2F%2A%23__PURE__%2A%2F%20%280%2C%20__TURBOPACK__imported__module__87924__8%5B%22jsxs%22%5D%29%28%22div%22%2C%20%7B%0A%20%20className%3A%20%22relative%20max-w-4xl%20mx-auto%20px-6%20py-20%20flex%20flex-col%20gap-12%22%2C%0A%20%20children%3A%20%5B%0A%20%20%2F%2A%23__PURE__%2A%2F%20%280%2C%20__TURBOPACK__imported__module__87924__8%5B%22jsxs%22%5D%29%28%22div%22%2C%20%7B%0A%20%20className%3A%20%22text-center%22%2C%0A%20%20children%3A%20%5B%0A%20%20%2F%2A%23__PURE__%2A%2F%20%280%2C%20__TURBOPACK__imported__module__87924__8%5B%22jsx%22%5D%29%28%22h1%22%2C%20%7B%0A%20%20className%3A%20%22big-shoulders%20text-%5B%23F0EBE6%5D%20font-bold%20mb-4%20sm%3Amb-5%20md%3Amb-6%20leading-tight%20tracking-%5B0.02em%5D%20text-%5B48px%5D%20lg%3Atext-%5B64px%5D%20xl%3Atext-%5B87px%5D%22%2C%0A%20%20children%3A%20%22FAQ%22%0A%20%20%7D%29%2C%0A%20%20%2F%2A%23__PURE__%2A%2F%20%280%2C%20__TURBOPACK__imported__module__87924__8%5B%22jsx%22%5D%29%28%22p%22%2C%20%7B%0A%20%20className%3A%20%22mt-4%20text-white%2F60%20max-w-xl%20mx-auto%20geist%20%22%2C%0A%20%20children%3A%20%22Everything%20you%20need%20to%20know%20about%20Saman%E2%80%99s%20magic%22%0A%20%20%7D%29%0A%20%20%5D%0A%20%20%7D%29%2C%0A%20%20%2F%2A%23__PURE__%2A%2F%20%280%2C%20__TURBOPACK__imported__module__87924__8%5B%22jsx%22%5D%29%28%22div%22%2C%20%7B%0A%20%20className%3A%20%22flex%20flex-col%20gap-4%22%2C%0A%20%20children%3A%20faqData.map%28%28item%2C%20index%29%3D%3E%7B%0A%20%20const%20isOpen%20%3D%20openIndex%20%3D%3D%3D%20index%3B%0A%20%20return%20%2F%2A%23__PURE__%2A%2F%20%280%2C%20__TURBOPACK__imported__module__87924__8%5B%22jsxs%22%5D%29%28motion.div%2C%20%7B%0A%20%20layout%3A%20true%2C%0A%20%20className%3A%20%22rounded-2xl%20border%20border-white%2F10%20bg-white%2F5%20backdrop-blur-md%20overflow-hidden%22%2C%0A%20%20children%3A%20%5B%0A%20%20%2F%2A%23__PURE__%2A%2F%20%280%2C%20__TURBOPACK__imported__module__87924__8%5B%22jsxs%22%5D%29%28%22button%22%2C%20%7B%0A%20%20onClick%3A%20%28%29%3D%3Etoggle%28index%29%2C%0A%20%20className%3A%20%22w-full%20flex%20items-center%20justify-between%20px-6%20py-5%20text-left%20group%22%2C%0A%20%20children%3A%20%5B%0A%20%20%2F%2A%23__PURE__%2A%2F%20%280%2C%20__TURBOPACK__imported__module__87924__8%5B%22jsx%22%5D%29%28%22span%22%2C%20%7B%0A%20%20className%3A%20%22big-shoulders%20text-lg%20md%3Atext-xl%20font-medium%20group-hover%3Atext-red-400%20transition%22%2C%0A%20%20children%3A%20item.question%0A%20%20%7D%29%2C%0A%20%20%2F%2A%23__PURE__%2A%2F%20%280%2C%20__TURBOPACK__imported__module__87924__8%5B%22jsx%22%5D%29%28motion.div%2C%20%7B%0A%20%20animate%3A%20%7B%0A%20%20rotate%3A%20isOpen%20%3F%20180%20%3A%200%0A%20%20%7D%2C%0A%20%20transition%3A%20%7B%0A%20%20duration%3A%200.3%0A%20%20%7D%2C%0A%20%20className%3A%20%22text-white%2F60%20group-hover%3Atext-red-400%22%2C%0A%20%20children%3A%20%2F%2A%23__PURE__%2A%2F%20%280%2C%20__TURBOPACK__imported__module__87924__8%5B%22jsx%22%5D%29%28ChevronDown%2C%20%7B%0A%20%20size%3A%2022%0A%20%20%7D%29%0A%20%20%7D%29%0A%20%20%5D%0A%20%20%7D%29%2C%0A%20%20%2F%2A%23__PURE__%2A%2F%20%280%2C%20__TURBOPACK__imported__module__87924__8%5B%22jsx%22%5D%29%28AnimatePresence%2C%20%7B%0A%20%20initial%3A%20false%2C%0A%20%20children%3A%20isOpen%20%26%26%20%2F%2A%23__PURE__%2A%2F%20%280%2C%20__TURBOPACK__imported__module__87924__8%5B%22jsx%22%5D%29%28motion.div%2C%20%7B%0A%20%20initial%3A%20%7B%0A%20%20opacity%3A%200%2C%0A%20%20y%3A%20-10%0A%20%20%7D%2C%0A%20%20animate%3A%20%7B%0A%20%20opacity%3A%201%2C%0A%20%20y%3A%200%0A%20%20%7D%2C%0A%20%20exit%3A%20%7B%0A%20%20opacity%3A%200%2C%0A%20%20y%3A%20-10%0A%20%20%7D%2C%0A%20%20transition%3A%20%7B%0A%20%20duration%3A%200.25%0A%20%20%7D%2C%0A%20%20className%3A%20%22geist%20px-6%20pb-5%20text-white%2F70%20leading-relaxed%22%2C%0A%20%20children%3A%20item.answer%0A%20%20%7D%2C%20%22content%22%29%0A%20%20%7D%29%0A%20%20%5D%0A%20%20%7D%2C%20index%29%3B%0A%20%20%7D%29%0A%20%20%7D%29%0A%20%20%5D%0A%20%20%7D%29%0A%20%20%5D%0A%20%20%7D%29%3B%0A%20%20%7D%3B%0A%20%20const%20__TURBOPACK__default__export__23%20%3D%20Faq%3B%0A%20%20var%20__TURBOPACK__imported__module__87924__14%20%3D%20__TURBOPACK__imported__module__87924__%3B%0A%20%20var%20__TURBOPACK__imported__module__72131__33%20%3D%20__TURBOPACK__imported__module__72131__%3B%0A%20%20var%20__TURBOPACK__imported__module__71987__5%20%3D%20__TURBOPACK__imported__module__71987__%3B%0A%20%20var%20__TURBOPACK__imported__module__26304__3%20%3D%20__TURBOPACK__imported__module__26304__%3B%0A%20%20var%20__TURBOPACK__imported__module__81783__1%20%3D%20__TURBOPACK__imported__module__81783__%3B%0A%20%20%2F%2A%21%0A%20%20%20%2A%20matrix%203.14.2%0A%20%20%20%2A%20https%3A%2F%2Fgsap.com%0A%20%20%20%2A%0A%20%20%20%2A%20Copyright%202008-2025%2C%20GreenSock.%20All%20rights%20reserved.%0A%20%20%20%2A%20Subject%20to%20the%20terms%20at%20https%3A%2F%2Fgsap.com%2Fstandard-license%0A%20%20%20%2A%20%40author%3A%20Jack%20Doyle%2C%20jack%40greensock.com%0A%20%20%2A%2F%20%2F%2A%20eslint-disable%20%2A%2F%20var%20_doc%2C%20_win%2C%20_docElement%2C%20_body%2C%20_divContainer%2C%20_svgContainer%2C%20_identityMatrix%2C%20_gEl%2C%20_transformProp%20%3D%20%22transform%22%2C%20_transformOriginProp%20%3D%20_transformProp%20%2B%20%22Origin%22%2C%20_hasOffsetBug%2C%20_setDoc%20%3D%20function%20_setDoc%28element%29%20%7B%0A%20%20var%20doc%20%3D%20element.ownerDocument%20%7C%7C%20element%3B%0A%20%20if%20%28%21%28_transformProp%20in%20element.style%29%20%26%26%20%22msTransform%22%20in%20element.style%29%20%7B%0A%20%20%2F%2Fto%20improve%20compatibility%20with%20old%20Microsoft%20browsers%0A%20%20_transformProp%20%3D%20%22msTransform%22%3B%0A%20%20_transformOriginProp%20%3D%20_transformProp%20%2B%20%22Origin%22%3B%0A%20%20%7D%0A%20%20while%28doc.parentNode%20%26%26%20%28doc%20%3D%20doc.parentNode%29%29%7B%7D%0A%20%20_win%20%3D%20window%3B%0A%20%20_identityMatrix%20%3D%20new%20Matrix2D%28%29%3B%0A%20%20if%20%28doc%29%20%7B%0A%20%20_doc%20%3D%20doc%3B%0A%20%20_docElement%20%3D%20doc.documentElement%3B%0A%20%20_body%20%3D%20doc.body%3B%0A%20%20_gEl%20%3D%20_doc.createElementNS%28%22http%3A%2F%2Fwww.w3.org%2F2000%2Fsvg%22%2C%20%22g%22%29%3B%20%2F%2F%20prevent%20any%20existing%20CSS%20from%20transforming%20it%0A%20%20_gEl.style.transform%20%3D%20%22none%22%3B%20%2F%2F%20now%20test%20for%20the%20offset%20reporting%20bug.%20Use%20feature%20detection%20instead%20of%20browser%20sniffing%20to%20make%20things%20more%20bulletproof%20and%20future-proof.%20Hopefully%20Safari%20will%20fix%20their%20bug%20soon.%0A%20%20var%20d1%20%3D%20doc.createElement%28%22div%22%29%2C%20d2%20%3D%20doc.createElement%28%22div%22%29%2C%20root%20%3D%20doc%20%26%26%20%28doc.body%20%7C%7C%20doc.firstElementChild%29%3B%0A%20%20if%20%28root%20%26%26%20root.appendChild%29%20%7B%0A%20%20root.appendChild%28d1%29%3B%0A%20%20d1.appendChild%28d2%29%3B%0A%20%20d1.style.position%20%3D%20%22static%22%3B%0A%20%20d1.style.transform%20%3D%20%22translate3d%280%2C0%2C1px%29%22%3B%0A%20%20_hasOffsetBug%20%3D%20d2.offsetParent%20%21%3D%3D%20d1%3B%0A%20%20root.removeChild%28d1%29%3B%0A%20%20%7D%0A%20%20%7D%0A%20%20return%20doc%3B%0A%20%20%7D%2C%20_forceNonZeroScale%20%3D%20function%20_forceNonZeroScale%28e%29%20%7B%0A%20%20%2F%2F%20walks%20up%20the%20element%27s%20ancestors%20and%20finds%20any%20that%20had%20their%20scale%20set%20to%200%20via%20GSAP%2C%20and%20changes%20them%20to%200.0001%20to%20ensure%20that%20measurements%20work.%20Firefox%20has%20a%20bug%20that%20causes%20it%20to%20incorrectly%20report%20getBoundingClientRect%28%29%20when%20scale%20is%200.%0A%20%20var%20a%2C%20cache%3B%0A%20%20while%28e%20%26%26%20e%20%21%3D%3D%20_body%29%7B%0A%20%20cache%20%3D%20e._gsap%3B%0A%20%20cache%20%26%26%20cache.uncache%20%26%26%20cache.get%28e%2C%20%22x%22%29%3B%20%2F%2F%20force%20re-parsing%20of%20transforms%20if%20necessary%0A%20%20if%20%28cache%20%26%26%20%21cache.scaleX%20%26%26%20%21cache.scaleY%20%26%26%20cache.renderTransform%29%20%7B%0A%20%20cache.scaleX%20%3D%20cache.scaleY%20%3D%201e-4%3B%0A%20%20cache.renderTransform%281%2C%20cache%29%3B%0A%20%20a%20%3F%20a.push%28cache%29%20%3A%20a%20%3D%20%5B%0A%20%20cache%0A%20%20%5D%3B%0A%20%20%7D%0A%20%20e%20%3D%20e.parentNode%3B%0A%20%20%7D%0A%20%20return%20a%3B%0A%20%20%7D%2C%20%2F%2F%20possible%20future%20addition%3A%20pass%20an%20element%20to%20_forceDisplay%28%29%20and%20it%27ll%20walk%20up%20all%20its%20ancestors%20and%20make%20sure%20anything%20with%20display%3A%20none%20is%20set%20to%20display%3A%20block%2C%20and%20if%20there%27s%20no%20parentNode%2C%20it%27ll%20add%20it%20to%20the%20body.%20It%20returns%20an%20Array%20that%20you%20can%20then%20feed%20to%20_revertDisplay%28%29%20to%20have%20it%20revert%20all%20the%20changes%20it%20made.%0A%20%20%2F%2F%20_forceDisplay%20%3D%20e%20%3D%3E%20%7B%0A%20%20%2F%2F%20%09let%20a%20%3D%20%5B%5D%2C%0A%20%20%2F%2F%20%09%09parent%3B%0A%20%20%2F%2F%20%09while%20%28e%20%26%26%20e%20%21%3D%3D%20_body%29%20%7B%0A%20%20%2F%2F%20%09%09parent%20%3D%20e.parentNode%3B%0A%20%20%2F%2F%20%09%09%28_win.getComputedStyle%28e%29.display%20%3D%3D%3D%20%22none%22%20%7C%7C%20%21parent%29%20%26%26%20a.push%28e%2C%20e.style.display%2C%20parent%29%20%26%26%20%28e.style.display%20%3D%20%22block%22%29%3B%0A%20%20%2F%2F%20%09%09parent%20%7C%7C%20_body.appendChild%28e%29%3B%0A%20%20%2F%2F%20%09%09e%20%3D%20parent%3B%0A%20%20%2F%2F%20%09%7D%0A%20%20%2F%2F%20%09return%20a%3B%0A%20%20%2F%2F%20%7D%2C%0A%20%20%2F%2F%20_revertDisplay%20%3D%20a%20%3D%3E%20%7B%0A%20%20%2F%2F%20%09for%20%28let%20i%20%3D%200%3B%20i%20%3C%20a.length%3B%20i%2B%3D3%29%20%7B%0A%20%20%2F%2F%20%09%09a%5Bi%2B1%5D%20%3F%20%28a%5Bi%5D.style.display%20%3D%20a%5Bi%2B1%5D%29%20%3A%20a%5Bi%5D.style.removeProperty%28%22display%22%29%3B%0A%20%20%2F%2F%20%09%09a%5Bi%2B2%5D%20%7C%7C%20a%5Bi%5D.parentNode.removeChild%28a%5Bi%5D%29%3B%0A%20%20%2F%2F%20%09%7D%0A%20%20%2F%2F%20%7D%2C%0A%20%20_svgTemps%20%3D%20%5B%5D%2C%20%2F%2Fwe%20create%203%20elements%20for%20SVG%2C%20and%203%20for%20other%20DOM%20elements%20and%20cache%20them%20for%20performance%20reasons.%20They%20get%20nested%20in%20_divContainer%20and%20_svgContainer%20so%20that%20just%20one%20element%20is%20added%20to%20the%20DOM%20on%20each%20successive%20attempt.%20Again%2C%20performance%20is%20key.%0A%20%20_divTemps%20%3D%20%5B%5D%2C%20_getDocScrollTop%20%3D%20function%20_getDocScrollTop%28%29%20%7B%0A%20%20return%20_win.pageYOffset%20%7C%7C%20_doc.scrollTop%20%7C%7C%20_docElement.scrollTop%20%7C%7C%20_body.scrollTop%20%7C%7C%200%3B%0A%20%20%7D%2C%20_getDocScrollLeft%20%3D%20function%20_getDocScrollLeft%28%29%20%7B%0A%20%20return%20_win.pageXOffset%20%7C%7C%20_doc.scrollLeft%20%7C%7C%20_docElement.scrollLeft%20%7C%7C%20_body.scrollLeft%20%7C%7C%200%3B%0A%20%20%7D%2C%20_svgOwner%20%3D%20function%20_svgOwner%28element%29%20%7B%0A%20%20return%20element.ownerSVGElement%20%7C%7C%20%28%28element.tagName%20%2B%20%22%22%29.toLowerCase%28%29%20%3D%3D%3D%20%22svg%22%20%3F%20element%20%3A%20null%29%3B%0A%20%20%7D%2C%20_isFixed%20%3D%20function%20_isFixed%28element%29%20%7B%0A%20%20if%20%28_win.getComputedStyle%28element%29.position%20%3D%3D%3D%20%22fixed%22%29%20%7B%0A%20%20return%20true%3B%0A%20%20%7D%0A%20%20element%20%3D%20element.parentNode%3B%0A%20%20if%20%28element%20%26%26%20element.nodeType%20%3D%3D%3D%201%29%20%7B%0A%20%20%2F%2F%20avoid%20document%20fragments%20which%20will%20throw%20an%20error.%0A%20%20return%20_isFixed%28element%29%3B%0A%20%20%7D%0A%20%20%7D%2C%20_createSibling%20%3D%20function%20_createSibling%28element%2C%20i%29%20%7B%0A%20%20if%20%28element.parentNode%20%26%26%20%28_doc%20%7C%7C%20_setDoc%28element%29%29%29%20%7B%0A%20%20var%20svg%20%3D%20_svgOwner%28element%29%2C%20ns%20%3D%20svg%20%3F%20svg.getAttribute%28%22xmlns%22%29%20%7C%7C%20%22http%3A%2F%2Fwww.w3.org%2F2000%2Fsvg%22%20%3A%20%22http%3A%2F%2Fwww.w3.org%2F1999%2Fxhtml%22%2C%20type%20%3D%20svg%20%3F%20i%20%3F%20%22rect%22%20%3A%20%22g%22%20%3A%20%22div%22%2C%20x%20%3D%20i%20%21%3D%3D%202%20%3F%200%20%3A%20100%2C%20y%20%3D%20i%20%3D%3D%3D%203%20%3F%20100%20%3A%200%2C%20css%20%3D%20%7B%0A%20%20position%3A%20%22absolute%22%2C%0A%20%20display%3A%20%22block%22%2C%0A%20%20pointerEvents%3A%20%22none%22%2C%0A%20%20margin%3A%20%220%22%2C%0A%20%20padding%3A%20%220%22%0A%20%20%7D%2C%20e%20%3D%20_doc.createElementNS%20%3F%20_doc.createElementNS%28ns.replace%28%2F%5Ehttps%2F%2C%20%22http%22%29%2C%20type%29%20%3A%20_doc.createElement%28type%29%3B%0A%20%20if%20%28i%29%20%7B%0A%20%20if%20%28%21svg%29%20%7B%0A%20%20if%20%28%21_divContainer%29%20%7B%0A%20%20_divContainer%20%3D%20_createSibling%28element%29%3B%0A%20%20Object.assign%28_divContainer.style%2C%20css%29%3B%0A%20%20%7D%0A%20%20Object.assign%28e.style%2C%20css%2C%20%7B%0A%20%20width%3A%20%220.1px%22%2C%0A%20%20height%3A%20%220.1px%22%2C%0A%20%20top%3A%20y%20%2B%20%22px%22%2C%0A%20%20left%3A%20x%20%2B%20%22px%22%0A%20%20%7D%29%3B%0A%20%20_divContainer.appendChild%28e%29%3B%0A%20%20%7D%20else%20%7B%0A%20%20_svgContainer%20%7C%7C%20%28_svgContainer%20%3D%20_createSibling%28element%29%29%3B%0A%20%20e.setAttribute%28%22width%22%2C%200.01%29%3B%0A%20%20e.setAttribute%28%22height%22%2C%200.01%29%3B%0A%20%20e.setAttribute%28%22transform%22%2C%20%22translate%28%22%20%2B%20x%20%2B%20%22%2C%22%20%2B%20y%20%2B%20%22%29%22%29%3B%0A%20%20e.setAttribute%28%22fill%22%2C%20%22transparent%22%29%3B%0A%20%20_svgContainer.appendChild%28e%29%3B%0A%20%20%7D%0A%20%20%7D%0A%20%20return%20e%3B%0A%20%20%7D%0A%20%20throw%20%22Need%20document%20and%20parent.%22%3B%0A%20%20%7D%2C%20_consolidate%20%3D%20function%20_consolidate%28m%29%20%7B%0A%20%20%2F%2F%20replaces%20SVGTransformList.consolidate%28%29%20because%20a%20bug%20in%20Firefox%20causes%20it%20to%20break%20pointer%20events.%20See%20https%3A%2F%2Fgsap.com%2Fforums%2Ftopic%2F23248-touch-is-not-working-on-draggable-in-firefox-windows-v324%2F%3Ftab%3Dcomments%23comment-109800%0A%20%20var%20c%20%3D%20new%20Matrix2D%28%29%2C%20i%20%3D%200%3B%0A%20%20for%28%3B%20i%20%3C%20m.numberOfItems%3B%20i%2B%2B%29%7B%0A%20%20c.multiply%28m.getItem%28i%29.matrix%29%3B%0A%20%20%7D%0A%20%20return%20c%3B%0A%20%20%7D%2C%20_getCTM%20%3D%20function%20_getCTM%28svg%29%20%7B%0A%20%20var%20m%20%3D%20svg.getCTM%28%29%2C%20transform%3B%0A%20%20if%20%28%21m%29%20%7B%0A%20%20%2F%2F%20Firefox%20returns%20null%20for%20getCTM%28%29%20on%20root%20%3Csvg%3E%20elements%2C%20so%20this%20is%20a%20workaround%20using%20a%20%3Cg%3E%20that%20we%20temporarily%20append.%0A%20%20transform%20%3D%20svg.style%5B_transformProp%5D%3B%0A%20%20svg.style%5B_transformProp%5D%20%3D%20%22none%22%3B%20%2F%2F%20a%20bug%20in%20Firefox%20causes%20css%20transforms%20to%20contaminate%20the%20getCTM%28%29%0A%20%20svg.appendChild%28_gEl%29%3B%0A%20%20m%20%3D%20_gEl.getCTM%28%29%3B%0A%20%20svg.removeChild%28_gEl%29%3B%0A%20%20transform%20%3F%20svg.style%5B_transformProp%5D%20%3D%20transform%20%3A%20svg.style.removeProperty%28_transformProp.replace%28%2F%28%5BA-Z%5D%29%2Fg%2C%20%22-%241%22%29.toLowerCase%28%29%29%3B%0A%20%20%7D%0A%20%20return%20m%20%7C%7C%20_identityMatrix.clone%28%29%3B%20%2F%2F%20Firefox%20will%20still%20return%20null%20if%20the%20%3Csvg%3E%20has%20a%20width%2Fheight%20of%200%20in%20the%20browser.%0A%20%20%7D%2C%20_placeSiblings%20%3D%20function%20_placeSiblings%28element%2C%20adjustGOffset%29%20%7B%0A%20%20var%20svg%20%3D%20_svgOwner%28element%29%2C%20isRootSVG%20%3D%20element%20%3D%3D%3D%20svg%2C%20siblings%20%3D%20svg%20%3F%20_svgTemps%20%3A%20_divTemps%2C%20parent%20%3D%20element.parentNode%2C%20appendToEl%20%3D%20parent%20%26%26%20%21svg%20%26%26%20parent.shadowRoot%20%26%26%20parent.shadowRoot.appendChild%20%3F%20parent.shadowRoot%20%3A%20parent%2C%20container%2C%20m%2C%20b%2C%20x%2C%20y%2C%20cs%3B%0A%20%20if%20%28element%20%3D%3D%3D%20_win%29%20%7B%0A%20%20return%20element%3B%0A%20%20%7D%0A%20%20siblings.length%20%7C%7C%20siblings.push%28_createSibling%28element%2C%201%29%2C%20_createSibling%28element%2C%202%29%2C%20_createSibling%28element%2C%203%29%29%3B%0A%20%20container%20%3D%20svg%20%3F%20_svgContainer%20%3A%20_divContainer%3B%0A%20%20if%20%28svg%29%20%7B%0A%20%20if%20%28isRootSVG%29%20%7B%0A%20%20b%20%3D%20_getCTM%28element%29%3B%0A%20%20x%20%3D%20-b.e%20%2F%20b.a%3B%0A%20%20y%20%3D%20-b.f%20%2F%20b.d%3B%0A%20%20m%20%3D%20_identityMatrix%3B%0A%20%20%7D%20else%20if%20%28element.getBBox%29%20%7B%0A%20%20b%20%3D%20element.getBBox%28%29%3B%0A%20%20m%20%3D%20element.transform%20%3F%20element.transform.baseVal%20%3A%20%7B%7D%3B%20%2F%2F%20IE11%20doesn%27t%20follow%20the%20spec.%0A%20%20m%20%3D%20%21m.numberOfItems%20%3F%20_identityMatrix%20%3A%20m.numberOfItems%20%3E%201%20%3F%20_consolidate%28m%29%20%3A%20m.getItem%280%29.matrix%3B%20%2F%2F%20don%27t%20call%20m.consolidate%28%29.matrix%20because%20a%20bug%20in%20Firefox%20makes%20pointer%20events%20not%20work%20when%20consolidate%28%29%20is%20called%20on%20the%20same%20tick%20as%20getBoundingClientRect%28%29%21%20See%20https%3A%2F%2Fgsap.com%2Fforums%2Ftopic%2F23248-touch-is-not-working-on-draggable-in-firefox-windows-v324%2F%3Ftab%3Dcomments%23comment-109800%0A%20%20x%20%3D%20m.a%20%2A%20b.x%20%2B%20m.c%20%2A%20b.y%3B%0A%20%20y%20%3D%20m.b%20%2A%20b.x%20%2B%20m.d%20%2A%20b.y%3B%0A%20%20%7D%20else%20%7B%0A%20%20%2F%2F%20may%20be%20a%20%3Cmask%3E%20which%20has%20no%20getBBox%28%29%20so%20just%20use%20defaults%20instead%20of%20throwing%20errors.%0A%20%20m%20%3D%20new%20Matrix2D%28%29%3B%0A%20%20x%20%3D%20y%20%3D%200%3B%0A%20%20%7D%0A%20%20if%20%28adjustGOffset%20%26%26%20element.tagName.toLowerCase%28%29%20%3D%3D%3D%20%22g%22%29%20%7B%0A%20%20x%20%3D%20y%20%3D%200%3B%0A%20%20%7D%0A%20%20%28isRootSVG%20%7C%7C%20%21element.getBoundingClientRect%28%29.width%20%3F%20svg%20%3A%20parent%29.appendChild%28container%29%3B%20%2F%2F%20check%20getBoundingClientRect%28%29.width%20because%20things%20inside%20a%20%3Cmask%3E%2C%20for%20example%2C%20may%20return%200%20in%20which%20case%20we%20need%20to%20move%20the%20element%20to%20the%20root%20SVG%20to%20properly%20measure%20things.%20An%20alternative%20would%20be%20to%20walk%20up%20the%20DOM%20and%20see%20if%20any%20ancestor%20is%20a%20nodeName%20of%20%22mask%22%20and%20if%20so%2C%20set%20parent%20to%20svg.%0A%20%20container.setAttribute%28%22transform%22%2C%20%22matrix%28%22%20%2B%20m.a%20%2B%20%22%2C%22%20%2B%20m.b%20%2B%20%22%2C%22%20%2B%20m.c%20%2B%20%22%2C%22%20%2B%20m.d%20%2B%20%22%2C%22%20%2B%20%28m.e%20%2B%20x%29%20%2B%20%22%2C%22%20%2B%20%28m.f%20%2B%20y%29%20%2B%20%22%29%22%29%3B%0A%20%20%7D%20else%20%7B%0A%20%20x%20%3D%20y%20%3D%200%3B%0A%20%20if%20%28_hasOffsetBug%29%20%7B%0A%20%20%2F%2F%20some%20browsers%20%28like%20Safari%29%20have%20a%20bug%20that%20causes%20them%20to%20misreport%20offset%20values.%20When%20an%20ancestor%20element%20has%20a%20transform%20applied%2C%20it%27s%20supposed%20to%20treat%20it%20as%20if%20it%27s%20position%3A%20relative%20%28new%20context%29.%20Safari%20botches%20this%2C%20so%20we%20need%20to%20find%20the%20closest%20ancestor%20%28between%20the%20element%20and%20its%20offsetParent%29%20that%20has%20a%20transform%20applied%20and%20if%20one%20is%20found%2C%20grab%20its%20offsetTop%2FLeft%20and%20subtract%20them%20to%20compensate.%0A%20%20m%20%3D%20element.offsetParent%3B%0A%20%20b%20%3D%20element%3B%0A%20%20while%28b%20%26%26%20%28b%20%3D%20b.parentNode%29%20%26%26%20b%20%21%3D%3D%20m%20%26%26%20b.parentNode%29%7B%0A%20%20if%20%28%28_win.getComputedStyle%28b%29%5B_transformProp%5D%20%2B%20%22%22%29.length%20%3E%204%29%20%7B%0A%20%20x%20%3D%20b.offsetLeft%3B%0A%20%20y%20%3D%20b.offsetTop%3B%0A%20%20b%20%3D%200%3B%0A%20%20%7D%0A%20%20%7D%0A%20%20%7D%0A%20%20cs%20%3D%20_win.getComputedStyle%28element%29%3B%0A%20%20if%20%28cs.position%20%21%3D%3D%20%22absolute%22%20%26%26%20cs.position%20%21%3D%3D%20%22fixed%22%29%20%7B%0A%20%20m%20%3D%20element.offsetParent%3B%0A%20%20while%28parent%20%26%26%20parent%20%21%3D%3D%20m%29%7B%0A%20%20%2F%2F%20if%20there%27s%20an%20ancestor%20element%20between%20the%20element%20and%20its%20offsetParent%20that%27s%20scrolled%2C%20we%20must%20factor%20that%20in.%0A%20%20x%20%2B%3D%20parent.scrollLeft%20%7C%7C%200%3B%0A%20%20y%20%2B%3D%20parent.scrollTop%20%7C%7C%200%3B%0A%20%20parent%20%3D%20parent.parentNode%3B%0A%20%20%7D%0A%20%20%7D%0A%20%20b%20%3D%20container.style%3B%0A%20%20b.top%20%3D%20element.offsetTop%20-%20y%20%2B%20%22px%22%3B%0A%20%20b.left%20%3D%20element.offsetLeft%20-%20x%20%2B%20%22px%22%3B%0A%20%20b%5B_transformProp%5D%20%3D%20cs%5B_transformProp%5D%3B%0A%20%20b%5B_transformOriginProp%5D%20%3D%20cs%5B_transformOriginProp%5D%3B%20%2F%2F%20b.border%20%3D%20m.border%3B%0A%20%20%2F%2F%20b.borderLeftStyle%20%3D%20m.borderLeftStyle%3B%0A%20%20%2F%2F%20b.borderTopStyle%20%3D%20m.borderTopStyle%3B%0A%20%20%2F%2F%20b.borderLeftWidth%20%3D%20m.borderLeftWidth%3B%0A%20%20%2F%2F%20b.borderTopWidth%20%3D%20m.borderTopWidth%3B%0A%20%20b.position%20%3D%20cs.position%20%3D%3D%3D%20%22fixed%22%20%3F%20%22fixed%22%20%3A%20%22absolute%22%3B%0A%20%20appendToEl.appendChild%28container%29%3B%0A%20%20%7D%0A%20%20return%20container%3B%0A%20%20%7D%2C%20_setMatrix%20%3D%20function%20_setMatrix%28m%2C%20a%2C%20b%2C%20c%2C%20d%2C%20e%2C%20f%29%20%7B%0A%20%20m.a%20%3D%20a%3B%0A%20%20m.b%20%3D%20b%3B%0A%20%20m.c%20%3D%20c%3B%0A%20%20m.d%20%3D%20d%3B%0A%20%20m.e%20%3D%20e%3B%0A%20%20m.f%20%3D%20f%3B%0A%20%20return%20m%3B%0A%20%20%7D%3B%0A%20%20var%20Matrix2D%20%3D%20%2F%2A%23__PURE__%2A%2F%20function%28%29%20%7B%0A%20%20function%20Matrix2D%28a%2C%20b%2C%20c%2C%20d%2C%20e%2C%20f%29%20%7B%0A%20%20if%20%28a%20%3D%3D%3D%20void%200%29%20%7B%0A%20%20a%20%3D%201%3B%0A%20%20%7D%0A%20%20if%20%28b%20%3D%3D%3D%20void%200%29%20%7B%0A%20%20b%20%3D%200%3B%0A%20%20%7D%0A%20%20if%20%28c%20%3D%3D%3D%20void%200%29%20%7B%0A%20%20c%20%3D%200%3B%0A%20%20%7D%0A%20%20if%20%28d%20%3D%3D%3D%20void%200%29%20%7B%0A%20%20d%20%3D%201%3B%0A%20%20%7D%0A%20%20if%20%28e%20%3D%3D%3D%20void%200%29%20%7B%0A%20%20e%20%3D%200%3B%0A%20%20%7D%0A%20%20if%20%28f%20%3D%3D%3D%20void%200%29%20%7B%0A%20%20f%20%3D%200%3B%0A%20%20%7D%0A%20%20_setMatrix%28this%2C%20a%2C%20b%2C%20c%2C%20d%2C%20e%2C%20f%29%3B%0A%20%20%7D%0A%20%20var%20_proto%20%3D%20Matrix2D.prototype%3B%0A%20%20_proto.inverse%20%3D%20function%20inverse%28%29%20%7B%0A%20%20var%20a%20%3D%20this.a%2C%20b%20%3D%20this.b%2C%20c%20%3D%20this.c%2C%20d%20%3D%20this.d%2C%20e%20%3D%20this.e%2C%20f%20%3D%20this.f%2C%20determinant%20%3D%20a%20%2A%20d%20-%20b%20%2A%20c%20%7C%7C%201e-10%3B%0A%20%20return%20_setMatrix%28this%2C%20d%20%2F%20determinant%2C%20-b%20%2F%20determinant%2C%20-c%20%2F%20determinant%2C%20a%20%2F%20determinant%2C%20%28c%20%2A%20f%20-%20d%20%2A%20e%29%20%2F%20determinant%2C%20-%28a%20%2A%20f%20-%20b%20%2A%20e%29%20%2F%20determinant%29%3B%0A%20%20%7D%3B%0A%20%20_proto.multiply%20%3D%20function%20multiply%28matrix%29%20%7B%0A%20%20var%20a%20%3D%20this.a%2C%20b%20%3D%20this.b%2C%20c%20%3D%20this.c%2C%20d%20%3D%20this.d%2C%20e%20%3D%20this.e%2C%20f%20%3D%20this.f%2C%20a2%20%3D%20matrix.a%2C%20b2%20%3D%20matrix.c%2C%20c2%20%3D%20matrix.b%2C%20d2%20%3D%20matrix.d%2C%20e2%20%3D%20matrix.e%2C%20f2%20%3D%20matrix.f%3B%0A%20%20return%20_setMatrix%28this%2C%20a2%20%2A%20a%20%2B%20c2%20%2A%20c%2C%20a2%20%2A%20b%20%2B%20c2%20%2A%20d%2C%20b2%20%2A%20a%20%2B%20d2%20%2A%20c%2C%20b2%20%2A%20b%20%2B%20d2%20%2A%20d%2C%20e%20%2B%20e2%20%2A%20a%20%2B%20f2%20%2A%20c%2C%20f%20%2B%20e2%20%2A%20b%20%2B%20f2%20%2A%20d%29%3B%0A%20%20%7D%3B%0A%20%20_proto.clone%20%3D%20function%20clone%28%29%20%7B%0A%20%20return%20new%20Matrix2D%28this.a%2C%20this.b%2C%20this.c%2C%20this.d%2C%20this.e%2C%20this.f%29%3B%0A%20%20%7D%3B%0A%20%20_proto.equals%20%3D%20function%20equals%28matrix%29%20%7B%0A%20%20var%20a%20%3D%20this.a%2C%20b%20%3D%20this.b%2C%20c%20%3D%20this.c%2C%20d%20%3D%20this.d%2C%20e%20%3D%20this.e%2C%20f%20%3D%20this.f%3B%0A%20%20return%20a%20%3D%3D%3D%20matrix.a%20%26%26%20b%20%3D%3D%3D%20matrix.b%20%26%26%20c%20%3D%3D%3D%20matrix.c%20%26%26%20d%20%3D%3D%3D%20matrix.d%20%26%26%20e%20%3D%3D%3D%20matrix.e%20%26%26%20f%20%3D%3D%3D%20matrix.f%3B%0A%20%20%7D%3B%0A%20%20_proto.apply%20%3D%20function%20apply%28point%2C%20decoratee%29%20%7B%0A%20%20if%20%28decoratee%20%3D%3D%3D%20void%200%29%20%7B%0A%20%20decoratee%20%3D%20%7B%7D%3B%0A%20%20%7D%0A%20%20var%20x%20%3D%20point.x%2C%20y%20%3D%20point.y%2C%20a%20%3D%20this.a%2C%20b%20%3D%20this.b%2C%20c%20%3D%20this.c%2C%20d%20%3D%20this.d%2C%20e%20%3D%20this.e%2C%20f%20%3D%20this.f%3B%0A%20%20decoratee.x%20%3D%20x%20%2A%20a%20%2B%20y%20%2A%20c%20%2B%20e%20%7C%7C%200%3B%0A%20%20decoratee.y%20%3D%20x%20%2A%20b%20%2B%20y%20%2A%20d%20%2B%20f%20%7C%7C%200%3B%0A%20%20return%20decoratee%3B%0A%20%20%7D%3B%0A%20%20return%20Matrix2D%3B%0A%20%20%7D%28%29%3B%20%2F%2F%20Feed%20in%20an%20element%20and%20it%27ll%20return%20a%202D%20matrix%20%28optionally%20inverted%29%20so%20that%20you%20can%20translate%20between%20coordinate%20spaces.%0A%20%20function%20getGlobalMatrix%28element%2C%20inverse%2C%20adjustGOffset%2C%20includeScrollInFixed%29%20%7B%0A%20%20%2F%2F%20adjustGOffset%20is%20typically%20used%20only%20when%20grabbing%20an%20element%27s%20PARENT%27s%20global%20matrix%2C%20and%20it%20ignores%20the%20x%2Fy%20offset%20of%20any%20SVG%20%3Cg%3E%20elements%20because%20they%20behave%20in%20a%20special%20way.%0A%20%20if%20%28%21element%20%7C%7C%20%21element.parentNode%20%7C%7C%20%28_doc%20%7C%7C%20_setDoc%28element%29%29.documentElement%20%3D%3D%3D%20element%29%20%7B%0A%20%20return%20new%20Matrix2D%28%29%3B%0A%20%20%7D%0A%20%20var%20zeroScales%20%3D%20_forceNonZeroScale%28element%29%2C%20svg%20%3D%20_svgOwner%28element%29%2C%20temps%20%3D%20svg%20%3F%20_svgTemps%20%3A%20_divTemps%2C%20container%20%3D%20_placeSiblings%28element%2C%20adjustGOffset%29%2C%20b1%20%3D%20temps%5B0%5D.getBoundingClientRect%28%29%2C%20b2%20%3D%20temps%5B1%5D.getBoundingClientRect%28%29%2C%20b3%20%3D%20temps%5B2%5D.getBoundingClientRect%28%29%2C%20parent%20%3D%20container.parentNode%2C%20isFixed%20%3D%20%21includeScrollInFixed%20%26%26%20_isFixed%28element%29%2C%20m%20%3D%20new%20Matrix2D%28%28b2.left%20-%20b1.left%29%20%2F%20100%2C%20%28b2.top%20-%20b1.top%29%20%2F%20100%2C%20%28b3.left%20-%20b1.left%29%20%2F%20100%2C%20%28b3.top%20-%20b1.top%29%20%2F%20100%2C%20b1.left%20%2B%20%28isFixed%20%3F%200%20%3A%20_getDocScrollLeft%28%29%29%2C%20b1.top%20%2B%20%28isFixed%20%3F%200%20%3A%20_getDocScrollTop%28%29%29%29%3B%0A%20%20parent.removeChild%28container%29%3B%0A%20%20if%20%28zeroScales%29%20%7B%0A%20%20b1%20%3D%20zeroScales.length%3B%0A%20%20while%28b1--%29%7B%0A%20%20b2%20%3D%20zeroScales%5Bb1%5D%3B%0A%20%20b2.scaleX%20%3D%20b2.scaleY%20%3D%200%3B%0A%20%20b2.renderTransform%281%2C%20b2%29%3B%0A%20%20%7D%0A%20%20%7D%0A%20%20return%20inverse%20%3F%20m.inverse%28%29%20%3A%20m%3B%0A%20%20%7D%0A%20%20%3B%0A%20%20%3B%0A%20%20var%20_id%20%3D%201%2C%20_toArray%2C%20gsap%2C%20_batch%2C%20_batchAction%2C%20_body1%2C%20_closestTenth%2C%20_getStyleSaver%2C%20_forEachBatch%20%3D%20function%20_forEachBatch%28batch%2C%20name%29%20%7B%0A%20%20return%20batch.actions.forEach%28function%28a%29%20%7B%0A%20%20return%20a.vars%5Bname%5D%20%26%26%20a.vars%5Bname%5D%28a%29%3B%0A%20%20%7D%29%3B%0A%20%20%7D%2C%20_batchLookup%20%3D%20%7B%7D%2C%20_RAD2DEG%20%3D%20180%20%2F%20Math.PI%2C%20_DEG2RAD%20%3D%20Math.PI%20%2F%20180%2C%20_emptyObj%20%3D%20%7B%7D%2C%20_dashedNameLookup%20%3D%20%7B%7D%2C%20_memoizedRemoveProps%20%3D%20%7B%7D%2C%20_listToArray%20%3D%20function%20_listToArray%28list%29%20%7B%0A%20%20return%20typeof%20list%20%3D%3D%3D%20%22string%22%20%3F%20list.split%28%22%20%22%29.join%28%22%22%29.split%28%22%2C%22%29%20%3A%20list%3B%0A%20%20%7D%2C%20%2F%2F%20removes%20extra%20spaces%20contaminating%20the%20names%2C%20returns%20an%20Array.%0A%20%20_callbacks%20%3D%20_listToArray%28%22onStart%2ConUpdate%2ConComplete%2ConReverseComplete%2ConInterrupt%22%29%2C%20_removeProps%20%3D%20_listToArray%28%22transform%2CtransformOrigin%2Cwidth%2Cheight%2Cposition%2Ctop%2Cleft%2Copacity%2CzIndex%2CmaxWidth%2CmaxHeight%2CminWidth%2CminHeight%22%29%2C%20_getEl%20%3D%20function%20_getEl%28target%29%20%7B%0A%20%20return%20_toArray%28target%29%5B0%5D%20%7C%7C%20console.warn%28%22Element%20not%20found%3A%22%2C%20target%29%3B%0A%20%20%7D%2C%20_round%20%3D%20function%20_round%28value%29%20%7B%0A%20%20return%20Math.round%28value%20%2A%2010000%29%20%2F%2010000%20%7C%7C%200%3B%0A%20%20%7D%2C%20_toggleClass%20%3D%20function%20_toggleClass%28targets%2C%20className%2C%20action%29%20%7B%0A%20%20return%20targets.forEach%28function%28el%29%20%7B%0A%20%20return%20el.classList%5Baction%5D%28className%29%3B%0A%20%20%7D%29%3B%0A%20%20%7D%2C%20_reserved%20%3D%20%7B%0A%20%20zIndex%3A%201%2C%0A%20%20kill%3A%201%2C%0A%20%20simple%3A%201%2C%0A%20%20spin%3A%201%2C%0A%20%20clearProps%3A%201%2C%0A%20%20targets%3A%201%2C%0A%20%20toggleClass%3A%201%2C%0A%20%20onComplete%3A%201%2C%0A%20%20onUpdate%3A%201%2C%0A%20%20onInterrupt%3A%201%2C%0A%20%20onStart%3A%201%2C%0A%20%20delay%3A%201%2C%0A%20%20repeat%3A%201%2C%0A%20%20repeatDelay%3A%201%2C%0A%20%20yoyo%3A%201%2C%0A%20%20scale%3A%201%2C%0A%20%20fade%3A%201%2C%0A%20%20absolute%3A%201%2C%0A%20%20props%3A%201%2C%0A%20%20onEnter%3A%201%2C%0A%20%20onLeave%3A%201%2C%0A%20%20custom%3A%201%2C%0A%20%20paused%3A%201%2C%0A%20%20nested%3A%201%2C%0A%20%20prune%3A%201%2C%0A%20%20absoluteOnLeave%3A%201%0A%20%20%7D%2C%20_fitReserved%20%3D%20%7B%0A%20%20zIndex%3A%201%2C%0A%20%20simple%3A%201%2C%0A%20%20clearProps%3A%201%2C%0A%20%20scale%3A%201%2C%0A%20%20absolute%3A%201%2C%0A%20%20fitChild%3A%201%2C%0A%20%20getVars%3A%201%2C%0A%20%20props%3A%201%0A%20%20%7D%2C%20_camelToDashed%20%3D%20function%20_camelToDashed%28p%29%20%7B%0A%20%20return%20p.replace%28%2F%28%5BA-Z%5D%29%2Fg%2C%20%22-%241%22%29.toLowerCase%28%29%3B%0A%20%20%7D%2C%20_copy%20%3D%20function%20_copy%28obj%2C%20exclude%29%20%7B%0A%20%20var%20result%20%3D%20%7B%7D%2C%20p%3B%0A%20%20for%28p%20in%20obj%29%7B%0A%20%20exclude%5Bp%5D%20%7C%7C%20%28result%5Bp%5D%20%3D%20obj%5Bp%5D%29%3B%0A%20%20%7D%0A%20%20return%20result%3B%0A%20%20%7D%2C%20_memoizedProps%20%3D%20%7B%7D%2C%20_memoizeProps%20%3D%20function%20_memoizeProps%28props%29%20%7B%0A%20%20var%20p%20%3D%20_memoizedProps%5Bprops%5D%20%3D%20_listToArray%28props%29%3B%0A%20%20_memoizedRemoveProps%5Bprops%5D%20%3D%20p.concat%28_removeProps%29%3B%0A%20%20return%20p%3B%0A%20%20%7D%2C%20_getInverseGlobalMatrix%20%3D%20function%20_getInverseGlobalMatrix%28el%29%20%7B%0A%20%20%2F%2F%20integrates%20caching%20for%20improved%20performance%0A%20%20var%20cache%20%3D%20el._gsap%20%7C%7C%20gsap.core.getCache%28el%29%3B%0A%20%20if%20%28cache.gmCache%20%3D%3D%3D%20gsap.ticker.frame%29%20%7B%0A%20%20return%20cache.gMatrix%3B%0A%20%20%7D%0A%20%20cache.gmCache%20%3D%20gsap.ticker.frame%3B%0A%20%20return%20cache.gMatrix%20%3D%20getGlobalMatrix%28el%2C%20true%2C%20false%2C%20true%29%3B%0A%20%20%7D%2C%20_getDOMDepth%20%3D%20function%20_getDOMDepth%28el%2C%20invert%2C%20level%29%20%7B%0A%20%20if%20%28level%20%3D%3D%3D%20void%200%29%20%7B%0A%20%20level%20%3D%200%3B%0A%20%20%7D%0A%20%20%2F%2F%20In%20invert%20is%20true%2C%20the%20sibling%20depth%20is%20increments%20of%201%2C%20and%20parent%2Fnesting%20depth%20is%20increments%20of%201000.%20This%20lets%20us%20order%20elements%20in%20an%20Array%20to%20reflect%20document%20flow.%0A%20%20var%20parent%20%3D%20el.parentNode%2C%20inc%20%3D%201000%20%2A%20Math.pow%2810%2C%20level%29%20%2A%20%28invert%20%3F%20-1%20%3A%201%29%2C%20l%20%3D%20invert%20%3F%20-inc%20%2A%20900%20%3A%200%3B%0A%20%20while%28el%29%7B%0A%20%20l%20%2B%3D%20inc%3B%0A%20%20el%20%3D%20el.previousSibling%3B%0A%20%20%7D%0A%20%20return%20parent%20%3F%20l%20%2B%20_getDOMDepth%28parent%2C%20invert%2C%20level%20%2B%201%29%20%3A%20l%3B%0A%20%20%7D%2C%20_orderByDOMDepth%20%3D%20function%20_orderByDOMDepth%28comps%2C%20invert%2C%20isElStates%29%20%7B%0A%20%20comps.forEach%28function%28comp%29%20%7B%0A%20%20return%20comp.d%20%3D%20_getDOMDepth%28isElStates%20%3F%20comp.element%20%3A%20comp.t%2C%20invert%29%3B%0A%20%20%7D%29%3B%0A%20%20comps.sort%28function%28c1%2C%20c2%29%20%7B%0A%20%20return%20c1.d%20-%20c2.d%3B%0A%20%20%7D%29%3B%0A%20%20return%20comps%3B%0A%20%20%7D%2C%20_recordInlineStyles%20%3D%20function%20_recordInlineStyles%28elState%2C%20props%29%20%7B%0A%20%20%2F%2F%20records%20the%20current%20inline%20CSS%20properties%20into%20an%20Array%20in%20alternating%20name%2Fvalue%20pairs%20that%27s%20stored%20in%20a%20%22css%22%20property%20on%20the%20state%20object%20so%20that%20we%20can%20revert%20later.%0A%20%20var%20style%20%3D%20elState.element.style%2C%20a%20%3D%20elState.css%20%3D%20elState.css%20%7C%7C%20%5B%5D%2C%20i%20%3D%20props.length%2C%20p%2C%20v%3B%0A%20%20while%28i--%29%7B%0A%20%20p%20%3D%20props%5Bi%5D%3B%0A%20%20v%20%3D%20style%5Bp%5D%20%7C%7C%20style.getPropertyValue%28p%29%3B%0A%20%20a.push%28v%20%3F%20p%20%3A%20_dashedNameLookup%5Bp%5D%20%7C%7C%20%28_dashedNameLookup%5Bp%5D%20%3D%20_camelToDashed%28p%29%29%2C%20v%29%3B%0A%20%20%7D%0A%20%20return%20style%3B%0A%20%20%7D%2C%20_applyInlineStyles%20%3D%20function%20_applyInlineStyles%28state%29%20%7B%0A%20%20var%20css%20%3D%20state.css%2C%20style%20%3D%20state.element.style%2C%20i%20%3D%200%3B%0A%20%20state.cache.uncache%20%3D%201%3B%0A%20%20for%28%3B%20i%20%3C%20css.length%3B%20i%20%2B%3D%202%29%7B%0A%20%20css%5Bi%20%2B%201%5D%20%3F%20style%5Bcss%5Bi%5D%5D%20%3D%20css%5Bi%20%2B%201%5D%20%3A%20style.removeProperty%28css%5Bi%5D%29%3B%0A%20%20%7D%0A%20%20if%20%28%21css%5Bcss.indexOf%28%22transform%22%29%20%2B%201%5D%20%26%26%20style.translate%29%20%7B%0A%20%20%2F%2F%20CSSPlugin%20adds%20scale%2C%20translate%2C%20and%20rotate%20inline%20CSS%20as%20%22none%22%20in%20order%20to%20keep%20CSS%20rules%20from%20contaminating%20transforms.%0A%20%20style.removeProperty%28%22translate%22%29%3B%0A%20%20style.removeProperty%28%22scale%22%29%3B%0A%20%20style.removeProperty%28%22rotate%22%29%3B%0A%20%20%7D%0A%20%20%7D%2C%20_setFinalStates%20%3D%20function%20_setFinalStates%28comps%2C%20onlyTransforms%29%20%7B%0A%20%20comps.forEach%28function%28c%29%20%7B%0A%20%20return%20c.a.cache.uncache%20%3D%201%3B%0A%20%20%7D%29%3B%0A%20%20onlyTransforms%20%7C%7C%20comps.finalStates.forEach%28_applyInlineStyles%29%3B%0A%20%20%7D%2C%20_absoluteProps%20%3D%20%22paddingTop%2CpaddingRight%2CpaddingBottom%2CpaddingLeft%2CgridArea%2Ctransition%22.split%28%22%2C%22%29%2C%20%2F%2F%20properties%20that%20we%20must%20record%20just%0A%20%20_makeAbsolute%20%3D%20function%20_makeAbsolute%28elState%2C%20fallbackNode%2C%20ignoreBatch%29%20%7B%0A%20%20var%20element%20%3D%20elState.element%2C%20width%20%3D%20elState.width%2C%20height%20%3D%20elState.height%2C%20uncache%20%3D%20elState.uncache%2C%20getProp%20%3D%20elState.getProp%2C%20style%20%3D%20element.style%2C%20i%20%3D%204%2C%20result%2C%20displayIsNone%2C%20cs%3B%0A%20%20typeof%20fallbackNode%20%21%3D%3D%20%22object%22%20%26%26%20%28fallbackNode%20%3D%20elState%29%3B%0A%20%20if%20%28_batch%20%26%26%20ignoreBatch%20%21%3D%3D%201%29%20%7B%0A%20%20_batch._abs.push%28%7B%0A%20%20t%3A%20element%2C%0A%20%20b%3A%20elState%2C%0A%20%20a%3A%20elState%2C%0A%20%20sd%3A%200%0A%20%20%7D%29%3B%0A%20%20_batch._final.push%28function%28%29%20%7B%0A%20%20return%20%28elState.cache.uncache%20%3D%201%29%20%26%26%20_applyInlineStyles%28elState%29%3B%0A%20%20%7D%29%3B%0A%20%20return%20element%3B%0A%20%20%7D%0A%20%20displayIsNone%20%3D%20getProp%28%22display%22%29%20%3D%3D%3D%20%22none%22%3B%0A%20%20if%20%28%21elState.isVisible%20%7C%7C%20displayIsNone%29%20%7B%0A%20%20displayIsNone%20%26%26%20%28_recordInlineStyles%28elState%2C%20%5B%0A%20%20%22display%22%0A%20%20%5D%29.display%20%3D%20fallbackNode.display%29%3B%0A%20%20elState.matrix%20%3D%20fallbackNode.matrix%3B%0A%20%20elState.width%20%3D%20width%20%3D%20elState.width%20%7C%7C%20fallbackNode.width%3B%0A%20%20elState.height%20%3D%20height%20%3D%20elState.height%20%7C%7C%20fallbackNode.height%3B%0A%20%20%7D%0A%20%20_recordInlineStyles%28elState%2C%20_absoluteProps%29%3B%0A%20%20cs%20%3D%20window.getComputedStyle%28element%29%3B%0A%20%20while%28i--%29%7B%0A%20%20style%5B_absoluteProps%5Bi%5D%5D%20%3D%20cs%5B_absoluteProps%5Bi%5D%5D%3B%20%2F%2F%20record%20paddings%20as%20px-based%20because%20if%20removed%20from%20grid%2C%20percentage-based%20ones%20could%20be%20altered.%0A%20%20%7D%0A%20%20style.gridArea%20%3D%20%221%20%2F%201%20%2F%201%20%2F%201%22%3B%0A%20%20style.transition%20%3D%20%22none%22%3B%0A%20%20style.position%20%3D%20%22absolute%22%3B%0A%20%20style.width%20%3D%20width%20%2B%20%22px%22%3B%0A%20%20style.height%20%3D%20height%20%2B%20%22px%22%3B%0A%20%20style.top%20%7C%7C%20%28style.top%20%3D%20%220px%22%29%3B%0A%20%20style.left%20%7C%7C%20%28style.left%20%3D%20%220px%22%29%3B%0A%20%20if%20%28uncache%29%20%7B%0A%20%20result%20%3D%20new%20ElementState%28element%29%3B%0A%20%20%7D%20else%20%7B%0A%20%20%2F%2F%20better%20performance%0A%20%20result%20%3D%20_copy%28elState%2C%20_emptyObj%29%3B%0A%20%20result.position%20%3D%20%22absolute%22%3B%0A%20%20if%20%28elState.simple%29%20%7B%0A%20%20var%20bounds%20%3D%20element.getBoundingClientRect%28%29%3B%0A%20%20result.matrix%20%3D%20new%20Matrix2D%281%2C%200%2C%200%2C%201%2C%20bounds.left%20%2B%20_getDocScrollLeft%28%29%2C%20bounds.top%20%2B%20_getDocScrollTop%28%29%29%3B%0A%20%20%7D%20else%20%7B%0A%20%20result.matrix%20%3D%20getGlobalMatrix%28element%2C%20false%2C%20false%2C%20true%29%3B%0A%20%20%7D%0A%20%20%7D%0A%20%20result%20%3D%20_fit%28result%2C%20elState%2C%20true%29%3B%0A%20%20elState.x%20%3D%20_closestTenth%28result.x%2C%200.01%29%3B%0A%20%20elState.y%20%3D%20_closestTenth%28result.y%2C%200.01%29%3B%0A%20%20return%20element%3B%0A%20%20%7D%2C%20_filterComps%20%3D%20function%20_filterComps%28comps%2C%20targets%29%20%7B%0A%20%20if%20%28targets%20%21%3D%3D%20true%29%20%7B%0A%20%20targets%20%3D%20_toArray%28targets%29%3B%0A%20%20comps%20%3D%20comps.filter%28function%28c%29%20%7B%0A%20%20if%20%28targets.indexOf%28%28c.sd%20%3C%200%20%3F%20c.b%20%3A%20c.a%29.element%29%20%21%3D%3D%20-1%29%20%7B%0A%20%20return%20true%3B%0A%20%20%7D%20else%20%7B%0A%20%20c.t._gsap.renderTransform%281%29%3B%20%2F%2F%20we%20must%20force%20transforms%20to%20render%20on%20anything%20that%20isn%27t%20being%20made%20position%3A%20absolute%2C%20otherwise%20the%20absolute%20position%20happens%20and%20then%20when%20animation%20begins%20it%20applies%20transforms%20which%20can%20create%20a%20new%20stacking%20context%2C%20throwing%20off%20positioning%21%0A%20%20if%20%28c.b.isVisible%29%20%7B%0A%20%20c.t.style.width%20%3D%20c.b.width%20%2B%20%22px%22%3B%20%2F%2F%20otherwise%20things%20can%20collapse%20when%20contents%20are%20made%20position%3A%20absolute.%0A%20%20c.t.style.height%20%3D%20c.b.height%20%2B%20%22px%22%3B%0A%20%20%7D%0A%20%20%7D%0A%20%20%7D%29%3B%0A%20%20%7D%0A%20%20return%20comps%3B%0A%20%20%7D%2C%20_makeCompsAbsolute%20%3D%20function%20_makeCompsAbsolute%28comps%29%20%7B%0A%20%20return%20_orderByDOMDepth%28comps%2C%20true%29.forEach%28function%28c%29%20%7B%0A%20%20return%20%28c.a.isVisible%20%7C%7C%20c.b.isVisible%29%20%26%26%20_makeAbsolute%28c.sd%20%3C%200%20%3F%20c.b%20%3A%20c.a%2C%20c.b%2C%201%29%3B%0A%20%20%7D%29%3B%0A%20%20%7D%2C%20_findElStateInState%20%3D%20function%20_findElStateInState%28state%2C%20other%29%20%7B%0A%20%20return%20other%20%26%26%20state.idLookup%5B_parseElementState%28other%29.id%5D%20%7C%7C%20state.elementStates%5B0%5D%3B%0A%20%20%7D%2C%20_parseElementState%20%3D%20function%20_parseElementState%28elOrNode%2C%20props%2C%20simple%2C%20other%29%20%7B%0A%20%20return%20elOrNode%20instanceof%20ElementState%20%3F%20elOrNode%20%3A%20elOrNode%20instanceof%20FlipState%20%3F%20_findElStateInState%28elOrNode%2C%20other%29%20%3A%20new%20ElementState%28typeof%20elOrNode%20%3D%3D%3D%20%22string%22%20%3F%20_getEl%28elOrNode%29%20%7C%7C%20console.warn%28elOrNode%20%2B%20%22%20not%20found%22%29%20%3A%20elOrNode%2C%20props%2C%20simple%29%3B%0A%20%20%7D%2C%20_recordProps%20%3D%20function%20_recordProps%28elState%2C%20props%29%20%7B%0A%20%20var%20getProp%20%3D%20gsap.getProperty%28elState.element%2C%20null%2C%20%22native%22%29%2C%20obj%20%3D%20elState.props%20%3D%20%7B%7D%2C%20i%20%3D%20props.length%3B%0A%20%20while%28i--%29%7B%0A%20%20obj%5Bprops%5Bi%5D%5D%20%3D%20%28getProp%28props%5Bi%5D%29%20%2B%20%22%22%29.trim%28%29%3B%0A%20%20%7D%0A%20%20obj.zIndex%20%26%26%20%28obj.zIndex%20%3D%20parseFloat%28obj.zIndex%29%20%7C%7C%200%29%3B%0A%20%20return%20elState%3B%0A%20%20%7D%2C%20_applyProps%20%3D%20function%20_applyProps%28element%2C%20props%29%20%7B%0A%20%20var%20style%20%3D%20element.style%20%7C%7C%20element%2C%20%2F%2F%20could%20pass%20in%20a%20vars%20object.%0A%20%20p%3B%0A%20%20for%28p%20in%20props%29%7B%0A%20%20style%5Bp%5D%20%3D%20props%5Bp%5D%3B%0A%20%20%7D%0A%20%20%7D%2C%20_getID%20%3D%20function%20_getID%28el%29%20%7B%0A%20%20var%20id%20%3D%20el.getAttribute%28%22data-flip-id%22%29%3B%0A%20%20id%20%7C%7C%20el.setAttribute%28%22data-flip-id%22%2C%20id%20%3D%20%22auto-%22%20%2B%20_id%2B%2B%29%3B%0A%20%20return%20id%3B%0A%20%20%7D%2C%20_elementsFromElementStates%20%3D%20function%20_elementsFromElementStates%28elStates%29%20%7B%0A%20%20return%20elStates.map%28function%28elState%29%20%7B%0A%20%20return%20elState.element%3B%0A%20%20%7D%29%3B%0A%20%20%7D%2C%20_handleCallback%20%3D%20function%20_handleCallback%28callback%2C%20elStates%2C%20tl%29%20%7B%0A%20%20return%20callback%20%26%26%20elStates.length%20%26%26%20tl.add%28callback%28_elementsFromElementStates%28elStates%29%2C%20tl%2C%20new%20FlipState%28elStates%2C%200%2C%20true%29%29%2C%200%29%3B%0A%20%20%7D%2C%20_fit%20%3D%20function%20_fit%28fromState%2C%20toState%2C%20scale%2C%20applyProps%2C%20fitChild%2C%20vars%29%20%7B%0A%20%20var%20element%20%3D%20fromState.element%2C%20cache%20%3D%20fromState.cache%2C%20parent%20%3D%20fromState.parent%2C%20x%20%3D%20fromState.x%2C%20y%20%3D%20fromState.y%2C%20width%20%3D%20toState.width%2C%20height%20%3D%20toState.height%2C%20scaleX%20%3D%20toState.scaleX%2C%20scaleY%20%3D%20toState.scaleY%2C%20rotation%20%3D%20toState.rotation%2C%20bounds%20%3D%20toState.bounds%2C%20styles%20%3D%20vars%20%26%26%20_getStyleSaver%20%26%26%20_getStyleSaver%28element%2C%20%22transform%2Cwidth%2Cheight%22%29%2C%20dimensionState%20%3D%20fromState%2C%20_toState%24matrix%20%3D%20toState.matrix%2C%20e%20%3D%20_toState%24matrix.e%2C%20f%20%3D%20_toState%24matrix.f%2C%20deep%20%3D%20fromState.bounds.width%20%21%3D%3D%20bounds.width%20%7C%7C%20fromState.bounds.height%20%21%3D%3D%20bounds.height%20%7C%7C%20fromState.scaleX%20%21%3D%3D%20scaleX%20%7C%7C%20fromState.scaleY%20%21%3D%3D%20scaleY%20%7C%7C%20fromState.rotation%20%21%3D%3D%20rotation%2C%20simple%20%3D%20%21deep%20%26%26%20fromState.simple%20%26%26%20toState.simple%20%26%26%20%21fitChild%2C%20skewX%2C%20fromPoint%2C%20toPoint%2C%20getProp%2C%20parentMatrix%2C%20matrix%2C%20bbox%3B%0A%20%20if%20%28simple%20%7C%7C%20%21parent%29%20%7B%0A%20%20scaleX%20%3D%20scaleY%20%3D%201%3B%0A%20%20rotation%20%3D%20skewX%20%3D%200%3B%0A%20%20%7D%20else%20%7B%0A%20%20parentMatrix%20%3D%20_getInverseGlobalMatrix%28parent%29%3B%0A%20%20matrix%20%3D%20parentMatrix.clone%28%29.multiply%28toState.ctm%20%3F%20toState.matrix.clone%28%29.multiply%28toState.ctm%29%20%3A%20toState.matrix%29%3B%20%2F%2F%20root%20SVG%20elements%20have%20a%20ctm%20that%20we%20must%20factor%20out%20%28for%20example%2C%20viewBox%3A%220%200%2094%2094%22%20with%20a%20width%20of%20200px%20would%20scale%20the%20internals%20by%202.127%20but%20when%20we%27re%20matching%20the%20size%20of%20the%20root%20%3Csvg%3E%20element%20itself%2C%20that%20scaling%20shouldn%27t%20factor%20in%21%29%0A%20%20rotation%20%3D%20_round%28Math.atan2%28matrix.b%2C%20matrix.a%29%20%2A%20_RAD2DEG%29%3B%0A%20%20skewX%20%3D%20_round%28Math.atan2%28matrix.c%2C%20matrix.d%29%20%2A%20_RAD2DEG%20%2B%20rotation%29%20%25%20360%3B%20%2F%2F%20in%20very%20rare%20cases%2C%20minor%20rounding%20might%20end%20up%20with%20360%20which%20should%20be%200.%0A%20%20scaleX%20%3D%20Math.sqrt%28Math.pow%28matrix.a%2C%202%29%20%2B%20Math.pow%28matrix.b%2C%202%29%29%3B%0A%20%20scaleY%20%3D%20Math.sqrt%28Math.pow%28matrix.c%2C%202%29%20%2B%20Math.pow%28matrix.d%2C%202%29%29%20%2A%20Math.cos%28skewX%20%2A%20_DEG2RAD%29%3B%0A%20%20if%20%28fitChild%29%20%7B%0A%20%20fitChild%20%3D%20_toArray%28fitChild%29%5B0%5D%3B%0A%20%20getProp%20%3D%20gsap.getProperty%28fitChild%29%3B%0A%20%20bbox%20%3D%20fitChild.getBBox%20%26%26%20typeof%20fitChild.getBBox%20%3D%3D%3D%20%22function%22%20%26%26%20fitChild.getBBox%28%29%3B%0A%20%20dimensionState%20%3D%20%7B%0A%20%20scaleX%3A%20getProp%28%22scaleX%22%29%2C%0A%20%20scaleY%3A%20getProp%28%22scaleY%22%29%2C%0A%20%20width%3A%20bbox%20%3F%20bbox.width%20%3A%20Math.ceil%28parseFloat%28getProp%28%22width%22%2C%20%22px%22%29%29%29%2C%0A%20%20height%3A%20bbox%20%3F%20bbox.height%20%3A%20parseFloat%28getProp%28%22height%22%2C%20%22px%22%29%29%0A%20%20%7D%3B%0A%20%20%7D%0A%20%20cache.rotation%20%3D%20rotation%20%2B%20%22deg%22%3B%0A%20%20cache.skewX%20%3D%20skewX%20%2B%20%22deg%22%3B%0A%20%20%7D%0A%20%20if%20%28scale%29%20%7B%0A%20%20scaleX%20%2A%3D%20width%20%3D%3D%3D%20dimensionState.width%20%7C%7C%20%21dimensionState.width%20%3F%201%20%3A%20width%20%2F%20dimensionState.width%3B%20%2F%2F%20note%20if%20widths%20are%20both%200%2C%20we%20should%20make%20scaleX%201%20-%20some%20elements%20have%20box-sizing%20that%20incorporates%20padding%2C%20etc.%20and%20we%20don%27t%20want%20it%20to%20collapse%20in%20that%20case.%0A%20%20scaleY%20%2A%3D%20height%20%3D%3D%3D%20dimensionState.height%20%7C%7C%20%21dimensionState.height%20%3F%201%20%3A%20height%20%2F%20dimensionState.height%3B%0A%20%20cache.scaleX%20%3D%20scaleX%3B%0A%20%20cache.scaleY%20%3D%20scaleY%3B%0A%20%20%7D%20else%20%7B%0A%20%20width%20%3D%20_closestTenth%28width%20%2A%20scaleX%20%2F%20dimensionState.scaleX%2C%200%29%3B%0A%20%20height%20%3D%20_closestTenth%28height%20%2A%20scaleY%20%2F%20dimensionState.scaleY%2C%200%29%3B%0A%20%20element.style.width%20%3D%20width%20%2B%20%22px%22%3B%0A%20%20element.style.height%20%3D%20height%20%2B%20%22px%22%3B%0A%20%20%7D%20%2F%2F%20if%20%28fromState.isFixed%29%20%7B%20%2F%2F%20commented%20out%20because%20it%27s%20now%20taken%20care%20of%20in%20getGlobalMatrix%28%29%20with%20a%20flag%20at%20the%20end.%0A%20%20%2F%2F%20%09e%20-%3D%20_getDocScrollLeft%28%29%3B%0A%20%20%2F%2F%20%09f%20-%3D%20_getDocScrollTop%28%29%3B%0A%20%20%2F%2F%20%7D%0A%20%20applyProps%20%26%26%20_applyProps%28element%2C%20toState.props%29%3B%0A%20%20if%20%28simple%20%7C%7C%20%21parent%29%20%7B%0A%20%20x%20%2B%3D%20e%20-%20fromState.matrix.e%3B%0A%20%20y%20%2B%3D%20f%20-%20fromState.matrix.f%3B%0A%20%20%7D%20else%20if%20%28deep%20%7C%7C%20parent%20%21%3D%3D%20toState.parent%29%20%7B%0A%20%20cache.x%20%3D%20x%20%2B%20%22px%22%3B%0A%20%20cache.y%20%3D%20y%20%2B%20%22px%22%3B%0A%20%20cache.renderTransform%281%2C%20cache%29%3B%0A%20%20matrix%20%3D%20getGlobalMatrix%28fitChild%20%7C%7C%20element%2C%20false%2C%20false%2C%20true%29%3B%0A%20%20fromPoint%20%3D%20parentMatrix.apply%28%7B%0A%20%20x%3A%20matrix.e%2C%0A%20%20y%3A%20matrix.f%0A%20%20%7D%29%3B%0A%20%20toPoint%20%3D%20parentMatrix.apply%28%7B%0A%20%20x%3A%20e%2C%0A%20%20y%3A%20f%0A%20%20%7D%29%3B%0A%20%20x%20%2B%3D%20toPoint.x%20-%20fromPoint.x%3B%0A%20%20y%20%2B%3D%20toPoint.y%20-%20fromPoint.y%3B%0A%20%20%7D%20else%20%7B%0A%20%20%2F%2F%20use%20a%20faster%2Fcheaper%20algorithm%20if%20we%27re%20just%20moving%20x%2Fy%0A%20%20parentMatrix.e%20%3D%20parentMatrix.f%20%3D%200%3B%0A%20%20toPoint%20%3D%20parentMatrix.apply%28%7B%0A%20%20x%3A%20e%20-%20fromState.matrix.e%2C%0A%20%20y%3A%20f%20-%20fromState.matrix.f%0A%20%20%7D%29%3B%0A%20%20x%20%2B%3D%20toPoint.x%3B%0A%20%20y%20%2B%3D%20toPoint.y%3B%0A%20%20%7D%0A%20%20x%20%3D%20_closestTenth%28x%2C%200.02%29%3B%0A%20%20y%20%3D%20_closestTenth%28y%2C%200.02%29%3B%0A%20%20if%20%28vars%20%26%26%20%21%28vars%20instanceof%20ElementState%29%29%20%7B%0A%20%20%2F%2F%20revert%0A%20%20styles%20%26%26%20styles.revert%28%29%3B%0A%20%20%7D%20else%20%7B%0A%20%20%2F%2F%20or%20apply%20the%20transform%20immediately%0A%20%20cache.x%20%3D%20x%20%2B%20%22px%22%3B%0A%20%20cache.y%20%3D%20y%20%2B%20%22px%22%3B%0A%20%20cache.renderTransform%281%2C%20cache%29%3B%0A%20%20%7D%0A%20%20if%20%28vars%29%20%7B%0A%20%20vars.x%20%3D%20x%3B%0A%20%20vars.y%20%3D%20y%3B%0A%20%20vars.rotation%20%3D%20rotation%3B%0A%20%20vars.skewX%20%3D%20skewX%3B%0A%20%20if%20%28scale%29%20%7B%0A%20%20vars.scaleX%20%3D%20scaleX%3B%0A%20%20vars.scaleY%20%3D%20scaleY%3B%0A%20%20%7D%20else%20%7B%0A%20%20vars.width%20%3D%20width%3B%0A%20%20vars.height%20%3D%20height%3B%0A%20%20%7D%0A%20%20%7D%0A%20%20return%20vars%20%7C%7C%20cache%3B%0A%20%20%7D%2C%20_parseState%20%3D%20function%20_parseState%28targetsOrState%2C%20vars%29%20%7B%0A%20%20return%20targetsOrState%20instanceof%20FlipState%20%3F%20targetsOrState%20%3A%20new%20FlipState%28targetsOrState%2C%20vars%29%3B%0A%20%20%7D%2C%20_getChangingElState%20%3D%20function%20_getChangingElState%28toState%2C%20fromState%2C%20id%29%20%7B%0A%20%20var%20to1%20%3D%20toState.idLookup%5Bid%5D%2C%20to2%20%3D%20toState.alt%5Bid%5D%3B%0A%20%20return%20to2.isVisible%20%26%26%20%28%21%28fromState.getElementState%28to2.element%29%20%7C%7C%20to2%29.isVisible%20%7C%7C%20%21to1.isVisible%29%20%3F%20to2%20%3A%20to1%3B%0A%20%20%7D%2C%20_bodyMetrics%20%3D%20%5B%5D%2C%20_bodyProps%20%3D%20%22width%2Cheight%2CoverflowX%2CoverflowY%22.split%28%22%2C%22%29%2C%20_bodyLocked%2C%20_lockBodyScroll%20%3D%20function%20_lockBodyScroll%28lock%29%20%7B%0A%20%20%2F%2F%20if%20there%27s%20no%20scrollbar%2C%20we%20should%20lock%20that%20so%20that%20measurements%20don%27t%20get%20affected%20by%20temporary%20repositioning%2C%20like%20if%20something%20is%20centered%20in%20the%20window.%0A%20%20if%20%28lock%20%21%3D%3D%20_bodyLocked%29%20%7B%0A%20%20var%20s%20%3D%20_body1.style%2C%20w%20%3D%20_body1.clientWidth%20%3D%3D%3D%20window.outerWidth%2C%20h%20%3D%20_body1.clientHeight%20%3D%3D%3D%20window.outerHeight%2C%20i%20%3D%204%3B%0A%20%20if%20%28lock%20%26%26%20%28w%20%7C%7C%20h%29%29%20%7B%0A%20%20while%28i--%29%7B%0A%20%20_bodyMetrics%5Bi%5D%20%3D%20s%5B_bodyProps%5Bi%5D%5D%3B%0A%20%20%7D%0A%20%20if%20%28w%29%20%7B%0A%20%20s.width%20%3D%20_body1.clientWidth%20%2B%20%22px%22%3B%0A%20%20s.overflowY%20%3D%20%22hidden%22%3B%0A%20%20%7D%0A%20%20if%20%28h%29%20%7B%0A%20%20s.height%20%3D%20_body1.clientHeight%20%2B%20%22px%22%3B%0A%20%20s.overflowX%20%3D%20%22hidden%22%3B%0A%20%20%7D%0A%20%20_bodyLocked%20%3D%20lock%3B%0A%20%20%7D%20else%20if%20%28_bodyLocked%29%20%7B%0A%20%20while%28i--%29%7B%0A%20%20_bodyMetrics%5Bi%5D%20%3F%20s%5B_bodyProps%5Bi%5D%5D%20%3D%20_bodyMetrics%5Bi%5D%20%3A%20s.removeProperty%28_camelToDashed%28_bodyProps%5Bi%5D%29%29%3B%0A%20%20%7D%0A%20%20_bodyLocked%20%3D%20lock%3B%0A%20%20%7D%0A%20%20%7D%0A%20%20%7D%2C%20_revertTempStyles%20%3D%20function%20_revertTempStyles%28temps%2C%20stateIndex%29%20%7B%0A%20%20%2F%2F%20in%20_fromTo%28%29%2C%20we%20store%20the%20inline%20styles%20temporarily%20when%20nested%20is%20true%2C%20and%20the%20Array%20is%20like%20%5Belement%2C%20styles1%2C%20styles2%2C%20element%2C%20styles1%2C%20styles2%2C%20...%5D%20where%20styles1%20is%20one%20state%20and%20styles2%20is%20another%20state%20%28the%20element.getAttribute%28%22style%22%29%29.%0A%20%20for%28var%20i%20%3D%200%3B%20i%20%3C%20temps.length%3B%20i%20%2B%3D%203%29%7B%0A%20%20gsap.set%28temps%5Bi%5D%2C%20%7B%0A%20%20clearProps%3A%20true%0A%20%20%7D%29%3B%20%2F%2F%20to%20clear%20cached%20transforms%20too%0A%20%20temps%5Bi%5D.setAttribute%28%22style%22%2C%20temps%5Bi%20%2B%20stateIndex%5D%29%3B%0A%20%20temps%5Bi%5D._gsap.gmCache%20%3D%20-1%3B%20%2F%2F%20bust%20the%20globalMatrix%20cache%0A%20%20%7D%0A%20%20%7D%2C%20_fromTo%20%3D%20function%20_fromTo%28fromState%2C%20toState%2C%20vars%2C%20relative%29%20%7B%0A%20%20%2F%2F%20relative%20is%20-1%20if%20%22from%28%29%22%2C%20and%201%20if%20%22to%28%29%22%0A%20%20fromState%20instanceof%20FlipState%20%26%26%20toState%20instanceof%20FlipState%20%7C%7C%20console.warn%28%22Not%20a%20valid%20state%20object.%22%29%3B%0A%20%20vars%20%3D%20vars%20%7C%7C%20%7B%7D%3B%0A%20%20var%20_vars%20%3D%20vars%2C%20clearProps%20%3D%20_vars.clearProps%2C%20onEnter%20%3D%20_vars.onEnter%2C%20onLeave%20%3D%20_vars.onLeave%2C%20absolute%20%3D%20_vars.absolute%2C%20absoluteOnLeave%20%3D%20_vars.absoluteOnLeave%2C%20custom%20%3D%20_vars.custom%2C%20delay%20%3D%20_vars.delay%2C%20paused%20%3D%20_vars.paused%2C%20repeat%20%3D%20_vars.repeat%2C%20repeatDelay%20%3D%20_vars.repeatDelay%2C%20yoyo%20%3D%20_vars.yoyo%2C%20toggleClass%20%3D%20_vars.toggleClass%2C%20nested%20%3D%20_vars.nested%2C%20_zIndex%20%3D%20_vars.zIndex%2C%20scale%20%3D%20_vars.scale%2C%20fade%20%3D%20_vars.fade%2C%20stagger%20%3D%20_vars.stagger%2C%20spin%20%3D%20_vars.spin%2C%20prune%20%3D%20_vars.prune%2C%20props%20%3D%20%28%22props%22%20in%20vars%20%3F%20vars%20%3A%20fromState%29.props%2C%20tweenVars%20%3D%20_copy%28vars%2C%20_reserved%29%2C%20animation%20%3D%20gsap.timeline%28%7B%0A%20%20delay%3A%20delay%2C%0A%20%20paused%3A%20paused%2C%0A%20%20repeat%3A%20repeat%2C%0A%20%20repeatDelay%3A%20repeatDelay%2C%0A%20%20yoyo%3A%20yoyo%2C%0A%20%20data%3A%20%22isFlip%22%0A%20%20%7D%29%2C%20remainingProps%20%3D%20tweenVars%2C%20entering%20%3D%20%5B%5D%2C%20leaving%20%3D%20%5B%5D%2C%20comps%20%3D%20%5B%5D%2C%20swapOutTargets%20%3D%20%5B%5D%2C%20spinNum%20%3D%20spin%20%3D%3D%3D%20true%20%3F%201%20%3A%20spin%20%7C%7C%200%2C%20spinFunc%20%3D%20typeof%20spin%20%3D%3D%3D%20%22function%22%20%3F%20spin%20%3A%20function%28%29%20%7B%0A%20%20return%20spinNum%3B%0A%20%20%7D%2C%20interrupted%20%3D%20fromState.interrupted%20%7C%7C%20toState.interrupted%2C%20addFunc%20%3D%20animation%5Brelative%20%21%3D%3D%201%20%3F%20%22to%22%20%3A%20%22from%22%5D%2C%20v%2C%20p%2C%20endTime%2C%20i%2C%20el%2C%20comp%2C%20state%2C%20targets%2C%20finalStates%2C%20fromNode%2C%20toNode%2C%20run%2C%20a%2C%20b%3B%20%2F%2Frelative%20%7C%7C%20%28toState%20%3D%20%28new%20FlipState%28toState.targets%2C%20%7Bprops%3A%20props%7D%29%29.fit%28toState%2C%20scale%29%29%3B%0A%20%20for%28p%20in%20toState.idLookup%29%7B%0A%20%20toNode%20%3D%20%21toState.alt%5Bp%5D%20%3F%20toState.idLookup%5Bp%5D%20%3A%20_getChangingElState%28toState%2C%20fromState%2C%20p%29%3B%0A%20%20el%20%3D%20toNode.element%3B%0A%20%20fromNode%20%3D%20fromState.idLookup%5Bp%5D%3B%0A%20%20fromState.alt%5Bp%5D%20%26%26%20el%20%3D%3D%3D%20fromNode.element%20%26%26%20%28fromState.alt%5Bp%5D.isVisible%20%7C%7C%20%21toNode.isVisible%29%20%26%26%20%28fromNode%20%3D%20fromState.alt%5Bp%5D%29%3B%0A%20%20if%20%28fromNode%29%20%7B%0A%20%20comp%20%3D%20%7B%0A%20%20t%3A%20el%2C%0A%20%20b%3A%20fromNode%2C%0A%20%20a%3A%20toNode%2C%0A%20%20sd%3A%20fromNode.element%20%3D%3D%3D%20el%20%3F%200%20%3A%20toNode.isVisible%20%3F%201%20%3A%20-1%0A%20%20%7D%3B%0A%20%20comps.push%28comp%29%3B%0A%20%20if%20%28comp.sd%29%20%7B%0A%20%20%2F%2F%20from%20and%20to%20elements%20are%20different%2C%20so%20we%20need%20to%20swap%20them.%0A%20%20if%20%28comp.sd%20%3C%200%29%20%7B%0A%20%20comp.b%20%3D%20toNode%3B%0A%20%20comp.a%20%3D%20fromNode%3B%0A%20%20%7D%20%2F%2F%20for%20swapping%20elements%20that%20got%20interrupted%2C%20we%20must%20re-record%20the%20inline%20styles%20to%20ensure%20they%27re%20not%20tainted.%20Remember%2C%20.batch%28%29%20permits%20getState%28%29%20not%20to%20force%20in-progress%20flips%20to%20their%20end%20state.%0A%20%20interrupted%20%26%26%20_recordInlineStyles%28comp.b%2C%20props%20%3F%20_memoizedRemoveProps%5Bprops%5D%20%3A%20_removeProps%29%3B%0A%20%20fade%20%26%26%20comps.push%28comp.swap%20%3D%20%7B%0A%20%20t%3A%20fromNode.element%2C%0A%20%20b%3A%20comp.b%2C%0A%20%20a%3A%20comp.a%2C%0A%20%20sd%3A%20-comp.sd%2C%0A%20%20swap%3A%20comp%0A%20%20%7D%29%3B%0A%20%20%7D%0A%20%20el._flip%20%3D%20fromNode.element._flip%20%3D%20_batch%20%3F%20_batch.timeline%20%3A%20animation%3B%0A%20%20%7D%20else%20if%20%28toNode.isVisible%29%20%7B%0A%20%20comps.push%28%7B%0A%20%20t%3A%20el%2C%0A%20%20b%3A%20_copy%28toNode%2C%20%7B%0A%20%20isVisible%3A%201%0A%20%20%7D%29%2C%0A%20%20a%3A%20toNode%2C%0A%20%20sd%3A%200%2C%0A%20%20entering%3A%201%0A%20%20%7D%29%3B%20%2F%2F%20to%20include%20it%20in%20the%20%22entering%22%20Array%20and%20do%20absolute%20positioning%20if%20necessary%0A%20%20el._flip%20%3D%20_batch%20%3F%20_batch.timeline%20%3A%20animation%3B%0A%20%20%7D%0A%20%20%7D%0A%20%20props%20%26%26%20%28_memoizedProps%5Bprops%5D%20%7C%7C%20_memoizeProps%28props%29%29.forEach%28function%28p%29%20%7B%0A%20%20return%20tweenVars%5Bp%5D%20%3D%20function%28i%29%20%7B%0A%20%20return%20comps%5Bi%5D.a.props%5Bp%5D%3B%0A%20%20%7D%3B%0A%20%20%7D%29%3B%0A%20%20comps.finalStates%20%3D%20finalStates%20%3D%20%5B%5D%3B%0A%20%20run%20%3D%20function%20run%28%29%20%7B%0A%20%20_orderByDOMDepth%28comps%29%3B%0A%20%20_lockBodyScroll%28true%29%3B%20%2F%2F%20otherwise%2C%20measurements%20may%20get%20thrown%20off%20when%20things%20get%20fit.%0A%20%20var%20recordedStyles%20%3D%20%5B%5D%3B%0A%20%20for%28i%20%3D%200%3B%20i%20%3C%20comps.length%3B%20i%2B%2B%29%7B%0A%20%20comp%20%3D%20comps%5Bi%5D%3B%0A%20%20a%20%3D%20comp.a%3B%0A%20%20b%20%3D%20comp.b%3B%0A%20%20if%20%28prune%20%26%26%20%21a.isDifferent%28b%29%20%26%26%20%21comp.entering%29%20%7B%0A%20%20%2F%2F%20only%20flip%20if%20things%20changed%21%20Don%27t%20omit%20it%20from%20comps%20initially%20because%20that%27d%20prevent%20the%20element%20from%20being%20positioned%20absolutely%20%28if%20necessary%29%0A%20%20comps.splice%28i--%2C%201%29%3B%0A%20%20%7D%20else%20%7B%0A%20%20el%20%3D%20comp.t%3B%0A%20%20if%20%28nested%20%26%26%20%21%28comp.sd%20%3C%200%29%20%26%26%20i%29%20%7B%0A%20%20%2F%2F%20moving%20a%20parent%20affects%20the%20position%20of%20children%0A%20%20a%20%3D%20comp.a%20%3D%20a.clone%28%7B%0A%20%20matrix%3A%20getGlobalMatrix%28el%2C%20false%2C%20false%2C%20true%29%0A%20%20%7D%29%3B%0A%20%20%7D%0A%20%20if%20%28b.isVisible%20%26%26%20a.isVisible%29%20%7B%0A%20%20if%20%28comp.sd%20%3C%200%29%20%7B%0A%20%20%2F%2F%20swapping%20OUT%20%28swap%20direction%20of%20-1%20is%20out%29%0A%20%20nested%20%26%26%20_revertTempStyles%28recordedStyles%2C%201%29%3B%20%2F%2F%20get%20the%20ancestor%20elements%20into%20the%20final%20state%20for%20proper%20measuring%0A%20%20state%20%3D%20new%20ElementState%28el%2C%20props%2C%20fromState.simple%29%3B%0A%20%20_fit%28state%2C%20a%2C%20scale%2C%200%2C%200%2C%20state%29%3B%0A%20%20state.matrix%20%3D%20getGlobalMatrix%28el%2C%20false%2C%20false%2C%20true%29%3B%0A%20%20state.bounds%20%3D%20el.getBoundingClientRect%28%29%3B%0A%20%20state.css%20%3D%20comp.b.css%3B%0A%20%20comp.a%20%3D%20a%20%3D%20state%3B%0A%20%20fade%20%26%26%20%28el.style.opacity%20%3D%20interrupted%20%3F%20b.opacity%20%3A%20a.opacity%29%3B%0A%20%20stagger%20%26%26%20swapOutTargets.push%28el%29%3B%0A%20%20if%20%28nested%29%20%7B%0A%20%20_revertTempStyles%28recordedStyles%2C%202%29%3B%20%2F%2F%20now%20return%20the%20ancestor%20elements%20back%20to%20the%20before%20state%0A%20%20recordedStyles.push%28el%2C%20el.getAttribute%28%22style%22%29%29%3B%0A%20%20%7D%0A%20%20%7D%20else%20if%20%28comp.sd%20%3E%200%20%26%26%20fade%29%20%7B%0A%20%20%2F%2F%20swapping%20IN%20%28swap%20direction%20of%201%20is%20in%29%0A%20%20el.style.opacity%20%3D%20interrupted%20%3F%20a.opacity%20-%20b.opacity%20%3A%20%220%22%3B%0A%20%20%7D%0A%20%20_fit%28a%2C%20b%2C%20scale%2C%20props%29%3B%0A%20%20nested%20%26%26%20comp.sd%20%3C%200%20%26%26%20recordedStyles.push%28el.getAttribute%28%22style%22%29%29%3B%0A%20%20%7D%20else%20if%20%28b.isVisible%20%21%3D%3D%20a.isVisible%29%20%7B%0A%20%20%2F%2F%20either%20entering%20or%20leaving%20%28one%20side%20is%20invisible%29%0A%20%20if%20%28%21b.isVisible%29%20%7B%0A%20%20%2F%2F%20entering%0A%20%20a.isVisible%20%26%26%20entering.push%28a%29%3B%0A%20%20comps.splice%28i--%2C%201%29%3B%0A%20%20%7D%20else%20if%20%28%21a.isVisible%29%20%7B%0A%20%20%2F%2F%20leaving%0A%20%20b.css%20%3D%20a.css%3B%0A%20%20leaving.push%28b%29%3B%0A%20%20comps.splice%28i--%2C%201%29%3B%0A%20%20absolute%20%26%26%20nested%20%26%26%20_fit%28a%2C%20b%2C%20scale%2C%20props%29%3B%0A%20%20%7D%0A%20%20%7D%0A%20%20if%20%28%21scale%29%20%7B%0A%20%20el.style.maxWidth%20%3D%20Math.max%28a.width%2C%20b.width%29%20%2B%20%22px%22%3B%0A%20%20el.style.maxHeight%20%3D%20Math.max%28a.height%2C%20b.height%29%20%2B%20%22px%22%3B%0A%20%20el.style.minWidth%20%3D%20Math.min%28a.width%2C%20b.width%29%20%2B%20%22px%22%3B%0A%20%20el.style.minHeight%20%3D%20Math.min%28a.height%2C%20b.height%29%20%2B%20%22px%22%3B%0A%20%20%7D%0A%20%20nested%20%26%26%20toggleClass%20%26%26%20el.classList.add%28toggleClass%29%3B%0A%20%20%7D%0A%20%20finalStates.push%28a%29%3B%0A%20%20%7D%0A%20%20var%20classTargets%3B%0A%20%20if%20%28toggleClass%29%20%7B%0A%20%20classTargets%20%3D%20finalStates.map%28function%28s%29%20%7B%0A%20%20return%20s.element%3B%0A%20%20%7D%29%3B%0A%20%20nested%20%26%26%20classTargets.forEach%28function%28e%29%20%7B%0A%20%20return%20e.classList.remove%28toggleClass%29%3B%0A%20%20%7D%29%3B%20%2F%2F%20there%20could%20be%20a%20delay%2C%20so%20don%27t%20leave%20the%20classes%20applied%20%28we%27ll%20do%20it%20in%20a%20timeline%20callback%29%0A%20%20%7D%0A%20%20_lockBodyScroll%28false%29%3B%0A%20%20if%20%28scale%29%20%7B%0A%20%20tweenVars.scaleX%20%3D%20function%28i%29%20%7B%0A%20%20return%20comps%5Bi%5D.a.scaleX%3B%0A%20%20%7D%3B%0A%20%20tweenVars.scaleY%20%3D%20function%28i%29%20%7B%0A%20%20return%20comps%5Bi%5D.a.scaleY%3B%0A%20%20%7D%3B%0A%20%20%7D%20else%20%7B%0A%20%20tweenVars.width%20%3D%20function%28i%29%20%7B%0A%20%20return%20comps%5Bi%5D.a.width%20%2B%20%22px%22%3B%0A%20%20%7D%3B%0A%20%20tweenVars.height%20%3D%20function%28i%29%20%7B%0A%20%20return%20comps%5Bi%5D.a.height%20%2B%20%22px%22%3B%0A%20%20%7D%3B%0A%20%20tweenVars.autoRound%20%3D%20vars.autoRound%20%7C%7C%20false%3B%0A%20%20%7D%0A%20%20tweenVars.x%20%3D%20function%28i%29%20%7B%0A%20%20return%20comps%5Bi%5D.a.x%20%2B%20%22px%22%3B%0A%20%20%7D%3B%0A%20%20tweenVars.y%20%3D%20function%28i%29%20%7B%0A%20%20return%20comps%5Bi%5D.a.y%20%2B%20%22px%22%3B%0A%20%20%7D%3B%0A%20%20tweenVars.rotation%20%3D%20function%28i%29%20%7B%0A%20%20return%20comps%5Bi%5D.a.rotation%20%2B%20%28spin%20%3F%20spinFunc%28i%2C%20targets%5Bi%5D%2C%20targets%29%20%2A%20360%20%3A%200%29%3B%0A%20%20%7D%3B%0A%20%20tweenVars.skewX%20%3D%20function%28i%29%20%7B%0A%20%20return%20comps%5Bi%5D.a.skewX%3B%0A%20%20%7D%3B%0A%20%20targets%20%3D%20comps.map%28function%28c%29%20%7B%0A%20%20return%20c.t%3B%0A%20%20%7D%29%3B%0A%20%20if%20%28_zIndex%20%7C%7C%20_zIndex%20%3D%3D%3D%200%29%20%7B%0A%20%20tweenVars.modifiers%20%3D%20%7B%0A%20%20zIndex%3A%20function%20zIndex%28%29%20%7B%0A%20%20return%20_zIndex%3B%0A%20%20%7D%0A%20%20%7D%3B%0A%20%20tweenVars.zIndex%20%3D%20_zIndex%3B%0A%20%20tweenVars.immediateRender%20%3D%20vars.immediateRender%20%21%3D%3D%20false%3B%0A%20%20%7D%0A%20%20fade%20%26%26%20%28tweenVars.opacity%20%3D%20function%28i%29%20%7B%0A%20%20return%20comps%5Bi%5D.sd%20%3C%200%20%3F%200%20%3A%20comps%5Bi%5D.sd%20%3E%200%20%3F%20comps%5Bi%5D.a.opacity%20%3A%20%22%2B%3D0%22%3B%0A%20%20%7D%29%3B%0A%20%20if%20%28swapOutTargets.length%29%20%7B%0A%20%20stagger%20%3D%20gsap.utils.distribute%28stagger%29%3B%0A%20%20var%20dummyArray%20%3D%20targets.slice%28swapOutTargets.length%29%3B%0A%20%20tweenVars.stagger%20%3D%20function%28i%2C%20el%29%20%7B%0A%20%20return%20stagger%28~swapOutTargets.indexOf%28el%29%20%3F%20targets.indexOf%28comps%5Bi%5D.swap.t%29%20%3A%20i%2C%20el%2C%20dummyArray%29%3B%0A%20%20%7D%3B%0A%20%20%7D%20%2F%2F%20%2F%2F%20for%20testing...%0A%20%20%2F%2F%20gsap.delayedCall%28vars.data%20%3F%2050%20%3A%201%2C%20function%28%29%20%7B%0A%20%20%2F%2F%20%09animation.eventCallback%28%22onComplete%22%2C%20%28%29%20%3D%3E%20_setFinalStates%28comps%2C%20%21clearProps%29%29%3B%0A%20%20%2F%2F%20%09addFunc.call%28animation%2C%20targets%2C%20tweenVars%2C%200%29.play%28%29%3B%0A%20%20%2F%2F%20%7D%29%3B%0A%20%20%2F%2F%20return%3B%0A%20%20_callbacks.forEach%28function%28name%29%20%7B%0A%20%20return%20vars%5Bname%5D%20%26%26%20animation.eventCallback%28name%2C%20vars%5Bname%5D%2C%20vars%5Bname%20%2B%20%22Params%22%5D%29%3B%0A%20%20%7D%29%3B%20%2F%2F%20apply%20callbacks%20to%20the%20timeline%2C%20not%20tweens%20%28because%20%22custom%22%20timing%20can%20make%20multiple%20tweens%29%0A%20%20if%20%28custom%20%26%26%20targets.length%29%20%7B%0A%20%20%2F%2F%20bust%20out%20the%20custom%20properties%20as%20their%20own%20tweens%20so%20they%20can%20use%20different%20eases%2C%20durations%2C%20etc.%0A%20%20remainingProps%20%3D%20_copy%28tweenVars%2C%20_reserved%29%3B%0A%20%20if%20%28%22scale%22%20in%20custom%29%20%7B%0A%20%20custom.scaleX%20%3D%20custom.scaleY%20%3D%20custom.scale%3B%0A%20%20delete%20custom.scale%3B%0A%20%20%7D%0A%20%20for%28p%20in%20custom%29%7B%0A%20%20v%20%3D%20_copy%28custom%5Bp%5D%2C%20_fitReserved%29%3B%0A%20%20v%5Bp%5D%20%3D%20tweenVars%5Bp%5D%3B%0A%20%20%21%28%22duration%22%20in%20v%29%20%26%26%20%22duration%22%20in%20tweenVars%20%26%26%20%28v.duration%20%3D%20tweenVars.duration%29%3B%0A%20%20v.stagger%20%3D%20tweenVars.stagger%3B%0A%20%20addFunc.call%28animation%2C%20targets%2C%20v%2C%200%29%3B%0A%20%20delete%20remainingProps%5Bp%5D%3B%0A%20%20%7D%0A%20%20%7D%0A%20%20if%20%28targets.length%20%7C%7C%20leaving.length%20%7C%7C%20entering.length%29%20%7B%0A%20%20toggleClass%20%26%26%20animation.add%28function%28%29%20%7B%0A%20%20return%20_toggleClass%28classTargets%2C%20toggleClass%2C%20animation._zTime%20%3C%200%20%3F%20%22remove%22%20%3A%20%22add%22%29%3B%0A%20%20%7D%2C%200%29%20%26%26%20%21paused%20%26%26%20_toggleClass%28classTargets%2C%20toggleClass%2C%20%22add%22%29%3B%0A%20%20targets.length%20%26%26%20addFunc.call%28animation%2C%20targets%2C%20remainingProps%2C%200%29%3B%0A%20%20%7D%0A%20%20_handleCallback%28onEnter%2C%20entering%2C%20animation%29%3B%0A%20%20_handleCallback%28onLeave%2C%20leaving%2C%20animation%29%3B%0A%20%20var%20batchTl%20%3D%20_batch%20%26%26%20_batch.timeline%3B%0A%20%20if%20%28batchTl%29%20%7B%0A%20%20batchTl.add%28animation%2C%200%29%3B%0A%20%20_batch._final.push%28function%28%29%20%7B%0A%20%20return%20_setFinalStates%28comps%2C%20%21clearProps%29%3B%0A%20%20%7D%29%3B%0A%20%20%7D%0A%20%20endTime%20%3D%20animation.duration%28%29%3B%0A%20%20animation.call%28function%28%29%20%7B%0A%20%20var%20forward%20%3D%20animation.time%28%29%20%3E%3D%20endTime%3B%0A%20%20forward%20%26%26%20%21batchTl%20%26%26%20_setFinalStates%28comps%2C%20%21clearProps%29%3B%0A%20%20toggleClass%20%26%26%20_toggleClass%28classTargets%2C%20toggleClass%2C%20forward%20%3F%20%22remove%22%20%3A%20%22add%22%29%3B%0A%20%20%7D%29%3B%0A%20%20%7D%3B%0A%20%20absoluteOnLeave%20%26%26%20%28absolute%20%3D%20comps.filter%28function%28comp%29%20%7B%0A%20%20return%20%21comp.sd%20%26%26%20%21comp.a.isVisible%20%26%26%20comp.b.isVisible%3B%0A%20%20%7D%29.map%28function%28comp%29%20%7B%0A%20%20return%20comp.a.element%3B%0A%20%20%7D%29%29%3B%0A%20%20if%20%28_batch%29%20%7B%0A%20%20var%20_batch%24_abs%3B%0A%20%20absolute%20%26%26%20%28_batch%24_abs%20%3D%20_batch._abs%29.push.apply%28_batch%24_abs%2C%20_filterComps%28comps%2C%20absolute%29%29%3B%0A%20%20_batch._run.push%28run%29%3B%0A%20%20%7D%20else%20%7B%0A%20%20absolute%20%26%26%20_makeCompsAbsolute%28_filterComps%28comps%2C%20absolute%29%29%3B%20%2F%2F%20when%20making%20absolute%2C%20we%20must%20go%20in%20a%20very%20particular%20order%20so%20that%20document%20flow%20changes%20don%27t%20affect%20things.%20Don%27t%20make%20it%20visible%20if%20both%20the%20before%20and%20after%20states%20are%20invisible%21%20There%27s%20no%20point%2C%20and%20it%20could%20make%20things%20appear%20visible%20during%20the%20flip%20that%20shouldn%27t%20be.%0A%20%20run%28%29%3B%0A%20%20%7D%0A%20%20var%20anim%20%3D%20_batch%20%3F%20_batch.timeline%20%3A%20animation%3B%0A%20%20anim.revert%20%3D%20function%28%29%20%7B%0A%20%20return%20_killFlip%28anim%2C%201%2C%201%29%3B%0A%20%20%7D%3B%20%2F%2F%20a%20Flip%20timeline%20should%20behave%20very%20different%20when%20reverting%20-%20it%20should%20actually%20jump%20to%20the%20end%20so%20that%20styles%20get%20cleared%20out.%0A%20%20return%20anim%3B%0A%20%20%7D%2C%20_interrupt%20%3D%20function%20_interrupt%28tl%29%20%7B%0A%20%20tl.vars.onInterrupt%20%26%26%20tl.vars.onInterrupt.apply%28tl%2C%20tl.vars.onInterruptParams%20%7C%7C%20%5B%5D%29%3B%0A%20%20tl.getChildren%28true%2C%20false%2C%20true%29.forEach%28_interrupt%29%3B%0A%20%20%7D%2C%20_killFlip%20%3D%20function%20_killFlip%28tl%2C%20action%2C%20force%29%20%7B%0A%20%20%2F%2F%20action%3A%200%20%3D%20nothing%2C%201%20%3D%20complete%2C%202%20%3D%20only%20kill%20%28don%27t%20complete%29%0A%20%20if%20%28tl%20%26%26%20tl.progress%28%29%20%3C%201%20%26%26%20%28%21tl.paused%28%29%20%7C%7C%20force%29%29%20%7B%0A%20%20if%20%28action%29%20%7B%0A%20%20_interrupt%28tl%29%3B%0A%20%20action%20%3C%202%20%26%26%20tl.progress%281%29%3B%20%2F%2F%20we%20should%20also%20kill%20it%20in%20case%20it%20was%20added%20to%20a%20parent%20timeline.%0A%20%20tl.kill%28%29%3B%0A%20%20%7D%0A%20%20return%20true%3B%0A%20%20%7D%0A%20%20%7D%2C%20_createLookup%20%3D%20function%20_createLookup%28state%29%20%7B%0A%20%20var%20lookup%20%3D%20state.idLookup%20%3D%20%7B%7D%2C%20alt%20%3D%20state.alt%20%3D%20%7B%7D%2C%20elStates%20%3D%20state.elementStates%2C%20i%20%3D%20elStates.length%2C%20elState%3B%0A%20%20while%28i--%29%7B%0A%20%20elState%20%3D%20elStates%5Bi%5D%3B%0A%20%20lookup%5BelState.id%5D%20%3F%20alt%5BelState.id%5D%20%3D%20elState%20%3A%20lookup%5BelState.id%5D%20%3D%20elState%3B%0A%20%20%7D%0A%20%20%7D%3B%0A%20%20var%20FlipState%20%3D%20%2F%2A%23__PURE__%2A%2F%20function%28%29%20%7B%0A%20%20function%20FlipState%28targets%2C%20vars%2C%20targetsAreElementStates%29%20%7B%0A%20%20this.props%20%3D%20vars%20%26%26%20vars.props%3B%0A%20%20this.simple%20%3D%20%21%21%28vars%20%26%26%20vars.simple%29%3B%0A%20%20if%20%28targetsAreElementStates%29%20%7B%0A%20%20this.targets%20%3D%20_elementsFromElementStates%28targets%29%3B%0A%20%20this.elementStates%20%3D%20targets%3B%0A%20%20_createLookup%28this%29%3B%0A%20%20%7D%20else%20%7B%0A%20%20this.targets%20%3D%20_toArray%28targets%29%3B%0A%20%20var%20soft%20%3D%20vars%20%26%26%20%28vars.kill%20%3D%3D%3D%20false%20%7C%7C%20vars.batch%20%26%26%20%21vars.kill%29%3B%0A%20%20_batch%20%26%26%20%21soft%20%26%26%20_batch._kill.push%28this%29%3B%0A%20%20this.update%28soft%20%7C%7C%20%21%21_batch%29%3B%20%2F%2F%20when%20batching%2C%20don%27t%20force%20in-progress%20flips%20to%20their%20end%3B%20we%20need%20to%20do%20that%20AFTER%20all%20getStates%28%29%20are%20called.%0A%20%20%7D%0A%20%20%7D%0A%20%20var%20_proto%20%3D%20FlipState.prototype%3B%0A%20%20_proto.update%20%3D%20function%20update%28soft%29%20%7B%0A%20%20var%20_this%20%3D%20this%3B%0A%20%20this.elementStates%20%3D%20this.targets.map%28function%28el%29%20%7B%0A%20%20return%20new%20ElementState%28el%2C%20_this.props%2C%20_this.simple%29%3B%0A%20%20%7D%29%3B%0A%20%20_createLookup%28this%29%3B%0A%20%20this.interrupt%28soft%29%3B%0A%20%20this.recordInlineStyles%28%29%3B%0A%20%20return%20this%3B%0A%20%20%7D%3B%0A%20%20_proto.clear%20%3D%20function%20clear%28%29%20%7B%0A%20%20this.targets.length%20%3D%20this.elementStates.length%20%3D%200%3B%0A%20%20_createLookup%28this%29%3B%0A%20%20return%20this%3B%0A%20%20%7D%3B%0A%20%20_proto.fit%20%3D%20function%20fit%28state%2C%20scale%2C%20nested%29%20%7B%0A%20%20var%20elStatesInOrder%20%3D%20_orderByDOMDepth%28this.elementStates.slice%280%29%2C%20false%2C%20true%29%2C%20toElStates%20%3D%20%28state%20%7C%7C%20this%29.idLookup%2C%20i%20%3D%200%2C%20fromNode%2C%20toNode%3B%0A%20%20for%28%3B%20i%20%3C%20elStatesInOrder.length%3B%20i%2B%2B%29%7B%0A%20%20fromNode%20%3D%20elStatesInOrder%5Bi%5D%3B%0A%20%20nested%20%26%26%20%28fromNode.matrix%20%3D%20getGlobalMatrix%28fromNode.element%2C%20false%2C%20false%2C%20true%29%29%3B%20%2F%2F%20moving%20a%20parent%20affects%20the%20position%20of%20children%0A%20%20toNode%20%3D%20toElStates%5BfromNode.id%5D%3B%0A%20%20toNode%20%26%26%20_fit%28fromNode%2C%20toNode%2C%20scale%2C%20true%2C%200%2C%20fromNode%29%3B%0A%20%20fromNode.matrix%20%3D%20getGlobalMatrix%28fromNode.element%2C%20false%2C%20false%2C%20true%29%3B%0A%20%20%7D%0A%20%20return%20this%3B%0A%20%20%7D%3B%0A%20%20_proto.getProperty%20%3D%20function%20getProperty%28element%2C%20property%29%20%7B%0A%20%20var%20es%20%3D%20this.getElementState%28element%29%20%7C%7C%20_emptyObj%3B%0A%20%20return%20%28property%20in%20es%20%3F%20es%20%3A%20es.props%20%7C%7C%20_emptyObj%29%5Bproperty%5D%3B%0A%20%20%7D%3B%0A%20%20_proto.add%20%3D%20function%20add%28state%29%20%7B%0A%20%20var%20i%20%3D%20state.targets.length%2C%20lookup%20%3D%20this.idLookup%2C%20alt%20%3D%20this.alt%2C%20index%2C%20es%2C%20es2%3B%0A%20%20while%28i--%29%7B%0A%20%20es%20%3D%20state.elementStates%5Bi%5D%3B%0A%20%20es2%20%3D%20lookup%5Bes.id%5D%3B%0A%20%20if%20%28es2%20%26%26%20%28es.element%20%3D%3D%3D%20es2.element%20%7C%7C%20alt%5Bes.id%5D%20%26%26%20alt%5Bes.id%5D.element%20%3D%3D%3D%20es.element%29%29%20%7B%0A%20%20%2F%2F%20if%20the%20flip%20id%20is%20already%20in%20this%20FlipState%2C%20replace%20it%21%0A%20%20index%20%3D%20this.elementStates.indexOf%28es.element%20%3D%3D%3D%20es2.element%20%3F%20es2%20%3A%20alt%5Bes.id%5D%29%3B%0A%20%20this.targets.splice%28index%2C%201%2C%20state.targets%5Bi%5D%29%3B%0A%20%20this.elementStates.splice%28index%2C%201%2C%20es%29%3B%0A%20%20%7D%20else%20%7B%0A%20%20this.targets.push%28state.targets%5Bi%5D%29%3B%0A%20%20this.elementStates.push%28es%29%3B%0A%20%20%7D%0A%20%20%7D%0A%20%20state.interrupted%20%26%26%20%28this.interrupted%20%3D%20true%29%3B%0A%20%20state.simple%20%7C%7C%20%28this.simple%20%3D%20false%29%3B%0A%20%20_createLookup%28this%29%3B%0A%20%20return%20this%3B%0A%20%20%7D%3B%0A%20%20_proto.compare%20%3D%20function%20compare%28state%29%20%7B%0A%20%20var%20l1%20%3D%20state.idLookup%2C%20l2%20%3D%20this.idLookup%2C%20unchanged%20%3D%20%5B%5D%2C%20changed%20%3D%20%5B%5D%2C%20enter%20%3D%20%5B%5D%2C%20leave%20%3D%20%5B%5D%2C%20targets%20%3D%20%5B%5D%2C%20a1%20%3D%20state.alt%2C%20a2%20%3D%20this.alt%2C%20place%20%3D%20function%20place%28s1%2C%20s2%2C%20el%29%20%7B%0A%20%20return%20%28s1.isVisible%20%21%3D%3D%20s2.isVisible%20%3F%20s1.isVisible%20%3F%20enter%20%3A%20leave%20%3A%20s1.isVisible%20%3F%20changed%20%3A%20unchanged%29.push%28el%29%20%26%26%20targets.push%28el%29%3B%0A%20%20%7D%2C%20placeIfDoesNotExist%20%3D%20function%20placeIfDoesNotExist%28s1%2C%20s2%2C%20el%29%20%7B%0A%20%20return%20targets.indexOf%28el%29%20%3C%200%20%26%26%20place%28s1%2C%20s2%2C%20el%29%3B%0A%20%20%7D%2C%20s1%2C%20s2%2C%20p%2C%20el%2C%20s1Alt%2C%20s2Alt%2C%20c1%2C%20c2%3B%0A%20%20for%28p%20in%20l1%29%7B%0A%20%20s1Alt%20%3D%20a1%5Bp%5D%3B%0A%20%20s2Alt%20%3D%20a2%5Bp%5D%3B%0A%20%20s1%20%3D%20%21s1Alt%20%3F%20l1%5Bp%5D%20%3A%20_getChangingElState%28state%2C%20this%2C%20p%29%3B%0A%20%20el%20%3D%20s1.element%3B%0A%20%20s2%20%3D%20l2%5Bp%5D%3B%0A%20%20if%20%28s2Alt%29%20%7B%0A%20%20c2%20%3D%20s2.isVisible%20%7C%7C%20%21s2Alt.isVisible%20%26%26%20el%20%3D%3D%3D%20s2.element%20%3F%20s2%20%3A%20s2Alt%3B%0A%20%20c1%20%3D%20s1Alt%20%26%26%20%21s1.isVisible%20%26%26%20%21s1Alt.isVisible%20%26%26%20c2.element%20%3D%3D%3D%20s1Alt.element%20%3F%20s1Alt%20%3A%20s1%3B%20%2F%2Fc1.element%20%21%3D%3D%20c2.element%20%26%26%20c1.element%20%3D%3D%3D%20s2.element%20%26%26%20%28c2%20%3D%20s2%29%3B%0A%20%20if%20%28c1.isVisible%20%26%26%20c2.isVisible%20%26%26%20c1.element%20%21%3D%3D%20c2.element%29%20%7B%0A%20%20%2F%2F%20swapping%2C%20so%20force%20into%20%22changed%22%20array%0A%20%20%28c1.isDifferent%28c2%29%20%3F%20changed%20%3A%20unchanged%29.push%28c1.element%2C%20c2.element%29%3B%0A%20%20targets.push%28c1.element%2C%20c2.element%29%3B%0A%20%20%7D%20else%20%7B%0A%20%20place%28c1%2C%20c2%2C%20c1.element%29%3B%0A%20%20%7D%0A%20%20s1Alt%20%26%26%20c1.element%20%3D%3D%3D%20s1Alt.element%20%26%26%20%28s1Alt%20%3D%20l1%5Bp%5D%29%3B%0A%20%20placeIfDoesNotExist%28c1.element%20%21%3D%3D%20s2.element%20%26%26%20s1Alt%20%3F%20s1Alt%20%3A%20c1%2C%20s2%2C%20s2.element%29%3B%0A%20%20placeIfDoesNotExist%28s1Alt%20%26%26%20s1Alt.element%20%3D%3D%3D%20s2Alt.element%20%3F%20s1Alt%20%3A%20c1%2C%20s2Alt%2C%20s2Alt.element%29%3B%0A%20%20s1Alt%20%26%26%20placeIfDoesNotExist%28s1Alt%2C%20s2Alt.element%20%3D%3D%3D%20s1Alt.element%20%3F%20s2Alt%20%3A%20s2%2C%20s1Alt.element%29%3B%0A%20%20%7D%20else%20%7B%0A%20%20%21s2%20%3F%20enter.push%28el%29%20%3A%20%21s2.isDifferent%28s1%29%20%3F%20unchanged.push%28el%29%20%3A%20place%28s1%2C%20s2%2C%20el%29%3B%0A%20%20s1Alt%20%26%26%20placeIfDoesNotExist%28s1Alt%2C%20s2%2C%20s1Alt.element%29%3B%0A%20%20%7D%0A%20%20%7D%0A%20%20for%28p%20in%20l2%29%7B%0A%20%20if%20%28%21l1%5Bp%5D%29%20%7B%0A%20%20leave.push%28l2%5Bp%5D.element%29%3B%0A%20%20a2%5Bp%5D%20%26%26%20leave.push%28a2%5Bp%5D.element%29%3B%0A%20%20%7D%0A%20%20%7D%0A%20%20return%20%7B%0A%20%20changed%3A%20changed%2C%0A%20%20unchanged%3A%20unchanged%2C%0A%20%20enter%3A%20enter%2C%0A%20%20leave%3A%20leave%0A%20%20%7D%3B%0A%20%20%7D%3B%0A%20%20_proto.recordInlineStyles%20%3D%20function%20recordInlineStyles%28%29%20%7B%0A%20%20var%20props%20%3D%20_memoizedRemoveProps%5Bthis.props%5D%20%7C%7C%20_removeProps%2C%20i%20%3D%20this.elementStates.length%3B%0A%20%20while%28i--%29%7B%0A%20%20_recordInlineStyles%28this.elementStates%5Bi%5D%2C%20props%29%3B%0A%20%20%7D%0A%20%20%7D%3B%0A%20%20_proto.interrupt%20%3D%20function%20interrupt%28soft%29%20%7B%0A%20%20var%20_this2%20%3D%20this%3B%0A%20%20%2F%2F%20soft%20%3D%20DON%27T%20force%20in-progress%20flip%20animations%20to%20completion%20%28like%20when%20running%20a%20batch%2C%20we%20can%27t%20immediately%20kill%20flips%20when%20getting%20states%20because%20it%20could%20contaminate%20positioning%20and%20other%20.getState%28%29%20calls%20that%20will%20run%20in%20the%20batch%20%28we%20kill%20AFTER%20all%20the%20.getState%28%29%20calls%20complete%29.%0A%20%20var%20timelines%20%3D%20%5B%5D%3B%0A%20%20this.targets.forEach%28function%28t%29%20%7B%0A%20%20var%20tl%20%3D%20t._flip%2C%20foundInProgress%20%3D%20_killFlip%28tl%2C%20soft%20%3F%200%20%3A%201%29%3B%0A%20%20soft%20%26%26%20foundInProgress%20%26%26%20timelines.indexOf%28tl%29%20%3C%200%20%26%26%20tl.add%28function%28%29%20%7B%0A%20%20return%20_this2.updateVisibility%28%29%3B%0A%20%20%7D%29%3B%0A%20%20foundInProgress%20%26%26%20timelines.push%28tl%29%3B%0A%20%20%7D%29%3B%0A%20%20%21soft%20%26%26%20timelines.length%20%26%26%20this.updateVisibility%28%29%3B%20%2F%2F%20if%20we%20found%20an%20in-progress%20Flip%20animation%2C%20we%20must%20record%20all%20the%20values%20in%20their%20current%20state%20at%20that%20point%20BUT%20we%20should%20update%20the%20isVisible%20value%20AFTER%20pushing%20that%20flip%20to%20completion%20so%20that%20elements%20that%20are%20entering%20or%20leaving%20will%20populate%20those%20Arrays%20properly.%0A%20%20this.interrupted%20%7C%7C%20%28this.interrupted%20%3D%20%21%21timelines.length%29%3B%0A%20%20%7D%3B%0A%20%20_proto.updateVisibility%20%3D%20function%20updateVisibility%28%29%20%7B%0A%20%20this.elementStates.forEach%28function%28es%29%20%7B%0A%20%20var%20b%20%3D%20es.element.getBoundingClientRect%28%29%3B%0A%20%20es.isVisible%20%3D%20%21%21%28b.width%20%7C%7C%20b.height%20%7C%7C%20b.top%20%7C%7C%20b.left%29%3B%0A%20%20es.uncache%20%3D%201%3B%0A%20%20%7D%29%3B%0A%20%20%7D%3B%0A%20%20_proto.getElementState%20%3D%20function%20getElementState%28element%29%20%7B%0A%20%20return%20this.elementStates%5Bthis.targets.indexOf%28_getEl%28element%29%29%5D%3B%0A%20%20%7D%3B%0A%20%20_proto.makeAbsolute%20%3D%20function%20makeAbsolute%28%29%20%7B%0A%20%20return%20_orderByDOMDepth%28this.elementStates.slice%280%29%2C%20true%2C%20true%29.map%28_makeAbsolute%29%3B%0A%20%20%7D%3B%0A%20%20return%20FlipState%3B%0A%20%20%7D%28%29%3B%0A%20%20var%20ElementState%20%3D%20%2F%2A%23__PURE__%2A%2F%20function%28%29%20%7B%0A%20%20function%20ElementState%28element%2C%20props%2C%20simple%29%20%7B%0A%20%20if%20%28element%20instanceof%20ElementState%29%20%7B%0A%20%20%2F%2F%20allows%20us%20to%20essentially%20clone%0A%20%20Object.assign%28this%2C%20element%2C%20props%20%7C%7C%20%7B%7D%29%3B%0A%20%20%7D%20else%20%7B%0A%20%20this.element%20%3D%20element%3B%0A%20%20this.update%28props%2C%20simple%29%3B%0A%20%20%7D%0A%20%20%7D%0A%20%20var%20_proto2%20%3D%20ElementState.prototype%3B%0A%20%20_proto2.isDifferent%20%3D%20function%20isDifferent%28state%29%20%7B%0A%20%20var%20b1%20%3D%20this.bounds%2C%20b2%20%3D%20state.bounds%3B%0A%20%20return%20b1.top%20%21%3D%3D%20b2.top%20%7C%7C%20b1.left%20%21%3D%3D%20b2.left%20%7C%7C%20b1.width%20%21%3D%3D%20b2.width%20%7C%7C%20b1.height%20%21%3D%3D%20b2.height%20%7C%7C%20%21this.matrix.equals%28state.matrix%29%20%7C%7C%20this.opacity%20%21%3D%3D%20state.opacity%20%7C%7C%20this.props%20%26%26%20state.props%20%26%26%20JSON.stringify%28this.props%29%20%21%3D%3D%20JSON.stringify%28state.props%29%3B%0A%20%20%7D%3B%0A%20%20_proto2.clone%20%3D%20function%20clone%28overrides%29%20%7B%0A%20%20return%20new%20ElementState%28this%2C%20overrides%29%3B%0A%20%20%7D%3B%0A%20%20_proto2.update%20%3D%20function%20update%28props%2C%20simple%29%20%7B%0A%20%20var%20self%20%3D%20this%2C%20element%20%3D%20self.element%2C%20getProp%20%3D%20gsap.getProperty%28element%29%2C%20cache%20%3D%20gsap.core.getCache%28element%29%2C%20bounds%20%3D%20element.getBoundingClientRect%28%29%2C%20bbox%20%3D%20element.getBBox%20%26%26%20typeof%20element.getBBox%20%3D%3D%3D%20%22function%22%20%26%26%20element.nodeName.toLowerCase%28%29%20%21%3D%3D%20%22svg%22%20%26%26%20element.getBBox%28%29%2C%20m%20%3D%20simple%20%3F%20new%20Matrix2D%281%2C%200%2C%200%2C%201%2C%20bounds.left%20%2B%20_getDocScrollLeft%28%29%2C%20bounds.top%20%2B%20_getDocScrollTop%28%29%29%20%3A%20getGlobalMatrix%28element%2C%20false%2C%20false%2C%20true%29%3B%0A%20%20cache.uncache%20%3D%201%3B%20%2F%2F%20in%20case%20there%20are%20CSS%20rules%20that%20affect%20the%20element.%20Example%3A%20https%3A%2F%2Fgsap.com%2Fcommunity%2Fforums%2Ftopic%2F44321-bug-on-fixed-position-using-flip%2F%0A%20%20self.getProp%20%3D%20getProp%3B%0A%20%20self.element%20%3D%20element%3B%0A%20%20self.id%20%3D%20_getID%28element%29%3B%0A%20%20self.matrix%20%3D%20m%3B%0A%20%20self.cache%20%3D%20cache%3B%0A%20%20self.bounds%20%3D%20bounds%3B%0A%20%20self.isVisible%20%3D%20%21%21%28bounds.width%20%7C%7C%20bounds.height%20%7C%7C%20bounds.left%20%7C%7C%20bounds.top%29%3B%0A%20%20self.display%20%3D%20getProp%28%22display%22%29%3B%0A%20%20self.position%20%3D%20getProp%28%22position%22%29%3B%0A%20%20self.parent%20%3D%20element.parentNode%3B%0A%20%20self.x%20%3D%20getProp%28%22x%22%2C%20%22px%22%29%3B%0A%20%20self.y%20%3D%20getProp%28%22y%22%2C%20%22px%22%29%3B%0A%20%20self.scaleX%20%3D%20cache.scaleX%3B%0A%20%20self.scaleY%20%3D%20cache.scaleY%3B%0A%20%20self.rotation%20%3D%20getProp%28%22rotation%22%29%3B%0A%20%20self.skewX%20%3D%20getProp%28%22skewX%22%29%3B%0A%20%20self.opacity%20%3D%20getProp%28%22opacity%22%29%3B%0A%20%20self.width%20%3D%20bbox%20%3F%20bbox.width%20%3A%20_closestTenth%28getProp%28%22width%22%2C%20%22px%22%29%2C%200.04%29%3B%20%2F%2F%20round%20up%20to%20the%20closest%200.1%20so%20that%20text%20doesn%27t%20wrap.%0A%20%20self.height%20%3D%20bbox%20%3F%20bbox.height%20%3A%20_closestTenth%28getProp%28%22height%22%2C%20%22px%22%29%2C%200.04%29%3B%0A%20%20props%20%26%26%20_recordProps%28self%2C%20_memoizedProps%5Bprops%5D%20%7C%7C%20_memoizeProps%28props%29%29%3B%0A%20%20self.ctm%20%3D%20element.getCTM%20%26%26%20element.nodeName.toLowerCase%28%29%20%3D%3D%3D%20%22svg%22%20%26%26%20_getCTM%28element%29.inverse%28%29%3B%0A%20%20self.simple%20%3D%20simple%20%7C%7C%20_round%28m.a%29%20%3D%3D%3D%201%20%26%26%20%21_round%28m.b%29%20%26%26%20%21_round%28m.c%29%20%26%26%20_round%28m.d%29%20%3D%3D%3D%201%3B%20%2F%2F%20allows%20us%20to%20speed%20through%20some%20other%20tasks%20if%20it%27s%20not%20scale%2Frotated%0A%20%20self.uncache%20%3D%200%3B%0A%20%20%7D%3B%0A%20%20return%20ElementState%3B%0A%20%20%7D%28%29%3B%0A%20%20var%20FlipAction%20%3D%20%2F%2A%23__PURE__%2A%2F%20function%28%29%20%7B%0A%20%20function%20FlipAction%28vars%2C%20batch%29%20%7B%0A%20%20this.vars%20%3D%20vars%3B%0A%20%20this.batch%20%3D%20batch%3B%0A%20%20this.states%20%3D%20%5B%5D%3B%0A%20%20this.timeline%20%3D%20batch.timeline%3B%0A%20%20%7D%0A%20%20var%20_proto3%20%3D%20FlipAction.prototype%3B%0A%20%20_proto3.getStateById%20%3D%20function%20getStateById%28id%29%20%7B%0A%20%20var%20i%20%3D%20this.states.length%3B%0A%20%20while%28i--%29%7B%0A%20%20if%20%28this.states%5Bi%5D.idLookup%5Bid%5D%29%20%7B%0A%20%20return%20this.states%5Bi%5D%3B%0A%20%20%7D%0A%20%20%7D%0A%20%20%7D%3B%0A%20%20_proto3.kill%20%3D%20function%20kill%28%29%20%7B%0A%20%20this.batch.remove%28this%29%3B%0A%20%20%7D%3B%0A%20%20return%20FlipAction%3B%0A%20%20%7D%28%29%3B%0A%20%20var%20FlipBatch%20%3D%20%2F%2A%23__PURE__%2A%2F%20function%28%29%20%7B%0A%20%20function%20FlipBatch%28id%29%20%7B%0A%20%20this.id%20%3D%20id%3B%0A%20%20this.actions%20%3D%20%5B%5D%3B%0A%20%20this._kill%20%3D%20%5B%5D%3B%0A%20%20this._final%20%3D%20%5B%5D%3B%0A%20%20this._abs%20%3D%20%5B%5D%3B%0A%20%20this._run%20%3D%20%5B%5D%3B%0A%20%20this.data%20%3D%20%7B%7D%3B%0A%20%20this.state%20%3D%20new%20FlipState%28%29%3B%0A%20%20this.timeline%20%3D%20gsap.timeline%28%29%3B%0A%20%20%7D%0A%20%20var%20_proto4%20%3D%20FlipBatch.prototype%3B%0A%20%20_proto4.add%20%3D%20function%20add%28config%29%20%7B%0A%20%20var%20result%20%3D%20this.actions.filter%28function%28action%29%20%7B%0A%20%20return%20action.vars%20%3D%3D%3D%20config%3B%0A%20%20%7D%29%3B%0A%20%20if%20%28result.length%29%20%7B%0A%20%20return%20result%5B0%5D%3B%0A%20%20%7D%0A%20%20result%20%3D%20new%20FlipAction%28typeof%20config%20%3D%3D%3D%20%22function%22%20%3F%20%7B%0A%20%20animate%3A%20config%0A%20%20%7D%20%3A%20config%2C%20this%29%3B%0A%20%20this.actions.push%28result%29%3B%0A%20%20return%20result%3B%0A%20%20%7D%3B%0A%20%20_proto4.remove%20%3D%20function%20remove%28action%29%20%7B%0A%20%20var%20i%20%3D%20this.actions.indexOf%28action%29%3B%0A%20%20i%20%3E%3D%200%20%26%26%20this.actions.splice%28i%2C%201%29%3B%0A%20%20return%20this%3B%0A%20%20%7D%3B%0A%20%20_proto4.getState%20%3D%20function%20getState%28merge%29%20%7B%0A%20%20var%20_this3%20%3D%20this%3B%0A%20%20var%20prevBatch%20%3D%20_batch%2C%20prevAction%20%3D%20_batchAction%3B%0A%20%20_batch%20%3D%20this%3B%0A%20%20this.state.clear%28%29%3B%0A%20%20this._kill.length%20%3D%200%3B%0A%20%20this.actions.forEach%28function%28action%29%20%7B%0A%20%20if%20%28action.vars.getState%29%20%7B%0A%20%20action.states.length%20%3D%200%3B%0A%20%20_batchAction%20%3D%20action%3B%0A%20%20action.state%20%3D%20action.vars.getState%28action%29%3B%0A%20%20%7D%0A%20%20merge%20%26%26%20action.states.forEach%28function%28s%29%20%7B%0A%20%20return%20_this3.state.add%28s%29%3B%0A%20%20%7D%29%3B%0A%20%20%7D%29%3B%0A%20%20_batchAction%20%3D%20prevAction%3B%0A%20%20_batch%20%3D%20prevBatch%3B%0A%20%20this.killConflicts%28%29%3B%0A%20%20return%20this%3B%0A%20%20%7D%3B%0A%20%20_proto4.animate%20%3D%20function%20animate%28%29%20%7B%0A%20%20var%20_this4%20%3D%20this%3B%0A%20%20var%20prevBatch%20%3D%20_batch%2C%20tl%20%3D%20this.timeline%2C%20i%20%3D%20this.actions.length%2C%20finalStates%2C%20endTime%3B%0A%20%20_batch%20%3D%20this%3B%0A%20%20tl.clear%28%29%3B%0A%20%20this._abs.length%20%3D%20this._final.length%20%3D%20this._run.length%20%3D%200%3B%0A%20%20this.actions.forEach%28function%28a%29%20%7B%0A%20%20a.vars.animate%20%26%26%20a.vars.animate%28a%29%3B%0A%20%20var%20onEnter%20%3D%20a.vars.onEnter%2C%20onLeave%20%3D%20a.vars.onLeave%2C%20targets%20%3D%20a.targets%2C%20s%2C%20result%3B%0A%20%20if%20%28targets%20%26%26%20targets.length%20%26%26%20%28onEnter%20%7C%7C%20onLeave%29%29%20%7B%0A%20%20s%20%3D%20new%20FlipState%28%29%3B%0A%20%20a.states.forEach%28function%28state%29%20%7B%0A%20%20return%20s.add%28state%29%3B%0A%20%20%7D%29%3B%0A%20%20result%20%3D%20s.compare%28Flip.getState%28targets%29%29%3B%0A%20%20result.enter.length%20%26%26%20onEnter%20%26%26%20onEnter%28result.enter%29%3B%0A%20%20result.leave.length%20%26%26%20onLeave%20%26%26%20onLeave%28result.leave%29%3B%0A%20%20%7D%0A%20%20%7D%29%3B%0A%20%20_makeCompsAbsolute%28this._abs%29%3B%0A%20%20this._run.forEach%28function%28f%29%20%7B%0A%20%20return%20f%28%29%3B%0A%20%20%7D%29%3B%0A%20%20endTime%20%3D%20tl.duration%28%29%3B%0A%20%20finalStates%20%3D%20this._final.slice%280%29%3B%0A%20%20tl.add%28function%28%29%20%7B%0A%20%20if%20%28endTime%20%3C%3D%20tl.time%28%29%29%20%7B%0A%20%20%2F%2F%20only%20call%20if%20moving%20forward%20in%20the%20timeline%20%28in%20case%20it%27s%20nested%20in%20a%20timeline%20that%20gets%20reversed%29%0A%20%20finalStates.forEach%28function%28f%29%20%7B%0A%20%20return%20f%28%29%3B%0A%20%20%7D%29%3B%0A%20%20_forEachBatch%28_this4%2C%20%22onComplete%22%29%3B%0A%20%20%7D%0A%20%20%7D%29%3B%0A%20%20_batch%20%3D%20prevBatch%3B%0A%20%20while%28i--%29%7B%0A%20%20this.actions%5Bi%5D.vars.once%20%26%26%20this.actions%5Bi%5D.kill%28%29%3B%0A%20%20%7D%0A%20%20_forEachBatch%28this%2C%20%22onStart%22%29%3B%0A%20%20tl.restart%28%29%3B%0A%20%20return%20this%3B%0A%20%20%7D%3B%0A%20%20_proto4.loadState%20%3D%20function%20loadState%28done%29%20%7B%0A%20%20done%20%7C%7C%20%28done%20%3D%20function%20done%28%29%20%7B%0A%20%20return%200%3B%0A%20%20%7D%29%3B%0A%20%20var%20queue%20%3D%20%5B%5D%3B%0A%20%20this.actions.forEach%28function%28c%29%20%7B%0A%20%20if%20%28c.vars.loadState%29%20%7B%0A%20%20var%20i%2C%20f%20%3D%20function%20f%28targets%29%20%7B%0A%20%20targets%20%26%26%20%28c.targets%20%3D%20targets%29%3B%0A%20%20i%20%3D%20queue.indexOf%28f%29%3B%0A%20%20if%20%28~i%29%20%7B%0A%20%20queue.splice%28i%2C%201%29%3B%0A%20%20queue.length%20%7C%7C%20done%28%29%3B%0A%20%20%7D%0A%20%20%7D%3B%0A%20%20queue.push%28f%29%3B%0A%20%20c.vars.loadState%28f%29%3B%0A%20%20%7D%0A%20%20%7D%29%3B%0A%20%20queue.length%20%7C%7C%20done%28%29%3B%0A%20%20return%20this%3B%0A%20%20%7D%3B%0A%20%20_proto4.setState%20%3D%20function%20setState%28%29%20%7B%0A%20%20this.actions.forEach%28function%28c%29%20%7B%0A%20%20return%20c.targets%20%3D%20c.vars.setState%20%26%26%20c.vars.setState%28c%29%3B%0A%20%20%7D%29%3B%0A%20%20return%20this%3B%0A%20%20%7D%3B%0A%20%20_proto4.killConflicts%20%3D%20function%20killConflicts%28soft%29%20%7B%0A%20%20this.state.interrupt%28soft%29%3B%0A%20%20this._kill.forEach%28function%28state%29%20%7B%0A%20%20return%20state.interrupt%28soft%29%3B%0A%20%20%7D%29%3B%0A%20%20return%20this%3B%0A%20%20%7D%3B%0A%20%20_proto4.run%20%3D%20function%20run%28skipGetState%2C%20merge%29%20%7B%0A%20%20var%20_this5%20%3D%20this%3B%0A%20%20if%20%28this%20%21%3D%3D%20_batch%29%20%7B%0A%20%20skipGetState%20%7C%7C%20this.getState%28merge%29%3B%0A%20%20this.loadState%28function%28%29%20%7B%0A%20%20if%20%28%21_this5._killed%29%20%7B%0A%20%20_this5.setState%28%29%3B%0A%20%20_this5.animate%28%29%3B%0A%20%20%7D%0A%20%20%7D%29%3B%0A%20%20%7D%0A%20%20return%20this%3B%0A%20%20%7D%3B%0A%20%20_proto4.clear%20%3D%20function%20clear%28stateOnly%29%20%7B%0A%20%20this.state.clear%28%29%3B%0A%20%20stateOnly%20%7C%7C%20%28this.actions.length%20%3D%200%29%3B%0A%20%20%7D%3B%0A%20%20_proto4.getStateById%20%3D%20function%20getStateById%28id%29%20%7B%0A%20%20var%20i%20%3D%20this.actions.length%2C%20s%3B%0A%20%20while%28i--%29%7B%0A%20%20s%20%3D%20this.actions%5Bi%5D.getStateById%28id%29%3B%0A%20%20if%20%28s%29%20%7B%0A%20%20return%20s%3B%0A%20%20%7D%0A%20%20%7D%0A%20%20return%20this.state.idLookup%5Bid%5D%20%26%26%20this.state%3B%0A%20%20%7D%3B%0A%20%20_proto4.kill%20%3D%20function%20kill%28%29%20%7B%0A%20%20this._killed%20%3D%201%3B%0A%20%20this.clear%28%29%3B%0A%20%20delete%20_batchLookup%5Bthis.id%5D%3B%0A%20%20%7D%3B%0A%20%20return%20FlipBatch%3B%0A%20%20%7D%28%29%3B%0A%20%20var%20Flip%20%3D%20%2F%2A%23__PURE__%2A%2F%20function%28%29%20%7B%0A%20%20function%20Flip%28%29%20%7B%7D%0A%20%20Flip.getState%20%3D%20function%20getState%28targets%2C%20vars%29%20%7B%0A%20%20var%20state%20%3D%20_parseState%28targets%2C%20vars%29%3B%0A%20%20_batchAction%20%26%26%20_batchAction.states.push%28state%29%3B%0A%20%20vars%20%26%26%20vars.batch%20%26%26%20Flip.batch%28vars.batch%29.state.add%28state%29%3B%0A%20%20return%20state%3B%0A%20%20%7D%3B%0A%20%20Flip.from%20%3D%20function%20from%28state%2C%20vars%29%20%7B%0A%20%20vars%20%3D%20vars%20%7C%7C%20%7B%7D%3B%0A%20%20%22clearProps%22%20in%20vars%20%7C%7C%20%28vars.clearProps%20%3D%20true%29%3B%0A%20%20return%20_fromTo%28state%2C%20_parseState%28vars.targets%20%7C%7C%20state.targets%2C%20%7B%0A%20%20props%3A%20vars.props%20%7C%7C%20state.props%2C%0A%20%20simple%3A%20vars.simple%2C%0A%20%20kill%3A%20%21%21vars.kill%0A%20%20%7D%29%2C%20vars%2C%20-1%29%3B%0A%20%20%7D%3B%0A%20%20Flip.to%20%3D%20function%20to%28state%2C%20vars%29%20%7B%0A%20%20return%20_fromTo%28state%2C%20_parseState%28vars.targets%20%7C%7C%20state.targets%2C%20%7B%0A%20%20props%3A%20vars.props%20%7C%7C%20state.props%2C%0A%20%20simple%3A%20vars.simple%2C%0A%20%20kill%3A%20%21%21vars.kill%0A%20%20%7D%29%2C%20vars%2C%201%29%3B%0A%20%20%7D%3B%0A%20%20Flip.fromTo%20%3D%20function%20fromTo%28fromState%2C%20toState%2C%20vars%29%20%7B%0A%20%20return%20_fromTo%28fromState%2C%20toState%2C%20vars%29%3B%0A%20%20%7D%3B%0A%20%20Flip.fit%20%3D%20function%20fit%28fromEl%2C%20toEl%2C%20vars%29%20%7B%0A%20%20var%20v%20%3D%20vars%20%3F%20_copy%28vars%2C%20_fitReserved%29%20%3A%20%7B%7D%2C%20_ref%20%3D%20vars%20%7C%7C%20v%2C%20absolute%20%3D%20_ref.absolute%2C%20scale%20%3D%20_ref.scale%2C%20getVars%20%3D%20_ref.getVars%2C%20props%20%3D%20_ref.props%2C%20runBackwards%20%3D%20_ref.runBackwards%2C%20onComplete%20%3D%20_ref.onComplete%2C%20simple%20%3D%20_ref.simple%2C%20fitChild%20%3D%20vars%20%26%26%20vars.fitChild%20%26%26%20_getEl%28vars.fitChild%29%2C%20before%20%3D%20_parseElementState%28toEl%2C%20props%2C%20simple%2C%20fromEl%29%2C%20after%20%3D%20_parseElementState%28fromEl%2C%200%2C%20simple%2C%20before%29%2C%20inlineProps%20%3D%20props%20%3F%20_memoizedRemoveProps%5Bprops%5D%20%3A%20_removeProps%2C%20ctx%20%3D%20gsap.context%28%29%3B%0A%20%20props%20%26%26%20_applyProps%28v%2C%20before.props%29%3B%0A%20%20_recordInlineStyles%28after%2C%20inlineProps%29%3B%0A%20%20if%20%28runBackwards%29%20%7B%0A%20%20%22immediateRender%22%20in%20v%20%7C%7C%20%28v.immediateRender%20%3D%20true%29%3B%0A%20%20v.onComplete%20%3D%20function%28%29%20%7B%0A%20%20_applyInlineStyles%28after%29%3B%0A%20%20onComplete%20%26%26%20onComplete.apply%28this%2C%20arguments%29%3B%0A%20%20%7D%3B%0A%20%20%7D%0A%20%20absolute%20%26%26%20_makeAbsolute%28after%2C%20before%29%3B%0A%20%20v%20%3D%20_fit%28after%2C%20before%2C%20scale%20%7C%7C%20fitChild%2C%20%21v.duration%20%26%26%20props%2C%20fitChild%2C%20v.duration%20%7C%7C%20getVars%20%3F%20v%20%3A%200%29%3B%0A%20%20typeof%20vars%20%3D%3D%3D%20%22object%22%20%26%26%20%22zIndex%22%20in%20vars%20%26%26%20%28v.zIndex%20%3D%20vars.zIndex%29%3B%0A%20%20ctx%20%26%26%20%21getVars%20%26%26%20ctx.add%28function%28%29%20%7B%0A%20%20return%20function%28%29%20%7B%0A%20%20return%20_applyInlineStyles%28after%29%3B%0A%20%20%7D%3B%0A%20%20%7D%29%3B%0A%20%20return%20getVars%20%3F%20v%20%3A%20v.duration%20%3F%20gsap.to%28after.element%2C%20v%29%20%3A%20null%3B%0A%20%20%7D%3B%0A%20%20Flip.makeAbsolute%20%3D%20function%20makeAbsolute%28targetsOrStates%2C%20vars%29%20%7B%0A%20%20return%20%28targetsOrStates%20instanceof%20FlipState%20%3F%20targetsOrStates%20%3A%20new%20FlipState%28targetsOrStates%2C%20vars%29%29.makeAbsolute%28%29%3B%0A%20%20%7D%3B%0A%20%20Flip.batch%20%3D%20function%20batch%28id%29%20%7B%0A%20%20id%20%7C%7C%20%28id%20%3D%20%22default%22%29%3B%0A%20%20return%20_batchLookup%5Bid%5D%20%7C%7C%20%28_batchLookup%5Bid%5D%20%3D%20new%20FlipBatch%28id%29%29%3B%0A%20%20%7D%3B%0A%20%20Flip.killFlipsOf%20%3D%20function%20killFlipsOf%28targets%2C%20complete%29%20%7B%0A%20%20%28targets%20instanceof%20FlipState%20%3F%20targets.targets%20%3A%20_toArray%28targets%29%29.forEach%28function%28t%29%20%7B%0A%20%20return%20t%20%26%26%20_killFlip%28t._flip%2C%20complete%20%21%3D%3D%20false%20%3F%201%20%3A%202%29%3B%0A%20%20%7D%29%3B%0A%20%20%7D%3B%0A%20%20Flip.isFlipping%20%3D%20function%20isFlipping%28target%29%20%7B%0A%20%20var%20f%20%3D%20Flip.getByTarget%28target%29%3B%0A%20%20return%20%21%21f%20%26%26%20f.isActive%28%29%3B%0A%20%20%7D%3B%0A%20%20Flip.getByTarget%20%3D%20function%20getByTarget%28target%29%20%7B%0A%20%20return%20%28_getEl%28target%29%20%7C%7C%20_emptyObj%29._flip%3B%0A%20%20%7D%3B%0A%20%20Flip.getElementState%20%3D%20function%20getElementState%28target%2C%20props%29%20%7B%0A%20%20return%20new%20ElementState%28_getEl%28target%29%2C%20props%29%3B%0A%20%20%7D%3B%0A%20%20Flip.convertCoordinates%20%3D%20function%20convertCoordinates%28fromElement%2C%20toElement%2C%20point%29%20%7B%0A%20%20var%20m%20%3D%20getGlobalMatrix%28toElement%2C%20true%2C%20true%29.multiply%28getGlobalMatrix%28fromElement%29%29%3B%0A%20%20return%20point%20%3F%20m.apply%28point%29%20%3A%20m%3B%0A%20%20%7D%3B%0A%20%20Flip.register%20%3D%20function%20register%28core%29%20%7B%0A%20%20_body1%20%3D%20typeof%20document%20%21%3D%3D%20%22undefined%22%20%26%26%20document.body%3B%0A%20%20if%20%28_body1%29%20%7B%0A%20%20gsap%20%3D%20core%3B%0A%20%20_setDoc%28_body1%29%3B%0A%20%20_toArray%20%3D%20gsap.utils.toArray%3B%0A%20%20_getStyleSaver%20%3D%20gsap.core.getStyleSaver%3B%0A%20%20var%20snap%20%3D%20gsap.utils.snap%280.1%29%3B%0A%20%20_closestTenth%20%3D%20function%20_closestTenth%28value%2C%20add%29%20%7B%0A%20%20return%20snap%28parseFloat%28value%29%20%2B%20add%29%3B%0A%20%20%7D%3B%0A%20%20%7D%0A%20%20%7D%3B%0A%20%20return%20Flip%3B%0A%20%20%7D%28%29%3B%0A%20%20Flip.version%20%3D%20%223.14.2%22%3B%20%2F%2F%20function%20whenImagesLoad%28el%2C%20func%29%20%7B%0A%20%20%2F%2F%20%09let%20pending%20%3D%20%5B%5D%2C%0A%20%20%2F%2F%20%09%09onLoad%20%3D%20e%20%3D%3E%20%7B%0A%20%20%2F%2F%20%09%09%09pending.splice%28pending.indexOf%28e.target%29%2C%201%29%3B%0A%20%20%2F%2F%20%09%09%09e.target.removeEventListener%28%22load%22%2C%20onLoad%29%3B%0A%20%20%2F%2F%20%09%09%09pending.length%20%7C%7C%20func%28%29%3B%0A%20%20%2F%2F%20%09%09%7D%3B%0A%20%20%2F%2F%20%09gsap.utils.toArray%28el.tagName.toLowerCase%28%29%20%3D%3D%3D%20%22img%22%20%3F%20el%20%3A%20el.querySelectorAll%28%22img%22%29%29.forEach%28img%20%3D%3E%20img.complete%20%7C%7C%20img.addEventListener%28%22load%22%2C%20onLoad%29%20%7C%7C%20pending.push%28img%29%29%3B%0A%20%20%2F%2F%20%09pending.length%20%7C%7C%20func%28%29%3B%0A%20%20%2F%2F%20%7D%0A%20%20%28%22TURBOPACK%20compile-time%20value%22%2C%20%22undefined%22%29%20%21%3D%3D%20%22undefined%22%20%26%26%20window.gsap%20%26%26%20window.gsap.registerPlugin%28Flip%29%3B%0A%20%20%3B%0A%20%20var%20__TURBOPACK__imported__module__71911__%20%3D%20__turbopack_context__.i%2871911%29%3B%0A%20%20%3B%0A%20%20const%20__TURBOPACK__default__export__24%20%3D%20%7B%0A%20%20src%3A%20__TURBOPACK__imported__module__71911__%5B%22default%22%5D%2C%0A%20%20width%3A%201100%2C%0A%20%20height%3A%20734%2C%0A%20%20blurWidth%3A%208%2C%0A%20%20blurHeight%3A%205%2C%0A%20%20blurDataURL%3A%20%22data%3Aimage%2Fjpeg%3Bbase64%2C%2F9j%2F4AAQSkZJRgABAgAAAQABAAD%2FwAARCAAFAAgDAREAAhEBAxEB%2F9sAQwAKBwcIBwYKCAgICwoKCw4YEA4NDQ4dFRYRGCMfJSQiHyIhJis3LyYpNCkhIjBBMTQ5Oz4%2BPiUuRElDPEg3PT47%2F9sAQwEKCwsODQ4cEBAcOygiKDs7Ozs7Ozs7Ozs7Ozs7Ozs7Ozs7Ozs7Ozs7Ozs7Ozs7Ozs7Ozs7Ozs7Ozs7Ozs7Ozs7%2F8QAHwAAAQUBAQEBAQEAAAAAAAAAAAECAwQFBgcICQoL%2F8QAtRAAAgEDAwIEAwUFBAQAAAF9AQIDAAQRBRIhMUEGE1FhByJxFDKBkaEII0KxwRVS0fAkM2JyggkKFhcYGRolJicoKSo0NTY3ODk6Q0RFRkdISUpTVFVWV1hZWmNkZWZnaGlqc3R1dnd4eXqDhIWGh4iJipKTlJWWl5iZmqKjpKWmp6ipqrKztLW2t7i5usLDxMXGx8jJytLT1NXW19jZ2uHi4%2BTl5ufo6erx8vP09fb3%2BPn6%2F8QAHwEAAwEBAQEBAQEBAQAAAAAAAAECAwQFBgcICQoL%2F8QAtREAAgECBAQDBAcFBAQAAQJ3AAECAxEEBSExBhJBUQdhcRMiMoEIFEKRobHBCSMzUvAVYnLRChYkNOEl8RcYGRomJygpKjU2Nzg5OkNERUZHSElKU1RVVldYWVpjZGVmZ2hpanN0dXZ3eHl6goOEhYaHiImKkpOUlZaXmJmaoqOkpaanqKmqsrO0tba3uLm6wsPExcbHyMnK0tPU1dbX2Nna4uPk5ebn6Onq8vP09fb3%2BPn6%2F9oADAMBAAIRAxEAPwCH4jXctotrYSHz0mywZvvKfY%2FjRSi3PVk15Lk0R%2F%2FZ%22%0A%20%20%7D%3B%0A%20%20var%20__TURBOPACK__imported__module__66293__%20%3D%20__turbopack_context__.i%2866293%29%3B%0A%20%20%3B%0A%20%20const%20__TURBOPACK__default__export__25%20%3D%20%7B%0A%20%20src%3A%20__TURBOPACK__imported__module__66293__%5B%22default%22%5D%2C%0A%20%20width%3A%20656%2C%0A%20%20height%3A%20368%2C%0A%20%20blurWidth%3A%208%2C%0A%20%20blurHeight%3A%204%2C%0A%20%20blurDataURL%3A%20%22data%3Aimage%2Fjpeg%3Bbase64%2C%2F9j%2F4AAQSkZJRgABAgAAAQABAAD%2FwAARCAAEAAgDAREAAhEBAxEB%2F9sAQwAKBwcIBwYKCAgICwoKCw4YEA4NDQ4dFRYRGCMfJSQiHyIhJis3LyYpNCkhIjBBMTQ5Oz4%2BPiUuRElDPEg3PT47%2F9sAQwEKCwsODQ4cEBAcOygiKDs7Ozs7Ozs7Ozs7Ozs7Ozs7Ozs7Ozs7Ozs7Ozs7Ozs7Ozs7Ozs7Ozs7Ozs7Ozs7Ozs7%2F8QAHwAAAQUBAQEBAQEAAAAAAAAAAAECAwQFBgcICQoL%2F8QAtRAAAgEDAwIEAwUFBAQAAAF9AQIDAAQRBRIhMUEGE1FhByJxFDKBkaEII0KxwRVS0fAkM2JyggkKFhcYGRolJicoKSo0NTY3ODk6Q0RFRkdISUpTVFVWV1hZWmNkZWZnaGlqc3R1dnd4eXqDhIWGh4iJipKTlJWWl5iZmqKjpKWmp6ipqrKztLW2t7i5usLDxMXGx8jJytLT1NXW19jZ2uHi4%2BTl5ufo6erx8vP09fb3%2BPn6%2F8QAHwEAAwEBAQEBAQEBAQAAAAAAAAECAwQFBgcICQoL%2F8QAtREAAgECBAQDBAcFBAQAAQJ3AAECAxEEBSExBhJBUQdhcRMiMoEIFEKRobHBCSMzUvAVYnLRChYkNOEl8RcYGRomJygpKjU2Nzg5OkNERUZHSElKU1RVVldYWVpjZGVmZ2hpanN0dXZ3eHl6goOEhYaHiImKkpOUlZaXmJmaoqOkpaanqKmqsrO0tba3uLm6wsPExcbHyMnK0tPU1dbX2Nna4uPk5ebn6Onq8vP09fb3%2BPn6%2F9oADAMBAAIRAxEAPwCTUbWOFAELArPGu7PJDtz%2FAPWrFaux2TbUFLuf%2F9k%3D%22%0A%20%20%7D%3B%0A%20%20var%20__TURBOPACK__imported__module__23414__%20%3D%20__turbopack_context__.i%2823414%29%3B%0A%20%20%3B%0A%20%20const%20__TURBOPACK__default__export__26%20%3D%20%7B%0A%20%20src%3A%20__TURBOPACK__imported__module__23414__%5B%22default%22%5D%2C%0A%20%20width%3A%20656%2C%0A%20%20height%3A%20368%2C%0A%20%20blurWidth%3A%208%2C%0A%20%20blurHeight%3A%204%2C%0A%20%20blurDataURL%3A%20%22data%3Aimage%2Fjpeg%3Bbase64%2C%2F9j%2F4AAQSkZJRgABAgAAAQABAAD%2FwAARCAAEAAgDAREAAhEBAxEB%2F9sAQwAKBwcIBwYKCAgICwoKCw4YEA4NDQ4dFRYRGCMfJSQiHyIhJis3LyYpNCkhIjBBMTQ5Oz4%2BPiUuRElDPEg3PT47%2F9sAQwEKCwsODQ4cEBAcOygiKDs7Ozs7Ozs7Ozs7Ozs7Ozs7Ozs7Ozs7Ozs7Ozs7Ozs7Ozs7Ozs7Ozs7Ozs7Ozs7Ozs7%2F8QAHwAAAQUBAQEBAQEAAAAAAAAAAAECAwQFBgcICQoL%2F8QAtRAAAgEDAwIEAwUFBAQAAAF9AQIDAAQRBRIhMUEGE1FhByJxFDKBkaEII0KxwRVS0fAkM2JyggkKFhcYGRolJicoKSo0NTY3ODk6Q0RFRkdISUpTVFVWV1hZWmNkZWZnaGlqc3R1dnd4eXqDhIWGh4iJipKTlJWWl5iZmqKjpKWmp6ipqrKztLW2t7i5usLDxMXGx8jJytLT1NXW19jZ2uHi4%2BTl5ufo6erx8vP09fb3%2BPn6%2F8QAHwEAAwEBAQEBAQEBAQAAAAAAAAECAwQFBgcICQoL%2F8QAtREAAgECBAQDBAcFBAQAAQJ3AAECAxEEBSExBhJBUQdhcRMiMoEIFEKRobHBCSMzUvAVYnLRChYkNOEl8RcYGRomJygpKjU2Nzg5OkNERUZHSElKU1RVVldYWVpjZGVmZ2hpanN0dXZ3eHl6goOEhYaHiImKkpOUlZaXmJmaoqOkpaanqKmqsrO0tba3uLm6wsPExcbHyMnK0tPU1dbX2Nna4uPk5ebn6Onq8vP09fb3%2BPn6%2F9oADAMBAAIRAxEAPwDJvbqaMSBZGBjRcHPPLd6zjTjG1gpybi2f%2F9k%3D%22%0A%20%20%7D%3B%0A%20%20var%20__TURBOPACK__imported__module__70216__%20%3D%20__turbopack_context__.i%2870216%29%3B%0A%20%20%3B%0A%20%20const%20__TURBOPACK__default__export__27%20%3D%20%7B%0A%20%20src%3A%20__TURBOPACK__imported__module__70216__%5B%22default%22%5D%2C%0A%20%20width%3A%20656%2C%0A%20%20height%3A%20368%2C%0A%20%20blurWidth%3A%208%2C%0A%20%20blurHeight%3A%204%2C%0A%20%20blurDataURL%3A%20%22data%3Aimage%2Fjpeg%3Bbase64%2C%2F9j%2F4AAQSkZJRgABAgAAAQABAAD%2FwAARCAAEAAgDAREAAhEBAxEB%2F9sAQwAKBwcIBwYKCAgICwoKCw4YEA4NDQ4dFRYRGCMfJSQiHyIhJis3LyYpNCkhIjBBMTQ5Oz4%2BPiUuRElDPEg3PT47%2F9sAQwEKCwsODQ4cEBAcOygiKDs7Ozs7Ozs7Ozs7Ozs7Ozs7Ozs7Ozs7Ozs7Ozs7Ozs7Ozs7Ozs7Ozs7Ozs7Ozs7Ozs7%2F8QAHwAAAQUBAQEBAQEAAAAAAAAAAAECAwQFBgcICQoL%2F8QAtRAAAgEDAwIEAwUFBAQAAAF9AQIDAAQRBRIhMUEGE1FhByJxFDKBkaEII0KxwRVS0fAkM2JyggkKFhcYGRolJicoKSo0NTY3ODk6Q0RFRkdISUpTVFVWV1hZWmNkZWZnaGlqc3R1dnd4eXqDhIWGh4iJipKTlJWWl5iZmqKjpKWmp6ipqrKztLW2t7i5usLDxMXGx8jJytLT1NXW19jZ2uHi4%2BTl5ufo6erx8vP09fb3%2BPn6%2F8QAHwEAAwEBAQEBAQEBAQAAAAAAAAECAwQFBgcICQoL%2F8QAtREAAgECBAQDBAcFBAQAAQJ3AAECAxEEBSExBhJBUQdhcRMiMoEIFEKRobHBCSMzUvAVYnLRChYkNOEl8RcYGRomJygpKjU2Nzg5OkNERUZHSElKU1RVVldYWVpjZGVmZ2hpanN0dXZ3eHl6goOEhYaHiImKkpOUlZaXmJmaoqOkpaanqKmqsrO0tba3uLm6wsPExcbHyMnK0tPU1dbX2Nna4uPk5ebn6Onq8vP09fb3%2BPn6%2F9oADAMBAAIRAxEAPwCR4Q0luod1WJS6qrYGVxiuWnNuyZ31acYp2P%2FZ%22%0A%20%20%7D%3B%0A%20%20var%20__TURBOPACK__imported__module__98567__%20%3D%20__turbopack_context__.i%2898567%29%3B%0A%20%20%3B%0A%20%20const%20__TURBOPACK__default__export__28%20%3D%20%7B%0A%20%20src%3A%20__TURBOPACK__imported__module__98567__%5B%22default%22%5D%2C%0A%20%20width%3A%201080%2C%0A%20%20height%3A%20720%2C%0A%20%20blurWidth%3A%208%2C%0A%20%20blurHeight%3A%205%2C%0A%20%20blurDataURL%3A%20%22data%3Aimage%2Fjpeg%3Bbase64%2C%2F9j%2F4AAQSkZJRgABAgAAAQABAAD%2FwAARCAAFAAgDAREAAhEBAxEB%2F9sAQwAKBwcIBwYKCAgICwoKCw4YEA4NDQ4dFRYRGCMfJSQiHyIhJis3LyYpNCkhIjBBMTQ5Oz4%2BPiUuRElDPEg3PT47%2F9sAQwEKCwsODQ4cEBAcOygiKDs7Ozs7Ozs7Ozs7Ozs7Ozs7Ozs7Ozs7Ozs7Ozs7Ozs7Ozs7Ozs7Ozs7Ozs7Ozs7Ozs7%2F8QAHwAAAQUBAQEBAQEAAAAAAAAAAAECAwQFBgcICQoL%2F8QAtRAAAgEDAwIEAwUFBAQAAAF9AQIDAAQRBRIhMUEGE1FhByJxFDKBkaEII0KxwRVS0fAkM2JyggkKFhcYGRolJicoKSo0NTY3ODk6Q0RFRkdISUpTVFVWV1hZWmNkZWZnaGlqc3R1dnd4eXqDhIWGh4iJipKTlJWWl5iZmqKjpKWmp6ipqrKztLW2t7i5usLDxMXGx8jJytLT1NXW19jZ2uHi4%2BTl5ufo6erx8vP09fb3%2BPn6%2F8QAHwEAAwEBAQEBAQEBAQAAAAAAAAECAwQFBgcICQoL%2F8QAtREAAgECBAQDBAcFBAQAAQJ3AAECAxEEBSExBhJBUQdhcRMiMoEIFEKRobHBCSMzUvAVYnLRChYkNOEl8RcYGRomJygpKjU2Nzg5OkNERUZHSElKU1RVVldYWVpjZGVmZ2hpanN0dXZ3eHl6goOEhYaHiImKkpOUlZaXmJmaoqOkpaanqKmqsrO0tba3uLm6wsPExcbHyMnK0tPU1dbX2Nna4uPk5ebn6Onq8vP09fb3%2BPn6%2F9oADAMBAAIRAxEAPwC7q%2FiW%2FtvDsl1FK6yqygHdx1Ge31rmjd1lHpa%2F4HUo%2Fu3Lre34n%2F%2FZ%22%0A%20%20%7D%3B%0A%20%20var%20__TURBOPACK__imported__module__12632__%20%3D%20__turbopack_context__.i%2812632%29%3B%0A%20%20%3B%0A%20%20const%20__TURBOPACK__default__export__29%20%3D%20%7B%0A%20%20src%3A%20__TURBOPACK__imported__module__12632__%5B%22default%22%5D%2C%0A%20%20width%3A%201440%2C%0A%20%20height%3A%201649%2C%0A%20%20blurWidth%3A%207%2C%0A%20%20blurHeight%3A%208%2C%0A%20%20blurDataURL%3A%20%22data%3Aimage%2Fjpeg%3Bbase64%2C%2F9j%2F4AAQSkZJRgABAgAAAQABAAD%2FwAARCAAIAAcDAREAAhEBAxEB%2F9sAQwAKBwcIBwYKCAgICwoKCw4YEA4NDQ4dFRYRGCMfJSQiHyIhJis3LyYpNCkhIjBBMTQ5Oz4%2BPiUuRElDPEg3PT47%2F9sAQwEKCwsODQ4cEBAcOygiKDs7Ozs7Ozs7Ozs7Ozs7Ozs7Ozs7Ozs7Ozs7Ozs7Ozs7Ozs7Ozs7Ozs7Ozs7Ozs7Ozs7%2F8QAHwAAAQUBAQEBAQEAAAAAAAAAAAECAwQFBgcICQoL%2F8QAtRAAAgEDAwIEAwUFBAQAAAF9AQIDAAQRBRIhMUEGE1FhByJxFDKBkaEII0KxwRVS0fAkM2JyggkKFhcYGRolJicoKSo0NTY3ODk6Q0RFRkdISUpTVFVWV1hZWmNkZWZnaGlqc3R1dnd4eXqDhIWGh4iJipKTlJWWl5iZmqKjpKWmp6ipqrKztLW2t7i5usLDxMXGx8jJytLT1NXW19jZ2uHi4%2BTl5ufo6erx8vP09fb3%2BPn6%2F8QAHwEAAwEBAQEBAQEBAQAAAAAAAAECAwQFBgcICQoL%2F8QAtREAAgECBAQDBAcFBAQAAQJ3AAECAxEEBSExBhJBUQdhcRMiMoEIFEKRobHBCSMzUvAVYnLRChYkNOEl8RcYGRomJygpKjU2Nzg5OkNERUZHSElKU1RVVldYWVpjZGVmZ2hpanN0dXZ3eHl6goOEhYaHiImKkpOUlZaXmJmaoqOkpaanqKmqsrO0tba3uLm6wsPExcbHyMnK0tPU1dbX2Nna4uPk5ebn6Onq8vP09fb3%2BPn6%2F9oADAMBAAIRAxEAPwDYt7e%2FnkaacSgxIqpHtK5J6k4PNcV3a9jqaV7XP%2F%2FZ%22%0A%20%20%7D%3B%0A%20%20var%20__TURBOPACK__imported__module__50748__%20%3D%20__turbopack_context__.i%2850748%29%3B%0A%20%20%3B%0A%20%20const%20__TURBOPACK__default__export__30%20%3D%20%7B%0A%20%20src%3A%20__TURBOPACK__imported__module__50748__%5B%22default%22%5D%2C%0A%20%20width%3A%201440%2C%0A%20%20height%3A%201440%2C%0A%20%20blurWidth%3A%208%2C%0A%20%20blurHeight%3A%208%2C%0A%20%20blurDataURL%3A%20%22data%3Aimage%2Fjpeg%3Bbase64%2C%2F9j%2F4AAQSkZJRgABAgAAAQABAAD%2FwAARCAAIAAgDAREAAhEBAxEB%2F9sAQwAKBwcIBwYKCAgICwoKCw4YEA4NDQ4dFRYRGCMfJSQiHyIhJis3LyYpNCkhIjBBMTQ5Oz4%2BPiUuRElDPEg3PT47%2F9sAQwEKCwsODQ4cEBAcOygiKDs7Ozs7Ozs7Ozs7Ozs7Ozs7Ozs7Ozs7Ozs7Ozs7Ozs7Ozs7Ozs7Ozs7Ozs7Ozs7Ozs7%2F8QAHwAAAQUBAQEBAQEAAAAAAAAAAAECAwQFBgcICQoL%2F8QAtRAAAgEDAwIEAwUFBAQAAAF9AQIDAAQRBRIhMUEGE1FhByJxFDKBkaEII0KxwRVS0fAkM2JyggkKFhcYGRolJicoKSo0NTY3ODk6Q0RFRkdISUpTVFVWV1hZWmNkZWZnaGlqc3R1dnd4eXqDhIWGh4iJipKTlJWWl5iZmqKjpKWmp6ipqrKztLW2t7i5usLDxMXGx8jJytLT1NXW19jZ2uHi4%2BTl5ufo6erx8vP09fb3%2BPn6%2F8QAHwEAAwEBAQEBAQEBAQAAAAAAAAECAwQFBgcICQoL%2F8QAtREAAgECBAQDBAcFBAQAAQJ3AAECAxEEBSExBhJBUQdhcRMiMoEIFEKRobHBCSMzUvAVYnLRChYkNOEl8RcYGRomJygpKjU2Nzg5OkNERUZHSElKU1RVVldYWVpjZGVmZ2hpanN0dXZ3eHl6goOEhYaHiImKkpOUlZaXmJmaoqOkpaanqKmqsrO0tba3uLm6wsPExcbHyMnK0tPU1dbX2Nna4uPk5ebn6Onq8vP09fb3%2BPn6%2F9oADAMBAAIRAxEAPwDMh8UQanqAsY7fyBMNwYSuSnGccnnp%2BtKMZA3FLU%2F%2F2Q%3D%3D%22%0A%20%20%7D%3B%0A%20%20var%20__TURBOPACK__imported__module__19739__%20%3D%20__turbopack_context__.i%2819739%29%3B%0A%20%20%3B%0A%20%20const%20__TURBOPACK__default__export__31%20%3D%20%7B%0A%20%20src%3A%20__TURBOPACK__imported__module__19739__%5B%22default%22%5D%2C%0A%20%20width%3A%201080%2C%0A%20%20height%3A%201440%2C%0A%20%20blurWidth%3A%206%2C%0A%20%20blurHeight%3A%208%2C%0A%20%20blurDataURL%3A%20%22data%3Aimage%2Fjpeg%3Bbase64%2C%2F9j%2F4AAQSkZJRgABAgAAAQABAAD%2FwAARCAAIAAYDAREAAhEBAxEB%2F9sAQwAKBwcIBwYKCAgICwoKCw4YEA4NDQ4dFRYRGCMfJSQiHyIhJis3LyYpNCkhIjBBMTQ5Oz4%2BPiUuRElDPEg3PT47%2F9sAQwEKCwsODQ4cEBAcOygiKDs7Ozs7Ozs7Ozs7Ozs7Ozs7Ozs7Ozs7Ozs7Ozs7Ozs7Ozs7Ozs7Ozs7Ozs7Ozs7Ozs7%2F8QAHwAAAQUBAQEBAQEAAAAAAAAAAAECAwQFBgcICQoL%2F8QAtRAAAgEDAwIEAwUFBAQAAAF9AQIDAAQRBRIhMUEGE1FhByJxFDKBkaEII0KxwRVS0fAkM2JyggkKFhcYGRolJicoKSo0NTY3ODk6Q0RFRkdISUpTVFVWV1hZWmNkZWZnaGlqc3R1dnd4eXqDhIWGh4iJipKTlJWWl5iZmqKjpKWmp6ipqrKztLW2t7i5usLDxMXGx8jJytLT1NXW19jZ2uHi4%2BTl5ufo6erx8vP09fb3%2BPn6%2F8QAHwEAAwEBAQEBAQEBAQAAAAAAAAECAwQFBgcICQoL%2F8QAtREAAgECBAQDBAcFBAQAAQJ3AAECAxEEBSExBhJBUQdhcRMiMoEIFEKRobHBCSMzUvAVYnLRChYkNOEl8RcYGRomJygpKjU2Nzg5OkNERUZHSElKU1RVVldYWVpjZGVmZ2hpanN0dXZ3eHl6goOEhYaHiImKkpOUlZaXmJmaoqOkpaanqKmqsrO0tba3uLm6wsPExcbHyMnK0tPU1dbX2Nna4uPk5ebn6Onq8vP09fb3%2BPn6%2F9oADAMBAAIRAxEAPwDlbm%2BvtNuvMbTmWNlKqHB556nHeueM03udUoOKWh%2F%2F2Q%3D%3D%22%0A%20%20%7D%3B%0A%20%20%27use%20client%27%3B%0A%20%20%3B%0A%20%20%3B%0A%20%20%3B%0A%20%20%3B%0A%20%20%3B%0A%20%20%3B%0A%20%20%3B%0A%20%20%3B%0A%20%20%3B%0A%20%20%3B%0A%20%20%3B%0A%20%20%3B%0A%20%20%3B%0A%20%20%3B%0A%20%20const%20images%20%3D%20%5B%0A%20%20__TURBOPACK__default__export__24%2C%0A%20%20__TURBOPACK__default__export__25%2C%0A%20%20__TURBOPACK__default__export__30%2C%0A%20%20__TURBOPACK__default__export__31%2C%0A%20%20__TURBOPACK__default__export__26%2C%0A%20%20__TURBOPACK__default__export__29%2C%0A%20%20__TURBOPACK__default__export__28%2C%0A%20%20__TURBOPACK__default__export__27%0A%20%20%5D%3B%0A%20%20const%20gridAreas%20%3D%20%5B%0A%20%20%271%20%2F%201%20%2F%203%20%2F%202%27%2C%0A%20%20%271%20%2F%202%20%2F%202%20%2F%203%27%2C%0A%20%20%272%20%2F%202%20%2F%204%20%2F%203%27%2C%0A%20%20%271%20%2F%203%20%2F%203%20%2F%204%27%2C%0A%20%20%273%20%2F%201%20%2F%204%20%2F%202%27%2C%0A%20%20%273%20%2F%203%20%2F%205%20%2F%204%27%2C%0A%20%20%274%20%2F%201%20%2F%205%20%2F%202%27%2C%0A%20%20%274%20%2F%202%20%2F%205%20%2F%203%27%0A%20%20%5D%3B%0A%20%20function%20BentoGallery%28%29%20%7B%0A%20%20const%20wrapRef%20%3D%20%280%2C%20__TURBOPACK__imported__module__72131__33%5B%22useRef%22%5D%29%28null%29%3B%0A%20%20const%20galleryRef%20%3D%20%280%2C%20__TURBOPACK__imported__module__72131__33%5B%22useRef%22%5D%29%28null%29%3B%0A%20%20const%20flipCtxRef%20%3D%20%280%2C%20__TURBOPACK__imported__module__72131__33%5B%22useRef%22%5D%29%28null%29%3B%0A%20%20%280%2C%20__TURBOPACK__imported__module__72131__33%5B%22useEffect%22%5D%29%28%28%29%3D%3E%7B%0A%20%20__TURBOPACK__imported__module__26304__3%5B%22default%22%5D.registerPlugin%28__TURBOPACK__imported__module__81783__1%5B%22ScrollTrigger%22%5D%2C%20Flip%29%3B%0A%20%20const%20createTween%20%3D%20%28%29%3D%3E%7B%0A%20%20const%20galleryElement%20%3D%20galleryRef.current%3B%0A%20%20if%20%28%21galleryElement%29%20return%3B%0A%20%20const%20galleryItems%20%3D%20galleryElement.querySelectorAll%28%27.gallery__item%27%29%3B%0A%20%20flipCtxRef.current%3F.revert%28%29%3B%0A%20%20galleryElement.classList.remove%28%27gallery--final%27%29%3B%0A%20%20flipCtxRef.current%20%3D%20__TURBOPACK__imported__module__26304__3%5B%22default%22%5D.context%28%28%29%3D%3E%7B%0A%20%20galleryElement.classList.add%28%27gallery--final%27%29%3B%0A%20%20const%20flipState%20%3D%20Flip.getState%28galleryItems%29%3B%0A%20%20galleryElement.classList.remove%28%27gallery--final%27%29%3B%0A%20%20const%20flip%20%3D%20Flip.to%28flipState%2C%20%7B%0A%20%20simple%3A%20true%2C%0A%20%20ease%3A%20%27expoScale%281%2C%205%29%27%0A%20%20%7D%29%3B%0A%20%20const%20tl%20%3D%20__TURBOPACK__imported__module__26304__3%5B%22default%22%5D.timeline%28%7B%0A%20%20scrollTrigger%3A%20%7B%0A%20%20trigger%3A%20galleryElement%2C%0A%20%20start%3A%20%27center%20center%27%2C%0A%20%20end%3A%20%27%2B%3D100%25%27%2C%0A%20%20scrub%3A%20true%2C%0A%20%20pin%3A%20galleryElement.parentElement%20%3F%3F%20undefined%0A%20%20%7D%0A%20%20%7D%29%3B%0A%20%20tl.add%28flip%29%3B%0A%20%20return%20%28%29%3D%3E__TURBOPACK__imported__module__26304__3%5B%22default%22%5D.set%28galleryItems%2C%20%7B%0A%20%20clearProps%3A%20%27all%27%0A%20%20%7D%29%3B%0A%20%20%7D%29%3B%0A%20%20%7D%3B%0A%20%20createTween%28%29%3B%0A%20%20window.addEventListener%28%27resize%27%2C%20createTween%29%3B%0A%20%20return%20%28%29%3D%3E%7B%0A%20%20window.removeEventListener%28%27resize%27%2C%20createTween%29%3B%0A%20%20flipCtxRef.current%3F.revert%28%29%3B%0A%20%20%7D%3B%0A%20%20%7D%2C%20%5B%5D%29%3B%0A%20%20return%20%2F%2A%23__PURE__%2A%2F%20%280%2C%20__TURBOPACK__imported__module__87924__14%5B%22jsxs%22%5D%29%28__TURBOPACK__imported__module__87924__14%5B%22Fragment%22%5D%2C%20%7B%0A%20%20children%3A%20%5B%0A%20%20%2F%2A%23__PURE__%2A%2F%20%280%2C%20__TURBOPACK__imported__module__87924__14%5B%22jsx%22%5D%29%28%22style%22%2C%20%7B%0A%20%20children%3A%20%60%0A%20%20%20%20%20%20%20%20%20%20.gallery--bento%20%7B%0A%20%20%20%20%20%20%20%20%20%20%20%20display%3A%20grid%3B%0A%20%20%20%20%20%20%20%20%20%20%20%20gap%3A%201vh%3B%0A%20%20%20%20%20%20%20%20%20%20%20%20grid-template-columns%3A%20repeat%283%2C%2032.5vw%29%3B%0A%20%20%20%20%20%20%20%20%20%20%20%20grid-template-rows%3A%20repeat%284%2C%2023vh%29%3B%0A%20%20%20%20%20%20%20%20%20%20%20%20justify-content%3A%20center%3B%0A%20%20%20%20%20%20%20%20%20%20%20%20align-content%3A%20center%3B%0A%20%20%20%20%20%20%20%20%20%20%7D%0A%20%20%0A%20%20%20%20%20%20%20%20%20%20.gallery--final.gallery--bento%20%7B%0A%20%20%20%20%20%20%20%20%20%20%20%20grid-template-columns%3A%20repeat%283%2C%20100vw%29%3B%0A%20%20%20%20%20%20%20%20%20%20%20%20grid-template-rows%3A%20repeat%284%2C%2049.5vh%29%3B%0A%20%20%20%20%20%20%20%20%20%20%20%20gap%3A%201vh%3B%0A%20%20%20%20%20%20%20%20%20%20%7D%0A%20%20%20%20%20%20%20%20%60%0A%20%20%7D%29%2C%0A%20%20%2F%2A%23__PURE__%2A%2F%20%280%2C%20__TURBOPACK__imported__module__87924__14%5B%22jsx%22%5D%29%28%22div%22%2C%20%7B%0A%20%20ref%3A%20wrapRef%2C%0A%20%20className%3A%20%22relative%20w-full%20h-screen%20flex%20items-center%20justify-center%20overflow-hidden%20border-2%20border-green-600%22%2C%0A%20%20children%3A%20%2F%2A%23__PURE__%2A%2F%20%280%2C%20__TURBOPACK__imported__module__87924__14%5B%22jsx%22%5D%29%28%22div%22%2C%20%7B%0A%20%20ref%3A%20galleryRef%2C%0A%20%20id%3A%20%22gallery-8%22%2C%0A%20%20className%3A%20%22gallery--bento%20relative%20w-full%20h-full%20flex-none%22%2C%0A%20%20children%3A%20images.map%28%28img%2C%20i%29%3D%3E%2F%2A%23__PURE__%2A%2F%20%280%2C%20__TURBOPACK__imported__module__87924__14%5B%22jsx%22%5D%29%28%22div%22%2C%20%7B%0A%20%20className%3A%20%22gallery__item%20bg-center%20bg-cover%20flex-none%20relative%22%2C%0A%20%20style%3A%20%7B%0A%20%20gridArea%3A%20gridAreas%5Bi%5D%0A%20%20%7D%2C%0A%20%20children%3A%20typeof%20img%20%3D%3D%3D%20%27string%27%20%3F%20%2F%2F%20External%20URL%0A%20%20%2F%2A%23__PURE__%2A%2F%20%280%2C%20__TURBOPACK__imported__module__87924__14%5B%22jsx%22%5D%29%28%22img%22%2C%20%7B%0A%20%20src%3A%20img%2C%0A%20%20alt%3A%20%60Gallery%20image%20%24%7Bi%20%2B%201%7D%60%2C%0A%20%20className%3A%20%22object-cover%20w-full%20h-full%20block%22%0A%20%20%7D%29%20%3A%20%2F%2F%20Local%20image%0A%20%20%2F%2A%23__PURE__%2A%2F%20%280%2C%20__TURBOPACK__imported__module__87924__14%5B%22jsx%22%5D%29%28__TURBOPACK__imported__module__71987__5%5B%22default%22%5D%2C%20%7B%0A%20%20src%3A%20img%2C%0A%20%20alt%3A%20%60Gallery%20image%20%24%7Bi%20%2B%201%7D%60%2C%0A%20%20className%3A%20%22object-cover%22%2C%0A%20%20fill%3A%20true%2C%0A%20%20style%3A%20%7B%0A%20%20objectFit%3A%20%27cover%27%0A%20%20%7D%0A%20%20%7D%29%0A%20%20%7D%2C%20i%29%29%0A%20%20%7D%29%0A%20%20%7D%29%2C%0A%20%20%2F%2A%23__PURE__%2A%2F%20%280%2C%20__TURBOPACK__imported__module__87924__14%5B%22jsx%22%5D%29%28%22div%22%2C%20%7B%0A%20%20className%3A%20%22px-20%20py-8%22%0A%20%20%7D%29%0A%20%20%5D%0A%20%20%7D%29%3B%0A%20%20%7D%0A%20%20var%20__TURBOPACK__imported__module__87924__15%20%3D%20__TURBOPACK__imported__module__87924__%3B%0A%20%20var%20__TURBOPACK__imported__module__72131__34%20%3D%20__TURBOPACK__imported__module__72131__%3B%0A%20%20var%20__TURBOPACK__imported__module__26304__4%20%3D%20__TURBOPACK__imported__module__26304__%3B%0A%20%20var%20__TURBOPACK__imported__module__81783__2%20%3D%20__TURBOPACK__imported__module__81783__%3B%0A%20%20var%20__TURBOPACK__imported__module__87924__16%20%3D%20__TURBOPACK__imported__module__87924__%3B%0A%20%20%22use%20client%22%3B%0A%20%20%3B%0A%20%20const%20MagicCards%20%3D%20%28%29%3D%3E%7B%0A%20%20const%20images%20%3D%20%5B%0A%20%20%22%2Fassets%2Fimg%2Fsaman_1.png%22%2C%0A%20%20%22%2Fassets%2Fimg%2Fsaman_2.png%22%2C%0A%20%20%22%2Fassets%2Fimg%2Fsaman_3.png%22%2C%0A%20%20%22%2Fassets%2Fimg%2Fsaman_4.png%22%0A%20%20%5D%3B%0A%20%20return%20%2F%2A%23__PURE__%2A%2F%20%280%2C%20__TURBOPACK__imported__module__87924__16%5B%22jsx%22%5D%29%28%22section%22%2C%20%7B%0A%20%20className%3A%20%22w-full%20bg-%5Bradial-gradient%28circle_at_center%2C%232b0000%2C%23000%29%5D%20py-28%20flex%20justify-center%22%2C%0A%20%20children%3A%20%2F%2A%23__PURE__%2A%2F%20%280%2C%20__TURBOPACK__imported__module__87924__16%5B%22jsxs%22%5D%29%28%22div%22%2C%20%7B%0A%20%20className%3A%20%22flex%20items-center%20justify-center%20-space-x-10%20md%3A-space-x-16%20perspective-%5B1440px%5D%22%2C%0A%20%20children%3A%20%5B%0A%20%20%2F%2A%23__PURE__%2A%2F%20%280%2C%20__TURBOPACK__imported__module__87924__16%5B%22jsx%22%5D%29%28%22div%22%2C%20%7B%0A%20%20className%3A%20%22w-%5B220px%5D%20h-%5B320px%5D%20md%3Aw-%5B325px%5D%20md%3Ah-%5B370px%5D%20rounded-3xl%20overflow-hidden%20shadow-%5B0_20px_60px_rgba%280%2C0%2C0%2C0.6%29%5D%20transform%20rotate-%5B-15deg%5D%20translate-y-10%20transition-all%20duration-500%20hover%3Ascale-105%20hover%3Arotate-0%20hover%3A-translate-y-6%20hover%3Az-20%20%5Btransform-style%3Apreserve-3d%5D%22%2C%0A%20%20children%3A%20%2F%2A%23__PURE__%2A%2F%20%280%2C%20__TURBOPACK__imported__module__87924__16%5B%22jsx%22%5D%29%28%22img%22%2C%20%7B%0A%20%20src%3A%20images%5B0%5D%2C%0A%20%20alt%3A%20%22%22%2C%0A%20%20className%3A%20%22w-full%20h-full%20object-cover%22%0A%20%20%7D%29%0A%20%20%7D%29%2C%0A%20%20%2F%2A%23__PURE__%2A%2F%20%280%2C%20__TURBOPACK__imported__module__87924__16%5B%22jsx%22%5D%29%28%22div%22%2C%20%7B%0A%20%20className%3A%20%22w-%5B220px%5D%20h-%5B320px%5D%20md%3Aw-%5B325px%5D%20md%3Ah-%5B370px%5D%20rounded-3xl%20overflow-hidden%20shadow-%5B0_20px_60px_rgba%280%2C0%2C0%2C0.6%29%5D%20transform%20rotate-%5B-5deg%5D%20-translate-y-6%20transition-all%20duration-500%20hover%3Ascale-105%20hover%3Arotate-0%20hover%3A-translate-y-6%20hover%3Az-20%20%5Btransform-style%3Apreserve-3d%5D%22%2C%0A%20%20children%3A%20%2F%2A%23__PURE__%2A%2F%20%280%2C%20__TURBOPACK__imported__module__87924__16%5B%22jsx%22%5D%29%28%22img%22%2C%20%7B%0A%20%20src%3A%20images%5B1%5D%2C%0A%20%20alt%3A%20%22%22%2C%0A%20%20className%3A%20%22w-full%20h-full%20object-cover%22%0A%20%20%7D%29%0A%20%20%7D%29%2C%0A%20%20%2F%2A%23__PURE__%2A%2F%20%280%2C%20__TURBOPACK__imported__module__87924__16%5B%22jsx%22%5D%29%28%22div%22%2C%20%7B%0A%20%20className%3A%20%22w-%5B220px%5D%20h-%5B320px%5D%20md%3Aw-%5B325px%5D%20md%3Ah-%5B370px%5D%20rounded-3xl%20overflow-hidden%20shadow-%5B0_20px_60px_rgba%280%2C0%2C0%2C0.6%29%5D%20transform%20rotate-%5B5deg%5D%20translate-y-12%20transition-all%20duration-500%20hover%3Ascale-105%20hover%3Arotate-0%20hover%3A-translate-y-6%20hover%3Az-20%20%5Btransform-style%3Apreserve-3d%5D%22%2C%0A%20%20children%3A%20%2F%2A%23__PURE__%2A%2F%20%280%2C%20__TURBOPACK__imported__module__87924__16%5B%22jsx%22%5D%29%28%22img%22%2C%20%7B%0A%20%20src%3A%20images%5B2%5D%2C%0A%20%20alt%3A%20%22%22%2C%0A%20%20className%3A%20%22w-full%20h-full%20object-cover%22%0A%20%20%7D%29%0A%20%20%7D%29%2C%0A%20%20%2F%2A%23__PURE__%2A%2F%20%280%2C%20__TURBOPACK__imported__module__87924__16%5B%22jsx%22%5D%29%28%22div%22%2C%20%7B%0A%20%20className%3A%20%22w-%5B220px%5D%20h-%5B320px%5D%20md%3Aw-%5B325px%5D%20md%3Ah-%5B370px%5D%20rounded-3xl%20overflow-hidden%20shadow-%5B0_20px_60px_rgba%280%2C0%2C0%2C0.6%29%5D%20transform%20rotate-%5B15deg%5D%20-translate-y-4%20transition-all%20duration-500%20hover%3Ascale-105%20hover%3Arotate-0%20hover%3A-translate-y-6%20hover%3Az-20%20%5Btransform-style%3Apreserve-3d%5D%22%2C%0A%20%20children%3A%20%2F%2A%23__PURE__%2A%2F%20%280%2C%20__TURBOPACK__imported__module__87924__16%5B%22jsx%22%5D%29%28%22img%22%2C%20%7B%0A%20%20src%3A%20images%5B3%5D%2C%0A%20%20alt%3A%20%22%22%2C%0A%20%20className%3A%20%22w-full%20h-full%20object-cover%22%0A%20%20%7D%29%0A%20%20%7D%29%0A%20%20%5D%0A%20%20%7D%29%0A%20%20%7D%29%3B%0A%20%20%7D%3B%0A%20%20const%20__TURBOPACK__default__export__32%20%3D%20MagicCards%3B%0A%20%20%22use%20client%22%3B%0A%20%20%3B%0A%20%20%3B%0A%20%20%3B%0A%20%20%3B%0A%20%20%3B%0A%20%20function%20HorizontalScrollText%28%29%20%7B%0A%20%20const%20wrapperRef%20%3D%20%280%2C%20__TURBOPACK__imported__module__72131__34%5B%22useRef%22%5D%29%28null%29%3B%0A%20%20const%20textRef%20%3D%20%280%2C%20__TURBOPACK__imported__module__72131__34%5B%22useRef%22%5D%29%28null%29%3B%0A%20%20%280%2C%20__TURBOPACK__imported__module__72131__34%5B%22useEffect%22%5D%29%28%28%29%3D%3E%7B%0A%20%20__TURBOPACK__imported__module__26304__4%5B%22default%22%5D.registerPlugin%28__TURBOPACK__imported__module__81783__2%5B%22default%22%5D%29%3B%0A%20%20if%20%28%21textRef.current%20%7C%7C%20%21wrapperRef.current%29%20return%3B%0A%20%20const%20textEl%20%3D%20textRef.current%3B%0A%20%20%2F%2F%20%F0%9F%94%B9%20Manual%20split%20%28same%20as%20your%20HTML%20version%29%0A%20%20const%20originalText%20%3D%20textEl.innerText%3B%0A%20%20textEl.innerHTML%20%3D%20originalText.split%28%22%22%29.map%28%28char%29%3D%3E%60%3Cspan%20class%3D%22char%20inline-block%22%3E%24%7Bchar%20%3D%3D%3D%20%22%20%22%20%3F%20%22%26nbsp%3B%22%20%3A%20char%7D%3C%2Fspan%3E%60%29.join%28%22%22%29%3B%0A%20%20const%20chars%20%3D%20textEl.querySelectorAll%28%22.char%22%29%3B%0A%20%20%2F%2F%20%F0%9F%94%B9%20Horizontal%20scroll%0A%20%20const%20scrollTween%20%3D%20__TURBOPACK__imported__module__26304__4%5B%22default%22%5D.to%28textEl%2C%20%7B%0A%20%20xPercent%3A%20-100%2C%0A%20%20ease%3A%20%22none%22%2C%0A%20%20scrollTrigger%3A%20%7B%0A%20%20trigger%3A%20wrapperRef.current%2C%0A%20%20pin%3A%20true%2C%0A%20%20scrub%3A%20true%2C%0A%20%20end%3A%20%22%2B%3D4000%22%0A%20%20%7D%0A%20%20%7D%29%3B%0A%20%20%2F%2F%20%F0%9F%94%B9%20Character%20animations%0A%20%20chars.forEach%28%28char%29%3D%3E%7B%0A%20%20__TURBOPACK__imported__module__26304__4%5B%22default%22%5D.from%28char%2C%20%7B%0A%20%20yPercent%3A%20__TURBOPACK__imported__module__26304__4%5B%22default%22%5D.utils.random%28-200%2C%20200%29%2C%0A%20%20rotation%3A%20__TURBOPACK__imported__module__26304__4%5B%22default%22%5D.utils.random%28-20%2C%2020%29%2C%0A%20%20ease%3A%20%22back.out%281.2%29%22%2C%0A%20%20scrollTrigger%3A%20%7B%0A%20%20trigger%3A%20char%2C%0A%20%20containerAnimation%3A%20scrollTween%2C%0A%20%20start%3A%20%22left%20100%25%22%2C%0A%20%20end%3A%20%22left%2030%25%22%2C%0A%20%20scrub%3A%201%0A%20%20%7D%0A%20%20%7D%29%3B%0A%20%20%7D%29%3B%0A%20%20%2F%2F%20Cleanup%20%28VERY%20IMPORTANT%20in%20Next.js%29%0A%20%20return%20%28%29%3D%3E%7B%0A%20%20__TURBOPACK__imported__module__81783__2%5B%22default%22%5D.getAll%28%29.forEach%28%28trigger%29%3D%3Etrigger.kill%28%29%29%3B%0A%20%20__TURBOPACK__imported__module__26304__4%5B%22default%22%5D.killTweensOf%28%22%2A%22%29%3B%0A%20%20%7D%3B%0A%20%20%7D%2C%20%5B%5D%29%3B%0A%20%20return%20%2F%2A%23__PURE__%2A%2F%20%280%2C%20__TURBOPACK__imported__module__87924__15%5B%22jsx%22%5D%29%28__TURBOPACK__imported__module__87924__15%5B%22Fragment%22%5D%2C%20%7B%0A%20%20children%3A%20%2F%2A%23__PURE__%2A%2F%20%280%2C%20__TURBOPACK__imported__module__87924__15%5B%22jsxs%22%5D%29%28%22section%22%2C%20%7B%0A%20%20ref%3A%20wrapperRef%2C%0A%20%20className%3A%20%22overflow-hidden%20h-auto%20flex%20flex-col%20items-center%22%2C%0A%20%20children%3A%20%5B%0A%20%20%2F%2A%23__PURE__%2A%2F%20%280%2C%20__TURBOPACK__imported__module__87924__15%5B%22jsx%22%5D%29%28%22div%22%2C%20%7B%0A%20%20className%3A%20%22container%20mx-auto%22%2C%0A%20%20children%3A%20%2F%2A%23__PURE__%2A%2F%20%280%2C%20__TURBOPACK__imported__module__87924__15%5B%22jsx%22%5D%29%28%22h3%22%2C%20%7B%0A%20%20ref%3A%20textRef%2C%0A%20%20className%3A%20%22big-shoulders%20flex%20w-max%20whitespace-nowrap%20gap-%5B1vw%5D%20pt-%5B50px%5D%20sm%3Apt-%5B70px%5D%20pl-%5B50vw%5D%20font-semibold%20leading-tight%20text-%5Bclamp%282rem%2C10vw%2C12rem%29%5D%22%2C%0A%20%20children%3A%20%22Where%20Magic%20Meets%20Mind%2C%20Revealing%20What%20the%20Eyes%20Cannot%20See.%22%0A%20%20%7D%29%0A%20%20%7D%29%2C%0A%20%20%2F%2A%23__PURE__%2A%2F%20%280%2C%20__TURBOPACK__imported__module__87924__15%5B%22jsxs%22%5D%29%28%22div%22%2C%20%7B%0A%20%20className%3A%20%22max-w-full%20sm%3Amax-w-2xl%20mx-auto%22%2C%0A%20%20children%3A%20%5B%0A%20%20%2F%2A%23__PURE__%2A%2F%20%280%2C%20__TURBOPACK__imported__module__87924__15%5B%22jsx%22%5D%29%28%22p%22%2C%20%7B%0A%20%20className%3A%20%22geist%20text-center%20text-%5B13px%5D%20sm%3Atext-%5B14px%5D%20md%3Atext-%5B16px%5D%20lg%3Atext-%5B16px%5D%20xl%3Atext-%5B16px%5D%20leading-relaxed%20sm%3Aleading-relaxed%20md%3Aleading-relaxed%20lg%3Aleading-relaxed%20px-%5B15px%5D%22%2C%0A%20%20children%3A%20%22Attention%20is%20everywhere%20%E2%80%94%20but%20true%20experiences%20are%20rare.%20We%20create%20moments%20that%20captivate%20minds%20and%20defy%20explanation.%22%0A%20%20%7D%29%2C%0A%20%20%2F%2A%23__PURE__%2A%2F%20%280%2C%20__TURBOPACK__imported__module__87924__15%5B%22jsx%22%5D%29%28__TURBOPACK__default__export__32%2C%20%7B%7D%29%2C%0A%20%20%2F%2A%23__PURE__%2A%2F%20%280%2C%20__TURBOPACK__imported__module__87924__15%5B%22jsx%22%5D%29%28%22p%22%2C%20%7B%0A%20%20className%3A%20%22geist%20text-center%20text-%5B13px%5D%20sm%3Atext-%5B14px%5D%20md%3Atext-%5B16px%5D%20lg%3Atext-%5B16px%5D%20xl%3Atext-%5B16px%5D%20leading-relaxed%20sm%3Aleading-relaxed%20md%3Aleading-relaxed%20lg%3Aleading-relaxed%20px-%5B15px%5D%22%2C%0A%20%20children%3A%20%22His%20signature%20style%20lies%20in%20close-up%20magic%20%E2%80%94%20intimate%2C%20interactive%2C%20and%20astonishing.%20Performing%20directly%20at%20tables%2C%20he%20makes%20objects%20vanish%20and%20reappear%20in%20impossible%20places%2C%20often%20in%20the%20very%20hands%20of%20his%20audience.%20Cards%2C%20cash%2C%20borrowed%20jewelry%2C%20strings%2C%20even%20phones%20become%20instruments%20of%20wonder.%22%0A%20%20%7D%29%0A%20%20%5D%0A%20%20%7D%29%0A%20%20%5D%0A%20%20%7D%29%0A%20%20%7D%29%3B%0A%20%20%7D%0A%20%20var%20__TURBOPACK__imported__module__87924__17%20%3D%20__TURBOPACK__imported__module__87924__%3B%0A%20%20var%20__TURBOPACK__imported__module__72131__35%20%3D%20__TURBOPACK__imported__module__72131__%3B%0A%20%20var%20__TURBOPACK__imported__module__26304__5%20%3D%20__TURBOPACK__imported__module__26304__%3B%0A%20%20var%20__TURBOPACK__imported__module__81783__3%20%3D%20__TURBOPACK__imported__module__81783__%3B%0A%20%20%3B%0A%20%20const%20__iconNode7%20%3D%20%5B%0A%20%20%5B%0A%20%20%22circle%22%2C%0A%20%20%7B%0A%20%20cx%3A%20%2212%22%2C%0A%20%20cy%3A%20%2212%22%2C%0A%20%20r%3A%20%2210%22%2C%0A%20%20key%3A%20%221mglay%22%0A%20%20%7D%0A%20%20%5D%2C%0A%20%20%5B%0A%20%20%22path%22%2C%0A%20%20%7B%0A%20%20d%3A%20%22M12%206v6l4%202%22%2C%0A%20%20key%3A%20%22mmk7yg%22%0A%20%20%7D%0A%20%20%5D%0A%20%20%5D%3B%0A%20%20const%20Clock%20%3D%20createLucideIcon%28%22clock%22%2C%20__iconNode7%29%3B%0A%20%20%3B%0A%20%20%3B%0A%20%20const%20__iconNode8%20%3D%20%5B%0A%20%20%5B%0A%20%20%22path%22%2C%0A%20%20%7B%0A%20%20d%3A%20%22m16%2011%202%202%204-4%22%2C%0A%20%20key%3A%20%229rsbq5%22%0A%20%20%7D%0A%20%20%5D%2C%0A%20%20%5B%0A%20%20%22path%22%2C%0A%20%20%7B%0A%20%20d%3A%20%22M16%2021v-2a4%204%200%200%200-4-4H6a4%204%200%200%200-4%204v2%22%2C%0A%20%20key%3A%20%221yyitq%22%0A%20%20%7D%0A%20%20%5D%2C%0A%20%20%5B%0A%20%20%22circle%22%2C%0A%20%20%7B%0A%20%20cx%3A%20%229%22%2C%0A%20%20cy%3A%20%227%22%2C%0A%20%20r%3A%20%224%22%2C%0A%20%20key%3A%20%22nufk8%22%0A%20%20%7D%0A%20%20%5D%0A%20%20%5D%3B%0A%20%20const%20UserCheck%20%3D%20createLucideIcon%28%22user-check%22%2C%20__iconNode8%29%3B%0A%20%20%3B%0A%20%20%3B%0A%20%20const%20__iconNode9%20%3D%20%5B%0A%20%20%5B%0A%20%20%22path%22%2C%0A%20%20%7B%0A%20%20d%3A%20%22m11%2017%202%202a1%201%200%201%200%203-3%22%2C%0A%20%20key%3A%20%22efffak%22%0A%20%20%7D%0A%20%20%5D%2C%0A%20%20%5B%0A%20%20%22path%22%2C%0A%20%20%7B%0A%20%20d%3A%20%22m14%2014%202.5%202.5a1%201%200%201%200%203-3l-3.88-3.88a3%203%200%200%200-4.24%200l-.88.88a1%201%200%201%201-3-3l2.81-2.81a5.79%205.79%200%200%201%207.06-.87l.47.28a2%202%200%200%200%201.42.25L21%204%22%2C%0A%20%20key%3A%20%229pr0kb%22%0A%20%20%7D%0A%20%20%5D%2C%0A%20%20%5B%0A%20%20%22path%22%2C%0A%20%20%7B%0A%20%20d%3A%20%22m21%203%201%2011h-2%22%2C%0A%20%20key%3A%20%221tisrp%22%0A%20%20%7D%0A%20%20%5D%2C%0A%20%20%5B%0A%20%20%22path%22%2C%0A%20%20%7B%0A%20%20d%3A%20%22M3%203%202%2014l6.5%206.5a1%201%200%201%200%203-3%22%2C%0A%20%20key%3A%20%221uvwmv%22%0A%20%20%7D%0A%20%20%5D%2C%0A%20%20%5B%0A%20%20%22path%22%2C%0A%20%20%7B%0A%20%20d%3A%20%22M3%204h8%22%2C%0A%20%20key%3A%20%221ep09j%22%0A%20%20%7D%0A%20%20%5D%0A%20%20%5D%3B%0A%20%20const%20Handshake%20%3D%20createLucideIcon%28%22handshake%22%2C%20__iconNode9%29%3B%0A%20%20%3B%0A%20%20%3B%0A%20%20const%20__iconNode10%20%3D%20%5B%0A%20%20%5B%0A%20%20%22path%22%2C%0A%20%20%7B%0A%20%20d%3A%20%22M16%2021v-2a4%204%200%200%200-4-4H6a4%204%200%200%200-4%204v2%22%2C%0A%20%20key%3A%20%221yyitq%22%0A%20%20%7D%0A%20%20%5D%2C%0A%20%20%5B%0A%20%20%22path%22%2C%0A%20%20%7B%0A%20%20d%3A%20%22M16%203.128a4%204%200%200%201%200%207.744%22%2C%0A%20%20key%3A%20%2216gr8j%22%0A%20%20%7D%0A%20%20%5D%2C%0A%20%20%5B%0A%20%20%22path%22%2C%0A%20%20%7B%0A%20%20d%3A%20%22M22%2021v-2a4%204%200%200%200-3-3.87%22%2C%0A%20%20key%3A%20%22kshegd%22%0A%20%20%7D%0A%20%20%5D%2C%0A%20%20%5B%0A%20%20%22circle%22%2C%0A%20%20%7B%0A%20%20cx%3A%20%229%22%2C%0A%20%20cy%3A%20%227%22%2C%0A%20%20r%3A%20%224%22%2C%0A%20%20key%3A%20%22nufk8%22%0A%20%20%7D%0A%20%20%5D%0A%20%20%5D%3B%0A%20%20const%20Users%20%3D%20createLucideIcon%28%22users%22%2C%20__iconNode10%29%3B%0A%20%20%3B%0A%20%20%2F%2F%20components%2FHorizontalGallery.tsx%0A%20%20%22use%20client%22%3B%0A%20%20%3B%0A%20%20%3B%0A%20%20%3B%0A%20%20%3B%0A%20%20%3B%0A%20%20__TURBOPACK__imported__module__26304__5%5B%22default%22%5D.registerPlugin%28__TURBOPACK__imported__module__81783__3%5B%22ScrollTrigger%22%5D%29%3B%0A%20%20const%20items1%20%3D%20%5B%0A%20%20%7B%0A%20%20icon%3A%20%2F%2A%23__PURE__%2A%2F%20%280%2C%20__TURBOPACK__imported__module__87924__17%5B%22jsx%22%5D%29%28Clock%2C%20%7B%0A%20%20size%3A%2032%0A%20%20%7D%29%2C%0A%20%20title%3A%20%22ALWAYS%20ON%20TIME%22%2C%0A%20%20description%3A%20%22We%20know%20that%20time%20is%20precious%2C%20especially%20in%20the%20corporate%20event%20world.%20Our%20magicians%20arrive%20promptly%2C%20allowing%20you%20to%20focus%20on%20other%20crucial%20aspects%20of%20your%20event%20without%20worrying%20about%20delays%20or%20disruptions.%22%0A%20%20%7D%2C%0A%20%20%7B%0A%20%20icon%3A%20%2F%2A%23__PURE__%2A%2F%20%280%2C%20__TURBOPACK__imported__module__87924__17%5B%22jsx%22%5D%29%28UserCheck%2C%20%7B%0A%20%20size%3A%2032%0A%20%20%7D%29%2C%0A%20%20title%3A%20%22WELL-DRESSED%22%2C%0A%20%20description%3A%20%22First%20impressions%20matter%2C%20and%20our%20best%20corporate%20magicians%20really%20understand%20the%20significance%20of%20dressing%20to%20impress.%20They%20exude%20sophistication%2C%20elegance%2C%20and%20style.%22%0A%20%20%7D%2C%0A%20%20%7B%0A%20%20icon%3A%20%2F%2A%23__PURE__%2A%2F%20%280%2C%20__TURBOPACK__imported__module__87924__17%5B%22jsx%22%5D%29%28Handshake%2C%20%7B%0A%20%20size%3A%2032%0A%20%20%7D%29%2C%0A%20%20title%3A%20%22PROFESSIONAL%20CONDUCT%22%2C%0A%20%20description%3A%20%22Our%20corporate%20magicians%20maintain%20a%20respectful%20and%20courteous%20demeanor%20throughout%20the%20event.%20They%20interact%20seamlessly%20with%20your%20guests.%22%0A%20%20%7D%2C%0A%20%20%7B%0A%20%20icon%3A%20%2F%2A%23__PURE__%2A%2F%20%280%2C%20__TURBOPACK__imported__module__87924__17%5B%22jsx%22%5D%29%28Users%2C%20%7B%0A%20%20size%3A%2032%0A%20%20%7D%29%2C%0A%20%20title%3A%20%22TAILORED%20FOR%20ADULTS%22%2C%0A%20%20description%3A%20%22Corporate%20events%20often%20cater%20to%20adult%20audiences%20who%20have%20seen%20it%20all.%20Each%20magician%20specializes%20in%20captivating%20and%20engaging%20sophisticated%20crowds.%22%0A%20%20%7D%0A%20%20%5D%3B%0A%20%20function%20HorizontalGallery%28%29%20%7B%0A%20%20const%20sectionRef%20%3D%20%280%2C%20__TURBOPACK__imported__module__72131__35%5B%22useRef%22%5D%29%28null%29%3B%0A%20%20const%20stripRef%20%3D%20%280%2C%20__TURBOPACK__imported__module__72131__35%5B%22useRef%22%5D%29%28null%29%3B%0A%20%20%280%2C%20__TURBOPACK__imported__module__72131__35%5B%22useEffect%22%5D%29%28%28%29%3D%3E%7B%0A%20%20if%20%28%21sectionRef.current%20%7C%7C%20%21stripRef.current%29%20return%3B%0A%20%20const%20strip%20%3D%20stripRef.current%3B%0A%20%20let%20stripWidth%20%3D%20strip.scrollWidth%3B%0A%20%20let%20scrollDistance%20%3D%20stripWidth%20-%20window.innerWidth%3B%0A%20%20const%20horizontalScroll%20%3D%20__TURBOPACK__imported__module__26304__5%5B%22default%22%5D.to%28strip%2C%20%7B%0A%20%20x%3A%20%28%29%3D%3E-scrollDistance%2C%0A%20%20ease%3A%20%22none%22%2C%0A%20%20scrollTrigger%3A%20%7B%0A%20%20trigger%3A%20sectionRef.current%2C%0A%20%20start%3A%20%22top%20top%22%2C%0A%20%20end%3A%20%28%29%3D%3E%60%2B%3D%24%7BscrollDistance%7D%60%2C%0A%20%20scrub%3A%20true%2C%0A%20%20pin%3A%20true%2C%0A%20%20anticipatePin%3A%201%0A%20%20%7D%0A%20%20%7D%29%3B%0A%20%20const%20handleResize%20%3D%20%28%29%3D%3E%7B%0A%20%20horizontalScroll.scrollTrigger%3F.refresh%28%29%3B%0A%20%20%7D%3B%0A%20%20window.addEventListener%28%22resize%22%2C%20handleResize%29%3B%0A%20%20return%20%28%29%3D%3Ewindow.removeEventListener%28%22resize%22%2C%20handleResize%29%3B%0A%20%20%7D%2C%20%5B%5D%29%3B%0A%20%20return%20%2F%2A%23__PURE__%2A%2F%20%280%2C%20__TURBOPACK__imported__module__87924__17%5B%22jsxs%22%5D%29%28%22section%22%2C%20%7B%0A%20%20className%3A%20%22relative%20w-full%20bg-black%20font-sans%20text-white%20overflow-hidden%22%2C%0A%20%20children%3A%20%5B%0A%20%20%2F%2A%23__PURE__%2A%2F%20%280%2C%20__TURBOPACK__imported__module__87924__17%5B%22jsx%22%5D%29%28%22div%22%2C%20%7B%0A%20%20className%3A%20%22absolute%20top-1%2F2%20left-1%2F2%20-translate-x-1%2F2%20-translate-y-1%2F2%20w-%5B900px%5D%20h-%5B900px%5D%20bg-%5Bradial-gradient%28circle%2C_%23F13333_0%25%2C_transparent_70%25%29%5D%20opacity-40%20pointer-events-none%22%0A%20%20%7D%29%2C%0A%20%20%2F%2A%23__PURE__%2A%2F%20%280%2C%20__TURBOPACK__imported__module__87924__17%5B%22jsxs%22%5D%29%28%22section%22%2C%20%7B%0A%20%20ref%3A%20sectionRef%2C%0A%20%20className%3A%20%22relative%20py-16%22%2C%0A%20%20children%3A%20%5B%0A%20%20%2F%2A%23__PURE__%2A%2F%20%280%2C%20__TURBOPACK__imported__module__87924__17%5B%22jsx%22%5D%29%28%22h1%22%2C%20%7B%0A%20%20className%3A%20%22big-shoulders%20text-center%20text-%5B%23F0EBE6%5D%20font-bold%20mb-12%20leading-tight%20tracking-%5B0.02em%5D%20text-%5B48px%5D%20sm%3Atext-%5B64px%5D%20lg%3Atext-%5B87px%5D%22%2C%0A%20%20children%3A%20%22How%20am%20I%3F%22%0A%20%20%7D%29%2C%0A%20%20%2F%2A%23__PURE__%2A%2F%20%280%2C%20__TURBOPACK__imported__module__87924__17%5B%22jsx%22%5D%29%28%22div%22%2C%20%7B%0A%20%20className%3A%20%22overflow-hidden%22%2C%0A%20%20children%3A%20%2F%2A%23__PURE__%2A%2F%20%280%2C%20__TURBOPACK__imported__module__87924__17%5B%22jsx%22%5D%29%28%22div%22%2C%20%7B%0A%20%20ref%3A%20stripRef%2C%0A%20%20className%3A%20%22flex%20flex-nowrap%20gap-8%20px-6%22%2C%0A%20%20children%3A%20items1.map%28%28item%2C%20idx%29%3D%3E%2F%2A%23__PURE__%2A%2F%20%280%2C%20__TURBOPACK__imported__module__87924__17%5B%22jsxs%22%5D%29%28%22div%22%2C%20%7B%0A%20%20className%3A%20%22flex-shrink-0%20w-80%20sm%3Aw-100%20p-6%20rounded-3xl%20shadow-2xl%20backdrop-blur-md%20bg-black%2F50%20border%20border-white%2F10%20flex%20flex-col%20items-center%20text-center%20transform%20transition-transform%20hover%3Ashadow-3xl%22%2C%0A%20%20children%3A%20%5B%0A%20%20%2F%2A%23__PURE__%2A%2F%20%280%2C%20__TURBOPACK__imported__module__87924__17%5B%22jsxs%22%5D%29%28%22div%22%2C%20%7B%0A%20%20className%3A%20%22w-16%20h-16%20flex%20items-center%20justify-center%20rounded-full%20bg-gradient-to-tr%20from-%5B%23F13333%5D%20to-%5B%23F13333%5D%2F10%20shadow-lg%20relative%20animate-pulseHover%20mb-4%22%2C%0A%20%20children%3A%20%5B%0A%20%20%2F%2A%23__PURE__%2A%2F%20%280%2C%20__TURBOPACK__imported__module__87924__17%5B%22jsx%22%5D%29%28%22span%22%2C%20%7B%0A%20%20className%3A%20%22text-white%22%2C%0A%20%20children%3A%20item.icon%0A%20%20%7D%29%2C%0A%20%20%2F%2A%23__PURE__%2A%2F%20%280%2C%20__TURBOPACK__imported__module__87924__17%5B%22jsx%22%5D%29%28%22div%22%2C%20%7B%0A%20%20className%3A%20%22absolute%20inset-0%20rounded-full%20border%20border-%5B%23F13333%5D%2F50%20blur-md%20animate-pulseSlow%22%0A%20%20%7D%29%0A%20%20%5D%0A%20%20%7D%29%2C%0A%20%20%2F%2A%23__PURE__%2A%2F%20%280%2C%20__TURBOPACK__imported__module__87924__17%5B%22jsx%22%5D%29%28%22h3%22%2C%20%7B%0A%20%20className%3A%20%22big-shoulders%20text-2xl%20sm%3Atext-3xl%20font-semibold%20mb-3%20text-%5B%23F0EBE6%5D%22%2C%0A%20%20children%3A%20item.title%0A%20%20%7D%29%2C%0A%20%20%2F%2A%23__PURE__%2A%2F%20%280%2C%20__TURBOPACK__imported__module__87924__17%5B%22jsx%22%5D%29%28%22p%22%2C%20%7B%0A%20%20className%3A%20%22geist%20text-gray-300%20text-%5B15px%5D%20leading-relaxed%22%2C%0A%20%20children%3A%20item.description%0A%20%20%7D%29%0A%20%20%5D%0A%20%20%7D%2C%20idx%29%29%0A%20%20%7D%29%0A%20%20%7D%29%0A%20%20%5D%0A%20%20%7D%29%0A%20%20%5D%0A%20%20%7D%29%3B%0A%20%20%7D%0A%20%20%22use%20client%22%3B%0A%20%20%3B%0A%20%20%3B%0A%20%20%3B%0A%20%20%3B%0A%20%20%3B%0A%20%20%3B%0A%20%20%3B%0A%20%20%3B%0A%20%20%3B%0A%20%20%3B%0A%20%20%3B%0A%20%20const%20page%20%3D%20%28%29%3D%3E%7B%0A%20%20return%20%2F%2A%23__PURE__%2A%2F%20%280%2C%20__TURBOPACK__imported__module__87924__%5B%22jsxs%22%5D%29%28%22div%22%2C%20%7B%0A%20%20children%3A%20%5B%0A%20%20%2F%2A%23__PURE__%2A%2F%20%280%2C%20__TURBOPACK__imported__module__87924__%5B%22jsx%22%5D%29%28MagicianPortfolio%2C%20%7B%7D%29%2C%0A%20%20%2F%2A%23__PURE__%2A%2F%20%280%2C%20__TURBOPACK__imported__module__87924__%5B%22jsx%22%5D%29%28__TURBOPACK__default__export__5%2C%20%7B%7D%29%2C%0A%20%20%2F%2A%23__PURE__%2A%2F%20%280%2C%20__TURBOPACK__imported__module__87924__%5B%22jsx%22%5D%29%28__TURBOPACK__default__export__7%2C%20%7B%7D%29%2C%0A%20%20%2F%2A%23__PURE__%2A%2F%20%280%2C%20__TURBOPACK__imported__module__87924__%5B%22jsx%22%5D%29%28HorizontalScrollText%2C%20%7B%7D%29%2C%0A%20%20%2F%2A%23__PURE__%2A%2F%20%280%2C%20__TURBOPACK__imported__module__87924__%5B%22jsx%22%5D%29%28CardFanSection%2C%20%7B%7D%29%2C%0A%20%20%2F%2A%23__PURE__%2A%2F%20%280%2C%20__TURBOPACK__imported__module__87924__%5B%22jsx%22%5D%29%28HorizontalGallery%2C%20%7B%7D%29%2C%0A%20%20%2F%2A%23__PURE__%2A%2F%20%280%2C%20__TURBOPACK__imported__module__87924__%5B%22jsx%22%5D%29%28__TURBOPACK__default__export__11%2C%20%7B%7D%29%2C%0A%20%20%2F%2A%23__PURE__%2A%2F%20%280%2C%20__TURBOPACK__imported__module__87924__%5B%22jsx%22%5D%29%28__TURBOPACK__default__export__6%2C%20%7B%7D%29%2C%0A%20%20%2F%2A%23__PURE__%2A%2F%20%280%2C%20__TURBOPACK__imported__module__87924__%5B%22jsx%22%5D%29%28BentoGallery%2C%20%7B%7D%29%2C%0A%20%20%2F%2A%23__PURE__%2A%2F%20%280%2C%20__TURBOPACK__imported__module__87924__%5B%22jsx%22%5D%29%28__TURBOPACK__default__export__23%2C%20%7B%7D%29%0A%20%20%5D%0A%20%20%7D%29%3B%0A%20%20%7D%3B%0A%20%20const%20__TURBOPACK__default__export__33%20%3D%20page%3B%0A%20%20__turbopack_context__.s%28%5B%0A%20%20%22default%22%2C%0A%20%200%2C%0A%20%20__TURBOPACK__default__export__33%0A%20%20%5D%2C%2040777%29%3B%0A%20%20%7D%29%2C%0A%20%20%5D%3B%0A%60%60%60&labels=Turbopack,Turbopack%20Panic%20Backtrace\clicking here.]8;;\
-----


> Build error occurred
Error [TurbopackInternalError]:   x Expected ',', got 'ident'

Caused by:
- failed to parse source code

Debug info:
- Execution of get_all_written_entrypoints_with_issues_operation failed
- Execution of EntrypointsOperation::new failed
- Execution of all_entrypoints_write_to_disk_operation failed
- Execution of Project::emit_all_output_assets failed
- Execution of emit_assets failed
- Execution of emit failed
- Execution of <SourceMapAsset as Asset>::content failed
- Execution of <EcmascriptBuildNodeChunkContent as GenerateSourceMap>::generate_source_map failed
- Execution of *<Code as GenerateSourceMap>::generate_source_map failed
- Execution of EcmascriptBuildNodeChunkContent::code failed
-   x Expected ',', got 'ident'
         ,-[13071:1]
   13068 | children: [
   13069 | /*#__PURE__*/ (0, __TURBOPACK__imported__module__87924__4["jsx"])("h1", {
   13070 | className: "jsx-175b30b60cce2342" + " " + "
   13071 |                             big-shoulders
         :                             ^^^
   13072 |                             text-[#F0EBE6]
   13073 |                             font-bold
   13074 |                             mb-4 sm:mb-5 md:mb-6
         `----
- failed to parse source code
  module.exports = [
  33354, ((__turbopack_context__, module, exports) => {
  "use strict";
  
  function _interop_require_default(obj) {
  return obj && obj.__esModule ? obj : {
  default: obj
  };
  }
  exports._ = _interop_require_default;
  }),
  4987, ((__turbopack_context__, module, exports) => {
  "use strict";
  
  /**
   * A shared function, used on both client and server, to generate a SVG blur placeholder.
   */ Object.defineProperty(exports, "__esModule", {
  value: true
  });
  Object.defineProperty(exports, "getImageBlurSvg", {
  enumerable: true,
  get: function() {
  return getImageBlurSvg;
  }
  });
  function getImageBlurSvg({ widthInt, heightInt, blurWidth, blurHeight, blurDataURL, objectFit }) {
  const std = 20;
  const svgWidth = blurWidth ? blurWidth * 40 : widthInt;
  const svgHeight = blurHeight ? blurHeight * 40 : heightInt;
  const viewBox = svgWidth && svgHeight ? `viewBox='0 0 ${svgWidth} ${svgHeight}'` : '';
  const preserveAspectRatio = viewBox ? 'none' : objectFit === 'contain' ? 'xMidYMid' : objectFit === 'cover' ? 'xMidYMid slice' : 'none';
  return `%3Csvg xmlns='http://www.w3.org/2000/svg' ${viewBox}%3E%3Cfilter id='b' color-interpolation-filters='sRGB'%3E%3CfeGaussianBlur stdDeviation='${std}'/%3E%3CfeColorMatrix values='1 0 0 0 0 0 1 0 0 0 0 0 1 0 0 0 0 0 100 -1' result='s'/%3E%3CfeFlood x='0' y='0' width='100%25' height='100%25'/%3E%3CfeComposite operator='out' in='s'/%3E%3CfeComposite in2='SourceGraphic'/%3E%3CfeGaussianBlur stdDeviation='${std}'/%3E%3C/filter%3E%3Cimage width='100%25' height='100%25' x='0' y='0' preserveAspectRatio='${preserveAspectRatio}' style='filter: url(%23b);' href='${blurDataURL}'/%3E%3C/svg%3E`;
  } //# sourceMappingURL=image-blur-svg.js.map
  }),
  345, ((__turbopack_context__, module, exports) => {
  "use strict";
  
  Object.defineProperty(exports, "__esModule", {
  value: true
  });
  0 && (module.exports = {
  VALID_LOADERS: null,
  imageConfigDefault: null
  });
  function _export(target, all) {
  for(var name in all)Object.defineProperty(target, name, {
  enumerable: true,
  get: all[name]
  });
  }
  _export(exports, {
  VALID_LOADERS: function() {
  return VALID_LOADERS;
  },
  imageConfigDefault: function() {
  return imageConfigDefault;
  }
  });
  const VALID_LOADERS = [
  'default',
  'imgix',
  'cloudinary',
  'akamai',
  'custom'
  ];
  const imageConfigDefault = {
  deviceSizes: [
  640,
  750,
  828,
  1080,
  1200,
  1920,
  2048,
  3840
  ],
  imageSizes: [
  32,
  48,
  64,
  96,
  128,
  256,
  384
  ],
  path: '/_next/image',
  loader: 'default',
  loaderFile: '',
  /**
     * @deprecated Use `remotePatterns` instead to protect your application from malicious users.
     */ domains: [],
  disableStaticImages: false,
  minimumCacheTTL: 14400,
  formats: [
  'image/webp'
  ],
  maximumRedirects: 3,
  maximumResponseBody: 50000000,
  dangerouslyAllowLocalIP: false,
  dangerouslyAllowSVG: false,
  contentSecurityPolicy: `script-src 'none'; frame-src 'none'; sandbox;`,
  contentDispositionType: 'attachment',
  localPatterns: undefined,
  remotePatterns: [],
  qualities: [
  75
  ],
  unoptimized: false
  }; //# sourceMappingURL=image-config.js.map
  }),
  94915, ((__turbopack_context__, module, exports) => {
  "use strict";
  
  Object.defineProperty(exports, "__esModule", {
  value: true
  });
  Object.defineProperty(exports, "getImgProps", {
  enumerable: true,
  get: function() {
  return getImgProps;
  }
  });
  const _warnonce = __turbopack_context__.r(92434);
  const _deploymentid = __turbopack_context__.r(68063);
  const _imageblursvg = __turbopack_context__.r(4987);
  const _imageconfig = __turbopack_context__.r(345);
  const VALID_LOADING_VALUES = [
  'lazy',
  'eager',
  undefined
  ];
  // Object-fit values that are not valid background-size values
  const INVALID_BACKGROUND_SIZE_VALUES = [
  '-moz-initial',
  'fill',
  'none',
  'scale-down',
  undefined
  ];
  function isStaticRequire(src) {
  return src.default !== undefined;
  }
  function isStaticImageData(src) {
  return src.src !== undefined;
  }
  function isStaticImport(src) {
  return !!src && typeof src === 'object' && (isStaticRequire(src) || isStaticImageData(src));
  }
  const allImgs = new Map();
  let perfObserver;
  function getInt(x) {
  if (typeof x === 'undefined') {
  return x;
  }
  if (typeof x === 'number') {
  return Number.isFinite(x) ? x : NaN;
  }
  if (typeof x === 'string' && /^[0-9]+$/.test(x)) {
  return parseInt(x, 10);
  }
  return NaN;
  }
  function getWidths({ deviceSizes, allSizes }, width, sizes) {
  if (sizes) {
  // Find all the "vw" percent sizes used in the sizes prop
  const viewportWidthRe = /(^|\s)(1?\d?\d)vw/g;
  const percentSizes = [];
  for(let match; match = viewportWidthRe.exec(sizes); match){
  percentSizes.push(parseInt(match[2]));
  }
  if (percentSizes.length) {
  const smallestRatio = Math.min(...percentSizes) * 0.01;
  return {
  widths: allSizes.filter((s)=>s >= deviceSizes[0] * smallestRatio),
  kind: 'w'
  };
  }
  return {
  widths: allSizes,
  kind: 'w'
  };
  }
  if (typeof width !== 'number') {
  return {
  widths: deviceSizes,
  kind: 'w'
  };
  }
  const widths = [
  ...new Set(// > are actually 3x in the green color, but only 1.5x in the red and
  // > blue colors. Showing a 3x resolution image in the app vs a 2x
  // > resolution image will be visually the same, though the 3x image
  // > takes significantly more data. Even true 3x resolution screens are
  // > wasteful as the human eye cannot see that level of detail without
  // > something like a magnifying glass.
  // https://blog.twitter.com/engineering/en_us/topics/infrastructure/2019/capping-image-fidelity-on-ultra-high-resolution-devices.html
  [
  width,
  width * 2 /*, width * 3*/ 
  ].map((w)=>allSizes.find((p)=>p >= w) || allSizes[allSizes.length - 1]))
  ];
  return {
  widths,
  kind: 'x'
  };
  }
  function generateImgAttrs({ config, src, unoptimized, width, quality, sizes, loader }) {
  if (unoptimized) {
  const deploymentId = (0, _deploymentid.getDeploymentId)();
  if (src.startsWith('/') && !src.startsWith('//') && deploymentId) {
  const sep = src.includes('?') ? '&' : '?';
  src = `${src}${sep}dpl=${deploymentId}`;
  }
  return {
  src,
  srcSet: undefined,
  sizes: undefined
  };
  }
  const { widths, kind } = getWidths(config, width, sizes);
  const last = widths.length - 1;
  return {
  sizes: !sizes && kind === 'w' ? '100vw' : sizes,
  srcSet: widths.map((w, i)=>`${loader({
  config,
  src,
  quality,
  width: w
  })} ${kind === 'w' ? w : i + 1}${kind}`).join(', '),
  // It's intended to keep `src` the last attribute because React updates
  // attributes in order. If we keep `src` the first one, Safari will
  // immediately start to fetch `src`, before `sizes` and `srcSet` are even
  // updated by React. That causes multiple unnecessary requests if `srcSet`
  // and `sizes` are defined.
  // This bug cannot be reproduced in Chrome or Firefox.
  src: loader({
  config,
  src,
  quality,
  width: widths[last]
  })
  };
  }
  function getImgProps({ src, sizes, unoptimized = false, priority = false, preload = false, loading, className, quality, width, height, fill = false, style, overrideSrc, onLoad, onLoadingComplete, placeholder = 'empty', blurDataURL, fetchPriority, decoding = 'async', layout, objectFit, objectPosition, lazyBoundary, lazyRoot, ...rest }, _state) {
  const { imgConf, showAltText, blurComplete, defaultLoader } = _state;
  let config;
  let c = imgConf || _imageconfig.imageConfigDefault;
  if ('allSizes' in c) {
  config = c;
  } else {
  const allSizes = [
  ...c.deviceSizes,
  ...c.imageSizes
  ].sort((a, b)=>a - b);
  const deviceSizes = c.deviceSizes.sort((a, b)=>a - b);
  const qualities = c.qualities?.sort((a, b)=>a - b);
  config = {
  ...c,
  allSizes,
  deviceSizes,
  qualities
  };
  }
  if (typeof defaultLoader === 'undefined') {
  throw Object.defineProperty(new Error('images.loaderFile detected but the file is missing default export.\nRead more: https://nextjs.org/docs/messages/invalid-images-config'), "__NEXT_ERROR_CODE", {
  value: "E163",
  enumerable: false,
  configurable: true
  });
  }
  let loader = rest.loader || defaultLoader;
  // Remove property so it's not spread on <img> element
  delete rest.loader;
  delete rest.srcSet;
  // This special value indicates that the user
  // didn't define a "loader" prop or "loader" config.
  const isDefaultLoader = '__next_img_default' in loader;
  if (isDefaultLoader) {
  if (config.loader === 'custom') {
  throw Object.defineProperty(new Error(`Image with src "${src}" is missing "loader" prop.` + `\nRead more: https://nextjs.org/docs/messages/next-image-missing-loader`), "__NEXT_ERROR_CODE", {
  value: "E252",
  enumerable: false,
  configurable: true
  });
  }
  } else {
  // The user defined a "loader" prop or config.
  // Since the config object is internal only, we
  // must not pass it to the user-defined "loader".
  const customImageLoader = loader;
  loader = (obj)=>{
  const { config: _, ...opts } = obj;
  return customImageLoader(opts);
  };
  }
  if (layout) {
  if (layout === 'fill') {
  fill = true;
  }
  const layoutToStyle = {
  intrinsic: {
  maxWidth: '100%',
  height: 'auto'
  },
  responsive: {
  width: '100%',
  height: 'auto'
  }
  };
  const layoutToSizes = {
  responsive: '100vw',
  fill: '100vw'
  };
  const layoutStyle = layoutToStyle[layout];
  if (layoutStyle) {
  style = {
  ...style,
  ...layoutStyle
  };
  }
  const layoutSizes = layoutToSizes[layout];
  if (layoutSizes && !sizes) {
  sizes = layoutSizes;
  }
  }
  let staticSrc = '';
  let widthInt = getInt(width);
  let heightInt = getInt(height);
  let blurWidth;
  let blurHeight;
  if (isStaticImport(src)) {
  const staticImageData = isStaticRequire(src) ? src.default : src;
  if (!staticImageData.src) {
  throw Object.defineProperty(new Error(`An object should only be passed to the image component src parameter if it comes from a static image import. It must include src. Received ${JSON.stringify(staticImageData)}`), "__NEXT_ERROR_CODE", {
  value: "E460",
  enumerable: false,
  configurable: true
  });
  }
  if (!staticImageData.height || !staticImageData.width) {
  throw Object.defineProperty(new Error(`An object should only be passed to the image component src parameter if it comes from a static image import. It must include height and width. Received ${JSON.stringify(staticImageData)}`), "__NEXT_ERROR_CODE", {
  value: "E48",
  enumerable: false,
  configurable: true
  });
  }
  blurWidth = staticImageData.blurWidth;
  blurHeight = staticImageData.blurHeight;
  blurDataURL = blurDataURL || staticImageData.blurDataURL;
  staticSrc = staticImageData.src;
  if (!fill) {
  if (!widthInt && !heightInt) {
  widthInt = staticImageData.width;
  heightInt = staticImageData.height;
  } else if (widthInt && !heightInt) {
  const ratio = widthInt / staticImageData.width;
  heightInt = Math.round(staticImageData.height * ratio);
  } else if (!widthInt && heightInt) {
  const ratio = heightInt / staticImageData.height;
  widthInt = Math.round(staticImageData.width * ratio);
  }
  }
  }
  src = typeof src === 'string' ? src : staticSrc;
  let isLazy = !priority && !preload && (loading === 'lazy' || typeof loading === 'undefined');
  if (!src || src.startsWith('data:') || src.startsWith('blob:')) {
  // https://developer.mozilla.org/docs/Web/HTTP/Basics_of_HTTP/Data_URIs
  unoptimized = true;
  isLazy = false;
  }
  if (config.unoptimized) {
  unoptimized = true;
  }
  if (isDefaultLoader && !config.dangerouslyAllowSVG && src.split('?', 1)[0].endsWith('.svg')) {
  // Special case to make svg serve as-is to avoid proxying
  // through the built-in Image Optimization API.
  unoptimized = true;
  }
  const qualityInt = getInt(quality);
  if ("TURBOPACK compile-time falsy", 0) //TURBOPACK unreachable
  ;
  const imgStyle = Object.assign(fill ? {
  position: 'absolute',
  height: '100%',
  width: '100%',
  left: 0,
  top: 0,
  right: 0,
  bottom: 0,
  objectFit,
  objectPosition
  } : {}, showAltText ? {} : {
  color: 'transparent'
  }, style);
  const backgroundImage = !blurComplete && placeholder !== 'empty' ? placeholder === 'blur' ? `url("data:image/svg+xml;charset=utf-8,${(0, _imageblursvg.getImageBlurSvg)({
  widthInt,
  heightInt,
  blurWidth,
  blurHeight,
  blurDataURL: blurDataURL || '',
  objectFit: imgStyle.objectFit
  })}")` : `url("${placeholder}")` // assume `data:image/`
   : null;
  const backgroundSize = !INVALID_BACKGROUND_SIZE_VALUES.includes(imgStyle.objectFit) ? imgStyle.objectFit : imgStyle.objectFit === 'fill' ? '100% 100%' // the background-size equivalent of `fill`
   : 'cover';
  let placeholderStyle = backgroundImage ? {
  backgroundSize,
  backgroundPosition: imgStyle.objectPosition || '50% 50%',
  backgroundRepeat: 'no-repeat',
  backgroundImage
  } : {};
  if ("TURBOPACK compile-time falsy", 0) //TURBOPACK unreachable
  ;
  const imgAttributes = generateImgAttrs({
  config,
  src,
  unoptimized,
  width: widthInt,
  quality: qualityInt,
  sizes,
  loader
  });
  const loadingFinal = isLazy ? 'lazy' : loading;
  if ("TURBOPACK compile-time falsy", 0) //TURBOPACK unreachable
  ;
  const props = {
  ...rest,
  loading: loadingFinal,
  fetchPriority,
  width: widthInt,
  height: heightInt,
  decoding,
  className,
  style: {
  ...imgStyle,
  ...placeholderStyle
  },
  sizes: imgAttributes.sizes,
  srcSet: imgAttributes.srcSet,
  src: overrideSrc || imgAttributes.src
  };
  const meta = {
  unoptimized,
  preload: preload || priority,
  placeholder,
  fill
  };
  return {
  props,
  meta
  };
  } //# sourceMappingURL=get-img-props.js.map
  }),
  94613, ((__turbopack_context__, module, exports) => {
  "use strict";
  
  Object.defineProperty(exports, "__esModule", {
  value: true
  });
  Object.defineProperty(exports, "default", {
  enumerable: true,
  get: function() {
  return SideEffect;
  }
  });
  const _react = __turbopack_context__.r(72131);
  const isServer = ("TURBOPACK compile-time value", "undefined") === 'undefined';
  const useClientOnlyLayoutEffect = ("TURBOPACK compile-time truthy", 1) ? ()=>{} : "TURBOPACK unreachable";
  const useClientOnlyEffect = ("TURBOPACK compile-time truthy", 1) ? ()=>{} : "TURBOPACK unreachable";
  function SideEffect(props) {
  const { headManager, reduceComponentsToState } = props;
  function emitChange() {
  if (headManager && headManager.mountedInstances) {
  const headElements = _react.Children.toArray(Array.from(headManager.mountedInstances).filter(Boolean));
  headManager.updateHead(reduceComponentsToState(headElements));
  }
  }
  if ("TURBOPACK compile-time truthy", 1) {
  headManager?.mountedInstances?.add(props.children);
  emitChange();
  }
  useClientOnlyLayoutEffect(()=>{
  headManager?.mountedInstances?.add(props.children);
  return ()=>{
  headManager?.mountedInstances?.delete(props.children);
  };
  });
  // We need to call `updateHead` method whenever the `SideEffect` is trigger in all
  // life-cycles: mount, update, unmount. However, if there are multiple `SideEffect`s
  // being rendered, we only trigger the method from the last one.
  // This is ensured by keeping the last unflushed `updateHead` in the `_pendingUpdate`
  // singleton in the layout effect pass, and actually trigger it in the effect pass.
  useClientOnlyLayoutEffect(()=>{
  if (headManager) {
  headManager._pendingUpdate = emitChange;
  }
  return ()=>{
  if (headManager) {
  headManager._pendingUpdate = emitChange;
  }
  };
  });
  useClientOnlyEffect(()=>{
  if (headManager && headManager._pendingUpdate) {
  headManager._pendingUpdate();
  headManager._pendingUpdate = null;
  }
  return ()=>{
  if (headManager && headManager._pendingUpdate) {
  headManager._pendingUpdate();
  headManager._pendingUpdate = null;
  }
  };
  });
  return null;
  } //# sourceMappingURL=side-effect.js.map
  }),
  92966, ((__turbopack_context__, module, exports) => {
  "use strict";
  
  module.exports = __turbopack_context__.r(42602).vendored['contexts'].HeadManagerContext; //# sourceMappingURL=head-manager-context.js.map
  }),
  58018, ((__turbopack_context__, module, exports) => {
  "use strict";
  
  Object.defineProperty(exports, "__esModule", {
  value: true
  });
  0 && (module.exports = {
  default: null,
  defaultHead: null
  });
  function _export(target, all) {
  for(var name in all)Object.defineProperty(target, name, {
  enumerable: true,
  get: all[name]
  });
  }
  _export(exports, {
  default: function() {
  return _default;
  },
  defaultHead: function() {
  return defaultHead;
  }
  });
  const _interop_require_default = __turbopack_context__.r(33354);
  const _interop_require_wildcard = __turbopack_context__.r(46058);
  const _jsxruntime = __turbopack_context__.r(87924);
  const _react = /*#__PURE__*/ _interop_require_wildcard._(__turbopack_context__.r(72131));
  const _sideeffect = /*#__PURE__*/ _interop_require_default._(__turbopack_context__.r(94613));
  const _headmanagercontextsharedruntime = __turbopack_context__.r(92966);
  const _warnonce = __turbopack_context__.r(92434);
  function defaultHead() {
  const head = [
  /*#__PURE__*/ (0, _jsxruntime.jsx)("meta", {
  charSet: "utf-8"
  }, "charset"),
  /*#__PURE__*/ (0, _jsxruntime.jsx)("meta", {
  name: "viewport",
  content: "width=device-width"
  }, "viewport")
  ];
  return head;
  }
  function onlyReactElement(list, child) {
  // React children can be "string" or "number" in this case we ignore them for backwards compat
  if (typeof child === 'string' || typeof child === 'number') {
  return list;
  }
  // Adds support for React.Fragment
  if (child.type === _react.default.Fragment) {
  return list.concat(_react.default.Children.toArray(child.props.children).reduce((fragmentList, fragmentChild)=>{
  if (typeof fragmentChild === 'string' || typeof fragmentChild === 'number') {
  return fragmentList;
  }
  return fragmentList.concat(fragmentChild);
  }, []));
  }
  return list.concat(child);
  }
  const METATYPES = [
  'name',
  'httpEquiv',
  'charSet',
  'itemProp'
  ];
  /*
   returns a function for filtering head child elements
   which shouldn't be duplicated, like <title/>
   Also adds support for deduplicated `key` properties
  */ function unique() {
  const keys = new Set();
  const tags = new Set();
  const metaTypes = new Set();
  const metaCategories = {};
  return (h)=>{
  let isUnique = true;
  let hasKey = false;
  if (h.key && typeof h.key !== 'number' && h.key.indexOf('$') > 0) {
  hasKey = true;
  const key = h.key.slice(h.key.indexOf('$') + 1);
  if (keys.has(key)) {
  isUnique = false;
  } else {
  keys.add(key);
  }
  }
  // eslint-disable-next-line default-case
  switch(h.type){
  case 'title':
  case 'base':
  if (tags.has(h.type)) {
  isUnique = false;
  } else {
  tags.add(h.type);
  }
  break;
  case 'meta':
  for(let i = 0, len = METATYPES.length; i < len; i++){
  const metatype = METATYPES[i];
  if (!h.props.hasOwnProperty(metatype)) continue;
  if (metatype === 'charSet') {
  if (metaTypes.has(metatype)) {
  isUnique = false;
  } else {
  metaTypes.add(metatype);
  }
  } else {
  const category = h.props[metatype];
  const categories = metaCategories[metatype] || new Set();
  if ((metatype !== 'name' || !hasKey) && categories.has(category)) {
  isUnique = false;
  } else {
  categories.add(category);
  metaCategories[metatype] = categories;
  }
  }
  }
  break;
  }
  return isUnique;
  };
  }
  /**
   *
   * @param headChildrenElements List of children of <Head>
   */ function reduceComponents(headChildrenElements) {
  return headChildrenElements.reduce(onlyReactElement, []).reverse().concat(defaultHead().reverse()).filter(unique()).reverse().map((c, i)=>{
  const key = c.key || i;
  if ("TURBOPACK compile-time falsy", 0) //TURBOPACK unreachable
  ;
  return /*#__PURE__*/ _react.default.cloneElement(c, {
  key
  });
  });
  }
  /**
   * This component injects elements to `<head>` of your page.
   * To avoid duplicated `tags` in `<head>` you can use the `key` property, which will make sure every tag is only rendered once.
   */ function Head({ children }) {
  const headManager = (0, _react.useContext)(_headmanagercontextsharedruntime.HeadManagerContext);
  return /*#__PURE__*/ (0, _jsxruntime.jsx)(_sideeffect.default, {
  reduceComponentsToState: reduceComponents,
  headManager: headManager,
  children: children
  });
  }
  const _default = Head;
  if ((typeof exports.default === 'function' || typeof exports.default === 'object' && exports.default !== null) && typeof exports.default.__esModule === 'undefined') {
  Object.defineProperty(exports.default, '__esModule', {
  value: true
  });
  Object.assign(exports.default, exports);
  module.exports = exports.default;
  } //# sourceMappingURL=head.js.map
  }),
  4486, ((__turbopack_context__, module, exports) => {
  "use strict";
  
  module.exports = __turbopack_context__.r(42602).vendored['contexts'].ImageConfigContext; //# sourceMappingURL=image-config-context.js.map
  }),
  53773, ((__turbopack_context__, module, exports) => {
  "use strict";
  
  module.exports = __turbopack_context__.r(42602).vendored['contexts'].RouterContext; //# sourceMappingURL=router-context.js.map
  }),
  35444, ((__turbopack_context__, module, exports) => {
  "use strict";
  
  Object.defineProperty(exports, "__esModule", {
  value: true
  });
  Object.defineProperty(exports, "findClosestQuality", {
  enumerable: true,
  get: function() {
  return findClosestQuality;
  }
  });
  function findClosestQuality(quality, config) {
  const q = quality || 75;
  if (!config?.qualities?.length) {
  return q;
  }
  return config.qualities.reduce((prev, cur)=>Math.abs(cur - q) < Math.abs(prev - q) ? cur : prev, 0);
  } //# sourceMappingURL=find-closest-quality.js.map
  }),
  2305, ((__turbopack_context__, module, exports) => {
  "use strict";
  
  Object.defineProperty(exports, "__esModule", {
  value: true
  });
  Object.defineProperty(exports, "default", {
  enumerable: true,
  get: function() {
  return _default;
  }
  });
  const _findclosestquality = __turbopack_context__.r(35444);
  const _deploymentid = __turbopack_context__.r(68063);
  function defaultLoader({ config, src, width, quality }) {
  if (src.startsWith('/') && src.includes('?') && config.localPatterns?.length === 1 && config.localPatterns[0].pathname === '**' && config.localPatterns[0].search === '') {
  throw Object.defineProperty(new Error(`Image with src "${src}" is using a query string which is not configured in images.localPatterns.` + `\nRead more: https://nextjs.org/docs/messages/next-image-unconfigured-localpatterns`), "__NEXT_ERROR_CODE", {
  value: "E871",
  enumerable: false,
  configurable: true
  });
  }
  if ("TURBOPACK compile-time falsy", 0) //TURBOPACK unreachable
  ;
  const q = (0, _findclosestquality.findClosestQuality)(quality, config);
  let deploymentId = (0, _deploymentid.getDeploymentId)();
  return `${config.path}?url=${encodeURIComponent(src)}&w=${width}&q=${q}${src.startsWith('/') && deploymentId ? `&dpl=${deploymentId}` : ''}`;
  }
  // We use this to determine if the import is the default loader
  // or a custom loader defined by the user in next.config.js
  defaultLoader.__next_img_default = true;
  const _default = defaultLoader; //# sourceMappingURL=image-loader.js.map
  }),
  67161, ((__turbopack_context__, module, exports) => {
  "use strict";
  
  Object.defineProperty(exports, "__esModule", {
  value: true
  });
  Object.defineProperty(exports, "Image", {
  enumerable: true,
  get: function() {
  return Image;
  }
  });
  const _interop_require_default = __turbopack_context__.r(33354);
  const _interop_require_wildcard = __turbopack_context__.r(46058);
  const _jsxruntime = __turbopack_context__.r(87924);
  const _react = /*#__PURE__*/ _interop_require_wildcard._(__turbopack_context__.r(72131));
  const _reactdom = /*#__PURE__*/ _interop_require_default._(__turbopack_context__.r(35112));
  const _head = /*#__PURE__*/ _interop_require_default._(__turbopack_context__.r(58018));
  const _getimgprops = __turbopack_context__.r(94915);
  const _imageconfig = __turbopack_context__.r(345);
  const _imageconfigcontextsharedruntime = __turbopack_context__.r(4486);
  const _warnonce = __turbopack_context__.r(92434);
  const _routercontextsharedruntime = __turbopack_context__.r(53773);
  const _imageloader = /*#__PURE__*/ _interop_require_default._(__turbopack_context__.r(2305));
  const _usemergedref = __turbopack_context__.r(8591);
  // This is replaced by webpack define plugin
  const configEnv = ("TURBOPACK compile-time value", {
  "deviceSizes": ("TURBOPACK compile-time value", [
  ("TURBOPACK compile-time value", 640),
  ("TURBOPACK compile-time value", 750),
  ("TURBOPACK compile-time value", 828),
  ("TURBOPACK compile-time value", 1080),
  ("TURBOPACK compile-time value", 1200),
  ("TURBOPACK compile-time value", 1920),
  ("TURBOPACK compile-time value", 2048),
  ("TURBOPACK compile-time value", 3840)
  ]),
  "imageSizes": ("TURBOPACK compile-time value", [
  ("TURBOPACK compile-time value", 32),
  ("TURBOPACK compile-time value", 48),
  ("TURBOPACK compile-time value", 64),
  ("TURBOPACK compile-time value", 96),
  ("TURBOPACK compile-time value", 128),
  ("TURBOPACK compile-time value", 256),
  ("TURBOPACK compile-time value", 384)
  ]),
  "qualities": ("TURBOPACK compile-time value", [
  ("TURBOPACK compile-time value", 75)
  ]),
  "path": ("TURBOPACK compile-time value", "/_next/image"),
  "loader": ("TURBOPACK compile-time value", "default"),
  "dangerouslyAllowSVG": ("TURBOPACK compile-time value", false),
  "unoptimized": ("TURBOPACK compile-time value", false)
  });
  if ("TURBOPACK compile-time truthy", 1) {
  ;
  globalThis.__NEXT_IMAGE_IMPORTED = true;
  }
  // See https://stackoverflow.com/q/39777833/266535 for why we use this ref
  // handler instead of the img's onLoad attribute.
  function handleLoading(img, placeholder, onLoadRef, onLoadingCompleteRef, setBlurComplete, unoptimized, sizesInput) {
  const src = img?.src;
  if (!img || img['data-loaded-src'] === src) {
  return;
  }
  img['data-loaded-src'] = src;
  const p = 'decode' in img ? img.decode() : Promise.resolve();
  p.catch(()=>{}).then(()=>{
  if (!img.parentElement || !img.isConnected) {
  // Exit early in case of race condition:
  // - onload() is called
  // - decode() is called but incomplete
  // - unmount is called
  // - decode() completes
  return;
  }
  if (placeholder !== 'empty') {
  setBlurComplete(true);
  }
  if (onLoadRef?.current) {
  // Since we don't have the SyntheticEvent here,
  // we must create one with the same shape.
  // See https://reactjs.org/docs/events.html
  const event = new Event('load');
  Object.defineProperty(event, 'target', {
  writable: false,
  value: img
  });
  let prevented = false;
  let stopped = false;
  onLoadRef.current({
  ...event,
  nativeEvent: event,
  currentTarget: img,
  target: img,
  isDefaultPrevented: ()=>prevented,
  isPropagationStopped: ()=>stopped,
  persist: ()=>{},
  preventDefault: ()=>{
  prevented = true;
  event.preventDefault();
  },
  stopPropagation: ()=>{
  stopped = true;
  event.stopPropagation();
  }
  });
  }
  if (onLoadingCompleteRef?.current) {
  onLoadingCompleteRef.current(img);
  }
  if ("TURBOPACK compile-time falsy", 0) //TURBOPACK unreachable
  ;
  });
  }
  function getDynamicProps(fetchPriority) {
  if (Boolean(_react.use)) {
  // In React 19.0.0 or newer, we must use camelCase
  // prop to avoid "Warning: Invalid DOM property".
  // See https://github.com/facebook/react/pull/25927
  return {
  fetchPriority
  };
  }
  // In React 18.2.0 or older, we must use lowercase prop
  // to avoid "Warning: Invalid DOM property".
  return {
  fetchpriority: fetchPriority
  };
  }
  const ImageElement = /*#__PURE__*/ (0, _react.forwardRef)(({ src, srcSet, sizes, height, width, decoding, className, style, fetchPriority, placeholder, loading, unoptimized, fill, onLoadRef, onLoadingCompleteRef, setBlurComplete, setShowAltText, sizesInput, onLoad, onError, ...rest }, forwardedRef)=>{
  const ownRef = (0, _react.useCallback)((img)=>{
  if (!img) {
  return;
  }
  if (onError) {
  // If the image has an error before react hydrates, then the error is lost.
  // The workaround is to wait until the image is mounted which is after hydration,
  // then we set the src again to trigger the error handler (if there was an error).
  // eslint-disable-next-line no-self-assign
  img.src = img.src;
  }
  if ("TURBOPACK compile-time falsy", 0) //TURBOPACK unreachable
  ;
  if (img.complete) {
  handleLoading(img, placeholder, onLoadRef, onLoadingCompleteRef, setBlurComplete, unoptimized, sizesInput);
  }
  }, [
  src,
  placeholder,
  onLoadRef,
  onLoadingCompleteRef,
  setBlurComplete,
  onError,
  unoptimized,
  sizesInput
  ]);
  const ref = (0, _usemergedref.useMergedRef)(forwardedRef, ownRef);
  return /*#__PURE__*/ (0, _jsxruntime.jsx)("img", {
  ...rest,
  ...getDynamicProps(fetchPriority),
  // It's intended to keep `loading` before `src` because React updates
  // props in order which causes Safari/Firefox to not lazy load properly.
  // See https://github.com/facebook/react/issues/25883
  loading: loading,
  width: width,
  height: height,
  decoding: decoding,
  "data-nimg": fill ? 'fill' : '1',
  className: className,
  style: style,
  // It's intended to keep `src` the last attribute because React updates
  // attributes in order. If we keep `src` the first one, Safari will
  // immediately start to fetch `src`, before `sizes` and `srcSet` are even
  // updated by React. That causes multiple unnecessary requests if `srcSet`
  // and `sizes` are defined.
  // This bug cannot be reproduced in Chrome or Firefox.
  sizes: sizes,
  srcSet: srcSet,
  src: src,
  ref: ref,
  onLoad: (event)=>{
  const img = event.currentTarget;
  handleLoading(img, placeholder, onLoadRef, onLoadingCompleteRef, setBlurComplete, unoptimized, sizesInput);
  },
  onError: (event)=>{
  // if the real image fails to load, this will ensure "alt" is visible
  setShowAltText(true);
  if (placeholder !== 'empty') {
  // If the real image fails to load, this will still remove the placeholder.
  setBlurComplete(true);
  }
  if (onError) {
  onError(event);
  }
  }
  });
  });
  function ImagePreload({ isAppRouter, imgAttributes }) {
  const opts = {
  as: 'image',
  imageSrcSet: imgAttributes.srcSet,
  imageSizes: imgAttributes.sizes,
  crossOrigin: imgAttributes.crossOrigin,
  referrerPolicy: imgAttributes.referrerPolicy,
  ...getDynamicProps(imgAttributes.fetchPriority)
  };
  if (isAppRouter && _reactdom.default.preload) {
  _reactdom.default.preload(imgAttributes.src, opts);
  return null;
  }
  return /*#__PURE__*/ (0, _jsxruntime.jsx)(_head.default, {
  children: /*#__PURE__*/ (0, _jsxruntime.jsx)("link", {
  rel: "preload",
  // Note how we omit the `href` attribute, as it would only be relevant
  // for browsers that do not support `imagesrcset`, and in those cases
  // it would cause the incorrect image to be preloaded.
  //
  // https://html.spec.whatwg.org/multipage/semantics.html#attr-link-imagesrcset
  href: imgAttributes.srcSet ? undefined : imgAttributes.src,
  ...opts
  }, '__nimg-' + imgAttributes.src + imgAttributes.srcSet + imgAttributes.sizes)
  });
  }
  const Image = /*#__PURE__*/ (0, _react.forwardRef)((props, forwardedRef)=>{
  const pagesRouter = (0, _react.useContext)(_routercontextsharedruntime.RouterContext);
  // We're in the app directory if there is no pages router.
  const isAppRouter = !pagesRouter;
  const configContext = (0, _react.useContext)(_imageconfigcontextsharedruntime.ImageConfigContext);
  const config = (0, _react.useMemo)(()=>{
  const c = configEnv || configContext || _imageconfig.imageConfigDefault;
  const allSizes = [
  ...c.deviceSizes,
  ...c.imageSizes
  ].sort((a, b)=>a - b);
  const deviceSizes = c.deviceSizes.sort((a, b)=>a - b);
  const qualities = c.qualities?.sort((a, b)=>a - b);
  return {
  ...c,
  allSizes,
  deviceSizes,
  qualities,
  // During the SSR, configEnv (__NEXT_IMAGE_OPTS) does not include
  // security sensitive configs like `localPatterns`, which is needed
  // during the server render to ensure it's validated. Therefore use
  // configContext, which holds the config from the server for validation.
  localPatterns: ("TURBOPACK compile-time truthy", 1) ? configContext?.localPatterns : "TURBOPACK unreachable"
  };
  }, [
  configContext
  ]);
  const { onLoad, onLoadingComplete } = props;
  const onLoadRef = (0, _react.useRef)(onLoad);
  (0, _react.useEffect)(()=>{
  onLoadRef.current = onLoad;
  }, [
  onLoad
  ]);
  const onLoadingCompleteRef = (0, _react.useRef)(onLoadingComplete);
  (0, _react.useEffect)(()=>{
  onLoadingCompleteRef.current = onLoadingComplete;
  }, [
  onLoadingComplete
  ]);
  const [blurComplete, setBlurComplete] = (0, _react.useState)(false);
  const [showAltText, setShowAltText] = (0, _react.useState)(false);
  const { props: imgAttributes, meta: imgMeta } = (0, _getimgprops.getImgProps)(props, {
  defaultLoader: _imageloader.default,
  imgConf: config,
  blurComplete,
  showAltText
  });
  return /*#__PURE__*/ (0, _jsxruntime.jsxs)(_jsxruntime.Fragment, {
  children: [
  /*#__PURE__*/ (0, _jsxruntime.jsx)(ImageElement, {
  ...imgAttributes,
  unoptimized: imgMeta.unoptimized,
  placeholder: imgMeta.placeholder,
  fill: imgMeta.fill,
  onLoadRef: onLoadRef,
  onLoadingCompleteRef: onLoadingCompleteRef,
  setBlurComplete: setBlurComplete,
  setShowAltText: setShowAltText,
  sizesInput: props.sizes,
  ref: forwardedRef
  }),
  imgMeta.preload ? /*#__PURE__*/ (0, _jsxruntime.jsx)(ImagePreload, {
  isAppRouter: isAppRouter,
  imgAttributes: imgAttributes
  }) : null
  ]
  });
  });
  if ((typeof exports.default === 'function' || typeof exports.default === 'object' && exports.default !== null) && typeof exports.default.__esModule === 'undefined') {
  Object.defineProperty(exports.default, '__esModule', {
  value: true
  });
  Object.assign(exports.default, exports);
  module.exports = exports.default;
  } //# sourceMappingURL=image-component.js.map
  }),
  33095, ((__turbopack_context__, module, exports) => {
  "use strict";
  
  Object.defineProperty(exports, "__esModule", {
  value: true
  });
  0 && (module.exports = {
  default: null,
  getImageProps: null
  });
  function _export(target, all) {
  for(var name in all)Object.defineProperty(target, name, {
  enumerable: true,
  get: all[name]
  });
  }
  _export(exports, {
  default: function() {
  return _default;
  },
  getImageProps: function() {
  return getImageProps;
  }
  });
  const _interop_require_default = __turbopack_context__.r(33354);
  const _getimgprops = __turbopack_context__.r(94915);
  const _imagecomponent = __turbopack_context__.r(67161);
  const _imageloader = /*#__PURE__*/ _interop_require_default._(__turbopack_context__.r(2305));
  function getImageProps(imgProps) {
  const { props } = (0, _getimgprops.getImgProps)(imgProps, {
  defaultLoader: _imageloader.default,
  // This is replaced by webpack define plugin
  imgConf: ("TURBOPACK compile-time value", {
  "deviceSizes": ("TURBOPACK compile-time value", [
  ("TURBOPACK compile-time value", 640),
  ("TURBOPACK compile-time value", 750),
  ("TURBOPACK compile-time value", 828),
  ("TURBOPACK compile-time value", 1080),
  ("TURBOPACK compile-time value", 1200),
  ("TURBOPACK compile-time value", 1920),
  ("TURBOPACK compile-time value", 2048),
  ("TURBOPACK compile-time value", 3840)
  ]),
  "imageSizes": ("TURBOPACK compile-time value", [
  ("TURBOPACK compile-time value", 32),
  ("TURBOPACK compile-time value", 48),
  ("TURBOPACK compile-time value", 64),
  ("TURBOPACK compile-time value", 96),
  ("TURBOPACK compile-time value", 128),
  ("TURBOPACK compile-time value", 256),
  ("TURBOPACK compile-time value", 384)
  ]),
  "qualities": ("TURBOPACK compile-time value", [
  ("TURBOPACK compile-time value", 75)
  ]),
  "path": ("TURBOPACK compile-time value", "/_next/image"),
  "loader": ("TURBOPACK compile-time value", "default"),
  "dangerouslyAllowSVG": ("TURBOPACK compile-time value", false),
  "unoptimized": ("TURBOPACK compile-time value", false)
  })
  });
  // Normally we don't care about undefined props because we pass to JSX,
  // but this exported function could be used by the end user for anything
  // so we delete undefined props to clean it up a little.
  for (const [key, value] of Object.entries(props)){
  if (value === undefined) {
  delete props[key];
  }
  }
  return {
  props
  };
  }
  const _default = _imagecomponent.Image; //# sourceMappingURL=image-external.js.map
  }),
  71987, ((__turbopack_context__, module, exports) => {
  
  module.exports = __turbopack_context__.r(33095);
  }),
  71476, ((__turbopack_context__, module, exports) => {
  
  !function(e, t) {
  ("TURBOPACK compile-time truthy", 1) ? module.exports = t() : "TURBOPACK unreachable";
  }(/*TURBOPACK member replacement*/ __turbopack_context__.e, function() {
  return function(e) {
  function t(o) {
  if (n[o]) return n[o].exports;
  var i = n[o] = {
  exports: {},
  id: o,
  loaded: !1
  };
  return e[o].call(i.exports, i, i.exports, t), i.loaded = !0, i.exports;
  }
  var n = {};
  return t.m = e, t.c = n, t.p = "dist/", t(0);
  }([
  function(e, t, n) {
  "use strict";
  function o(e) {
  return e && e.__esModule ? e : {
  default: e
  };
  }
  var i = Object.assign || function(e) {
  for(var t = 1; t < arguments.length; t++){
  var n = arguments[t];
  for(var o in n)Object.prototype.hasOwnProperty.call(n, o) && (e[o] = n[o]);
  }
  return e;
  }, r = n(1), a = (o(r), n(6)), u = o(a), c = n(7), s = o(c), f = n(8), d = o(f), l = n(9), p = o(l), m = n(10), b = o(m), v = n(11), y = o(v), g = n(14), h = o(g), w = [], k = !1, x = {
  offset: 120,
  delay: 0,
  easing: "ease",
  duration: 400,
  disable: !1,
  once: !1,
  startEvent: "DOMContentLoaded",
  throttleDelay: 99,
  debounceDelay: 50,
  disableMutationObserver: !1
  }, j = function() {
  var e = arguments.length > 0 && void 0 !== arguments[0] && arguments[0];
  if (e && (k = !0), k) return w = (0, y.default)(w, x), (0, b.default)(w, x.once), w;
  }, O = function() {
  w = (0, h.default)(), j();
  }, M = function() {
  w.forEach(function(e, t) {
  e.node.removeAttribute("data-aos"), e.node.removeAttribute("data-aos-easing"), e.node.removeAttribute("data-aos-duration"), e.node.removeAttribute("data-aos-delay");
  });
  }, S = function(e) {
  return e === !0 || "mobile" === e && p.default.mobile() || "phone" === e && p.default.phone() || "tablet" === e && p.default.tablet() || "function" == typeof e && e() === !0;
  }, _ = function(e) {
  x = i(x, e), w = (0, h.default)();
  var t = document.all && !window.atob;
  return S(x.disable) || t ? M() : (x.disableMutationObserver || d.default.isSupported() || (console.info('\n      aos: MutationObserver is not supported on this browser,\n      code mutations observing has been disabled.\n      You may have to call "refreshHard()" by yourself.\n    '), x.disableMutationObserver = !0), document.querySelector("body").setAttribute("data-aos-easing", x.easing), document.querySelector("body").setAttribute("data-aos-duration", x.duration), document.querySelector("body").setAttribute("data-aos-delay", x.delay), "DOMContentLoaded" === x.startEvent && [
  "complete",
  "interactive"
  ].indexOf(document.readyState) > -1 ? j(!0) : "load" === x.startEvent ? window.addEventListener(x.startEvent, function() {
  j(!0);
  }) : document.addEventListener(x.startEvent, function() {
  j(!0);
  }), window.addEventListener("resize", (0, s.default)(j, x.debounceDelay, !0)), window.addEventListener("orientationchange", (0, s.default)(j, x.debounceDelay, !0)), window.addEventListener("scroll", (0, u.default)(function() {
  (0, b.default)(w, x.once);
  }, x.throttleDelay)), x.disableMutationObserver || d.default.ready("[data-aos]", O), w);
  };
  e.exports = {
  init: _,
  refresh: j,
  refreshHard: O
  };
  },
  function(e, t) {},
  ,
  ,
  ,
  ,
  function(e, t) {
  (function(t) {
  "use strict";
  function n(e, t, n) {
  function o(t) {
  var n = b, o = v;
  return b = v = void 0, k = t, g = e.apply(o, n);
  }
  function r(e) {
  return k = e, h = setTimeout(f, t), M ? o(e) : g;
  }
  function a(e) {
  var n = e - w, o = e - k, i = t - n;
  return S ? j(i, y - o) : i;
  }
  function c(e) {
  var n = e - w, o = e - k;
  return void 0 === w || n >= t || n < 0 || S && o >= y;
  }
  function f() {
  var e = O();
  return c(e) ? d(e) : void (h = setTimeout(f, a(e)));
  }
  function d(e) {
  return h = void 0, _ && b ? o(e) : (b = v = void 0, g);
  }
  function l() {
  void 0 !== h && clearTimeout(h), k = 0, b = w = v = h = void 0;
  }
  function p() {
  return void 0 === h ? g : d(O());
  }
  function m() {
  var e = O(), n = c(e);
  if (b = arguments, v = this, w = e, n) {
  if (void 0 === h) return r(w);
  if (S) return h = setTimeout(f, t), o(w);
  }
  return void 0 === h && (h = setTimeout(f, t)), g;
  }
  var b, v, y, g, h, w, k = 0, M = !1, S = !1, _ = !0;
  if ("function" != typeof e) throw new TypeError(s);
  return t = u(t) || 0, i(n) && (M = !!n.leading, S = "maxWait" in n, y = S ? x(u(n.maxWait) || 0, t) : y, _ = "trailing" in n ? !!n.trailing : _), m.cancel = l, m.flush = p, m;
  }
  function o(e, t, o) {
  var r = !0, a = !0;
  if ("function" != typeof e) throw new TypeError(s);
  return i(o) && (r = "leading" in o ? !!o.leading : r, a = "trailing" in o ? !!o.trailing : a), n(e, t, {
  leading: r,
  maxWait: t,
  trailing: a
  });
  }
  function i(e) {
  var t = "undefined" == typeof e ? "undefined" : c(e);
  return !!e && ("object" == t || "function" == t);
  }
  function r(e) {
  return !!e && "object" == ("undefined" == typeof e ? "undefined" : c(e));
  }
  function a(e) {
  return "symbol" == ("undefined" == typeof e ? "undefined" : c(e)) || r(e) && k.call(e) == d;
  }
  function u(e) {
  if ("number" == typeof e) return e;
  if (a(e)) return f;
  if (i(e)) {
  var t = "function" == typeof e.valueOf ? e.valueOf() : e;
  e = i(t) ? t + "" : t;
  }
  if ("string" != typeof e) return 0 === e ? e : +e;
  e = e.replace(l, "");
  var n = m.test(e);
  return n || b.test(e) ? v(e.slice(2), n ? 2 : 8) : p.test(e) ? f : +e;
  }
  var c = "function" == typeof Symbol && "symbol" == typeof Symbol.iterator ? function(e) {
  return typeof e;
  } : function(e) {
  return e && "function" == typeof Symbol && e.constructor === Symbol && e !== Symbol.prototype ? "symbol" : typeof e;
  }, s = "Expected a function", f = NaN, d = "[object Symbol]", l = /^\s+|\s+$/g, p = /^[-+]0x[0-9a-f]+$/i, m = /^0b[01]+$/i, b = /^0o[0-7]+$/i, v = parseInt, y = "object" == ("undefined" == typeof t ? "undefined" : c(t)) && t && t.Object === Object && t, g = "object" == ("undefined" == typeof self ? "undefined" : c(self)) && self && self.Object === Object && self, h = y || g || Function("return this")(), w = Object.prototype, k = w.toString, x = Math.max, j = Math.min, O = function() {
  return h.Date.now();
  };
  e.exports = o;
  }).call(t, function() {
  return this;
  }());
  },
  function(e, t) {
  (function(t) {
  "use strict";
  function n(e, t, n) {
  function i(t) {
  var n = b, o = v;
  return b = v = void 0, O = t, g = e.apply(o, n);
  }
  function r(e) {
  return O = e, h = setTimeout(f, t), M ? i(e) : g;
  }
  function u(e) {
  var n = e - w, o = e - O, i = t - n;
  return S ? x(i, y - o) : i;
  }
  function s(e) {
  var n = e - w, o = e - O;
  return void 0 === w || n >= t || n < 0 || S && o >= y;
  }
  function f() {
  var e = j();
  return s(e) ? d(e) : void (h = setTimeout(f, u(e)));
  }
  function d(e) {
  return h = void 0, _ && b ? i(e) : (b = v = void 0, g);
  }
  function l() {
  void 0 !== h && clearTimeout(h), O = 0, b = w = v = h = void 0;
  }
  function p() {
  return void 0 === h ? g : d(j());
  }
  function m() {
  var e = j(), n = s(e);
  if (b = arguments, v = this, w = e, n) {
  if (void 0 === h) return r(w);
  if (S) return h = setTimeout(f, t), i(w);
  }
  return void 0 === h && (h = setTimeout(f, t)), g;
  }
  var b, v, y, g, h, w, O = 0, M = !1, S = !1, _ = !0;
  if ("function" != typeof e) throw new TypeError(c);
  return t = a(t) || 0, o(n) && (M = !!n.leading, S = "maxWait" in n, y = S ? k(a(n.maxWait) || 0, t) : y, _ = "trailing" in n ? !!n.trailing : _), m.cancel = l, m.flush = p, m;
  }
  function o(e) {
  var t = "undefined" == typeof e ? "undefined" : u(e);
  return !!e && ("object" == t || "function" == t);
  }
  function i(e) {
  return !!e && "object" == ("undefined" == typeof e ? "undefined" : u(e));
  }
  function r(e) {
  return "symbol" == ("undefined" == typeof e ? "undefined" : u(e)) || i(e) && w.call(e) == f;
  }
  function a(e) {
  if ("number" == typeof e) return e;
  if (r(e)) return s;
  if (o(e)) {
  var t = "function" == typeof e.valueOf ? e.valueOf() : e;
  e = o(t) ? t + "" : t;
  }
  if ("string" != typeof e) return 0 === e ? e : +e;
  e = e.replace(d, "");
  var n = p.test(e);
  return n || m.test(e) ? b(e.slice(2), n ? 2 : 8) : l.test(e) ? s : +e;
  }
  var u = "function" == typeof Symbol && "symbol" == typeof Symbol.iterator ? function(e) {
  return typeof e;
  } : function(e) {
  return e && "function" == typeof Symbol && e.constructor === Symbol && e !== Symbol.prototype ? "symbol" : typeof e;
  }, c = "Expected a function", s = NaN, f = "[object Symbol]", d = /^\s+|\s+$/g, l = /^[-+]0x[0-9a-f]+$/i, p = /^0b[01]+$/i, m = /^0o[0-7]+$/i, b = parseInt, v = "object" == ("undefined" == typeof t ? "undefined" : u(t)) && t && t.Object === Object && t, y = "object" == ("undefined" == typeof self ? "undefined" : u(self)) && self && self.Object === Object && self, g = v || y || Function("return this")(), h = Object.prototype, w = h.toString, k = Math.max, x = Math.min, j = function() {
  return g.Date.now();
  };
  e.exports = n;
  }).call(t, function() {
  return this;
  }());
  },
  function(e, t) {
  "use strict";
  function n(e) {
  var t = void 0, o = void 0, i = void 0;
  for(t = 0; t < e.length; t += 1){
  if (o = e[t], o.dataset && o.dataset.aos) return !0;
  if (i = o.children && n(o.children)) return !0;
  }
  return !1;
  }
  function o() {
  return window.MutationObserver || window.WebKitMutationObserver || window.MozMutationObserver;
  }
  function i() {
  return !!o();
  }
  function r(e, t) {
  var n = window.document, i = o(), r = new i(a);
  u = t, r.observe(n.documentElement, {
  childList: !0,
  subtree: !0,
  removedNodes: !0
  });
  }
  function a(e) {
  e && e.forEach(function(e) {
  var t = Array.prototype.slice.call(e.addedNodes), o = Array.prototype.slice.call(e.removedNodes), i = t.concat(o);
  if (n(i)) return u();
  });
  }
  Object.defineProperty(t, "__esModule", {
  value: !0
  });
  var u = function() {};
  t.default = {
  isSupported: i,
  ready: r
  };
  },
  function(e, t) {
  "use strict";
  function n(e, t) {
  if (!(e instanceof t)) throw new TypeError("Cannot call a class as a function");
  }
  function o() {
  return navigator.userAgent || navigator.vendor || window.opera || "";
  }
  Object.defineProperty(t, "__esModule", {
  value: !0
  });
  var i = function() {
  function e(e, t) {
  for(var n = 0; n < t.length; n++){
  var o = t[n];
  o.enumerable = o.enumerable || !1, o.configurable = !0, "value" in o && (o.writable = !0), Object.defineProperty(e, o.key, o);
  }
  }
  return function(t, n, o) {
  return n && e(t.prototype, n), o && e(t, o), t;
  };
  }(), r = /(android|bb\d+|meego).+mobile|avantgo|bada\/|blackberry|blazer|compal|elaine|fennec|hiptop|iemobile|ip(hone|od)|iris|kindle|lge |maemo|midp|mmp|mobile.+firefox|netfront|opera m(ob|in)i|palm( os)?|phone|p(ixi|re)\/|plucker|pocket|psp|series(4|6)0|symbian|treo|up\.(browser|link)|vodafone|wap|windows ce|xda|xiino/i, a = /1207|6310|6590|3gso|4thp|50[1-6]i|770s|802s|a wa|abac|ac(er|oo|s\-)|ai(ko|rn)|al(av|ca|co)|amoi|an(ex|ny|yw)|aptu|ar(ch|go)|as(te|us)|attw|au(di|\-m|r |s )|avan|be(ck|ll|nq)|bi(lb|rd)|bl(ac|az)|br(e|v)w|bumb|bw\-(n|u)|c55\/|capi|ccwa|cdm\-|cell|chtm|cldc|cmd\-|co(mp|nd)|craw|da(it|ll|ng)|dbte|dc\-s|devi|dica|dmob|do(c|p)o|ds(12|\-d)|el(49|ai)|em(l2|ul)|er(ic|k0)|esl8|ez([4-7]0|os|wa|ze)|fetc|fly(\-|_)|g1 u|g560|gene|gf\-5|g\-mo|go(\.w|od)|gr(ad|un)|haie|hcit|hd\-(m|p|t)|hei\-|hi(pt|ta)|hp( i|ip)|hs\-c|ht(c(\-| |_|a|g|p|s|t)|tp)|hu(aw|tc)|i\-(20|go|ma)|i230|iac( |\-|\/)|ibro|idea|ig01|ikom|im1k|inno|ipaq|iris|ja(t|v)a|jbro|jemu|jigs|kddi|keji|kgt( |\/)|klon|kpt |kwc\-|kyo(c|k)|le(no|xi)|lg( g|\/(k|l|u)|50|54|\-[a-w])|libw|lynx|m1\-w|m3ga|m50\/|ma(te|ui|xo)|mc(01|21|ca)|m\-cr|me(rc|ri)|mi(o8|oa|ts)|mmef|mo(01|02|bi|de|do|t(\-| |o|v)|zz)|mt(50|p1|v )|mwbp|mywa|n10[0-2]|n20[2-3]|n30(0|2)|n50(0|2|5)|n7(0(0|1)|10)|ne((c|m)\-|on|tf|wf|wg|wt)|nok(6|i)|nzph|o2im|op(ti|wv)|oran|owg1|p800|pan(a|d|t)|pdxg|pg(13|\-([1-8]|c))|phil|pire|pl(ay|uc)|pn\-2|po(ck|rt|se)|prox|psio|pt\-g|qa\-a|qc(07|12|21|32|60|\-[2-7]|i\-)|qtek|r380|r600|raks|rim9|ro(ve|zo)|s55\/|sa(ge|ma|mm|ms|ny|va)|sc(01|h\-|oo|p\-)|sdk\/|se(c(\-|0|1)|47|mc|nd|ri)|sgh\-|shar|sie(\-|m)|sk\-0|sl(45|id)|sm(al|ar|b3|it|t5)|so(ft|ny)|sp(01|h\-|v\-|v )|sy(01|mb)|t2(18|50)|t6(00|10|18)|ta(gt|lk)|tcl\-|tdg\-|tel(i|m)|tim\-|t\-mo|to(pl|sh)|ts(70|m\-|m3|m5)|tx\-9|up(\.b|g1|si)|utst|v400|v750|veri|vi(rg|te)|vk(40|5[0-3]|\-v)|vm40|voda|vulc|vx(52|53|60|61|70|80|81|83|85|98)|w3c(\-| )|webc|whit|wi(g |nc|nw)|wmlb|wonu|x700|yas\-|your|zeto|zte\-/i, u = /(android|bb\d+|meego).+mobile|avantgo|bada\/|blackberry|blazer|compal|elaine|fennec|hiptop|iemobile|ip(hone|od)|iris|kindle|lge |maemo|midp|mmp|mobile.+firefox|netfront|opera m(ob|in)i|palm( os)?|phone|p(ixi|re)\/|plucker|pocket|psp|series(4|6)0|symbian|treo|up\.(browser|link)|vodafone|wap|windows ce|xda|xiino|android|ipad|playbook|silk/i, c = /1207|6310|6590|3gso|4thp|50[1-6]i|770s|802s|a wa|abac|ac(er|oo|s\-)|ai(ko|rn)|al(av|ca|co)|amoi|an(ex|ny|yw)|aptu|ar(ch|go)|as(te|us)|attw|au(di|\-m|r |s )|avan|be(ck|ll|nq)|bi(lb|rd)|bl(ac|az)|br(e|v)w|bumb|bw\-(n|u)|c55\/|capi|ccwa|cdm\-|cell|chtm|cldc|cmd\-|co(mp|nd)|craw|da(it|ll|ng)|dbte|dc\-s|devi|dica|dmob|do(c|p)o|ds(12|\-d)|el(49|ai)|em(l2|ul)|er(ic|k0)|esl8|ez([4-7]0|os|wa|ze)|fetc|fly(\-|_)|g1 u|g560|gene|gf\-5|g\-mo|go(\.w|od)|gr(ad|un)|haie|hcit|hd\-(m|p|t)|hei\-|hi(pt|ta)|hp( i|ip)|hs\-c|ht(c(\-| |_|a|g|p|s|t)|tp)|hu(aw|tc)|i\-(20|go|ma)|i230|iac( |\-|\/)|ibro|idea|ig01|ikom|im1k|inno|ipaq|iris|ja(t|v)a|jbro|jemu|jigs|kddi|keji|kgt( |\/)|klon|kpt |kwc\-|kyo(c|k)|le(no|xi)|lg( g|\/(k|l|u)|50|54|\-[a-w])|libw|lynx|m1\-w|m3ga|m50\/|ma(te|ui|xo)|mc(01|21|ca)|m\-cr|me(rc|ri)|mi(o8|oa|ts)|mmef|mo(01|02|bi|de|do|t(\-| |o|v)|zz)|mt(50|p1|v )|mwbp|mywa|n10[0-2]|n20[2-3]|n30(0|2)|n50(0|2|5)|n7(0(0|1)|10)|ne((c|m)\-|on|tf|wf|wg|wt)|nok(6|i)|nzph|o2im|op(ti|wv)|oran|owg1|p800|pan(a|d|t)|pdxg|pg(13|\-([1-8]|c))|phil|pire|pl(ay|uc)|pn\-2|po(ck|rt|se)|prox|psio|pt\-g|qa\-a|qc(07|12|21|32|60|\-[2-7]|i\-)|qtek|r380|r600|raks|rim9|ro(ve|zo)|s55\/|sa(ge|ma|mm|ms|ny|va)|sc(01|h\-|oo|p\-)|sdk\/|se(c(\-|0|1)|47|mc|nd|ri)|sgh\-|shar|sie(\-|m)|sk\-0|sl(45|id)|sm(al|ar|b3|it|t5)|so(ft|ny)|sp(01|h\-|v\-|v )|sy(01|mb)|t2(18|50)|t6(00|10|18)|ta(gt|lk)|tcl\-|tdg\-|tel(i|m)|tim\-|t\-mo|to(pl|sh)|ts(70|m\-|m3|m5)|tx\-9|up(\.b|g1|si)|utst|v400|v750|veri|vi(rg|te)|vk(40|5[0-3]|\-v)|vm40|voda|vulc|vx(52|53|60|61|70|80|81|83|85|98)|w3c(\-| )|webc|whit|wi(g |nc|nw)|wmlb|wonu|x700|yas\-|your|zeto|zte\-/i, s = function() {
  function e() {
  n(this, e);
  }
  return i(e, [
  {
  key: "phone",
  value: function() {
  var e = o();
  return !(!r.test(e) && !a.test(e.substr(0, 4)));
  }
  },
  {
  key: "mobile",
  value: function() {
  var e = o();
  return !(!u.test(e) && !c.test(e.substr(0, 4)));
  }
  },
  {
  key: "tablet",
  value: function() {
  return this.mobile() && !this.phone();
  }
  }
  ]), e;
  }();
  t.default = new s;
  },
  function(e, t) {
  "use strict";
  Object.defineProperty(t, "__esModule", {
  value: !0
  });
  var n = function(e, t, n) {
  var o = e.node.getAttribute("data-aos-once");
  t > e.position ? e.node.classList.add("aos-animate") : "undefined" != typeof o && ("false" === o || !n && "true" !== o) && e.node.classList.remove("aos-animate");
  }, o = function(e, t) {
  var o = window.pageYOffset, i = window.innerHeight;
  e.forEach(function(e, r) {
  n(e, i + o, t);
  });
  };
  t.default = o;
  },
  function(e, t, n) {
  "use strict";
  function o(e) {
  return e && e.__esModule ? e : {
  default: e
  };
  }
  Object.defineProperty(t, "__esModule", {
  value: !0
  });
  var i = n(12), r = o(i), a = function(e, t) {
  return e.forEach(function(e, n) {
  e.node.classList.add("aos-init"), e.position = (0, r.default)(e.node, t.offset);
  }), e;
  };
  t.default = a;
  },
  function(e, t, n) {
  "use strict";
  function o(e) {
  return e && e.__esModule ? e : {
  default: e
  };
  }
  Object.defineProperty(t, "__esModule", {
  value: !0
  });
  var i = n(13), r = o(i), a = function(e, t) {
  var n = 0, o = 0, i = window.innerHeight, a = {
  offset: e.getAttribute("data-aos-offset"),
  anchor: e.getAttribute("data-aos-anchor"),
  anchorPlacement: e.getAttribute("data-aos-anchor-placement")
  };
  switch(a.offset && !isNaN(a.offset) && (o = parseInt(a.offset)), a.anchor && document.querySelectorAll(a.anchor) && (e = document.querySelectorAll(a.anchor)[0]), n = (0, r.default)(e).top, a.anchorPlacement){
  case "top-bottom":
  break;
  case "center-bottom":
  n += e.offsetHeight / 2;
  break;
  case "bottom-bottom":
  n += e.offsetHeight;
  break;
  case "top-center":
  n += i / 2;
  break;
  case "bottom-center":
  n += i / 2 + e.offsetHeight;
  break;
  case "center-center":
  n += i / 2 + e.offsetHeight / 2;
  break;
  case "top-top":
  n += i;
  break;
  case "bottom-top":
  n += e.offsetHeight + i;
  break;
  case "center-top":
  n += e.offsetHeight / 2 + i;
  }
  return a.anchorPlacement || a.offset || isNaN(t) || (o = t), n + o;
  };
  t.default = a;
  },
  function(e, t) {
  "use strict";
  Object.defineProperty(t, "__esModule", {
  value: !0
  });
  var n = function(e) {
  for(var t = 0, n = 0; e && !isNaN(e.offsetLeft) && !isNaN(e.offsetTop);)t += e.offsetLeft - ("BODY" != e.tagName ? e.scrollLeft : 0), n += e.offsetTop - ("BODY" != e.tagName ? e.scrollTop : 0), e = e.offsetParent;
  return {
  top: n,
  left: t
  };
  };
  t.default = n;
  },
  function(e, t) {
  "use strict";
  Object.defineProperty(t, "__esModule", {
  value: !0
  });
  var n = function(e) {
  return e = e || document.querySelectorAll("[data-aos]"), Array.prototype.map.call(e, function(e) {
  return {
  node: e
  };
  });
  };
  t.default = n;
  }
  ]);
  });
  }),
  54826, ((__turbopack_context__, module, exports) => {
  
  }),
  15299, ((__turbopack_context__, module, exports) => {
  
  __turbopack_context__.r(54826);
  var React = __turbopack_context__.r(72131);
  function _interopDefaultLegacy(e) {
  return e && typeof e === 'object' && 'default' in e ? e : {
  'default': e
  };
  }
  var React__default = /*#__PURE__*/ _interopDefaultLegacy(React);
  /*
  Based on Glamor's sheet
  https://github.com/threepointone/glamor/blob/667b480d31b3721a905021b26e1290ce92ca2879/src/sheet.js
  */ function _defineProperties(target, props) {
  for(var i = 0; i < props.length; i++){
  var descriptor = props[i];
  descriptor.enumerable = descriptor.enumerable || false;
  descriptor.configurable = true;
  if ("value" in descriptor) descriptor.writable = true;
  Object.defineProperty(target, descriptor.key, descriptor);
  }
  }
  function _createClass(Constructor, protoProps, staticProps) {
  if (protoProps) _defineProperties(Constructor.prototype, protoProps);
  if (staticProps) _defineProperties(Constructor, staticProps);
  return Constructor;
  }
  var isProd = typeof process !== "undefined" && process.env && ("TURBOPACK compile-time value", "production") === "production";
  var isString = function(o) {
  return Object.prototype.toString.call(o) === "[object String]";
  };
  var StyleSheet = /*#__PURE__*/ function() {
  function StyleSheet(param) {
  var ref = param === void 0 ? {} : param, _name = ref.name, name = _name === void 0 ? "stylesheet" : _name, _optimizeForSpeed = ref.optimizeForSpeed, optimizeForSpeed = _optimizeForSpeed === void 0 ? isProd : _optimizeForSpeed;
  invariant$1(isString(name), "`name` must be a string");
  this._name = name;
  this._deletedRulePlaceholder = "#" + name + "-deleted-rule____{}";
  invariant$1(typeof optimizeForSpeed === "boolean", "`optimizeForSpeed` must be a boolean");
  this._optimizeForSpeed = optimizeForSpeed;
  this._serverSheet = undefined;
  this._tags = [];
  this._injected = false;
  this._rulesCount = 0;
  var node = ("TURBOPACK compile-time value", "undefined") !== "undefined" && document.querySelector('meta[property="csp-nonce"]');
  this._nonce = ("TURBOPACK compile-time falsy", 0) ? "TURBOPACK unreachable" : null;
  }
  var _proto = StyleSheet.prototype;
  _proto.setOptimizeForSpeed = function setOptimizeForSpeed(bool) {
  invariant$1(typeof bool === "boolean", "`setOptimizeForSpeed` accepts a boolean");
  invariant$1(this._rulesCount === 0, "optimizeForSpeed cannot be when rules have already been inserted");
  this.flush();
  this._optimizeForSpeed = bool;
  this.inject();
  };
  _proto.isOptimizeForSpeed = function isOptimizeForSpeed() {
  return this._optimizeForSpeed;
  };
  _proto.inject = function inject() {
  var _this = this;
  invariant$1(!this._injected, "sheet already injected");
  this._injected = true;
  if (("TURBOPACK compile-time value", "undefined") !== "undefined" && this._optimizeForSpeed) //TURBOPACK unreachable
  ;
  this._serverSheet = {
  cssRules: [],
  insertRule: function(rule, index) {
  if (typeof index === "number") {
  _this._serverSheet.cssRules[index] = {
  cssText: rule
  };
  } else {
  _this._serverSheet.cssRules.push({
  cssText: rule
  });
  }
  return index;
  },
  deleteRule: function(index) {
  _this._serverSheet.cssRules[index] = null;
  }
  };
  };
  _proto.getSheetForTag = function getSheetForTag(tag) {
  if (tag.sheet) {
  return tag.sheet;
  }
  // this weirdness brought to you by firefox
  for(var i = 0; i < document.styleSheets.length; i++){
  if (document.styleSheets[i].ownerNode === tag) {
  return document.styleSheets[i];
  }
  }
  };
  _proto.getSheet = function getSheet() {
  return this.getSheetForTag(this._tags[this._tags.length - 1]);
  };
  _proto.insertRule = function insertRule(rule, index) {
  invariant$1(isString(rule), "`insertRule` accepts only strings");
  if ("TURBOPACK compile-time truthy", 1) {
  if (typeof index !== "number") {
  index = this._serverSheet.cssRules.length;
  }
  this._serverSheet.insertRule(rule, index);
  return this._rulesCount++;
  }
  //TURBOPACK unreachable
  ;
  var sheet;
  var insertionPoint;
  };
  _proto.replaceRule = function replaceRule(index, rule) {
  if (this._optimizeForSpeed || ("TURBOPACK compile-time value", "undefined") === "undefined") {
  var sheet = ("TURBOPACK compile-time falsy", 0) ? "TURBOPACK unreachable" : this._serverSheet;
  if (!rule.trim()) {
  rule = this._deletedRulePlaceholder;
  }
  if (!sheet.cssRules[index]) {
  // @TBD Should we throw an error?
  return index;
  }
  sheet.deleteRule(index);
  try {
  sheet.insertRule(rule, index);
  } catch (error) {
  if (!isProd) {
  console.warn("StyleSheet: illegal rule: \n\n" + rule + "\n\nSee https://stackoverflow.com/q/20007992 for more info");
  }
  // In order to preserve the indices we insert a deleteRulePlaceholder
  sheet.insertRule(this._deletedRulePlaceholder, index);
  }
  } else //TURBOPACK unreachable
  {
  var tag;
  }
  return index;
  };
  _proto.deleteRule = function deleteRule(index) {
  if ("TURBOPACK compile-time truthy", 1) {
  this._serverSheet.deleteRule(index);
  return;
  }
  //TURBOPACK unreachable
  ;
  var tag;
  };
  _proto.flush = function flush() {
  this._injected = false;
  this._rulesCount = 0;
  if ("TURBOPACK compile-time falsy", 0) //TURBOPACK unreachable
  ;
  else {
  // simpler on server
  this._serverSheet.cssRules = [];
  }
  };
  _proto.cssRules = function cssRules() {
  var _this = this;
  if ("TURBOPACK compile-time truthy", 1) {
  return this._serverSheet.cssRules;
  }
  //TURBOPACK unreachable
  ;
  };
  _proto.makeStyleTag = function makeStyleTag(name, cssString, relativeToTag) {
  if (cssString) {
  invariant$1(isString(cssString), "makeStyleTag accepts only strings as second parameter");
  }
  var tag = document.createElement("style");
  if (this._nonce) tag.setAttribute("nonce", this._nonce);
  tag.type = "text/css";
  tag.setAttribute("data-" + name, "");
  if (cssString) {
  tag.appendChild(document.createTextNode(cssString));
  }
  var head = document.head || document.getElementsByTagName("head")[0];
  if (relativeToTag) {
  head.insertBefore(tag, relativeToTag);
  } else {
  head.appendChild(tag);
  }
  return tag;
  };
  _createClass(StyleSheet, [
  {
  key: "length",
  get: function get() {
  return this._rulesCount;
  }
  }
  ]);
  return StyleSheet;
  }();
  function invariant$1(condition, message) {
  if (!condition) {
  throw new Error("StyleSheet: " + message + ".");
  }
  }
  function hash(str) {
  var _$hash = 5381, i = str.length;
  while(i){
  _$hash = _$hash * 33 ^ str.charCodeAt(--i);
  }
  /* JavaScript does bitwise operations (like XOR, above) on 32-bit signed
     * integers. Since we want the results to be always positive, convert the
     * signed int to an unsigned by doing an unsigned bitshift. */ return _$hash >>> 0;
  }
  var stringHash = hash;
  var sanitize = function(rule) {
  return rule.replace(/\/style/gi, "\\/style");
  };
  var cache = {};
  /**
   * computeId
   *
   * Compute and memoize a jsx id from a basedId and optionally props.
   */ function computeId(baseId, props) {
  if (!props) {
  return "jsx-" + baseId;
  }
  var propsToString = String(props);
  var key = baseId + propsToString;
  if (!cache[key]) {
  cache[key] = "jsx-" + stringHash(baseId + "-" + propsToString);
  }
  return cache[key];
  }
  /**
   * computeSelector
   *
   * Compute and memoize dynamic selectors.
   */ function computeSelector(id, css) {
  var selectoPlaceholderRegexp = /__jsx-style-dynamic-selector/g;
  // Sanitize SSR-ed CSS.
  // Client side code doesn't need to be sanitized since we use
  // document.createTextNode (dev) and the CSSOM api sheet.insertRule (prod).
  if ("TURBOPACK compile-time truthy", 1) {
  css = sanitize(css);
  }
  var idcss = id + css;
  if (!cache[idcss]) {
  cache[idcss] = css.replace(selectoPlaceholderRegexp, id);
  }
  return cache[idcss];
  }
  function mapRulesToStyle(cssRules, options) {
  if (options === void 0) options = {};
  return cssRules.map(function(args) {
  var id = args[0];
  var css = args[1];
  return /*#__PURE__*/ React__default["default"].createElement("style", {
  id: "__" + id,
  // Avoid warnings upon render with a key
  key: "__" + id,
  nonce: options.nonce ? options.nonce : undefined,
  dangerouslySetInnerHTML: {
  __html: css
  }
  });
  });
  }
  var StyleSheetRegistry = /*#__PURE__*/ function() {
  function StyleSheetRegistry(param) {
  var ref = param === void 0 ? {} : param, _styleSheet = ref.styleSheet, styleSheet = _styleSheet === void 0 ? null : _styleSheet, _optimizeForSpeed = ref.optimizeForSpeed, optimizeForSpeed = _optimizeForSpeed === void 0 ? false : _optimizeForSpeed;
  this._sheet = styleSheet || new StyleSheet({
  name: "styled-jsx",
  optimizeForSpeed: optimizeForSpeed
  });
  this._sheet.inject();
  if (styleSheet && typeof optimizeForSpeed === "boolean") {
  this._sheet.setOptimizeForSpeed(optimizeForSpeed);
  this._optimizeForSpeed = this._sheet.isOptimizeForSpeed();
  }
  this._fromServer = undefined;
  this._indices = {};
  this._instancesCounts = {};
  }
  var _proto = StyleSheetRegistry.prototype;
  _proto.add = function add(props) {
  var _this = this;
  if (undefined === this._optimizeForSpeed) {
  this._optimizeForSpeed = Array.isArray(props.children);
  this._sheet.setOptimizeForSpeed(this._optimizeForSpeed);
  this._optimizeForSpeed = this._sheet.isOptimizeForSpeed();
  }
  if (("TURBOPACK compile-time value", "undefined") !== "undefined" && !this._fromServer) //TURBOPACK unreachable
  ;
  var ref = this.getIdAndRules(props), styleId = ref.styleId, rules = ref.rules;
  // Deduping: just increase the instances count.
  if (styleId in this._instancesCounts) {
  this._instancesCounts[styleId] += 1;
  return;
  }
  var indices = rules.map(function(rule) {
  return _this._sheet.insertRule(rule);
  }) // Filter out invalid rules
  .filter(function(index) {
  return index !== -1;
  });
  this._indices[styleId] = indices;
  this._instancesCounts[styleId] = 1;
  };
  _proto.remove = function remove(props) {
  var _this = this;
  var styleId = this.getIdAndRules(props).styleId;
  invariant(styleId in this._instancesCounts, "styleId: `" + styleId + "` not found");
  this._instancesCounts[styleId] -= 1;
  if (this._instancesCounts[styleId] < 1) {
  var tagFromServer = this._fromServer && this._fromServer[styleId];
  if (tagFromServer) {
  tagFromServer.parentNode.removeChild(tagFromServer);
  delete this._fromServer[styleId];
  } else {
  this._indices[styleId].forEach(function(index) {
  return _this._sheet.deleteRule(index);
  });
  delete this._indices[styleId];
  }
  delete this._instancesCounts[styleId];
  }
  };
  _proto.update = function update(props, nextProps) {
  this.add(nextProps);
  this.remove(props);
  };
  _proto.flush = function flush() {
  this._sheet.flush();
  this._sheet.inject();
  this._fromServer = undefined;
  this._indices = {};
  this._instancesCounts = {};
  };
  _proto.cssRules = function cssRules() {
  var _this = this;
  var fromServer = this._fromServer ? Object.keys(this._fromServer).map(function(styleId) {
  return [
  styleId,
  _this._fromServer[styleId]
  ];
  }) : [];
  var cssRules = this._sheet.cssRules();
  return fromServer.concat(Object.keys(this._indices).map(function(styleId) {
  return [
  styleId,
  _this._indices[styleId].map(function(index) {
  return cssRules[index].cssText;
  }).join(_this._optimizeForSpeed ? "" : "\n")
  ];
  }) // filter out empty rules
  .filter(function(rule) {
  return Boolean(rule[1]);
  }));
  };
  _proto.styles = function styles(options) {
  return mapRulesToStyle(this.cssRules(), options);
  };
  _proto.getIdAndRules = function getIdAndRules(props) {
  var css = props.children, dynamic = props.dynamic, id = props.id;
  if (dynamic) {
  var styleId = computeId(id, dynamic);
  return {
  styleId: styleId,
  rules: Array.isArray(css) ? css.map(function(rule) {
  return computeSelector(styleId, rule);
  }) : [
  computeSelector(styleId, css)
  ]
  };
  }
  return {
  styleId: computeId(id),
  rules: Array.isArray(css) ? css : [
  css
  ]
  };
  };
  /**
     * selectFromServer
     *
     * Collects style tags from the document with id __jsx-XXX
     */ _proto.selectFromServer = function selectFromServer() {
  var elements = Array.prototype.slice.call(document.querySelectorAll('[id^="__jsx-"]'));
  return elements.reduce(function(acc, element) {
  var id = element.id.slice(2);
  acc[id] = element;
  return acc;
  }, {});
  };
  return StyleSheetRegistry;
  }();
  function invariant(condition, message) {
  if (!condition) {
  throw new Error("StyleSheetRegistry: " + message + ".");
  }
  }
  var StyleSheetContext = /*#__PURE__*/ React.createContext(null);
  StyleSheetContext.displayName = "StyleSheetContext";
  function createStyleRegistry() {
  return new StyleSheetRegistry();
  }
  function StyleRegistry(param) {
  var configuredRegistry = param.registry, children = param.children;
  var rootRegistry = React.useContext(StyleSheetContext);
  var ref = React.useState(function() {
  return rootRegistry || configuredRegistry || createStyleRegistry();
  }), registry = ref[0];
  return /*#__PURE__*/ React__default["default"].createElement(StyleSheetContext.Provider, {
  value: registry
  }, children);
  }
  function useStyleRegistry() {
  return React.useContext(StyleSheetContext);
  }
  // Opt-into the new `useInsertionEffect` API in React 18, fallback to `useLayoutEffect`.
  // https://github.com/reactwg/react-18/discussions/110
  var useInsertionEffect = React__default["default"].useInsertionEffect || React__default["default"].useLayoutEffect;
  var defaultRegistry = ("TURBOPACK compile-time falsy", 0) ? "TURBOPACK unreachable" : undefined;
  function JSXStyle(props) {
  var registry = ("TURBOPACK compile-time falsy", 0) ? "TURBOPACK unreachable" : useStyleRegistry();
  // If `registry` does not exist, we do nothing here.
  if (!registry) {
  return null;
  }
  if ("TURBOPACK compile-time truthy", 1) {
  registry.add(props);
  return null;
  }
  //TURBOPACK unreachable
  ;
  }
  JSXStyle.dynamic = function(info) {
  return info.map(function(tagInfo) {
  var baseId = tagInfo[0];
  var props = tagInfo[1];
  return computeId(baseId, props);
  }).join(" ");
  };
  exports.StyleRegistry = StyleRegistry;
  exports.createStyleRegistry = createStyleRegistry;
  exports.style = JSXStyle;
  exports.useStyleRegistry = useStyleRegistry;
  }),
  31626, ((__turbopack_context__, module, exports) => {
  
  module.exports = __turbopack_context__.r(15299).style;
  }),
  40777, ((__turbopack_context__) => {
  "use strict";
  
  var __TURBOPACK__imported__module__87924__ = __turbopack_context__.i(87924);
  var __TURBOPACK__imported__module__87924__1 = __TURBOPACK__imported__module__87924__;
  var __TURBOPACK__imported__module__72131__ = __turbopack_context__.i(72131);
  var __TURBOPACK__imported__module__71987__ = __turbopack_context__.i(71987);
  var __TURBOPACK__imported__module__71476__ = __turbopack_context__.i(71476);
  var __TURBOPACK__imported__module__46156__ = __turbopack_context__.i(46156);
  ;
  const __TURBOPACK__default__export__ = {
  src: __TURBOPACK__imported__module__46156__["default"],
  width: 888,
  height: 674,
  blurWidth: 8,
  blurHeight: 6,
  blurDataURL: "data:image/png;base64,iVBORw0KGgoAAAANSUhEUgAAAAgAAAAGCAYAAAD+Bd/7AAAAtklEQVR42l2MPQ/BUBiFr/e+9163Qn009VFNh/pYKogYVSIxd7UZRNfG3zH7JZZudovRYDGUiIG6g4UneZZzTg4hX3KCh/NB92gZpRH5h1EQfsfarqe9p+fUlz9lhhBqG4VFMGzFE7d6a5T1DQBUKAAiACeUwkzLZk9SiDvn/K0X9ETP53eebQZ+uxkRRNwjsoQx/mJcpFJqqSblte/UDq5ZXBF1FylDSvGihqnyAUBjhuys8vEH6SofJ+0/LzgAAAAASUVORK5CYII="
  };
  var __TURBOPACK__imported__module__38723__ = __turbopack_context__.i(38723);
  ;
  const __TURBOPACK__default__export__1 = {
  src: __TURBOPACK__imported__module__38723__["default"],
  width: 230,
  height: 276,
  blurWidth: 7,
  blurHeight: 8,
  blurDataURL: "data:image/png;base64,iVBORw0KGgoAAAANSUhEUgAAAAcAAAAICAYAAAA1BOUGAAAA80lEQVR42gHoABf/AAgICAMhIiIOLy4uFiUjIxWum5lvPTw8IAAAAAAAbXFwQrG0tHaonp1mRUREKIN1dFkWFRULAQEBAABLTk4xkpiXeZOSkl0XFxcKIyMjEl5eXjg7OzseAAwNDQQbHBwODg4OBhcXFwt7gH9fqqytk42OjlMAc21sQFtdXDUICAgDMzY2H6KpqX+Kj45xISEhEQCLiIdR0be1hjU1NBsDAwMBJigoGSQmJhgCAgIAAFNUUyzn2tiOpqCfXxEREAcBAQEAAgICAAAAAAAAFhYWCaOlpVhlZWU1CQgIAwICAgACAgIAAQEBADgYODoS0G5VAAAAAElFTkSuQmCC"
  };
  var __TURBOPACK__imported__module__87924__2 = __TURBOPACK__imported__module__87924__;
  var __TURBOPACK__imported__module__72131__1 = __TURBOPACK__imported__module__72131__;
  var __TURBOPACK__imported__module__71987__1 = __TURBOPACK__imported__module__71987__;
  var __TURBOPACK__imported__module__72131__2 = __TURBOPACK__imported__module__72131__;
  /**
   * @license lucide-react v1.6.0 - ISC
   *
   * This source code is licensed under the ISC license.
   * See the LICENSE file in the root directory of this source tree.
   */ const mergeClasses = (...classes)=>classes.filter((className, index, array)=>{
  return Boolean(className) && className.trim() !== "" && array.indexOf(className) === index;
  }).join(" ").trim();
  ;
  /**
   * @license lucide-react v1.6.0 - ISC
   *
   * This source code is licensed under the ISC license.
   * See the LICENSE file in the root directory of this source tree.
   */ const toKebabCase = (string)=>string.replace(/([a-z0-9])([A-Z])/g, "$1-$2").toLowerCase();
  ;
  /**
   * @license lucide-react v1.6.0 - ISC
   *
   * This source code is licensed under the ISC license.
   * See the LICENSE file in the root directory of this source tree.
   */ const toCamelCase = (string)=>string.replace(/^([A-Z])|[\s-_]+(\w)/g, (match, p1, p2)=>p2 ? p2.toUpperCase() : p1.toLowerCase());
  ;
  ;
  const toPascalCase = (string)=>{
  const camelCase = toCamelCase(string);
  return camelCase.charAt(0).toUpperCase() + camelCase.slice(1);
  };
  ;
  var __TURBOPACK__imported__module__72131__3 = __TURBOPACK__imported__module__72131__;
  /**
   * @license lucide-react v1.6.0 - ISC
   *
   * This source code is licensed under the ISC license.
   * See the LICENSE file in the root directory of this source tree.
   */ var defaultAttributes = {
  xmlns: "http://www.w3.org/2000/svg",
  width: 24,
  height: 24,
  viewBox: "0 0 24 24",
  fill: "none",
  stroke: "currentColor",
  strokeWidth: 2,
  strokeLinecap: "round",
  strokeLinejoin: "round"
  };
  ;
  /**
   * @license lucide-react v1.6.0 - ISC
   *
   * This source code is licensed under the ISC license.
   * See the LICENSE file in the root directory of this source tree.
   */ const hasA11yProp = (props)=>{
  for(const prop in props){
  if (prop.startsWith("aria-") || prop === "role" || prop === "title") {
  return true;
  }
  }
  return false;
  };
  ;
  var __TURBOPACK__imported__module__72131__4 = __TURBOPACK__imported__module__72131__;
  "use strict";
  "use client";
  ;
  const LucideContext = (0, __TURBOPACK__imported__module__72131__4["createContext"])({});
  function LucideProvider({ children, size, color, strokeWidth, absoluteStrokeWidth, className }) {
  const value = (0, __TURBOPACK__imported__module__72131__4["useMemo"])(()=>({
  size,
  color,
  strokeWidth,
  absoluteStrokeWidth,
  className
  }), [
  size,
  color,
  strokeWidth,
  absoluteStrokeWidth,
  className
  ]);
  return (0, __TURBOPACK__imported__module__72131__4["createElement"])(LucideContext.Provider, {
  value
  }, children);
  }
  const useLucideContext = ()=>(0, __TURBOPACK__imported__module__72131__4["useContext"])(LucideContext);
  ;
  "use strict";
  "use client";
  ;
  ;
  ;
  ;
  ;
  const Icon = (0, __TURBOPACK__imported__module__72131__3["forwardRef"])(({ color, size, strokeWidth, absoluteStrokeWidth, className = "", children, iconNode, ...rest }, ref)=>{
  const { size: contextSize = 24, strokeWidth: contextStrokeWidth = 2, absoluteStrokeWidth: contextAbsoluteStrokeWidth = false, color: contextColor = "currentColor", className: contextClass = "" } = useLucideContext() ?? {};
  const calculatedStrokeWidth = absoluteStrokeWidth ?? contextAbsoluteStrokeWidth ? Number(strokeWidth ?? contextStrokeWidth) * 24 / Number(size ?? contextSize) : strokeWidth ?? contextStrokeWidth;
  return (0, __TURBOPACK__imported__module__72131__3["createElement"])("svg", {
  ref,
  ...defaultAttributes,
  width: size ?? contextSize ?? defaultAttributes.width,
  height: size ?? contextSize ?? defaultAttributes.height,
  stroke: color ?? contextColor,
  strokeWidth: calculatedStrokeWidth,
  className: mergeClasses("lucide", contextClass, className),
  ...!children && !hasA11yProp(rest) && {
  "aria-hidden": "true"
  },
  ...rest
  }, [
  ...iconNode.map(([tag, attrs])=>(0, __TURBOPACK__imported__module__72131__3["createElement"])(tag, attrs)),
  ...Array.isArray(children) ? children : [
  children
  ]
  ]);
  });
  ;
  ;
  ;
  ;
  ;
  ;
  const createLucideIcon = (iconName, iconNode)=>{
  const Component = (0, __TURBOPACK__imported__module__72131__2["forwardRef"])(({ className, ...props }, ref)=>(0, __TURBOPACK__imported__module__72131__2["createElement"])(Icon, {
  ref,
  iconNode,
  className: mergeClasses(`lucide-${toKebabCase(toPascalCase(iconName))}`, `lucide-${iconName}`, className),
  ...props
  }));
  Component.displayName = toPascalCase(iconName);
  return Component;
  };
  ;
  ;
  const __iconNode = [
  [
  "path",
  {
  d: "M4 5h16",
  key: "1tepv9"
  }
  ],
  [
  "path",
  {
  d: "M4 12h16",
  key: "1lakjw"
  }
  ],
  [
  "path",
  {
  d: "M4 19h16",
  key: "1djgab"
  }
  ]
  ];
  const Menu = createLucideIcon("menu", __iconNode);
  ;
  ;
  const __iconNode1 = [
  [
  "path",
  {
  d: "M18 6 6 18",
  key: "1bl5f8"
  }
  ],
  [
  "path",
  {
  d: "m6 6 12 12",
  key: "d8bk6v"
  }
  ]
  ];
  const X = createLucideIcon("x", __iconNode1);
  ;
  var __TURBOPACK__imported__module__38246__ = __turbopack_context__.i(38246);
  var __TURBOPACK__imported__module__7699__ = __turbopack_context__.i(7699);
  ;
  const __TURBOPACK__default__export__2 = {
  src: __TURBOPACK__imported__module__7699__["default"],
  width: 57,
  height: 63,
  blurWidth: 7,
  blurHeight: 8,
  blurDataURL: "data:image/png;base64,iVBORw0KGgoAAAANSUhEUgAAAAcAAAAICAYAAAA1BOUGAAAA20lEQVR42k2OPQuCUBiFb0P4F8rJpSIzcHB1rc1FaI5qUURwMRojEjRupUP4QaEgSk6COtUiuOmP6hoEPdv7vJzDAQDRQbAsy8RxfGMYZgr+oShqHATBNYqis+d5J5Ikh78HCSHcy7K8CMPwKAjCwjCMA/IjYJqmxvP8LEkSWBSF6zjOmeO4uWVZB+C6LqRpmsqy7Nk0zTvP8xjdE9u2T0BRlLWmaVvf9y8ofUdAXdd3oiguAYZhXdQ/UFV1k6bpQ5KkFRo0aP13FEEQ/bquX2VZplVVvXAc77X+A1w3Vd/BBcOIAAAAAElFTkSuQmCC"
  };
  var __TURBOPACK__imported__module__37207__ = __turbopack_context__.i(37207);
  ;
  const __TURBOPACK__default__export__3 = {
  src: __TURBOPACK__imported__module__37207__["default"],
  width: 387,
  height: 387,
  blurWidth: 8,
  blurHeight: 8,
  blurDataURL: "data:image/png;base64,iVBORw0KGgoAAAANSUhEUgAAAAgAAAAICAYAAADED76LAAAA+UlEQVR42g3MTUvCcADA4f89Usm2Uuds+ULpRJSMMEeokWEWZpHLxlotK0QSYck6RHUoKKjPUJ/0l8fn8gjrtMPA6jG+sXlzz/jrV9HlINZxm3d/gnDME4bOBd79FdNei0cjS3NNxZ/558VHjK/7TAY23t0lT+YBH40c9bTCrdnl+3mK+BzZvA5tzvcMyqsKVkmjrMpkIjKHtSri12ni7hvUsxqVZIz1pQXyisymFkXX4gjPyFFRJdJSkFJcRg3Nk48uspOJoydiiEYxRzG1QklTeGhtM6oVKUTCZGZTcllCWN02dqfFrp7i62gLdyNFQQoQDcyRCIf4B4d5cV6wffWuAAAAAElFTkSuQmCC"
  };
  var __TURBOPACK__imported__module__57029__ = __turbopack_context__.i(57029);
  var __TURBOPACK__imported__module__26304__ = __turbopack_context__.i(26304);
  var __TURBOPACK__imported__module__81783__ = __turbopack_context__.i(81783);
  "use client";
  ;
  ;
  ;
  ;
  ;
  ;
  ;
  ;
  ;
  ;
  __TURBOPACK__imported__module__26304__["default"].registerPlugin(__TURBOPACK__imported__module__81783__["ScrollTrigger"]);
  const Nav = ()=>{
  const [mobileOpen, setMobileOpen] = (0, __TURBOPACK__imported__module__72131__1["useState"])(false);
  const [modalOpen, setModalOpen] = (0, __TURBOPACK__imported__module__72131__1["useState"])(false);
  const navRef = (0, __TURBOPACK__imported__module__72131__1["useRef"])(null);
  const topNavRef = (0, __TURBOPACK__imported__module__72131__1["useRef"])(null);
  const bottomNavRef = (0, __TURBOPACK__imported__module__72131__1["useRef"])(null);
  // SCROLL LOCK — prevents background page scroll when modal or mobile menu is open
  (0, __TURBOPACK__imported__module__72131__1["useEffect"])(()=>{
  if (modalOpen || mobileOpen) {
  document.body.style.overflow = "hidden";
  } else {
  document.body.style.overflow = "";
  }
  return ()=>{
  document.body.style.overflow = "";
  };
  }, [
  modalOpen,
  mobileOpen
  ]);
  (0, __TURBOPACK__imported__module__72131__1["useEffect"])(()=>{
  const nav = navRef.current;
  const topNav = topNavRef.current;
  const bottomNav = bottomNavRef.current;
  if (!nav || !topNav || !bottomNav) return;
  __TURBOPACK__imported__module__26304__["default"].set(bottomNav, {
  opacity: 0,
  y: 50,
  pointerEvents: "none"
  });
  __TURBOPACK__imported__module__81783__["ScrollTrigger"].create({
  trigger: nav,
  start: "bottom top",
  onEnter: ()=>{
  __TURBOPACK__imported__module__26304__["default"].to(topNav, {
  opacity: 0,
  y: -20,
  duration: 0.3,
  pointerEvents: "none"
  });
  __TURBOPACK__imported__module__26304__["default"].to(bottomNav, {
  opacity: 1,
  y: 0,
  duration: 0.4,
  pointerEvents: "auto"
  });
  },
  onLeaveBack: ()=>{
  __TURBOPACK__imported__module__26304__["default"].to(topNav, {
  opacity: 1,
  y: 0,
  duration: 0.3,
  pointerEvents: "auto"
  });
  __TURBOPACK__imported__module__26304__["default"].to(bottomNav, {
  opacity: 0,
  y: 50,
  duration: 0.3,
  pointerEvents: "none"
  });
  }
  });
  }, []);
  return /*#__PURE__*/ (0, __TURBOPACK__imported__module__87924__2["jsxs"])("header", {
  className: "w-full",
  children: [
  /*#__PURE__*/ (0, __TURBOPACK__imported__module__87924__2["jsxs"])("div", {
  ref: navRef,
  className: "relative w-full max-w-[1440px] mx-auto px-[20px] md:px-[80px] z-50",
  children: [
  /*#__PURE__*/ (0, __TURBOPACK__imported__module__87924__2["jsxs"])("div", {
  ref: topNavRef,
  className: "flex justify-between items-center py-[10px] transition-all duration-300",
  children: [
  /*#__PURE__*/ (0, __TURBOPACK__imported__module__87924__2["jsx"])("div", {
  children: /*#__PURE__*/ (0, __TURBOPACK__imported__module__87924__2["jsx"])(__TURBOPACK__imported__module__71987__1["default"], {
  src: __TURBOPACK__default__export__2,
  alt: "Logo",
  className: "w-[57px] h-auto"
  })
  }),
  /*#__PURE__*/ (0, __TURBOPACK__imported__module__87924__2["jsxs"])("div", {
  className: "flex items-center gap-[15px]",
  children: [
  /*#__PURE__*/ (0, __TURBOPACK__imported__module__87924__2["jsxs"])("div", {
  className: "hidden md:flex items-center gap-6",
  children: [
  /*#__PURE__*/ (0, __TURBOPACK__imported__module__87924__2["jsxs"])("span", {
  className: "uppercase text-sm flex items-center gap-2",
  children: [
  "BASED IN",
  /*#__PURE__*/ (0, __TURBOPACK__imported__module__87924__2["jsx"])("span", {
  className: "w-[120px] md:w-[160px] overflow-hidden",
  children: /*#__PURE__*/ (0, __TURBOPACK__imported__module__87924__2["jsx"])(__TURBOPACK__imported__module__57029__["default"], {
  speed: 40,
  gradient: false,
  pauseOnHover: true,
  children: /*#__PURE__*/ (0, __TURBOPACK__imported__module__87924__2["jsx"])("span", {
  className: "text-red-600 font-semibold",
  children: "KATHMANDU   Nepal"
  })
  })
  })
  ]
  }),
  /*#__PURE__*/ (0, __TURBOPACK__imported__module__87924__2["jsxs"])("div", {
  className: "flex items-center gap-[15px]",
  children: [
  /*#__PURE__*/ (0, __TURBOPACK__imported__module__87924__2["jsx"])(__TURBOPACK__imported__module__38246__["default"], {
  href: "https://weeztix.shop/6e4keua6",
  className: "px-6 py-2 border rounded-[27px] hover:border-[#F13333] hover:text-[#F13333] transition-colors duration-300 ease-in-out",
  target: "_blank",
  children: "BUY TICKETS"
  }),
  /*#__PURE__*/ (0, __TURBOPACK__imported__module__87924__2["jsx"])("button", {
  onClick: ()=>setModalOpen(true),
  className: "px-6 py-2 border rounded-[27px] cursor-pointer hover:border-[#F13333] hover:text-[#F13333] transition-colors duration-300 ease-in-out",
  children: `LET'S TALK`
  })
  ]
  })
  ]
  }),
  /*#__PURE__*/ (0, __TURBOPACK__imported__module__87924__2["jsx"])("button", {
  onClick: ()=>setMobileOpen(true),
  className: "border p-3 rounded-full cursor-pointer transition-transform duration-300 ease-in-out hover:scale-105",
  children: /*#__PURE__*/ (0, __TURBOPACK__imported__module__87924__2["jsx"])(Menu, {
  className: "w-6 h-6"
  })
  })
  ]
  })
  ]
  }),
  /*#__PURE__*/ (0, __TURBOPACK__imported__module__87924__2["jsxs"])("div", {
  ref: bottomNavRef,
  className: "fixed bottom-6 left-1/2 -translate-x-1/2  flex items-center justify-center gap-8  bg-white/30 backdrop-blur-md shadow-xl  rounded-full px-6 py-3  z-50 w-fit",
  children: [
  /*#__PURE__*/ (0, __TURBOPACK__imported__module__87924__2["jsxs"])("div", {
  className: "flex items-center gap-6",
  children: [
  /*#__PURE__*/ (0, __TURBOPACK__imported__module__87924__2["jsx"])(__TURBOPACK__imported__module__38246__["default"], {
  href: "#home",
  className: "text-sm",
  children: "Home"
  }),
  /*#__PURE__*/ (0, __TURBOPACK__imported__module__87924__2["jsx"])(__TURBOPACK__imported__module__38246__["default"], {
  href: "#about",
  className: "text-sm",
  children: "About"
  })
  ]
  }),
  /*#__PURE__*/ (0, __TURBOPACK__imported__module__87924__2["jsx"])("div", {
  className: "flex-shrink-0 w-[40px] h-[40px] mx-4",
  children: /*#__PURE__*/ (0, __TURBOPACK__imported__module__87924__2["jsx"])(__TURBOPACK__imported__module__71987__1["default"], {
  src: __TURBOPACK__default__export__2,
  alt: "Logo",
  className: "w-full h-full"
  })
  }),
  /*#__PURE__*/ (0, __TURBOPACK__imported__module__87924__2["jsxs"])("div", {
  className: "flex items-center gap-6",
  children: [
  /*#__PURE__*/ (0, __TURBOPACK__imported__module__87924__2["jsx"])(__TURBOPACK__imported__module__38246__["default"], {
  href: "#work",
  className: "text-sm",
  children: "Work"
  }),
  /*#__PURE__*/ (0, __TURBOPACK__imported__module__87924__2["jsx"])("button", {
  onClick: ()=>setModalOpen(true),
  className: "text-sm",
  children: "Contact"
  })
  ]
  })
  ]
  })
  ]
  }),
  mobileOpen && /*#__PURE__*/ (0, __TURBOPACK__imported__module__87924__2["jsxs"])("div", {
  className: "fixed inset-0 bg-black text-white z-50 flex flex-col justify-center items-center space-y-6",
  children: [
  /*#__PURE__*/ (0, __TURBOPACK__imported__module__87924__2["jsx"])("button", {
  onClick: ()=>setMobileOpen(false),
  className: "absolute top-4 right-5 sm:right-20 p-3 border rounded-full",
  children: /*#__PURE__*/ (0, __TURBOPACK__imported__module__87924__2["jsx"])(X, {
  className: "w-6 h-6"
  })
  }),
  /*#__PURE__*/ (0, __TURBOPACK__imported__module__87924__2["jsxs"])("ul", {
  className: "flex flex-col gap-[10px] items-center",
  children: [
  /*#__PURE__*/ (0, __TURBOPACK__imported__module__87924__2["jsx"])("li", {
  children: /*#__PURE__*/ (0, __TURBOPACK__imported__module__87924__2["jsx"])(__TURBOPACK__imported__module__38246__["default"], {
  href: "",
  className: "uppercase text-xl",
  children: "Home"
  })
  }),
  /*#__PURE__*/ (0, __TURBOPACK__imported__module__87924__2["jsx"])("li", {
  children: /*#__PURE__*/ (0, __TURBOPACK__imported__module__87924__2["jsx"])(__TURBOPACK__imported__module__38246__["default"], {
  href: "",
  className: "uppercase text-xl",
  children: "Services"
  })
  }),
  /*#__PURE__*/ (0, __TURBOPACK__imported__module__87924__2["jsx"])("li", {
  children: /*#__PURE__*/ (0, __TURBOPACK__imported__module__87924__2["jsx"])(__TURBOPACK__imported__module__38246__["default"], {
  href: "",
  className: "uppercase text-xl",
  children: "Work"
  })
  }),
  /*#__PURE__*/ (0, __TURBOPACK__imported__module__87924__2["jsx"])("li", {
  children: /*#__PURE__*/ (0, __TURBOPACK__imported__module__87924__2["jsx"])(__TURBOPACK__imported__module__38246__["default"], {
  href: "",
  className: "uppercase text-xl",
  children: "Gallery"
  })
  }),
  /*#__PURE__*/ (0, __TURBOPACK__imported__module__87924__2["jsx"])("li", {
  children: /*#__PURE__*/ (0, __TURBOPACK__imported__module__87924__2["jsx"])(__TURBOPACK__imported__module__38246__["default"], {
  href: "",
  className: "uppercase text-xl",
  children: "Contact"
  })
  })
  ]
  }),
  /*#__PURE__*/ (0, __TURBOPACK__imported__module__87924__2["jsxs"])("span", {
  className: "uppercase text-xl",
  children: [
  "BASED IN ",
  /*#__PURE__*/ (0, __TURBOPACK__imported__module__87924__2["jsx"])("span", {
  className: "text-red-600",
  children: "KATHMANDU"
  })
  ]
  }),
  /*#__PURE__*/ (0, __TURBOPACK__imported__module__87924__2["jsx"])(__TURBOPACK__imported__module__38246__["default"], {
  href: "#showreel",
  onClick: ()=>setMobileOpen(false),
  className: "px-8 py-3 border rounded-full",
  children: "BUY TICKETS"
  }),
  /*#__PURE__*/ (0, __TURBOPACK__imported__module__87924__2["jsx"])("button", {
  onClick: ()=>{
  setModalOpen(true);
  setMobileOpen(false);
  },
  className: "px-8 py-3 border rounded-full",
  children: `LET'S TALK`
  })
  ]
  }),
  modalOpen && /*#__PURE__*/ (0, __TURBOPACK__imported__module__87924__2["jsx"])("div", {
  className: "fixed inset-0 z-50 bg-black/60 backdrop-blur-md flex items-center justify-center p-4",
  children: /*#__PURE__*/ (0, __TURBOPACK__imported__module__87924__2["jsxs"])("div", {
  className: " relative w-full max-w-5xl h-[90vh] bg-[#0E0E0E] rounded-2xl border border-white/10 flex flex-col md:flex-row overflow-hidden transition-all duration-300 ease-in-out hover:border-[#F13333]/60 hover:scale-[1.02] ",
  children: [
  /*#__PURE__*/ (0, __TURBOPACK__imported__module__87924__2["jsx"])("button", {
  onClick: ()=>setModalOpen(false),
  className: " absolute top-4 right-4 z-10 p-2 rounded-full border border-white/20 text-white/70 hover:bg-[#F13333] hover:text-white hover:border-[#F13333] cursor-pointer transition-all duration-300 ease-in-out ",
  children: /*#__PURE__*/ (0, __TURBOPACK__imported__module__87924__2["jsx"])(X, {
  className: "w-5 h-5"
  })
  }),
  /*#__PURE__*/ (0, __TURBOPACK__imported__module__87924__2["jsxs"])("div", {
  className: "relative w-full md:w-[45%] h-[200px] md:h-full shrink-0",
  children: [
  /*#__PURE__*/ (0, __TURBOPACK__imported__module__87924__2["jsx"])(__TURBOPACK__imported__module__71987__1["default"], {
  src: __TURBOPACK__default__export__3,
  alt: "experience",
  fill: true,
  className: "object-cover object-center"
  }),
  /*#__PURE__*/ (0, __TURBOPACK__imported__module__87924__2["jsx"])("div", {
  className: "absolute inset-0 bg-gradient-to-t from-black/70 to-transparent"
  })
  ]
  }),
  /*#__PURE__*/ (0, __TURBOPACK__imported__module__87924__2["jsxs"])("div", {
  className: "flex-1 min-h-0 min-w-0 overflow-y-auto p-4 md:p-6",
  children: [
  /*#__PURE__*/ (0, __TURBOPACK__imported__module__87924__2["jsxs"])("div", {
  className: "mb-6 text-white",
  children: [
  /*#__PURE__*/ (0, __TURBOPACK__imported__module__87924__2["jsxs"])("h2", {
  className: "big-shoulders text-3xl md:text-4xl font-bold leading-tight",
  children: [
  "Book an ",
  /*#__PURE__*/ (0, __TURBOPACK__imported__module__87924__2["jsx"])("span", {
  className: "text-[#F13333]",
  children: "Experience"
  }),
  " ",
  /*#__PURE__*/ (0, __TURBOPACK__imported__module__87924__2["jsx"])("br", {}),
  "Your Guests Will Never Forget"
  ]
  }),
  /*#__PURE__*/ (0, __TURBOPACK__imported__module__87924__2["jsx"])("p", {
  className: "text-sm text-white/70 mt-2 max-w-md",
  children: "Looking for a magician for your corporate event? Saman is a professional magician."
  })
  ]
  }),
  /*#__PURE__*/ (0, __TURBOPACK__imported__module__87924__2["jsxs"])("form", {
  className: "flex flex-col gap-4",
  children: [
  /*#__PURE__*/ (0, __TURBOPACK__imported__module__87924__2["jsxs"])("div", {
  className: "flex flex-col md:flex-row gap-4 md:gap-6",
  children: [
  /*#__PURE__*/ (0, __TURBOPACK__imported__module__87924__2["jsx"])("input", {
  type: "text",
  placeholder: "Full Name",
  className: "flex-1 bg-white/5 border border-white/10 px-4 py-2 rounded-md text-sm focus:outline-none hover:border-[#F13333] focus:border-[#F13333] transition-colors duration-300 ease-in-out",
  required: true
  }),
  /*#__PURE__*/ (0, __TURBOPACK__imported__module__87924__2["jsx"])("input", {
  type: "email",
  placeholder: "Email",
  className: "flex-1 bg-white/5 border border-white/10 px-4 py-2 rounded-md text-sm focus:outline-none focus:border-[#F13333] hover:border-[#F13333] transition-colors duration-300 ease-in-out",
  required: true
  })
  ]
  }),
  /*#__PURE__*/ (0, __TURBOPACK__imported__module__87924__2["jsxs"])("div", {
  className: "flex flex-col md:flex-row gap-4 md:gap-6",
  children: [
  /*#__PURE__*/ (0, __TURBOPACK__imported__module__87924__2["jsx"])("input", {
  type: "number",
  placeholder: "Phone Number",
  className: "flex-1 bg-white/5 border border-white/10 px-4 py-2 rounded-md text-sm focus:outline-none focus:border-[#F13333] hover:border-[#F13333] transition-colors duration-300 ease-in-out",
  required: true
  }),
  /*#__PURE__*/ (0, __TURBOPACK__imported__module__87924__2["jsx"])("input", {
  type: "text",
  placeholder: "Event Location",
  className: "flex-1 bg-white/5 border border-white/10 px-4 py-2 rounded-md text-sm focus:outline-none focus:border-[#F13333] hover:border-[#F13333] transition-colors duration-300 ease-in-out",
  required: true
  })
  ]
  }),
  /*#__PURE__*/ (0, __TURBOPACK__imported__module__87924__2["jsxs"])("div", {
  className: "flex flex-col md:flex-row gap-4 md:gap-6",
  children: [
  /*#__PURE__*/ (0, __TURBOPACK__imported__module__87924__2["jsx"])("input", {
  type: "text",
  placeholder: "Event Day",
  className: "flex-1 bg-white/5 border border-white/10 px-4 py-2 rounded-md text-sm focus:outline-none focus:border-[#F13333] hover:border-[#F13333] transition-colors duration-300 ease-in-out",
  required: true
  }),
  /*#__PURE__*/ (0, __TURBOPACK__imported__module__87924__2["jsx"])("input", {
  type: "number",
  placeholder: "Estimated Guests",
  className: "flex-1 bg-white/5 border border-white/10 px-4 py-2 rounded-md text-sm focus:outline-none focus:border-[#F13333] hover:border-[#F13333] transition-colors duration-300 ease-in-out",
  required: true
  })
  ]
  }),
  /*#__PURE__*/ (0, __TURBOPACK__imported__module__87924__2["jsx"])("input", {
  type: "text",
  placeholder: "How did you hear about Saman Maharjan?",
  className: "bg-white/5 border border-white/10 px-4 py-2 rounded-md text-sm focus:outline-none focus:border-[#F13333] hover:border-[#F13333] transition-colors duration-300 ease-in-out",
  required: true
  }),
  /*#__PURE__*/ (0, __TURBOPACK__imported__module__87924__2["jsx"])("textarea", {
  placeholder: "Info About Your Event",
  className: "bg-white/5 border border-white/10 px-4 py-2 rounded-md text-sm focus:outline-none focus:border-[#F13333] hover:border-[#F13333] transition-colors duration-300 ease-in-out",
  rows: 4,
  required: true
  }),
  /*#__PURE__*/ (0, __TURBOPACK__imported__module__87924__2["jsx"])("button", {
  type: "submit",
  className: "mt-2 bg-[#F13333] text-white py-3 rounded-md font-semibold hover:bg-[#d92b2b] transition-all duration-300 ease-in-out cursor-pointer",
  children: "Send Inquiry"
  })
  ]
  })
  ]
  })
  ]
  })
  })
  ]
  });
  };
  const __TURBOPACK__default__export__4 = Nav;
  "use client";
  ;
  ;
  ;
  ;
  ;
  ;
  ;
  ;
  const items = [
  "Virtual Shows",
  "Corporate Events",
  "Private Events",
  "Special Events"
  ];
  function MagicianPortfolio() {
  const [activeIndex, setActiveIndex] = (0, __TURBOPACK__imported__module__72131__["useState"])(0);
  // Auto-cycle list
  (0, __TURBOPACK__imported__module__72131__["useEffect"])(()=>{
  const interval = setInterval(()=>{
  setActiveIndex((prev)=>(prev + 1) % items.length);
  }, 1500);
  return ()=>clearInterval(interval);
  }, []);
  // Init AOS
  (0, __TURBOPACK__imported__module__72131__["useEffect"])(()=>{
  __TURBOPACK__imported__module__71476__["default"].init({
  duration: 800,
  easing: "ease-out-cubic",
  once: true
  });
  }, []);
  return /*#__PURE__*/ (0, __TURBOPACK__imported__module__87924__1["jsxs"])("div", {
  className: "relative w-full bg-black text-white overflow-hidden",
  children: [
  /*#__PURE__*/ (0, __TURBOPACK__imported__module__87924__1["jsx"])(__TURBOPACK__default__export__4, {}),
  /*#__PURE__*/ (0, __TURBOPACK__imported__module__87924__1["jsx"])("div", {
  className: "absolute inset-0 flex items-center justify-center pointer-events-none",
  children: /*#__PURE__*/ (0, __TURBOPACK__imported__module__87924__1["jsx"])("div", {
  className: "w-[400px] h-[400px] sm:w-[600px] sm:h-[600px] lg:w-[900px] lg:h-[900px] bg-[radial-gradient(circle,_#7a0f0f_0%,_transparent_70%)] opacity-70 blur-2xl"
  })
  }),
  /*#__PURE__*/ (0, __TURBOPACK__imported__module__87924__1["jsxs"])("div", {
  className: "hidden lg:flex relative max-w-[1440px] mx-auto px-[80px] h-screen items-center justify-center",
  children: [
  /*#__PURE__*/ (0, __TURBOPACK__imported__module__87924__1["jsxs"])("div", {
  className: "relative w-full",
  children: [
  /*#__PURE__*/ (0, __TURBOPACK__imported__module__87924__1["jsx"])("div", {
  className: "relative w-full max-w-[1440px] h-[750px]",
  "data-aos": "fade-up",
  children: /*#__PURE__*/ (0, __TURBOPACK__imported__module__87924__1["jsx"])(__TURBOPACK__imported__module__71987__["default"], {
  src: __TURBOPACK__default__export__,
  alt: "Magician",
  fill: true,
  className: "object-contain z-10",
  priority: true
  })
  }),
  /*#__PURE__*/ (0, __TURBOPACK__imported__module__87924__1["jsxs"])("div", {
  className: "absolute top-16 z-20",
  "data-aos": "fade-up",
  children: [
  /*#__PURE__*/ (0, __TURBOPACK__imported__module__87924__1["jsxs"])("p", {
  className: "text-base text-[#F5F5F5] mb-2 max-w-[400px]",
  children: [
  "I do believe that ",
  /*#__PURE__*/ (0, __TURBOPACK__imported__module__87924__1["jsx"])("br", {}),
  /*#__PURE__*/ (0, __TURBOPACK__imported__module__87924__1["jsxs"])("span", {
  className: "text-[#B9B9B9]",
  children: [
  "magic is a powerful communication ",
  /*#__PURE__*/ (0, __TURBOPACK__imported__module__87924__1["jsx"])("br", {}),
  "and expression medium."
  ]
  })
  ]
  }),
  /*#__PURE__*/ (0, __TURBOPACK__imported__module__87924__1["jsxs"])("div", {
  className: "mt-6 absolute top-[300px]",
  children: [
  /*#__PURE__*/ (0, __TURBOPACK__imported__module__87924__1["jsx"])("p", {
  className: "uppercase text-sm tracking-widest text-[#B9B9B9] mb-2",
  children: "Magician & Mentalist from Nepal"
  }),
  /*#__PURE__*/ (0, __TURBOPACK__imported__module__87924__1["jsxs"])("h1", {
  className: "uppercase big-shoulders text-[100px] font-extrabold leading-[1.1] text-[#F0EBE6]",
  children: [
  "SAMAN ",
  /*#__PURE__*/ (0, __TURBOPACK__imported__module__87924__1["jsx"])("br", {}),
  " MAHARJAN"
  ]
  })
  ]
  })
  ]
  }),
  /*#__PURE__*/ (0, __TURBOPACK__imported__module__87924__1["jsxs"])("div", {
  className: "absolute right-[40px] top-[200px] w-[190px] z-30 floating-card",
  style: {
  animation: "float 4s ease-in-out infinite"
  },
  children: [
  /*#__PURE__*/ (0, __TURBOPACK__imported__module__87924__1["jsx"])("style", {
  children: `
                              @keyframes float {
                              0%, 100% { transform: translateY(0px); }
                              50% { transform: translateY(-10px); }
                              }
                              `
  }),
  /*#__PURE__*/ (0, __TURBOPACK__imported__module__87924__1["jsx"])(__TURBOPACK__imported__module__71987__["default"], {
  src: __TURBOPACK__default__export__1,
  alt: "cards"
  })
  ]
  })
  ]
  }),
  /*#__PURE__*/ (0, __TURBOPACK__imported__module__87924__1["jsx"])("ul", {
  className: "absolute top-22 right-24 -translate-y-1/2 flex flex-col gap-2 text-right text-xl geist-medium z-40 geist",
  children: items.map((item, index)=>/*#__PURE__*/ (0, __TURBOPACK__imported__module__87924__1["jsx"])("li", {
  className: `transition-all duration-500 ${index === activeIndex ? "opacity-100 translate-x-0 text-[#F0EBE6]" : "opacity-70 translate-x-4 text-[#817F7F]"}`,
  children: item
  }, index))
  })
  ]
  }),
  /*#__PURE__*/ (0, __TURBOPACK__imported__module__87924__1["jsxs"])("div", {
  className: "lg:hidden relative px-6 pt-5 pb-10 flex flex-col items-center text-center",
  children: [
  /*#__PURE__*/ (0, __TURBOPACK__imported__module__87924__1["jsxs"])("p", {
  className: "text-sm text-[#F5F5F5] mt-6",
  "data-aos": "fade-up",
  children: [
  "I do believe that ",
  /*#__PURE__*/ (0, __TURBOPACK__imported__module__87924__1["jsx"])("br", {}),
  /*#__PURE__*/ (0, __TURBOPACK__imported__module__87924__1["jsxs"])("span", {
  className: "text-[#B9B9B9]",
  children: [
  "magic is a powerful communication ",
  /*#__PURE__*/ (0, __TURBOPACK__imported__module__87924__1["jsx"])("br", {}),
  "and expression medium."
  ]
  })
  ]
  }),
  /*#__PURE__*/ (0, __TURBOPACK__imported__module__87924__1["jsx"])("div", {
  className: "relative w-full max-w-[520px] h-[300px]",
  "data-aos": "fade-up",
  children: /*#__PURE__*/ (0, __TURBOPACK__imported__module__87924__1["jsx"])(__TURBOPACK__imported__module__71987__["default"], {
  src: __TURBOPACK__default__export__,
  alt: "Magician",
  fill: true,
  className: "object-contain",
  priority: true
  })
  }),
  /*#__PURE__*/ (0, __TURBOPACK__imported__module__87924__1["jsx"])("div", {
  className: "absolute right-4 top-[120px] w-[100px] floating-card",
  children: /*#__PURE__*/ (0, __TURBOPACK__imported__module__87924__1["jsx"])(__TURBOPACK__imported__module__71987__["default"], {
  src: __TURBOPACK__default__export__1,
  alt: "cards"
  })
  }),
  /*#__PURE__*/ (0, __TURBOPACK__imported__module__87924__1["jsx"])("p", {
  className: "uppercase text-xs tracking-widest text-[#B9B9B9] mt-6",
  children: "Magician & Mentalist from Nepal"
  }),
  /*#__PURE__*/ (0, __TURBOPACK__imported__module__87924__1["jsxs"])("h1", {
  className: "uppercase big-shoulders text-6xl font-extrabold leading-tight text-[#F0EBE6] mt-2",
  "data-aos": "fade-up",
  children: [
  "SAMAN ",
  /*#__PURE__*/ (0, __TURBOPACK__imported__module__87924__1["jsx"])("br", {}),
  " MAHARJAN"
  ]
  })
  ]
  })
  ]
  });
  }
  var __TURBOPACK__imported__module__87924__3 = __TURBOPACK__imported__module__87924__;
  var __TURBOPACK__imported__module__57029__1 = __TURBOPACK__imported__module__57029__;
  var __TURBOPACK__imported__module__71987__2 = __TURBOPACK__imported__module__71987__;
  "use client";
  ;
  ;
  ;
  const logos = [
  "/assets/img/sponsr/image_1.png",
  "/assets/img/sponsr/image_2.png",
  "/assets/img/sponsr/image_3.png",
  "/assets/img/sponsr/image_4.png",
  "/assets/img/sponsr/image_5.png",
  "/assets/img/sponsr/image_1.png",
  "/assets/img/sponsr/image_2.png",
  "/assets/img/sponsr/image_3.png"
  ];
  const LogoMarquee = ()=>{
  return /*#__PURE__*/ (0, __TURBOPACK__imported__module__87924__3["jsxs"])("div", {
  className: "relative w-full bg-black py-6 overflow-hidden",
  children: [
  /*#__PURE__*/ (0, __TURBOPACK__imported__module__87924__3["jsx"])("div", {
  className: "pointer-events-none absolute left-0 top-0 h-full w-50 z-10 bg-gradient-to-r from-black to-transparent"
  }),
  /*#__PURE__*/ (0, __TURBOPACK__imported__module__87924__3["jsx"])("div", {
  className: "pointer-events-none absolute right-0 top-0 h-full w-50 z-10 bg-gradient-to-l from-black to-transparent"
  }),
  /*#__PURE__*/ (0, __TURBOPACK__imported__module__87924__3["jsx"])(__TURBOPACK__imported__module__57029__1["default"], {
  speed: 40,
  pauseOnHover: false,
  gradient: false,
  children: logos.map((logo, index)=>/*#__PURE__*/ (0, __TURBOPACK__imported__module__87924__3["jsx"])("div", {
  className: "mx-4 sm:mx-6 md:mx-10 flex items-center",
  children: /*#__PURE__*/ (0, __TURBOPACK__imported__module__87924__3["jsx"])("div", {
  className: "relative h-8 sm:h-10 md:h-12 lg:h-14 w-[80px] sm:w-[100px] md:w-[120px] lg:w-[140px]",
  children: /*#__PURE__*/ (0, __TURBOPACK__imported__module__87924__3["jsx"])(__TURBOPACK__imported__module__71987__2["default"], {
  src: logo,
  alt: `logo-${index}`,
  fill: true,
  className: "object-contain opacity-70 hover:opacity-100 transition duration-300"
  })
  })
  }, index))
  })
  ]
  });
  };
  const __TURBOPACK__default__export__5 = LogoMarquee;
  var __TURBOPACK__imported__module__87924__4 = __TURBOPACK__imported__module__87924__;
  var __TURBOPACK__imported__module__31626__ = __turbopack_context__.i(31626);
  var __TURBOPACK__imported__module__72131__5 = __TURBOPACK__imported__module__72131__;
  /**
   * SSR Window 5.0.1
   * Better handling for window object in SSR environment
   * https://github.com/nolimits4web/ssr-window
   *
   * Copyright 2025, Vladimir Kharlampidi
   *
   * Licensed under MIT
   *
   * Released on: June 27, 2025
   */ /* eslint-disable no-param-reassign */ function isObject(obj) {
  return obj !== null && typeof obj === 'object' && 'constructor' in obj && obj.constructor === Object;
  }
  function extend(target = {}, src = {}) {
  const noExtend = [
  '__proto__',
  'constructor',
  'prototype'
  ];
  Object.keys(src).filter((key)=>noExtend.indexOf(key) < 0).forEach((key)=>{
  if (typeof target[key] === 'undefined') target[key] = src[key];
  else if (isObject(src[key]) && isObject(target[key]) && Object.keys(src[key]).length > 0) {
  extend(target[key], src[key]);
  }
  });
  }
  const ssrDocument = {
  body: {},
  addEventListener () {},
  removeEventListener () {},
  activeElement: {
  blur () {},
  nodeName: ''
  },
  querySelector () {
  return null;
  },
  querySelectorAll () {
  return [];
  },
  getElementById () {
  return null;
  },
  createEvent () {
  return {
  initEvent () {}
  };
  },
  createElement () {
  return {
  children: [],
  childNodes: [],
  style: {},
  setAttribute () {},
  getElementsByTagName () {
  return [];
  }
  };
  },
  createElementNS () {
  return {};
  },
  importNode () {
  return null;
  },
  location: {
  hash: '',
  host: '',
  hostname: '',
  href: '',
  origin: '',
  pathname: '',
  protocol: '',
  search: ''
  }
  };
  function getDocument() {
  const doc = typeof document !== 'undefined' ? document : {};
  extend(doc, ssrDocument);
  return doc;
  }
  const ssrWindow = {
  document: ssrDocument,
  navigator: {
  userAgent: ''
  },
  location: {
  hash: '',
  host: '',
  hostname: '',
  href: '',
  origin: '',
  pathname: '',
  protocol: '',
  search: ''
  },
  history: {
  replaceState () {},
  pushState () {},
  go () {},
  back () {}
  },
  CustomEvent: function CustomEvent() {
  return this;
  },
  addEventListener () {},
  removeEventListener () {},
  getComputedStyle () {
  return {
  getPropertyValue () {
  return '';
  }
  };
  },
  Image () {},
  Date () {},
  screen: {},
  setTimeout () {},
  clearTimeout () {},
  matchMedia () {
  return {};
  },
  requestAnimationFrame (callback) {
  if (typeof setTimeout === 'undefined') {
  callback();
  return null;
  }
  return setTimeout(callback, 0);
  },
  cancelAnimationFrame (id) {
  if (typeof setTimeout === 'undefined') {
  return;
  }
  clearTimeout(id);
  }
  };
  function getWindow() {
  const win = ("TURBOPACK compile-time falsy", 0) ? "TURBOPACK unreachable" : {};
  extend(win, ssrWindow);
  return win;
  }
  ;
  ;
  function classesToTokens(classes = '') {
  return classes.trim().split(' ').filter((c)=>!!c.trim());
  }
  function deleteProps(obj) {
  const object = obj;
  Object.keys(object).forEach((key)=>{
  try {
  object[key] = null;
  } catch (e) {
  // no getter for object
  }
  try {
  delete object[key];
  } catch (e) {
  // something got wrong
  }
  });
  }
  function nextTick(callback, delay = 0) {
  return setTimeout(callback, delay);
  }
  function now() {
  return Date.now();
  }
  function getComputedStyle1(el) {
  const window1 = getWindow();
  let style;
  if (window1.getComputedStyle) {
  style = window1.getComputedStyle(el, null);
  }
  if (!style && el.currentStyle) {
  style = el.currentStyle;
  }
  if (!style) {
  style = el.style;
  }
  return style;
  }
  function getTranslate(el, axis = 'x') {
  const window1 = getWindow();
  let matrix;
  let curTransform;
  let transformMatrix;
  const curStyle = getComputedStyle1(el);
  if (window1.WebKitCSSMatrix) {
  curTransform = curStyle.transform || curStyle.webkitTransform;
  if (curTransform.split(',').length > 6) {
  curTransform = curTransform.split(', ').map((a1)=>a1.replace(',', '.')).join(', ');
  }
  // Some old versions of Webkit choke when 'none' is passed; pass
  // empty string instead in this case
  transformMatrix = new window1.WebKitCSSMatrix(curTransform === 'none' ? '' : curTransform);
  } else {
  transformMatrix = curStyle.MozTransform || curStyle.OTransform || curStyle.MsTransform || curStyle.msTransform || curStyle.transform || curStyle.getPropertyValue('transform').replace('translate(', 'matrix(1, 0, 0, 1,');
  matrix = transformMatrix.toString().split(',');
  }
  if (axis === 'x') {
  // Latest Chrome and webkits Fix
  if (window1.WebKitCSSMatrix) curTransform = transformMatrix.m41;
  else if (matrix.length === 16) curTransform = parseFloat(matrix[12]);
  else curTransform = parseFloat(matrix[4]);
  }
  if (axis === 'y') {
  // Latest Chrome and webkits Fix
  if (window1.WebKitCSSMatrix) curTransform = transformMatrix.m42;
  else if (matrix.length === 16) curTransform = parseFloat(matrix[13]);
  else curTransform = parseFloat(matrix[5]);
  }
  return curTransform || 0;
  }
  function isObject1(o) {
  return typeof o === 'object' && o !== null && o.constructor && Object.prototype.toString.call(o).slice(8, -1) === 'Object';
  }
  function isNode(node) {
  // eslint-disable-next-line
  if ("TURBOPACK compile-time falsy", 0) //TURBOPACK unreachable
  ;
  return node && (node.nodeType === 1 || node.nodeType === 11);
  }
  function extend1(...args) {
  const to = Object(args[0]);
  for(let i = 1; i < args.length; i += 1){
  const nextSource = args[i];
  if (nextSource !== undefined && nextSource !== null && !isNode(nextSource)) {
  const keysArray = Object.keys(Object(nextSource)).filter((key)=>key !== '__proto__' && key !== 'constructor' && key !== 'prototype');
  for(let nextIndex = 0, len = keysArray.length; nextIndex < len; nextIndex += 1){
  const nextKey = keysArray[nextIndex];
  const desc = Object.getOwnPropertyDescriptor(nextSource, nextKey);
  if (desc !== undefined && desc.enumerable) {
  if (isObject1(to[nextKey]) && isObject1(nextSource[nextKey])) {
  if (nextSource[nextKey].__swiper__) {
  to[nextKey] = nextSource[nextKey];
  } else {
  extend1(to[nextKey], nextSource[nextKey]);
  }
  } else if (!isObject1(to[nextKey]) && isObject1(nextSource[nextKey])) {
  to[nextKey] = {};
  if (nextSource[nextKey].__swiper__) {
  to[nextKey] = nextSource[nextKey];
  } else {
  extend1(to[nextKey], nextSource[nextKey]);
  }
  } else {
  to[nextKey] = nextSource[nextKey];
  }
  }
  }
  }
  }
  return to;
  }
  function setCSSProperty(el, varName, varValue) {
  el.style.setProperty(varName, varValue);
  }
  function animateCSSModeScroll({ swiper, targetPosition, side }) {
  const window1 = getWindow();
  const startPosition = -swiper.translate;
  let startTime = null;
  let time;
  const duration = swiper.params.speed;
  swiper.wrapperEl.style.scrollSnapType = 'none';
  window1.cancelAnimationFrame(swiper.cssModeFrameID);
  const dir = targetPosition > startPosition ? 'next' : 'prev';
  const isOutOfBound = (current, target)=>{
  return dir === 'next' && current >= target || dir === 'prev' && current <= target;
  };
  const animate = ()=>{
  time = new Date().getTime();
  if (startTime === null) {
  startTime = time;
  }
  const progress = Math.max(Math.min((time - startTime) / duration, 1), 0);
  const easeProgress = 0.5 - Math.cos(progress * Math.PI) / 2;
  let currentPosition = startPosition + easeProgress * (targetPosition - startPosition);
  if (isOutOfBound(currentPosition, targetPosition)) {
  currentPosition = targetPosition;
  }
  swiper.wrapperEl.scrollTo({
  [side]: currentPosition
  });
  if (isOutOfBound(currentPosition, targetPosition)) {
  swiper.wrapperEl.style.overflow = 'hidden';
  swiper.wrapperEl.style.scrollSnapType = '';
  setTimeout(()=>{
  swiper.wrapperEl.style.overflow = '';
  swiper.wrapperEl.scrollTo({
  [side]: currentPosition
  });
  });
  window1.cancelAnimationFrame(swiper.cssModeFrameID);
  return;
  }
  swiper.cssModeFrameID = window1.requestAnimationFrame(animate);
  };
  animate();
  }
  function getSlideTransformEl(slideEl) {
  return slideEl.querySelector('.swiper-slide-transform') || slideEl.shadowRoot && slideEl.shadowRoot.querySelector('.swiper-slide-transform') || slideEl;
  }
  function elementChildren(element, selector = '') {
  const window1 = getWindow();
  const children = [
  ...element.children
  ];
  if (window1.HTMLSlotElement && element instanceof HTMLSlotElement) {
  children.push(...element.assignedElements());
  }
  if (!selector) {
  return children;
  }
  return children.filter((el)=>el.matches(selector));
  }
  function elementIsChildOfSlot(el, slot) {
  // Breadth-first search through all parent's children and assigned elements
  const elementsQueue = [
  slot
  ];
  while(elementsQueue.length > 0){
  const elementToCheck = elementsQueue.shift();
  if (el === elementToCheck) {
  return true;
  }
  elementsQueue.push(...elementToCheck.children, ...elementToCheck.shadowRoot ? elementToCheck.shadowRoot.children : [], ...elementToCheck.assignedElements ? elementToCheck.assignedElements() : []);
  }
  }
  function elementIsChildOf(el, parent) {
  const window1 = getWindow();
  let isChild = parent.contains(el);
  if (!isChild && window1.HTMLSlotElement && parent instanceof HTMLSlotElement) {
  const children = [
  ...parent.assignedElements()
  ];
  isChild = children.includes(el);
  if (!isChild) {
  isChild = elementIsChildOfSlot(el, parent);
  }
  }
  return isChild;
  }
  function showWarning(text) {
  try {
  console.warn(text);
  return;
  } catch (err) {
  // err
  }
  }
  function createElement(tag, classes = []) {
  const el = document.createElement(tag);
  el.classList.add(...Array.isArray(classes) ? classes : classesToTokens(classes));
  return el;
  }
  function elementOffset(el) {
  const window1 = getWindow();
  const document1 = getDocument();
  const box = el.getBoundingClientRect();
  const body = document1.body;
  const clientTop = el.clientTop || body.clientTop || 0;
  const clientLeft = el.clientLeft || body.clientLeft || 0;
  const scrollTop = el === window1 ? window1.scrollY : el.scrollTop;
  const scrollLeft = el === window1 ? window1.scrollX : el.scrollLeft;
  return {
  top: box.top + scrollTop - clientTop,
  left: box.left + scrollLeft - clientLeft
  };
  }
  function elementPrevAll(el, selector) {
  const prevEls = [];
  while(el.previousElementSibling){
  const prev = el.previousElementSibling; // eslint-disable-line
  if (selector) {
  if (prev.matches(selector)) prevEls.push(prev);
  } else prevEls.push(prev);
  el = prev;
  }
  return prevEls;
  }
  function elementNextAll(el, selector) {
  const nextEls = [];
  while(el.nextElementSibling){
  const next = el.nextElementSibling; // eslint-disable-line
  if (selector) {
  if (next.matches(selector)) nextEls.push(next);
  } else nextEls.push(next);
  el = next;
  }
  return nextEls;
  }
  function elementStyle(el, prop) {
  const window1 = getWindow();
  return window1.getComputedStyle(el, null).getPropertyValue(prop);
  }
  function elementIndex(el) {
  let child = el;
  let i;
  if (child) {
  i = 0;
  // eslint-disable-next-line
  while((child = child.previousSibling) !== null){
  if (child.nodeType === 1) i += 1;
  }
  return i;
  }
  return undefined;
  }
  function elementParents(el, selector) {
  const parents = []; // eslint-disable-line
  let parent = el.parentElement; // eslint-disable-line
  while(parent){
  if (selector) {
  if (parent.matches(selector)) parents.push(parent);
  } else {
  parents.push(parent);
  }
  parent = parent.parentElement;
  }
  return parents;
  }
  function elementTransitionEnd(el, callback) {
  function fireCallBack(e) {
  if (e.target !== el) return;
  callback.call(el, e);
  el.removeEventListener('transitionend', fireCallBack);
  }
  if (callback) {
  el.addEventListener('transitionend', fireCallBack);
  }
  }
  function elementOuterSize(el, size, includeMargins) {
  const window1 = getWindow();
  if (includeMargins) {
  return el[size === 'width' ? 'offsetWidth' : 'offsetHeight'] + parseFloat(window1.getComputedStyle(el, null).getPropertyValue(size === 'width' ? 'margin-right' : 'margin-top')) + parseFloat(window1.getComputedStyle(el, null).getPropertyValue(size === 'width' ? 'margin-left' : 'margin-bottom'));
  }
  return el.offsetWidth;
  }
  function makeElementsArray(el) {
  return (Array.isArray(el) ? el : [
  el
  ]).filter((e)=>!!e);
  }
  function getRotateFix(swiper) {
  return (v)=>{
  if (Math.abs(v) > 0 && swiper.browser && swiper.browser.need3dFix && Math.abs(v) % 90 === 0) {
  return v + 0.001;
  }
  return v;
  };
  }
  function setInnerHTML(el, html = '') {
  if (typeof trustedTypes !== 'undefined') {
  el.innerHTML = trustedTypes.createPolicy('html', {
  createHTML: (s)=>s
  }).createHTML(html);
  } else {
  el.innerHTML = html;
  }
  }
  ;
  ;
  ;
  let support;
  function calcSupport() {
  const window1 = getWindow();
  const document1 = getDocument();
  return {
  smoothScroll: document1.documentElement && document1.documentElement.style && 'scrollBehavior' in document1.documentElement.style,
  touch: !!('ontouchstart' in window1 || window1.DocumentTouch && document1 instanceof window1.DocumentTouch)
  };
  }
  function getSupport() {
  if (!support) {
  support = calcSupport();
  }
  return support;
  }
  let deviceCached;
  function calcDevice({ userAgent } = {}) {
  const support = getSupport();
  const window1 = getWindow();
  const platform = window1.navigator.platform;
  const ua = userAgent || window1.navigator.userAgent;
  const device = {
  ios: false,
  android: false
  };
  const screenWidth = window1.screen.width;
  const screenHeight = window1.screen.height;
  const android = ua.match(/(Android);?[\s\/]+([\d.]+)?/); // eslint-disable-line
  let ipad = ua.match(/(iPad)(?!\1).*OS\s([\d_]+)/);
  const ipod = ua.match(/(iPod)(.*OS\s([\d_]+))?/);
  const iphone = !ipad && ua.match(/(iPhone\sOS|iOS)\s([\d_]+)/);
  const windows = platform === 'Win32';
  let macos = platform === 'MacIntel';
  // iPadOs 13 fix
  const iPadScreens = [
  '1024x1366',
  '1366x1024',
  '834x1194',
  '1194x834',
  '834x1112',
  '1112x834',
  '768x1024',
  '1024x768',
  '820x1180',
  '1180x820',
  '810x1080',
  '1080x810'
  ];
  if (!ipad && macos && support.touch && iPadScreens.indexOf(`${screenWidth}x${screenHeight}`) >= 0) {
  ipad = ua.match(/(Version)\/([\d.]+)/);
  if (!ipad) ipad = [
  0,
  1,
  '13_0_0'
  ];
  macos = false;
  }
  // Android
  if (android && !windows) {
  device.os = 'android';
  device.android = true;
  }
  if (ipad || iphone || ipod) {
  device.os = 'ios';
  device.ios = true;
  }
  // Export object
  return device;
  }
  function getDevice(overrides = {}) {
  if (!deviceCached) {
  deviceCached = calcDevice(overrides);
  }
  return deviceCached;
  }
  let browser;
  function calcBrowser() {
  const window1 = getWindow();
  const device = getDevice();
  let needPerspectiveFix = false;
  function isSafari() {
  const ua = window1.navigator.userAgent.toLowerCase();
  return ua.indexOf('safari') >= 0 && ua.indexOf('chrome') < 0 && ua.indexOf('android') < 0;
  }
  if (isSafari()) {
  const ua = String(window1.navigator.userAgent);
  if (ua.includes('Version/')) {
  const [major, minor] = ua.split('Version/')[1].split(' ')[0].split('.').map((num)=>Number(num));
  needPerspectiveFix = major < 16 || major === 16 && minor < 2;
  }
  }
  const isWebView = /(iPhone|iPod|iPad).*AppleWebKit(?!.*Safari)/i.test(window1.navigator.userAgent);
  const isSafariBrowser = isSafari();
  const need3dFix = isSafariBrowser || isWebView && device.ios;
  return {
  isSafari: needPerspectiveFix || isSafariBrowser,
  needPerspectiveFix,
  need3dFix,
  isWebView
  };
  }
  function getBrowser() {
  if (!browser) {
  browser = calcBrowser();
  }
  return browser;
  }
  function Resize({ swiper, on, emit }) {
  const window1 = getWindow();
  let observer = null;
  let animationFrame = null;
  const resizeHandler = ()=>{
  if (!swiper || swiper.destroyed || !swiper.initialized) return;
  emit('beforeResize');
  emit('resize');
  };
  const createObserver = ()=>{
  if (!swiper || swiper.destroyed || !swiper.initialized) return;
  observer = new ResizeObserver((entries)=>{
  animationFrame = window1.requestAnimationFrame(()=>{
  const { width, height } = swiper;
  let newWidth = width;
  let newHeight = height;
  entries.forEach(({ contentBoxSize, contentRect, target })=>{
  if (target && target !== swiper.el) return;
  newWidth = contentRect ? contentRect.width : (contentBoxSize[0] || contentBoxSize).inlineSize;
  newHeight = contentRect ? contentRect.height : (contentBoxSize[0] || contentBoxSize).blockSize;
  });
  if (newWidth !== width || newHeight !== height) {
  resizeHandler();
  }
  });
  });
  observer.observe(swiper.el);
  };
  const removeObserver = ()=>{
  if (animationFrame) {
  window1.cancelAnimationFrame(animationFrame);
  }
  if (observer && observer.unobserve && swiper.el) {
  observer.unobserve(swiper.el);
  observer = null;
  }
  };
  const orientationChangeHandler = ()=>{
  if (!swiper || swiper.destroyed || !swiper.initialized) return;
  emit('orientationchange');
  };
  on('init', ()=>{
  if (swiper.params.resizeObserver && typeof window1.ResizeObserver !== 'undefined') {
  createObserver();
  return;
  }
  window1.addEventListener('resize', resizeHandler);
  window1.addEventListener('orientationchange', orientationChangeHandler);
  });
  on('destroy', ()=>{
  removeObserver();
  window1.removeEventListener('resize', resizeHandler);
  window1.removeEventListener('orientationchange', orientationChangeHandler);
  });
  }
  function Observer({ swiper, extendParams, on, emit }) {
  const observers = [];
  const window1 = getWindow();
  const attach = (target, options = {})=>{
  const ObserverFunc = window1.MutationObserver || window1.WebkitMutationObserver;
  const observer = new ObserverFunc((mutations)=>{
  // The observerUpdate event should only be triggered
  // once despite the number of mutations.  Additional
  // triggers are redundant and are very costly
  if (swiper.__preventObserver__) return;
  if (mutations.length === 1) {
  emit('observerUpdate', mutations[0]);
  return;
  }
  const observerUpdate = function observerUpdate() {
  emit('observerUpdate', mutations[0]);
  };
  if (window1.requestAnimationFrame) {
  window1.requestAnimationFrame(observerUpdate);
  } else {
  window1.setTimeout(observerUpdate, 0);
  }
  });
  observer.observe(target, {
  attributes: typeof options.attributes === 'undefined' ? true : options.attributes,
  childList: swiper.isElement || (typeof options.childList === 'undefined' ? true : options).childList,
  characterData: typeof options.characterData === 'undefined' ? true : options.characterData
  });
  observers.push(observer);
  };
  const init = ()=>{
  if (!swiper.params.observer) return;
  if (swiper.params.observeParents) {
  const containerParents = elementParents(swiper.hostEl);
  for(let i1 = 0; i1 < containerParents.length; i1 += 1){
  attach(containerParents[i1]);
  }
  }
  // Observe container
  attach(swiper.hostEl, {
  childList: swiper.params.observeSlideChildren
  });
  // Observe wrapper
  attach(swiper.wrapperEl, {
  attributes: false
  });
  };
  const destroy = ()=>{
  observers.forEach((observer)=>{
  observer.disconnect();
  });
  observers.splice(0, observers.length);
  };
  extendParams({
  observer: false,
  observeParents: false,
  observeSlideChildren: false
  });
  on('init', init);
  on('destroy', destroy);
  }
  /* eslint-disable no-underscore-dangle */ var eventsEmitter = {
  on (events, handler, priority) {
  const self = this;
  if (!self.eventsListeners || self.destroyed) return self;
  if (typeof handler !== 'function') return self;
  const method = priority ? 'unshift' : 'push';
  events.split(' ').forEach((event1)=>{
  if (!self.eventsListeners[event1]) self.eventsListeners[event1] = [];
  self.eventsListeners[event1][method](handler);
  });
  return self;
  },
  once (events, handler, priority) {
  const self = this;
  if (!self.eventsListeners || self.destroyed) return self;
  if (typeof handler !== 'function') return self;
  function onceHandler(...args) {
  self.off(events, onceHandler);
  if (onceHandler.__emitterProxy) {
  delete onceHandler.__emitterProxy;
  }
  handler.apply(self, args);
  }
  onceHandler.__emitterProxy = handler;
  return self.on(events, onceHandler, priority);
  },
  onAny (handler, priority) {
  const self = this;
  if (!self.eventsListeners || self.destroyed) return self;
  if (typeof handler !== 'function') return self;
  const method = priority ? 'unshift' : 'push';
  if (self.eventsAnyListeners.indexOf(handler) < 0) {
  self.eventsAnyListeners[method](handler);
  }
  return self;
  },
  offAny (handler) {
  const self = this;
  if (!self.eventsListeners || self.destroyed) return self;
  if (!self.eventsAnyListeners) return self;
  const index = self.eventsAnyListeners.indexOf(handler);
  if (index >= 0) {
  self.eventsAnyListeners.splice(index, 1);
  }
  return self;
  },
  off (events, handler) {
  const self = this;
  if (!self.eventsListeners || self.destroyed) return self;
  if (!self.eventsListeners) return self;
  events.split(' ').forEach((event1)=>{
  if (typeof handler === 'undefined') {
  self.eventsListeners[event1] = [];
  } else if (self.eventsListeners[event1]) {
  self.eventsListeners[event1].forEach((eventHandler, index)=>{
  if (eventHandler === handler || eventHandler.__emitterProxy && eventHandler.__emitterProxy === handler) {
  self.eventsListeners[event1].splice(index, 1);
  }
  });
  }
  });
  return self;
  },
  emit (...args) {
  const self = this;
  if (!self.eventsListeners || self.destroyed) return self;
  if (!self.eventsListeners) return self;
  let events;
  let data;
  let context;
  if (typeof args[0] === 'string' || Array.isArray(args[0])) {
  events = args[0];
  data = args.slice(1, args.length);
  context = self;
  } else {
  events = args[0].events;
  data = args[0].data;
  context = args[0].context || self;
  }
  data.unshift(context);
  const eventsArray = Array.isArray(events) ? events : events.split(' ');
  eventsArray.forEach((event1)=>{
  if (self.eventsAnyListeners && self.eventsAnyListeners.length) {
  self.eventsAnyListeners.forEach((eventHandler)=>{
  eventHandler.apply(context, [
  event1,
  ...data
  ]);
  });
  }
  if (self.eventsListeners && self.eventsListeners[event1]) {
  self.eventsListeners[event1].forEach((eventHandler)=>{
  eventHandler.apply(context, data);
  });
  }
  });
  return self;
  }
  };
  function updateSize() {
  const swiper = this;
  let width;
  let height;
  const el = swiper.el;
  if (typeof swiper.params.width !== 'undefined' && swiper.params.width !== null) {
  width = swiper.params.width;
  } else {
  width = el.clientWidth;
  }
  if (typeof swiper.params.height !== 'undefined' && swiper.params.height !== null) {
  height = swiper.params.height;
  } else {
  height = el.clientHeight;
  }
  if (width === 0 && swiper.isHorizontal() || height === 0 && swiper.isVertical()) {
  return;
  }
  // Subtract paddings
  width = width - parseInt(elementStyle(el, 'padding-left') || 0, 10) - parseInt(elementStyle(el, 'padding-right') || 0, 10);
  height = height - parseInt(elementStyle(el, 'padding-top') || 0, 10) - parseInt(elementStyle(el, 'padding-bottom') || 0, 10);
  if (Number.isNaN(width)) width = 0;
  if (Number.isNaN(height)) height = 0;
  Object.assign(swiper, {
  width,
  height,
  size: swiper.isHorizontal() ? width : height
  });
  }
  function updateSlides() {
  const swiper = this;
  function getDirectionPropertyValue(node, label) {
  return parseFloat(node.getPropertyValue(swiper.getDirectionLabel(label)) || 0);
  }
  const params = swiper.params;
  const { wrapperEl, slidesEl, rtlTranslate: rtl, wrongRTL } = swiper;
  const isVirtual = swiper.virtual && params.virtual.enabled;
  const previousSlidesLength = isVirtual ? swiper.virtual.slides.length : swiper.slides.length;
  const slides = elementChildren(slidesEl, `.${swiper.params.slideClass}, swiper-slide`);
  const slidesLength = isVirtual ? swiper.virtual.slides.length : slides.length;
  let snapGrid = [];
  const slidesGrid = [];
  const slidesSizesGrid = [];
  let offsetBefore = params.slidesOffsetBefore;
  if (typeof offsetBefore === 'function') {
  offsetBefore = params.slidesOffsetBefore.call(swiper);
  }
  let offsetAfter = params.slidesOffsetAfter;
  if (typeof offsetAfter === 'function') {
  offsetAfter = params.slidesOffsetAfter.call(swiper);
  }
  const previousSnapGridLength = swiper.snapGrid.length;
  const previousSlidesGridLength = swiper.slidesGrid.length;
  const swiperSize = swiper.size - offsetBefore - offsetAfter;
  let spaceBetween = params.spaceBetween;
  let slidePosition = -offsetBefore;
  let prevSlideSize = 0;
  let index = 0;
  if (typeof swiperSize === 'undefined') {
  return;
  }
  if (typeof spaceBetween === 'string' && spaceBetween.indexOf('%') >= 0) {
  spaceBetween = parseFloat(spaceBetween.replace('%', '')) / 100 * swiperSize;
  } else if (typeof spaceBetween === 'string') {
  spaceBetween = parseFloat(spaceBetween);
  }
  swiper.virtualSize = -spaceBetween - offsetBefore - offsetAfter;
  // reset margins
  slides.forEach((slideEl)=>{
  if (rtl) {
  slideEl.style.marginLeft = '';
  } else {
  slideEl.style.marginRight = '';
  }
  slideEl.style.marginBottom = '';
  slideEl.style.marginTop = '';
  });
  // reset cssMode offsets
  if (params.centeredSlides && params.cssMode) {
  setCSSProperty(wrapperEl, '--swiper-centered-offset-before', '');
  setCSSProperty(wrapperEl, '--swiper-centered-offset-after', '');
  }
  // set cssMode offsets
  if (params.cssMode) {
  setCSSProperty(wrapperEl, '--swiper-slides-offset-before', `${offsetBefore}px`);
  setCSSProperty(wrapperEl, '--swiper-slides-offset-after', `${offsetAfter}px`);
  }
  const gridEnabled = params.grid && params.grid.rows > 1 && swiper.grid;
  if (gridEnabled) {
  swiper.grid.initSlides(slides);
  } else if (swiper.grid) {
  swiper.grid.unsetSlides();
  }
  // Calc slides
  let slideSize;
  const shouldResetSlideSize = params.slidesPerView === 'auto' && params.breakpoints && Object.keys(params.breakpoints).filter((key)=>{
  return typeof params.breakpoints[key].slidesPerView !== 'undefined';
  }).length > 0;
  for(let i1 = 0; i1 < slidesLength; i1 += 1){
  slideSize = 0;
  const slide = slides[i1];
  if (slide) {
  if (gridEnabled) {
  swiper.grid.updateSlide(i1, slide, slides);
  }
  if (elementStyle(slide, 'display') === 'none') continue; // eslint-disable-line
  }
  if (isVirtual && params.slidesPerView === 'auto') {
  if (params.virtual.slidesPerViewAutoSlideSize) {
  slideSize = params.virtual.slidesPerViewAutoSlideSize;
  }
  if (slideSize && slide) {
  if (params.roundLengths) slideSize = Math.floor(slideSize);
  slide.style[swiper.getDirectionLabel('width')] = `${slideSize}px`;
  }
  } else if (params.slidesPerView === 'auto') {
  if (shouldResetSlideSize) {
  slide.style[swiper.getDirectionLabel('width')] = ``;
  }
  const slideStyles = getComputedStyle(slide);
  const currentTransform = slide.style.transform;
  const currentWebKitTransform = slide.style.webkitTransform;
  if (currentTransform) {
  slide.style.transform = 'none';
  }
  if (currentWebKitTransform) {
  slide.style.webkitTransform = 'none';
  }
  if (params.roundLengths) {
  slideSize = swiper.isHorizontal() ? elementOuterSize(slide, 'width', true) : elementOuterSize(slide, 'height', true);
  } else {
  // eslint-disable-next-line
  const width = getDirectionPropertyValue(slideStyles, 'width');
  const paddingLeft = getDirectionPropertyValue(slideStyles, 'padding-left');
  const paddingRight = getDirectionPropertyValue(slideStyles, 'padding-right');
  const marginLeft = getDirectionPropertyValue(slideStyles, 'margin-left');
  const marginRight = getDirectionPropertyValue(slideStyles, 'margin-right');
  const boxSizing = slideStyles.getPropertyValue('box-sizing');
  if (boxSizing && boxSizing === 'border-box') {
  slideSize = width + marginLeft + marginRight;
  } else {
  const { clientWidth, offsetWidth } = slide;
  slideSize = width + paddingLeft + paddingRight + marginLeft + marginRight + (offsetWidth - clientWidth);
  }
  }
  if (currentTransform) {
  slide.style.transform = currentTransform;
  }
  if (currentWebKitTransform) {
  slide.style.webkitTransform = currentWebKitTransform;
  }
  if (params.roundLengths) slideSize = Math.floor(slideSize);
  } else {
  slideSize = (swiperSize - (params.slidesPerView - 1) * spaceBetween) / params.slidesPerView;
  if (params.roundLengths) slideSize = Math.floor(slideSize);
  if (slide) {
  slide.style[swiper.getDirectionLabel('width')] = `${slideSize}px`;
  }
  }
  if (slide) {
  slide.swiperSlideSize = slideSize;
  }
  slidesSizesGrid.push(slideSize);
  if (params.centeredSlides) {
  slidePosition = slidePosition + slideSize / 2 + prevSlideSize / 2 + spaceBetween;
  if (prevSlideSize === 0 && i1 !== 0) slidePosition = slidePosition - swiperSize / 2 - spaceBetween;
  if (i1 === 0) slidePosition = slidePosition - swiperSize / 2 - spaceBetween;
  if (Math.abs(slidePosition) < 1 / 1000) slidePosition = 0;
  if (params.roundLengths) slidePosition = Math.floor(slidePosition);
  if (index % params.slidesPerGroup === 0) snapGrid.push(slidePosition);
  slidesGrid.push(slidePosition);
  } else {
  if (params.roundLengths) slidePosition = Math.floor(slidePosition);
  if ((index - Math.min(swiper.params.slidesPerGroupSkip, index)) % swiper.params.slidesPerGroup === 0) snapGrid.push(slidePosition);
  slidesGrid.push(slidePosition);
  slidePosition = slidePosition + slideSize + spaceBetween;
  }
  swiper.virtualSize += slideSize + spaceBetween;
  prevSlideSize = slideSize;
  index += 1;
  }
  swiper.virtualSize = Math.max(swiper.virtualSize, swiperSize) + offsetAfter;
  if (rtl && wrongRTL && (params.effect === 'slide' || params.effect === 'coverflow')) {
  wrapperEl.style.width = `${swiper.virtualSize + spaceBetween}px`;
  }
  if (params.setWrapperSize) {
  wrapperEl.style[swiper.getDirectionLabel('width')] = `${swiper.virtualSize + spaceBetween}px`;
  }
  if (gridEnabled) {
  swiper.grid.updateWrapperSize(slideSize, snapGrid);
  }
  // Remove last grid elements depending on width
  if (!params.centeredSlides) {
  // Check if snapToSlideEdge should be applied
  const isFractionalSlidesPerView = params.slidesPerView !== 'auto' && params.slidesPerView % 1 !== 0;
  const shouldSnapToSlideEdge = params.snapToSlideEdge && !params.loop && (params.slidesPerView === 'auto' || isFractionalSlidesPerView);
  // Calculate the last allowed snap index when snapToSlideEdge is enabled
  // This ensures minimum slides are visible at the end
  let lastAllowedSnapIndex = snapGrid.length;
  if (shouldSnapToSlideEdge) {
  let minVisibleSlides;
  if (params.slidesPerView === 'auto') {
  // For 'auto' mode, calculate how many slides fit based on actual sizes
  minVisibleSlides = 1;
  let accumulatedSize = 0;
  for(let i1 = slidesSizesGrid.length - 1; i1 >= 0; i1 -= 1){
  accumulatedSize += slidesSizesGrid[i1] + (i1 < slidesSizesGrid.length - 1 ? spaceBetween : 0);
  if (accumulatedSize <= swiperSize) {
  minVisibleSlides = slidesSizesGrid.length - i1;
  } else {
  break;
  }
  }
  } else {
  minVisibleSlides = Math.floor(params.slidesPerView);
  }
  lastAllowedSnapIndex = Math.max(slidesLength - minVisibleSlides, 0);
  }
  const newSlidesGrid = [];
  for(let i1 = 0; i1 < snapGrid.length; i1 += 1){
  let slidesGridItem = snapGrid[i1];
  if (params.roundLengths) slidesGridItem = Math.floor(slidesGridItem);
  if (shouldSnapToSlideEdge) {
  // When snapToSlideEdge is enabled, only keep snaps up to lastAllowedSnapIndex
  if (i1 <= lastAllowedSnapIndex) {
  newSlidesGrid.push(slidesGridItem);
  }
  } else if (snapGrid[i1] <= swiper.virtualSize - swiperSize) {
  // When snapToSlideEdge is disabled, keep snaps that fit within scrollable area
  newSlidesGrid.push(slidesGridItem);
  }
  }
  snapGrid = newSlidesGrid;
  if (Math.floor(swiper.virtualSize - swiperSize) - Math.floor(snapGrid[snapGrid.length - 1]) > 1) {
  // Only add edge-aligned snap if snapToSlideEdge is not enabled
  if (!shouldSnapToSlideEdge) {
  snapGrid.push(swiper.virtualSize - swiperSize);
  }
  }
  }
  if (isVirtual && params.loop) {
  const size = slidesSizesGrid[0] + spaceBetween;
  if (params.slidesPerGroup > 1) {
  const groups = Math.ceil((swiper.virtual.slidesBefore + swiper.virtual.slidesAfter) / params.slidesPerGroup);
  const groupSize = size * params.slidesPerGroup;
  for(let i1 = 0; i1 < groups; i1 += 1){
  snapGrid.push(snapGrid[snapGrid.length - 1] + groupSize);
  }
  }
  for(let i1 = 0; i1 < swiper.virtual.slidesBefore + swiper.virtual.slidesAfter; i1 += 1){
  if (params.slidesPerGroup === 1) {
  snapGrid.push(snapGrid[snapGrid.length - 1] + size);
  }
  slidesGrid.push(slidesGrid[slidesGrid.length - 1] + size);
  swiper.virtualSize += size;
  }
  }
  if (snapGrid.length === 0) snapGrid = [
  0
  ];
  if (spaceBetween !== 0) {
  const key = swiper.isHorizontal() && rtl ? 'marginLeft' : swiper.getDirectionLabel('marginRight');
  slides.filter((_, slideIndex)=>{
  if (!params.cssMode || params.loop) return true;
  if (slideIndex === slides.length - 1) {
  return false;
  }
  return true;
  }).forEach((slideEl)=>{
  slideEl.style[key] = `${spaceBetween}px`;
  });
  }
  if (params.centeredSlides && params.centeredSlidesBounds) {
  let allSlidesSize = 0;
  slidesSizesGrid.forEach((slideSizeValue)=>{
  allSlidesSize += slideSizeValue + (spaceBetween || 0);
  });
  allSlidesSize -= spaceBetween;
  const maxSnap = allSlidesSize > swiperSize ? allSlidesSize - swiperSize : 0;
  snapGrid = snapGrid.map((snap)=>{
  if (snap <= 0) return -offsetBefore;
  if (snap > maxSnap) return maxSnap + offsetAfter;
  return snap;
  });
  }
  if (params.centerInsufficientSlides) {
  let allSlidesSize = 0;
  slidesSizesGrid.forEach((slideSizeValue)=>{
  allSlidesSize += slideSizeValue + (spaceBetween || 0);
  });
  allSlidesSize -= spaceBetween;
  if (allSlidesSize < swiperSize) {
  const allSlidesOffset = (swiperSize - allSlidesSize) / 2;
  snapGrid.forEach((snap, snapIndex)=>{
  snapGrid[snapIndex] = snap - allSlidesOffset;
  });
  slidesGrid.forEach((snap, snapIndex)=>{
  slidesGrid[snapIndex] = snap + allSlidesOffset;
  });
  }
  }
  Object.assign(swiper, {
  slides,
  snapGrid,
  slidesGrid,
  slidesSizesGrid
  });
  if (params.centeredSlides && params.cssMode && !params.centeredSlidesBounds) {
  setCSSProperty(wrapperEl, '--swiper-centered-offset-before', `${-snapGrid[0]}px`);
  setCSSProperty(wrapperEl, '--swiper-centered-offset-after', `${swiper.size / 2 - slidesSizesGrid[slidesSizesGrid.length - 1] / 2}px`);
  const addToSnapGrid = -swiper.snapGrid[0];
  const addToSlidesGrid = -swiper.slidesGrid[0];
  swiper.snapGrid = swiper.snapGrid.map((v1)=>v1 + addToSnapGrid);
  swiper.slidesGrid = swiper.slidesGrid.map((v1)=>v1 + addToSlidesGrid);
  }
  if (slidesLength !== previousSlidesLength) {
  swiper.emit('slidesLengthChange');
  }
  if (snapGrid.length !== previousSnapGridLength) {
  if (swiper.params.watchOverflow) swiper.checkOverflow();
  swiper.emit('snapGridLengthChange');
  }
  if (slidesGrid.length !== previousSlidesGridLength) {
  swiper.emit('slidesGridLengthChange');
  }
  if (params.watchSlidesProgress) {
  swiper.updateSlidesOffset();
  }
  swiper.emit('slidesUpdated');
  if (!isVirtual && !params.cssMode && (params.effect === 'slide' || params.effect === 'fade')) {
  const backFaceHiddenClass = `${params.containerModifierClass}backface-hidden`;
  const hasClassBackfaceClassAdded = swiper.el.classList.contains(backFaceHiddenClass);
  if (slidesLength <= params.maxBackfaceHiddenSlides) {
  if (!hasClassBackfaceClassAdded) swiper.el.classList.add(backFaceHiddenClass);
  } else if (hasClassBackfaceClassAdded) {
  swiper.el.classList.remove(backFaceHiddenClass);
  }
  }
  }
  function updateAutoHeight(speed) {
  const swiper = this;
  const activeSlides = [];
  const isVirtual = swiper.virtual && swiper.params.virtual.enabled;
  let newHeight = 0;
  let i1;
  if (typeof speed === 'number') {
  swiper.setTransition(speed);
  } else if (speed === true) {
  swiper.setTransition(swiper.params.speed);
  }
  const getSlideByIndex = (index)=>{
  if (isVirtual) {
  return swiper.slides[swiper.getSlideIndexByData(index)];
  }
  return swiper.slides[index];
  };
  // Find slides currently in view
  if (swiper.params.slidesPerView !== 'auto' && swiper.params.slidesPerView > 1) {
  if (swiper.params.centeredSlides) {
  (swiper.visibleSlides || []).forEach((slide)=>{
  activeSlides.push(slide);
  });
  } else {
  for(i1 = 0; i1 < Math.ceil(swiper.params.slidesPerView); i1 += 1){
  const index = swiper.activeIndex + i1;
  if (index > swiper.slides.length && !isVirtual) break;
  activeSlides.push(getSlideByIndex(index));
  }
  }
  } else {
  activeSlides.push(getSlideByIndex(swiper.activeIndex));
  }
  // Find new height from highest slide in view
  for(i1 = 0; i1 < activeSlides.length; i1 += 1){
  if (typeof activeSlides[i1] !== 'undefined') {
  const height = activeSlides[i1].offsetHeight;
  newHeight = height > newHeight ? height : newHeight;
  }
  }
  // Update Height
  if (newHeight || newHeight === 0) swiper.wrapperEl.style.height = `${newHeight}px`;
  }
  function updateSlidesOffset() {
  const swiper = this;
  const slides = swiper.slides;
  // eslint-disable-next-line
  const minusOffset = swiper.isElement ? swiper.isHorizontal() ? swiper.wrapperEl.offsetLeft : swiper.wrapperEl.offsetTop : 0;
  for(let i1 = 0; i1 < slides.length; i1 += 1){
  slides[i1].swiperSlideOffset = (swiper.isHorizontal() ? slides[i1].offsetLeft : slides[i1].offsetTop) - minusOffset - swiper.cssOverflowAdjustment();
  }
  }
  const toggleSlideClasses$1 = (slideEl, condition, className)=>{
  if (condition && !slideEl.classList.contains(className)) {
  slideEl.classList.add(className);
  } else if (!condition && slideEl.classList.contains(className)) {
  slideEl.classList.remove(className);
  }
  };
  function updateSlidesProgress(translate = this && this.translate || 0) {
  const swiper = this;
  const params = swiper.params;
  const { slides, rtlTranslate: rtl, snapGrid } = swiper;
  if (slides.length === 0) return;
  if (typeof slides[0].swiperSlideOffset === 'undefined') swiper.updateSlidesOffset();
  let offsetCenter = -translate;
  if (rtl) offsetCenter = translate;
  swiper.visibleSlidesIndexes = [];
  swiper.visibleSlides = [];
  let spaceBetween = params.spaceBetween;
  if (typeof spaceBetween === 'string' && spaceBetween.indexOf('%') >= 0) {
  spaceBetween = parseFloat(spaceBetween.replace('%', '')) / 100 * swiper.size;
  } else if (typeof spaceBetween === 'string') {
  spaceBetween = parseFloat(spaceBetween);
  }
  for(let i1 = 0; i1 < slides.length; i1 += 1){
  const slide = slides[i1];
  let slideOffset = slide.swiperSlideOffset;
  if (params.cssMode && params.centeredSlides) {
  slideOffset -= slides[0].swiperSlideOffset;
  }
  const slideProgress = (offsetCenter + (params.centeredSlides ? swiper.minTranslate() : 0) - slideOffset) / (slide.swiperSlideSize + spaceBetween);
  const originalSlideProgress = (offsetCenter - snapGrid[0] + (params.centeredSlides ? swiper.minTranslate() : 0) - slideOffset) / (slide.swiperSlideSize + spaceBetween);
  const slideBefore = -(offsetCenter - slideOffset);
  const slideAfter = slideBefore + swiper.slidesSizesGrid[i1];
  const isFullyVisible = slideBefore >= 0 && slideBefore <= swiper.size - swiper.slidesSizesGrid[i1];
  const isVisible = slideBefore >= 0 && slideBefore < swiper.size - 1 || slideAfter > 1 && slideAfter <= swiper.size || slideBefore <= 0 && slideAfter >= swiper.size;
  if (isVisible) {
  swiper.visibleSlides.push(slide);
  swiper.visibleSlidesIndexes.push(i1);
  }
  toggleSlideClasses$1(slide, isVisible, params.slideVisibleClass);
  toggleSlideClasses$1(slide, isFullyVisible, params.slideFullyVisibleClass);
  slide.progress = rtl ? -slideProgress : slideProgress;
  slide.originalProgress = rtl ? -originalSlideProgress : originalSlideProgress;
  }
  }
  function updateProgress(translate) {
  const swiper = this;
  if (typeof translate === 'undefined') {
  const multiplier = swiper.rtlTranslate ? -1 : 1;
  // eslint-disable-next-line
  translate = swiper && swiper.translate && swiper.translate * multiplier || 0;
  }
  const params = swiper.params;
  const translatesDiff = swiper.maxTranslate() - swiper.minTranslate();
  let { progress, isBeginning, isEnd, progressLoop } = swiper;
  const wasBeginning = isBeginning;
  const wasEnd = isEnd;
  if (translatesDiff === 0) {
  progress = 0;
  isBeginning = true;
  isEnd = true;
  } else {
  progress = (translate - swiper.minTranslate()) / translatesDiff;
  const isBeginningRounded = Math.abs(translate - swiper.minTranslate()) < 1;
  const isEndRounded = Math.abs(translate - swiper.maxTranslate()) < 1;
  isBeginning = isBeginningRounded || progress <= 0;
  isEnd = isEndRounded || progress >= 1;
  if (isBeginningRounded) progress = 0;
  if (isEndRounded) progress = 1;
  }
  if (params.loop) {
  const firstSlideIndex = swiper.getSlideIndexByData(0);
  const lastSlideIndex = swiper.getSlideIndexByData(swiper.slides.length - 1);
  const firstSlideTranslate = swiper.slidesGrid[firstSlideIndex];
  const lastSlideTranslate = swiper.slidesGrid[lastSlideIndex];
  const translateMax = swiper.slidesGrid[swiper.slidesGrid.length - 1];
  const translateAbs = Math.abs(translate);
  if (translateAbs >= firstSlideTranslate) {
  progressLoop = (translateAbs - firstSlideTranslate) / translateMax;
  } else {
  progressLoop = (translateAbs + translateMax - lastSlideTranslate) / translateMax;
  }
  if (progressLoop > 1) progressLoop -= 1;
  }
  Object.assign(swiper, {
  progress,
  progressLoop,
  isBeginning,
  isEnd
  });
  if (params.watchSlidesProgress || params.centeredSlides && params.autoHeight) swiper.updateSlidesProgress(translate);
  if (isBeginning && !wasBeginning) {
  swiper.emit('reachBeginning toEdge');
  }
  if (isEnd && !wasEnd) {
  swiper.emit('reachEnd toEdge');
  }
  if (wasBeginning && !isBeginning || wasEnd && !isEnd) {
  swiper.emit('fromEdge');
  }
  swiper.emit('progress', progress);
  }
  const toggleSlideClasses = (slideEl, condition, className)=>{
  if (condition && !slideEl.classList.contains(className)) {
  slideEl.classList.add(className);
  } else if (!condition && slideEl.classList.contains(className)) {
  slideEl.classList.remove(className);
  }
  };
  function updateSlidesClasses() {
  const swiper = this;
  const { slides, params, slidesEl, activeIndex } = swiper;
  const isVirtual = swiper.virtual && params.virtual.enabled;
  const gridEnabled = swiper.grid && params.grid && params.grid.rows > 1;
  const getFilteredSlide = (selector)=>{
  return elementChildren(slidesEl, `.${params.slideClass}${selector}, swiper-slide${selector}`)[0];
  };
  let activeSlide;
  let prevSlide;
  let nextSlide;
  if (isVirtual) {
  if (params.loop) {
  let slideIndex = activeIndex - swiper.virtual.slidesBefore;
  if (slideIndex < 0) slideIndex = swiper.virtual.slides.length + slideIndex;
  if (slideIndex >= swiper.virtual.slides.length) slideIndex -= swiper.virtual.slides.length;
  activeSlide = getFilteredSlide(`[data-swiper-slide-index="${slideIndex}"]`);
  } else {
  activeSlide = getFilteredSlide(`[data-swiper-slide-index="${activeIndex}"]`);
  }
  } else {
  if (gridEnabled) {
  activeSlide = slides.find((slideEl)=>slideEl.column === activeIndex);
  nextSlide = slides.find((slideEl)=>slideEl.column === activeIndex + 1);
  prevSlide = slides.find((slideEl)=>slideEl.column === activeIndex - 1);
  } else {
  activeSlide = slides[activeIndex];
  }
  }
  if (activeSlide) {
  if (!gridEnabled) {
  // Next Slide
  nextSlide = elementNextAll(activeSlide, `.${params.slideClass}, swiper-slide`)[0];
  if (params.loop && !nextSlide) {
  nextSlide = slides[0];
  }
  // Prev Slide
  prevSlide = elementPrevAll(activeSlide, `.${params.slideClass}, swiper-slide`)[0];
  if (params.loop && !prevSlide === 0) {
  prevSlide = slides[slides.length - 1];
  }
  }
  }
  slides.forEach((slideEl)=>{
  toggleSlideClasses(slideEl, slideEl === activeSlide, params.slideActiveClass);
  toggleSlideClasses(slideEl, slideEl === nextSlide, params.slideNextClass);
  toggleSlideClasses(slideEl, slideEl === prevSlide, params.slidePrevClass);
  });
  swiper.emitSlidesClasses();
  }
  const processLazyPreloader = (swiper, imageEl)=>{
  if (!swiper || swiper.destroyed || !swiper.params) return;
  const slideSelector = ()=>swiper.isElement ? `swiper-slide` : `.${swiper.params.slideClass}`;
  const slideEl = imageEl.closest(slideSelector());
  if (slideEl) {
  let lazyEl = slideEl.querySelector(`.${swiper.params.lazyPreloaderClass}`);
  if (!lazyEl && swiper.isElement) {
  if (slideEl.shadowRoot) {
  lazyEl = slideEl.shadowRoot.querySelector(`.${swiper.params.lazyPreloaderClass}`);
  } else {
  // init later
  requestAnimationFrame(()=>{
  if (slideEl.shadowRoot) {
  lazyEl = slideEl.shadowRoot.querySelector(`.${swiper.params.lazyPreloaderClass}`);
  if (lazyEl && !lazyEl.lazyPreloaderManaged) lazyEl.remove();
  }
  });
  }
  }
  // Skip removal if managed by React/Vue component
  if (lazyEl && !lazyEl.lazyPreloaderManaged) lazyEl.remove();
  }
  };
  const unlazy = (swiper, index)=>{
  if (!swiper.slides[index]) return;
  const imageEl = swiper.slides[index].querySelector('[loading="lazy"]');
  if (imageEl) imageEl.removeAttribute('loading');
  };
  const preload = (swiper)=>{
  if (!swiper || swiper.destroyed || !swiper.params) return;
  let amount = swiper.params.lazyPreloadPrevNext;
  const len = swiper.slides.length;
  if (!len || !amount || amount < 0) return;
  amount = Math.min(amount, len);
  const slidesPerView = swiper.params.slidesPerView === 'auto' ? swiper.slidesPerViewDynamic() : Math.ceil(swiper.params.slidesPerView);
  const activeIndex = swiper.activeIndex;
  if (swiper.params.grid && swiper.params.grid.rows > 1) {
  const activeColumn = activeIndex;
  const preloadColumns = [
  activeColumn - amount
  ];
  preloadColumns.push(...Array.from({
  length: amount
  }).map((_, i1)=>{
  return activeColumn + slidesPerView + i1;
  }));
  swiper.slides.forEach((slideEl, i1)=>{
  if (preloadColumns.includes(slideEl.column)) unlazy(swiper, i1);
  });
  return;
  }
  const slideIndexLastInView = activeIndex + slidesPerView - 1;
  if (swiper.params.rewind || swiper.params.loop) {
  for(let i1 = activeIndex - amount; i1 <= slideIndexLastInView + amount; i1 += 1){
  const realIndex = (i1 % len + len) % len;
  if (realIndex < activeIndex || realIndex > slideIndexLastInView) unlazy(swiper, realIndex);
  }
  } else {
  for(let i1 = Math.max(activeIndex - amount, 0); i1 <= Math.min(slideIndexLastInView + amount, len - 1); i1 += 1){
  if (i1 !== activeIndex && (i1 > slideIndexLastInView || i1 < activeIndex)) {
  unlazy(swiper, i1);
  }
  }
  }
  };
  function getActiveIndexByTranslate(swiper) {
  const { slidesGrid, params } = swiper;
  const translate = swiper.rtlTranslate ? swiper.translate : -swiper.translate;
  let activeIndex;
  for(let i1 = 0; i1 < slidesGrid.length; i1 += 1){
  if (typeof slidesGrid[i1 + 1] !== 'undefined') {
  if (translate >= slidesGrid[i1] && translate < slidesGrid[i1 + 1] - (slidesGrid[i1 + 1] - slidesGrid[i1]) / 2) {
  activeIndex = i1;
  } else if (translate >= slidesGrid[i1] && translate < slidesGrid[i1 + 1]) {
  activeIndex = i1 + 1;
  }
  } else if (translate >= slidesGrid[i1]) {
  activeIndex = i1;
  }
  }
  // Normalize slideIndex
  if (params.normalizeSlideIndex) {
  if (activeIndex < 0 || typeof activeIndex === 'undefined') activeIndex = 0;
  }
  return activeIndex;
  }
  function updateActiveIndex(newActiveIndex) {
  const swiper = this;
  const translate = swiper.rtlTranslate ? swiper.translate : -swiper.translate;
  const { snapGrid, params, activeIndex: previousIndex, realIndex: previousRealIndex, snapIndex: previousSnapIndex } = swiper;
  let activeIndex = newActiveIndex;
  let snapIndex;
  const getVirtualRealIndex = (aIndex)=>{
  let realIndex = aIndex - swiper.virtual.slidesBefore;
  if (realIndex < 0) {
  realIndex = swiper.virtual.slides.length + realIndex;
  }
  if (realIndex >= swiper.virtual.slides.length) {
  realIndex -= swiper.virtual.slides.length;
  }
  return realIndex;
  };
  if (typeof activeIndex === 'undefined') {
  activeIndex = getActiveIndexByTranslate(swiper);
  }
  if (snapGrid.indexOf(translate) >= 0) {
  snapIndex = snapGrid.indexOf(translate);
  } else {
  const skip = Math.min(params.slidesPerGroupSkip, activeIndex);
  snapIndex = skip + Math.floor((activeIndex - skip) / params.slidesPerGroup);
  }
  if (snapIndex >= snapGrid.length) snapIndex = snapGrid.length - 1;
  if (activeIndex === previousIndex && !swiper.params.loop) {
  if (snapIndex !== previousSnapIndex) {
  swiper.snapIndex = snapIndex;
  swiper.emit('snapIndexChange');
  }
  return;
  }
  if (activeIndex === previousIndex && swiper.params.loop && swiper.virtual && swiper.params.virtual.enabled) {
  swiper.realIndex = getVirtualRealIndex(activeIndex);
  return;
  }
  const gridEnabled = swiper.grid && params.grid && params.grid.rows > 1;
  // Get real index
  let realIndex;
  if (swiper.virtual && params.virtual.enabled) {
  if (params.loop) {
  realIndex = getVirtualRealIndex(activeIndex);
  } else {
  realIndex = activeIndex;
  }
  } else if (gridEnabled) {
  const firstSlideInColumn = swiper.slides.find((slideEl)=>slideEl.column === activeIndex);
  let activeSlideIndex = parseInt(firstSlideInColumn.getAttribute('data-swiper-slide-index'), 10);
  if (Number.isNaN(activeSlideIndex)) {
  activeSlideIndex = Math.max(swiper.slides.indexOf(firstSlideInColumn), 0);
  }
  realIndex = Math.floor(activeSlideIndex / params.grid.rows);
  } else if (swiper.slides[activeIndex]) {
  const slideIndex = swiper.slides[activeIndex].getAttribute('data-swiper-slide-index');
  if (slideIndex) {
  realIndex = parseInt(slideIndex, 10);
  } else {
  realIndex = activeIndex;
  }
  } else {
  realIndex = activeIndex;
  }
  Object.assign(swiper, {
  previousSnapIndex,
  snapIndex,
  previousRealIndex,
  realIndex,
  previousIndex,
  activeIndex
  });
  if (swiper.initialized) {
  preload(swiper);
  }
  swiper.emit('activeIndexChange');
  swiper.emit('snapIndexChange');
  if (swiper.initialized || swiper.params.runCallbacksOnInit) {
  if (previousRealIndex !== realIndex) {
  swiper.emit('realIndexChange');
  }
  swiper.emit('slideChange');
  }
  }
  function updateClickedSlide(el, path) {
  const swiper = this;
  const params = swiper.params;
  let slide = el.closest(`.${params.slideClass}, swiper-slide`);
  if (!slide && swiper.isElement && path && path.length > 1 && path.includes(el)) {
  [
  ...path.slice(path.indexOf(el) + 1, path.length)
  ].forEach((pathEl)=>{
  if (!slide && pathEl.matches && pathEl.matches(`.${params.slideClass}, swiper-slide`)) {
  slide = pathEl;
  }
  });
  }
  let slideFound = false;
  let slideIndex;
  if (slide) {
  for(let i1 = 0; i1 < swiper.slides.length; i1 += 1){
  if (swiper.slides[i1] === slide) {
  slideFound = true;
  slideIndex = i1;
  break;
  }
  }
  }
  if (slide && slideFound) {
  swiper.clickedSlide = slide;
  if (swiper.virtual && swiper.params.virtual.enabled) {
  swiper.clickedIndex = parseInt(slide.getAttribute('data-swiper-slide-index'), 10);
  } else {
  swiper.clickedIndex = slideIndex;
  }
  } else {
  swiper.clickedSlide = undefined;
  swiper.clickedIndex = undefined;
  return;
  }
  if (params.slideToClickedSlide && swiper.clickedIndex !== undefined && swiper.clickedIndex !== swiper.activeIndex) {
  swiper.slideToClickedSlide();
  }
  }
  var update = {
  updateSize,
  updateSlides,
  updateAutoHeight,
  updateSlidesOffset,
  updateSlidesProgress,
  updateProgress,
  updateSlidesClasses,
  updateActiveIndex,
  updateClickedSlide
  };
  function getSwiperTranslate(axis = this.isHorizontal() ? 'x' : 'y') {
  const swiper = this;
  const { params, rtlTranslate: rtl, translate, wrapperEl } = swiper;
  if (params.virtualTranslate) {
  return rtl ? -translate : translate;
  }
  if (params.cssMode) {
  return translate;
  }
  let currentTranslate = getTranslate(wrapperEl, axis);
  currentTranslate += swiper.cssOverflowAdjustment();
  if (rtl) currentTranslate = -currentTranslate;
  return currentTranslate || 0;
  }
  function setTranslate(translate, byController) {
  const swiper = this;
  const { rtlTranslate: rtl, params, wrapperEl, progress } = swiper;
  let x1 = 0;
  let y1 = 0;
  const z = 0;
  if (swiper.isHorizontal()) {
  x1 = rtl ? -translate : translate;
  } else {
  y1 = translate;
  }
  if (params.roundLengths) {
  x1 = Math.floor(x1);
  y1 = Math.floor(y1);
  }
  swiper.previousTranslate = swiper.translate;
  swiper.translate = swiper.isHorizontal() ? x1 : y1;
  if (params.cssMode) {
  wrapperEl[swiper.isHorizontal() ? 'scrollLeft' : 'scrollTop'] = swiper.isHorizontal() ? -x1 : -y1;
  } else if (!params.virtualTranslate) {
  if (swiper.isHorizontal()) {
  x1 -= swiper.cssOverflowAdjustment();
  } else {
  y1 -= swiper.cssOverflowAdjustment();
  }
  wrapperEl.style.transform = `translate3d(${x1}px, ${y1}px, ${z}px)`;
  }
  // Check if we need to update progress
  let newProgress;
  const translatesDiff = swiper.maxTranslate() - swiper.minTranslate();
  if (translatesDiff === 0) {
  newProgress = 0;
  } else {
  newProgress = (translate - swiper.minTranslate()) / translatesDiff;
  }
  if (newProgress !== progress) {
  swiper.updateProgress(translate);
  }
  swiper.emit('setTranslate', swiper.translate, byController);
  }
  function minTranslate() {
  return -this.snapGrid[0];
  }
  function maxTranslate() {
  return -this.snapGrid[this.snapGrid.length - 1];
  }
  function translateTo(translate = 0, speed = this.params.speed, runCallbacks = true, translateBounds = true, internal) {
  const swiper = this;
  const { params, wrapperEl } = swiper;
  if (swiper.animating && params.preventInteractionOnTransition) {
  return false;
  }
  const minTranslate = swiper.minTranslate();
  const maxTranslate = swiper.maxTranslate();
  let newTranslate;
  if (translateBounds && translate > minTranslate) newTranslate = minTranslate;
  else if (translateBounds && translate < maxTranslate) newTranslate = maxTranslate;
  else newTranslate = translate;
  // Update progress
  swiper.updateProgress(newTranslate);
  if (params.cssMode) {
  const isH = swiper.isHorizontal();
  if (speed === 0) {
  wrapperEl[isH ? 'scrollLeft' : 'scrollTop'] = -newTranslate;
  } else {
  if (!swiper.support.smoothScroll) {
  animateCSSModeScroll({
  swiper,
  targetPosition: -newTranslate,
  side: isH ? 'left' : 'top'
  });
  return true;
  }
  wrapperEl.scrollTo({
  [isH ? 'left' : 'top']: -newTranslate,
  behavior: 'smooth'
  });
  }
  return true;
  }
  if (speed === 0) {
  swiper.setTransition(0);
  swiper.setTranslate(newTranslate);
  if (runCallbacks) {
  swiper.emit('beforeTransitionStart', speed, internal);
  swiper.emit('transitionEnd');
  }
  } else {
  swiper.setTransition(speed);
  swiper.setTranslate(newTranslate);
  if (runCallbacks) {
  swiper.emit('beforeTransitionStart', speed, internal);
  swiper.emit('transitionStart');
  }
  if (!swiper.animating) {
  swiper.animating = true;
  if (!swiper.onTranslateToWrapperTransitionEnd) {
  swiper.onTranslateToWrapperTransitionEnd = function transitionEnd(e1) {
  if (!swiper || swiper.destroyed) return;
  if (e1.target !== this) return;
  swiper.wrapperEl.removeEventListener('transitionend', swiper.onTranslateToWrapperTransitionEnd);
  swiper.onTranslateToWrapperTransitionEnd = null;
  delete swiper.onTranslateToWrapperTransitionEnd;
  swiper.animating = false;
  if (runCallbacks) {
  swiper.emit('transitionEnd');
  }
  };
  }
  swiper.wrapperEl.addEventListener('transitionend', swiper.onTranslateToWrapperTransitionEnd);
  }
  }
  return true;
  }
  var translate = {
  getTranslate: getSwiperTranslate,
  setTranslate,
  minTranslate,
  maxTranslate,
  translateTo
  };
  function setTransition(duration, byController) {
  const swiper = this;
  if (!swiper.params.cssMode) {
  swiper.wrapperEl.style.transitionDuration = `${duration}ms`;
  swiper.wrapperEl.style.transitionDelay = duration === 0 ? `0ms` : '';
  }
  swiper.emit('setTransition', duration, byController);
  }
  function transitionEmit({ swiper, runCallbacks, direction, step }) {
  const { activeIndex, previousIndex } = swiper;
  let dir = direction;
  if (!dir) {
  if (activeIndex > previousIndex) dir = 'next';
  else if (activeIndex < previousIndex) dir = 'prev';
  else dir = 'reset';
  }
  swiper.emit(`transition${step}`);
  if (runCallbacks && dir === 'reset') {
  swiper.emit(`slideResetTransition${step}`);
  } else if (runCallbacks && activeIndex !== previousIndex) {
  swiper.emit(`slideChangeTransition${step}`);
  if (dir === 'next') {
  swiper.emit(`slideNextTransition${step}`);
  } else {
  swiper.emit(`slidePrevTransition${step}`);
  }
  }
  }
  function transitionStart(runCallbacks = true, direction) {
  const swiper = this;
  const { params } = swiper;
  if (params.cssMode) return;
  if (params.autoHeight) {
  swiper.updateAutoHeight();
  }
  transitionEmit({
  swiper,
  runCallbacks,
  direction,
  step: 'Start'
  });
  }
  function transitionEnd(runCallbacks = true, direction) {
  const swiper = this;
  const { params } = swiper;
  swiper.animating = false;
  if (params.cssMode) return;
  swiper.setTransition(0);
  transitionEmit({
  swiper,
  runCallbacks,
  direction,
  step: 'End'
  });
  }
  var transition = {
  setTransition,
  transitionStart,
  transitionEnd
  };
  function slideTo(index = 0, speed, runCallbacks = true, internal, initial) {
  if (typeof index === 'string') {
  index = parseInt(index, 10);
  }
  const swiper = this;
  let slideIndex = index;
  if (slideIndex < 0) slideIndex = 0;
  const { params, snapGrid, slidesGrid, previousIndex, activeIndex, rtlTranslate: rtl, wrapperEl, enabled } = swiper;
  if (!enabled && !internal && !initial || swiper.destroyed || swiper.animating && params.preventInteractionOnTransition) {
  return false;
  }
  if (typeof speed === 'undefined') {
  speed = swiper.params.speed;
  }
  const skip = Math.min(swiper.params.slidesPerGroupSkip, slideIndex);
  let snapIndex = skip + Math.floor((slideIndex - skip) / swiper.params.slidesPerGroup);
  if (snapIndex >= snapGrid.length) snapIndex = snapGrid.length - 1;
  const translate = -snapGrid[snapIndex];
  // Normalize slideIndex
  if (params.normalizeSlideIndex) {
  for(let i1 = 0; i1 < slidesGrid.length; i1 += 1){
  const normalizedTranslate = -Math.floor(translate * 100);
  const normalizedGrid = Math.floor(slidesGrid[i1] * 100);
  const normalizedGridNext = Math.floor(slidesGrid[i1 + 1] * 100);
  if (typeof slidesGrid[i1 + 1] !== 'undefined') {
  if (normalizedTranslate >= normalizedGrid && normalizedTranslate < normalizedGridNext - (normalizedGridNext - normalizedGrid) / 2) {
  slideIndex = i1;
  } else if (normalizedTranslate >= normalizedGrid && normalizedTranslate < normalizedGridNext) {
  slideIndex = i1 + 1;
  }
  } else if (normalizedTranslate >= normalizedGrid) {
  slideIndex = i1;
  }
  }
  }
  // Directions locks
  if (swiper.initialized && slideIndex !== activeIndex) {
  if (!swiper.allowSlideNext && (rtl ? translate > swiper.translate && translate > swiper.minTranslate() : translate < swiper.translate && translate < swiper.minTranslate())) {
  return false;
  }
  if (!swiper.allowSlidePrev && translate > swiper.translate && translate > swiper.maxTranslate()) {
  if ((activeIndex || 0) !== slideIndex) {
  return false;
  }
  }
  }
  if (slideIndex !== (previousIndex || 0) && runCallbacks) {
  swiper.emit('beforeSlideChangeStart');
  }
  // Update progress
  swiper.updateProgress(translate);
  let direction;
  if (slideIndex > activeIndex) direction = 'next';
  else if (slideIndex < activeIndex) direction = 'prev';
  else direction = 'reset';
  // initial virtual
  const isVirtual = swiper.virtual && swiper.params.virtual.enabled;
  const isInitialVirtual = isVirtual && initial;
  // Update Index
  if (!isInitialVirtual && (rtl && -translate === swiper.translate || !rtl && translate === swiper.translate)) {
  swiper.updateActiveIndex(slideIndex);
  // Update Height
  if (params.autoHeight) {
  swiper.updateAutoHeight();
  }
  swiper.updateSlidesClasses();
  if (params.effect !== 'slide') {
  swiper.setTranslate(translate);
  }
  if (direction !== 'reset') {
  swiper.transitionStart(runCallbacks, direction);
  swiper.transitionEnd(runCallbacks, direction);
  }
  return false;
  }
  if (params.cssMode) {
  const isH = swiper.isHorizontal();
  const t1 = rtl ? translate : -translate;
  if (speed === 0) {
  if (isVirtual) {
  swiper.wrapperEl.style.scrollSnapType = 'none';
  swiper._immediateVirtual = true;
  }
  if (isVirtual && !swiper._cssModeVirtualInitialSet && swiper.params.initialSlide > 0) {
  swiper._cssModeVirtualInitialSet = true;
  requestAnimationFrame(()=>{
  wrapperEl[isH ? 'scrollLeft' : 'scrollTop'] = t1;
  });
  } else {
  wrapperEl[isH ? 'scrollLeft' : 'scrollTop'] = t1;
  }
  if (isVirtual) {
  requestAnimationFrame(()=>{
  swiper.wrapperEl.style.scrollSnapType = '';
  swiper._immediateVirtual = false;
  });
  }
  } else {
  if (!swiper.support.smoothScroll) {
  animateCSSModeScroll({
  swiper,
  targetPosition: t1,
  side: isH ? 'left' : 'top'
  });
  return true;
  }
  wrapperEl.scrollTo({
  [isH ? 'left' : 'top']: t1,
  behavior: 'smooth'
  });
  }
  return true;
  }
  const browser = getBrowser();
  const isSafari = browser.isSafari;
  if (isVirtual && !initial && isSafari && swiper.isElement) {
  swiper.virtual.update(false, false, slideIndex);
  }
  swiper.setTransition(speed);
  swiper.setTranslate(translate);
  swiper.updateActiveIndex(slideIndex);
  swiper.updateSlidesClasses();
  swiper.emit('beforeTransitionStart', speed, internal);
  swiper.transitionStart(runCallbacks, direction);
  if (speed === 0) {
  swiper.transitionEnd(runCallbacks, direction);
  } else if (!swiper.animating) {
  swiper.animating = true;
  if (!swiper.onSlideToWrapperTransitionEnd) {
  swiper.onSlideToWrapperTransitionEnd = function transitionEnd(e1) {
  if (!swiper || swiper.destroyed) return;
  if (e1.target !== this) return;
  swiper.wrapperEl.removeEventListener('transitionend', swiper.onSlideToWrapperTransitionEnd);
  swiper.onSlideToWrapperTransitionEnd = null;
  delete swiper.onSlideToWrapperTransitionEnd;
  swiper.transitionEnd(runCallbacks, direction);
  };
  }
  swiper.wrapperEl.addEventListener('transitionend', swiper.onSlideToWrapperTransitionEnd);
  }
  return true;
  }
  function slideToLoop(index = 0, speed, runCallbacks = true, internal) {
  if (typeof index === 'string') {
  const indexAsNumber = parseInt(index, 10);
  index = indexAsNumber;
  }
  const swiper = this;
  if (swiper.destroyed) return;
  if (typeof speed === 'undefined') {
  speed = swiper.params.speed;
  }
  const gridEnabled = swiper.grid && swiper.params.grid && swiper.params.grid.rows > 1;
  let newIndex = index;
  if (swiper.params.loop) {
  if (swiper.virtual && swiper.params.virtual.enabled) {
  // eslint-disable-next-line
  newIndex = newIndex + swiper.virtual.slidesBefore;
  } else {
  let targetSlideIndex;
  if (gridEnabled) {
  const slideIndex = newIndex * swiper.params.grid.rows;
  targetSlideIndex = swiper.slides.find((slideEl)=>slideEl.getAttribute('data-swiper-slide-index') * 1 === slideIndex).column;
  } else {
  targetSlideIndex = swiper.getSlideIndexByData(newIndex);
  }
  const cols = gridEnabled ? Math.ceil(swiper.slides.length / swiper.params.grid.rows) : swiper.slides.length;
  const { centeredSlides, slidesOffsetBefore, slidesOffsetAfter } = swiper.params;
  const bothDirections = centeredSlides || !!slidesOffsetBefore || !!slidesOffsetAfter;
  let slidesPerView = swiper.params.slidesPerView;
  if (slidesPerView === 'auto') {
  slidesPerView = swiper.slidesPerViewDynamic();
  } else {
  slidesPerView = Math.ceil(parseFloat(swiper.params.slidesPerView, 10));
  if (bothDirections && slidesPerView % 2 === 0) {
  slidesPerView = slidesPerView + 1;
  }
  }
  let needLoopFix = cols - targetSlideIndex < slidesPerView;
  if (bothDirections) {
  needLoopFix = needLoopFix || targetSlideIndex < Math.ceil(slidesPerView / 2);
  }
  if (internal && bothDirections && swiper.params.slidesPerView !== 'auto' && !gridEnabled) {
  needLoopFix = false;
  }
  if (needLoopFix) {
  const direction = bothDirections ? targetSlideIndex < swiper.activeIndex ? 'prev' : 'next' : targetSlideIndex - swiper.activeIndex - 1 < swiper.params.slidesPerView ? 'next' : 'prev';
  swiper.loopFix({
  direction,
  slideTo: true,
  activeSlideIndex: direction === 'next' ? targetSlideIndex + 1 : targetSlideIndex - cols + 1,
  slideRealIndex: direction === 'next' ? swiper.realIndex : undefined
  });
  }
  if (gridEnabled) {
  const slideIndex = newIndex * swiper.params.grid.rows;
  newIndex = swiper.slides.find((slideEl)=>slideEl.getAttribute('data-swiper-slide-index') * 1 === slideIndex).column;
  } else {
  newIndex = swiper.getSlideIndexByData(newIndex);
  }
  }
  }
  requestAnimationFrame(()=>{
  swiper.slideTo(newIndex, speed, runCallbacks, internal);
  });
  return swiper;
  }
  /* eslint no-unused-vars: "off" */ function slideNext(speed, runCallbacks = true, internal) {
  const swiper = this;
  const { enabled, params, animating } = swiper;
  if (!enabled || swiper.destroyed) return swiper;
  if (typeof speed === 'undefined') {
  speed = swiper.params.speed;
  }
  let perGroup = params.slidesPerGroup;
  if (params.slidesPerView === 'auto' && params.slidesPerGroup === 1 && params.slidesPerGroupAuto) {
  perGroup = Math.max(swiper.slidesPerViewDynamic('current', true), 1);
  }
  const increment = swiper.activeIndex < params.slidesPerGroupSkip ? 1 : perGroup;
  const isVirtual = swiper.virtual && params.virtual.enabled;
  if (params.loop) {
  if (animating && !isVirtual && params.loopPreventsSliding) return false;
  swiper.loopFix({
  direction: 'next'
  });
  // eslint-disable-next-line
  swiper._clientLeft = swiper.wrapperEl.clientLeft;
  if (swiper.activeIndex === swiper.slides.length - 1 && params.cssMode) {
  requestAnimationFrame(()=>{
  swiper.slideTo(swiper.activeIndex + increment, speed, runCallbacks, internal);
  });
  return true;
  }
  }
  if (params.rewind && swiper.isEnd) {
  return swiper.slideTo(0, speed, runCallbacks, internal);
  }
  return swiper.slideTo(swiper.activeIndex + increment, speed, runCallbacks, internal);
  }
  /* eslint no-unused-vars: "off" */ function slidePrev(speed, runCallbacks = true, internal) {
  const swiper = this;
  const { params, snapGrid, slidesGrid, rtlTranslate, enabled, animating } = swiper;
  if (!enabled || swiper.destroyed) return swiper;
  if (typeof speed === 'undefined') {
  speed = swiper.params.speed;
  }
  const isVirtual = swiper.virtual && params.virtual.enabled;
  if (params.loop) {
  if (animating && !isVirtual && params.loopPreventsSliding) return false;
  swiper.loopFix({
  direction: 'prev'
  });
  // eslint-disable-next-line
  swiper._clientLeft = swiper.wrapperEl.clientLeft;
  }
  const translate = rtlTranslate ? swiper.translate : -swiper.translate;
  function normalize(val) {
  if (val < 0) return -Math.floor(Math.abs(val));
  return Math.floor(val);
  }
  const normalizedTranslate = normalize(translate);
  const normalizedSnapGrid = snapGrid.map((val)=>normalize(val));
  const isFreeMode = params.freeMode && params.freeMode.enabled;
  let prevSnap = snapGrid[normalizedSnapGrid.indexOf(normalizedTranslate) - 1];
  if (typeof prevSnap === 'undefined' && (params.cssMode || isFreeMode)) {
  let prevSnapIndex;
  snapGrid.forEach((snap, snapIndex)=>{
  if (normalizedTranslate >= snap) {
  // prevSnap = snap;
  prevSnapIndex = snapIndex;
  }
  });
  if (typeof prevSnapIndex !== 'undefined') {
  prevSnap = isFreeMode ? snapGrid[prevSnapIndex] : snapGrid[prevSnapIndex > 0 ? prevSnapIndex - 1 : prevSnapIndex];
  }
  }
  let prevIndex = 0;
  if (typeof prevSnap !== 'undefined') {
  prevIndex = slidesGrid.indexOf(prevSnap);
  if (prevIndex < 0) prevIndex = swiper.activeIndex - 1;
  if (params.slidesPerView === 'auto' && params.slidesPerGroup === 1 && params.slidesPerGroupAuto) {
  prevIndex = prevIndex - swiper.slidesPerViewDynamic('previous', true) + 1;
  prevIndex = Math.max(prevIndex, 0);
  }
  }
  if (params.rewind && swiper.isBeginning) {
  const lastIndex = swiper.params.virtual && swiper.params.virtual.enabled && swiper.virtual ? swiper.virtual.slides.length - 1 : swiper.slides.length - 1;
  return swiper.slideTo(lastIndex, speed, runCallbacks, internal);
  } else if (params.loop && swiper.activeIndex === 0 && params.cssMode) {
  requestAnimationFrame(()=>{
  swiper.slideTo(prevIndex, speed, runCallbacks, internal);
  });
  return true;
  }
  return swiper.slideTo(prevIndex, speed, runCallbacks, internal);
  }
  /* eslint no-unused-vars: "off" */ function slideReset(speed, runCallbacks = true, internal) {
  const swiper = this;
  if (swiper.destroyed) return;
  if (typeof speed === 'undefined') {
  speed = swiper.params.speed;
  }
  return swiper.slideTo(swiper.activeIndex, speed, runCallbacks, internal);
  }
  /* eslint no-unused-vars: "off" */ function slideToClosest(speed, runCallbacks = true, internal, threshold = 0.5) {
  const swiper = this;
  if (swiper.destroyed) return;
  if (typeof speed === 'undefined') {
  speed = swiper.params.speed;
  }
  let index = swiper.activeIndex;
  const skip = Math.min(swiper.params.slidesPerGroupSkip, index);
  const snapIndex = skip + Math.floor((index - skip) / swiper.params.slidesPerGroup);
  const translate = swiper.rtlTranslate ? swiper.translate : -swiper.translate;
  if (translate >= swiper.snapGrid[snapIndex]) {
  // The current translate is on or after the current snap index, so the choice
  // is between the current index and the one after it.
  const currentSnap = swiper.snapGrid[snapIndex];
  const nextSnap = swiper.snapGrid[snapIndex + 1];
  if (translate - currentSnap > (nextSnap - currentSnap) * threshold) {
  index += swiper.params.slidesPerGroup;
  }
  } else {
  // The current translate is before the current snap index, so the choice
  // is between the current index and the one before it.
  const prevSnap = swiper.snapGrid[snapIndex - 1];
  const currentSnap = swiper.snapGrid[snapIndex];
  if (translate - prevSnap <= (currentSnap - prevSnap) * threshold) {
  index -= swiper.params.slidesPerGroup;
  }
  }
  index = Math.max(index, 0);
  index = Math.min(index, swiper.slidesGrid.length - 1);
  return swiper.slideTo(index, speed, runCallbacks, internal);
  }
  function slideToClickedSlide() {
  const swiper = this;
  if (swiper.destroyed) return;
  const { params, slidesEl } = swiper;
  const slidesPerView = params.slidesPerView === 'auto' ? swiper.slidesPerViewDynamic() : params.slidesPerView;
  let slideToIndex = swiper.getSlideIndexWhenGrid(swiper.clickedIndex);
  let realIndex;
  const slideSelector = swiper.isElement ? `swiper-slide` : `.${params.slideClass}`;
  const isGrid = swiper.grid && swiper.params.grid && swiper.params.grid.rows > 1;
  if (params.loop) {
  if (swiper.animating) return;
  realIndex = parseInt(swiper.clickedSlide.getAttribute('data-swiper-slide-index'), 10);
  if (params.centeredSlides) {
  swiper.slideToLoop(realIndex);
  } else if (slideToIndex > (isGrid ? (swiper.slides.length - slidesPerView) / 2 - (swiper.params.grid.rows - 1) : swiper.slides.length - slidesPerView)) {
  swiper.loopFix();
  slideToIndex = swiper.getSlideIndex(elementChildren(slidesEl, `${slideSelector}[data-swiper-slide-index="${realIndex}"]`)[0]);
  nextTick(()=>{
  swiper.slideTo(slideToIndex);
  });
  } else {
  swiper.slideTo(slideToIndex);
  }
  } else {
  swiper.slideTo(slideToIndex);
  }
  }
  var slide = {
  slideTo,
  slideToLoop,
  slideNext,
  slidePrev,
  slideReset,
  slideToClosest,
  slideToClickedSlide
  };
  function loopCreate(slideRealIndex, initial) {
  const swiper = this;
  const { params, slidesEl } = swiper;
  if (!params.loop || swiper.virtual && swiper.params.virtual.enabled) return;
  const initSlides = ()=>{
  const slides = elementChildren(slidesEl, `.${params.slideClass}, swiper-slide`);
  slides.forEach((el, index)=>{
  el.setAttribute('data-swiper-slide-index', index);
  });
  };
  const clearBlankSlides = ()=>{
  const slides = elementChildren(slidesEl, `.${params.slideBlankClass}`);
  slides.forEach((el)=>{
  el.remove();
  });
  if (slides.length > 0) {
  swiper.recalcSlides();
  swiper.updateSlides();
  }
  };
  const gridEnabled = swiper.grid && params.grid && params.grid.rows > 1;
  if (params.loopAddBlankSlides && (params.slidesPerGroup > 1 || gridEnabled)) {
  clearBlankSlides();
  }
  const slidesPerGroup = params.slidesPerGroup * (gridEnabled ? params.grid.rows : 1);
  const shouldFillGroup = swiper.slides.length % slidesPerGroup !== 0;
  const shouldFillGrid = gridEnabled && swiper.slides.length % params.grid.rows !== 0;
  const addBlankSlides = (amountOfSlides)=>{
  for(let i1 = 0; i1 < amountOfSlides; i1 += 1){
  const slideEl = swiper.isElement ? createElement('swiper-slide', [
  params.slideBlankClass
  ]) : createElement('div', [
  params.slideClass,
  params.slideBlankClass
  ]);
  swiper.slidesEl.append(slideEl);
  }
  };
  if (shouldFillGroup) {
  if (params.loopAddBlankSlides) {
  const slidesToAdd = slidesPerGroup - swiper.slides.length % slidesPerGroup;
  addBlankSlides(slidesToAdd);
  swiper.recalcSlides();
  swiper.updateSlides();
  } else {
  showWarning('Swiper Loop Warning: The number of slides is not even to slidesPerGroup, loop mode may not function properly. You need to add more slides (or make duplicates, or empty slides)');
  }
  initSlides();
  } else if (shouldFillGrid) {
  if (params.loopAddBlankSlides) {
  const slidesToAdd = params.grid.rows - swiper.slides.length % params.grid.rows;
  addBlankSlides(slidesToAdd);
  swiper.recalcSlides();
  swiper.updateSlides();
  } else {
  showWarning('Swiper Loop Warning: The number of slides is not even to grid.rows, loop mode may not function properly. You need to add more slides (or make duplicates, or empty slides)');
  }
  initSlides();
  } else {
  initSlides();
  }
  const bothDirections = params.centeredSlides || !!params.slidesOffsetBefore || !!params.slidesOffsetAfter;
  swiper.loopFix({
  slideRealIndex,
  direction: bothDirections ? undefined : 'next',
  initial
  });
  }
  function loopFix({ slideRealIndex, slideTo = true, direction, setTranslate, activeSlideIndex, initial, byController, byMousewheel } = {}) {
  const swiper = this;
  if (!swiper.params.loop) return;
  swiper.emit('beforeLoopFix');
  const { slides, allowSlidePrev, allowSlideNext, slidesEl, params } = swiper;
  const { centeredSlides, slidesOffsetBefore, slidesOffsetAfter, initialSlide } = params;
  const bothDirections = centeredSlides || !!slidesOffsetBefore || !!slidesOffsetAfter;
  swiper.allowSlidePrev = true;
  swiper.allowSlideNext = true;
  if (swiper.virtual && params.virtual.enabled) {
  if (slideTo) {
  if (!bothDirections && swiper.snapIndex === 0) {
  swiper.slideTo(swiper.virtual.slides.length, 0, false, true);
  } else if (bothDirections && swiper.snapIndex < params.slidesPerView) {
  swiper.slideTo(swiper.virtual.slides.length + swiper.snapIndex, 0, false, true);
  } else if (swiper.snapIndex === swiper.snapGrid.length - 1) {
  swiper.slideTo(swiper.virtual.slidesBefore, 0, false, true);
  }
  }
  swiper.allowSlidePrev = allowSlidePrev;
  swiper.allowSlideNext = allowSlideNext;
  swiper.emit('loopFix');
  return;
  }
  let slidesPerView = params.slidesPerView;
  if (slidesPerView === 'auto') {
  slidesPerView = swiper.slidesPerViewDynamic();
  } else {
  slidesPerView = Math.ceil(parseFloat(params.slidesPerView, 10));
  if (bothDirections && slidesPerView % 2 === 0) {
  slidesPerView = slidesPerView + 1;
  }
  }
  const slidesPerGroup = params.slidesPerGroupAuto ? slidesPerView : params.slidesPerGroup;
  let loopedSlides = bothDirections ? Math.max(slidesPerGroup, Math.ceil(slidesPerView / 2)) : slidesPerGroup;
  if (loopedSlides % slidesPerGroup !== 0) {
  loopedSlides += slidesPerGroup - loopedSlides % slidesPerGroup;
  }
  loopedSlides += params.loopAdditionalSlides;
  swiper.loopedSlides = loopedSlides;
  const gridEnabled = swiper.grid && params.grid && params.grid.rows > 1;
  if (slides.length < slidesPerView + loopedSlides || swiper.params.effect === 'cards' && slides.length < slidesPerView + loopedSlides * 2) {
  showWarning('Swiper Loop Warning: The number of slides is not enough for loop mode, it will be disabled or not function properly. You need to add more slides (or make duplicates) or lower the values of slidesPerView and slidesPerGroup parameters');
  } else if (gridEnabled && params.grid.fill === 'row') {
  showWarning('Swiper Loop Warning: Loop mode is not compatible with grid.fill = `row`');
  }
  const prependSlidesIndexes = [];
  const appendSlidesIndexes = [];
  const cols = gridEnabled ? Math.ceil(slides.length / params.grid.rows) : slides.length;
  const isInitialOverflow = initial && cols - initialSlide < slidesPerView && !bothDirections;
  let activeIndex = isInitialOverflow ? initialSlide : swiper.activeIndex;
  if (typeof activeSlideIndex === 'undefined') {
  activeSlideIndex = swiper.getSlideIndex(slides.find((el)=>el.classList.contains(params.slideActiveClass)));
  } else {
  activeIndex = activeSlideIndex;
  }
  const isNext = direction === 'next' || !direction;
  const isPrev = direction === 'prev' || !direction;
  let slidesPrepended = 0;
  let slidesAppended = 0;
  const activeColIndex = gridEnabled ? slides[activeSlideIndex].column : activeSlideIndex;
  const activeColIndexWithShift = activeColIndex + (bothDirections && typeof setTranslate === 'undefined' ? -slidesPerView / 2 + 0.5 : 0);
  // prepend last slides before start
  if (activeColIndexWithShift < loopedSlides) {
  slidesPrepended = Math.max(loopedSlides - activeColIndexWithShift, slidesPerGroup);
  for(let i1 = 0; i1 < loopedSlides - activeColIndexWithShift; i1 += 1){
  const index = i1 - Math.floor(i1 / cols) * cols;
  if (gridEnabled) {
  const colIndexToPrepend = cols - index - 1;
  for(let i1 = slides.length - 1; i1 >= 0; i1 -= 1){
  if (slides[i1].column === colIndexToPrepend) prependSlidesIndexes.push(i1);
  }
  // slides.forEach((slide, slideIndex) => {
  //   if (slide.column === colIndexToPrepend) prependSlidesIndexes.push(slideIndex);
  // });
  } else {
  prependSlidesIndexes.push(cols - index - 1);
  }
  }
  } else if (activeColIndexWithShift + slidesPerView > cols - loopedSlides) {
  slidesAppended = Math.max(activeColIndexWithShift - (cols - loopedSlides * 2), slidesPerGroup);
  if (isInitialOverflow) {
  slidesAppended = Math.max(slidesAppended, slidesPerView - cols + initialSlide + 1);
  }
  for(let i1 = 0; i1 < slidesAppended; i1 += 1){
  const index = i1 - Math.floor(i1 / cols) * cols;
  if (gridEnabled) {
  slides.forEach((slide, slideIndex)=>{
  if (slide.column === index) appendSlidesIndexes.push(slideIndex);
  });
  } else {
  appendSlidesIndexes.push(index);
  }
  }
  }
  swiper.__preventObserver__ = true;
  requestAnimationFrame(()=>{
  swiper.__preventObserver__ = false;
  });
  if (swiper.params.effect === 'cards' && slides.length < slidesPerView + loopedSlides * 2) {
  if (appendSlidesIndexes.includes(activeSlideIndex)) {
  appendSlidesIndexes.splice(appendSlidesIndexes.indexOf(activeSlideIndex), 1);
  }
  if (prependSlidesIndexes.includes(activeSlideIndex)) {
  prependSlidesIndexes.splice(prependSlidesIndexes.indexOf(activeSlideIndex), 1);
  }
  }
  if (isPrev) {
  prependSlidesIndexes.forEach((index)=>{
  slides[index].swiperLoopMoveDOM = true;
  slidesEl.prepend(slides[index]);
  slides[index].swiperLoopMoveDOM = false;
  });
  }
  if (isNext) {
  appendSlidesIndexes.forEach((index)=>{
  slides[index].swiperLoopMoveDOM = true;
  slidesEl.append(slides[index]);
  slides[index].swiperLoopMoveDOM = false;
  });
  }
  swiper.recalcSlides();
  if (params.slidesPerView === 'auto') {
  swiper.updateSlides();
  } else if (gridEnabled && (prependSlidesIndexes.length > 0 && isPrev || appendSlidesIndexes.length > 0 && isNext)) {
  swiper.slides.forEach((slide, slideIndex)=>{
  swiper.grid.updateSlide(slideIndex, slide, swiper.slides);
  });
  }
  if (params.watchSlidesProgress) {
  swiper.updateSlidesOffset();
  }
  if (slideTo) {
  if (prependSlidesIndexes.length > 0 && isPrev) {
  if (typeof slideRealIndex === 'undefined') {
  const currentSlideTranslate = swiper.slidesGrid[activeIndex];
  const newSlideTranslate = swiper.slidesGrid[activeIndex + slidesPrepended];
  const diff = newSlideTranslate - currentSlideTranslate;
  if (byMousewheel) {
  swiper.setTranslate(swiper.translate - diff);
  } else {
  swiper.slideTo(activeIndex + Math.ceil(slidesPrepended), 0, false, true);
  if (setTranslate) {
  swiper.touchEventsData.startTranslate = swiper.touchEventsData.startTranslate - diff;
  swiper.touchEventsData.currentTranslate = swiper.touchEventsData.currentTranslate - diff;
  }
  }
  } else {
  if (setTranslate) {
  const shift = gridEnabled ? prependSlidesIndexes.length / params.grid.rows : prependSlidesIndexes.length;
  swiper.slideTo(swiper.activeIndex + shift, 0, false, true);
  swiper.touchEventsData.currentTranslate = swiper.translate;
  }
  }
  } else if (appendSlidesIndexes.length > 0 && isNext) {
  if (typeof slideRealIndex === 'undefined') {
  const currentSlideTranslate = swiper.slidesGrid[activeIndex];
  const newSlideTranslate = swiper.slidesGrid[activeIndex - slidesAppended];
  const diff = newSlideTranslate - currentSlideTranslate;
  if (byMousewheel) {
  swiper.setTranslate(swiper.translate - diff);
  } else {
  swiper.slideTo(activeIndex - slidesAppended, 0, false, true);
  if (setTranslate) {
  swiper.touchEventsData.startTranslate = swiper.touchEventsData.startTranslate - diff;
  swiper.touchEventsData.currentTranslate = swiper.touchEventsData.currentTranslate - diff;
  }
  }
  } else {
  const shift = gridEnabled ? appendSlidesIndexes.length / params.grid.rows : appendSlidesIndexes.length;
  swiper.slideTo(swiper.activeIndex - shift, 0, false, true);
  }
  }
  }
  swiper.allowSlidePrev = allowSlidePrev;
  swiper.allowSlideNext = allowSlideNext;
  if (swiper.controller && swiper.controller.control && !byController) {
  const loopParams = {
  slideRealIndex,
  direction,
  setTranslate,
  activeSlideIndex,
  byController: true
  };
  if (Array.isArray(swiper.controller.control)) {
  swiper.controller.control.forEach((c1)=>{
  if (!c1.destroyed && c1.params.loop) c1.loopFix({
  ...loopParams,
  slideTo: c1.params.slidesPerView === params.slidesPerView ? slideTo : false
  });
  });
  } else if (swiper.controller.control instanceof swiper.constructor && swiper.controller.control.params.loop) {
  swiper.controller.control.loopFix({
  ...loopParams,
  slideTo: swiper.controller.control.params.slidesPerView === params.slidesPerView ? slideTo : false
  });
  }
  }
  swiper.emit('loopFix');
  }
  function loopDestroy() {
  const swiper = this;
  const { params, slidesEl } = swiper;
  if (!params.loop || !slidesEl || swiper.virtual && swiper.params.virtual.enabled) return;
  swiper.recalcSlides();
  const newSlidesOrder = [];
  swiper.slides.forEach((slideEl)=>{
  const index = typeof slideEl.swiperSlideIndex === 'undefined' ? slideEl.getAttribute('data-swiper-slide-index') * 1 : slideEl.swiperSlideIndex;
  newSlidesOrder[index] = slideEl;
  });
  swiper.slides.forEach((slideEl)=>{
  slideEl.removeAttribute('data-swiper-slide-index');
  });
  newSlidesOrder.forEach((slideEl)=>{
  slidesEl.append(slideEl);
  });
  swiper.recalcSlides();
  swiper.slideTo(swiper.realIndex, 0);
  }
  var loop = {
  loopCreate,
  loopFix,
  loopDestroy
  };
  function setGrabCursor(moving) {
  const swiper = this;
  if (!swiper.params.simulateTouch || swiper.params.watchOverflow && swiper.isLocked || swiper.params.cssMode) return;
  const el = swiper.params.touchEventsTarget === 'container' ? swiper.el : swiper.wrapperEl;
  if (swiper.isElement) {
  swiper.__preventObserver__ = true;
  }
  el.style.cursor = 'move';
  el.style.cursor = moving ? 'grabbing' : 'grab';
  if (swiper.isElement) {
  requestAnimationFrame(()=>{
  swiper.__preventObserver__ = false;
  });
  }
  }
  function unsetGrabCursor() {
  const swiper = this;
  if (swiper.params.watchOverflow && swiper.isLocked || swiper.params.cssMode) {
  return;
  }
  if (swiper.isElement) {
  swiper.__preventObserver__ = true;
  }
  swiper[swiper.params.touchEventsTarget === 'container' ? 'el' : 'wrapperEl'].style.cursor = '';
  if (swiper.isElement) {
  requestAnimationFrame(()=>{
  swiper.__preventObserver__ = false;
  });
  }
  }
  var grabCursor = {
  setGrabCursor,
  unsetGrabCursor
  };
  // Modified from https://stackoverflow.com/questions/54520554/custom-element-getrootnode-closest-function-crossing-multiple-parent-shadowd
  function closestElement(selector, base = this) {
  function __closestFrom(el) {
  if (!el || el === getDocument() || el === getWindow()) return null;
  if (el.assignedSlot) el = el.assignedSlot;
  const found = el.closest(selector);
  if (!found && !el.getRootNode) {
  return null;
  }
  return found || __closestFrom(el.getRootNode().host);
  }
  return __closestFrom(base);
  }
  function preventEdgeSwipe(swiper, event1, startX) {
  const window1 = getWindow();
  const { params } = swiper;
  const edgeSwipeDetection = params.edgeSwipeDetection;
  const edgeSwipeThreshold = params.edgeSwipeThreshold;
  if (edgeSwipeDetection && (startX <= edgeSwipeThreshold || startX >= window1.innerWidth - edgeSwipeThreshold)) {
  if (edgeSwipeDetection === 'prevent') {
  event1.preventDefault();
  return true;
  }
  return false;
  }
  return true;
  }
  function onTouchStart(event1) {
  const swiper = this;
  const document1 = getDocument();
  let e1 = event1;
  if (e1.originalEvent) e1 = e1.originalEvent;
  const data = swiper.touchEventsData;
  if (e1.type === 'pointerdown') {
  if (data.pointerId !== null && data.pointerId !== e1.pointerId) {
  return;
  }
  data.pointerId = e1.pointerId;
  } else if (e1.type === 'touchstart' && e1.targetTouches.length === 1) {
  data.touchId = e1.targetTouches[0].identifier;
  }
  if (e1.type === 'touchstart') {
  // don't proceed touch event
  preventEdgeSwipe(swiper, e1, e1.targetTouches[0].pageX);
  return;
  }
  const { params, touches, enabled } = swiper;
  if (!enabled) return;
  if (!params.simulateTouch && e1.pointerType === 'mouse') return;
  if (swiper.animating && params.preventInteractionOnTransition) {
  return;
  }
  if (!swiper.animating && params.cssMode && params.loop) {
  swiper.loopFix();
  }
  let targetEl = e1.target;
  if (params.touchEventsTarget === 'wrapper') {
  if (!elementIsChildOf(targetEl, swiper.wrapperEl)) return;
  }
  if ('which' in e1 && e1.which === 3) return;
  if ('button' in e1 && e1.button > 0) return;
  if (data.isTouched && data.isMoved) return;
  // change target el for shadow root component
  const swipingClassHasValue = !!params.noSwipingClass && params.noSwipingClass !== '';
  // eslint-disable-next-line
  const eventPath = e1.composedPath ? e1.composedPath() : e1.path;
  if (swipingClassHasValue && e1.target && e1.target.shadowRoot && eventPath) {
  targetEl = eventPath[0];
  }
  const noSwipingSelector = params.noSwipingSelector ? params.noSwipingSelector : `.${params.noSwipingClass}`;
  const isTargetShadow = !!(e1.target && e1.target.shadowRoot);
  // use closestElement for shadow root element to get the actual closest for nested shadow root element
  if (params.noSwiping && (isTargetShadow ? closestElement(noSwipingSelector, targetEl) : targetEl.closest(noSwipingSelector))) {
  swiper.allowClick = true;
  return;
  }
  if (params.swipeHandler) {
  if (!targetEl.closest(params.swipeHandler)) return;
  }
  touches.currentX = e1.pageX;
  touches.currentY = e1.pageY;
  const startX = touches.currentX;
  const startY = touches.currentY;
  // Do NOT start if iOS edge swipe is detected. Otherwise iOS app cannot swipe-to-go-back anymore
  if (!preventEdgeSwipe(swiper, e1, startX)) {
  return;
  }
  Object.assign(data, {
  isTouched: true,
  isMoved: false,
  allowTouchCallbacks: true,
  isScrolling: undefined,
  startMoving: undefined
  });
  touches.startX = startX;
  touches.startY = startY;
  data.touchStartTime = now();
  swiper.allowClick = true;
  swiper.updateSize();
  swiper.swipeDirection = undefined;
  if (params.threshold > 0) data.allowThresholdMove = false;
  let preventDefault = true;
  if (targetEl.matches(data.focusableElements)) {
  preventDefault = false;
  if (targetEl.nodeName === 'SELECT') {
  data.isTouched = false;
  }
  }
  if (document1.activeElement && document1.activeElement.matches(data.focusableElements) && document1.activeElement !== targetEl && (e1.pointerType === 'mouse' || e1.pointerType !== 'mouse' && !targetEl.matches(data.focusableElements))) {
  document1.activeElement.blur();
  }
  const shouldPreventDefault = preventDefault && swiper.allowTouchMove && params.touchStartPreventDefault;
  if ((params.touchStartForcePreventDefault || shouldPreventDefault) && !targetEl.isContentEditable) {
  e1.preventDefault();
  }
  if (params.freeMode && params.freeMode.enabled && swiper.freeMode && swiper.animating && !params.cssMode) {
  swiper.freeMode.onTouchStart();
  }
  swiper.emit('touchStart', e1);
  }
  function onTouchMove(event1) {
  const document1 = getDocument();
  const swiper = this;
  const data = swiper.touchEventsData;
  const { params, touches, rtlTranslate: rtl, enabled } = swiper;
  if (!enabled) return;
  if (!params.simulateTouch && event1.pointerType === 'mouse') return;
  let e1 = event1;
  if (e1.originalEvent) e1 = e1.originalEvent;
  if (e1.type === 'pointermove') {
  if (data.touchId !== null) return; // return from pointer if we use touch
  const id = e1.pointerId;
  if (id !== data.pointerId) return;
  }
  let targetTouch;
  if (e1.type === 'touchmove') {
  targetTouch = [
  ...e1.changedTouches
  ].find((t1)=>t1.identifier === data.touchId);
  if (!targetTouch || targetTouch.identifier !== data.touchId) return;
  } else {
  targetTouch = e1;
  }
  if (!data.isTouched) {
  if (data.startMoving && data.isScrolling) {
  swiper.emit('touchMoveOpposite', e1);
  }
  return;
  }
  const pageX = targetTouch.pageX;
  const pageY = targetTouch.pageY;
  if (e1.preventedByNestedSwiper) {
  touches.startX = pageX;
  touches.startY = pageY;
  return;
  }
  if (!swiper.allowTouchMove) {
  if (!e1.target.matches(data.focusableElements)) {
  swiper.allowClick = false;
  }
  if (data.isTouched) {
  Object.assign(touches, {
  startX: pageX,
  startY: pageY,
  currentX: pageX,
  currentY: pageY
  });
  data.touchStartTime = now();
  }
  return;
  }
  if (params.touchReleaseOnEdges && !params.loop) {
  if (swiper.isVertical()) {
  // Vertical
  if (pageY < touches.startY && swiper.translate <= swiper.maxTranslate() || pageY > touches.startY && swiper.translate >= swiper.minTranslate()) {
  data.isTouched = false;
  data.isMoved = false;
  return;
  }
  } else if (rtl && (pageX > touches.startX && -swiper.translate <= swiper.maxTranslate() || pageX < touches.startX && -swiper.translate >= swiper.minTranslate())) {
  return;
  } else if (!rtl && (pageX < touches.startX && swiper.translate <= swiper.maxTranslate() || pageX > touches.startX && swiper.translate >= swiper.minTranslate())) {
  return;
  }
  }
  if (document1.activeElement && document1.activeElement.matches(data.focusableElements) && document1.activeElement !== e1.target && e1.pointerType !== 'mouse') {
  document1.activeElement.blur();
  }
  if (document1.activeElement) {
  if (e1.target === document1.activeElement && e1.target.matches(data.focusableElements)) {
  data.isMoved = true;
  swiper.allowClick = false;
  return;
  }
  }
  if (data.allowTouchCallbacks) {
  swiper.emit('touchMove', e1);
  }
  touches.previousX = touches.currentX;
  touches.previousY = touches.currentY;
  touches.currentX = pageX;
  touches.currentY = pageY;
  const diffX = touches.currentX - touches.startX;
  const diffY = touches.currentY - touches.startY;
  if (swiper.params.threshold && Math.sqrt(diffX ** 2 + diffY ** 2) < swiper.params.threshold) return;
  if (typeof data.isScrolling === 'undefined') {
  let touchAngle;
  if (swiper.isHorizontal() && touches.currentY === touches.startY || swiper.isVertical() && touches.currentX === touches.startX) {
  data.isScrolling = false;
  } else {
  // eslint-disable-next-line
  if (diffX * diffX + diffY * diffY >= 25) {
  touchAngle = Math.atan2(Math.abs(diffY), Math.abs(diffX)) * 180 / Math.PI;
  data.isScrolling = swiper.isHorizontal() ? touchAngle > params.touchAngle : 90 - touchAngle > params.touchAngle;
  }
  }
  }
  if (data.isScrolling) {
  swiper.emit('touchMoveOpposite', e1);
  }
  if (typeof data.startMoving === 'undefined') {
  if (touches.currentX !== touches.startX || touches.currentY !== touches.startY) {
  data.startMoving = true;
  }
  }
  if (data.isScrolling || e1.type === 'touchmove' && data.preventTouchMoveFromPointerMove) {
  data.isTouched = false;
  return;
  }
  if (!data.startMoving) {
  return;
  }
  swiper.allowClick = false;
  if (!params.cssMode && e1.cancelable) {
  e1.preventDefault();
  }
  if (params.touchMoveStopPropagation && !params.nested) {
  e1.stopPropagation();
  }
  let diff = swiper.isHorizontal() ? diffX : diffY;
  let touchesDiff = swiper.isHorizontal() ? touches.currentX - touches.previousX : touches.currentY - touches.previousY;
  if (params.oneWayMovement) {
  diff = Math.abs(diff) * (rtl ? 1 : -1);
  touchesDiff = Math.abs(touchesDiff) * (rtl ? 1 : -1);
  }
  touches.diff = diff;
  diff *= params.touchRatio;
  if (rtl) {
  diff = -diff;
  touchesDiff = -touchesDiff;
  }
  const prevTouchesDirection = swiper.touchesDirection;
  swiper.swipeDirection = diff > 0 ? 'prev' : 'next';
  swiper.touchesDirection = touchesDiff > 0 ? 'prev' : 'next';
  const isLoop = swiper.params.loop && !params.cssMode;
  const allowLoopFix = swiper.touchesDirection === 'next' && swiper.allowSlideNext || swiper.touchesDirection === 'prev' && swiper.allowSlidePrev;
  if (!data.isMoved) {
  if (isLoop && allowLoopFix) {
  swiper.loopFix({
  direction: swiper.swipeDirection
  });
  }
  data.startTranslate = swiper.getTranslate();
  swiper.setTransition(0);
  if (swiper.animating) {
  const evt = new window.CustomEvent('transitionend', {
  bubbles: true,
  cancelable: true,
  detail: {
  bySwiperTouchMove: true
  }
  });
  swiper.wrapperEl.dispatchEvent(evt);
  }
  data.allowMomentumBounce = false;
  // Grab Cursor
  if (params.grabCursor && (swiper.allowSlideNext === true || swiper.allowSlidePrev === true)) {
  swiper.setGrabCursor(true);
  }
  swiper.emit('sliderFirstMove', e1);
  }
  let loopFixed;
  new Date().getTime();
  if (params._loopSwapReset !== false && data.isMoved && data.allowThresholdMove && prevTouchesDirection !== swiper.touchesDirection && isLoop && allowLoopFix && Math.abs(diff) >= 1) {
  Object.assign(touches, {
  startX: pageX,
  startY: pageY,
  currentX: pageX,
  currentY: pageY,
  startTranslate: data.currentTranslate
  });
  data.loopSwapReset = true;
  data.startTranslate = data.currentTranslate;
  return;
  }
  swiper.emit('sliderMove', e1);
  data.isMoved = true;
  data.currentTranslate = diff + data.startTranslate;
  let disableParentSwiper = true;
  let resistanceRatio = params.resistanceRatio;
  if (params.touchReleaseOnEdges) {
  resistanceRatio = 0;
  }
  if (diff > 0) {
  if (isLoop && allowLoopFix && !loopFixed && data.allowThresholdMove && data.currentTranslate > (params.centeredSlides ? swiper.minTranslate() - swiper.slidesSizesGrid[swiper.activeIndex + 1] - (params.slidesPerView !== 'auto' && swiper.slides.length - params.slidesPerView >= 2 ? swiper.slidesSizesGrid[swiper.activeIndex + 1] + swiper.params.spaceBetween : 0) - swiper.params.spaceBetween : swiper.minTranslate())) {
  swiper.loopFix({
  direction: 'prev',
  setTranslate: true,
  activeSlideIndex: 0
  });
  }
  if (data.currentTranslate > swiper.minTranslate()) {
  disableParentSwiper = false;
  if (params.resistance) {
  data.currentTranslate = swiper.minTranslate() - 1 + (-swiper.minTranslate() + data.startTranslate + diff) ** resistanceRatio;
  }
  }
  } else if (diff < 0) {
  if (isLoop && allowLoopFix && !loopFixed && data.allowThresholdMove && data.currentTranslate < (params.centeredSlides ? swiper.maxTranslate() + swiper.slidesSizesGrid[swiper.slidesSizesGrid.length - 1] + swiper.params.spaceBetween + (params.slidesPerView !== 'auto' && swiper.slides.length - params.slidesPerView >= 2 ? swiper.slidesSizesGrid[swiper.slidesSizesGrid.length - 1] + swiper.params.spaceBetween : 0) : swiper.maxTranslate())) {
  swiper.loopFix({
  direction: 'next',
  setTranslate: true,
  activeSlideIndex: swiper.slides.length - (params.slidesPerView === 'auto' ? swiper.slidesPerViewDynamic() : Math.ceil(parseFloat(params.slidesPerView, 10)))
  });
  }
  if (data.currentTranslate < swiper.maxTranslate()) {
  disableParentSwiper = false;
  if (params.resistance) {
  data.currentTranslate = swiper.maxTranslate() + 1 - (swiper.maxTranslate() - data.startTranslate - diff) ** resistanceRatio;
  }
  }
  }
  if (disableParentSwiper) {
  e1.preventedByNestedSwiper = true;
  }
  // Directions locks
  if (!swiper.allowSlideNext && swiper.swipeDirection === 'next' && data.currentTranslate < data.startTranslate) {
  data.currentTranslate = data.startTranslate;
  }
  if (!swiper.allowSlidePrev && swiper.swipeDirection === 'prev' && data.currentTranslate > data.startTranslate) {
  data.currentTranslate = data.startTranslate;
  }
  if (!swiper.allowSlidePrev && !swiper.allowSlideNext) {
  data.currentTranslate = data.startTranslate;
  }
  // Threshold
  if (params.threshold > 0) {
  if (Math.abs(diff) > params.threshold || data.allowThresholdMove) {
  if (!data.allowThresholdMove) {
  data.allowThresholdMove = true;
  touches.startX = touches.currentX;
  touches.startY = touches.currentY;
  data.currentTranslate = data.startTranslate;
  touches.diff = swiper.isHorizontal() ? touches.currentX - touches.startX : touches.currentY - touches.startY;
  return;
  }
  } else {
  data.currentTranslate = data.startTranslate;
  return;
  }
  }
  if (!params.followFinger || params.cssMode) return;
  // Update active index in free mode
  if (params.freeMode && params.freeMode.enabled && swiper.freeMode || params.watchSlidesProgress) {
  swiper.updateActiveIndex();
  swiper.updateSlidesClasses();
  }
  if (params.freeMode && params.freeMode.enabled && swiper.freeMode) {
  swiper.freeMode.onTouchMove();
  }
  // Update progress
  swiper.updateProgress(data.currentTranslate);
  // Update translate
  swiper.setTranslate(data.currentTranslate);
  }
  function onTouchEnd(event1) {
  const swiper = this;
  const data = swiper.touchEventsData;
  let e1 = event1;
  if (e1.originalEvent) e1 = e1.originalEvent;
  let targetTouch;
  const isTouchEvent = e1.type === 'touchend' || e1.type === 'touchcancel';
  if (!isTouchEvent) {
  if (data.touchId !== null) return; // return from pointer if we use touch
  if (e1.pointerId !== data.pointerId) return;
  targetTouch = e1;
  } else {
  targetTouch = [
  ...e1.changedTouches
  ].find((t1)=>t1.identifier === data.touchId);
  if (!targetTouch || targetTouch.identifier !== data.touchId) return;
  }
  if ([
  'pointercancel',
  'pointerout',
  'pointerleave',
  'contextmenu'
  ].includes(e1.type)) {
  const proceed = [
  'pointercancel',
  'contextmenu'
  ].includes(e1.type) && (swiper.browser.isSafari || swiper.browser.isWebView);
  if (!proceed) {
  return;
  }
  }
  data.pointerId = null;
  data.touchId = null;
  const { params, touches, rtlTranslate: rtl, slidesGrid, enabled } = swiper;
  if (!enabled) return;
  if (!params.simulateTouch && e1.pointerType === 'mouse') return;
  if (data.allowTouchCallbacks) {
  swiper.emit('touchEnd', e1);
  }
  data.allowTouchCallbacks = false;
  if (!data.isTouched) {
  if (data.isMoved && params.grabCursor) {
  swiper.setGrabCursor(false);
  }
  data.isMoved = false;
  data.startMoving = false;
  return;
  }
  // Return Grab Cursor
  if (params.grabCursor && data.isMoved && data.isTouched && (swiper.allowSlideNext === true || swiper.allowSlidePrev === true)) {
  swiper.setGrabCursor(false);
  }
  // Time diff
  const touchEndTime = now();
  const timeDiff = touchEndTime - data.touchStartTime;
  // Tap, doubleTap, Click
  if (swiper.allowClick) {
  const pathTree = e1.path || e1.composedPath && e1.composedPath();
  swiper.updateClickedSlide(pathTree && pathTree[0] || e1.target, pathTree);
  swiper.emit('tap click', e1);
  if (timeDiff < 300 && touchEndTime - data.lastClickTime < 300) {
  swiper.emit('doubleTap doubleClick', e1);
  }
  }
  data.lastClickTime = now();
  nextTick(()=>{
  if (!swiper.destroyed) swiper.allowClick = true;
  });
  if (!data.isTouched || !data.isMoved || !swiper.swipeDirection || touches.diff === 0 && !data.loopSwapReset || data.currentTranslate === data.startTranslate && !data.loopSwapReset) {
  data.isTouched = false;
  data.isMoved = false;
  data.startMoving = false;
  return;
  }
  data.isTouched = false;
  data.isMoved = false;
  data.startMoving = false;
  let currentPos;
  if (params.followFinger) {
  currentPos = rtl ? swiper.translate : -swiper.translate;
  } else {
  currentPos = -data.currentTranslate;
  }
  if (params.cssMode) {
  return;
  }
  if (params.freeMode && params.freeMode.enabled) {
  swiper.freeMode.onTouchEnd({
  currentPos
  });
  return;
  }
  // Find current slide
  const swipeToLast = currentPos >= -swiper.maxTranslate() && !swiper.params.loop;
  let stopIndex = 0;
  let groupSize = swiper.slidesSizesGrid[0];
  for(let i1 = 0; i1 < slidesGrid.length; i1 += i1 < params.slidesPerGroupSkip ? 1 : params.slidesPerGroup){
  const increment = i1 < params.slidesPerGroupSkip - 1 ? 1 : params.slidesPerGroup;
  if (typeof slidesGrid[i1 + increment] !== 'undefined') {
  if (swipeToLast || currentPos >= slidesGrid[i1] && currentPos < slidesGrid[i1 + increment]) {
  stopIndex = i1;
  groupSize = slidesGrid[i1 + increment] - slidesGrid[i1];
  }
  } else if (swipeToLast || currentPos >= slidesGrid[i1]) {
  stopIndex = i1;
  groupSize = slidesGrid[slidesGrid.length - 1] - slidesGrid[slidesGrid.length - 2];
  }
  }
  let rewindFirstIndex = null;
  let rewindLastIndex = null;
  if (params.rewind) {
  if (swiper.isBeginning) {
  rewindLastIndex = params.virtual && params.virtual.enabled && swiper.virtual ? swiper.virtual.slides.length - 1 : swiper.slides.length - 1;
  } else if (swiper.isEnd) {
  rewindFirstIndex = 0;
  }
  }
  // Find current slide size
  const ratio = (currentPos - slidesGrid[stopIndex]) / groupSize;
  const increment = stopIndex < params.slidesPerGroupSkip - 1 ? 1 : params.slidesPerGroup;
  if (timeDiff > params.longSwipesMs) {
  // Long touches
  if (!params.longSwipes) {
  swiper.slideTo(swiper.activeIndex);
  return;
  }
  if (swiper.swipeDirection === 'next') {
  if (ratio >= params.longSwipesRatio) swiper.slideTo(params.rewind && swiper.isEnd ? rewindFirstIndex : stopIndex + increment);
  else swiper.slideTo(stopIndex);
  }
  if (swiper.swipeDirection === 'prev') {
  if (ratio > 1 - params.longSwipesRatio) {
  swiper.slideTo(stopIndex + increment);
  } else if (rewindLastIndex !== null && ratio < 0 && Math.abs(ratio) > params.longSwipesRatio) {
  swiper.slideTo(rewindLastIndex);
  } else {
  swiper.slideTo(stopIndex);
  }
  }
  } else {
  // Short swipes
  if (!params.shortSwipes) {
  swiper.slideTo(swiper.activeIndex);
  return;
  }
  const isNavButtonTarget = swiper.navigation && (e1.target === swiper.navigation.nextEl || e1.target === swiper.navigation.prevEl);
  if (!isNavButtonTarget) {
  if (swiper.swipeDirection === 'next') {
  swiper.slideTo(rewindFirstIndex !== null ? rewindFirstIndex : stopIndex + increment);
  }
  if (swiper.swipeDirection === 'prev') {
  swiper.slideTo(rewindLastIndex !== null ? rewindLastIndex : stopIndex);
  }
  } else if (e1.target === swiper.navigation.nextEl) {
  swiper.slideTo(stopIndex + increment);
  } else {
  swiper.slideTo(stopIndex);
  }
  }
  }
  function onResize() {
  const swiper = this;
  const { params, el } = swiper;
  if (el && el.offsetWidth === 0) return;
  // Breakpoints
  if (params.breakpoints) {
  swiper.setBreakpoint();
  }
  // Save locks
  const { allowSlideNext, allowSlidePrev, snapGrid } = swiper;
  const isVirtual = swiper.virtual && swiper.params.virtual.enabled;
  // Disable locks on resize
  swiper.allowSlideNext = true;
  swiper.allowSlidePrev = true;
  swiper.updateSize();
  swiper.updateSlides();
  swiper.updateSlidesClasses();
  const isVirtualLoop = isVirtual && params.loop;
  if ((params.slidesPerView === 'auto' || params.slidesPerView > 1) && swiper.isEnd && !swiper.isBeginning && !swiper.params.centeredSlides && !isVirtualLoop) {
  const slides = isVirtual ? swiper.virtual.slides : swiper.slides;
  swiper.slideTo(slides.length - 1, 0, false, true);
  } else {
  if (swiper.params.loop && !isVirtual) {
  swiper.slideToLoop(swiper.realIndex, 0, false, true);
  } else {
  swiper.slideTo(swiper.activeIndex, 0, false, true);
  }
  }
  if (swiper.autoplay && swiper.autoplay.running && swiper.autoplay.paused) {
  clearTimeout(swiper.autoplay.resizeTimeout);
  swiper.autoplay.resizeTimeout = setTimeout(()=>{
  if (swiper.autoplay && swiper.autoplay.running && swiper.autoplay.paused) {
  swiper.autoplay.resume();
  }
  }, 500);
  }
  // Return locks after resize
  swiper.allowSlidePrev = allowSlidePrev;
  swiper.allowSlideNext = allowSlideNext;
  if (swiper.params.watchOverflow && snapGrid !== swiper.snapGrid) {
  swiper.checkOverflow();
  }
  }
  function onClick(e1) {
  const swiper = this;
  if (!swiper.enabled) return;
  if (!swiper.allowClick) {
  if (swiper.params.preventClicks) e1.preventDefault();
  if (swiper.params.preventClicksPropagation && swiper.animating) {
  e1.stopPropagation();
  e1.stopImmediatePropagation();
  }
  }
  }
  function onScroll() {
  const swiper = this;
  const { wrapperEl, rtlTranslate, enabled } = swiper;
  if (!enabled) return;
  swiper.previousTranslate = swiper.translate;
  if (swiper.isHorizontal()) {
  swiper.translate = -wrapperEl.scrollLeft;
  } else {
  swiper.translate = -wrapperEl.scrollTop;
  }
  // eslint-disable-next-line
  if (swiper.translate === 0) swiper.translate = 0;
  swiper.updateActiveIndex();
  swiper.updateSlidesClasses();
  let newProgress;
  const translatesDiff = swiper.maxTranslate() - swiper.minTranslate();
  if (translatesDiff === 0) {
  newProgress = 0;
  } else {
  newProgress = (swiper.translate - swiper.minTranslate()) / translatesDiff;
  }
  if (newProgress !== swiper.progress) {
  swiper.updateProgress(rtlTranslate ? -swiper.translate : swiper.translate);
  }
  swiper.emit('setTranslate', swiper.translate, false);
  }
  function onLoad(e1) {
  const swiper = this;
  processLazyPreloader(swiper, e1.target);
  if (swiper.params.cssMode || swiper.params.slidesPerView !== 'auto' && !swiper.params.autoHeight) {
  return;
  }
  swiper.update();
  }
  function onDocumentTouchStart() {
  const swiper = this;
  if (swiper.documentTouchHandlerProceeded) return;
  swiper.documentTouchHandlerProceeded = true;
  if (swiper.params.touchReleaseOnEdges) {
  swiper.el.style.touchAction = 'auto';
  }
  }
  const events = (swiper, method)=>{
  const document1 = getDocument();
  const { params, el, wrapperEl, device } = swiper;
  const capture = !!params.nested;
  const domMethod = method === 'on' ? 'addEventListener' : 'removeEventListener';
  const swiperMethod = method;
  if (!el || typeof el === 'string') return;
  // Touch Events
  document1[domMethod]('touchstart', swiper.onDocumentTouchStart, {
  passive: false,
  capture
  });
  el[domMethod]('touchstart', swiper.onTouchStart, {
  passive: false
  });
  el[domMethod]('pointerdown', swiper.onTouchStart, {
  passive: false
  });
  document1[domMethod]('touchmove', swiper.onTouchMove, {
  passive: false,
  capture
  });
  document1[domMethod]('pointermove', swiper.onTouchMove, {
  passive: false,
  capture
  });
  document1[domMethod]('touchend', swiper.onTouchEnd, {
  passive: true
  });
  document1[domMethod]('pointerup', swiper.onTouchEnd, {
  passive: true
  });
  document1[domMethod]('pointercancel', swiper.onTouchEnd, {
  passive: true
  });
  document1[domMethod]('touchcancel', swiper.onTouchEnd, {
  passive: true
  });
  document1[domMethod]('pointerout', swiper.onTouchEnd, {
  passive: true
  });
  document1[domMethod]('pointerleave', swiper.onTouchEnd, {
  passive: true
  });
  document1[domMethod]('contextmenu', swiper.onTouchEnd, {
  passive: true
  });
  // Prevent Links Clicks
  if (params.preventClicks || params.preventClicksPropagation) {
  el[domMethod]('click', swiper.onClick, true);
  }
  if (params.cssMode) {
  wrapperEl[domMethod]('scroll', swiper.onScroll);
  }
  // Resize handler
  if (params.updateOnWindowResize) {
  swiper[swiperMethod](device.ios || device.android ? 'resize orientationchange observerUpdate' : 'resize observerUpdate', onResize, true);
  } else {
  swiper[swiperMethod]('observerUpdate', onResize, true);
  }
  // Images loader
  el[domMethod]('load', swiper.onLoad, {
  capture: true
  });
  };
  function attachEvents() {
  const swiper = this;
  const { params } = swiper;
  swiper.onTouchStart = onTouchStart.bind(swiper);
  swiper.onTouchMove = onTouchMove.bind(swiper);
  swiper.onTouchEnd = onTouchEnd.bind(swiper);
  swiper.onDocumentTouchStart = onDocumentTouchStart.bind(swiper);
  if (params.cssMode) {
  swiper.onScroll = onScroll.bind(swiper);
  }
  swiper.onClick = onClick.bind(swiper);
  swiper.onLoad = onLoad.bind(swiper);
  events(swiper, 'on');
  }
  function detachEvents() {
  const swiper = this;
  events(swiper, 'off');
  }
  var events$1 = {
  attachEvents,
  detachEvents
  };
  const isGridEnabled = (swiper, params)=>{
  return swiper.grid && params.grid && params.grid.rows > 1;
  };
  function setBreakpoint() {
  const swiper = this;
  const { realIndex, initialized, params, el } = swiper;
  const breakpoints = params.breakpoints;
  if (!breakpoints || breakpoints && Object.keys(breakpoints).length === 0) return;
  const document1 = getDocument();
  // Get breakpoint for window/container width and update parameters
  const breakpointsBase = params.breakpointsBase === 'window' || !params.breakpointsBase ? params.breakpointsBase : 'container';
  const breakpointContainer = [
  'window',
  'container'
  ].includes(params.breakpointsBase) || !params.breakpointsBase ? swiper.el : document1.querySelector(params.breakpointsBase);
  const breakpoint = swiper.getBreakpoint(breakpoints, breakpointsBase, breakpointContainer);
  if (!breakpoint || swiper.currentBreakpoint === breakpoint) return;
  const breakpointOnlyParams = breakpoint in breakpoints ? breakpoints[breakpoint] : undefined;
  const breakpointParams = breakpointOnlyParams || swiper.originalParams;
  const wasMultiRow = isGridEnabled(swiper, params);
  const isMultiRow = isGridEnabled(swiper, breakpointParams);
  const wasGrabCursor = swiper.params.grabCursor;
  const isGrabCursor = breakpointParams.grabCursor;
  const wasEnabled = params.enabled;
  if (wasMultiRow && !isMultiRow) {
  el.classList.remove(`${params.containerModifierClass}grid`, `${params.containerModifierClass}grid-column`);
  swiper.emitContainerClasses();
  } else if (!wasMultiRow && isMultiRow) {
  el.classList.add(`${params.containerModifierClass}grid`);
  if (breakpointParams.grid.fill && breakpointParams.grid.fill === 'column' || !breakpointParams.grid.fill && params.grid.fill === 'column') {
  el.classList.add(`${params.containerModifierClass}grid-column`);
  }
  swiper.emitContainerClasses();
  }
  if (wasGrabCursor && !isGrabCursor) {
  swiper.unsetGrabCursor();
  } else if (!wasGrabCursor && isGrabCursor) {
  swiper.setGrabCursor();
  }
  // Toggle navigation, pagination, scrollbar
  [
  'navigation',
  'pagination',
  'scrollbar'
  ].forEach((prop)=>{
  if (typeof breakpointParams[prop] === 'undefined') return;
  const wasModuleEnabled = params[prop] && params[prop].enabled;
  const isModuleEnabled = breakpointParams[prop] && breakpointParams[prop].enabled;
  if (wasModuleEnabled && !isModuleEnabled) {
  swiper[prop].disable();
  }
  if (!wasModuleEnabled && isModuleEnabled) {
  swiper[prop].enable();
  }
  });
  const directionChanged = breakpointParams.direction && breakpointParams.direction !== params.direction;
  const needsReLoop = params.loop && (breakpointParams.slidesPerView !== params.slidesPerView || directionChanged);
  const wasLoop = params.loop;
  if (directionChanged && initialized) {
  swiper.changeDirection();
  }
  extend1(swiper.params, breakpointParams);
  const isEnabled = swiper.params.enabled;
  const hasLoop = swiper.params.loop;
  Object.assign(swiper, {
  allowTouchMove: swiper.params.allowTouchMove,
  allowSlideNext: swiper.params.allowSlideNext,
  allowSlidePrev: swiper.params.allowSlidePrev
  });
  if (wasEnabled && !isEnabled) {
  swiper.disable();
  } else if (!wasEnabled && isEnabled) {
  swiper.enable();
  }
  swiper.currentBreakpoint = breakpoint;
  swiper.emit('_beforeBreakpoint', breakpointParams);
  if (initialized) {
  if (needsReLoop) {
  swiper.loopDestroy();
  swiper.loopCreate(realIndex);
  swiper.updateSlides();
  } else if (!wasLoop && hasLoop) {
  swiper.loopCreate(realIndex);
  swiper.updateSlides();
  } else if (wasLoop && !hasLoop) {
  swiper.loopDestroy();
  }
  }
  swiper.emit('breakpoint', breakpointParams);
  }
  function getBreakpoint(breakpoints, base = 'window', containerEl) {
  if (!breakpoints || base === 'container' && !containerEl) return undefined;
  let breakpoint = false;
  const window1 = getWindow();
  const currentHeight = base === 'window' ? window1.innerHeight : containerEl.clientHeight;
  const points = Object.keys(breakpoints).map((point)=>{
  if (typeof point === 'string' && point.indexOf('@') === 0) {
  const minRatio = parseFloat(point.substr(1));
  const value = currentHeight * minRatio;
  return {
  value,
  point
  };
  }
  return {
  value: point,
  point
  };
  });
  points.sort((a1, b1)=>parseInt(a1.value, 10) - parseInt(b1.value, 10));
  for(let i1 = 0; i1 < points.length; i1 += 1){
  const { point, value } = points[i1];
  if (base === 'window') {
  if (window1.matchMedia(`(min-width: ${value}px)`).matches) {
  breakpoint = point;
  }
  } else if (value <= containerEl.clientWidth) {
  breakpoint = point;
  }
  }
  return breakpoint || 'max';
  }
  var breakpoints = {
  setBreakpoint,
  getBreakpoint
  };
  function prepareClasses(entries, prefix) {
  const resultClasses = [];
  entries.forEach((item)=>{
  if (typeof item === 'object') {
  Object.keys(item).forEach((classNames)=>{
  if (item[classNames]) {
  resultClasses.push(prefix + classNames);
  }
  });
  } else if (typeof item === 'string') {
  resultClasses.push(prefix + item);
  }
  });
  return resultClasses;
  }
  function addClasses() {
  const swiper = this;
  const { classNames, params, rtl, el, device } = swiper;
  // prettier-ignore
  const suffixes = prepareClasses([
  'initialized',
  params.direction,
  {
  'free-mode': swiper.params.freeMode && params.freeMode.enabled
  },
  {
  'autoheight': params.autoHeight
  },
  {
  'rtl': rtl
  },
  {
  'grid': params.grid && params.grid.rows > 1
  },
  {
  'grid-column': params.grid && params.grid.rows > 1 && params.grid.fill === 'column'
  },
  {
  'android': device.android
  },
  {
  'ios': device.ios
  },
  {
  'css-mode': params.cssMode
  },
  {
  'centered': params.cssMode && params.centeredSlides
  },
  {
  'watch-progress': params.watchSlidesProgress
  }
  ], params.containerModifierClass);
  classNames.push(...suffixes);
  el.classList.add(...classNames);
  swiper.emitContainerClasses();
  }
  function removeClasses() {
  const swiper = this;
  const { el, classNames } = swiper;
  if (!el || typeof el === 'string') return;
  el.classList.remove(...classNames);
  swiper.emitContainerClasses();
  }
  var classes = {
  addClasses,
  removeClasses
  };
  function checkOverflow() {
  const swiper = this;
  const { isLocked: wasLocked, params } = swiper;
  const { slidesOffsetBefore } = params;
  if (slidesOffsetBefore) {
  const lastSlideIndex = swiper.slides.length - 1;
  const lastSlideRightEdge = swiper.slidesGrid[lastSlideIndex] + swiper.slidesSizesGrid[lastSlideIndex] + slidesOffsetBefore * 2;
  swiper.isLocked = swiper.size > lastSlideRightEdge;
  } else {
  swiper.isLocked = swiper.snapGrid.length === 1;
  }
  if (params.allowSlideNext === true) {
  swiper.allowSlideNext = !swiper.isLocked;
  }
  if (params.allowSlidePrev === true) {
  swiper.allowSlidePrev = !swiper.isLocked;
  }
  if (wasLocked && wasLocked !== swiper.isLocked) {
  swiper.isEnd = false;
  }
  if (wasLocked !== swiper.isLocked) {
  swiper.emit(swiper.isLocked ? 'lock' : 'unlock');
  }
  }
  var checkOverflow$1 = {
  checkOverflow
  };
  var defaults = {
  init: true,
  direction: 'horizontal',
  oneWayMovement: false,
  swiperElementNodeName: 'SWIPER-CONTAINER',
  touchEventsTarget: 'wrapper',
  initialSlide: 0,
  speed: 300,
  cssMode: false,
  updateOnWindowResize: true,
  resizeObserver: true,
  nested: false,
  createElements: false,
  eventsPrefix: 'swiper',
  enabled: true,
  focusableElements: 'input, select, option, textarea, button, video, label',
  // Overrides
  width: null,
  height: null,
  //
  preventInteractionOnTransition: false,
  // ssr
  userAgent: null,
  url: null,
  // To support iOS's swipe-to-go-back gesture (when being used in-app).
  edgeSwipeDetection: false,
  edgeSwipeThreshold: 20,
  // Autoheight
  autoHeight: false,
  // Set wrapper width
  setWrapperSize: false,
  // Virtual Translate
  virtualTranslate: false,
  // Effects
  effect: 'slide',
  // 'slide' or 'fade' or 'cube' or 'coverflow' or 'flip'
  // Breakpoints
  breakpoints: undefined,
  breakpointsBase: 'window',
  // Slides grid
  spaceBetween: 0,
  slidesPerView: 1,
  slidesPerGroup: 1,
  slidesPerGroupSkip: 0,
  slidesPerGroupAuto: false,
  centeredSlides: false,
  centeredSlidesBounds: false,
  slidesOffsetBefore: 0,
  // in px
  slidesOffsetAfter: 0,
  // in px
  normalizeSlideIndex: true,
  centerInsufficientSlides: false,
  snapToSlideEdge: false,
  // Disable swiper and hide navigation when container not overflow
  watchOverflow: true,
  // Round length
  roundLengths: false,
  // Touches
  touchRatio: 1,
  touchAngle: 45,
  simulateTouch: true,
  shortSwipes: true,
  longSwipes: true,
  longSwipesRatio: 0.5,
  longSwipesMs: 300,
  followFinger: true,
  allowTouchMove: true,
  threshold: 5,
  touchMoveStopPropagation: false,
  touchStartPreventDefault: true,
  touchStartForcePreventDefault: false,
  touchReleaseOnEdges: false,
  // Unique Navigation Elements
  uniqueNavElements: true,
  // Resistance
  resistance: true,
  resistanceRatio: 0.85,
  // Progress
  watchSlidesProgress: false,
  // Cursor
  grabCursor: false,
  // Clicks
  preventClicks: true,
  preventClicksPropagation: true,
  slideToClickedSlide: false,
  // loop
  loop: false,
  loopAddBlankSlides: true,
  loopAdditionalSlides: 0,
  loopPreventsSliding: true,
  // rewind
  rewind: false,
  // Swiping/no swiping
  allowSlidePrev: true,
  allowSlideNext: true,
  swipeHandler: null,
  // '.swipe-handler',
  noSwiping: true,
  noSwipingClass: 'swiper-no-swiping',
  noSwipingSelector: null,
  // Passive Listeners
  passiveListeners: true,
  maxBackfaceHiddenSlides: 10,
  // NS
  containerModifierClass: 'swiper-',
  // NEW
  slideClass: 'swiper-slide',
  slideBlankClass: 'swiper-slide-blank',
  slideActiveClass: 'swiper-slide-active',
  slideVisibleClass: 'swiper-slide-visible',
  slideFullyVisibleClass: 'swiper-slide-fully-visible',
  slideNextClass: 'swiper-slide-next',
  slidePrevClass: 'swiper-slide-prev',
  wrapperClass: 'swiper-wrapper',
  lazyPreloaderClass: 'swiper-lazy-preloader',
  lazyPreloadPrevNext: 0,
  // Callbacks
  runCallbacksOnInit: true,
  // Internals
  _emitClasses: false
  };
  function moduleExtendParams(params, allModulesParams) {
  return function extendParams(obj = {}) {
  const moduleParamName = Object.keys(obj)[0];
  const moduleParams = obj[moduleParamName];
  if (typeof moduleParams !== 'object' || moduleParams === null) {
  extend1(allModulesParams, obj);
  return;
  }
  if (params[moduleParamName] === true) {
  params[moduleParamName] = {
  enabled: true
  };
  }
  if (moduleParamName === 'navigation' && params[moduleParamName] && params[moduleParamName].enabled && !params[moduleParamName].prevEl && !params[moduleParamName].nextEl) {
  params[moduleParamName].auto = true;
  }
  if ([
  'pagination',
  'scrollbar'
  ].indexOf(moduleParamName) >= 0 && params[moduleParamName] && params[moduleParamName].enabled && !params[moduleParamName].el) {
  params[moduleParamName].auto = true;
  }
  if (!(moduleParamName in params && 'enabled' in moduleParams)) {
  extend1(allModulesParams, obj);
  return;
  }
  if (typeof params[moduleParamName] === 'object' && !('enabled' in params[moduleParamName])) {
  params[moduleParamName].enabled = true;
  }
  if (!params[moduleParamName]) params[moduleParamName] = {
  enabled: false
  };
  extend1(allModulesParams, obj);
  };
  }
  /* eslint no-param-reassign: "off" */ const prototypes = {
  eventsEmitter,
  update,
  translate,
  transition,
  slide,
  loop,
  grabCursor,
  events: events$1,
  breakpoints,
  checkOverflow: checkOverflow$1,
  classes
  };
  const extendedDefaults = {};
  class Swiper {
  constructor(...args){
  let el;
  let params;
  if (args.length === 1 && args[0].constructor && Object.prototype.toString.call(args[0]).slice(8, -1) === 'Object') {
  params = args[0];
  } else {
  [el, params] = args;
  }
  if (!params) params = {};
  params = extend1({}, params);
  if (el && !params.el) params.el = el;
  const document1 = getDocument();
  if (params.el && typeof params.el === 'string' && document1.querySelectorAll(params.el).length > 1) {
  const swipers = [];
  document1.querySelectorAll(params.el).forEach((containerEl)=>{
  const newParams = extend1({}, params, {
  el: containerEl
  });
  swipers.push(new Swiper(newParams));
  });
  // eslint-disable-next-line no-constructor-return
  return swipers;
  }
  // Swiper Instance
  const swiper = this;
  swiper.__swiper__ = true;
  swiper.support = getSupport();
  swiper.device = getDevice({
  userAgent: params.userAgent
  });
  swiper.browser = getBrowser();
  swiper.eventsListeners = {};
  swiper.eventsAnyListeners = [];
  swiper.modules = [
  ...swiper.__modules__
  ];
  if (params.modules && Array.isArray(params.modules)) {
  params.modules.forEach((mod)=>{
  if (typeof mod === 'function' && swiper.modules.indexOf(mod) < 0) {
  swiper.modules.push(mod);
  }
  });
  }
  const allModulesParams = {};
  swiper.modules.forEach((mod)=>{
  mod({
  params,
  swiper,
  extendParams: moduleExtendParams(params, allModulesParams),
  on: swiper.on.bind(swiper),
  once: swiper.once.bind(swiper),
  off: swiper.off.bind(swiper),
  emit: swiper.emit.bind(swiper)
  });
  });
  // Extend defaults with modules params
  const swiperParams = extend1({}, defaults, allModulesParams);
  // Extend defaults with passed params
  swiper.params = extend1({}, swiperParams, extendedDefaults, params);
  swiper.originalParams = extend1({}, swiper.params);
  swiper.passedParams = extend1({}, params);
  // add event listeners
  if (swiper.params && swiper.params.on) {
  Object.keys(swiper.params.on).forEach((eventName)=>{
  swiper.on(eventName, swiper.params.on[eventName]);
  });
  }
  if (swiper.params && swiper.params.onAny) {
  swiper.onAny(swiper.params.onAny);
  }
  // Extend Swiper
  Object.assign(swiper, {
  enabled: swiper.params.enabled,
  el,
  // Classes
  classNames: [],
  // Slides
  slides: [],
  slidesGrid: [],
  snapGrid: [],
  slidesSizesGrid: [],
  // isDirection
  isHorizontal () {
  return swiper.params.direction === 'horizontal';
  },
  isVertical () {
  return swiper.params.direction === 'vertical';
  },
  // Indexes
  activeIndex: 0,
  realIndex: 0,
  //
  isBeginning: true,
  isEnd: false,
  // Props
  translate: 0,
  previousTranslate: 0,
  progress: 0,
  velocity: 0,
  animating: false,
  cssOverflowAdjustment () {
  // Returns 0 unless `translate` is > 2**23
  // Should be subtracted from css values to prevent overflow
  return Math.trunc(this.translate / 2 ** 23) * 2 ** 23;
  },
  // Locks
  allowSlideNext: swiper.params.allowSlideNext,
  allowSlidePrev: swiper.params.allowSlidePrev,
  // Touch Events
  touchEventsData: {
  isTouched: undefined,
  isMoved: undefined,
  allowTouchCallbacks: undefined,
  touchStartTime: undefined,
  isScrolling: undefined,
  currentTranslate: undefined,
  startTranslate: undefined,
  allowThresholdMove: undefined,
  // Form elements to match
  focusableElements: swiper.params.focusableElements,
  // Last click time
  lastClickTime: 0,
  clickTimeout: undefined,
  // Velocities
  velocities: [],
  allowMomentumBounce: undefined,
  startMoving: undefined,
  pointerId: null,
  touchId: null
  },
  // Clicks
  allowClick: true,
  // Touches
  allowTouchMove: swiper.params.allowTouchMove,
  touches: {
  startX: 0,
  startY: 0,
  currentX: 0,
  currentY: 0,
  diff: 0
  },
  // Images
  imagesToLoad: [],
  imagesLoaded: 0
  });
  swiper.emit('_swiper');
  // Init
  if (swiper.params.init) {
  swiper.init();
  }
  // Return app instance
  // eslint-disable-next-line no-constructor-return
  return swiper;
  }
  getDirectionLabel(property) {
  if (this.isHorizontal()) {
  return property;
  }
  // prettier-ignore
  return ({
  'width': 'height',
  'margin-top': 'margin-left',
  'margin-bottom ': 'margin-right',
  'margin-left': 'margin-top',
  'margin-right': 'margin-bottom',
  'padding-left': 'padding-top',
  'padding-right': 'padding-bottom',
  'marginRight': 'marginBottom'
  })[property];
  }
  getSlideIndex(slideEl) {
  const { slidesEl, params } = this;
  const slides = elementChildren(slidesEl, `.${params.slideClass}, swiper-slide`);
  const firstSlideIndex = elementIndex(slides[0]);
  return elementIndex(slideEl) - firstSlideIndex;
  }
  getSlideIndexByData(index) {
  return this.getSlideIndex(this.slides.find((slideEl)=>slideEl.getAttribute('data-swiper-slide-index') * 1 === index));
  }
  getSlideIndexWhenGrid(index) {
  if (this.grid && this.params.grid && this.params.grid.rows > 1) {
  if (this.params.grid.fill === 'column') {
  index = Math.floor(index / this.params.grid.rows);
  } else if (this.params.grid.fill === 'row') {
  index = index % Math.ceil(this.slides.length / this.params.grid.rows);
  }
  }
  return index;
  }
  recalcSlides() {
  const swiper = this;
  const { slidesEl, params } = swiper;
  swiper.slides = elementChildren(slidesEl, `.${params.slideClass}, swiper-slide`);
  }
  enable() {
  const swiper = this;
  if (swiper.enabled) return;
  swiper.enabled = true;
  if (swiper.params.grabCursor) {
  swiper.setGrabCursor();
  }
  swiper.emit('enable');
  }
  disable() {
  const swiper = this;
  if (!swiper.enabled) return;
  swiper.enabled = false;
  if (swiper.params.grabCursor) {
  swiper.unsetGrabCursor();
  }
  swiper.emit('disable');
  }
  setProgress(progress, speed) {
  const swiper = this;
  progress = Math.min(Math.max(progress, 0), 1);
  const min = swiper.minTranslate();
  const max = swiper.maxTranslate();
  const current = (max - min) * progress + min;
  swiper.translateTo(current, typeof speed === 'undefined' ? 0 : speed);
  swiper.updateActiveIndex();
  swiper.updateSlidesClasses();
  }
  emitContainerClasses() {
  const swiper = this;
  if (!swiper.params._emitClasses || !swiper.el) return;
  const cls = swiper.el.className.split(' ').filter((className)=>{
  return className.indexOf('swiper') === 0 || className.indexOf(swiper.params.containerModifierClass) === 0;
  });
  swiper.emit('_containerClasses', cls.join(' '));
  }
  getSlideClasses(slideEl) {
  const swiper = this;
  if (swiper.destroyed) return '';
  return slideEl.className.split(' ').filter((className)=>{
  return className.indexOf('swiper-slide') === 0 || className.indexOf(swiper.params.slideClass) === 0;
  }).join(' ');
  }
  emitSlidesClasses() {
  const swiper = this;
  if (!swiper.params._emitClasses || !swiper.el) return;
  const updates = [];
  swiper.slides.forEach((slideEl)=>{
  const classNames = swiper.getSlideClasses(slideEl);
  updates.push({
  slideEl,
  classNames
  });
  swiper.emit('_slideClass', slideEl, classNames);
  });
  swiper.emit('_slideClasses', updates);
  }
  slidesPerViewDynamic(view = 'current', exact = false) {
  const swiper = this;
  const { params, slides, slidesGrid, slidesSizesGrid, size: swiperSize, activeIndex } = swiper;
  let spv = 1;
  if (typeof params.slidesPerView === 'number') return params.slidesPerView;
  if (params.centeredSlides) {
  let slideSize = slides[activeIndex] ? Math.ceil(slides[activeIndex].swiperSlideSize) : 0;
  let breakLoop;
  for(let i1 = activeIndex + 1; i1 < slides.length; i1 += 1){
  if (slides[i1] && !breakLoop) {
  slideSize += Math.ceil(slides[i1].swiperSlideSize);
  spv += 1;
  if (slideSize > swiperSize) breakLoop = true;
  }
  }
  for(let i1 = activeIndex - 1; i1 >= 0; i1 -= 1){
  if (slides[i1] && !breakLoop) {
  slideSize += slides[i1].swiperSlideSize;
  spv += 1;
  if (slideSize > swiperSize) breakLoop = true;
  }
  }
  } else {
  // eslint-disable-next-line
  if (view === 'current') {
  for(let i1 = activeIndex + 1; i1 < slides.length; i1 += 1){
  const slideInView = exact ? slidesGrid[i1] + slidesSizesGrid[i1] - slidesGrid[activeIndex] < swiperSize : slidesGrid[i1] - slidesGrid[activeIndex] < swiperSize;
  if (slideInView) {
  spv += 1;
  }
  }
  } else {
  // previous
  for(let i1 = activeIndex - 1; i1 >= 0; i1 -= 1){
  const slideInView = slidesGrid[activeIndex] - slidesGrid[i1] < swiperSize;
  if (slideInView) {
  spv += 1;
  }
  }
  }
  }
  return spv;
  }
  update() {
  const swiper = this;
  if (!swiper || swiper.destroyed) return;
  const { snapGrid, params } = swiper;
  // Breakpoints
  if (params.breakpoints) {
  swiper.setBreakpoint();
  }
  [
  ...swiper.el.querySelectorAll('[loading="lazy"]')
  ].forEach((imageEl)=>{
  if (imageEl.complete) {
  processLazyPreloader(swiper, imageEl);
  }
  });
  swiper.updateSize();
  swiper.updateSlides();
  swiper.updateProgress();
  swiper.updateSlidesClasses();
  function setTranslate() {
  const translateValue = swiper.rtlTranslate ? swiper.translate * -1 : swiper.translate;
  const newTranslate = Math.min(Math.max(translateValue, swiper.maxTranslate()), swiper.minTranslate());
  swiper.setTranslate(newTranslate);
  swiper.updateActiveIndex();
  swiper.updateSlidesClasses();
  }
  let translated;
  if (params.freeMode && params.freeMode.enabled && !params.cssMode) {
  setTranslate();
  if (params.autoHeight) {
  swiper.updateAutoHeight();
  }
  } else {
  if ((params.slidesPerView === 'auto' || params.slidesPerView > 1) && swiper.isEnd && !params.centeredSlides) {
  const slides = swiper.virtual && params.virtual.enabled ? swiper.virtual.slides : swiper.slides;
  translated = swiper.slideTo(slides.length - 1, 0, false, true);
  } else {
  translated = swiper.slideTo(swiper.activeIndex, 0, false, true);
  }
  if (!translated) {
  setTranslate();
  }
  }
  if (params.watchOverflow && snapGrid !== swiper.snapGrid) {
  swiper.checkOverflow();
  }
  swiper.emit('update');
  }
  changeDirection(newDirection, needUpdate = true) {
  const swiper = this;
  const currentDirection = swiper.params.direction;
  if (!newDirection) {
  // eslint-disable-next-line
  newDirection = currentDirection === 'horizontal' ? 'vertical' : 'horizontal';
  }
  if (newDirection === currentDirection || newDirection !== 'horizontal' && newDirection !== 'vertical') {
  return swiper;
  }
  swiper.el.classList.remove(`${swiper.params.containerModifierClass}${currentDirection}`);
  swiper.el.classList.add(`${swiper.params.containerModifierClass}${newDirection}`);
  swiper.emitContainerClasses();
  swiper.params.direction = newDirection;
  swiper.slides.forEach((slideEl)=>{
  if (newDirection === 'vertical') {
  slideEl.style.width = '';
  } else {
  slideEl.style.height = '';
  }
  });
  swiper.emit('changeDirection');
  if (needUpdate) swiper.update();
  return swiper;
  }
  changeLanguageDirection(direction) {
  const swiper = this;
  if (swiper.rtl && direction === 'rtl' || !swiper.rtl && direction === 'ltr') return;
  swiper.rtl = direction === 'rtl';
  swiper.rtlTranslate = swiper.params.direction === 'horizontal' && swiper.rtl;
  if (swiper.rtl) {
  swiper.el.classList.add(`${swiper.params.containerModifierClass}rtl`);
  swiper.el.dir = 'rtl';
  } else {
  swiper.el.classList.remove(`${swiper.params.containerModifierClass}rtl`);
  swiper.el.dir = 'ltr';
  }
  swiper.update();
  }
  mount(element) {
  const swiper = this;
  if (swiper.mounted) return true;
  // Find el
  let el = element || swiper.params.el;
  if (typeof el === 'string') {
  el = document.querySelector(el);
  }
  if (!el) {
  return false;
  }
  el.swiper = swiper;
  if (el.parentNode && el.parentNode.host && el.parentNode.host.nodeName === swiper.params.swiperElementNodeName.toUpperCase()) {
  swiper.isElement = true;
  }
  const getWrapperSelector = ()=>{
  return `.${(swiper.params.wrapperClass || '').trim().split(' ').join('.')}`;
  };
  const getWrapper = ()=>{
  if (el && el.shadowRoot && el.shadowRoot.querySelector) {
  const res = el.shadowRoot.querySelector(getWrapperSelector());
  // Children needs to return slot items
  return res;
  }
  return elementChildren(el, getWrapperSelector())[0];
  };
  // Find Wrapper
  let wrapperEl = getWrapper();
  if (!wrapperEl && swiper.params.createElements) {
  wrapperEl = createElement('div', swiper.params.wrapperClass);
  el.append(wrapperEl);
  elementChildren(el, `.${swiper.params.slideClass}`).forEach((slideEl)=>{
  wrapperEl.append(slideEl);
  });
  }
  Object.assign(swiper, {
  el,
  wrapperEl,
  slidesEl: swiper.isElement && !el.parentNode.host.slideSlots ? el.parentNode.host : wrapperEl,
  hostEl: swiper.isElement ? el.parentNode.host : el,
  mounted: true,
  // RTL
  rtl: el.dir.toLowerCase() === 'rtl' || elementStyle(el, 'direction') === 'rtl',
  rtlTranslate: swiper.params.direction === 'horizontal' && (el.dir.toLowerCase() === 'rtl' || elementStyle(el, 'direction') === 'rtl'),
  wrongRTL: elementStyle(wrapperEl, 'display') === '-webkit-box'
  });
  return true;
  }
  init(el) {
  const swiper = this;
  if (swiper.initialized) return swiper;
  const mounted = swiper.mount(el);
  if (mounted === false) return swiper;
  swiper.emit('beforeInit');
  // Set breakpoint
  if (swiper.params.breakpoints) {
  swiper.setBreakpoint();
  }
  // Add Classes
  swiper.addClasses();
  // Update size
  swiper.updateSize();
  // Update slides
  swiper.updateSlides();
  if (swiper.params.watchOverflow) {
  swiper.checkOverflow();
  }
  // Set Grab Cursor
  if (swiper.params.grabCursor && swiper.enabled) {
  swiper.setGrabCursor();
  }
  // Slide To Initial Slide
  if (swiper.params.loop && swiper.virtual && swiper.params.virtual.enabled) {
  swiper.slideTo(swiper.params.initialSlide + swiper.virtual.slidesBefore, 0, swiper.params.runCallbacksOnInit, false, true);
  } else {
  swiper.slideTo(swiper.params.initialSlide, 0, swiper.params.runCallbacksOnInit, false, true);
  }
  // Create loop
  if (swiper.params.loop) {
  swiper.loopCreate(undefined, true);
  }
  // Attach events
  swiper.attachEvents();
  const lazyElements = [
  ...swiper.el.querySelectorAll('[loading="lazy"]')
  ];
  if (swiper.isElement) {
  lazyElements.push(...swiper.hostEl.querySelectorAll('[loading="lazy"]'));
  }
  lazyElements.forEach((imageEl)=>{
  if (imageEl.complete) {
  processLazyPreloader(swiper, imageEl);
  } else {
  imageEl.addEventListener('load', (e1)=>{
  processLazyPreloader(swiper, e1.target);
  });
  }
  });
  preload(swiper);
  // Init Flag
  swiper.initialized = true;
  preload(swiper);
  // Emit
  swiper.emit('init');
  swiper.emit('afterInit');
  return swiper;
  }
  destroy(deleteInstance = true, cleanStyles = true) {
  const swiper = this;
  const { params, el, wrapperEl, slides } = swiper;
  if (typeof swiper.params === 'undefined' || swiper.destroyed) {
  return null;
  }
  swiper.emit('beforeDestroy');
  // Init Flag
  swiper.initialized = false;
  // Detach events
  swiper.detachEvents();
  // Destroy loop
  if (params.loop) {
  swiper.loopDestroy();
  }
  // Cleanup styles
  if (cleanStyles) {
  swiper.removeClasses();
  if (el && typeof el !== 'string') {
  el.removeAttribute('style');
  }
  if (wrapperEl) {
  wrapperEl.removeAttribute('style');
  }
  if (slides && slides.length) {
  slides.forEach((slideEl)=>{
  slideEl.classList.remove(params.slideVisibleClass, params.slideFullyVisibleClass, params.slideActiveClass, params.slideNextClass, params.slidePrevClass);
  slideEl.removeAttribute('style');
  slideEl.removeAttribute('data-swiper-slide-index');
  });
  }
  }
  swiper.emit('destroy');
  // Detach emitter events
  Object.keys(swiper.eventsListeners).forEach((eventName)=>{
  swiper.off(eventName);
  });
  if (deleteInstance !== false) {
  if (swiper.el && typeof swiper.el !== 'string') {
  swiper.el.swiper = null;
  }
  deleteProps(swiper);
  }
  swiper.destroyed = true;
  return null;
  }
  static extendDefaults(newDefaults) {
  extend1(extendedDefaults, newDefaults);
  }
  static get extendedDefaults() {
  return extendedDefaults;
  }
  static get defaults() {
  return defaults;
  }
  static installModule(mod) {
  if (!Swiper.prototype.__modules__) Swiper.prototype.__modules__ = [];
  const modules = Swiper.prototype.__modules__;
  if (typeof mod === 'function' && modules.indexOf(mod) < 0) {
  modules.push(mod);
  }
  }
  static use(module) {
  if (Array.isArray(module)) {
  module.forEach((m)=>Swiper.installModule(m));
  return Swiper;
  }
  Swiper.installModule(module);
  return Swiper;
  }
  }
  Object.keys(prototypes).forEach((prototypeGroup)=>{
  Object.keys(prototypes[prototypeGroup]).forEach((protoMethod)=>{
  Swiper.prototype[protoMethod] = prototypes[prototypeGroup][protoMethod];
  });
  });
  Swiper.use([
  Resize,
  Observer
  ]);
  ;
  ;
  /* underscore in name -> watch for changes */ const paramsList = [
  'eventsPrefix',
  'injectStyles',
  'injectStylesUrls',
  'modules',
  'init',
  '_direction',
  'oneWayMovement',
  'swiperElementNodeName',
  'touchEventsTarget',
  'initialSlide',
  '_speed',
  'cssMode',
  'updateOnWindowResize',
  'resizeObserver',
  'nested',
  'focusableElements',
  '_enabled',
  '_width',
  '_height',
  'preventInteractionOnTransition',
  'userAgent',
  'url',
  '_edgeSwipeDetection',
  '_edgeSwipeThreshold',
  '_freeMode',
  '_autoHeight',
  'setWrapperSize',
  'virtualTranslate',
  '_effect',
  'breakpoints',
  'breakpointsBase',
  '_spaceBetween',
  '_slidesPerView',
  'maxBackfaceHiddenSlides',
  '_grid',
  '_slidesPerGroup',
  '_slidesPerGroupSkip',
  '_slidesPerGroupAuto',
  '_centeredSlides',
  '_centeredSlidesBounds',
  '_slidesOffsetBefore',
  '_slidesOffsetAfter',
  'normalizeSlideIndex',
  '_centerInsufficientSlides',
  '_snapToSlideEdge',
  '_watchOverflow',
  'roundLengths',
  'touchRatio',
  'touchAngle',
  'simulateTouch',
  '_shortSwipes',
  '_longSwipes',
  'longSwipesRatio',
  'longSwipesMs',
  '_followFinger',
  'allowTouchMove',
  '_threshold',
  'touchMoveStopPropagation',
  'touchStartPreventDefault',
  'touchStartForcePreventDefault',
  'touchReleaseOnEdges',
  'uniqueNavElements',
  '_resistance',
  '_resistanceRatio',
  '_watchSlidesProgress',
  '_grabCursor',
  'preventClicks',
  'preventClicksPropagation',
  '_slideToClickedSlide',
  '_loop',
  'loopAdditionalSlides',
  'loopAddBlankSlides',
  'loopPreventsSliding',
  '_rewind',
  '_allowSlidePrev',
  '_allowSlideNext',
  '_swipeHandler',
  '_noSwiping',
  'noSwipingClass',
  'noSwipingSelector',
  'passiveListeners',
  'containerModifierClass',
  'slideClass',
  'slideActiveClass',
  'slideVisibleClass',
  'slideFullyVisibleClass',
  'slideNextClass',
  'slidePrevClass',
  'slideBlankClass',
  'wrapperClass',
  'lazyPreloaderClass',
  'lazyPreloadPrevNext',
  'runCallbacksOnInit',
  'observer',
  'observeParents',
  'observeSlideChildren',
  // modules
  'a11y',
  '_autoplay',
  '_controller',
  'coverflowEffect',
  'cubeEffect',
  'fadeEffect',
  'flipEffect',
  'creativeEffect',
  'cardsEffect',
  'hashNavigation',
  'history',
  'keyboard',
  'mousewheel',
  '_navigation',
  '_pagination',
  'parallax',
  '_scrollbar',
  '_thumbs',
  'virtual',
  'zoom',
  'control'
  ];
  function isObject2(o) {
  return typeof o === 'object' && o !== null && o.constructor && Object.prototype.toString.call(o).slice(8, -1) === 'Object' && !o.__swiper__;
  }
  function extend2(target, src) {
  const noExtend = [
  '__proto__',
  'constructor',
  'prototype'
  ];
  Object.keys(src).filter((key)=>noExtend.indexOf(key) < 0).forEach((key)=>{
  if (typeof target[key] === 'undefined') target[key] = src[key];
  else if (isObject2(src[key]) && isObject2(target[key]) && Object.keys(src[key]).length > 0) {
  if (src[key].__swiper__) target[key] = src[key];
  else extend2(target[key], src[key]);
  } else {
  target[key] = src[key];
  }
  });
  }
  function needsNavigation(params = {}) {
  return params.navigation && typeof params.navigation.nextEl === 'undefined' && typeof params.navigation.prevEl === 'undefined';
  }
  function needsPagination(params = {}) {
  return params.pagination && typeof params.pagination.el === 'undefined';
  }
  function needsScrollbar(params = {}) {
  return params.scrollbar && typeof params.scrollbar.el === 'undefined';
  }
  function uniqueClasses(classNames = '') {
  const classes = classNames.split(' ').map((c)=>c.trim()).filter((c)=>!!c);
  const unique = [];
  classes.forEach((c)=>{
  if (unique.indexOf(c) < 0) unique.push(c);
  });
  return unique.join(' ');
  }
  function attrToProp(attrName = '') {
  return attrName.replace(/-[a-z]/g, (l)=>l.toUpperCase().replace('-', ''));
  }
  function wrapperClass(className = '') {
  if (!className) return 'swiper-wrapper';
  if (!className.includes('swiper-wrapper')) return `swiper-wrapper ${className}`;
  return className;
  }
  function updateSwiper({ swiper, slides, passedParams, changedParams, nextEl, prevEl, scrollbarEl, paginationEl }) {
  const updateParams = changedParams.filter((key)=>key !== 'children' && key !== 'direction' && key !== 'wrapperClass');
  const { params: currentParams, pagination, navigation, scrollbar, virtual, thumbs } = swiper;
  let needThumbsInit;
  let needControllerInit;
  let needPaginationInit;
  let needScrollbarInit;
  let needNavigationInit;
  let loopNeedDestroy;
  let loopNeedEnable;
  let loopNeedReloop;
  if (changedParams.includes('thumbs') && passedParams.thumbs && passedParams.thumbs.swiper && !passedParams.thumbs.swiper.destroyed && currentParams.thumbs && (!currentParams.thumbs.swiper || currentParams.thumbs.swiper.destroyed)) {
  needThumbsInit = true;
  }
  if (changedParams.includes('controller') && passedParams.controller && passedParams.controller.control && currentParams.controller && !currentParams.controller.control) {
  needControllerInit = true;
  }
  if (changedParams.includes('pagination') && passedParams.pagination && (passedParams.pagination.el || paginationEl) && (currentParams.pagination || currentParams.pagination === false) && pagination && !pagination.el) {
  needPaginationInit = true;
  }
  if (changedParams.includes('scrollbar') && passedParams.scrollbar && (passedParams.scrollbar.el || scrollbarEl) && (currentParams.scrollbar || currentParams.scrollbar === false) && scrollbar && !scrollbar.el) {
  needScrollbarInit = true;
  }
  if (changedParams.includes('navigation') && passedParams.navigation && (passedParams.navigation.prevEl || prevEl) && (passedParams.navigation.nextEl || nextEl) && (currentParams.navigation || currentParams.navigation === false) && navigation && !navigation.prevEl && !navigation.nextEl) {
  needNavigationInit = true;
  }
  const destroyModule = (mod)=>{
  if (!swiper[mod]) return;
  swiper[mod].destroy();
  if (mod === 'navigation') {
  if (swiper.isElement) {
  swiper[mod].prevEl.remove();
  swiper[mod].nextEl.remove();
  }
  currentParams[mod].prevEl = undefined;
  currentParams[mod].nextEl = undefined;
  swiper[mod].prevEl = undefined;
  swiper[mod].nextEl = undefined;
  } else {
  if (swiper.isElement) {
  swiper[mod].el.remove();
  }
  currentParams[mod].el = undefined;
  swiper[mod].el = undefined;
  }
  };
  if (changedParams.includes('loop') && swiper.isElement) {
  if (currentParams.loop && !passedParams.loop) {
  loopNeedDestroy = true;
  } else if (!currentParams.loop && passedParams.loop) {
  loopNeedEnable = true;
  } else {
  loopNeedReloop = true;
  }
  }
  updateParams.forEach((key)=>{
  if (isObject2(currentParams[key]) && isObject2(passedParams[key])) {
  Object.assign(currentParams[key], passedParams[key]);
  if ((key === 'navigation' || key === 'pagination' || key === 'scrollbar') && 'enabled' in passedParams[key] && !passedParams[key].enabled) {
  destroyModule(key);
  }
  } else {
  const newValue = passedParams[key];
  if ((newValue === true || newValue === false) && (key === 'navigation' || key === 'pagination' || key === 'scrollbar')) {
  if (newValue === false) {
  destroyModule(key);
  }
  } else {
  currentParams[key] = passedParams[key];
  }
  }
  });
  if (updateParams.includes('controller') && !needControllerInit && swiper.controller && swiper.controller.control && currentParams.controller && currentParams.controller.control) {
  swiper.controller.control = currentParams.controller.control;
  }
  if (changedParams.includes('children') && slides && virtual && currentParams.virtual.enabled) {
  virtual.slides = slides;
  virtual.update(true);
  } else if (changedParams.includes('virtual') && virtual && currentParams.virtual.enabled) {
  if (slides) virtual.slides = slides;
  virtual.update(true);
  }
  if (changedParams.includes('children') && slides && currentParams.loop) {
  loopNeedReloop = true;
  }
  if (needThumbsInit) {
  const initialized = thumbs.init();
  if (initialized) thumbs.update(true);
  }
  if (needControllerInit) {
  swiper.controller.control = currentParams.controller.control;
  }
  if (needPaginationInit) {
  if (swiper.isElement && (!paginationEl || typeof paginationEl === 'string')) {
  paginationEl = document.createElement('div');
  paginationEl.classList.add('swiper-pagination');
  paginationEl.part.add('pagination');
  swiper.el.appendChild(paginationEl);
  }
  if (paginationEl) currentParams.pagination.el = paginationEl;
  pagination.init();
  pagination.render();
  pagination.update();
  }
  if (needScrollbarInit) {
  if (swiper.isElement && (!scrollbarEl || typeof scrollbarEl === 'string')) {
  scrollbarEl = document.createElement('div');
  scrollbarEl.classList.add('swiper-scrollbar');
  scrollbarEl.part.add('scrollbar');
  swiper.el.appendChild(scrollbarEl);
  }
  if (scrollbarEl) currentParams.scrollbar.el = scrollbarEl;
  scrollbar.init();
  scrollbar.updateSize();
  scrollbar.setTranslate();
  }
  if (needNavigationInit) {
  if (swiper.isElement) {
  if (!nextEl || typeof nextEl === 'string') {
  nextEl = document.createElement('div');
  nextEl.classList.add('swiper-button-next');
  setInnerHTML(nextEl, swiper.navigation.arrowSvg);
  nextEl.part.add('button-next');
  swiper.el.appendChild(nextEl);
  }
  if (!prevEl || typeof prevEl === 'string') {
  prevEl = document.createElement('div');
  prevEl.classList.add('swiper-button-prev');
  setInnerHTML(prevEl, swiper.navigation.arrowSvg);
  prevEl.part.add('button-prev');
  swiper.el.appendChild(prevEl);
  }
  }
  if (nextEl) currentParams.navigation.nextEl = nextEl;
  if (prevEl) currentParams.navigation.prevEl = prevEl;
  navigation.init();
  navigation.update();
  }
  if (changedParams.includes('allowSlideNext')) {
  swiper.allowSlideNext = passedParams.allowSlideNext;
  }
  if (changedParams.includes('allowSlidePrev')) {
  swiper.allowSlidePrev = passedParams.allowSlidePrev;
  }
  if (changedParams.includes('direction')) {
  swiper.changeDirection(passedParams.direction, false);
  }
  if (loopNeedDestroy || loopNeedReloop) {
  swiper.loopDestroy();
  }
  if (loopNeedEnable || loopNeedReloop) {
  swiper.loopCreate();
  }
  swiper.update();
  }
  ;
  ;
  ;
  function getParams(obj = {}, splitEvents = true) {
  const params = {
  on: {}
  };
  const events = {};
  const passedParams = {};
  extend2(params, defaults);
  params._emitClasses = true;
  params.init = false;
  const rest = {};
  const allowedParams = paramsList.map((key)=>key.replace(/_/, ''));
  const plainObj = Object.assign({}, obj);
  Object.keys(plainObj).forEach((key)=>{
  if (typeof obj[key] === 'undefined') return;
  if (allowedParams.indexOf(key) >= 0) {
  if (isObject2(obj[key])) {
  params[key] = {};
  passedParams[key] = {};
  extend2(params[key], obj[key]);
  extend2(passedParams[key], obj[key]);
  } else {
  params[key] = obj[key];
  passedParams[key] = obj[key];
  }
  } else if (key.search(/on[A-Z]/) === 0 && typeof obj[key] === 'function') {
  if (splitEvents) {
  events[`${key[2].toLowerCase()}${key.substr(3)}`] = obj[key];
  } else {
  params.on[`${key[2].toLowerCase()}${key.substr(3)}`] = obj[key];
  }
  } else {
  rest[key] = obj[key];
  }
  });
  [
  'navigation',
  'pagination',
  'scrollbar'
  ].forEach((key)=>{
  if (params[key] === true) params[key] = {};
  if (params[key] === false) delete params[key];
  });
  return {
  params,
  passedParams,
  rest,
  events
  };
  }
  function mountSwiper({ el, nextEl, prevEl, paginationEl, scrollbarEl, swiper }, swiperParams) {
  if (needsNavigation(swiperParams) && nextEl && prevEl) {
  swiper.params.navigation.nextEl = nextEl;
  swiper.originalParams.navigation.nextEl = nextEl;
  swiper.params.navigation.prevEl = prevEl;
  swiper.originalParams.navigation.prevEl = prevEl;
  }
  if (needsPagination(swiperParams) && paginationEl) {
  swiper.params.pagination.el = paginationEl;
  swiper.originalParams.pagination.el = paginationEl;
  }
  if (needsScrollbar(swiperParams) && scrollbarEl) {
  swiper.params.scrollbar.el = scrollbarEl;
  swiper.originalParams.scrollbar.el = scrollbarEl;
  }
  swiper.init(el);
  }
  function getChangedParams(swiperParams, oldParams, children, oldChildren, getKey) {
  const keys = [];
  if (!oldParams) return keys;
  const addKey = (key)=>{
  if (keys.indexOf(key) < 0) keys.push(key);
  };
  if (children && oldChildren) {
  const oldChildrenKeys = oldChildren.map(getKey);
  const childrenKeys = children.map(getKey);
  if (oldChildrenKeys.join('') !== childrenKeys.join('')) addKey('children');
  if (oldChildren.length !== children.length) addKey('children');
  }
  const watchParams = paramsList.filter((key)=>key[0] === '_').map((key)=>key.replace(/_/, ''));
  watchParams.forEach((key)=>{
  if (key in swiperParams && key in oldParams) {
  if (isObject2(swiperParams[key]) && isObject2(oldParams[key])) {
  const newKeys = Object.keys(swiperParams[key]);
  const oldKeys = Object.keys(oldParams[key]);
  if (newKeys.length !== oldKeys.length) {
  addKey(key);
  } else {
  newKeys.forEach((newKey)=>{
  if (swiperParams[key][newKey] !== oldParams[key][newKey]) {
  addKey(key);
  }
  });
  oldKeys.forEach((oldKey)=>{
  if (swiperParams[key][oldKey] !== oldParams[key][oldKey]) addKey(key);
  });
  }
  } else if (swiperParams[key] !== oldParams[key]) {
  addKey(key);
  }
  }
  });
  return keys;
  }
  const updateOnVirtualData = (swiper)=>{
  if (!swiper || swiper.destroyed || !swiper.params.virtual || swiper.params.virtual && !swiper.params.virtual.enabled) return;
  swiper.updateSlides();
  swiper.updateProgress();
  swiper.updateSlidesClasses();
  swiper.emit('_virtualUpdated');
  if (swiper.parallax && swiper.params.parallax && swiper.params.parallax.enabled) {
  swiper.parallax.setTranslate();
  }
  };
  ;
  ;
  ;
  ;
  ;
  function _extends() {
  _extends = ("TURBOPACK compile-time truthy", 1) ? Object.assign.bind() : "TURBOPACK unreachable";
  return _extends.apply(this, arguments);
  }
  function isChildSwiperSlide(child) {
  return child.type && child.type.displayName && child.type.displayName.includes('SwiperSlide');
  }
  function processChildren(c) {
  const slides = [];
  __TURBOPACK__imported__module__72131__5["default"].Children.toArray(c).forEach((child)=>{
  if (isChildSwiperSlide(child)) {
  slides.push(child);
  } else if (child.props && child.props.children) {
  processChildren(child.props.children).forEach((slide)=>slides.push(slide));
  }
  });
  return slides;
  }
  function getChildren(c) {
  const slides = [];
  const slots = {
  'container-start': [],
  'container-end': [],
  'wrapper-start': [],
  'wrapper-end': []
  };
  __TURBOPACK__imported__module__72131__5["default"].Children.toArray(c).forEach((child)=>{
  if (isChildSwiperSlide(child)) {
  slides.push(child);
  } else if (child.props && child.props.slot && slots[child.props.slot]) {
  slots[child.props.slot].push(child);
  } else if (child.props && child.props.children) {
  const foundSlides = processChildren(child.props.children);
  if (foundSlides.length > 0) {
  foundSlides.forEach((slide)=>slides.push(slide));
  } else {
  slots['container-end'].push(child);
  }
  } else {
  slots['container-end'].push(child);
  }
  });
  return {
  slides,
  slots
  };
  }
  function renderVirtual(swiper, slides, virtualData) {
  if (!virtualData) return null;
  const getSlideIndex = (index)=>{
  let slideIndex = index;
  if (index < 0) {
  slideIndex = slides.length + index;
  } else if (slideIndex >= slides.length) {
  // eslint-disable-next-line
  slideIndex = slideIndex - slides.length;
  }
  return slideIndex;
  };
  const style = swiper.isHorizontal() ? {
  [swiper.rtlTranslate ? 'right' : 'left']: `${virtualData.offset}px`
  } : {
  top: `${virtualData.offset}px`
  };
  const { from, to } = virtualData;
  const loopFrom = swiper.params.loop ? -slides.length : 0;
  const loopTo = swiper.params.loop ? slides.length * 2 : slides.length;
  const slidesToRender = [];
  for(let i = loopFrom; i < loopTo; i += 1){
  if (i >= from && i <= to) {
  slidesToRender.push(slides[getSlideIndex(i)]);
  }
  }
  return slidesToRender.map((child, index)=>{
  return /*#__PURE__*/ __TURBOPACK__imported__module__72131__5["default"].cloneElement(child, {
  swiper,
  style,
  key: child.props.virtualIndex || child.key || `slide-${index}`
  });
  });
  }
  function useIsomorphicLayoutEffect(callback, deps) {
  // eslint-disable-next-line
  if ("TURBOPACK compile-time truthy", 1) return (0, __TURBOPACK__imported__module__72131__5["useEffect"])(callback, deps);
  //TURBOPACK unreachable
  ;
  }
  const SwiperSlideContext = /*#__PURE__*/ (0, __TURBOPACK__imported__module__72131__5["createContext"])(null);
  const useSwiperSlide = ()=>{
  return (0, __TURBOPACK__imported__module__72131__5["useContext"])(SwiperSlideContext);
  };
  const SwiperContext = /*#__PURE__*/ (0, __TURBOPACK__imported__module__72131__5["createContext"])(null);
  const useSwiper = ()=>{
  return (0, __TURBOPACK__imported__module__72131__5["useContext"])(SwiperContext);
  };
  const Swiper1 = /*#__PURE__*/ (0, __TURBOPACK__imported__module__72131__5["forwardRef"])(({ className, tag: Tag = 'div', wrapperTag: WrapperTag = 'div', children, onSwiper, ...rest } = {}, externalElRef)=>{
  let eventsAssigned = false;
  const [containerClasses, setContainerClasses] = (0, __TURBOPACK__imported__module__72131__5["useState"])('swiper');
  const [virtualData, setVirtualData] = (0, __TURBOPACK__imported__module__72131__5["useState"])(null);
  const [breakpointChanged, setBreakpointChanged] = (0, __TURBOPACK__imported__module__72131__5["useState"])(false);
  const initializedRef = (0, __TURBOPACK__imported__module__72131__5["useRef"])(false);
  const swiperElRef = (0, __TURBOPACK__imported__module__72131__5["useRef"])(null);
  const swiperRef = (0, __TURBOPACK__imported__module__72131__5["useRef"])(null);
  const oldPassedParamsRef = (0, __TURBOPACK__imported__module__72131__5["useRef"])(null);
  const oldSlides = (0, __TURBOPACK__imported__module__72131__5["useRef"])(null);
  const nextElRef = (0, __TURBOPACK__imported__module__72131__5["useRef"])(null);
  const prevElRef = (0, __TURBOPACK__imported__module__72131__5["useRef"])(null);
  const paginationElRef = (0, __TURBOPACK__imported__module__72131__5["useRef"])(null);
  const scrollbarElRef = (0, __TURBOPACK__imported__module__72131__5["useRef"])(null);
  const { params: swiperParams, passedParams, rest: restProps, events } = getParams(rest);
  const { slides, slots } = getChildren(children);
  const onBeforeBreakpoint = ()=>{
  setBreakpointChanged(!breakpointChanged);
  };
  Object.assign(swiperParams.on, {
  _containerClasses (swiper, classes) {
  setContainerClasses(classes);
  }
  });
  const initSwiper = ()=>{
  // init swiper
  Object.assign(swiperParams.on, events);
  eventsAssigned = true;
  const passParams = {
  ...swiperParams
  };
  delete passParams.wrapperClass;
  swiperRef.current = new Swiper(passParams);
  if (swiperRef.current.virtual && swiperRef.current.params.virtual.enabled) {
  swiperRef.current.virtual.slides = slides;
  const extendWith = {
  cache: false,
  slides,
  renderExternal: setVirtualData,
  renderExternalUpdate: false
  };
  extend2(swiperRef.current.params.virtual, extendWith);
  extend2(swiperRef.current.originalParams.virtual, extendWith);
  }
  };
  if (!swiperElRef.current) {
  initSwiper();
  }
  // Listen for breakpoints change
  if (swiperRef.current) {
  swiperRef.current.on('_beforeBreakpoint', onBeforeBreakpoint);
  }
  const attachEvents = ()=>{
  if (eventsAssigned || !events || !swiperRef.current) return;
  Object.keys(events).forEach((eventName)=>{
  swiperRef.current.on(eventName, events[eventName]);
  });
  };
  const detachEvents = ()=>{
  if (!events || !swiperRef.current) return;
  Object.keys(events).forEach((eventName)=>{
  swiperRef.current.off(eventName, events[eventName]);
  });
  };
  (0, __TURBOPACK__imported__module__72131__5["useEffect"])(()=>{
  return ()=>{
  if (swiperRef.current) swiperRef.current.off('_beforeBreakpoint', onBeforeBreakpoint);
  };
  });
  // set initialized flag
  (0, __TURBOPACK__imported__module__72131__5["useEffect"])(()=>{
  if (!initializedRef.current && swiperRef.current) {
  swiperRef.current.emitSlidesClasses();
  initializedRef.current = true;
  }
  });
  // mount swiper
  useIsomorphicLayoutEffect(()=>{
  if (externalElRef) {
  externalElRef.current = swiperElRef.current;
  }
  if (!swiperElRef.current) return;
  if (swiperRef.current.destroyed) {
  initSwiper();
  }
  mountSwiper({
  el: swiperElRef.current,
  nextEl: nextElRef.current,
  prevEl: prevElRef.current,
  paginationEl: paginationElRef.current,
  scrollbarEl: scrollbarElRef.current,
  swiper: swiperRef.current
  }, swiperParams);
  if (onSwiper && !swiperRef.current.destroyed) onSwiper(swiperRef.current);
  // eslint-disable-next-line
  return ()=>{
  if (swiperRef.current && !swiperRef.current.destroyed) {
  swiperRef.current.destroy(true, false);
  }
  };
  }, []);
  // watch for params change
  useIsomorphicLayoutEffect(()=>{
  attachEvents();
  const changedParams = getChangedParams(passedParams, oldPassedParamsRef.current, slides, oldSlides.current, (c)=>c.key);
  oldPassedParamsRef.current = passedParams;
  oldSlides.current = slides;
  if (changedParams.length && swiperRef.current && !swiperRef.current.destroyed) {
  updateSwiper({
  swiper: swiperRef.current,
  slides,
  passedParams,
  changedParams,
  nextEl: nextElRef.current,
  prevEl: prevElRef.current,
  scrollbarEl: scrollbarElRef.current,
  paginationEl: paginationElRef.current
  });
  }
  return ()=>{
  detachEvents();
  };
  });
  // update on virtual update
  useIsomorphicLayoutEffect(()=>{
  updateOnVirtualData(swiperRef.current);
  }, [
  virtualData
  ]);
  // bypass swiper instance to slides
  function renderSlides() {
  if (swiperParams.virtual) {
  return renderVirtual(swiperRef.current, slides, virtualData);
  }
  return slides.map((child, index)=>{
  return /*#__PURE__*/ __TURBOPACK__imported__module__72131__5["default"].cloneElement(child, {
  swiper: swiperRef.current,
  swiperSlideIndex: index
  });
  });
  }
  return /*#__PURE__*/ __TURBOPACK__imported__module__72131__5["default"].createElement(Tag, _extends({
  ref: swiperElRef,
  className: uniqueClasses(`${containerClasses}${className ? ` ${className}` : ''}`)
  }, restProps), /*#__PURE__*/ __TURBOPACK__imported__module__72131__5["default"].createElement(SwiperContext.Provider, {
  value: swiperRef.current
  }, slots['container-start'], /*#__PURE__*/ __TURBOPACK__imported__module__72131__5["default"].createElement(WrapperTag, {
  className: wrapperClass(swiperParams.wrapperClass)
  }, slots['wrapper-start'], renderSlides(), slots['wrapper-end']), needsNavigation(swiperParams) && /*#__PURE__*/ __TURBOPACK__imported__module__72131__5["default"].createElement(__TURBOPACK__imported__module__72131__5["default"].Fragment, null, /*#__PURE__*/ __TURBOPACK__imported__module__72131__5["default"].createElement("div", {
  ref: prevElRef,
  className: "swiper-button-prev"
  }), /*#__PURE__*/ __TURBOPACK__imported__module__72131__5["default"].createElement("div", {
  ref: nextElRef,
  className: "swiper-button-next"
  })), needsScrollbar(swiperParams) && /*#__PURE__*/ __TURBOPACK__imported__module__72131__5["default"].createElement("div", {
  ref: scrollbarElRef,
  className: "swiper-scrollbar"
  }), needsPagination(swiperParams) && /*#__PURE__*/ __TURBOPACK__imported__module__72131__5["default"].createElement("div", {
  ref: paginationElRef,
  className: "swiper-pagination"
  }), slots['container-end']));
  });
  Swiper1.displayName = 'Swiper';
  const SwiperSlide = /*#__PURE__*/ (0, __TURBOPACK__imported__module__72131__5["forwardRef"])(({ tag: Tag = 'div', children, className = '', swiper, zoom, lazy, virtualIndex, swiperSlideIndex, ...rest } = {}, externalRef)=>{
  const slideElRef = (0, __TURBOPACK__imported__module__72131__5["useRef"])(null);
  const [slideClasses, setSlideClasses] = (0, __TURBOPACK__imported__module__72131__5["useState"])('swiper-slide');
  const [lazyLoaded, setLazyLoaded] = (0, __TURBOPACK__imported__module__72131__5["useState"])(false);
  function updateClasses(_s, el, classNames) {
  if (el === slideElRef.current) {
  setSlideClasses(classNames);
  }
  }
  useIsomorphicLayoutEffect(()=>{
  if (typeof swiperSlideIndex !== 'undefined') {
  slideElRef.current.swiperSlideIndex = swiperSlideIndex;
  }
  if (externalRef) {
  externalRef.current = slideElRef.current;
  }
  if (!slideElRef.current || !swiper) {
  return;
  }
  if (swiper.destroyed) {
  if (slideClasses !== 'swiper-slide') {
  setSlideClasses('swiper-slide');
  }
  return;
  }
  swiper.on('_slideClass', updateClasses);
  // eslint-disable-next-line
  return ()=>{
  if (!swiper) return;
  swiper.off('_slideClass', updateClasses);
  };
  });
  useIsomorphicLayoutEffect(()=>{
  if (swiper && slideElRef.current && !swiper.destroyed) {
  setSlideClasses(swiper.getSlideClasses(slideElRef.current));
  }
  }, [
  swiper
  ]);
  const slideData = {
  isActive: slideClasses.indexOf('swiper-slide-active') >= 0,
  isVisible: slideClasses.indexOf('swiper-slide-visible') >= 0,
  isPrev: slideClasses.indexOf('swiper-slide-prev') >= 0,
  isNext: slideClasses.indexOf('swiper-slide-next') >= 0
  };
  const renderChildren = ()=>{
  return typeof children === 'function' ? children(slideData) : children;
  };
  const onLoad = ()=>{
  setLazyLoaded(true);
  };
  return /*#__PURE__*/ __TURBOPACK__imported__module__72131__5["default"].createElement(Tag, _extends({
  ref: slideElRef,
  className: uniqueClasses(`${slideClasses}${className ? ` ${className}` : ''}`),
  "data-swiper-slide-index": virtualIndex,
  onLoad: onLoad
  }, rest), zoom && /*#__PURE__*/ __TURBOPACK__imported__module__72131__5["default"].createElement(SwiperSlideContext.Provider, {
  value: slideData
  }, /*#__PURE__*/ __TURBOPACK__imported__module__72131__5["default"].createElement("div", {
  className: "swiper-zoom-container",
  "data-swiper-zoom": typeof zoom === 'number' ? zoom : undefined
  }, renderChildren(), lazy && !lazyLoaded && /*#__PURE__*/ __TURBOPACK__imported__module__72131__5["default"].createElement("div", {
  className: "swiper-lazy-preloader",
  ref: (node)=>{
  if (node) node.lazyPreloaderManaged = true;
  }
  }))), !zoom && /*#__PURE__*/ __TURBOPACK__imported__module__72131__5["default"].createElement(SwiperSlideContext.Provider, {
  value: slideData
  }, renderChildren(), lazy && !lazyLoaded && /*#__PURE__*/ __TURBOPACK__imported__module__72131__5["default"].createElement("div", {
  className: "swiper-lazy-preloader",
  ref: (node)=>{
  if (node) node.lazyPreloaderManaged = true;
  }
  })));
  });
  SwiperSlide.displayName = 'SwiperSlide';
  ;
  ;
  ;
  function Virtual({ swiper, extendParams, on, emit }) {
  extendParams({
  virtual: {
  enabled: false,
  slides: [],
  cache: true,
  slidesPerViewAutoSlideSize: 320,
  renderSlide: null,
  renderExternal: null,
  renderExternalUpdate: true,
  addSlidesBefore: 0,
  addSlidesAfter: 0
  }
  });
  let cssModeTimeout;
  const document1 = getDocument();
  swiper.virtual = {
  cache: {},
  from: undefined,
  to: undefined,
  slides: [],
  offset: 0,
  slidesGrid: []
  };
  const tempDOM = document1.createElement('div');
  function renderSlide(slide, index) {
  const params = swiper.params.virtual;
  if (params.cache && swiper.virtual.cache[index]) {
  return swiper.virtual.cache[index];
  }
  // eslint-disable-next-line
  let slideEl;
  if (params.renderSlide) {
  slideEl = params.renderSlide.call(swiper, slide, index);
  if (typeof slideEl === 'string') {
  setInnerHTML(tempDOM, slideEl);
  slideEl = tempDOM.children[0];
  }
  } else if (swiper.isElement) {
  slideEl = createElement('swiper-slide');
  } else {
  slideEl = createElement('div', swiper.params.slideClass);
  }
  slideEl.setAttribute('data-swiper-slide-index', index);
  if (!params.renderSlide) {
  setInnerHTML(slideEl, slide);
  }
  if (params.cache) {
  swiper.virtual.cache[index] = slideEl;
  }
  return slideEl;
  }
  function update(force, beforeInit, forceActiveIndex) {
  const { slidesPerGroup, centeredSlides, slidesPerView, loop: isLoop, initialSlide } = swiper.params;
  if (beforeInit && !isLoop && initialSlide > 0) {
  return;
  }
  const { addSlidesBefore, addSlidesAfter, slidesPerViewAutoSlideSize } = swiper.params.virtual;
  const { from: previousFrom, to: previousTo, slides, slidesGrid: previousSlidesGrid, offset: previousOffset } = swiper.virtual;
  if (!swiper.params.cssMode) {
  swiper.updateActiveIndex();
  }
  const activeIndex = typeof forceActiveIndex === 'undefined' ? swiper.activeIndex || 0 : forceActiveIndex;
  let offsetProp;
  if (swiper.rtlTranslate) offsetProp = 'right';
  else offsetProp = swiper.isHorizontal() ? 'left' : 'top';
  let slidesPerViewNumeric;
  if (slidesPerView === 'auto') {
  if (slidesPerViewAutoSlideSize) {
  let swiperSize = swiper.size;
  if (!swiperSize) {
  swiperSize = swiper.isHorizontal() ? swiper.el.getBoundingClientRect().width : swiper.el.getBoundingClientRect().height;
  }
  slidesPerViewNumeric = Math.max(1, Math.ceil(swiperSize / slidesPerViewAutoSlideSize));
  } else {
  slidesPerViewNumeric = 1;
  }
  } else {
  slidesPerViewNumeric = slidesPerView;
  }
  let slidesAfter;
  let slidesBefore;
  if (centeredSlides) {
  slidesAfter = Math.floor(slidesPerViewNumeric / 2) + slidesPerGroup + addSlidesAfter;
  slidesBefore = Math.floor(slidesPerViewNumeric / 2) + slidesPerGroup + addSlidesBefore;
  } else {
  slidesAfter = slidesPerViewNumeric + (slidesPerGroup - 1) + addSlidesAfter;
  slidesBefore = (isLoop ? slidesPerViewNumeric : slidesPerGroup) + addSlidesBefore;
  }
  let from = activeIndex - slidesBefore;
  let to = activeIndex + slidesAfter;
  if (!isLoop) {
  from = Math.max(from, 0);
  to = Math.min(to, slides.length - 1);
  }
  let offset = (swiper.slidesGrid[from] || 0) - (swiper.slidesGrid[0] || 0);
  if (isLoop && activeIndex >= slidesBefore) {
  from -= slidesBefore;
  if (!centeredSlides) offset += swiper.slidesGrid[0];
  } else if (isLoop && activeIndex < slidesBefore) {
  from = -slidesBefore;
  if (centeredSlides) offset += swiper.slidesGrid[0];
  }
  Object.assign(swiper.virtual, {
  from,
  to,
  offset,
  slidesGrid: swiper.slidesGrid,
  slidesBefore,
  slidesAfter
  });
  function onRendered() {
  swiper.updateSlides();
  swiper.updateProgress();
  swiper.updateSlidesClasses();
  emit('virtualUpdate');
  }
  if (previousFrom === from && previousTo === to && !force) {
  if (swiper.slidesGrid !== previousSlidesGrid && offset !== previousOffset) {
  swiper.slides.forEach((slideEl)=>{
  slideEl.style[offsetProp] = `${offset - Math.abs(swiper.cssOverflowAdjustment())}px`;
  });
  }
  swiper.updateProgress();
  emit('virtualUpdate');
  return;
  }
  if (swiper.params.virtual.renderExternal) {
  swiper.params.virtual.renderExternal.call(swiper, {
  offset,
  from,
  to,
  slides: function getSlides() {
  const slidesToRender = [];
  for(let i = from; i <= to; i += 1){
  slidesToRender.push(slides[i]);
  }
  return slidesToRender;
  }()
  });
  if (swiper.params.virtual.renderExternalUpdate) {
  onRendered();
  } else {
  emit('virtualUpdate');
  }
  return;
  }
  const prependIndexes = [];
  const appendIndexes = [];
  const getSlideIndex = (index)=>{
  let slideIndex = index;
  if (index < 0) {
  slideIndex = slides.length + index;
  } else if (slideIndex >= slides.length) {
  // eslint-disable-next-line
  slideIndex = slideIndex - slides.length;
  }
  return slideIndex;
  };
  if (force) {
  swiper.slides.filter((el)=>el.matches(`.${swiper.params.slideClass}, swiper-slide`)).forEach((slideEl)=>{
  slideEl.remove();
  });
  } else {
  for(let i = previousFrom; i <= previousTo; i += 1){
  if (i < from || i > to) {
  const slideIndex = getSlideIndex(i);
  swiper.slides.filter((el)=>el.matches(`.${swiper.params.slideClass}[data-swiper-slide-index="${slideIndex}"], swiper-slide[data-swiper-slide-index="${slideIndex}"]`)).forEach((slideEl)=>{
  slideEl.remove();
  });
  }
  }
  }
  const loopFrom = isLoop ? -slides.length : 0;
  const loopTo = isLoop ? slides.length * 2 : slides.length;
  for(let i = loopFrom; i < loopTo; i += 1){
  if (i >= from && i <= to) {
  const slideIndex = getSlideIndex(i);
  if (typeof previousTo === 'undefined' || force) {
  appendIndexes.push(slideIndex);
  } else {
  if (i > previousTo) appendIndexes.push(slideIndex);
  if (i < previousFrom) prependIndexes.push(slideIndex);
  }
  }
  }
  appendIndexes.forEach((index)=>{
  swiper.slidesEl.append(renderSlide(slides[index], index));
  });
  if (isLoop) {
  for(let i = prependIndexes.length - 1; i >= 0; i -= 1){
  const index = prependIndexes[i];
  swiper.slidesEl.prepend(renderSlide(slides[index], index));
  }
  } else {
  prependIndexes.sort((a, b1)=>b1 - a);
  prependIndexes.forEach((index)=>{
  swiper.slidesEl.prepend(renderSlide(slides[index], index));
  });
  }
  elementChildren(swiper.slidesEl, '.swiper-slide, swiper-slide').forEach((slideEl)=>{
  slideEl.style[offsetProp] = `${offset - Math.abs(swiper.cssOverflowAdjustment())}px`;
  });
  onRendered();
  }
  function appendSlide(slides) {
  if (typeof slides === 'object' && 'length' in slides) {
  for(let i = 0; i < slides.length; i += 1){
  if (slides[i]) swiper.virtual.slides.push(slides[i]);
  }
  } else {
  swiper.virtual.slides.push(slides);
  }
  update(true);
  }
  function prependSlide(slides) {
  const activeIndex = swiper.activeIndex;
  let newActiveIndex = activeIndex + 1;
  let numberOfNewSlides = 1;
  if (Array.isArray(slides)) {
  for(let i = 0; i < slides.length; i += 1){
  if (slides[i]) swiper.virtual.slides.unshift(slides[i]);
  }
  newActiveIndex = activeIndex + slides.length;
  numberOfNewSlides = slides.length;
  } else {
  swiper.virtual.slides.unshift(slides);
  }
  if (swiper.params.virtual.cache) {
  const cache = swiper.virtual.cache;
  const newCache = {};
  Object.keys(cache).forEach((cachedIndex)=>{
  const cachedEl = cache[cachedIndex];
  const cachedElIndex = cachedEl.getAttribute('data-swiper-slide-index');
  if (cachedElIndex) {
  cachedEl.setAttribute('data-swiper-slide-index', parseInt(cachedElIndex, 10) + numberOfNewSlides);
  }
  newCache[parseInt(cachedIndex, 10) + numberOfNewSlides] = cachedEl;
  });
  swiper.virtual.cache = newCache;
  }
  update(true);
  swiper.slideTo(newActiveIndex, 0);
  }
  function removeSlide(slidesIndexes) {
  if (typeof slidesIndexes === 'undefined' || slidesIndexes === null) return;
  let activeIndex = swiper.activeIndex;
  if (Array.isArray(slidesIndexes)) {
  for(let i = slidesIndexes.length - 1; i >= 0; i -= 1){
  if (swiper.params.virtual.cache) {
  delete swiper.virtual.cache[slidesIndexes[i]];
  // shift cache indexes
  Object.keys(swiper.virtual.cache).forEach((key)=>{
  if (key > slidesIndexes) {
  swiper.virtual.cache[key - 1] = swiper.virtual.cache[key];
  swiper.virtual.cache[key - 1].setAttribute('data-swiper-slide-index', key - 1);
  delete swiper.virtual.cache[key];
  }
  });
  }
  swiper.virtual.slides.splice(slidesIndexes[i], 1);
  if (slidesIndexes[i] < activeIndex) activeIndex -= 1;
  activeIndex = Math.max(activeIndex, 0);
  }
  } else {
  if (swiper.params.virtual.cache) {
  delete swiper.virtual.cache[slidesIndexes];
  // shift cache indexes
  Object.keys(swiper.virtual.cache).forEach((key)=>{
  if (key > slidesIndexes) {
  swiper.virtual.cache[key - 1] = swiper.virtual.cache[key];
  swiper.virtual.cache[key - 1].setAttribute('data-swiper-slide-index', key - 1);
  delete swiper.virtual.cache[key];
  }
  });
  }
  swiper.virtual.slides.splice(slidesIndexes, 1);
  if (slidesIndexes < activeIndex) activeIndex -= 1;
  activeIndex = Math.max(activeIndex, 0);
  }
  update(true);
  swiper.slideTo(activeIndex, 0);
  }
  function removeAllSlides() {
  swiper.virtual.slides = [];
  if (swiper.params.virtual.cache) {
  swiper.virtual.cache = {};
  }
  update(true);
  swiper.slideTo(0, 0);
  }
  on('beforeInit', ()=>{
  if (!swiper.params.virtual.enabled) return;
  let domSlidesAssigned;
  if (typeof swiper.passedParams.virtual.slides === 'undefined') {
  const slides = [
  ...swiper.slidesEl.children
  ].filter((el)=>el.matches(`.${swiper.params.slideClass}, swiper-slide`));
  if (slides && slides.length) {
  swiper.virtual.slides = [
  ...slides
  ];
  domSlidesAssigned = true;
  slides.forEach((slideEl, slideIndex)=>{
  slideEl.setAttribute('data-swiper-slide-index', slideIndex);
  swiper.virtual.cache[slideIndex] = slideEl;
  slideEl.remove();
  });
  }
  }
  if (!domSlidesAssigned) {
  swiper.virtual.slides = swiper.params.virtual.slides;
  }
  swiper.classNames.push(`${swiper.params.containerModifierClass}virtual`);
  swiper.params.watchSlidesProgress = true;
  swiper.originalParams.watchSlidesProgress = true;
  update(false, true);
  });
  on('setTranslate', ()=>{
  if (!swiper.params.virtual.enabled) return;
  if (swiper.params.cssMode && !swiper._immediateVirtual) {
  clearTimeout(cssModeTimeout);
  cssModeTimeout = setTimeout(()=>{
  update();
  }, 100);
  } else {
  update();
  }
  });
  on('init update resize', ()=>{
  if (!swiper.params.virtual.enabled) return;
  if (swiper.params.cssMode) {
  setCSSProperty(swiper.wrapperEl, '--swiper-virtual-size', `${swiper.virtualSize}px`);
  }
  });
  Object.assign(swiper.virtual, {
  appendSlide,
  prependSlide,
  removeSlide,
  removeAllSlides,
  update
  });
  }
  ;
  ;
  ;
  /* eslint-disable consistent-return */ function Keyboard({ swiper, extendParams, on, emit }) {
  const document1 = getDocument();
  const window1 = getWindow();
  swiper.keyboard = {
  enabled: false
  };
  extendParams({
  keyboard: {
  enabled: false,
  onlyInViewport: true,
  pageUpDown: true,
  speed: undefined
  }
  });
  function handle(event1) {
  if (!swiper.enabled) return;
  const { rtlTranslate: rtl } = swiper;
  let e = event1;
  if (e.originalEvent) e = e.originalEvent; // jquery fix
  const kc = e.keyCode || e.charCode;
  const pageUpDown = swiper.params.keyboard.pageUpDown;
  const isPageUp = pageUpDown && kc === 33;
  const isPageDown = pageUpDown && kc === 34;
  const isArrowLeft = kc === 37;
  const isArrowRight = kc === 39;
  const isArrowUp = kc === 38;
  const isArrowDown = kc === 40;
  // Directions locks
  if (!swiper.allowSlideNext && (swiper.isHorizontal() && isArrowRight || swiper.isVertical() && isArrowDown || isPageDown)) {
  return false;
  }
  if (!swiper.allowSlidePrev && (swiper.isHorizontal() && isArrowLeft || swiper.isVertical() && isArrowUp || isPageUp)) {
  return false;
  }
  if (e.shiftKey || e.altKey || e.ctrlKey || e.metaKey) {
  return undefined;
  }
  if (document1.activeElement && (document1.activeElement.isContentEditable || document1.activeElement.nodeName && (document1.activeElement.nodeName.toLowerCase() === 'input' || document1.activeElement.nodeName.toLowerCase() === 'textarea'))) {
  return undefined;
  }
  if (swiper.params.keyboard.onlyInViewport && (isPageUp || isPageDown || isArrowLeft || isArrowRight || isArrowUp || isArrowDown)) {
  let inView = false;
  // Check that swiper should be inside of visible area of window
  if (elementParents(swiper.el, `.${swiper.params.slideClass}, swiper-slide`).length > 0 && elementParents(swiper.el, `.${swiper.params.slideActiveClass}`).length === 0) {
  return undefined;
  }
  const el = swiper.el;
  const swiperWidth = el.clientWidth;
  const swiperHeight = el.clientHeight;
  const windowWidth = window1.innerWidth;
  const windowHeight = window1.innerHeight;
  const swiperOffset = elementOffset(el);
  if (rtl) swiperOffset.left -= el.scrollLeft;
  const swiperCoord = [
  [
  swiperOffset.left,
  swiperOffset.top
  ],
  [
  swiperOffset.left + swiperWidth,
  swiperOffset.top
  ],
  [
  swiperOffset.left,
  swiperOffset.top + swiperHeight
  ],
  [
  swiperOffset.left + swiperWidth,
  swiperOffset.top + swiperHeight
  ]
  ];
  for(let i = 0; i < swiperCoord.length; i += 1){
  const point = swiperCoord[i];
  if (point[0] >= 0 && point[0] <= windowWidth && point[1] >= 0 && point[1] <= windowHeight) {
  if (point[0] === 0 && point[1] === 0) continue; // eslint-disable-line
  inView = true;
  }
  }
  if (!inView) return undefined;
  }
  const speed = swiper.params.keyboard.speed;
  if (swiper.isHorizontal()) {
  if (isPageUp || isPageDown || isArrowLeft || isArrowRight) {
  if (e.preventDefault) e.preventDefault();
  else e.returnValue = false;
  }
  if ((isPageDown || isArrowRight) && !rtl || (isPageUp || isArrowLeft) && rtl) swiper.slideNext(speed);
  if ((isPageUp || isArrowLeft) && !rtl || (isPageDown || isArrowRight) && rtl) swiper.slidePrev(speed);
  } else {
  if (isPageUp || isPageDown || isArrowUp || isArrowDown) {
  if (e.preventDefault) e.preventDefault();
  else e.returnValue = false;
  }
  if (isPageDown || isArrowDown) swiper.slideNext(speed);
  if (isPageUp || isArrowUp) swiper.slidePrev(speed);
  }
  emit('keyPress', kc);
  return undefined;
  }
  function enable() {
  if (swiper.keyboard.enabled) return;
  document1.addEventListener('keydown', handle);
  swiper.keyboard.enabled = true;
  }
  function disable() {
  if (!swiper.keyboard.enabled) return;
  document1.removeEventListener('keydown', handle);
  swiper.keyboard.enabled = false;
  }
  on('init', ()=>{
  if (swiper.params.keyboard.enabled) {
  enable();
  }
  });
  on('destroy', ()=>{
  if (swiper.keyboard.enabled) {
  disable();
  }
  });
  Object.assign(swiper.keyboard, {
  enable,
  disable
  });
  }
  ;
  ;
  ;
  /* eslint-disable consistent-return */ function Mousewheel({ swiper, extendParams, on, emit }) {
  const window1 = getWindow();
  extendParams({
  mousewheel: {
  enabled: false,
  releaseOnEdges: false,
  invert: false,
  forceToAxis: false,
  sensitivity: 1,
  eventsTarget: 'container',
  thresholdDelta: null,
  thresholdTime: null,
  noMousewheelClass: 'swiper-no-mousewheel'
  }
  });
  swiper.mousewheel = {
  enabled: false
  };
  let timeout;
  let lastScrollTime = now();
  let lastEventBeforeSnap;
  const recentWheelEvents = [];
  function normalize(e) {
  // Reasonable defaults
  const PIXEL_STEP = 10;
  const LINE_HEIGHT = 40;
  const PAGE_HEIGHT = 800;
  let sX = 0;
  let sY = 0; // spinX, spinY
  let pX = 0;
  let pY = 0; // pixelX, pixelY
  // Legacy
  if ('detail' in e) {
  sY = e.detail;
  }
  if ('wheelDelta' in e) {
  sY = -e.wheelDelta / 120;
  }
  if ('wheelDeltaY' in e) {
  sY = -e.wheelDeltaY / 120;
  }
  if ('wheelDeltaX' in e) {
  sX = -e.wheelDeltaX / 120;
  }
  // side scrolling on FF with DOMMouseScroll
  if ('axis' in e && e.axis === e.HORIZONTAL_AXIS) {
  sX = sY;
  sY = 0;
  }
  pX = sX * PIXEL_STEP;
  pY = sY * PIXEL_STEP;
  if ('deltaY' in e) {
  pY = e.deltaY;
  }
  if ('deltaX' in e) {
  pX = e.deltaX;
  }
  if (e.shiftKey && !pX) {
  // if user scrolls with shift he wants horizontal scroll
  pX = pY;
  pY = 0;
  }
  if ((pX || pY) && e.deltaMode) {
  if (e.deltaMode === 1) {
  // delta in LINE units
  pX *= LINE_HEIGHT;
  pY *= LINE_HEIGHT;
  } else {
  // delta in PAGE units
  pX *= PAGE_HEIGHT;
  pY *= PAGE_HEIGHT;
  }
  }
  // Fall-back if spin cannot be determined
  if (pX && !sX) {
  sX = pX < 1 ? -1 : 1;
  }
  if (pY && !sY) {
  sY = pY < 1 ? -1 : 1;
  }
  return {
  spinX: sX,
  spinY: sY,
  pixelX: pX,
  pixelY: pY
  };
  }
  function handleMouseEnter() {
  if (!swiper.enabled) return;
  swiper.mouseEntered = true;
  }
  function handleMouseLeave() {
  if (!swiper.enabled) return;
  swiper.mouseEntered = false;
  }
  function animateSlider(newEvent) {
  if (swiper.params.mousewheel.thresholdDelta && newEvent.delta < swiper.params.mousewheel.thresholdDelta) {
  // Prevent if delta of wheel scroll delta is below configured threshold
  return false;
  }
  if (swiper.params.mousewheel.thresholdTime && now() - lastScrollTime < swiper.params.mousewheel.thresholdTime) {
  // Prevent if time between scrolls is below configured threshold
  return false;
  }
  // If the movement is NOT big enough and
  // if the last time the user scrolled was too close to the current one (avoid continuously triggering the slider):
  //   Don't go any further (avoid insignificant scroll movement).
  if (newEvent.delta >= 6 && now() - lastScrollTime < 60) {
  // Return false as a default
  return true;
  }
  // If user is scrolling towards the end:
  //   If the slider hasn't hit the latest slide or
  //   if the slider is a loop and
  //   if the slider isn't moving right now:
  //     Go to next slide and
  //     emit a scroll event.
  // Else (the user is scrolling towards the beginning) and
  // if the slider hasn't hit the first slide or
  // if the slider is a loop and
  // if the slider isn't moving right now:
  //   Go to prev slide and
  //   emit a scroll event.
  if (newEvent.direction < 0) {
  if ((!swiper.isEnd || swiper.params.loop) && !swiper.animating) {
  swiper.slideNext();
  emit('scroll', newEvent.raw);
  }
  } else if ((!swiper.isBeginning || swiper.params.loop) && !swiper.animating) {
  swiper.slidePrev();
  emit('scroll', newEvent.raw);
  }
  // If you got here is because an animation has been triggered so store the current time
  lastScrollTime = new window1.Date().getTime();
  // Return false as a default
  return false;
  }
  function releaseScroll(newEvent) {
  const params = swiper.params.mousewheel;
  if (newEvent.direction < 0) {
  if (swiper.isEnd && !swiper.params.loop && params.releaseOnEdges) {
  // Return true to animate scroll on edges
  return true;
  }
  } else if (swiper.isBeginning && !swiper.params.loop && params.releaseOnEdges) {
  // Return true to animate scroll on edges
  return true;
  }
  return false;
  }
  function handle(event1) {
  let e = event1;
  let disableParentSwiper = true;
  if (!swiper.enabled) return;
  // Ignore event if the target or its parents have the swiper-no-mousewheel class
  if (event1.target.closest(`.${swiper.params.mousewheel.noMousewheelClass}`)) return;
  const params = swiper.params.mousewheel;
  if (swiper.params.cssMode) {
  e.preventDefault();
  }
  let targetEl = swiper.el;
  if (swiper.params.mousewheel.eventsTarget !== 'container') {
  targetEl = document.querySelector(swiper.params.mousewheel.eventsTarget);
  }
  const targetElContainsTarget = targetEl && targetEl.contains(e.target);
  if (!swiper.mouseEntered && !targetElContainsTarget && !params.releaseOnEdges) return true;
  if (e.originalEvent) e = e.originalEvent; // jquery fix
  let delta = 0;
  const rtlFactor = swiper.rtlTranslate ? -1 : 1;
  const data = normalize(e);
  if (params.forceToAxis) {
  if (swiper.isHorizontal()) {
  if (Math.abs(data.pixelX) > Math.abs(data.pixelY)) delta = -data.pixelX * rtlFactor;
  else return true;
  } else if (Math.abs(data.pixelY) > Math.abs(data.pixelX)) delta = -data.pixelY;
  else return true;
  } else {
  delta = Math.abs(data.pixelX) > Math.abs(data.pixelY) ? -data.pixelX * rtlFactor : -data.pixelY;
  }
  if (delta === 0) return true;
  if (params.invert) delta = -delta;
  // Get the scroll positions
  let positions = swiper.getTranslate() + delta * params.sensitivity;
  if (positions >= swiper.minTranslate()) positions = swiper.minTranslate();
  if (positions <= swiper.maxTranslate()) positions = swiper.maxTranslate();
  // When loop is true:
  //     the disableParentSwiper will be true.
  // When loop is false:
  //     if the scroll positions is not on edge,
  //     then the disableParentSwiper will be true.
  //     if the scroll on edge positions,
  //     then the disableParentSwiper will be false.
  disableParentSwiper = swiper.params.loop ? true : !(positions === swiper.minTranslate() || positions === swiper.maxTranslate());
  if (disableParentSwiper && swiper.params.nested) e.stopPropagation();
  if (!swiper.params.freeMode || !swiper.params.freeMode.enabled) {
  // Register the new event in a variable which stores the relevant data
  const newEvent = {
  time: now(),
  delta: Math.abs(delta),
  direction: Math.sign(delta),
  raw: event1
  };
  // Keep the most recent events
  if (recentWheelEvents.length >= 2) {
  recentWheelEvents.shift(); // only store the last N events
  }
  const prevEvent = recentWheelEvents.length ? recentWheelEvents[recentWheelEvents.length - 1] : undefined;
  recentWheelEvents.push(newEvent);
  // If there is at least one previous recorded event:
  //   If direction has changed or
  //   if the scroll is quicker than the previous one:
  //     Animate the slider.
  // Else (this is the first time the wheel is moved):
  //     Animate the slider.
  if (prevEvent) {
  if (newEvent.direction !== prevEvent.direction || newEvent.delta > prevEvent.delta || newEvent.time > prevEvent.time + 150) {
  animateSlider(newEvent);
  }
  } else {
  animateSlider(newEvent);
  }
  // If it's time to release the scroll:
  //   Return now so you don't hit the preventDefault.
  if (releaseScroll(newEvent)) {
  return true;
  }
  } else {
  // Freemode or scrollContainer:
  // If we recently snapped after a momentum scroll, then ignore wheel events
  // to give time for the deceleration to finish. Stop ignoring after 500 msecs
  // or if it's a new scroll (larger delta or inverse sign as last event before
  // an end-of-momentum snap).
  const newEvent = {
  time: now(),
  delta: Math.abs(delta),
  direction: Math.sign(delta)
  };
  const ignoreWheelEvents = lastEventBeforeSnap && newEvent.time < lastEventBeforeSnap.time + 500 && newEvent.delta <= lastEventBeforeSnap.delta && newEvent.direction === lastEventBeforeSnap.direction;
  if (!ignoreWheelEvents) {
  lastEventBeforeSnap = undefined;
  let position = swiper.getTranslate() + delta * params.sensitivity;
  const wasBeginning = swiper.isBeginning;
  const wasEnd = swiper.isEnd;
  if (position >= swiper.minTranslate()) position = swiper.minTranslate();
  if (position <= swiper.maxTranslate()) position = swiper.maxTranslate();
  swiper.setTransition(0);
  swiper.setTranslate(position);
  swiper.updateProgress();
  swiper.updateActiveIndex();
  swiper.updateSlidesClasses();
  if (!wasBeginning && swiper.isBeginning || !wasEnd && swiper.isEnd) {
  swiper.updateSlidesClasses();
  }
  if (swiper.params.loop) {
  swiper.loopFix({
  direction: newEvent.direction < 0 ? 'next' : 'prev',
  byMousewheel: true
  });
  }
  if (swiper.params.freeMode.sticky) {
  // When wheel scrolling starts with sticky (aka snap) enabled, then detect
  // the end of a momentum scroll by storing recent (N=15?) wheel events.
  // 1. do all N events have decreasing or same (absolute value) delta?
  // 2. did all N events arrive in the last M (M=500?) msecs?
  // 3. does the earliest event have an (absolute value) delta that's
  //    at least P (P=1?) larger than the most recent event's delta?
  // 4. does the latest event have a delta that's smaller than Q (Q=6?) pixels?
  // If 1-4 are "yes" then we're near the end of a momentum scroll deceleration.
  // Snap immediately and ignore remaining wheel events in this scroll.
  // See comment above for "remaining wheel events in this scroll" determination.
  // If 1-4 aren't satisfied, then wait to snap until 500ms after the last event.
  clearTimeout(timeout);
  timeout = undefined;
  if (recentWheelEvents.length >= 15) {
  recentWheelEvents.shift(); // only store the last N events
  }
  const prevEvent = recentWheelEvents.length ? recentWheelEvents[recentWheelEvents.length - 1] : undefined;
  const firstEvent = recentWheelEvents[0];
  recentWheelEvents.push(newEvent);
  if (prevEvent && (newEvent.delta > prevEvent.delta || newEvent.direction !== prevEvent.direction)) {
  // Increasing or reverse-sign delta means the user started scrolling again. Clear the wheel event log.
  recentWheelEvents.splice(0);
  } else if (recentWheelEvents.length >= 15 && newEvent.time - firstEvent.time < 500 && firstEvent.delta - newEvent.delta >= 1 && newEvent.delta <= 6) {
  // We're at the end of the deceleration of a momentum scroll, so there's no need
  // to wait for more events. Snap ASAP on the next tick.
  // Also, because there's some remaining momentum we'll bias the snap in the
  // direction of the ongoing scroll because it's better UX for the scroll to snap
  // in the same direction as the scroll instead of reversing to snap.  Therefore,
  // if it's already scrolled more than 20% in the current direction, keep going.
  const snapToThreshold = delta > 0 ? 0.8 : 0.2;
  lastEventBeforeSnap = newEvent;
  recentWheelEvents.splice(0);
  timeout = nextTick(()=>{
  if (swiper.destroyed || !swiper.params) return;
  swiper.slideToClosest(swiper.params.speed, true, undefined, snapToThreshold);
  }, 0); // no delay; move on next tick
  }
  if (!timeout) {
  // if we get here, then we haven't detected the end of a momentum scroll, so
  // we'll consider a scroll "complete" when there haven't been any wheel events
  // for 500ms.
  timeout = nextTick(()=>{
  if (swiper.destroyed || !swiper.params) return;
  const snapToThreshold = 0.5;
  lastEventBeforeSnap = newEvent;
  recentWheelEvents.splice(0);
  swiper.slideToClosest(swiper.params.speed, true, undefined, snapToThreshold);
  }, 500);
  }
  }
  // Emit event
  if (!ignoreWheelEvents) emit('scroll', e);
  // Stop autoplay
  if (swiper.params.autoplay && swiper.params.autoplay.disableOnInteraction) swiper.autoplay.stop();
  // Return page scroll on edge positions
  if (params.releaseOnEdges && (position === swiper.minTranslate() || position === swiper.maxTranslate())) {
  return true;
  }
  }
  }
  if (e.preventDefault) e.preventDefault();
  else e.returnValue = false;
  return false;
  }
  function events(method) {
  let targetEl = swiper.el;
  if (swiper.params.mousewheel.eventsTarget !== 'container') {
  targetEl = document.querySelector(swiper.params.mousewheel.eventsTarget);
  }
  targetEl[method]('mouseenter', handleMouseEnter);
  targetEl[method]('mouseleave', handleMouseLeave);
  targetEl[method]('wheel', handle);
  }
  function enable() {
  if (swiper.params.cssMode) {
  swiper.wrapperEl.removeEventListener('wheel', handle);
  return true;
  }
  if (swiper.mousewheel.enabled) return false;
  events('addEventListener');
  swiper.mousewheel.enabled = true;
  return true;
  }
  function disable() {
  if (swiper.params.cssMode) {
  swiper.wrapperEl.addEventListener(event, handle);
  return true;
  }
  if (!swiper.mousewheel.enabled) return false;
  events('removeEventListener');
  swiper.mousewheel.enabled = false;
  return true;
  }
  on('init', ()=>{
  if (!swiper.params.mousewheel.enabled && swiper.params.cssMode) {
  disable();
  }
  if (swiper.params.mousewheel.enabled) enable();
  });
  on('destroy', ()=>{
  if (swiper.params.cssMode) {
  enable();
  }
  if (swiper.mousewheel.enabled) disable();
  });
  Object.assign(swiper.mousewheel, {
  enable,
  disable
  });
  }
  ;
  ;
  function createElementIfNotDefined(swiper, originalParams, params, checkProps) {
  if (swiper.params.createElements) {
  Object.keys(checkProps).forEach((key)=>{
  if (!params[key] && params.auto === true) {
  let element = elementChildren(swiper.el, `.${checkProps[key]}`)[0];
  if (!element) {
  element = createElement('div', checkProps[key]);
  element.className = checkProps[key];
  swiper.el.append(element);
  }
  params[key] = element;
  originalParams[key] = element;
  }
  });
  }
  return params;
  }
  ;
  ;
  ;
  const arrowSvg = `<svg class="swiper-navigation-icon" width="11" height="20" viewBox="0 0 11 20" fill="none" xmlns="http://www.w3.org/2000/svg"><path d="M0.38296 20.0762C0.111788 19.805 0.111788 19.3654 0.38296 19.0942L9.19758 10.2796L0.38296 1.46497C0.111788 1.19379 0.111788 0.754138 0.38296 0.482966C0.654131 0.211794 1.09379 0.211794 1.36496 0.482966L10.4341 9.55214C10.8359 9.9539 10.8359 10.6053 10.4341 11.007L1.36496 20.0762C1.09379 20.3474 0.654131 20.3474 0.38296 20.0762Z" fill="currentColor"/></svg>`;
  function Navigation({ swiper, extendParams, on, emit }) {
  extendParams({
  navigation: {
  nextEl: null,
  prevEl: null,
  addIcons: true,
  hideOnClick: false,
  disabledClass: 'swiper-button-disabled',
  hiddenClass: 'swiper-button-hidden',
  lockClass: 'swiper-button-lock',
  navigationDisabledClass: 'swiper-navigation-disabled'
  }
  });
  swiper.navigation = {
  nextEl: null,
  prevEl: null,
  arrowSvg
  };
  function getEl(el) {
  let res;
  if (el && typeof el === 'string' && swiper.isElement) {
  res = swiper.el.querySelector(el) || swiper.hostEl.querySelector(el);
  if (res) return res;
  }
  if (el) {
  if (typeof el === 'string') res = [
  ...document.querySelectorAll(el)
  ];
  if (swiper.params.uniqueNavElements && typeof el === 'string' && res && res.length > 1 && swiper.el.querySelectorAll(el).length === 1) {
  res = swiper.el.querySelector(el);
  } else if (res && res.length === 1) {
  res = res[0];
  }
  }
  if (el && !res) return el;
  // if (Array.isArray(res) && res.length === 1) res = res[0];
  return res;
  }
  function toggleEl(el, disabled) {
  const params = swiper.params.navigation;
  el = makeElementsArray(el);
  el.forEach((subEl)=>{
  if (subEl) {
  subEl.classList[disabled ? 'add' : 'remove'](...params.disabledClass.split(' '));
  if (subEl.tagName === 'BUTTON') subEl.disabled = disabled;
  if (swiper.params.watchOverflow && swiper.enabled) {
  subEl.classList[swiper.isLocked ? 'add' : 'remove'](params.lockClass);
  }
  }
  });
  }
  function update() {
  // Update Navigation Buttons
  const { nextEl, prevEl } = swiper.navigation;
  if (swiper.params.loop) {
  toggleEl(prevEl, false);
  toggleEl(nextEl, false);
  return;
  }
  toggleEl(prevEl, swiper.isBeginning && !swiper.params.rewind);
  toggleEl(nextEl, swiper.isEnd && !swiper.params.rewind);
  }
  function onPrevClick(e) {
  e.preventDefault();
  if (swiper.isBeginning && !swiper.params.loop && !swiper.params.rewind) return;
  swiper.slidePrev();
  emit('navigationPrev');
  }
  function onNextClick(e) {
  e.preventDefault();
  if (swiper.isEnd && !swiper.params.loop && !swiper.params.rewind) return;
  swiper.slideNext();
  emit('navigationNext');
  }
  function init() {
  const params = swiper.params.navigation;
  swiper.params.navigation = createElementIfNotDefined(swiper, swiper.originalParams.navigation, swiper.params.navigation, {
  nextEl: 'swiper-button-next',
  prevEl: 'swiper-button-prev'
  });
  if (!(params.nextEl || params.prevEl)) return;
  let nextEl = getEl(params.nextEl);
  let prevEl = getEl(params.prevEl);
  Object.assign(swiper.navigation, {
  nextEl,
  prevEl
  });
  nextEl = makeElementsArray(nextEl);
  prevEl = makeElementsArray(prevEl);
  const initButton = (el, dir)=>{
  if (el) {
  if (params.addIcons && el.matches('.swiper-button-next,.swiper-button-prev') && !el.querySelector('svg')) {
  const tempEl = document.createElement('div');
  setInnerHTML(tempEl, arrowSvg);
  el.appendChild(tempEl.querySelector('svg'));
  tempEl.remove();
  }
  el.addEventListener('click', dir === 'next' ? onNextClick : onPrevClick);
  }
  if (!swiper.enabled && el) {
  el.classList.add(...params.lockClass.split(' '));
  }
  };
  nextEl.forEach((el)=>initButton(el, 'next'));
  prevEl.forEach((el)=>initButton(el, 'prev'));
  }
  function destroy() {
  let { nextEl, prevEl } = swiper.navigation;
  nextEl = makeElementsArray(nextEl);
  prevEl = makeElementsArray(prevEl);
  const destroyButton = (el, dir)=>{
  el.removeEventListener('click', dir === 'next' ? onNextClick : onPrevClick);
  el.classList.remove(...swiper.params.navigation.disabledClass.split(' '));
  };
  nextEl.forEach((el)=>destroyButton(el, 'next'));
  prevEl.forEach((el)=>destroyButton(el, 'prev'));
  }
  on('init', ()=>{
  if (swiper.params.navigation.enabled === false) {
  // eslint-disable-next-line
  disable();
  } else {
  init();
  update();
  }
  });
  on('toEdge fromEdge lock unlock', ()=>{
  update();
  });
  on('destroy', ()=>{
  destroy();
  });
  on('enable disable', ()=>{
  let { nextEl, prevEl } = swiper.navigation;
  nextEl = makeElementsArray(nextEl);
  prevEl = makeElementsArray(prevEl);
  if (swiper.enabled) {
  update();
  return;
  }
  [
  ...nextEl,
  ...prevEl
  ].filter((el)=>!!el).forEach((el)=>el.classList.add(swiper.params.navigation.lockClass));
  });
  on('click', (_s, e)=>{
  let { nextEl, prevEl } = swiper.navigation;
  nextEl = makeElementsArray(nextEl);
  prevEl = makeElementsArray(prevEl);
  const targetEl = e.target;
  let targetIsButton = prevEl.includes(targetEl) || nextEl.includes(targetEl);
  if (swiper.isElement && !targetIsButton) {
  const path = e.path || e.composedPath && e.composedPath();
  if (path) {
  targetIsButton = path.find((pathEl)=>nextEl.includes(pathEl) || prevEl.includes(pathEl));
  }
  }
  if (swiper.params.navigation.hideOnClick && !targetIsButton) {
  if (swiper.pagination && swiper.params.pagination && swiper.params.pagination.clickable && (swiper.pagination.el === targetEl || swiper.pagination.el.contains(targetEl))) return;
  let isHidden;
  if (nextEl.length) {
  isHidden = nextEl[0].classList.contains(swiper.params.navigation.hiddenClass);
  } else if (prevEl.length) {
  isHidden = prevEl[0].classList.contains(swiper.params.navigation.hiddenClass);
  }
  if (isHidden === true) {
  emit('navigationShow');
  } else {
  emit('navigationHide');
  }
  [
  ...nextEl,
  ...prevEl
  ].filter((el)=>!!el).forEach((el)=>el.classList.toggle(swiper.params.navigation.hiddenClass));
  }
  });
  const enable = ()=>{
  swiper.el.classList.remove(...swiper.params.navigation.navigationDisabledClass.split(' '));
  init();
  update();
  };
  const disable = ()=>{
  swiper.el.classList.add(...swiper.params.navigation.navigationDisabledClass.split(' '));
  destroy();
  };
  Object.assign(swiper.navigation, {
  enable,
  disable,
  update,
  init,
  destroy
  });
  }
  ;
  function classesToSelector(classes = '') {
  // Escape all CSS selector special characters
  return `.${classes.trim().replace(/([\.:!+\/()[\]#>~*^$|=,'"@{}\\])/g, '\\$1') // eslint-disable-line
  .replace(/ /g, '.')}`;
  }
  ;
  ;
  ;
  ;
  function Pagination({ swiper, extendParams, on, emit }) {
  const pfx = 'swiper-pagination';
  extendParams({
  pagination: {
  el: null,
  bulletElement: 'span',
  clickable: false,
  hideOnClick: false,
  renderBullet: null,
  renderProgressbar: null,
  renderFraction: null,
  renderCustom: null,
  progressbarOpposite: false,
  type: 'bullets',
  // 'bullets' or 'progressbar' or 'fraction' or 'custom'
  dynamicBullets: false,
  dynamicMainBullets: 1,
  formatFractionCurrent: (number)=>number,
  formatFractionTotal: (number)=>number,
  bulletClass: `${pfx}-bullet`,
  bulletActiveClass: `${pfx}-bullet-active`,
  modifierClass: `${pfx}-`,
  currentClass: `${pfx}-current`,
  totalClass: `${pfx}-total`,
  hiddenClass: `${pfx}-hidden`,
  progressbarFillClass: `${pfx}-progressbar-fill`,
  progressbarOppositeClass: `${pfx}-progressbar-opposite`,
  clickableClass: `${pfx}-clickable`,
  lockClass: `${pfx}-lock`,
  horizontalClass: `${pfx}-horizontal`,
  verticalClass: `${pfx}-vertical`,
  paginationDisabledClass: `${pfx}-disabled`
  }
  });
  swiper.pagination = {
  el: null,
  bullets: []
  };
  let bulletSize;
  let dynamicBulletIndex = 0;
  function isPaginationDisabled() {
  return !swiper.params.pagination.el || !swiper.pagination.el || Array.isArray(swiper.pagination.el) && swiper.pagination.el.length === 0;
  }
  function setSideBullets(bulletEl, position) {
  const { bulletActiveClass } = swiper.params.pagination;
  if (!bulletEl) return;
  bulletEl = bulletEl[`${position === 'prev' ? 'previous' : 'next'}ElementSibling`];
  if (bulletEl) {
  bulletEl.classList.add(`${bulletActiveClass}-${position}`);
  bulletEl = bulletEl[`${position === 'prev' ? 'previous' : 'next'}ElementSibling`];
  if (bulletEl) {
  bulletEl.classList.add(`${bulletActiveClass}-${position}-${position}`);
  }
  }
  }
  function getMoveDirection(prevIndex, nextIndex, length) {
  prevIndex = prevIndex % length;
  nextIndex = nextIndex % length;
  if (nextIndex === prevIndex + 1) {
  return 'next';
  } else if (nextIndex === prevIndex - 1) {
  return 'previous';
  }
  return;
  }
  function onBulletClick(e) {
  const bulletEl = e.target.closest(classesToSelector(swiper.params.pagination.bulletClass));
  if (!bulletEl) {
  return;
  }
  e.preventDefault();
  const index = elementIndex(bulletEl) * swiper.params.slidesPerGroup;
  if (swiper.params.loop) {
  if (swiper.realIndex === index) return;
  const moveDirection = getMoveDirection(swiper.realIndex, index, swiper.slides.length);
  if (moveDirection === 'next') {
  swiper.slideNext();
  } else if (moveDirection === 'previous') {
  swiper.slidePrev();
  } else {
  swiper.slideToLoop(index);
  }
  } else {
  swiper.slideTo(index);
  }
  }
  function update() {
  // Render || Update Pagination bullets/items
  const rtl = swiper.rtl;
  const params = swiper.params.pagination;
  if (isPaginationDisabled()) return;
  let el = swiper.pagination.el;
  el = makeElementsArray(el);
  // Current/Total
  let current;
  let previousIndex;
  const slidesLength = swiper.virtual && swiper.params.virtual.enabled ? swiper.virtual.slides.length : swiper.slides.length;
  const total = swiper.params.loop ? Math.ceil(slidesLength / swiper.params.slidesPerGroup) : swiper.snapGrid.length;
  if (swiper.params.loop) {
  previousIndex = swiper.previousRealIndex || 0;
  current = swiper.params.slidesPerGroup > 1 ? Math.floor(swiper.realIndex / swiper.params.slidesPerGroup) : swiper.realIndex;
  } else if (typeof swiper.snapIndex !== 'undefined') {
  current = swiper.snapIndex;
  previousIndex = swiper.previousSnapIndex;
  } else {
  previousIndex = swiper.previousIndex || 0;
  current = swiper.activeIndex || 0;
  }
  // Types
  if (params.type === 'bullets' && swiper.pagination.bullets && swiper.pagination.bullets.length > 0) {
  const bullets = swiper.pagination.bullets;
  let firstIndex;
  let lastIndex;
  let midIndex;
  if (params.dynamicBullets) {
  bulletSize = elementOuterSize(bullets[0], swiper.isHorizontal() ? 'width' : 'height', true);
  el.forEach((subEl)=>{
  subEl.style[swiper.isHorizontal() ? 'width' : 'height'] = `${bulletSize * (params.dynamicMainBullets + 4)}px`;
  });
  if (params.dynamicMainBullets > 1 && previousIndex !== undefined) {
  dynamicBulletIndex += current - (previousIndex || 0);
  if (dynamicBulletIndex > params.dynamicMainBullets - 1) {
  dynamicBulletIndex = params.dynamicMainBullets - 1;
  } else if (dynamicBulletIndex < 0) {
  dynamicBulletIndex = 0;
  }
  }
  firstIndex = Math.max(current - dynamicBulletIndex, 0);
  lastIndex = firstIndex + (Math.min(bullets.length, params.dynamicMainBullets) - 1);
  midIndex = (lastIndex + firstIndex) / 2;
  }
  bullets.forEach((bulletEl)=>{
  const classesToRemove = [
  ...[
  '',
  '-next',
  '-next-next',
  '-prev',
  '-prev-prev',
  '-main'
  ].map((suffix)=>`${params.bulletActiveClass}${suffix}`)
  ].map((s1)=>typeof s1 === 'string' && s1.includes(' ') ? s1.split(' ') : s1).flat();
  bulletEl.classList.remove(...classesToRemove);
  });
  if (el.length > 1) {
  bullets.forEach((bullet)=>{
  const bulletIndex = elementIndex(bullet);
  if (bulletIndex === current) {
  bullet.classList.add(...params.bulletActiveClass.split(' '));
  } else if (swiper.isElement) {
  bullet.setAttribute('part', 'bullet');
  }
  if (params.dynamicBullets) {
  if (bulletIndex >= firstIndex && bulletIndex <= lastIndex) {
  bullet.classList.add(...`${params.bulletActiveClass}-main`.split(' '));
  }
  if (bulletIndex === firstIndex) {
  setSideBullets(bullet, 'prev');
  }
  if (bulletIndex === lastIndex) {
  setSideBullets(bullet, 'next');
  }
  }
  });
  } else {
  const bullet = bullets[current];
  if (bullet) {
  bullet.classList.add(...params.bulletActiveClass.split(' '));
  }
  if (swiper.isElement) {
  bullets.forEach((bulletEl, bulletIndex)=>{
  bulletEl.setAttribute('part', bulletIndex === current ? 'bullet-active' : 'bullet');
  });
  }
  if (params.dynamicBullets) {
  const firstDisplayedBullet = bullets[firstIndex];
  const lastDisplayedBullet = bullets[lastIndex];
  for(let i1 = firstIndex; i1 <= lastIndex; i1 += 1){
  if (bullets[i1]) {
  bullets[i1].classList.add(...`${params.bulletActiveClass}-main`.split(' '));
  }
  }
  setSideBullets(firstDisplayedBullet, 'prev');
  setSideBullets(lastDisplayedBullet, 'next');
  }
  }
  if (params.dynamicBullets) {
  const dynamicBulletsLength = Math.min(bullets.length, params.dynamicMainBullets + 4);
  const bulletsOffset = (bulletSize * dynamicBulletsLength - bulletSize) / 2 - midIndex * bulletSize;
  const offsetProp = rtl ? 'right' : 'left';
  bullets.forEach((bullet)=>{
  bullet.style[swiper.isHorizontal() ? offsetProp : 'top'] = `${bulletsOffset}px`;
  });
  }
  }
  el.forEach((subEl, subElIndex)=>{
  if (params.type === 'fraction') {
  subEl.querySelectorAll(classesToSelector(params.currentClass)).forEach((fractionEl)=>{
  fractionEl.textContent = params.formatFractionCurrent(current + 1);
  });
  subEl.querySelectorAll(classesToSelector(params.totalClass)).forEach((totalEl)=>{
  totalEl.textContent = params.formatFractionTotal(total);
  });
  }
  if (params.type === 'progressbar') {
  let progressbarDirection;
  if (params.progressbarOpposite) {
  progressbarDirection = swiper.isHorizontal() ? 'vertical' : 'horizontal';
  } else {
  progressbarDirection = swiper.isHorizontal() ? 'horizontal' : 'vertical';
  }
  const scale = (current + 1) / total;
  let scaleX = 1;
  let scaleY = 1;
  if (progressbarDirection === 'horizontal') {
  scaleX = scale;
  } else {
  scaleY = scale;
  }
  subEl.querySelectorAll(classesToSelector(params.progressbarFillClass)).forEach((progressEl)=>{
  progressEl.style.transform = `translate3d(0,0,0) scaleX(${scaleX}) scaleY(${scaleY})`;
  progressEl.style.transitionDuration = `${swiper.params.speed}ms`;
  });
  }
  if (params.type === 'custom' && params.renderCustom) {
  setInnerHTML(subEl, params.renderCustom(swiper, current + 1, total));
  if (subElIndex === 0) emit('paginationRender', subEl);
  } else {
  if (subElIndex === 0) emit('paginationRender', subEl);
  emit('paginationUpdate', subEl);
  }
  if (swiper.params.watchOverflow && swiper.enabled) {
  subEl.classList[swiper.isLocked ? 'add' : 'remove'](params.lockClass);
  }
  });
  }
  function render() {
  // Render Container
  const params = swiper.params.pagination;
  if (isPaginationDisabled()) return;
  const slidesLength = swiper.virtual && swiper.params.virtual.enabled ? swiper.virtual.slides.length : swiper.grid && swiper.params.grid.rows > 1 ? swiper.slides.length / Math.ceil(swiper.params.grid.rows) : swiper.slides.length;
  let el = swiper.pagination.el;
  el = makeElementsArray(el);
  let paginationHTML = '';
  if (params.type === 'bullets') {
  let numberOfBullets = swiper.params.loop ? Math.ceil(slidesLength / swiper.params.slidesPerGroup) : swiper.snapGrid.length;
  if (swiper.params.freeMode && swiper.params.freeMode.enabled && numberOfBullets > slidesLength) {
  numberOfBullets = slidesLength;
  }
  for(let i1 = 0; i1 < numberOfBullets; i1 += 1){
  if (params.renderBullet) {
  paginationHTML += params.renderBullet.call(swiper, i1, params.bulletClass);
  } else {
  // prettier-ignore
  paginationHTML += `<${params.bulletElement} ${swiper.isElement ? 'part="bullet"' : ''} class="${params.bulletClass}"></${params.bulletElement}>`;
  }
  }
  }
  if (params.type === 'fraction') {
  if (params.renderFraction) {
  paginationHTML = params.renderFraction.call(swiper, params.currentClass, params.totalClass);
  } else {
  paginationHTML = `<span class="${params.currentClass}"></span>` + ' / ' + `<span class="${params.totalClass}"></span>`;
  }
  }
  if (params.type === 'progressbar') {
  if (params.renderProgressbar) {
  paginationHTML = params.renderProgressbar.call(swiper, params.progressbarFillClass);
  } else {
  paginationHTML = `<span class="${params.progressbarFillClass}"></span>`;
  }
  }
  swiper.pagination.bullets = [];
  el.forEach((subEl)=>{
  if (params.type !== 'custom') {
  setInnerHTML(subEl, paginationHTML || '');
  }
  if (params.type === 'bullets') {
  swiper.pagination.bullets.push(...subEl.querySelectorAll(classesToSelector(params.bulletClass)));
  }
  });
  if (params.type !== 'custom') {
  emit('paginationRender', el[0]);
  }
  }
  function init() {
  swiper.params.pagination = createElementIfNotDefined(swiper, swiper.originalParams.pagination, swiper.params.pagination, {
  el: 'swiper-pagination'
  });
  const params = swiper.params.pagination;
  if (!params.el) return;
  let el;
  if (typeof params.el === 'string' && swiper.isElement) {
  el = swiper.el.querySelector(params.el);
  }
  if (!el && typeof params.el === 'string') {
  el = [
  ...document.querySelectorAll(params.el)
  ];
  }
  if (!el) {
  el = params.el;
  }
  if (!el || el.length === 0) return;
  if (swiper.params.uniqueNavElements && typeof params.el === 'string' && Array.isArray(el) && el.length > 1) {
  el = [
  ...swiper.el.querySelectorAll(params.el)
  ];
  // check if it belongs to another nested Swiper
  if (el.length > 1) {
  el = el.find((subEl)=>{
  if (elementParents(subEl, '.swiper')[0] !== swiper.el) return false;
  return true;
  });
  }
  }
  if (Array.isArray(el) && el.length === 1) el = el[0];
  Object.assign(swiper.pagination, {
  el
  });
  el = makeElementsArray(el);
  el.forEach((subEl)=>{
  if (params.type === 'bullets' && params.clickable) {
  subEl.classList.add(...(params.clickableClass || '').split(' '));
  }
  subEl.classList.add(params.modifierClass + params.type);
  subEl.classList.add(swiper.isHorizontal() ? params.horizontalClass : params.verticalClass);
  if (params.type === 'bullets' && params.dynamicBullets) {
  subEl.classList.add(`${params.modifierClass}${params.type}-dynamic`);
  dynamicBulletIndex = 0;
  if (params.dynamicMainBullets < 1) {
  params.dynamicMainBullets = 1;
  }
  }
  if (params.type === 'progressbar' && params.progressbarOpposite) {
  subEl.classList.add(params.progressbarOppositeClass);
  }
  if (params.clickable) {
  subEl.addEventListener('click', onBulletClick);
  }
  if (!swiper.enabled) {
  subEl.classList.add(params.lockClass);
  }
  });
  }
  function destroy() {
  const params = swiper.params.pagination;
  if (isPaginationDisabled()) return;
  let el = swiper.pagination.el;
  if (el) {
  el = makeElementsArray(el);
  el.forEach((subEl)=>{
  subEl.classList.remove(params.hiddenClass);
  subEl.classList.remove(params.modifierClass + params.type);
  subEl.classList.remove(swiper.isHorizontal() ? params.horizontalClass : params.verticalClass);
  if (params.clickable) {
  subEl.classList.remove(...(params.clickableClass || '').split(' '));
  subEl.removeEventListener('click', onBulletClick);
  }
  });
  }
  if (swiper.pagination.bullets) swiper.pagination.bullets.forEach((subEl)=>subEl.classList.remove(...params.bulletActiveClass.split(' ')));
  }
  on('changeDirection', ()=>{
  if (!swiper.pagination || !swiper.pagination.el) return;
  const params = swiper.params.pagination;
  let { el } = swiper.pagination;
  el = makeElementsArray(el);
  el.forEach((subEl)=>{
  subEl.classList.remove(params.horizontalClass, params.verticalClass);
  subEl.classList.add(swiper.isHorizontal() ? params.horizontalClass : params.verticalClass);
  });
  });
  on('init', ()=>{
  if (swiper.params.pagination.enabled === false) {
  // eslint-disable-next-line
  disable();
  } else {
  init();
  render();
  update();
  }
  });
  on('activeIndexChange', ()=>{
  if (typeof swiper.snapIndex === 'undefined') {
  update();
  }
  });
  on('snapIndexChange', ()=>{
  update();
  });
  on('snapGridLengthChange', ()=>{
  render();
  update();
  });
  on('destroy', ()=>{
  destroy();
  });
  on('enable disable', ()=>{
  let { el } = swiper.pagination;
  if (el) {
  el = makeElementsArray(el);
  el.forEach((subEl)=>subEl.classList[swiper.enabled ? 'remove' : 'add'](swiper.params.pagination.lockClass));
  }
  });
  on('lock unlock', ()=>{
  update();
  });
  on('click', (_s, e)=>{
  const targetEl = e.target;
  const el = makeElementsArray(swiper.pagination.el);
  if (swiper.params.pagination.el && swiper.params.pagination.hideOnClick && el && el.length > 0 && !targetEl.classList.contains(swiper.params.pagination.bulletClass)) {
  if (swiper.navigation && (swiper.navigation.nextEl && targetEl === swiper.navigation.nextEl || swiper.navigation.prevEl && targetEl === swiper.navigation.prevEl)) return;
  const isHidden = el[0].classList.contains(swiper.params.pagination.hiddenClass);
  if (isHidden === true) {
  emit('paginationShow');
  } else {
  emit('paginationHide');
  }
  el.forEach((subEl)=>subEl.classList.toggle(swiper.params.pagination.hiddenClass));
  }
  });
  const enable = ()=>{
  swiper.el.classList.remove(swiper.params.pagination.paginationDisabledClass);
  let { el } = swiper.pagination;
  if (el) {
  el = makeElementsArray(el);
  el.forEach((subEl)=>subEl.classList.remove(swiper.params.pagination.paginationDisabledClass));
  }
  init();
  render();
  update();
  };
  const disable = ()=>{
  swiper.el.classList.add(swiper.params.pagination.paginationDisabledClass);
  let { el } = swiper.pagination;
  if (el) {
  el = makeElementsArray(el);
  el.forEach((subEl)=>subEl.classList.add(swiper.params.pagination.paginationDisabledClass));
  }
  destroy();
  };
  Object.assign(swiper.pagination, {
  enable,
  disable,
  render,
  update,
  init,
  destroy
  });
  }
  ;
  ;
  ;
  ;
  ;
  function Scrollbar({ swiper, extendParams, on, emit }) {
  const document1 = getDocument();
  let isTouched = false;
  let timeout = null;
  let dragTimeout = null;
  let dragStartPos;
  let dragSize;
  let trackSize;
  let divider;
  extendParams({
  scrollbar: {
  el: null,
  dragSize: 'auto',
  hide: false,
  draggable: false,
  snapOnRelease: true,
  lockClass: 'swiper-scrollbar-lock',
  dragClass: 'swiper-scrollbar-drag',
  scrollbarDisabledClass: 'swiper-scrollbar-disabled',
  horizontalClass: `swiper-scrollbar-horizontal`,
  verticalClass: `swiper-scrollbar-vertical`
  }
  });
  swiper.scrollbar = {
  el: null,
  dragEl: null
  };
  function setTranslate() {
  if (!swiper.params.scrollbar.el || !swiper.scrollbar.el) return;
  const { scrollbar, rtlTranslate: rtl } = swiper;
  const { dragEl, el } = scrollbar;
  const params = swiper.params.scrollbar;
  const progress = swiper.params.loop ? swiper.progressLoop : swiper.progress;
  let newSize = dragSize;
  let newPos = (trackSize - dragSize) * progress;
  if (rtl) {
  newPos = -newPos;
  if (newPos > 0) {
  newSize = dragSize - newPos;
  newPos = 0;
  } else if (-newPos + dragSize > trackSize) {
  newSize = trackSize + newPos;
  }
  } else if (newPos < 0) {
  newSize = dragSize + newPos;
  newPos = 0;
  } else if (newPos + dragSize > trackSize) {
  newSize = trackSize - newPos;
  }
  if (swiper.isHorizontal()) {
  dragEl.style.transform = `translate3d(${newPos}px, 0, 0)`;
  dragEl.style.width = `${newSize}px`;
  } else {
  dragEl.style.transform = `translate3d(0px, ${newPos}px, 0)`;
  dragEl.style.height = `${newSize}px`;
  }
  if (params.hide) {
  clearTimeout(timeout);
  el.style.opacity = 1;
  timeout = setTimeout(()=>{
  el.style.opacity = 0;
  el.style.transitionDuration = '400ms';
  }, 1000);
  }
  }
  function setTransition(duration) {
  if (!swiper.params.scrollbar.el || !swiper.scrollbar.el) return;
  swiper.scrollbar.dragEl.style.transitionDuration = `${duration}ms`;
  }
  function updateSize() {
  if (!swiper.params.scrollbar.el || !swiper.scrollbar.el) return;
  const { scrollbar } = swiper;
  const { dragEl, el } = scrollbar;
  dragEl.style.width = '';
  dragEl.style.height = '';
  trackSize = swiper.isHorizontal() ? el.offsetWidth : el.offsetHeight;
  divider = swiper.size / (swiper.virtualSize + swiper.params.slidesOffsetBefore - (swiper.params.centeredSlides ? swiper.snapGrid[0] : 0));
  if (swiper.params.scrollbar.dragSize === 'auto') {
  dragSize = trackSize * divider;
  } else {
  dragSize = parseInt(swiper.params.scrollbar.dragSize, 10);
  }
  if (swiper.isHorizontal()) {
  dragEl.style.width = `${dragSize}px`;
  } else {
  dragEl.style.height = `${dragSize}px`;
  }
  if (divider >= 1) {
  el.style.display = 'none';
  } else {
  el.style.display = '';
  }
  if (swiper.params.scrollbar.hide) {
  el.style.opacity = 0;
  }
  if (swiper.params.watchOverflow && swiper.enabled) {
  scrollbar.el.classList[swiper.isLocked ? 'add' : 'remove'](swiper.params.scrollbar.lockClass);
  }
  }
  function getPointerPosition(e) {
  return swiper.isHorizontal() ? e.clientX : e.clientY;
  }
  function setDragPosition(e) {
  const { scrollbar, rtlTranslate: rtl } = swiper;
  const { el } = scrollbar;
  let positionRatio;
  positionRatio = (getPointerPosition(e) - elementOffset(el)[swiper.isHorizontal() ? 'left' : 'top'] - (dragStartPos !== null ? dragStartPos : dragSize / 2)) / (trackSize - dragSize);
  positionRatio = Math.max(Math.min(positionRatio, 1), 0);
  if (rtl) {
  positionRatio = 1 - positionRatio;
  }
  const position = swiper.minTranslate() + (swiper.maxTranslate() - swiper.minTranslate()) * positionRatio;
  swiper.updateProgress(position);
  swiper.setTranslate(position);
  swiper.updateActiveIndex();
  swiper.updateSlidesClasses();
  }
  function onDragStart(e) {
  const params = swiper.params.scrollbar;
  const { scrollbar, wrapperEl } = swiper;
  const { el, dragEl } = scrollbar;
  isTouched = true;
  dragStartPos = e.target === dragEl ? getPointerPosition(e) - e.target.getBoundingClientRect()[swiper.isHorizontal() ? 'left' : 'top'] : null;
  e.preventDefault();
  e.stopPropagation();
  wrapperEl.style.transitionDuration = '100ms';
  dragEl.style.transitionDuration = '100ms';
  setDragPosition(e);
  clearTimeout(dragTimeout);
  el.style.transitionDuration = '0ms';
  if (params.hide) {
  el.style.opacity = 1;
  }
  if (swiper.params.cssMode) {
  swiper.wrapperEl.style['scroll-snap-type'] = 'none';
  }
  emit('scrollbarDragStart', e);
  }
  function onDragMove(e) {
  const { scrollbar, wrapperEl } = swiper;
  const { el, dragEl } = scrollbar;
  if (!isTouched) return;
  if (e.preventDefault && e.cancelable) e.preventDefault();
  else e.returnValue = false;
  setDragPosition(e);
  wrapperEl.style.transitionDuration = '0ms';
  el.style.transitionDuration = '0ms';
  dragEl.style.transitionDuration = '0ms';
  emit('scrollbarDragMove', e);
  }
  function onDragEnd(e) {
  const params = swiper.params.scrollbar;
  const { scrollbar, wrapperEl } = swiper;
  const { el } = scrollbar;
  if (!isTouched) return;
  isTouched = false;
  if (swiper.params.cssMode) {
  swiper.wrapperEl.style['scroll-snap-type'] = '';
  wrapperEl.style.transitionDuration = '';
  }
  if (params.hide) {
  clearTimeout(dragTimeout);
  dragTimeout = nextTick(()=>{
  el.style.opacity = 0;
  el.style.transitionDuration = '400ms';
  }, 1000);
  }
  emit('scrollbarDragEnd', e);
  if (params.snapOnRelease) {
  swiper.slideToClosest();
  }
  }
  function events(method) {
  const { scrollbar, params } = swiper;
  const el = scrollbar.el;
  if (!el) return;
  const target = el;
  const activeListener = params.passiveListeners ? {
  passive: false,
  capture: false
  } : false;
  const passiveListener = params.passiveListeners ? {
  passive: true,
  capture: false
  } : false;
  if (!target) return;
  const eventMethod = method === 'on' ? 'addEventListener' : 'removeEventListener';
  target[eventMethod]('pointerdown', onDragStart, activeListener);
  document1[eventMethod]('pointermove', onDragMove, activeListener);
  document1[eventMethod]('pointerup', onDragEnd, passiveListener);
  }
  function enableDraggable() {
  if (!swiper.params.scrollbar.el || !swiper.scrollbar.el) return;
  events('on');
  }
  function disableDraggable() {
  if (!swiper.params.scrollbar.el || !swiper.scrollbar.el) return;
  events('off');
  }
  function init() {
  const { scrollbar, el: swiperEl } = swiper;
  swiper.params.scrollbar = createElementIfNotDefined(swiper, swiper.originalParams.scrollbar, swiper.params.scrollbar, {
  el: 'swiper-scrollbar'
  });
  const params = swiper.params.scrollbar;
  if (!params.el) return;
  let el;
  if (typeof params.el === 'string' && swiper.isElement) {
  el = swiper.el.querySelector(params.el);
  }
  if (!el && typeof params.el === 'string') {
  el = document1.querySelectorAll(params.el);
  if (!el.length) return;
  } else if (!el) {
  el = params.el;
  }
  if (swiper.params.uniqueNavElements && typeof params.el === 'string' && el.length > 1 && swiperEl.querySelectorAll(params.el).length === 1) {
  el = swiperEl.querySelector(params.el);
  }
  if (el.length > 0) el = el[0];
  el.classList.add(swiper.isHorizontal() ? params.horizontalClass : params.verticalClass);
  let dragEl;
  if (el) {
  dragEl = el.querySelector(classesToSelector(swiper.params.scrollbar.dragClass));
  if (!dragEl) {
  dragEl = createElement('div', swiper.params.scrollbar.dragClass);
  el.append(dragEl);
  }
  }
  Object.assign(scrollbar, {
  el,
  dragEl
  });
  if (params.draggable) {
  enableDraggable();
  }
  if (el) {
  el.classList[swiper.enabled ? 'remove' : 'add'](...classesToTokens(swiper.params.scrollbar.lockClass));
  }
  }
  function destroy() {
  const params = swiper.params.scrollbar;
  const el = swiper.scrollbar.el;
  if (el) {
  el.classList.remove(...classesToTokens(swiper.isHorizontal() ? params.horizontalClass : params.verticalClass));
  }
  disableDraggable();
  }
  on('changeDirection', ()=>{
  if (!swiper.scrollbar || !swiper.scrollbar.el) return;
  const params = swiper.params.scrollbar;
  let { el } = swiper.scrollbar;
  el = makeElementsArray(el);
  el.forEach((subEl)=>{
  subEl.classList.remove(params.horizontalClass, params.verticalClass);
  subEl.classList.add(swiper.isHorizontal() ? params.horizontalClass : params.verticalClass);
  });
  });
  on('init', ()=>{
  if (swiper.params.scrollbar.enabled === false) {
  // eslint-disable-next-line
  disable();
  } else {
  init();
  updateSize();
  setTranslate();
  }
  });
  on('update resize observerUpdate lock unlock changeDirection', ()=>{
  updateSize();
  });
  on('setTranslate', ()=>{
  setTranslate();
  });
  on('setTransition', (_s, duration)=>{
  setTransition(duration);
  });
  on('enable disable', ()=>{
  const { el } = swiper.scrollbar;
  if (el) {
  el.classList[swiper.enabled ? 'remove' : 'add'](...classesToTokens(swiper.params.scrollbar.lockClass));
  }
  });
  on('destroy', ()=>{
  destroy();
  });
  const enable = ()=>{
  swiper.el.classList.remove(...classesToTokens(swiper.params.scrollbar.scrollbarDisabledClass));
  if (swiper.scrollbar.el) {
  swiper.scrollbar.el.classList.remove(...classesToTokens(swiper.params.scrollbar.scrollbarDisabledClass));
  }
  init();
  updateSize();
  setTranslate();
  };
  const disable = ()=>{
  swiper.el.classList.add(...classesToTokens(swiper.params.scrollbar.scrollbarDisabledClass));
  if (swiper.scrollbar.el) {
  swiper.scrollbar.el.classList.add(...classesToTokens(swiper.params.scrollbar.scrollbarDisabledClass));
  }
  destroy();
  };
  Object.assign(swiper.scrollbar, {
  enable,
  disable,
  updateSize,
  setTranslate,
  init,
  destroy
  });
  }
  ;
  ;
  function Parallax({ swiper, extendParams, on }) {
  extendParams({
  parallax: {
  enabled: false
  }
  });
  const elementsSelector = '[data-swiper-parallax], [data-swiper-parallax-x], [data-swiper-parallax-y], [data-swiper-parallax-opacity], [data-swiper-parallax-scale]';
  const setTransform = (el, progress)=>{
  const { rtl } = swiper;
  const rtlFactor = rtl ? -1 : 1;
  const p = el.getAttribute('data-swiper-parallax') || '0';
  let x = el.getAttribute('data-swiper-parallax-x');
  let y = el.getAttribute('data-swiper-parallax-y');
  const scale = el.getAttribute('data-swiper-parallax-scale');
  const opacity = el.getAttribute('data-swiper-parallax-opacity');
  const rotate = el.getAttribute('data-swiper-parallax-rotate');
  if (x || y) {
  x = x || '0';
  y = y || '0';
  } else if (swiper.isHorizontal()) {
  x = p;
  y = '0';
  } else {
  y = p;
  x = '0';
  }
  if (x.indexOf('%') >= 0) {
  x = `${parseInt(x, 10) * progress * rtlFactor}%`;
  } else {
  x = `${x * progress * rtlFactor}px`;
  }
  if (y.indexOf('%') >= 0) {
  y = `${parseInt(y, 10) * progress}%`;
  } else {
  y = `${y * progress}px`;
  }
  if (typeof opacity !== 'undefined' && opacity !== null) {
  const currentOpacity = opacity - (opacity - 1) * (1 - Math.abs(progress));
  el.style.opacity = currentOpacity;
  }
  let transform = `translate3d(${x}, ${y}, 0px)`;
  if (typeof scale !== 'undefined' && scale !== null) {
  const currentScale = scale - (scale - 1) * (1 - Math.abs(progress));
  transform += ` scale(${currentScale})`;
  }
  if (rotate && typeof rotate !== 'undefined' && rotate !== null) {
  const currentRotate = rotate * progress * -1;
  transform += ` rotate(${currentRotate}deg)`;
  }
  el.style.transform = transform;
  };
  const setTranslate = ()=>{
  const { el, slides, progress, snapGrid, isElement } = swiper;
  const elements = elementChildren(el, elementsSelector);
  if (swiper.isElement) {
  elements.push(...elementChildren(swiper.hostEl, elementsSelector));
  }
  elements.forEach((subEl)=>{
  setTransform(subEl, progress);
  });
  slides.forEach((slideEl, slideIndex)=>{
  let slideProgress = slideEl.progress;
  if (swiper.params.slidesPerGroup > 1 && swiper.params.slidesPerView !== 'auto') {
  slideProgress += Math.ceil(slideIndex / 2) - progress * (snapGrid.length - 1);
  }
  slideProgress = Math.min(Math.max(slideProgress, -1), 1);
  slideEl.querySelectorAll(`${elementsSelector}, [data-swiper-parallax-rotate]`).forEach((subEl)=>{
  setTransform(subEl, slideProgress);
  });
  });
  };
  const setTransition = (duration = swiper.params.speed)=>{
  const { el, hostEl } = swiper;
  const elements = [
  ...el.querySelectorAll(elementsSelector)
  ];
  if (swiper.isElement) {
  elements.push(...hostEl.querySelectorAll(elementsSelector));
  }
  elements.forEach((parallaxEl)=>{
  let parallaxDuration = parseInt(parallaxEl.getAttribute('data-swiper-parallax-duration'), 10) || duration;
  if (duration === 0) parallaxDuration = 0;
  parallaxEl.style.transitionDuration = `${parallaxDuration}ms`;
  });
  };
  on('beforeInit', ()=>{
  if (!swiper.params.parallax.enabled) return;
  swiper.params.watchSlidesProgress = true;
  swiper.originalParams.watchSlidesProgress = true;
  });
  on('init', ()=>{
  if (!swiper.params.parallax.enabled) return;
  setTranslate();
  });
  on('setTranslate', ()=>{
  if (!swiper.params.parallax.enabled) return;
  setTranslate();
  });
  on('setTransition', (_swiper, duration)=>{
  if (!swiper.params.parallax.enabled) return;
  setTransition(duration);
  });
  }
  ;
  ;
  ;
  function Zoom({ swiper, extendParams, on, emit }) {
  const window1 = getWindow();
  extendParams({
  zoom: {
  enabled: false,
  limitToOriginalSize: false,
  maxRatio: 3,
  minRatio: 1,
  panOnMouseMove: false,
  toggle: true,
  containerClass: 'swiper-zoom-container',
  zoomedSlideClass: 'swiper-slide-zoomed'
  }
  });
  swiper.zoom = {
  enabled: false
  };
  let currentScale = 1;
  let isScaling = false;
  let isPanningWithMouse = false;
  let mousePanStart = {
  x: 0,
  y: 0
  };
  const mousePanSensitivity = -3; // Negative to invert pan direction
  let fakeGestureTouched;
  let fakeGestureMoved;
  const evCache = [];
  const gesture = {
  originX: 0,
  originY: 0,
  slideEl: undefined,
  slideWidth: undefined,
  slideHeight: undefined,
  imageEl: undefined,
  imageWrapEl: undefined,
  maxRatio: 3
  };
  const image = {
  isTouched: undefined,
  isMoved: undefined,
  currentX: undefined,
  currentY: undefined,
  minX: undefined,
  minY: undefined,
  maxX: undefined,
  maxY: undefined,
  width: undefined,
  height: undefined,
  startX: undefined,
  startY: undefined,
  touchesStart: {},
  touchesCurrent: {}
  };
  const velocity = {
  x: undefined,
  y: undefined,
  prevPositionX: undefined,
  prevPositionY: undefined,
  prevTime: undefined
  };
  let scale = 1;
  Object.defineProperty(swiper.zoom, 'scale', {
  get () {
  return scale;
  },
  set (value) {
  if (scale !== value) {
  const imageEl = gesture.imageEl;
  const slideEl = gesture.slideEl;
  emit('zoomChange', value, imageEl, slideEl);
  }
  scale = value;
  }
  });
  function getDistanceBetweenTouches() {
  if (evCache.length < 2) return 1;
  const x1 = evCache[0].pageX;
  const y1 = evCache[0].pageY;
  const x2 = evCache[1].pageX;
  const y2 = evCache[1].pageY;
  const distance = Math.sqrt((x2 - x1) ** 2 + (y2 - y1) ** 2);
  return distance;
  }
  function getMaxRatio() {
  const params = swiper.params.zoom;
  const maxRatio = gesture.imageWrapEl.getAttribute('data-swiper-zoom') || params.maxRatio;
  if (params.limitToOriginalSize && gesture.imageEl && gesture.imageEl.naturalWidth) {
  const imageMaxRatio = gesture.imageEl.naturalWidth / gesture.imageEl.offsetWidth;
  return Math.min(imageMaxRatio, maxRatio);
  }
  return maxRatio;
  }
  function getScaleOrigin() {
  if (evCache.length < 2) return {
  x: null,
  y: null
  };
  const box = gesture.imageEl.getBoundingClientRect();
  return [
  (evCache[0].pageX + (evCache[1].pageX - evCache[0].pageX) / 2 - box.x - window1.scrollX) / currentScale,
  (evCache[0].pageY + (evCache[1].pageY - evCache[0].pageY) / 2 - box.y - window1.scrollY) / currentScale
  ];
  }
  function getSlideSelector() {
  return swiper.isElement ? `swiper-slide` : `.${swiper.params.slideClass}`;
  }
  function eventWithinSlide(e1) {
  const slideSelector = getSlideSelector();
  if (e1.target.matches(slideSelector)) return true;
  if (swiper.slides.filter((slideEl)=>slideEl.contains(e1.target)).length > 0) return true;
  return false;
  }
  function eventWithinZoomContainer(e1) {
  const selector = `.${swiper.params.zoom.containerClass}`;
  if (e1.target.matches(selector)) return true;
  if ([
  ...swiper.hostEl.querySelectorAll(selector)
  ].filter((containerEl)=>containerEl.contains(e1.target)).length > 0) return true;
  return false;
  }
  // Events
  function onGestureStart(e1) {
  if (e1.pointerType === 'mouse') {
  evCache.splice(0, evCache.length);
  }
  if (!eventWithinSlide(e1)) return;
  const params = swiper.params.zoom;
  fakeGestureTouched = false;
  fakeGestureMoved = false;
  evCache.push(e1);
  if (evCache.length < 2) {
  return;
  }
  fakeGestureTouched = true;
  gesture.scaleStart = getDistanceBetweenTouches();
  if (!gesture.slideEl) {
  gesture.slideEl = e1.target.closest(`.${swiper.params.slideClass}, swiper-slide`);
  if (!gesture.slideEl) gesture.slideEl = swiper.slides[swiper.activeIndex];
  let imageEl = gesture.slideEl.querySelector(`.${params.containerClass}`);
  if (imageEl) {
  imageEl = imageEl.querySelectorAll('picture, img, svg, canvas, .swiper-zoom-target')[0];
  }
  gesture.imageEl = imageEl;
  if (imageEl) {
  gesture.imageWrapEl = elementParents(gesture.imageEl, `.${params.containerClass}`)[0];
  } else {
  gesture.imageWrapEl = undefined;
  }
  if (!gesture.imageWrapEl) {
  gesture.imageEl = undefined;
  return;
  }
  gesture.maxRatio = getMaxRatio();
  }
  if (gesture.imageEl) {
  const [originX, originY] = getScaleOrigin();
  gesture.originX = originX;
  gesture.originY = originY;
  gesture.imageEl.style.transitionDuration = '0ms';
  }
  isScaling = true;
  }
  function onGestureChange(e1) {
  if (!eventWithinSlide(e1)) return;
  const params = swiper.params.zoom;
  const zoom = swiper.zoom;
  const pointerIndex = evCache.findIndex((cachedEv)=>cachedEv.pointerId === e1.pointerId);
  if (pointerIndex >= 0) evCache[pointerIndex] = e1;
  if (evCache.length < 2) {
  return;
  }
  fakeGestureMoved = true;
  gesture.scaleMove = getDistanceBetweenTouches();
  if (!gesture.imageEl) {
  return;
  }
  zoom.scale = gesture.scaleMove / gesture.scaleStart * currentScale;
  if (zoom.scale > gesture.maxRatio) {
  zoom.scale = gesture.maxRatio - 1 + (zoom.scale - gesture.maxRatio + 1) ** 0.5;
  }
  if (zoom.scale < params.minRatio) {
  zoom.scale = params.minRatio + 1 - (params.minRatio - zoom.scale + 1) ** 0.5;
  }
  gesture.imageEl.style.transform = `translate3d(0,0,0) scale(${zoom.scale})`;
  }
  function onGestureEnd(e1) {
  if (!eventWithinSlide(e1)) return;
  if (e1.pointerType === 'mouse' && e1.type === 'pointerout') return;
  const params = swiper.params.zoom;
  const zoom = swiper.zoom;
  const pointerIndex = evCache.findIndex((cachedEv)=>cachedEv.pointerId === e1.pointerId);
  if (pointerIndex >= 0) evCache.splice(pointerIndex, 1);
  if (!fakeGestureTouched || !fakeGestureMoved) {
  return;
  }
  fakeGestureTouched = false;
  fakeGestureMoved = false;
  if (!gesture.imageEl) return;
  zoom.scale = Math.max(Math.min(zoom.scale, gesture.maxRatio), params.minRatio);
  gesture.imageEl.style.transitionDuration = `${swiper.params.speed}ms`;
  gesture.imageEl.style.transform = `translate3d(0,0,0) scale(${zoom.scale})`;
  currentScale = zoom.scale;
  isScaling = false;
  if (zoom.scale > 1 && gesture.slideEl) {
  gesture.slideEl.classList.add(`${params.zoomedSlideClass}`);
  } else if (zoom.scale <= 1 && gesture.slideEl) {
  gesture.slideEl.classList.remove(`${params.zoomedSlideClass}`);
  }
  if (zoom.scale === 1) {
  gesture.originX = 0;
  gesture.originY = 0;
  gesture.slideEl = undefined;
  }
  }
  let allowTouchMoveTimeout;
  function allowTouchMove() {
  swiper.touchEventsData.preventTouchMoveFromPointerMove = false;
  }
  function preventTouchMove() {
  clearTimeout(allowTouchMoveTimeout);
  swiper.touchEventsData.preventTouchMoveFromPointerMove = true;
  allowTouchMoveTimeout = setTimeout(()=>{
  if (swiper.destroyed) return;
  allowTouchMove();
  });
  }
  function onTouchStart(e1) {
  const device = swiper.device;
  if (!gesture.imageEl) return;
  if (image.isTouched) return;
  if (device.android && e1.cancelable) e1.preventDefault();
  image.isTouched = true;
  const event1 = evCache.length > 0 ? evCache[0] : e1;
  image.touchesStart.x = event1.pageX;
  image.touchesStart.y = event1.pageY;
  }
  function onTouchMove(e1) {
  const isMouseEvent = e1.pointerType === 'mouse';
  const isMousePan = isMouseEvent && swiper.params.zoom.panOnMouseMove;
  if (!eventWithinSlide(e1) || !eventWithinZoomContainer(e1)) {
  return;
  }
  const zoom = swiper.zoom;
  if (!gesture.imageEl) {
  return;
  }
  if (!image.isTouched || !gesture.slideEl) {
  if (isMousePan) onMouseMove(e1);
  return;
  }
  if (isMousePan) {
  onMouseMove(e1);
  return;
  }
  if (!image.isMoved) {
  image.width = gesture.imageEl.offsetWidth || gesture.imageEl.clientWidth;
  image.height = gesture.imageEl.offsetHeight || gesture.imageEl.clientHeight;
  image.startX = getTranslate(gesture.imageWrapEl, 'x') || 0;
  image.startY = getTranslate(gesture.imageWrapEl, 'y') || 0;
  gesture.slideWidth = gesture.slideEl.offsetWidth;
  gesture.slideHeight = gesture.slideEl.offsetHeight;
  gesture.imageWrapEl.style.transitionDuration = '0ms';
  }
  // Define if we need image drag
  const scaledWidth = image.width * zoom.scale;
  const scaledHeight = image.height * zoom.scale;
  image.minX = Math.min(gesture.slideWidth / 2 - scaledWidth / 2, 0);
  image.maxX = -image.minX;
  image.minY = Math.min(gesture.slideHeight / 2 - scaledHeight / 2, 0);
  image.maxY = -image.minY;
  image.touchesCurrent.x = evCache.length > 0 ? evCache[0].pageX : e1.pageX;
  image.touchesCurrent.y = evCache.length > 0 ? evCache[0].pageY : e1.pageY;
  const touchesDiff = Math.max(Math.abs(image.touchesCurrent.x - image.touchesStart.x), Math.abs(image.touchesCurrent.y - image.touchesStart.y));
  if (touchesDiff > 5) {
  swiper.allowClick = false;
  }
  if (!image.isMoved && !isScaling) {
  if (swiper.isHorizontal() && (Math.floor(image.minX) === Math.floor(image.startX) && image.touchesCurrent.x < image.touchesStart.x || Math.floor(image.maxX) === Math.floor(image.startX) && image.touchesCurrent.x > image.touchesStart.x)) {
  image.isTouched = false;
  allowTouchMove();
  return;
  }
  if (!swiper.isHorizontal() && (Math.floor(image.minY) === Math.floor(image.startY) && image.touchesCurrent.y < image.touchesStart.y || Math.floor(image.maxY) === Math.floor(image.startY) && image.touchesCurrent.y > image.touchesStart.y)) {
  image.isTouched = false;
  allowTouchMove();
  return;
  }
  }
  if (e1.cancelable) {
  e1.preventDefault();
  }
  e1.stopPropagation();
  preventTouchMove();
  image.isMoved = true;
  const scaleRatio = (zoom.scale - currentScale) / (gesture.maxRatio - swiper.params.zoom.minRatio);
  const { originX, originY } = gesture;
  image.currentX = image.touchesCurrent.x - image.touchesStart.x + image.startX + scaleRatio * (image.width - originX * 2);
  image.currentY = image.touchesCurrent.y - image.touchesStart.y + image.startY + scaleRatio * (image.height - originY * 2);
  if (image.currentX < image.minX) {
  image.currentX = image.minX + 1 - (image.minX - image.currentX + 1) ** 0.8;
  }
  if (image.currentX > image.maxX) {
  image.currentX = image.maxX - 1 + (image.currentX - image.maxX + 1) ** 0.8;
  }
  if (image.currentY < image.minY) {
  image.currentY = image.minY + 1 - (image.minY - image.currentY + 1) ** 0.8;
  }
  if (image.currentY > image.maxY) {
  image.currentY = image.maxY - 1 + (image.currentY - image.maxY + 1) ** 0.8;
  }
  // Velocity
  if (!velocity.prevPositionX) velocity.prevPositionX = image.touchesCurrent.x;
  if (!velocity.prevPositionY) velocity.prevPositionY = image.touchesCurrent.y;
  if (!velocity.prevTime) velocity.prevTime = Date.now();
  velocity.x = (image.touchesCurrent.x - velocity.prevPositionX) / (Date.now() - velocity.prevTime) / 2;
  velocity.y = (image.touchesCurrent.y - velocity.prevPositionY) / (Date.now() - velocity.prevTime) / 2;
  if (Math.abs(image.touchesCurrent.x - velocity.prevPositionX) < 2) velocity.x = 0;
  if (Math.abs(image.touchesCurrent.y - velocity.prevPositionY) < 2) velocity.y = 0;
  velocity.prevPositionX = image.touchesCurrent.x;
  velocity.prevPositionY = image.touchesCurrent.y;
  velocity.prevTime = Date.now();
  gesture.imageWrapEl.style.transform = `translate3d(${image.currentX}px, ${image.currentY}px,0)`;
  }
  function onTouchEnd() {
  const zoom = swiper.zoom;
  evCache.length = 0;
  if (!gesture.imageEl) return;
  if (!image.isTouched || !image.isMoved) {
  image.isTouched = false;
  image.isMoved = false;
  return;
  }
  image.isTouched = false;
  image.isMoved = false;
  let momentumDurationX = 300;
  let momentumDurationY = 300;
  const momentumDistanceX = velocity.x * momentumDurationX;
  const newPositionX = image.currentX + momentumDistanceX;
  const momentumDistanceY = velocity.y * momentumDurationY;
  const newPositionY = image.currentY + momentumDistanceY;
  // Fix duration
  if (velocity.x !== 0) momentumDurationX = Math.abs((newPositionX - image.currentX) / velocity.x);
  if (velocity.y !== 0) momentumDurationY = Math.abs((newPositionY - image.currentY) / velocity.y);
  const momentumDuration = Math.max(momentumDurationX, momentumDurationY);
  image.currentX = newPositionX;
  image.currentY = newPositionY;
  // Define if we need image drag
  const scaledWidth = image.width * zoom.scale;
  const scaledHeight = image.height * zoom.scale;
  image.minX = Math.min(gesture.slideWidth / 2 - scaledWidth / 2, 0);
  image.maxX = -image.minX;
  image.minY = Math.min(gesture.slideHeight / 2 - scaledHeight / 2, 0);
  image.maxY = -image.minY;
  image.currentX = Math.max(Math.min(image.currentX, image.maxX), image.minX);
  image.currentY = Math.max(Math.min(image.currentY, image.maxY), image.minY);
  gesture.imageWrapEl.style.transitionDuration = `${momentumDuration}ms`;
  gesture.imageWrapEl.style.transform = `translate3d(${image.currentX}px, ${image.currentY}px,0)`;
  }
  function onTransitionEnd() {
  const zoom = swiper.zoom;
  if (gesture.slideEl && swiper.activeIndex !== swiper.slides.indexOf(gesture.slideEl)) {
  if (gesture.imageEl) {
  gesture.imageEl.style.transform = 'translate3d(0,0,0) scale(1)';
  }
  if (gesture.imageWrapEl) {
  gesture.imageWrapEl.style.transform = 'translate3d(0,0,0)';
  }
  gesture.slideEl.classList.remove(`${swiper.params.zoom.zoomedSlideClass}`);
  zoom.scale = 1;
  currentScale = 1;
  gesture.slideEl = undefined;
  gesture.imageEl = undefined;
  gesture.imageWrapEl = undefined;
  gesture.originX = 0;
  gesture.originY = 0;
  }
  }
  function onMouseMove(e1) {
  // Only pan if zoomed in and mouse panning is enabled
  if (currentScale <= 1 || !gesture.imageWrapEl) return;
  if (!eventWithinSlide(e1) || !eventWithinZoomContainer(e1)) return;
  const currentTransform = window1.getComputedStyle(gesture.imageWrapEl).transform;
  const matrix = new window1.DOMMatrix(currentTransform);
  if (!isPanningWithMouse) {
  isPanningWithMouse = true;
  mousePanStart.x = e1.clientX;
  mousePanStart.y = e1.clientY;
  image.startX = matrix.e;
  image.startY = matrix.f;
  image.width = gesture.imageEl.offsetWidth || gesture.imageEl.clientWidth;
  image.height = gesture.imageEl.offsetHeight || gesture.imageEl.clientHeight;
  gesture.slideWidth = gesture.slideEl.offsetWidth;
  gesture.slideHeight = gesture.slideEl.offsetHeight;
  return;
  }
  const deltaX = (e1.clientX - mousePanStart.x) * mousePanSensitivity;
  const deltaY = (e1.clientY - mousePanStart.y) * mousePanSensitivity;
  const scaledWidth = image.width * currentScale;
  const scaledHeight = image.height * currentScale;
  const slideWidth = gesture.slideWidth;
  const slideHeight = gesture.slideHeight;
  const minX = Math.min(slideWidth / 2 - scaledWidth / 2, 0);
  const maxX = -minX;
  const minY = Math.min(slideHeight / 2 - scaledHeight / 2, 0);
  const maxY = -minY;
  const newX = Math.max(Math.min(image.startX + deltaX, maxX), minX);
  const newY = Math.max(Math.min(image.startY + deltaY, maxY), minY);
  gesture.imageWrapEl.style.transitionDuration = '0ms';
  gesture.imageWrapEl.style.transform = `translate3d(${newX}px, ${newY}px, 0)`;
  mousePanStart.x = e1.clientX;
  mousePanStart.y = e1.clientY;
  image.startX = newX;
  image.startY = newY;
  image.currentX = newX;
  image.currentY = newY;
  }
  function zoomIn(e1) {
  const zoom = swiper.zoom;
  const params = swiper.params.zoom;
  if (!gesture.slideEl) {
  if (e1 && e1.target) {
  gesture.slideEl = e1.target.closest(`.${swiper.params.slideClass}, swiper-slide`);
  }
  if (!gesture.slideEl) {
  if (swiper.params.virtual && swiper.params.virtual.enabled && swiper.virtual) {
  gesture.slideEl = elementChildren(swiper.slidesEl, `.${swiper.params.slideActiveClass}`)[0];
  } else {
  gesture.slideEl = swiper.slides[swiper.activeIndex];
  }
  }
  let imageEl = gesture.slideEl.querySelector(`.${params.containerClass}`);
  if (imageEl) {
  imageEl = imageEl.querySelectorAll('picture, img, svg, canvas, .swiper-zoom-target')[0];
  }
  gesture.imageEl = imageEl;
  if (imageEl) {
  gesture.imageWrapEl = elementParents(gesture.imageEl, `.${params.containerClass}`)[0];
  } else {
  gesture.imageWrapEl = undefined;
  }
  }
  if (!gesture.imageEl || !gesture.imageWrapEl) return;
  gesture.maxRatio = getMaxRatio();
  if (swiper.params.cssMode) {
  swiper.wrapperEl.style.overflow = 'hidden';
  swiper.wrapperEl.style.touchAction = 'none';
  }
  gesture.slideEl.classList.add(`${params.zoomedSlideClass}`);
  let touchX;
  let touchY;
  let offsetX;
  let offsetY;
  let diffX;
  let diffY;
  let translateX;
  let translateY;
  let imageWidth;
  let imageHeight;
  let scaledWidth;
  let scaledHeight;
  let translateMinX;
  let translateMinY;
  let translateMaxX;
  let translateMaxY;
  let slideWidth;
  let slideHeight;
  if (typeof image.touchesStart.x === 'undefined' && e1) {
  touchX = e1.pageX;
  touchY = e1.pageY;
  } else {
  touchX = image.touchesStart.x;
  touchY = image.touchesStart.y;
  }
  const prevScale = currentScale;
  const forceZoomRatio = typeof e1 === 'number' ? e1 : null;
  if (currentScale === 1 && forceZoomRatio) {
  touchX = undefined;
  touchY = undefined;
  image.touchesStart.x = undefined;
  image.touchesStart.y = undefined;
  }
  const maxRatio = getMaxRatio();
  zoom.scale = forceZoomRatio || maxRatio;
  currentScale = forceZoomRatio || maxRatio;
  if (e1 && !(currentScale === 1 && forceZoomRatio)) {
  slideWidth = gesture.slideEl.offsetWidth;
  slideHeight = gesture.slideEl.offsetHeight;
  offsetX = elementOffset(gesture.slideEl).left + window1.scrollX;
  offsetY = elementOffset(gesture.slideEl).top + window1.scrollY;
  diffX = offsetX + slideWidth / 2 - touchX;
  diffY = offsetY + slideHeight / 2 - touchY;
  imageWidth = gesture.imageEl.offsetWidth || gesture.imageEl.clientWidth;
  imageHeight = gesture.imageEl.offsetHeight || gesture.imageEl.clientHeight;
  scaledWidth = imageWidth * zoom.scale;
  scaledHeight = imageHeight * zoom.scale;
  translateMinX = Math.min(slideWidth / 2 - scaledWidth / 2, 0);
  translateMinY = Math.min(slideHeight / 2 - scaledHeight / 2, 0);
  translateMaxX = -translateMinX;
  translateMaxY = -translateMinY;
  if (prevScale > 0 && forceZoomRatio && typeof image.currentX === 'number' && typeof image.currentY === 'number') {
  translateX = image.currentX * zoom.scale / prevScale;
  translateY = image.currentY * zoom.scale / prevScale;
  } else {
  translateX = diffX * zoom.scale;
  translateY = diffY * zoom.scale;
  }
  if (translateX < translateMinX) {
  translateX = translateMinX;
  }
  if (translateX > translateMaxX) {
  translateX = translateMaxX;
  }
  if (translateY < translateMinY) {
  translateY = translateMinY;
  }
  if (translateY > translateMaxY) {
  translateY = translateMaxY;
  }
  } else {
  translateX = 0;
  translateY = 0;
  }
  if (forceZoomRatio && zoom.scale === 1) {
  gesture.originX = 0;
  gesture.originY = 0;
  }
  image.currentX = translateX;
  image.currentY = translateY;
  gesture.imageWrapEl.style.transitionDuration = '300ms';
  gesture.imageWrapEl.style.transform = `translate3d(${translateX}px, ${translateY}px,0)`;
  gesture.imageEl.style.transitionDuration = '300ms';
  gesture.imageEl.style.transform = `translate3d(0,0,0) scale(${zoom.scale})`;
  }
  function zoomOut() {
  const zoom = swiper.zoom;
  const params = swiper.params.zoom;
  if (!gesture.slideEl) {
  if (swiper.params.virtual && swiper.params.virtual.enabled && swiper.virtual) {
  gesture.slideEl = elementChildren(swiper.slidesEl, `.${swiper.params.slideActiveClass}`)[0];
  } else {
  gesture.slideEl = swiper.slides[swiper.activeIndex];
  }
  let imageEl = gesture.slideEl.querySelector(`.${params.containerClass}`);
  if (imageEl) {
  imageEl = imageEl.querySelectorAll('picture, img, svg, canvas, .swiper-zoom-target')[0];
  }
  gesture.imageEl = imageEl;
  if (imageEl) {
  gesture.imageWrapEl = elementParents(gesture.imageEl, `.${params.containerClass}`)[0];
  } else {
  gesture.imageWrapEl = undefined;
  }
  }
  if (!gesture.imageEl || !gesture.imageWrapEl) return;
  gesture.maxRatio = getMaxRatio();
  if (swiper.params.cssMode) {
  swiper.wrapperEl.style.overflow = '';
  swiper.wrapperEl.style.touchAction = '';
  }
  zoom.scale = 1;
  currentScale = 1;
  image.currentX = undefined;
  image.currentY = undefined;
  image.touchesStart.x = undefined;
  image.touchesStart.y = undefined;
  gesture.imageWrapEl.style.transitionDuration = '300ms';
  gesture.imageWrapEl.style.transform = 'translate3d(0,0,0)';
  gesture.imageEl.style.transitionDuration = '300ms';
  gesture.imageEl.style.transform = 'translate3d(0,0,0) scale(1)';
  gesture.slideEl.classList.remove(`${params.zoomedSlideClass}`);
  gesture.slideEl = undefined;
  gesture.originX = 0;
  gesture.originY = 0;
  if (swiper.params.zoom.panOnMouseMove) {
  mousePanStart = {
  x: 0,
  y: 0
  };
  if (isPanningWithMouse) {
  isPanningWithMouse = false;
  image.startX = 0;
  image.startY = 0;
  }
  }
  }
  // Toggle Zoom
  function zoomToggle(e1) {
  const zoom = swiper.zoom;
  if (zoom.scale && zoom.scale !== 1) {
  // Zoom Out
  zoomOut();
  } else {
  // Zoom In
  zoomIn(e1);
  }
  }
  function getListeners() {
  const passiveListener = swiper.params.passiveListeners ? {
  passive: true,
  capture: false
  } : false;
  const activeListenerWithCapture = swiper.params.passiveListeners ? {
  passive: false,
  capture: true
  } : true;
  return {
  passiveListener,
  activeListenerWithCapture
  };
  }
  // Attach/Detach Events
  function enable() {
  const zoom = swiper.zoom;
  if (zoom.enabled) return;
  zoom.enabled = true;
  const { passiveListener, activeListenerWithCapture } = getListeners();
  // Scale image
  swiper.wrapperEl.addEventListener('pointerdown', onGestureStart, passiveListener);
  swiper.wrapperEl.addEventListener('pointermove', onGestureChange, activeListenerWithCapture);
  [
  'pointerup',
  'pointercancel',
  'pointerout'
  ].forEach((eventName)=>{
  swiper.wrapperEl.addEventListener(eventName, onGestureEnd, passiveListener);
  });
  // Move image
  swiper.wrapperEl.addEventListener('pointermove', onTouchMove, activeListenerWithCapture);
  }
  function disable() {
  const zoom = swiper.zoom;
  if (!zoom.enabled) return;
  zoom.enabled = false;
  const { passiveListener, activeListenerWithCapture } = getListeners();
  // Scale image
  swiper.wrapperEl.removeEventListener('pointerdown', onGestureStart, passiveListener);
  swiper.wrapperEl.removeEventListener('pointermove', onGestureChange, activeListenerWithCapture);
  [
  'pointerup',
  'pointercancel',
  'pointerout'
  ].forEach((eventName)=>{
  swiper.wrapperEl.removeEventListener(eventName, onGestureEnd, passiveListener);
  });
  // Move image
  swiper.wrapperEl.removeEventListener('pointermove', onTouchMove, activeListenerWithCapture);
  }
  on('init', ()=>{
  if (swiper.params.zoom.enabled) {
  enable();
  }
  });
  on('destroy', ()=>{
  disable();
  });
  on('touchStart', (_s, e1)=>{
  if (!swiper.zoom.enabled) return;
  onTouchStart(e1);
  });
  on('touchEnd', (_s, e1)=>{
  if (!swiper.zoom.enabled) return;
  onTouchEnd();
  });
  on('doubleTap', (_s, e1)=>{
  if (!swiper.animating && swiper.params.zoom.enabled && swiper.zoom.enabled && swiper.params.zoom.toggle) {
  zoomToggle(e1);
  }
  });
  on('transitionEnd', ()=>{
  if (swiper.zoom.enabled && swiper.params.zoom.enabled) {
  onTransitionEnd();
  }
  });
  on('slideChange', ()=>{
  if (swiper.zoom.enabled && swiper.params.zoom.enabled && swiper.params.cssMode) {
  onTransitionEnd();
  }
  });
  Object.assign(swiper.zoom, {
  enable,
  disable,
  in: zoomIn,
  out: zoomOut,
  toggle: zoomToggle
  });
  }
  ;
  ;
  /* eslint no-bitwise: ["error", { "allow": [">>"] }] */ function Controller({ swiper, extendParams, on }) {
  extendParams({
  controller: {
  control: undefined,
  inverse: false,
  by: 'slide' // or 'container'
  }
  });
  swiper.controller = {
  control: undefined
  };
  function LinearSpline(x, y) {
  const binarySearch = function search() {
  let maxIndex;
  let minIndex;
  let guess;
  return (array, val)=>{
  minIndex = -1;
  maxIndex = array.length;
  while(maxIndex - minIndex > 1){
  guess = maxIndex + minIndex >> 1;
  if (array[guess] <= val) {
  minIndex = guess;
  } else {
  maxIndex = guess;
  }
  }
  return maxIndex;
  };
  }();
  this.x = x;
  this.y = y;
  this.lastIndex = x.length - 1;
  // Given an x value (x2), return the expected y2 value:
  // (x1,y1) is the known point before given value,
  // (x3,y3) is the known point after given value.
  let i1;
  let i3;
  this.interpolate = function interpolate(x2) {
  if (!x2) return 0;
  // Get the indexes of x1 and x3 (the array indexes before and after given x2):
  i3 = binarySearch(this.x, x2);
  i1 = i3 - 1;
  // We have our indexes i1 & i3, so we can calculate already:
  // y2 := ((x2−x1) × (y3−y1)) ÷ (x3−x1) + y1
  return (x2 - this.x[i1]) * (this.y[i3] - this.y[i1]) / (this.x[i3] - this.x[i1]) + this.y[i1];
  };
  return this;
  }
  function getInterpolateFunction(c) {
  swiper.controller.spline = swiper.params.loop ? new LinearSpline(swiper.slidesGrid, c.slidesGrid) : new LinearSpline(swiper.snapGrid, c.snapGrid);
  }
  function setTranslate(_t, byController) {
  const controlled = swiper.controller.control;
  let multiplier;
  let controlledTranslate;
  const Swiper = swiper.constructor;
  function setControlledTranslate(c) {
  if (c.destroyed) return;
  // this will create an Interpolate function based on the snapGrids
  // x is the Grid of the scrolled scroller and y will be the controlled scroller
  // it makes sense to create this only once and recall it for the interpolation
  // the function does a lot of value caching for performance
  const translate = swiper.rtlTranslate ? -swiper.translate : swiper.translate;
  if (swiper.params.controller.by === 'slide') {
  getInterpolateFunction(c);
  // i am not sure why the values have to be multiplicated this way, tried to invert the snapGrid
  // but it did not work out
  controlledTranslate = -swiper.controller.spline.interpolate(-translate);
  }
  if (!controlledTranslate || swiper.params.controller.by === 'container') {
  multiplier = (c.maxTranslate() - c.minTranslate()) / (swiper.maxTranslate() - swiper.minTranslate());
  if (Number.isNaN(multiplier) || !Number.isFinite(multiplier)) {
  multiplier = 1;
  }
  controlledTranslate = (translate - swiper.minTranslate()) * multiplier + c.minTranslate();
  }
  if (swiper.params.controller.inverse) {
  controlledTranslate = c.maxTranslate() - controlledTranslate;
  }
  c.updateProgress(controlledTranslate);
  c.setTranslate(controlledTranslate, swiper);
  c.updateActiveIndex();
  c.updateSlidesClasses();
  }
  if (Array.isArray(controlled)) {
  for(let i = 0; i < controlled.length; i += 1){
  if (controlled[i] !== byController && controlled[i] instanceof Swiper) {
  setControlledTranslate(controlled[i]);
  }
  }
  } else if (controlled instanceof Swiper && byController !== controlled) {
  setControlledTranslate(controlled);
  }
  }
  function setTransition(duration, byController) {
  const Swiper = swiper.constructor;
  const controlled = swiper.controller.control;
  let i;
  function setControlledTransition(c) {
  if (c.destroyed) return;
  c.setTransition(duration, swiper);
  if (duration !== 0) {
  c.transitionStart();
  if (c.params.autoHeight) {
  nextTick(()=>{
  c.updateAutoHeight();
  });
  }
  elementTransitionEnd(c.wrapperEl, ()=>{
  if (!controlled) return;
  c.transitionEnd();
  });
  }
  }
  if (Array.isArray(controlled)) {
  for(i = 0; i < controlled.length; i += 1){
  if (controlled[i] !== byController && controlled[i] instanceof Swiper) {
  setControlledTransition(controlled[i]);
  }
  }
  } else if (controlled instanceof Swiper && byController !== controlled) {
  setControlledTransition(controlled);
  }
  }
  function removeSpline() {
  if (!swiper.controller.control) return;
  if (swiper.controller.spline) {
  swiper.controller.spline = undefined;
  delete swiper.controller.spline;
  }
  }
  on('beforeInit', ()=>{
  if (("TURBOPACK compile-time value", "undefined") !== 'undefined' && (// eslint-disable-line
  typeof swiper.params.controller.control === 'string' || swiper.params.controller.control instanceof HTMLElement)) //TURBOPACK unreachable
  ;
  swiper.controller.control = swiper.params.controller.control;
  });
  on('update', ()=>{
  removeSpline();
  });
  on('resize', ()=>{
  removeSpline();
  });
  on('observerUpdate', ()=>{
  removeSpline();
  });
  on('setTranslate', (_s, translate, byController)=>{
  if (!swiper.controller.control || swiper.controller.control.destroyed) return;
  swiper.controller.setTranslate(translate, byController);
  });
  on('setTransition', (_s, duration, byController)=>{
  if (!swiper.controller.control || swiper.controller.control.destroyed) return;
  swiper.controller.setTransition(duration, byController);
  });
  Object.assign(swiper.controller, {
  setTranslate,
  setTransition
  });
  }
  ;
  ;
  ;
  ;
  function A11y({ swiper, extendParams, on }) {
  extendParams({
  a11y: {
  enabled: true,
  notificationClass: 'swiper-notification',
  prevSlideMessage: 'Previous slide',
  nextSlideMessage: 'Next slide',
  firstSlideMessage: 'This is the first slide',
  lastSlideMessage: 'This is the last slide',
  paginationBulletMessage: 'Go to slide {{index}}',
  slideLabelMessage: '{{index}} / {{slidesLength}}',
  containerMessage: null,
  containerRoleDescriptionMessage: null,
  containerRole: null,
  itemRoleDescriptionMessage: null,
  slideRole: 'group',
  id: null,
  scrollOnFocus: true,
  wrapperLiveRegion: true
  }
  });
  swiper.a11y = {
  clicked: false
  };
  let liveRegion = null;
  let preventFocusHandler;
  let focusTargetSlideEl;
  let visibilityChangedTimestamp = new Date().getTime();
  function notify(message) {
  const notification = liveRegion;
  if (notification.length === 0) return;
  setInnerHTML(notification, message);
  }
  function getRandomNumber(size = 16) {
  const randomChar = ()=>Math.round(16 * Math.random()).toString(16);
  return 'x'.repeat(size).replace(/x/g, randomChar);
  }
  function makeElFocusable(el) {
  el = makeElementsArray(el);
  el.forEach((subEl)=>{
  subEl.setAttribute('tabIndex', '0');
  });
  }
  function makeElNotFocusable(el) {
  el = makeElementsArray(el);
  el.forEach((subEl)=>{
  subEl.setAttribute('tabIndex', '-1');
  });
  }
  function addElRole(el, role) {
  el = makeElementsArray(el);
  el.forEach((subEl)=>{
  subEl.setAttribute('role', role);
  });
  }
  function addElRoleDescription(el, description) {
  el = makeElementsArray(el);
  el.forEach((subEl)=>{
  subEl.setAttribute('aria-roledescription', description);
  });
  }
  function addElControls(el, controls) {
  el = makeElementsArray(el);
  el.forEach((subEl)=>{
  subEl.setAttribute('aria-controls', controls);
  });
  }
  function addElLabel(el, label) {
  el = makeElementsArray(el);
  el.forEach((subEl)=>{
  subEl.setAttribute('aria-label', label);
  });
  }
  function addElId(el, id) {
  el = makeElementsArray(el);
  el.forEach((subEl)=>{
  subEl.setAttribute('id', id);
  });
  }
  function addElLive(el, live) {
  el = makeElementsArray(el);
  el.forEach((subEl)=>{
  subEl.setAttribute('aria-live', live);
  });
  }
  function disableEl(el) {
  el = makeElementsArray(el);
  el.forEach((subEl)=>{
  subEl.setAttribute('aria-disabled', true);
  });
  }
  function enableEl(el) {
  el = makeElementsArray(el);
  el.forEach((subEl)=>{
  subEl.setAttribute('aria-disabled', false);
  });
  }
  function onEnterOrSpaceKey(e) {
  if (e.keyCode !== 13 && e.keyCode !== 32) return;
  const params = swiper.params.a11y;
  const targetEl = e.target;
  if (swiper.pagination && swiper.pagination.el && (targetEl === swiper.pagination.el || swiper.pagination.el.contains(e.target))) {
  if (!e.target.matches(classesToSelector(swiper.params.pagination.bulletClass))) return;
  }
  if (swiper.navigation && swiper.navigation.prevEl && swiper.navigation.nextEl) {
  const prevEls = makeElementsArray(swiper.navigation.prevEl);
  const nextEls = makeElementsArray(swiper.navigation.nextEl);
  if (nextEls.includes(targetEl)) {
  if (!(swiper.isEnd && !swiper.params.loop)) {
  swiper.slideNext();
  }
  if (swiper.isEnd) {
  notify(params.lastSlideMessage);
  } else {
  notify(params.nextSlideMessage);
  }
  }
  if (prevEls.includes(targetEl)) {
  if (!(swiper.isBeginning && !swiper.params.loop)) {
  swiper.slidePrev();
  }
  if (swiper.isBeginning) {
  notify(params.firstSlideMessage);
  } else {
  notify(params.prevSlideMessage);
  }
  }
  }
  if (swiper.pagination && targetEl.matches(classesToSelector(swiper.params.pagination.bulletClass))) {
  targetEl.click();
  }
  }
  function updateNavigation() {
  if (swiper.params.loop || swiper.params.rewind || !swiper.navigation) return;
  const { nextEl, prevEl } = swiper.navigation;
  if (prevEl) {
  if (swiper.isBeginning) {
  disableEl(prevEl);
  makeElNotFocusable(prevEl);
  } else {
  enableEl(prevEl);
  makeElFocusable(prevEl);
  }
  }
  if (nextEl) {
  if (swiper.isEnd) {
  disableEl(nextEl);
  makeElNotFocusable(nextEl);
  } else {
  enableEl(nextEl);
  makeElFocusable(nextEl);
  }
  }
  }
  function hasPagination() {
  return swiper.pagination && swiper.pagination.bullets && swiper.pagination.bullets.length;
  }
  function hasClickablePagination() {
  return hasPagination() && swiper.params.pagination.clickable;
  }
  function updatePagination() {
  const params = swiper.params.a11y;
  if (!hasPagination()) return;
  swiper.pagination.bullets.forEach((bulletEl)=>{
  if (swiper.params.pagination.clickable) {
  makeElFocusable(bulletEl);
  if (!swiper.params.pagination.renderBullet) {
  addElRole(bulletEl, 'button');
  addElLabel(bulletEl, params.paginationBulletMessage.replace(/\{\{index\}\}/, elementIndex(bulletEl) + 1));
  }
  }
  if (bulletEl.matches(classesToSelector(swiper.params.pagination.bulletActiveClass))) {
  bulletEl.setAttribute('aria-current', 'true');
  } else {
  bulletEl.removeAttribute('aria-current');
  }
  });
  }
  const initNavEl = (el, wrapperId, message)=>{
  makeElFocusable(el);
  if (el.tagName !== 'BUTTON') {
  addElRole(el, 'button');
  el.addEventListener('keydown', onEnterOrSpaceKey);
  }
  addElLabel(el, message);
  addElControls(el, wrapperId);
  };
  const handlePointerDown = (e)=>{
  if (focusTargetSlideEl && focusTargetSlideEl !== e.target && !focusTargetSlideEl.contains(e.target)) {
  preventFocusHandler = true;
  }
  swiper.a11y.clicked = true;
  };
  const handlePointerUp = ()=>{
  preventFocusHandler = false;
  requestAnimationFrame(()=>{
  requestAnimationFrame(()=>{
  if (!swiper.destroyed) {
  swiper.a11y.clicked = false;
  }
  });
  });
  };
  const onVisibilityChange = (e)=>{
  visibilityChangedTimestamp = new Date().getTime();
  };
  const handleFocus = (e)=>{
  if (swiper.a11y.clicked || !swiper.params.a11y.scrollOnFocus) return;
  if (new Date().getTime() - visibilityChangedTimestamp < 100) return;
  const slideEl = e.target.closest(`.${swiper.params.slideClass}, swiper-slide`);
  if (!slideEl || !swiper.slides.includes(slideEl)) return;
  focusTargetSlideEl = slideEl;
  const isVirtual = swiper.virtual && swiper.params.virtual.enabled;
  const isActive = (isVirtual ? parseInt(slideEl.getAttribute('data-swiper-slide-index'), 10) : swiper.slides.indexOf(slideEl)) === swiper.activeIndex;
  const isVisible = swiper.params.watchSlidesProgress && swiper.visibleSlides && swiper.visibleSlides.includes(slideEl);
  if (isActive || isVisible) return;
  if (e.sourceCapabilities && e.sourceCapabilities.firesTouchEvents) return;
  if (swiper.isHorizontal()) {
  swiper.el.scrollLeft = 0;
  } else {
  swiper.el.scrollTop = 0;
  }
  requestAnimationFrame(()=>{
  if (preventFocusHandler) return;
  if (swiper.params.loop) {
  swiper.slideToLoop(swiper.getSlideIndexWhenGrid(parseInt(slideEl.getAttribute('data-swiper-slide-index'))), 0);
  } else if (isVirtual) {
  swiper.slideTo(swiper.getSlideIndexWhenGrid(parseInt(slideEl.getAttribute('data-swiper-slide-index'), 10)), 0);
  } else {
  swiper.slideTo(swiper.getSlideIndexWhenGrid(swiper.slides.indexOf(slideEl)), 0);
  }
  preventFocusHandler = false;
  });
  };
  const initSlides = ()=>{
  const params = swiper.params.a11y;
  if (params.itemRoleDescriptionMessage) {
  addElRoleDescription(swiper.slides, params.itemRoleDescriptionMessage);
  }
  if (params.slideRole) {
  addElRole(swiper.slides, params.slideRole);
  }
  const slidesLength = swiper.slides.length;
  if (params.slideLabelMessage) {
  swiper.slides.forEach((slideEl, index)=>{
  const slideIndex = swiper.params.loop ? parseInt(slideEl.getAttribute('data-swiper-slide-index'), 10) : index;
  const ariaLabelMessage = params.slideLabelMessage.replace(/\{\{index\}\}/, slideIndex + 1).replace(/\{\{slidesLength\}\}/, slidesLength);
  addElLabel(slideEl, ariaLabelMessage);
  });
  }
  };
  const init = ()=>{
  const params = swiper.params.a11y;
  swiper.el.append(liveRegion);
  // Container
  const containerEl = swiper.el;
  if (params.containerRoleDescriptionMessage) {
  addElRoleDescription(containerEl, params.containerRoleDescriptionMessage);
  }
  if (params.containerMessage) {
  addElLabel(containerEl, params.containerMessage);
  }
  if (params.containerRole) {
  addElRole(containerEl, params.containerRole);
  }
  // Wrapper
  const wrapperEl = swiper.wrapperEl;
  const wrapperId = params.id || wrapperEl.getAttribute('id') || `swiper-wrapper-${getRandomNumber(16)}`;
  addElId(wrapperEl, wrapperId);
  if (params.wrapperLiveRegion) {
  const live = swiper.params.autoplay && swiper.params.autoplay.enabled ? 'off' : 'polite';
  addElLive(wrapperEl, live);
  }
  // Slide
  initSlides();
  // Navigation
  let { nextEl, prevEl } = swiper.navigation ? swiper.navigation : {};
  nextEl = makeElementsArray(nextEl);
  prevEl = makeElementsArray(prevEl);
  if (nextEl) {
  nextEl.forEach((el)=>initNavEl(el, wrapperId, params.nextSlideMessage));
  }
  if (prevEl) {
  prevEl.forEach((el)=>initNavEl(el, wrapperId, params.prevSlideMessage));
  }
  // Pagination
  if (hasClickablePagination()) {
  const paginationEl = makeElementsArray(swiper.pagination.el);
  paginationEl.forEach((el)=>{
  el.addEventListener('keydown', onEnterOrSpaceKey);
  });
  }
  // Tab focus
  const document1 = getDocument();
  document1.addEventListener('visibilitychange', onVisibilityChange);
  swiper.el.addEventListener('focus', handleFocus, true);
  swiper.el.addEventListener('pointerdown', handlePointerDown, true);
  swiper.el.addEventListener('pointerup', handlePointerUp, true);
  };
  function destroy() {
  if (liveRegion) liveRegion.remove();
  let { nextEl, prevEl } = swiper.navigation ? swiper.navigation : {};
  nextEl = makeElementsArray(nextEl);
  prevEl = makeElementsArray(prevEl);
  if (nextEl) {
  nextEl.forEach((el)=>el.removeEventListener('keydown', onEnterOrSpaceKey));
  }
  if (prevEl) {
  prevEl.forEach((el)=>el.removeEventListener('keydown', onEnterOrSpaceKey));
  }
  // Pagination
  if (hasClickablePagination()) {
  const paginationEl = makeElementsArray(swiper.pagination.el);
  paginationEl.forEach((el)=>{
  el.removeEventListener('keydown', onEnterOrSpaceKey);
  });
  }
  const document1 = getDocument();
  document1.removeEventListener('visibilitychange', onVisibilityChange);
  // Tab focus
  if (swiper.el && typeof swiper.el !== 'string') {
  swiper.el.removeEventListener('focus', handleFocus, true);
  swiper.el.removeEventListener('pointerdown', handlePointerDown, true);
  swiper.el.removeEventListener('pointerup', handlePointerUp, true);
  }
  }
  on('beforeInit', ()=>{
  liveRegion = createElement('span', swiper.params.a11y.notificationClass);
  liveRegion.setAttribute('aria-live', 'assertive');
  liveRegion.setAttribute('aria-atomic', 'true');
  });
  on('afterInit', ()=>{
  if (!swiper.params.a11y.enabled) return;
  init();
  });
  on('slidesLengthChange snapGridLengthChange slidesGridLengthChange', ()=>{
  if (!swiper.params.a11y.enabled) return;
  initSlides();
  });
  on('fromEdge toEdge afterInit lock unlock', ()=>{
  if (!swiper.params.a11y.enabled) return;
  updateNavigation();
  });
  on('paginationUpdate', ()=>{
  if (!swiper.params.a11y.enabled) return;
  updatePagination();
  });
  on('destroy', ()=>{
  if (!swiper.params.a11y.enabled) return;
  destroy();
  });
  }
  ;
  ;
  function History({ swiper, extendParams, on }) {
  extendParams({
  history: {
  enabled: false,
  root: '',
  replaceState: false,
  key: 'slides',
  keepQuery: false
  }
  });
  let initialized = false;
  let paths = {};
  const slugify = (text)=>{
  return text.toString().replace(/\s+/g, '-').replace(/[^\w-]+/g, '').replace(/--+/g, '-').replace(/^-+/, '').replace(/-+$/, '');
  };
  const getPathValues = (urlOverride)=>{
  const window1 = getWindow();
  let location;
  if (urlOverride) {
  location = new URL(urlOverride);
  } else {
  location = window1.location;
  }
  const pathArray = location.pathname.slice(1).split('/').filter((part)=>part !== '');
  const total = pathArray.length;
  const key = pathArray[total - 2];
  const value = pathArray[total - 1];
  return {
  key,
  value
  };
  };
  const setHistory = (key, index)=>{
  const window1 = getWindow();
  if (!initialized || !swiper.params.history.enabled) return;
  let location;
  if (swiper.params.url) {
  location = new URL(swiper.params.url);
  } else {
  location = window1.location;
  }
  const slide = swiper.virtual && swiper.params.virtual.enabled ? swiper.slidesEl.querySelector(`[data-swiper-slide-index="${index}"]`) : swiper.slides[index];
  let value = slugify(slide.getAttribute('data-history'));
  if (swiper.params.history.root.length > 0) {
  let root = swiper.params.history.root;
  if (root[root.length - 1] === '/') root = root.slice(0, root.length - 1);
  value = `${root}/${key ? `${key}/` : ''}${value}`;
  } else if (!location.pathname.includes(key)) {
  value = `${key ? `${key}/` : ''}${value}`;
  }
  if (swiper.params.history.keepQuery) {
  value += location.search;
  }
  const currentState = window1.history.state;
  if (currentState && currentState.value === value) {
  return;
  }
  if (swiper.params.history.replaceState) {
  window1.history.replaceState({
  value
  }, null, value);
  } else {
  window1.history.pushState({
  value
  }, null, value);
  }
  };
  const scrollToSlide = (speed, value, runCallbacks)=>{
  if (value) {
  for(let i = 0, length = swiper.slides.length; i < length; i += 1){
  const slide = swiper.slides[i];
  const slideHistory = slugify(slide.getAttribute('data-history'));
  if (slideHistory === value) {
  const index = swiper.getSlideIndex(slide);
  swiper.slideTo(index, speed, runCallbacks);
  }
  }
  } else {
  swiper.slideTo(0, speed, runCallbacks);
  }
  };
  const setHistoryPopState = ()=>{
  paths = getPathValues(swiper.params.url);
  scrollToSlide(swiper.params.speed, paths.value, false);
  };
  const init = ()=>{
  const window1 = getWindow();
  if (!swiper.params.history) return;
  if (!window1.history || !window1.history.pushState) {
  swiper.params.history.enabled = false;
  swiper.params.hashNavigation.enabled = true;
  return;
  }
  initialized = true;
  paths = getPathValues(swiper.params.url);
  if (!paths.key && !paths.value) {
  if (!swiper.params.history.replaceState) {
  window1.addEventListener('popstate', setHistoryPopState);
  }
  return;
  }
  scrollToSlide(0, paths.value, swiper.params.runCallbacksOnInit);
  if (!swiper.params.history.replaceState) {
  window1.addEventListener('popstate', setHistoryPopState);
  }
  };
  const destroy = ()=>{
  const window1 = getWindow();
  if (!swiper.params.history.replaceState) {
  window1.removeEventListener('popstate', setHistoryPopState);
  }
  };
  on('init', ()=>{
  if (swiper.params.history.enabled) {
  init();
  }
  });
  on('destroy', ()=>{
  if (swiper.params.history.enabled) {
  destroy();
  }
  });
  on('transitionEnd _freeModeNoMomentumRelease', ()=>{
  if (initialized) {
  setHistory(swiper.params.history.key, swiper.activeIndex);
  }
  });
  on('slideChange', ()=>{
  if (initialized && swiper.params.cssMode) {
  setHistory(swiper.params.history.key, swiper.activeIndex);
  }
  });
  }
  ;
  ;
  ;
  function HashNavigation({ swiper, extendParams, emit, on }) {
  let initialized = false;
  const document1 = getDocument();
  const window1 = getWindow();
  extendParams({
  hashNavigation: {
  enabled: false,
  replaceState: false,
  watchState: false,
  getSlideIndex (_s, hash) {
  if (swiper.virtual && swiper.params.virtual.enabled) {
  const slideWithHash = swiper.slides.find((slideEl)=>slideEl.getAttribute('data-hash') === hash);
  if (!slideWithHash) return 0;
  const index = parseInt(slideWithHash.getAttribute('data-swiper-slide-index'), 10);
  return index;
  }
  return swiper.getSlideIndex(elementChildren(swiper.slidesEl, `.${swiper.params.slideClass}[data-hash="${hash}"], swiper-slide[data-hash="${hash}"]`)[0]);
  }
  }
  });
  const onHashChange = ()=>{
  emit('hashChange');
  const newHash = document1.location.hash.replace('#', '');
  const activeSlideEl = swiper.virtual && swiper.params.virtual.enabled ? swiper.slidesEl.querySelector(`[data-swiper-slide-index="${swiper.activeIndex}"]`) : swiper.slides[swiper.activeIndex];
  const activeSlideHash = activeSlideEl ? activeSlideEl.getAttribute('data-hash') : '';
  if (newHash !== activeSlideHash) {
  const newIndex = swiper.params.hashNavigation.getSlideIndex(swiper, newHash);
  if (typeof newIndex === 'undefined' || Number.isNaN(newIndex)) return;
  swiper.slideTo(newIndex);
  }
  };
  const setHash = ()=>{
  if (!initialized || !swiper.params.hashNavigation.enabled) return;
  const activeSlideEl = swiper.virtual && swiper.params.virtual.enabled ? swiper.slidesEl.querySelector(`[data-swiper-slide-index="${swiper.activeIndex}"]`) : swiper.slides[swiper.activeIndex];
  const activeSlideHash = activeSlideEl ? activeSlideEl.getAttribute('data-hash') || activeSlideEl.getAttribute('data-history') : '';
  if (swiper.params.hashNavigation.replaceState && window1.history && window1.history.replaceState) {
  window1.history.replaceState(null, null, `#${activeSlideHash}` || '');
  emit('hashSet');
  } else {
  document1.location.hash = activeSlideHash || '';
  emit('hashSet');
  }
  };
  const init = ()=>{
  if (!swiper.params.hashNavigation.enabled || swiper.params.history && swiper.params.history.enabled) return;
  initialized = true;
  const hash = document1.location.hash.replace('#', '');
  if (hash) {
  const speed = 0;
  const index = swiper.params.hashNavigation.getSlideIndex(swiper, hash);
  swiper.slideTo(index || 0, speed, swiper.params.runCallbacksOnInit, true);
  }
  if (swiper.params.hashNavigation.watchState) {
  window1.addEventListener('hashchange', onHashChange);
  }
  };
  const destroy = ()=>{
  if (swiper.params.hashNavigation.watchState) {
  window1.removeEventListener('hashchange', onHashChange);
  }
  };
  on('init', ()=>{
  if (swiper.params.hashNavigation.enabled) {
  init();
  }
  });
  on('destroy', ()=>{
  if (swiper.params.hashNavigation.enabled) {
  destroy();
  }
  });
  on('transitionEnd _freeModeNoMomentumRelease', ()=>{
  if (initialized) {
  setHash();
  }
  });
  on('slideChange', ()=>{
  if (initialized && swiper.params.cssMode) {
  setHash();
  }
  });
  }
  ;
  ;
  /* eslint no-underscore-dangle: "off" */ /* eslint no-use-before-define: "off" */ function Autoplay({ swiper, extendParams, on, emit, params }) {
  swiper.autoplay = {
  running: false,
  paused: false,
  timeLeft: 0
  };
  extendParams({
  autoplay: {
  enabled: false,
  delay: 3000,
  waitForTransition: true,
  disableOnInteraction: false,
  stopOnLastSlide: false,
  reverseDirection: false,
  pauseOnMouseEnter: false
  }
  });
  let timeout;
  let raf;
  let autoplayDelayTotal = params && params.autoplay ? params.autoplay.delay : 3000;
  let autoplayDelayCurrent = params && params.autoplay ? params.autoplay.delay : 3000;
  let autoplayTimeLeft;
  let autoplayStartTime = new Date().getTime();
  let wasPaused;
  let isTouched;
  let pausedByTouch;
  let touchStartTimeout;
  let pausedByInteraction;
  let pausedByPointerEnter;
  function onTransitionEnd(e) {
  if (!swiper || swiper.destroyed || !swiper.wrapperEl) return;
  if (e.target !== swiper.wrapperEl) return;
  swiper.wrapperEl.removeEventListener('transitionend', onTransitionEnd);
  if (pausedByPointerEnter || e.detail && e.detail.bySwiperTouchMove) {
  return;
  }
  resume();
  }
  const calcTimeLeft = ()=>{
  if (swiper.destroyed || !swiper.autoplay.running) return;
  if (swiper.autoplay.paused) {
  wasPaused = true;
  } else if (wasPaused) {
  autoplayDelayCurrent = autoplayTimeLeft;
  wasPaused = false;
  }
  const timeLeft = swiper.autoplay.paused ? autoplayTimeLeft : autoplayStartTime + autoplayDelayCurrent - new Date().getTime();
  swiper.autoplay.timeLeft = timeLeft;
  emit('autoplayTimeLeft', timeLeft, timeLeft / autoplayDelayTotal);
  raf = requestAnimationFrame(()=>{
  calcTimeLeft();
  });
  };
  const getSlideDelay = ()=>{
  let activeSlideEl;
  if (swiper.virtual && swiper.params.virtual.enabled) {
  activeSlideEl = swiper.slides.find((slideEl)=>slideEl.classList.contains('swiper-slide-active'));
  } else {
  activeSlideEl = swiper.slides[swiper.activeIndex];
  }
  if (!activeSlideEl) return undefined;
  const currentSlideDelay = parseInt(activeSlideEl.getAttribute('data-swiper-autoplay'), 10);
  return currentSlideDelay;
  };
  const getTotalDelay = ()=>{
  let totalDelay = swiper.params.autoplay.delay;
  const currentSlideDelay = getSlideDelay();
  if (!Number.isNaN(currentSlideDelay) && currentSlideDelay > 0) {
  totalDelay = currentSlideDelay;
  }
  return totalDelay;
  };
  const run = (delayForce)=>{
  if (swiper.destroyed || !swiper.autoplay.running) return;
  cancelAnimationFrame(raf);
  calcTimeLeft();
  let delay = delayForce;
  if (typeof delay === 'undefined') {
  delay = getTotalDelay();
  autoplayDelayTotal = delay;
  autoplayDelayCurrent = delay;
  }
  autoplayTimeLeft = delay;
  const speed = swiper.params.speed;
  const proceed = ()=>{
  if (!swiper || swiper.destroyed) return;
  if (swiper.params.autoplay.reverseDirection) {
  if (!swiper.isBeginning || swiper.params.loop || swiper.params.rewind) {
  swiper.slidePrev(speed, true, true);
  emit('autoplay');
  } else if (!swiper.params.autoplay.stopOnLastSlide) {
  swiper.slideTo(swiper.slides.length - 1, speed, true, true);
  emit('autoplay');
  }
  } else {
  if (!swiper.isEnd || swiper.params.loop || swiper.params.rewind) {
  swiper.slideNext(speed, true, true);
  emit('autoplay');
  } else if (!swiper.params.autoplay.stopOnLastSlide) {
  swiper.slideTo(0, speed, true, true);
  emit('autoplay');
  }
  }
  if (swiper.params.cssMode) {
  autoplayStartTime = new Date().getTime();
  requestAnimationFrame(()=>{
  run();
  });
  }
  };
  if (delay > 0) {
  clearTimeout(timeout);
  timeout = setTimeout(()=>{
  proceed();
  }, delay);
  } else {
  requestAnimationFrame(()=>{
  proceed();
  });
  }
  // eslint-disable-next-line
  return delay;
  };
  const start = ()=>{
  autoplayStartTime = new Date().getTime();
  swiper.autoplay.running = true;
  run();
  emit('autoplayStart');
  };
  const stop = ()=>{
  swiper.autoplay.running = false;
  clearTimeout(timeout);
  cancelAnimationFrame(raf);
  emit('autoplayStop');
  };
  const pause = (internal, reset)=>{
  if (swiper.destroyed || !swiper.autoplay.running) return;
  clearTimeout(timeout);
  if (!internal) {
  pausedByInteraction = true;
  }
  const proceed = ()=>{
  emit('autoplayPause');
  if (swiper.params.autoplay.waitForTransition) {
  swiper.wrapperEl.addEventListener('transitionend', onTransitionEnd);
  } else {
  resume();
  }
  };
  swiper.autoplay.paused = true;
  if (reset) {
  proceed();
  return;
  }
  const delay = autoplayTimeLeft || swiper.params.autoplay.delay;
  autoplayTimeLeft = delay - (new Date().getTime() - autoplayStartTime);
  if (swiper.isEnd && autoplayTimeLeft < 0 && !swiper.params.loop) return;
  if (autoplayTimeLeft < 0) autoplayTimeLeft = 0;
  proceed();
  };
  const resume = ()=>{
  if (swiper.isEnd && autoplayTimeLeft < 0 && !swiper.params.loop || swiper.destroyed || !swiper.autoplay.running) return;
  autoplayStartTime = new Date().getTime();
  if (pausedByInteraction) {
  pausedByInteraction = false;
  run(autoplayTimeLeft);
  } else {
  run();
  }
  swiper.autoplay.paused = false;
  emit('autoplayResume');
  };
  const onVisibilityChange = ()=>{
  if (swiper.destroyed || !swiper.autoplay.running) return;
  const document1 = getDocument();
  if (document1.visibilityState === 'hidden') {
  pausedByInteraction = true;
  pause(true);
  }
  if (document1.visibilityState === 'visible') {
  resume();
  }
  };
  const onPointerEnter = (e)=>{
  if (e.pointerType !== 'mouse') return;
  pausedByInteraction = true;
  pausedByPointerEnter = true;
  if (swiper.animating || swiper.autoplay.paused) return;
  pause(true);
  };
  const onPointerLeave = (e)=>{
  if (e.pointerType !== 'mouse') return;
  pausedByPointerEnter = false;
  if (swiper.autoplay.paused) {
  resume();
  }
  };
  const attachMouseEvents = ()=>{
  if (swiper.params.autoplay.pauseOnMouseEnter) {
  swiper.el.addEventListener('pointerenter', onPointerEnter);
  swiper.el.addEventListener('pointerleave', onPointerLeave);
  }
  };
  const detachMouseEvents = ()=>{
  if (swiper.el && typeof swiper.el !== 'string') {
  swiper.el.removeEventListener('pointerenter', onPointerEnter);
  swiper.el.removeEventListener('pointerleave', onPointerLeave);
  }
  };
  const attachDocumentEvents = ()=>{
  const document1 = getDocument();
  document1.addEventListener('visibilitychange', onVisibilityChange);
  };
  const detachDocumentEvents = ()=>{
  const document1 = getDocument();
  document1.removeEventListener('visibilitychange', onVisibilityChange);
  };
  on('init', ()=>{
  if (swiper.params.autoplay.enabled) {
  attachMouseEvents();
  attachDocumentEvents();
  start();
  }
  });
  on('destroy', ()=>{
  detachMouseEvents();
  detachDocumentEvents();
  if (swiper.autoplay.running) {
  stop();
  }
  });
  on('_freeModeStaticRelease', ()=>{
  if (pausedByTouch || pausedByInteraction) {
  resume();
  }
  });
  on('_freeModeNoMomentumRelease', ()=>{
  if (!swiper.params.autoplay.disableOnInteraction) {
  pause(true, true);
  } else {
  stop();
  }
  });
  on('beforeTransitionStart', (_s, speed, internal)=>{
  if (swiper.destroyed || !swiper.autoplay.running) return;
  if (internal || !swiper.params.autoplay.disableOnInteraction) {
  pause(true, true);
  } else {
  stop();
  }
  });
  on('sliderFirstMove', ()=>{
  if (swiper.destroyed || !swiper.autoplay.running) return;
  if (swiper.params.autoplay.disableOnInteraction) {
  stop();
  return;
  }
  isTouched = true;
  pausedByTouch = false;
  pausedByInteraction = false;
  touchStartTimeout = setTimeout(()=>{
  pausedByInteraction = true;
  pausedByTouch = true;
  pause(true);
  }, 200);
  });
  on('touchEnd', ()=>{
  if (swiper.destroyed || !swiper.autoplay.running || !isTouched) return;
  clearTimeout(touchStartTimeout);
  clearTimeout(timeout);
  if (swiper.params.autoplay.disableOnInteraction) {
  pausedByTouch = false;
  isTouched = false;
  return;
  }
  if (pausedByTouch && swiper.params.cssMode) resume();
  pausedByTouch = false;
  isTouched = false;
  });
  on('slideChange', ()=>{
  if (swiper.destroyed || !swiper.autoplay.running) return;
  if (swiper.autoplay.paused) {
  autoplayTimeLeft = getTotalDelay();
  autoplayDelayTotal = getTotalDelay();
  }
  });
  Object.assign(swiper.autoplay, {
  start,
  stop,
  pause,
  resume
  });
  }
  ;
  ;
  ;
  function Thumb({ swiper, extendParams, on }) {
  extendParams({
  thumbs: {
  swiper: null,
  multipleActiveThumbs: true,
  autoScrollOffset: 0,
  slideThumbActiveClass: 'swiper-slide-thumb-active',
  thumbsContainerClass: 'swiper-thumbs'
  }
  });
  let initialized = false;
  let swiperCreated = false;
  swiper.thumbs = {
  swiper: null
  };
  function isVirtualEnabled() {
  const thumbsSwiper = swiper.thumbs.swiper;
  if (!thumbsSwiper || thumbsSwiper.destroyed) return false;
  return thumbsSwiper.params.virtual && thumbsSwiper.params.virtual.enabled;
  }
  function onThumbClick() {
  const thumbsSwiper = swiper.thumbs.swiper;
  if (!thumbsSwiper || thumbsSwiper.destroyed) return;
  const clickedIndex = thumbsSwiper.clickedIndex;
  const clickedSlide = thumbsSwiper.clickedSlide;
  if (clickedSlide && clickedSlide.classList.contains(swiper.params.thumbs.slideThumbActiveClass)) return;
  if (typeof clickedIndex === 'undefined' || clickedIndex === null) return;
  let slideToIndex;
  if (thumbsSwiper.params.loop) {
  slideToIndex = parseInt(thumbsSwiper.clickedSlide.getAttribute('data-swiper-slide-index'), 10);
  } else {
  slideToIndex = clickedIndex;
  }
  if (swiper.params.loop) {
  swiper.slideToLoop(slideToIndex);
  } else {
  swiper.slideTo(slideToIndex);
  }
  }
  function init() {
  const { thumbs: thumbsParams } = swiper.params;
  if (initialized) return false;
  initialized = true;
  const SwiperClass = swiper.constructor;
  if (thumbsParams.swiper instanceof SwiperClass) {
  if (thumbsParams.swiper.destroyed) {
  initialized = false;
  return false;
  }
  swiper.thumbs.swiper = thumbsParams.swiper;
  Object.assign(swiper.thumbs.swiper.originalParams, {
  watchSlidesProgress: true,
  slideToClickedSlide: false
  });
  Object.assign(swiper.thumbs.swiper.params, {
  watchSlidesProgress: true,
  slideToClickedSlide: false
  });
  swiper.thumbs.swiper.update();
  } else if (isObject1(thumbsParams.swiper)) {
  const thumbsSwiperParams = Object.assign({}, thumbsParams.swiper);
  Object.assign(thumbsSwiperParams, {
  watchSlidesProgress: true,
  slideToClickedSlide: false
  });
  swiper.thumbs.swiper = new SwiperClass(thumbsSwiperParams);
  swiperCreated = true;
  }
  swiper.thumbs.swiper.el.classList.add(swiper.params.thumbs.thumbsContainerClass);
  swiper.thumbs.swiper.on('tap', onThumbClick);
  if (isVirtualEnabled()) {
  swiper.thumbs.swiper.on('virtualUpdate', ()=>{
  update(false, {
  autoScroll: false
  });
  });
  }
  return true;
  }
  function update(initial, p1) {
  const thumbsSwiper = swiper.thumbs.swiper;
  if (!thumbsSwiper || thumbsSwiper.destroyed) return;
  // Activate thumbs
  let thumbsToActivate = 1;
  const thumbActiveClass = swiper.params.thumbs.slideThumbActiveClass;
  if (swiper.params.slidesPerView > 1 && !swiper.params.centeredSlides) {
  thumbsToActivate = swiper.params.slidesPerView;
  }
  if (!swiper.params.thumbs.multipleActiveThumbs) {
  thumbsToActivate = 1;
  }
  thumbsToActivate = Math.floor(thumbsToActivate);
  thumbsSwiper.slides.forEach((slideEl)=>slideEl.classList.remove(thumbActiveClass));
  if (thumbsSwiper.params.loop || isVirtualEnabled()) {
  for(let i = 0; i < thumbsToActivate; i += 1){
  elementChildren(thumbsSwiper.slidesEl, `[data-swiper-slide-index="${swiper.realIndex + i}"]`).forEach((slideEl)=>{
  slideEl.classList.add(thumbActiveClass);
  });
  }
  } else {
  for(let i = 0; i < thumbsToActivate; i += 1){
  if (thumbsSwiper.slides[swiper.realIndex + i]) {
  thumbsSwiper.slides[swiper.realIndex + i].classList.add(thumbActiveClass);
  }
  }
  }
  if (p1?.autoScroll ?? true) {
  autoScroll(initial ? 0 : undefined);
  }
  }
  function autoScroll(slideSpeed) {
  const thumbsSwiper = swiper.thumbs.swiper;
  if (!thumbsSwiper || thumbsSwiper.destroyed) return;
  const slidesPerView = thumbsSwiper.params.slidesPerView === 'auto' ? thumbsSwiper.slidesPerViewDynamic() : thumbsSwiper.params.slidesPerView;
  const autoScrollOffset = swiper.params.thumbs.autoScrollOffset;
  const useOffset = autoScrollOffset && !thumbsSwiper.params.loop;
  if (swiper.realIndex !== thumbsSwiper.realIndex || useOffset) {
  const currentThumbsIndex = thumbsSwiper.activeIndex;
  let newThumbsIndex;
  let direction;
  if (thumbsSwiper.params.loop) {
  const newThumbsSlide = thumbsSwiper.slides.find((slideEl)=>slideEl.getAttribute('data-swiper-slide-index') === `${swiper.realIndex}`);
  newThumbsIndex = thumbsSwiper.slides.indexOf(newThumbsSlide);
  direction = swiper.activeIndex > swiper.previousIndex ? 'next' : 'prev';
  } else {
  newThumbsIndex = swiper.realIndex;
  direction = newThumbsIndex > swiper.previousIndex ? 'next' : 'prev';
  }
  if (useOffset) {
  newThumbsIndex += direction === 'next' ? autoScrollOffset : -1 * autoScrollOffset;
  }
  if (thumbsSwiper.visibleSlidesIndexes && thumbsSwiper.visibleSlidesIndexes.indexOf(newThumbsIndex) < 0) {
  if (thumbsSwiper.params.centeredSlides) {
  if (newThumbsIndex > currentThumbsIndex) {
  newThumbsIndex = newThumbsIndex - Math.floor(slidesPerView / 2) + 1;
  } else {
  newThumbsIndex = newThumbsIndex + Math.floor(slidesPerView / 2) - 1;
  }
  } else if (newThumbsIndex > currentThumbsIndex && thumbsSwiper.params.slidesPerGroup === 1) ;
  thumbsSwiper.slideTo(newThumbsIndex, slideSpeed);
  }
  }
  }
  on('beforeInit', ()=>{
  const { thumbs } = swiper.params;
  if (!thumbs || !thumbs.swiper) return;
  if (typeof thumbs.swiper === 'string' || thumbs.swiper instanceof HTMLElement) {
  const document1 = getDocument();
  const getThumbsElementAndInit = ()=>{
  const thumbsElement = typeof thumbs.swiper === 'string' ? document1.querySelector(thumbs.swiper) : thumbs.swiper;
  if (thumbsElement && thumbsElement.swiper) {
  thumbs.swiper = thumbsElement.swiper;
  init();
  update(true);
  } else if (thumbsElement) {
  const eventName = `${swiper.params.eventsPrefix}init`;
  const onThumbsSwiper = (e1)=>{
  thumbs.swiper = e1.detail[0];
  thumbsElement.removeEventListener(eventName, onThumbsSwiper);
  init();
  update(true);
  thumbs.swiper.update();
  swiper.update();
  };
  thumbsElement.addEventListener(eventName, onThumbsSwiper);
  }
  return thumbsElement;
  };
  const watchForThumbsToAppear = ()=>{
  if (swiper.destroyed) return;
  const thumbsElement = getThumbsElementAndInit();
  if (!thumbsElement) {
  requestAnimationFrame(watchForThumbsToAppear);
  }
  };
  requestAnimationFrame(watchForThumbsToAppear);
  } else {
  init();
  update(true);
  }
  });
  on('slideChange update resize observerUpdate', ()=>{
  update();
  });
  on('setTransition', (_s, duration)=>{
  const thumbsSwiper = swiper.thumbs.swiper;
  if (!thumbsSwiper || thumbsSwiper.destroyed) return;
  thumbsSwiper.setTransition(duration);
  });
  on('beforeDestroy', ()=>{
  const thumbsSwiper = swiper.thumbs.swiper;
  if (!thumbsSwiper || thumbsSwiper.destroyed) return;
  if (swiperCreated) {
  thumbsSwiper.destroy();
  }
  });
  Object.assign(swiper.thumbs, {
  init,
  update
  });
  }
  ;
  ;
  function freeMode({ swiper, extendParams, emit, once }) {
  extendParams({
  freeMode: {
  enabled: false,
  momentum: true,
  momentumRatio: 1,
  momentumBounce: true,
  momentumBounceRatio: 1,
  momentumVelocityRatio: 1,
  sticky: false,
  minimumVelocity: 0.02
  }
  });
  function onTouchStart() {
  if (swiper.params.cssMode) return;
  const translate = swiper.getTranslate();
  swiper.setTranslate(translate);
  swiper.setTransition(0);
  swiper.touchEventsData.velocities.length = 0;
  swiper.freeMode.onTouchEnd({
  currentPos: swiper.rtl ? swiper.translate : -swiper.translate
  });
  }
  function onTouchMove() {
  if (swiper.params.cssMode) return;
  const { touchEventsData: data, touches } = swiper;
  // Velocity
  if (data.velocities.length === 0) {
  data.velocities.push({
  position: touches[swiper.isHorizontal() ? 'startX' : 'startY'],
  time: data.touchStartTime
  });
  }
  data.velocities.push({
  position: touches[swiper.isHorizontal() ? 'currentX' : 'currentY'],
  time: now()
  });
  }
  function onTouchEnd({ currentPos }) {
  if (swiper.params.cssMode) return;
  const { params, wrapperEl, rtlTranslate: rtl, snapGrid, touchEventsData: data } = swiper;
  // Time diff
  const touchEndTime = now();
  const timeDiff = touchEndTime - data.touchStartTime;
  if (currentPos < -swiper.minTranslate()) {
  swiper.slideTo(swiper.activeIndex);
  return;
  }
  if (currentPos > -swiper.maxTranslate()) {
  if (swiper.slides.length < snapGrid.length) {
  swiper.slideTo(snapGrid.length - 1);
  } else {
  swiper.slideTo(swiper.slides.length - 1);
  }
  return;
  }
  if (params.freeMode.momentum) {
  if (data.velocities.length > 1) {
  const lastMoveEvent = data.velocities.pop();
  const velocityEvent = data.velocities.pop();
  const distance = lastMoveEvent.position - velocityEvent.position;
  const time = lastMoveEvent.time - velocityEvent.time;
  swiper.velocity = distance / time;
  swiper.velocity /= 2;
  if (Math.abs(swiper.velocity) < params.freeMode.minimumVelocity) {
  swiper.velocity = 0;
  }
  // this implies that the user stopped moving a finger then released.
  // There would be no events with distance zero, so the last event is stale.
  if (time > 150 || now() - lastMoveEvent.time > 300) {
  swiper.velocity = 0;
  }
  } else {
  swiper.velocity = 0;
  }
  swiper.velocity *= params.freeMode.momentumVelocityRatio;
  data.velocities.length = 0;
  let momentumDuration = 1000 * params.freeMode.momentumRatio;
  const momentumDistance = swiper.velocity * momentumDuration;
  let newPosition = swiper.translate + momentumDistance;
  if (rtl) newPosition = -newPosition;
  let doBounce = false;
  let afterBouncePosition;
  const bounceAmount = Math.abs(swiper.velocity) * 20 * params.freeMode.momentumBounceRatio;
  let needsLoopFix;
  if (newPosition < swiper.maxTranslate()) {
  if (params.freeMode.momentumBounce) {
  if (newPosition + swiper.maxTranslate() < -bounceAmount) {
  newPosition = swiper.maxTranslate() - bounceAmount;
  }
  afterBouncePosition = swiper.maxTranslate();
  doBounce = true;
  data.allowMomentumBounce = true;
  } else {
  newPosition = swiper.maxTranslate();
  }
  if (params.loop && params.centeredSlides) needsLoopFix = true;
  } else if (newPosition > swiper.minTranslate()) {
  if (params.freeMode.momentumBounce) {
  if (newPosition - swiper.minTranslate() > bounceAmount) {
  newPosition = swiper.minTranslate() + bounceAmount;
  }
  afterBouncePosition = swiper.minTranslate();
  doBounce = true;
  data.allowMomentumBounce = true;
  } else {
  newPosition = swiper.minTranslate();
  }
  if (params.loop && params.centeredSlides) needsLoopFix = true;
  } else if (params.freeMode.sticky) {
  let nextSlide;
  for(let j = 0; j < snapGrid.length; j += 1){
  if (snapGrid[j] > -newPosition) {
  nextSlide = j;
  break;
  }
  }
  if (Math.abs(snapGrid[nextSlide] - newPosition) < Math.abs(snapGrid[nextSlide - 1] - newPosition) || swiper.swipeDirection === 'next') {
  newPosition = snapGrid[nextSlide];
  } else {
  newPosition = snapGrid[nextSlide - 1];
  }
  newPosition = -newPosition;
  }
  if (needsLoopFix) {
  once('transitionEnd', ()=>{
  swiper.loopFix();
  });
  }
  // Fix duration
  if (swiper.velocity !== 0) {
  if (rtl) {
  momentumDuration = Math.abs((-newPosition - swiper.translate) / swiper.velocity);
  } else {
  momentumDuration = Math.abs((newPosition - swiper.translate) / swiper.velocity);
  }
  if (params.freeMode.sticky) {
  // If freeMode.sticky is active and the user ends a swipe with a slow-velocity
  // event, then durations can be 20+ seconds to slide one (or zero!) slides.
  // It's easy to see this when simulating touch with mouse events. To fix this,
  // limit single-slide swipes to the default slide duration. This also has the
  // nice side effect of matching slide speed if the user stopped moving before
  // lifting finger or mouse vs. moving slowly before lifting the finger/mouse.
  // For faster swipes, also apply limits (albeit higher ones).
  const moveDistance = Math.abs((rtl ? -newPosition : newPosition) - swiper.translate);
  const currentSlideSize = swiper.slidesSizesGrid[swiper.activeIndex];
  if (moveDistance < currentSlideSize) {
  momentumDuration = params.speed;
  } else if (moveDistance < 2 * currentSlideSize) {
  momentumDuration = params.speed * 1.5;
  } else {
  momentumDuration = params.speed * 2.5;
  }
  }
  } else if (params.freeMode.sticky) {
  swiper.slideToClosest();
  return;
  }
  if (params.freeMode.momentumBounce && doBounce) {
  swiper.updateProgress(afterBouncePosition);
  swiper.setTransition(momentumDuration);
  swiper.setTranslate(newPosition);
  swiper.transitionStart(true, swiper.swipeDirection);
  swiper.animating = true;
  elementTransitionEnd(wrapperEl, ()=>{
  if (!swiper || swiper.destroyed || !data.allowMomentumBounce) return;
  emit('momentumBounce');
  swiper.setTransition(params.speed);
  setTimeout(()=>{
  swiper.setTranslate(afterBouncePosition);
  elementTransitionEnd(wrapperEl, ()=>{
  if (!swiper || swiper.destroyed) return;
  swiper.transitionEnd();
  });
  }, 0);
  });
  } else if (swiper.velocity) {
  emit('_freeModeNoMomentumRelease');
  swiper.updateProgress(newPosition);
  swiper.setTransition(momentumDuration);
  swiper.setTranslate(newPosition);
  swiper.transitionStart(true, swiper.swipeDirection);
  if (!swiper.animating) {
  swiper.animating = true;
  elementTransitionEnd(wrapperEl, ()=>{
  if (!swiper || swiper.destroyed) return;
  swiper.transitionEnd();
  });
  }
  } else {
  swiper.updateProgress(newPosition);
  }
  swiper.updateActiveIndex();
  swiper.updateSlidesClasses();
  } else if (params.freeMode.sticky) {
  swiper.slideToClosest();
  return;
  } else if (params.freeMode) {
  emit('_freeModeNoMomentumRelease');
  }
  if (!params.freeMode.momentum || timeDiff >= params.longSwipesMs) {
  emit('_freeModeStaticRelease');
  swiper.updateProgress();
  swiper.updateActiveIndex();
  swiper.updateSlidesClasses();
  }
  }
  Object.assign(swiper, {
  freeMode: {
  onTouchStart,
  onTouchMove,
  onTouchEnd
  }
  });
  }
  ;
  function Grid({ swiper, extendParams, on }) {
  extendParams({
  grid: {
  rows: 1,
  fill: 'column'
  }
  });
  let slidesNumberEvenToRows;
  let slidesPerRow;
  let numFullColumns;
  let wasMultiRow;
  const getSpaceBetween = ()=>{
  let spaceBetween = swiper.params.spaceBetween;
  if (typeof spaceBetween === 'string' && spaceBetween.indexOf('%') >= 0) {
  spaceBetween = parseFloat(spaceBetween.replace('%', '')) / 100 * swiper.size;
  } else if (typeof spaceBetween === 'string') {
  spaceBetween = parseFloat(spaceBetween);
  }
  return spaceBetween;
  };
  const initSlides = (slides)=>{
  const { slidesPerView } = swiper.params;
  const { rows, fill } = swiper.params.grid;
  const slidesLength = swiper.virtual && swiper.params.virtual.enabled ? swiper.virtual.slides.length : slides.length;
  numFullColumns = Math.floor(slidesLength / rows);
  if (Math.floor(slidesLength / rows) === slidesLength / rows) {
  slidesNumberEvenToRows = slidesLength;
  } else {
  slidesNumberEvenToRows = Math.ceil(slidesLength / rows) * rows;
  }
  if (slidesPerView !== 'auto' && fill === 'row') {
  slidesNumberEvenToRows = Math.max(slidesNumberEvenToRows, Math.floor(slidesPerView) * rows);
  }
  slidesPerRow = slidesNumberEvenToRows / rows;
  };
  const unsetSlides = ()=>{
  if (swiper.slides) {
  swiper.slides.forEach((slide)=>{
  if (slide.swiperSlideGridSet) {
  slide.style.height = '';
  slide.style[swiper.getDirectionLabel('margin-top')] = '';
  }
  });
  }
  };
  const updateSlide = (i, slide, slides)=>{
  const { slidesPerGroup } = swiper.params;
  const spaceBetween = getSpaceBetween();
  const { rows, fill } = swiper.params.grid;
  const slidesLength = swiper.virtual && swiper.params.virtual.enabled ? swiper.virtual.slides.length : slides.length;
  // Set slides order
  let newSlideOrderIndex;
  let column;
  let row;
  if (fill === 'row' && slidesPerGroup > 1) {
  const groupIndex = Math.floor(i / (slidesPerGroup * rows));
  const slideIndexInGroup = i - rows * slidesPerGroup * groupIndex;
  const columnsInGroup = groupIndex === 0 ? slidesPerGroup : Math.min(Math.ceil((slidesLength - groupIndex * rows * slidesPerGroup) / rows), slidesPerGroup);
  row = Math.floor(slideIndexInGroup / columnsInGroup);
  column = slideIndexInGroup - row * columnsInGroup + groupIndex * slidesPerGroup;
  newSlideOrderIndex = column + row * slidesNumberEvenToRows / rows;
  slide.style.order = newSlideOrderIndex;
  } else if (fill === 'column') {
  column = Math.floor(i / rows);
  row = i - column * rows;
  if (column > numFullColumns || column === numFullColumns && row === rows - 1) {
  row += 1;
  if (row >= rows) {
  row = 0;
  column += 1;
  }
  }
  } else {
  row = Math.floor(i / slidesPerRow);
  column = i - row * slidesPerRow;
  }
  slide.row = row;
  slide.column = column;
  slide.style.height = `calc((100% - ${(rows - 1) * spaceBetween}px) / ${rows})`;
  slide.style[swiper.getDirectionLabel('margin-top')] = row !== 0 ? spaceBetween && `${spaceBetween}px` : '';
  slide.swiperSlideGridSet = true;
  };
  const updateWrapperSize = (slideSize, snapGrid)=>{
  const { centeredSlides, roundLengths } = swiper.params;
  const spaceBetween = getSpaceBetween();
  const { rows } = swiper.params.grid;
  swiper.virtualSize = (slideSize + spaceBetween) * slidesNumberEvenToRows;
  swiper.virtualSize = Math.ceil(swiper.virtualSize / rows) - spaceBetween;
  if (!swiper.params.cssMode) {
  swiper.wrapperEl.style[swiper.getDirectionLabel('width')] = `${swiper.virtualSize + spaceBetween}px`;
  }
  if (centeredSlides) {
  const newSlidesGrid = [];
  for(let i = 0; i < snapGrid.length; i += 1){
  let slidesGridItem = snapGrid[i];
  if (roundLengths) slidesGridItem = Math.floor(slidesGridItem);
  if (snapGrid[i] < swiper.virtualSize + snapGrid[0]) newSlidesGrid.push(slidesGridItem);
  }
  snapGrid.splice(0, snapGrid.length);
  snapGrid.push(...newSlidesGrid);
  }
  };
  const onInit = ()=>{
  wasMultiRow = swiper.params.grid && swiper.params.grid.rows > 1;
  };
  const onUpdate = ()=>{
  const { params, el } = swiper;
  const isMultiRow = params.grid && params.grid.rows > 1;
  if (wasMultiRow && !isMultiRow) {
  el.classList.remove(`${params.containerModifierClass}grid`, `${params.containerModifierClass}grid-column`);
  numFullColumns = 1;
  swiper.emitContainerClasses();
  } else if (!wasMultiRow && isMultiRow) {
  el.classList.add(`${params.containerModifierClass}grid`);
  if (params.grid.fill === 'column') {
  el.classList.add(`${params.containerModifierClass}grid-column`);
  }
  swiper.emitContainerClasses();
  }
  wasMultiRow = isMultiRow;
  };
  on('init', onInit);
  on('update', onUpdate);
  swiper.grid = {
  initSlides,
  unsetSlides,
  updateSlide,
  updateWrapperSize
  };
  }
  ;
  ;
  function appendSlide(slides) {
  const swiper = this;
  const { params, slidesEl } = swiper;
  if (params.loop) {
  swiper.loopDestroy();
  }
  const appendElement = (slideEl)=>{
  if (typeof slideEl === 'string') {
  const tempDOM = document.createElement('div');
  setInnerHTML(tempDOM, slideEl);
  slidesEl.append(tempDOM.children[0]);
  setInnerHTML(tempDOM, '');
  } else {
  slidesEl.append(slideEl);
  }
  };
  if (typeof slides === 'object' && 'length' in slides) {
  for(let i = 0; i < slides.length; i += 1){
  if (slides[i]) appendElement(slides[i]);
  }
  } else {
  appendElement(slides);
  }
  swiper.recalcSlides();
  if (params.loop) {
  swiper.loopCreate();
  }
  if (!params.observer || swiper.isElement) {
  swiper.update();
  }
  }
  function prependSlide(slides) {
  const swiper = this;
  const { params, activeIndex, slidesEl } = swiper;
  if (params.loop) {
  swiper.loopDestroy();
  }
  let newActiveIndex = activeIndex + 1;
  const prependElement = (slideEl)=>{
  if (typeof slideEl === 'string') {
  const tempDOM = document.createElement('div');
  setInnerHTML(tempDOM, slideEl);
  slidesEl.prepend(tempDOM.children[0]);
  setInnerHTML(tempDOM, '');
  } else {
  slidesEl.prepend(slideEl);
  }
  };
  if (typeof slides === 'object' && 'length' in slides) {
  for(let i = 0; i < slides.length; i += 1){
  if (slides[i]) prependElement(slides[i]);
  }
  newActiveIndex = activeIndex + slides.length;
  } else {
  prependElement(slides);
  }
  swiper.recalcSlides();
  if (params.loop) {
  swiper.loopCreate();
  }
  if (!params.observer || swiper.isElement) {
  swiper.update();
  }
  swiper.slideTo(newActiveIndex, 0, false);
  }
  function addSlide(index, slides) {
  const swiper = this;
  const { params, activeIndex, slidesEl } = swiper;
  let activeIndexBuffer = activeIndex;
  if (params.loop) {
  activeIndexBuffer -= swiper.loopedSlides;
  swiper.loopDestroy();
  swiper.recalcSlides();
  }
  const baseLength = swiper.slides.length;
  if (index <= 0) {
  swiper.prependSlide(slides);
  return;
  }
  if (index >= baseLength) {
  swiper.appendSlide(slides);
  return;
  }
  let newActiveIndex = activeIndexBuffer > index ? activeIndexBuffer + 1 : activeIndexBuffer;
  const slidesBuffer = [];
  for(let i = baseLength - 1; i >= index; i -= 1){
  const currentSlide = swiper.slides[i];
  currentSlide.remove();
  slidesBuffer.unshift(currentSlide);
  }
  if (typeof slides === 'object' && 'length' in slides) {
  for(let i = 0; i < slides.length; i += 1){
  if (slides[i]) slidesEl.append(slides[i]);
  }
  newActiveIndex = activeIndexBuffer > index ? activeIndexBuffer + slides.length : activeIndexBuffer;
  } else {
  slidesEl.append(slides);
  }
  for(let i = 0; i < slidesBuffer.length; i += 1){
  slidesEl.append(slidesBuffer[i]);
  }
  swiper.recalcSlides();
  if (params.loop) {
  swiper.loopCreate();
  }
  if (!params.observer || swiper.isElement) {
  swiper.update();
  }
  if (params.loop) {
  swiper.slideTo(newActiveIndex + swiper.loopedSlides, 0, false);
  } else {
  swiper.slideTo(newActiveIndex, 0, false);
  }
  }
  function removeSlide(slidesIndexes) {
  const swiper = this;
  const { params, activeIndex } = swiper;
  let activeIndexBuffer = activeIndex;
  if (params.loop) {
  activeIndexBuffer -= swiper.loopedSlides;
  swiper.loopDestroy();
  }
  let newActiveIndex = activeIndexBuffer;
  let indexToRemove;
  if (typeof slidesIndexes === 'object' && 'length' in slidesIndexes) {
  for(let i = 0; i < slidesIndexes.length; i += 1){
  indexToRemove = slidesIndexes[i];
  if (swiper.slides[indexToRemove]) swiper.slides[indexToRemove].remove();
  if (indexToRemove < newActiveIndex) newActiveIndex -= 1;
  }
  newActiveIndex = Math.max(newActiveIndex, 0);
  } else {
  indexToRemove = slidesIndexes;
  if (swiper.slides[indexToRemove]) swiper.slides[indexToRemove].remove();
  if (indexToRemove < newActiveIndex) newActiveIndex -= 1;
  newActiveIndex = Math.max(newActiveIndex, 0);
  }
  swiper.recalcSlides();
  if (params.loop) {
  swiper.loopCreate();
  }
  if (!params.observer || swiper.isElement) {
  swiper.update();
  }
  if (params.loop) {
  swiper.slideTo(newActiveIndex + swiper.loopedSlides, 0, false);
  } else {
  swiper.slideTo(newActiveIndex, 0, false);
  }
  }
  function removeAllSlides() {
  const swiper = this;
  const slidesIndexes = [];
  for(let i = 0; i < swiper.slides.length; i += 1){
  slidesIndexes.push(i);
  }
  swiper.removeSlide(slidesIndexes);
  }
  function Manipulation({ swiper }) {
  Object.assign(swiper, {
  appendSlide: appendSlide.bind(swiper),
  prependSlide: prependSlide.bind(swiper),
  addSlide: addSlide.bind(swiper),
  removeSlide: removeSlide.bind(swiper),
  removeAllSlides: removeAllSlides.bind(swiper)
  });
  }
  ;
  function effectInit(params) {
  const { effect, swiper, on, setTranslate, setTransition, overwriteParams, perspective, recreateShadows, getEffectParams } = params;
  on('beforeInit', ()=>{
  if (swiper.params.effect !== effect) return;
  swiper.classNames.push(`${swiper.params.containerModifierClass}${effect}`);
  if (perspective && perspective()) {
  swiper.classNames.push(`${swiper.params.containerModifierClass}3d`);
  }
  const overwriteParamsResult = overwriteParams ? overwriteParams() : {};
  Object.assign(swiper.params, overwriteParamsResult);
  Object.assign(swiper.originalParams, overwriteParamsResult);
  });
  on('setTranslate _virtualUpdated', ()=>{
  if (swiper.params.effect !== effect) return;
  setTranslate();
  });
  on('setTransition', (_s, duration)=>{
  if (swiper.params.effect !== effect) return;
  setTransition(duration);
  });
  on('transitionEnd', ()=>{
  if (swiper.params.effect !== effect) return;
  if (recreateShadows) {
  if (!getEffectParams || !getEffectParams().slideShadows) return;
  // remove shadows
  swiper.slides.forEach((slideEl)=>{
  slideEl.querySelectorAll('.swiper-slide-shadow-top, .swiper-slide-shadow-right, .swiper-slide-shadow-bottom, .swiper-slide-shadow-left').forEach((shadowEl)=>shadowEl.remove());
  });
  // create new one
  recreateShadows();
  }
  });
  let requireUpdateOnVirtual;
  on('virtualUpdate', ()=>{
  if (swiper.params.effect !== effect) return;
  if (!swiper.slides.length) {
  requireUpdateOnVirtual = true;
  }
  requestAnimationFrame(()=>{
  if (requireUpdateOnVirtual && swiper.slides && swiper.slides.length) {
  setTranslate();
  requireUpdateOnVirtual = false;
  }
  });
  });
  }
  ;
  ;
  function effectTarget(effectParams, slideEl) {
  const transformEl = getSlideTransformEl(slideEl);
  if (transformEl !== slideEl) {
  transformEl.style.backfaceVisibility = 'hidden';
  transformEl.style['-webkit-backface-visibility'] = 'hidden';
  }
  return transformEl;
  }
  ;
  ;
  function effectVirtualTransitionEnd({ swiper, duration, transformElements, allSlides }) {
  const { activeIndex } = swiper;
  const getSlide = (el)=>{
  if (!el.parentElement) {
  // assume shadow root
  const slide = swiper.slides.find((slideEl)=>slideEl.shadowRoot && slideEl.shadowRoot === el.parentNode);
  return slide;
  }
  return el.parentElement;
  };
  if (swiper.params.virtualTranslate && duration !== 0) {
  let eventTriggered = false;
  let transitionEndTarget;
  if (allSlides) {
  transitionEndTarget = transformElements;
  } else {
  transitionEndTarget = transformElements.filter((transformEl)=>{
  const el = transformEl.classList.contains('swiper-slide-transform') ? getSlide(transformEl) : transformEl;
  return swiper.getSlideIndex(el) === activeIndex;
  });
  }
  transitionEndTarget.forEach((el)=>{
  elementTransitionEnd(el, ()=>{
  if (eventTriggered) return;
  if (!swiper || swiper.destroyed) return;
  eventTriggered = true;
  swiper.animating = false;
  const evt = new window.CustomEvent('transitionend', {
  bubbles: true,
  cancelable: true
  });
  swiper.wrapperEl.dispatchEvent(evt);
  });
  });
  }
  }
  ;
  ;
  ;
  ;
  ;
  function EffectFade({ swiper, extendParams, on }) {
  extendParams({
  fadeEffect: {
  crossFade: false
  }
  });
  const setTranslate = ()=>{
  const { slides } = swiper;
  const params = swiper.params.fadeEffect;
  for(let i = 0; i < slides.length; i += 1){
  const slideEl = swiper.slides[i];
  const offset = slideEl.swiperSlideOffset;
  let tx = -offset;
  if (!swiper.params.virtualTranslate) tx -= swiper.translate;
  let ty = 0;
  if (!swiper.isHorizontal()) {
  ty = tx;
  tx = 0;
  }
  const slideOpacity = swiper.params.fadeEffect.crossFade ? Math.max(1 - Math.abs(slideEl.progress), 0) : 1 + Math.min(Math.max(slideEl.progress, -1), 0);
  const targetEl = effectTarget(params, slideEl);
  targetEl.style.opacity = slideOpacity;
  targetEl.style.transform = `translate3d(${tx}px, ${ty}px, 0px)`;
  }
  };
  const setTransition = (duration)=>{
  const transformElements = swiper.slides.map((slideEl)=>getSlideTransformEl(slideEl));
  transformElements.forEach((el)=>{
  el.style.transitionDuration = `${duration}ms`;
  });
  effectVirtualTransitionEnd({
  swiper,
  duration,
  transformElements,
  allSlides: true
  });
  };
  effectInit({
  effect: 'fade',
  swiper,
  on,
  setTranslate,
  setTransition,
  overwriteParams: ()=>({
  slidesPerView: 1,
  slidesPerGroup: 1,
  watchSlidesProgress: true,
  spaceBetween: 0,
  virtualTranslate: !swiper.params.cssMode
  })
  });
  }
  ;
  ;
  ;
  function EffectCube({ swiper, extendParams, on }) {
  extendParams({
  cubeEffect: {
  slideShadows: true,
  shadow: true,
  shadowOffset: 20,
  shadowScale: 0.94
  }
  });
  const createSlideShadows = (slideEl, progress, isHorizontal)=>{
  let shadowBefore = isHorizontal ? slideEl.querySelector('.swiper-slide-shadow-left') : slideEl.querySelector('.swiper-slide-shadow-top');
  let shadowAfter = isHorizontal ? slideEl.querySelector('.swiper-slide-shadow-right') : slideEl.querySelector('.swiper-slide-shadow-bottom');
  if (!shadowBefore) {
  shadowBefore = createElement('div', `swiper-slide-shadow-cube swiper-slide-shadow-${isHorizontal ? 'left' : 'top'}`.split(' '));
  slideEl.append(shadowBefore);
  }
  if (!shadowAfter) {
  shadowAfter = createElement('div', `swiper-slide-shadow-cube swiper-slide-shadow-${isHorizontal ? 'right' : 'bottom'}`.split(' '));
  slideEl.append(shadowAfter);
  }
  if (shadowBefore) shadowBefore.style.opacity = Math.max(-progress, 0);
  if (shadowAfter) shadowAfter.style.opacity = Math.max(progress, 0);
  };
  const recreateShadows = ()=>{
  // create new ones
  const isHorizontal = swiper.isHorizontal();
  swiper.slides.forEach((slideEl)=>{
  const progress = Math.max(Math.min(slideEl.progress, 1), -1);
  createSlideShadows(slideEl, progress, isHorizontal);
  });
  };
  const setTranslate = ()=>{
  const { el, wrapperEl, slides, width: swiperWidth, height: swiperHeight, rtlTranslate: rtl, size: swiperSize, browser } = swiper;
  const r = getRotateFix(swiper);
  const params = swiper.params.cubeEffect;
  const isHorizontal = swiper.isHorizontal();
  const isVirtual = swiper.virtual && swiper.params.virtual.enabled;
  let wrapperRotate = 0;
  let cubeShadowEl;
  if (params.shadow) {
  if (isHorizontal) {
  cubeShadowEl = swiper.wrapperEl.querySelector('.swiper-cube-shadow');
  if (!cubeShadowEl) {
  cubeShadowEl = createElement('div', 'swiper-cube-shadow');
  swiper.wrapperEl.append(cubeShadowEl);
  }
  cubeShadowEl.style.height = `${swiperWidth}px`;
  } else {
  cubeShadowEl = el.querySelector('.swiper-cube-shadow');
  if (!cubeShadowEl) {
  cubeShadowEl = createElement('div', 'swiper-cube-shadow');
  el.append(cubeShadowEl);
  }
  }
  }
  for(let i = 0; i < slides.length; i += 1){
  const slideEl = slides[i];
  let slideIndex = i;
  if (isVirtual) {
  slideIndex = parseInt(slideEl.getAttribute('data-swiper-slide-index'), 10);
  }
  let slideAngle = slideIndex * 90;
  let round = Math.floor(slideAngle / 360);
  if (rtl) {
  slideAngle = -slideAngle;
  round = Math.floor(-slideAngle / 360);
  }
  const progress = Math.max(Math.min(slideEl.progress, 1), -1);
  let tx = 0;
  let ty = 0;
  let tz = 0;
  if (slideIndex % 4 === 0) {
  tx = -round * 4 * swiperSize;
  tz = 0;
  } else if ((slideIndex - 1) % 4 === 0) {
  tx = 0;
  tz = -round * 4 * swiperSize;
  } else if ((slideIndex - 2) % 4 === 0) {
  tx = swiperSize + round * 4 * swiperSize;
  tz = swiperSize;
  } else if ((slideIndex - 3) % 4 === 0) {
  tx = -swiperSize;
  tz = 3 * swiperSize + swiperSize * 4 * round;
  }
  if (rtl) {
  tx = -tx;
  }
  if (!isHorizontal) {
  ty = tx;
  tx = 0;
  }
  const transform = `rotateX(${r(isHorizontal ? 0 : -slideAngle)}deg) rotateY(${r(isHorizontal ? slideAngle : 0)}deg) translate3d(${tx}px, ${ty}px, ${tz}px)`;
  if (progress <= 1 && progress > -1) {
  wrapperRotate = slideIndex * 90 + progress * 90;
  if (rtl) wrapperRotate = -slideIndex * 90 - progress * 90;
  }
  slideEl.style.transform = transform;
  if (params.slideShadows) {
  createSlideShadows(slideEl, progress, isHorizontal);
  }
  }
  wrapperEl.style.transformOrigin = `50% 50% -${swiperSize / 2}px`;
  wrapperEl.style['-webkit-transform-origin'] = `50% 50% -${swiperSize / 2}px`;
  if (params.shadow) {
  if (isHorizontal) {
  cubeShadowEl.style.transform = `translate3d(0px, ${swiperWidth / 2 + params.shadowOffset}px, ${-swiperWidth / 2}px) rotateX(89.99deg) rotateZ(0deg) scale(${params.shadowScale})`;
  } else {
  const shadowAngle = Math.abs(wrapperRotate) - Math.floor(Math.abs(wrapperRotate) / 90) * 90;
  const multiplier = 1.5 - (Math.sin(shadowAngle * 2 * Math.PI / 360) / 2 + Math.cos(shadowAngle * 2 * Math.PI / 360) / 2);
  const scale1 = params.shadowScale;
  const scale2 = params.shadowScale / multiplier;
  const offset = params.shadowOffset;
  cubeShadowEl.style.transform = `scale3d(${scale1}, 1, ${scale2}) translate3d(0px, ${swiperHeight / 2 + offset}px, ${-swiperHeight / 2 / scale2}px) rotateX(-89.99deg)`;
  }
  }
  const zFactor = (browser.isSafari || browser.isWebView) && browser.needPerspectiveFix ? -swiperSize / 2 : 0;
  wrapperEl.style.transform = `translate3d(0px,0,${zFactor}px) rotateX(${r(swiper.isHorizontal() ? 0 : wrapperRotate)}deg) rotateY(${r(swiper.isHorizontal() ? -wrapperRotate : 0)}deg)`;
  wrapperEl.style.setProperty('--swiper-cube-translate-z', `${zFactor}px`);
  };
  const setTransition = (duration)=>{
  const { el, slides } = swiper;
  slides.forEach((slideEl)=>{
  slideEl.style.transitionDuration = `${duration}ms`;
  slideEl.querySelectorAll('.swiper-slide-shadow-top, .swiper-slide-shadow-right, .swiper-slide-shadow-bottom, .swiper-slide-shadow-left').forEach((subEl)=>{
  subEl.style.transitionDuration = `${duration}ms`;
  });
  });
  if (swiper.params.cubeEffect.shadow && !swiper.isHorizontal()) {
  const shadowEl = el.querySelector('.swiper-cube-shadow');
  if (shadowEl) shadowEl.style.transitionDuration = `${duration}ms`;
  }
  };
  effectInit({
  effect: 'cube',
  swiper,
  on,
  setTranslate,
  setTransition,
  recreateShadows,
  getEffectParams: ()=>swiper.params.cubeEffect,
  perspective: ()=>true,
  overwriteParams: ()=>({
  slidesPerView: 1,
  slidesPerGroup: 1,
  watchSlidesProgress: true,
  resistanceRatio: 0,
  spaceBetween: 0,
  centeredSlides: false,
  virtualTranslate: true
  })
  });
  }
  ;
  ;
  function createShadow(suffix, slideEl, side) {
  const shadowClass = `swiper-slide-shadow${side ? `-${side}` : ''}${suffix ? ` swiper-slide-shadow-${suffix}` : ''}`;
  const shadowContainer = getSlideTransformEl(slideEl);
  let shadowEl = shadowContainer.querySelector(`.${shadowClass.split(' ').join('.')}`);
  if (!shadowEl) {
  shadowEl = createElement('div', shadowClass.split(' '));
  shadowContainer.append(shadowEl);
  }
  return shadowEl;
  }
  ;
  ;
  ;
  ;
  ;
  ;
  function EffectFlip({ swiper, extendParams, on }) {
  extendParams({
  flipEffect: {
  slideShadows: true,
  limitRotation: true
  }
  });
  const createSlideShadows = (slideEl, progress)=>{
  let shadowBefore = swiper.isHorizontal() ? slideEl.querySelector('.swiper-slide-shadow-left') : slideEl.querySelector('.swiper-slide-shadow-top');
  let shadowAfter = swiper.isHorizontal() ? slideEl.querySelector('.swiper-slide-shadow-right') : slideEl.querySelector('.swiper-slide-shadow-bottom');
  if (!shadowBefore) {
  shadowBefore = createShadow('flip', slideEl, swiper.isHorizontal() ? 'left' : 'top');
  }
  if (!shadowAfter) {
  shadowAfter = createShadow('flip', slideEl, swiper.isHorizontal() ? 'right' : 'bottom');
  }
  if (shadowBefore) shadowBefore.style.opacity = Math.max(-progress, 0);
  if (shadowAfter) shadowAfter.style.opacity = Math.max(progress, 0);
  };
  const recreateShadows = ()=>{
  // Set shadows
  swiper.params.flipEffect;
  swiper.slides.forEach((slideEl)=>{
  let progress = slideEl.progress;
  if (swiper.params.flipEffect.limitRotation) {
  progress = Math.max(Math.min(slideEl.progress, 1), -1);
  }
  createSlideShadows(slideEl, progress);
  });
  };
  const setTranslate = ()=>{
  const { slides, rtlTranslate: rtl } = swiper;
  const params = swiper.params.flipEffect;
  const rotateFix = getRotateFix(swiper);
  for(let i = 0; i < slides.length; i += 1){
  const slideEl = slides[i];
  let progress = slideEl.progress;
  if (swiper.params.flipEffect.limitRotation) {
  progress = Math.max(Math.min(slideEl.progress, 1), -1);
  }
  const offset = slideEl.swiperSlideOffset;
  const rotate = -180 * progress;
  let rotateY = rotate;
  let rotateX = 0;
  let tx = swiper.params.cssMode ? -offset - swiper.translate : -offset;
  let ty = 0;
  if (!swiper.isHorizontal()) {
  ty = tx;
  tx = 0;
  rotateX = -rotateY;
  rotateY = 0;
  } else if (rtl) {
  rotateY = -rotateY;
  }
  slideEl.style.zIndex = -Math.abs(Math.round(progress)) + slides.length;
  if (params.slideShadows) {
  createSlideShadows(slideEl, progress);
  }
  const transform = `translate3d(${tx}px, ${ty}px, 0px) rotateX(${rotateFix(rotateX)}deg) rotateY(${rotateFix(rotateY)}deg)`;
  const targetEl = effectTarget(params, slideEl);
  targetEl.style.transform = transform;
  }
  };
  const setTransition = (duration)=>{
  const transformElements = swiper.slides.map((slideEl)=>getSlideTransformEl(slideEl));
  transformElements.forEach((el)=>{
  el.style.transitionDuration = `${duration}ms`;
  el.querySelectorAll('.swiper-slide-shadow-top, .swiper-slide-shadow-right, .swiper-slide-shadow-bottom, .swiper-slide-shadow-left').forEach((shadowEl)=>{
  shadowEl.style.transitionDuration = `${duration}ms`;
  });
  });
  effectVirtualTransitionEnd({
  swiper,
  duration,
  transformElements
  });
  };
  effectInit({
  effect: 'flip',
  swiper,
  on,
  setTranslate,
  setTransition,
  recreateShadows,
  getEffectParams: ()=>swiper.params.flipEffect,
  perspective: ()=>true,
  overwriteParams: ()=>({
  slidesPerView: 1,
  slidesPerGroup: 1,
  watchSlidesProgress: true,
  spaceBetween: 0,
  virtualTranslate: !swiper.params.cssMode
  })
  });
  }
  ;
  ;
  ;
  ;
  ;
  function EffectCoverflow({ swiper, extendParams, on }) {
  extendParams({
  coverflowEffect: {
  rotate: 50,
  stretch: 0,
  depth: 100,
  scale: 1,
  modifier: 1,
  slideShadows: true
  }
  });
  const setTranslate = ()=>{
  const { width: swiperWidth, height: swiperHeight, slides, slidesSizesGrid } = swiper;
  const params = swiper.params.coverflowEffect;
  const isHorizontal = swiper.isHorizontal();
  const transform = swiper.translate;
  const center = isHorizontal ? -transform + swiperWidth / 2 : -transform + swiperHeight / 2;
  const rotate = isHorizontal ? params.rotate : -params.rotate;
  const translate = params.depth;
  const r = getRotateFix(swiper);
  // Each slide offset from center
  for(let i = 0, length = slides.length; i < length; i += 1){
  const slideEl = slides[i];
  const slideSize = slidesSizesGrid[i];
  const slideOffset = slideEl.swiperSlideOffset;
  const centerOffset = (center - slideOffset - slideSize / 2) / slideSize;
  const offsetMultiplier = typeof params.modifier === 'function' ? params.modifier(centerOffset) : centerOffset * params.modifier;
  let rotateY = isHorizontal ? rotate * offsetMultiplier : 0;
  let rotateX = isHorizontal ? 0 : rotate * offsetMultiplier;
  // var rotateZ = 0
  let translateZ = -translate * Math.abs(offsetMultiplier);
  let stretch = params.stretch;
  // Allow percentage to make a relative stretch for responsive sliders
  if (typeof stretch === 'string' && stretch.indexOf('%') !== -1) {
  stretch = parseFloat(params.stretch) / 100 * slideSize;
  }
  let translateY = isHorizontal ? 0 : stretch * offsetMultiplier;
  let translateX = isHorizontal ? stretch * offsetMultiplier : 0;
  let scale = 1 - (1 - params.scale) * Math.abs(offsetMultiplier);
  // Fix for ultra small values
  if (Math.abs(translateX) < 0.001) translateX = 0;
  if (Math.abs(translateY) < 0.001) translateY = 0;
  if (Math.abs(translateZ) < 0.001) translateZ = 0;
  if (Math.abs(rotateY) < 0.001) rotateY = 0;
  if (Math.abs(rotateX) < 0.001) rotateX = 0;
  if (Math.abs(scale) < 0.001) scale = 0;
  const slideTransform = `translate3d(${translateX}px,${translateY}px,${translateZ}px)  rotateX(${r(rotateX)}deg) rotateY(${r(rotateY)}deg) scale(${scale})`;
  const targetEl = effectTarget(params, slideEl);
  targetEl.style.transform = slideTransform;
  slideEl.style.zIndex = -Math.abs(Math.round(offsetMultiplier)) + 1;
  if (params.slideShadows) {
  // Set shadows
  let shadowBeforeEl = isHorizontal ? slideEl.querySelector('.swiper-slide-shadow-left') : slideEl.querySelector('.swiper-slide-shadow-top');
  let shadowAfterEl = isHorizontal ? slideEl.querySelector('.swiper-slide-shadow-right') : slideEl.querySelector('.swiper-slide-shadow-bottom');
  if (!shadowBeforeEl) {
  shadowBeforeEl = createShadow('coverflow', slideEl, isHorizontal ? 'left' : 'top');
  }
  if (!shadowAfterEl) {
  shadowAfterEl = createShadow('coverflow', slideEl, isHorizontal ? 'right' : 'bottom');
  }
  if (shadowBeforeEl) shadowBeforeEl.style.opacity = offsetMultiplier > 0 ? offsetMultiplier : 0;
  if (shadowAfterEl) shadowAfterEl.style.opacity = -offsetMultiplier > 0 ? -offsetMultiplier : 0;
  }
  }
  };
  const setTransition = (duration)=>{
  const transformElements = swiper.slides.map((slideEl)=>getSlideTransformEl(slideEl));
  transformElements.forEach((el)=>{
  el.style.transitionDuration = `${duration}ms`;
  el.querySelectorAll('.swiper-slide-shadow-top, .swiper-slide-shadow-right, .swiper-slide-shadow-bottom, .swiper-slide-shadow-left').forEach((shadowEl)=>{
  shadowEl.style.transitionDuration = `${duration}ms`;
  });
  });
  };
  effectInit({
  effect: 'coverflow',
  swiper,
  on,
  setTranslate,
  setTransition,
  perspective: ()=>true,
  overwriteParams: ()=>({
  watchSlidesProgress: true
  })
  });
  }
  ;
  ;
  ;
  ;
  ;
  ;
  function EffectCreative({ swiper, extendParams, on }) {
  extendParams({
  creativeEffect: {
  limitProgress: 1,
  shadowPerProgress: false,
  progressMultiplier: 1,
  perspective: true,
  prev: {
  translate: [
  0,
  0,
  0
  ],
  rotate: [
  0,
  0,
  0
  ],
  opacity: 1,
  scale: 1
  },
  next: {
  translate: [
  0,
  0,
  0
  ],
  rotate: [
  0,
  0,
  0
  ],
  opacity: 1,
  scale: 1
  }
  }
  });
  const getTranslateValue = (value)=>{
  if (typeof value === 'string') return value;
  return `${value}px`;
  };
  const setTranslate = ()=>{
  const { slides, wrapperEl, slidesSizesGrid } = swiper;
  const params = swiper.params.creativeEffect;
  const { progressMultiplier: multiplier } = params;
  const isCenteredSlides = swiper.params.centeredSlides;
  const rotateFix = getRotateFix(swiper);
  if (isCenteredSlides) {
  const margin = slidesSizesGrid[0] / 2 - swiper.params.slidesOffsetBefore || 0;
  wrapperEl.style.transform = `translateX(calc(50% - ${margin}px))`;
  }
  for(let i = 0; i < slides.length; i += 1){
  const slideEl = slides[i];
  const slideProgress = slideEl.progress;
  const progress = Math.min(Math.max(slideEl.progress, -params.limitProgress), params.limitProgress);
  let originalProgress = progress;
  if (!isCenteredSlides) {
  originalProgress = Math.min(Math.max(slideEl.originalProgress, -params.limitProgress), params.limitProgress);
  }
  const offset = slideEl.swiperSlideOffset;
  const t = [
  swiper.params.cssMode ? -offset - swiper.translate : -offset,
  0,
  0
  ];
  const r = [
  0,
  0,
  0
  ];
  let custom = false;
  if (!swiper.isHorizontal()) {
  t[1] = t[0];
  t[0] = 0;
  }
  let data = {
  translate: [
  0,
  0,
  0
  ],
  rotate: [
  0,
  0,
  0
  ],
  scale: 1,
  opacity: 1
  };
  if (progress < 0) {
  data = params.next;
  custom = true;
  } else if (progress > 0) {
  data = params.prev;
  custom = true;
  }
  // set translate
  t.forEach((value, index)=>{
  t[index] = `calc(${value}px + (${getTranslateValue(data.translate[index])} * ${Math.abs(progress * multiplier)}))`;
  });
  // set rotates
  r.forEach((value, index)=>{
  let val = data.rotate[index] * Math.abs(progress * multiplier);
  r[index] = val;
  });
  slideEl.style.zIndex = -Math.abs(Math.round(slideProgress)) + slides.length;
  const translateString = t.join(', ');
  const rotateString = `rotateX(${rotateFix(r[0])}deg) rotateY(${rotateFix(r[1])}deg) rotateZ(${rotateFix(r[2])}deg)`;
  const scaleString = originalProgress < 0 ? `scale(${1 + (1 - data.scale) * originalProgress * multiplier})` : `scale(${1 - (1 - data.scale) * originalProgress * multiplier})`;
  const opacityString = originalProgress < 0 ? 1 + (1 - data.opacity) * originalProgress * multiplier : 1 - (1 - data.opacity) * originalProgress * multiplier;
  const transform = `translate3d(${translateString}) ${rotateString} ${scaleString}`;
  // Set shadows
  if (custom && data.shadow || !custom) {
  let shadowEl = slideEl.querySelector('.swiper-slide-shadow');
  if (!shadowEl && data.shadow) {
  shadowEl = createShadow('creative', slideEl);
  }
  if (shadowEl) {
  const shadowOpacity = params.shadowPerProgress ? progress * (1 / params.limitProgress) : progress;
  shadowEl.style.opacity = Math.min(Math.max(Math.abs(shadowOpacity), 0), 1);
  }
  }
  const targetEl = effectTarget(params, slideEl);
  targetEl.style.transform = transform;
  targetEl.style.opacity = opacityString;
  if (data.origin) {
  targetEl.style.transformOrigin = data.origin;
  }
  }
  };
  const setTransition = (duration)=>{
  const transformElements = swiper.slides.map((slideEl)=>getSlideTransformEl(slideEl));
  transformElements.forEach((el)=>{
  el.style.transitionDuration = `${duration}ms`;
  el.querySelectorAll('.swiper-slide-shadow').forEach((shadowEl)=>{
  shadowEl.style.transitionDuration = `${duration}ms`;
  });
  });
  effectVirtualTransitionEnd({
  swiper,
  duration,
  transformElements,
  allSlides: true
  });
  };
  effectInit({
  effect: 'creative',
  swiper,
  on,
  setTranslate,
  setTransition,
  perspective: ()=>swiper.params.creativeEffect.perspective,
  overwriteParams: ()=>({
  watchSlidesProgress: true,
  virtualTranslate: !swiper.params.cssMode
  })
  });
  }
  ;
  ;
  ;
  ;
  ;
  ;
  function EffectCards({ swiper, extendParams, on }) {
  extendParams({
  cardsEffect: {
  slideShadows: true,
  rotate: true,
  perSlideRotate: 2,
  perSlideOffset: 8
  }
  });
  const setTranslate = ()=>{
  const { slides, activeIndex, rtlTranslate: rtl } = swiper;
  const params = swiper.params.cardsEffect;
  const { startTranslate, isTouched } = swiper.touchEventsData;
  const currentTranslate = rtl ? -swiper.translate : swiper.translate;
  for(let i = 0; i < slides.length; i += 1){
  const slideEl = slides[i];
  const slideProgress = slideEl.progress;
  const progress = Math.min(Math.max(slideProgress, -4), 4);
  let offset = slideEl.swiperSlideOffset;
  if (swiper.params.centeredSlides && !swiper.params.cssMode) {
  swiper.wrapperEl.style.transform = `translateX(${swiper.minTranslate()}px)`;
  }
  if (swiper.params.centeredSlides && swiper.params.cssMode) {
  offset -= slides[0].swiperSlideOffset;
  }
  let tX = swiper.params.cssMode ? -offset - swiper.translate : -offset;
  let tY = 0;
  const tZ = -100 * Math.abs(progress);
  let scale = 1;
  let rotate = -params.perSlideRotate * progress;
  let tXAdd = params.perSlideOffset - Math.abs(progress) * 0.75;
  const slideIndex = swiper.virtual && swiper.params.virtual.enabled ? swiper.virtual.from + i : i;
  const isSwipeToNext = (slideIndex === activeIndex || slideIndex === activeIndex - 1) && progress > 0 && progress < 1 && (isTouched || swiper.params.cssMode) && currentTranslate < startTranslate;
  const isSwipeToPrev = (slideIndex === activeIndex || slideIndex === activeIndex + 1) && progress < 0 && progress > -1 && (isTouched || swiper.params.cssMode) && currentTranslate > startTranslate;
  if (isSwipeToNext || isSwipeToPrev) {
  const subProgress = (1 - Math.abs((Math.abs(progress) - 0.5) / 0.5)) ** 0.5;
  rotate += -28 * progress * subProgress;
  scale += -0.5 * subProgress;
  tXAdd += 96 * subProgress;
  tY = `${(params.rotate || swiper.isHorizontal() ? -25 : 0) * subProgress * Math.abs(progress)}%`;
  }
  if (progress < 0) {
  // next
  tX = `calc(${tX}px ${rtl ? '-' : '+'} (${tXAdd * Math.abs(progress)}%))`;
  } else if (progress > 0) {
  // prev
  tX = `calc(${tX}px ${rtl ? '-' : '+'} (-${tXAdd * Math.abs(progress)}%))`;
  } else {
  tX = `${tX}px`;
  }
  if (!swiper.isHorizontal()) {
  const prevY = tY;
  tY = tX;
  tX = prevY;
  }
  const scaleString = progress < 0 ? `${1 + (1 - scale) * progress}` : `${1 - (1 - scale) * progress}`;
  /* eslint-disable */ const transform = `
          translate3d(${tX}, ${tY}, ${tZ}px)
          rotateZ(${params.rotate ? rtl ? -rotate : rotate : 0}deg)
          scale(${scaleString})
        `;
  /* eslint-enable */ if (params.slideShadows) {
  // Set shadows
  let shadowEl = slideEl.querySelector('.swiper-slide-shadow');
  if (!shadowEl) {
  shadowEl = createShadow('cards', slideEl);
  }
  if (shadowEl) shadowEl.style.opacity = Math.min(Math.max((Math.abs(progress) - 0.5) / 0.5, 0), 1);
  }
  slideEl.style.zIndex = -Math.abs(Math.round(slideProgress)) + slides.length;
  const targetEl = effectTarget(params, slideEl);
  targetEl.style.transform = transform;
  }
  };
  const setTransition = (duration)=>{
  const transformElements = swiper.slides.map((slideEl)=>getSlideTransformEl(slideEl));
  transformElements.forEach((el)=>{
  el.style.transitionDuration = `${duration}ms`;
  el.querySelectorAll('.swiper-slide-shadow').forEach((shadowEl)=>{
  shadowEl.style.transitionDuration = `${duration}ms`;
  });
  });
  effectVirtualTransitionEnd({
  swiper,
  duration,
  transformElements
  });
  };
  effectInit({
  effect: 'cards',
  swiper,
  on,
  setTranslate,
  setTransition,
  perspective: ()=>true,
  overwriteParams: ()=>({
  _loopSwapReset: false,
  watchSlidesProgress: true,
  loopAdditionalSlides: swiper.params.cardsEffect.rotate ? 3 : 2,
  centeredSlides: true,
  virtualTranslate: !swiper.params.cssMode
  })
  });
  }
  ;
  ;
  ;
  ;
  ;
  ;
  ;
  ;
  ;
  ;
  ;
  ;
  ;
  ;
  ;
  ;
  ;
  ;
  ;
  ;
  ;
  ;
  ;
  ;
  ;
  const __iconNode2 = [
  [
  "path",
  {
  d: "M16 3a2 2 0 0 0-2 2v6a2 2 0 0 0 2 2 1 1 0 0 1 1 1v1a2 2 0 0 1-2 2 1 1 0 0 0-1 1v2a1 1 0 0 0 1 1 6 6 0 0 0 6-6V5a2 2 0 0 0-2-2z",
  key: "rib7q0"
  }
  ],
  [
  "path",
  {
  d: "M5 3a2 2 0 0 0-2 2v6a2 2 0 0 0 2 2 1 1 0 0 1 1 1v1a2 2 0 0 1-2 2 1 1 0 0 0-1 1v2a1 1 0 0 0 1 1 6 6 0 0 0 6-6V5a2 2 0 0 0-2-2z",
  key: "1ymkrd"
  }
  ]
  ];
  const Quote = createLucideIcon("quote", __iconNode2);
  ;
  ;
  const __iconNode3 = [
  [
  "path",
  {
  d: "m15 18-6-6 6-6",
  key: "1wnfg3"
  }
  ]
  ];
  const ChevronLeft = createLucideIcon("chevron-left", __iconNode3);
  ;
  ;
  const __iconNode4 = [
  [
  "path",
  {
  d: "m9 18 6-6-6-6",
  key: "mthhwq"
  }
  ]
  ];
  const ChevronRight = createLucideIcon("chevron-right", __iconNode4);
  ;
  "use client";
  ;
  ;
  ;
  ;
  ;
  ;
  ;
  ;
  const testimonials = [
  {
  name: "-Subash Achraya",
  text: "We got tickets from our friends because they didn't want to go. We didn't think it was going to be good but we went to try it out and I have to say it was one of the best magic show watched till date."
  },
  {
  name: "-Emily Coff",
  text: "It was the best money I've spent so far in Kathmandu in magic show, Absolutely hilarious! And he is such a nice person! Will definitely go see him again. Thank you for the amazing involvement."
  },
  {
  name: "-Shristi Miya",
  text: "Great time at the show. Saman thank you for making my time with my friend, Magic was mind blowing, You all were great. Keep Loving Magic and keep rising."
  },
  {
  name: "Emily Davis",
  text: "Professional, engaging, and incredibly talented."
  }
  ];
  const Testimonials = ()=>{
  return /*#__PURE__*/ (0, __TURBOPACK__imported__module__87924__4["jsxs"])("div", {
  className: "jsx-175b30b60cce2342" + " " + "relative w-full bg-black overflow-hidden font-sans text-white",
  children: [
  /*#__PURE__*/ (0, __TURBOPACK__imported__module__87924__4["jsx"])(__TURBOPACK__imported__module__31626__["default"], {
  id: "175b30b60cce2342",
  children: ".custom-pagination .swiper-pagination-bullet{opacity:1;background:#ffffff4d;border-radius:999px;width:10px;height:10px;transition:all .3s;margin:0 6px!important}.custom-pagination .swiper-pagination-bullet-active{background:#f13333;width:24px;box-shadow:0 0 10px #f13333}@media (width<=768px){.testimonial-prev,.testimonial-next{display:none}}"
  }),
  /*#__PURE__*/ (0, __TURBOPACK__imported__module__87924__4["jsx"])("div", {
  style: {
  background: "radial-gradient(circle at bottom left, rgba(241, 51, 51, 0.6) 0%, rgba(7,7,7,0) 40%)"
  },
  className: "jsx-175b30b60cce2342" + " " + "absolute bottom-0 left-0 w-[800px] h-[800px] pointer-events-none"
  }),
  /*#__PURE__*/ (0, __TURBOPACK__imported__module__87924__4["jsxs"])("div", {
  className: "jsx-175b30b60cce2342" + " " + 'relative max-w-[1440px] mx-auto px-[20px] md:px-[80px] py-[50px] md:py-[100px] flex flex-col gap-[50px] z-10',
  children: [
  /*#__PURE__*/ (0, __TURBOPACK__imported__module__87924__4["jsxs"])("div", {
  className: "jsx-175b30b60cce2342" + " " + "flex flex-col items-center text-center px-4",
  children: [
  /*#__PURE__*/ (0, __TURBOPACK__imported__module__87924__4["jsx"])("h1", {
  className: "jsx-175b30b60cce2342" + " " + "
                              big-shoulders
                              text-[#F0EBE6]
                              font-bold
                              mb-4 sm:mb-5 md:mb-6
                              leading-tight
                              tracking-[0.02em]
  
                              text-[48px]
                              lg:text-[64px]
                              xl:text-[87px]
                              ",
  children: "Testimonials"
  }),
  /*#__PURE__*/ (0, __TURBOPACK__imported__module__87924__4["jsx"])("p", {
  className: "jsx-175b30b60cce2342" + " " + "mt-4 max-w-md sm:max-w-xl lg:max-w-2xl text-sm sm:text-base text-center opacity-80",
  children: "Audience and Client Testimonials That Showcase Real Experiences and the Value We Bring to Every Event"
  })
  ]
  }),
  /*#__PURE__*/ (0, __TURBOPACK__imported__module__87924__4["jsxs"])("div", {
  className: "jsx-175b30b60cce2342",
  children: [
  /*#__PURE__*/ (0, __TURBOPACK__imported__module__87924__4["jsxs"])("div", {
  className: "jsx-175b30b60cce2342" + " " + "flex justify-end gap-3 mb-5",
  children: [
  /*#__PURE__*/ (0, __TURBOPACK__imported__module__87924__4["jsx"])("button", {
  className: "jsx-175b30b60cce2342" + " " + "testimonial-prev w-10 h-10 rounded-full border border-white/20 flex items-center justify-center hover:bg-white/10 transition cursor-pointer",
  children: /*#__PURE__*/ (0, __TURBOPACK__imported__module__87924__4["jsx"])(ChevronLeft, {
  size: 18
  })
  }),
  /*#__PURE__*/ (0, __TURBOPACK__imported__module__87924__4["jsx"])("button", {
  className: "jsx-175b30b60cce2342" + " " + "testimonial-next w-10 h-10 rounded-full border border-white/20 flex items-center justify-center hover:bg-white/10 transition cursor-pointer",
  children: /*#__PURE__*/ (0, __TURBOPACK__imported__module__87924__4["jsx"])(ChevronRight, {
  size: 18
  })
  })
  ]
  }),
  /*#__PURE__*/ (0, __TURBOPACK__imported__module__87924__4["jsx"])(Swiper1, {
  modules: [
  Navigation,
  Pagination,
  Autoplay
  ],
  spaceBetween: 30,
  slidesPerView: 1,
  loop: true,
  autoplay: {
  delay: 3000,
  disableOnInteraction: false
  },
  navigation: {
  nextEl: ".testimonial-next",
  prevEl: ".testimonial-prev"
  },
  pagination: {
  el: ".custom-pagination",
  clickable: true
  },
  breakpoints: {
  768: {
  slidesPerView: 2
  },
  1024: {
  slidesPerView: 3
  }
  },
  children: testimonials.map((item, index)=>/*#__PURE__*/ (0, __TURBOPACK__imported__module__87924__4["jsx"])(SwiperSlide, {
  children: /*#__PURE__*/ (0, __TURBOPACK__imported__module__87924__4["jsxs"])("div", {
  style: {
  background: "linear-gradient(to bottom, #F13333 0%, #070707 100%)"
  },
  className: "jsx-175b30b60cce2342" + " " + "rounded-2xl p-6 h-full backdrop-blur-md transition",
  children: [
  /*#__PURE__*/ (0, __TURBOPACK__imported__module__87924__4["jsx"])(Quote, {
  className: "w-8 h-8 text-[#F0EBE6] mb-4 opacity-70"
  }),
  /*#__PURE__*/ (0, __TURBOPACK__imported__module__87924__4["jsxs"])("p", {
  className: "jsx-175b30b60cce2342" + " " + "geist text-[15px] opacity-80 mb-6",
  children: [
  "“",
  item.text,
  "”"
  ]
  }),
  /*#__PURE__*/ (0, __TURBOPACK__imported__module__87924__4["jsx"])("h3", {
  className: "jsx-175b30b60cce2342" + " " + "big-shoulders big-shoulders-medium text-[21px] text-[#F0EBE6]",
  children: item.name
  })
  ]
  })
  }, index))
  }),
  /*#__PURE__*/ (0, __TURBOPACK__imported__module__87924__4["jsx"])("div", {
  className: "jsx-175b30b60cce2342" + " " + "custom-pagination flex justify-center mt-6"
  })
  ]
  })
  ]
  })
  ]
  });
  };
  const __TURBOPACK__default__export__6 = Testimonials;
  var __TURBOPACK__imported__module__87924__5 = __TURBOPACK__imported__module__87924__;
  var __TURBOPACK__imported__module__72131__6 = __TURBOPACK__imported__module__72131__;
  var __TURBOPACK__imported__module__26304__1 = __TURBOPACK__imported__module__26304__;
  "use client";
  ;
  ;
  ;
  const About = ()=>{
  // Reference for the text to animate
  const textRef = (0, __TURBOPACK__imported__module__72131__6["useRef"])(null);
  // Reference for GSAP animation instance
  const animationRef = (0, __TURBOPACK__imported__module__72131__6["useRef"])(null);
  (0, __TURBOPACK__imported__module__72131__6["useEffect"])(()=>{
  const loadGSAP = async ()=>{
  // Dynamic import of GSAP plugins
  const SplitTextModule = await __turbopack_context__.A(41056);
  const SplitText = SplitTextModule.default;
  const ScrollTriggerModule = await __turbopack_context__.A(22714);
  const ScrollTrigger = ScrollTriggerModule.default;
  // Register plugins
  __TURBOPACK__imported__module__26304__1["gsap"].registerPlugin(SplitText, ScrollTrigger);
  if (!textRef.current) return;
  // Wait for fonts to load for smoother animation
  document.fonts.ready.then(()=>{
  __TURBOPACK__imported__module__26304__1["gsap"].set(textRef.current, {
  opacity: 1
  });
  const splitInstance = new SplitText(textRef.current, {
  type: "lines,words",
  linesClass: "line"
  });
  // Animate each line
  animationRef.current = __TURBOPACK__imported__module__26304__1["gsap"].from(splitInstance.lines, {
  duration: 1.2,
  yPercent: 120,
  opacity: 0,
  stagger: 0.25,
  ease: "power3.out",
  scrollTrigger: {
  trigger: textRef.current,
  start: "top 80%",
  toggleActions: "play none none none"
  }
  });
  });
  };
  loadGSAP();
  }, []);
  // Optional: replay animation
  const handleReplay = ()=>{
  if (animationRef.current) {
  animationRef.current.timeScale(0.3).restart();
  }
  };
  return /*#__PURE__*/ (0, __TURBOPACK__imported__module__87924__5["jsx"])("section", {
  className: "relative w-full bg-[#0f0f0f] overflow-hidden font-sans text-white",
  children: /*#__PURE__*/ (0, __TURBOPACK__imported__module__87924__5["jsxs"])("div", {
  className: "relative max-w-[1440px] mx-auto px-[20px] md:px-[80px] py-[50px] md:py-[100px]",
  children: [
  /*#__PURE__*/ (0, __TURBOPACK__imported__module__87924__5["jsxs"])("div", {
  className: "flex flex-col md:flex-row gap-10",
  children: [
  /*#__PURE__*/ (0, __TURBOPACK__imported__module__87924__5["jsx"])("div", {
  className: "sm:flex-1",
  children: /*#__PURE__*/ (0, __TURBOPACK__imported__module__87924__5["jsx"])("h1", {
  className: "big-shoulders text-[#F0EBE6] font-bold mb-4 sm:mb-5 md:mb-6 leading-tight tracking-[0.02em] text-[48px] lg:text-[64px] xl:text-[87px]",
  children: "About"
  })
  }),
  /*#__PURE__*/ (0, __TURBOPACK__imported__module__87924__5["jsx"])("div", {
  className: "sm:flex-1",
  children: /*#__PURE__*/ (0, __TURBOPACK__imported__module__87924__5["jsx"])("p", {
  ref: textRef,
  className: "geist text-justify sm:text-end text-[13px] sm:text-[14px] md:text-[16px] lg:text-[16px] xl:text-[16px] text-[#F5F5F5] max-w-full sm:max-w-[400px] md:max-w-[600px] lg:max-w-[700px] leading-relaxed sm:leading-relaxed md:leading-relaxed lg:leading-relaxed opacity-0",
  children: "Saman Maharjan was born and raised in Kathmandu, Nepal, where he began learning magic at the age of eleven. Saman’s unique and artistic style has dazzled audiences everywhere from small private parties to large theatrical venues, and he’ll guarantee to keep you on the edge of your seat."
  })
  })
  ]
  }),
  /*#__PURE__*/ (0, __TURBOPACK__imported__module__87924__5["jsx"])("div", {
  className: "mt-16 flex justify-center rounded-[20px] overflow-hidden",
  children: /*#__PURE__*/ (0, __TURBOPACK__imported__module__87924__5["jsx"])("video", {
  src: "/assets/img/bannervideo.mp4",
  autoPlay: true,
  loop: true,
  muted: true,
  playsInline: true,
  className: "w-full h-[480px] rounded-xl shadow-lg object-cover",
  children: "Your browser does not support the video tag."
  })
  })
  ]
  })
  });
  };
  const __TURBOPACK__default__export__7 = About;
  var __TURBOPACK__imported__module__87924__6 = __TURBOPACK__imported__module__87924__;
  var __TURBOPACK__imported__module__72131__7 = __TURBOPACK__imported__module__72131__;
  var __TURBOPACK__imported__module__26304__2 = __TURBOPACK__imported__module__26304__;
  ;
  const __iconNode5 = [
  [
  "path",
  {
  d: "M7 7h10v10",
  key: "1tivn9"
  }
  ],
  [
  "path",
  {
  d: "M7 17 17 7",
  key: "1vkiza"
  }
  ]
  ];
  const ArrowUpRight = createLucideIcon("arrow-up-right", __iconNode5);
  ;
  var __TURBOPACK__imported__module__38246__1 = __TURBOPACK__imported__module__38246__;
  var __TURBOPACK__imported__module__71987__3 = __TURBOPACK__imported__module__71987__;
  var __TURBOPACK__imported__module__89407__ = __turbopack_context__.i(89407);
  ;
  const __TURBOPACK__default__export__8 = {
  src: __TURBOPACK__imported__module__89407__["default"],
  width: 373,
  height: 373,
  blurWidth: 8,
  blurHeight: 8,
  blurDataURL: "data:image/png;base64,iVBORw0KGgoAAAANSUhEUgAAAAgAAAAICAYAAADED76LAAABE0lEQVR42gEIAff+AMbZ1v/J3Nj/ydvY/8PV0v+bqab/mqik/8XU0v/F09L8AM7d3P/P3t7/0N7e/665uP9yYVT/f21f/8LMyf/J1tb8ANLf4P/V4eH/1eLi/8zV1P+okID/qolx/7+/uP/K19b8ANPh4v/W4uP/09vZ/9Da2v+7rqL/j2tW/3VmXP+PjYn8ANPh4v/P1tX/uaWZ/5mPif+dhHX/Y01C/0o6Nf9WR0L8AMbPyv+/vrX/ln5x/1dHQP9nWFH/TUM//1RCO/9WRDz8AKKmmv+EbVH/Py4n/zotKf8xLjD/Miwr/0k6M/9MPTb8AH2Pgvx8YkH8YUQq/Ec0J/waICb8IiQp/DEoJvwvJB/568qpwFmna+8AAAAASUVORK5CYII="
  };
  var __TURBOPACK__imported__module__30466__ = __turbopack_context__.i(30466);
  ;
  const __TURBOPACK__default__export__9 = {
  src: __TURBOPACK__imported__module__30466__["default"],
  width: 396,
  height: 396,
  blurWidth: 8,
  blurHeight: 8,
  blurDataURL: "data:image/png;base64,iVBORw0KGgoAAAANSUhEUgAAAAgAAAAICAYAAADED76LAAABCUlEQVR42h2PXUvCYBzFdz0XFV3IIilCKDCCIKKg6KL6AkF05V1XQYEW5ZW9sWfZs6ZJpmIut7JaITVYaLFevlf8OT7u4lydH7/DkdzSGbyaji/HwE/TRPBg4tPh8C0db9VTklpVHW3bwOv1Eazzffw+F/H9VBDQJfw6I+n9liNo5mGmk8hsroamv5cSgscrtBsXJHmWAZtnkNpYwfpCAhVtLyyD+zw6NiepYWaxODuNoYF+DIpMxseg7Sbh6il0egZ2uI21pTmMqFH0KQpiwyqm4qMoZnfEhDC4ZQancIzExDiUSCSET9JbaFWYeJITwI1GZXZAMTVKsizT8vwM+fUcfdxx8mrsvwuLtpoQnRpyKAAAAABJRU5ErkJggg=="
  };
  var __TURBOPACK__imported__module__19635__ = __turbopack_context__.i(19635);
  ;
  const __TURBOPACK__default__export__10 = {
  src: __TURBOPACK__imported__module__19635__["default"],
  width: 387,
  height: 483,
  blurWidth: 6,
  blurHeight: 8,
  blurDataURL: "data:image/png;base64,iVBORw0KGgoAAAANSUhEUgAAAAYAAAAICAYAAADaxo44AAAA00lEQVR42gHIADf/ANSRDf/Egwf/xoUG/9uaCv/lpRP/1pcW/QCqeSz/WjsW/76PLf/mukD/4rxM/9GfP/0Ac1lC/z0oK/+diXP/nZqR/5WPif+aeVX9ACQQE/8xICX/joF1/5aHdv+Jdmf/gFs7/QAeBgn/GwkR/29jX/+lnoz/XFRS/zQpLf0AHgkL/00wJ/+CYEz/pJuO/3ttZv9LODb9ADwrLf+MeXL/glxK/6Sfof+fj4b/moBw/QBKNTH+h25h/oZTNP6hhHL+dGNf/n1lWPsQamnw+/dXiQAAAABJRU5ErkJggg=="
  };
  "use client";
  ;
  ;
  ;
  ;
  ;
  ;
  ;
  ;
  ;
  ;
  // Add more if needed
  const HoverFollowImages = ()=>{
  const containerRefs = (0, __TURBOPACK__imported__module__72131__7["useRef"])([]);
  (0, __TURBOPACK__imported__module__72131__7["useEffect"])(()=>{
  __TURBOPACK__imported__module__26304__2["default"].set(".swipeimage", {
  xPercent: -50,
  yPercent: -50
  });
  containerRefs.current.forEach((el)=>{
  const wrapper = el.querySelector(".swipeimage");
  if (!wrapper) return;
  const setX = __TURBOPACK__imported__module__26304__2["default"].quickTo(wrapper, "x", {
  duration: 0.4,
  ease: "power3"
  });
  const setY = __TURBOPACK__imported__module__26304__2["default"].quickTo(wrapper, "y", {
  duration: 0.4,
  ease: "power3"
  });
  const move = (e)=>{
  setX(e.clientX);
  setY(e.clientY);
  };
  const show = ()=>{
  document.addEventListener("mousemove", move);
  __TURBOPACK__imported__module__26304__2["default"].to(wrapper, {
  autoAlpha: 1,
  visibility: "visible",
  duration: 0.25
  });
  };
  const hide = ()=>{
  document.removeEventListener("mousemove", move);
  __TURBOPACK__imported__module__26304__2["default"].to(wrapper, {
  autoAlpha: 0,
  visibility: "hidden",
  duration: 0.2
  });
  };
  el.addEventListener("mouseenter", show);
  el.addEventListener("mouseleave", hide);
  });
  }, []);
  const items = [
  {
  id: "01",
  title: "Corporate Shows",
  images: [
  __TURBOPACK__default__export__3,
  __TURBOPACK__default__export__8,
  __TURBOPACK__default__export__9
  ],
  desc: "One Man Wonder Show is a high-impact entertainment experience designed especially for professional events and business gatherings."
  },
  {
  id: "02",
  title: "Closeup Magic",
  images: [
  __TURBOPACK__default__export__8,
  __TURBOPACK__default__export__9,
  __TURBOPACK__default__export__10
  ],
  desc: "An interactive 2-hour close-up magic show with full entertainment and a powerful surprise twist."
  },
  {
  id: "03",
  title: "Private Parties",
  images: [
  __TURBOPACK__default__export__3,
  __TURBOPACK__default__export__10
  ],
  desc: "A 1-hour One Man Wonder Show with close-up and stage magic, full entertainment, and a surprise twist."
  },
  {
  id: "04",
  title: "Special Events",
  images: [
  __TURBOPACK__default__export__8,
  __TURBOPACK__default__export__9
  ],
  desc: "A 2-hour One Man Wonder Show featuring close-up and stage magic, full entertainment, and a powerful plot twist."
  }
  ];
  return /*#__PURE__*/ (0, __TURBOPACK__imported__module__87924__6["jsxs"])("div", {
  className: "max-w-[1440px] mx-auto px-[20px] md:px-[80px] py-[50px] md:py-[100px]",
  children: [
  /*#__PURE__*/ (0, __TURBOPACK__imported__module__87924__6["jsxs"])("div", {
  className: "text-center mb-16",
  children: [
  /*#__PURE__*/ (0, __TURBOPACK__imported__module__87924__6["jsx"])("h1", {
  className: "big-shoulders font-bold text-[48px] lg:text-[64px] xl:text-[87px] text-[#F0EBE6]",
  children: "What I Do"
  }),
  /*#__PURE__*/ (0, __TURBOPACK__imported__module__87924__6["jsx"])("p", {
  className: "mt-4 mx-auto text-sm sm:text-base md:text-lg lg:text-xl max-w-xl sm:max-w-2xl leading-relaxed text-[#F0EBE6] opacity-80",
  children: "Saman’s unique and artistic style has dazzled audiences everywhere from small private parties to large theatrical venues, and he’ll guarantee to keep you on the edge of your seat."
  })
  ]
  }),
  /*#__PURE__*/ (0, __TURBOPACK__imported__module__87924__6["jsx"])("ul", {
  className: "list-none m-0 p-0 space-y-12",
  children: items.map((item, index)=>/*#__PURE__*/ (0, __TURBOPACK__imported__module__87924__6["jsxs"])("li", {
  className: "relative border-b border-gray-700 pb-8 sm:pb-12 cursor-pointer",
  ref: (el)=>el && (containerRefs.current[index] = el),
  children: [
  /*#__PURE__*/ (0, __TURBOPACK__imported__module__87924__6["jsx"])("div", {
  className: "swipeimage fixed top-0 left-0 flex gap-3 pointer-events-none z-50 opacity-0 invisible transform -translate-x-1/2 -translate-y-1/2",
  children: item.images.map((imgSrc, i)=>/*#__PURE__*/ (0, __TURBOPACK__imported__module__87924__6["jsx"])(__TURBOPACK__imported__module__71987__3["default"], {
  src: imgSrc,
  alt: `hover-${i}`,
  width: 180,
  height: 180,
  className: "object-cover rounded-lg shadow-lg"
  }, i))
  }),
  /*#__PURE__*/ (0, __TURBOPACK__imported__module__87924__6["jsxs"])("div", {
  className: "flex flex-col md:flex-row md:justify-between md:items-center gap-6 md:gap-12",
  children: [
  /*#__PURE__*/ (0, __TURBOPACK__imported__module__87924__6["jsxs"])("div", {
  children: [
  /*#__PURE__*/ (0, __TURBOPACK__imported__module__87924__6["jsx"])("span", {
  className: "big-shoulders text-lg sm:text-xl font-bold text-[#F0EBE6]",
  children: item.id
  }),
  /*#__PURE__*/ (0, __TURBOPACK__imported__module__87924__6["jsx"])("h2", {
  className: "text-2xl sm:text-3xl md:text-4xl lg:text-5xl big-shoulders font-bold text-[#F0EBE6] mt-2",
  children: item.title
  })
  ]
  }),
  /*#__PURE__*/ (0, __TURBOPACK__imported__module__87924__6["jsxs"])("div", {
  className: "flex flex-col sm:flex-row sm:items-center justify-between gap-4 md:gap-8",
  children: [
  /*#__PURE__*/ (0, __TURBOPACK__imported__module__87924__6["jsx"])("p", {
  className: "text-sm sm:text-base md:text-lg text-[#F0EBE6] opacity-90 max-w-md",
  children: item.desc
  }),
  /*#__PURE__*/ (0, __TURBOPACK__imported__module__87924__6["jsx"])(__TURBOPACK__imported__module__38246__1["default"], {
  href: "#",
  className: "mt-2 sm:mt-0",
  children: /*#__PURE__*/ (0, __TURBOPACK__imported__module__87924__6["jsx"])(ArrowUpRight, {
  size: 30,
  className: "text-[#F0EBE6]"
  })
  })
  ]
  })
  ]
  })
  ]
  }, index))
  })
  ]
  });
  };
  const __TURBOPACK__default__export__11 = HoverFollowImages;
  var __TURBOPACK__imported__module__87924__7 = __TURBOPACK__imported__module__87924__;
  var __TURBOPACK__imported__module__72131__8 = __TURBOPACK__imported__module__72131__;
  var __TURBOPACK__imported__module__71987__4 = __TURBOPACK__imported__module__71987__;
  var __TURBOPACK__imported__module__25161__ = __turbopack_context__.i(25161);
  ;
  const __TURBOPACK__default__export__12 = {
  src: __TURBOPACK__imported__module__25161__["default"],
  width: 219,
  height: 304,
  blurWidth: 6,
  blurHeight: 8,
  blurDataURL: "data:image/png;base64,iVBORw0KGgoAAAANSUhEUgAAAAYAAAAICAYAAADaxo44AAAAgElEQVR42mXJQQ6CMBCF4d7/SNxADBsXSEpkEiWxqHRoSqVY2lHGBQte8i1eftFWTeHHN7qXZp+w4EPbQnSygTjPhPmRrRtGD2IwDiglSiEwDnYCYX51PbY8s12Ybi3bhcU5RjGS7s0W8JCz6D2p6gKivj4z1Vt5V/qvQ1me6uwLjfOzgzlhrfIAAAAASUVORK5CYII="
  };
  var __TURBOPACK__imported__module__32045__ = __turbopack_context__.i(32045);
  ;
  const __TURBOPACK__default__export__13 = {
  src: __TURBOPACK__imported__module__32045__["default"],
  width: 219,
  height: 304,
  blurWidth: 6,
  blurHeight: 8,
  blurDataURL: "data:image/png;base64,iVBORw0KGgoAAAANSUhEUgAAAAYAAAAICAYAAADaxo44AAAAfUlEQVR42mWOUQuCMBSF7///Sb5XD7WCnAQzuBAIZuYttmbqZXMTBGEHPg6H7+WAvN2F+fU0TEzDyDSGbjotQFxytNb6bT7mj9CSRuecX1mE7hG+wcZx2O0XElHIIiBTsYaZfVW3qYhHTuccoXy8svqt1bMzKnbVkDpey2wG0SO0JglS6nwAAAAASUVORK5CYII="
  };
  var __TURBOPACK__imported__module__45503__ = __turbopack_context__.i(45503);
  ;
  const __TURBOPACK__default__export__14 = {
  src: __TURBOPACK__imported__module__45503__["default"],
  width: 219,
  height: 304,
  blurWidth: 6,
  blurHeight: 8,
  blurDataURL: "data:image/png;base64,iVBORw0KGgoAAAANSUhEUgAAAAYAAAAICAYAAADaxo44AAAAjUlEQVR42oXNSwrCMBSF4ex/KDhRdCS4h25BIvVVoUEv0VgwlLwaURPSq8SZkx74RmfwE1Ex2tJSd809U7tKy9ZScqNb4NM5uv0hE4slauuBGPuAPgTsU/qJEU33BGL9C/Bvw0d0DtM7ZMEYVFJ9G8YDn8zQrsvsPBqjWJVAGJfFlfG6ETK7HE91tWHFBw29r9FqTwYoAAAAAElFTkSuQmCC"
  };
  var __TURBOPACK__imported__module__38711__ = __turbopack_context__.i(38711);
  ;
  const __TURBOPACK__default__export__15 = {
  src: __TURBOPACK__imported__module__38711__["default"],
  width: 219,
  height: 304,
  blurWidth: 6,
  blurHeight: 8,
  blurDataURL: "data:image/png;base64,iVBORw0KGgoAAAANSUhEUgAAAAYAAAAICAYAAADaxo44AAAAeklEQVR42mWJCwqDMBAF9/5HsvQIttCWFiJlwf4jTSLRxE/MagRFyINheAw8b/e0qa1seyfbzsluMhc6hffxgs5Y2k5VDYIqayTvaSUEbRHKqYZT7PYzUTD5YyYKy/wwkOAiDs4Yeh3OCFleJN+/Zj9RseAPV+x6ypIRP0u1Ql6cbccAAAAASUVORK5CYII="
  };
  var __TURBOPACK__imported__module__15599__ = __turbopack_context__.i(15599);
  ;
  const __TURBOPACK__default__export__16 = {
  src: __TURBOPACK__imported__module__15599__["default"],
  width: 219,
  height: 304,
  blurWidth: 6,
  blurHeight: 8,
  blurDataURL: "data:image/png;base64,iVBORw0KGgoAAAANSUhEUgAAAAYAAAAICAYAAADaxo44AAAAlklEQVR42lXNzQ6CMBAE4L7/EfVEfBHuCpq0xAQSC8qqGECRH9MCppeV7sU4yTeXOQw7RJJLmXZN25Msu3TPVnEW7AUsHQcF52TtuvjqFDBb4zCgMYZM44i9moC99Qdwjr/ZEpu/IY7iWfQbbD2qCrXWpCgKvJc1sKZXYA9DIcjKWaC/E8DSW+2drmWSVy2R5zwJwqP3BeR/qnL7LpNgAAAAAElFTkSuQmCC"
  };
  var __TURBOPACK__imported__module__63912__ = __turbopack_context__.i(63912);
  ;
  const __TURBOPACK__default__export__17 = {
  src: __TURBOPACK__imported__module__63912__["default"],
  width: 219,
  height: 304,
  blurWidth: 6,
  blurHeight: 8,
  blurDataURL: "data:image/png;base64,iVBORw0KGgoAAAANSUhEUgAAAAYAAAAICAYAAADaxo44AAAAk0lEQVR42lXMSw6CMBSF4e5/L4aY+EjYA3GEjxq9CkJ5GFootVLBa1tHnOQb/ckhaUyj7p7yV9dz3Une5wWvGhmR8ngBFixRwc0r11sUUgMRrYJpGPA7jt5kzD+0/RvQTu4Pntss6PThzcJHtOjuHMM5Nk9hg63laoPqCh5bBMhiCuSc1GGe1bSoBGVWlhQ03p3CH38GsON88y+/AAAAAElFTkSuQmCC"
  };
  var __TURBOPACK__imported__module__38283__ = __turbopack_context__.i(38283);
  ;
  const __TURBOPACK__default__export__18 = {
  src: __TURBOPACK__imported__module__38283__["default"],
  width: 219,
  height: 304,
  blurWidth: 6,
  blurHeight: 8,
  blurDataURL: "data:image/png;base64,iVBORw0KGgoAAAANSUhEUgAAAAYAAAAICAYAAADaxo44AAAA00lEQVR42gHIADf/AMzP1M3l5ujv6efh7+Hf3+/t7vDv6OzxzQDDxcnfnp2d/7WefP+nmJP/0MzO/+bp7N8A4uTo38S6tP+cgXj/k3FO/6qQgf/k5ObfAOPg4t+3moP/jXFm/3dKNv+pd1//4t7f3wDj3+HfpHBY/3VEK/+Qc2r/uaCL/+Pg498A5ebo37GgmP+dgmf/oop9/7u1sv/c3uLfAOjr7t/X1db/rZ6Z/7+qif+sq6r/wcPH3wDa4eq64uft2t7j6Nrh5eja3uLo2sbM1rpacpU8rIDSmQAAAABJRU5ErkJggg=="
  };
  var __TURBOPACK__imported__module__5029__ = __turbopack_context__.i(5029);
  ;
  const __TURBOPACK__default__export__19 = {
  src: __TURBOPACK__imported__module__5029__["default"],
  width: 219,
  height: 304,
  blurWidth: 6,
  blurHeight: 8,
  blurDataURL: "data:image/png;base64,iVBORw0KGgoAAAANSUhEUgAAAAYAAAAICAYAAADaxo44AAAA00lEQVR42gHIADf/AODP1M3r5efv7Ozu7+Ph3+/t6+fv6OzxzQDcwsbf1aKi/8Kys/+pl4z/y7qe/+fq7t8A5OXp37utqv+QdWT/jHRe/6aXhf/k5ujfANvd4N91a2X/jW97/4Bpdv+Uior/3uDj3wDh4+bfmpCO/3tjaP+LbHL/eG1m/9ve4d8A5ejq36yciP+Zgm3/moJy/8u1s//j4OTfAOns8N/TxKn/r5+U/8zAwv/Xqqr/28DF3wDa4eq64ubr2t/j6Nrh5uza4eLo2tTM1rqsXJYGD+PyVQAAAABJRU5ErkJggg=="
  };
  var __TURBOPACK__imported__module__79982__ = __turbopack_context__.i(79982);
  ;
  const __TURBOPACK__default__export__20 = {
  src: __TURBOPACK__imported__module__79982__["default"],
  width: 219,
  height: 304,
  blurWidth: 6,
  blurHeight: 8,
  blurDataURL: "data:image/png;base64,iVBORw0KGgoAAAANSUhEUgAAAAYAAAAICAYAAADaxo44AAAAeklEQVR42mWOWwqDMBRE7/6X5BZqSit9YCxcKJT6IEZJ5PpKogkIQgYOw3B+Bh7vD9MDyWlZ5TSvct67bhWDW/ZCInLndHpEEJ1Ga607CEIRQr9bP1iaBiLB8zwQiSPGGPevRCz8kev9iVB8m6QUilet5r5/teSXrEg2+FC0iYnHseIAAAAASUVORK5CYII="
  };
  var __TURBOPACK__imported__module__42637__ = __turbopack_context__.i(42637);
  ;
  const __TURBOPACK__default__export__21 = {
  src: __TURBOPACK__imported__module__42637__["default"],
  width: 219,
  height: 304,
  blurWidth: 6,
  blurHeight: 8,
  blurDataURL: "data:image/png;base64,iVBORw0KGgoAAAANSUhEUgAAAAYAAAAICAYAAADaxo44AAAAdElEQVR42mXJWwqAIBQE0Lv/JbWHfvowUuJCBb3IBxZqZfb4iMKBYRgONHmZ2sUIt+3CrbtYrx24TqEvSvTOhW/kbBGkWjAcxx+0QVCX3keT/GkEpm6eRvDG+8AnFYO3NnSEIbBqTLpJ057P9N52kJRkLDkBkCe2Aav41hsAAAAASUVORK5CYII="
  };
  var __TURBOPACK__imported__module__48187__ = __turbopack_context__.i(48187);
  ;
  const __TURBOPACK__default__export__22 = {
  src: __TURBOPACK__imported__module__48187__["default"],
  width: 219,
  height: 304,
  blurWidth: 6,
  blurHeight: 8,
  blurDataURL: "data:image/png;base64,iVBORw0KGgoAAAANSUhEUgAAAAYAAAAICAYAAADaxo44AAAAi0lEQVR42oXMSw6CMBSF4e5/L4aY+EjYAxMHREG8SITyMPQtUlOvpc6ceJJv9CeH3I5FIsuKPaRmk1RMNy3rR5WQ7lQAjdZooAy67R65moBwYcDNM76dC5y13yD0E/Bn/8OLC1zuFpYxHO/cB1+7zQ7NBQK6irBNcyB5NcRNPWRtzzPq1VeapYdz/AEDM7ItpqZojAAAAABJRU5ErkJggg=="
  };
  "use client";
  ;
  ;
  ;
  ;
  ;
  ;
  ;
  ;
  ;
  ;
  ;
  ;
  ;
  ;
  const CARDS = [
  {
  img: __TURBOPACK__default__export__12
  },
  {
  img: __TURBOPACK__default__export__13
  },
  {
  img: __TURBOPACK__default__export__14
  },
  {
  img: __TURBOPACK__default__export__15
  },
  {
  img: __TURBOPACK__default__export__16
  },
  {
  img: __TURBOPACK__default__export__17
  },
  {
  img: __TURBOPACK__default__export__18
  },
  {
  img: __TURBOPACK__default__export__19
  },
  {
  img: __TURBOPACK__default__export__20
  },
  {
  img: __TURBOPACK__default__export__21
  },
  {
  img: __TURBOPACK__default__export__22
  }
  ];
  const FAN_DEG = 100;
  const N = CARDS.length;
  const fanAngles = CARDS.map((_, i)=>-FAN_DEG / 2 + i / (N - 1) * FAN_DEG);
  function ease(t) {
  return t < 0.5 ? 4 * t * t * t : 1 - Math.pow(-2 * t + 2, 3) / 2;
  }
  function CardFanSection() {
  const outerRef = (0, __TURBOPACK__imported__module__72131__8["useRef"])(null);
  const wrapsRef = (0, __TURBOPACK__imported__module__72131__8["useRef"])([]);
  const tarotRef = (0, __TURBOPACK__imported__module__72131__8["useRef"])(null);
  const curAngleRef = (0, __TURBOPACK__imported__module__72131__8["useRef"])(new Array(N).fill(0));
  const curYRef = (0, __TURBOPACK__imported__module__72131__8["useRef"])(new Array(N).fill(0));
  const rafRef = (0, __TURBOPACK__imported__module__72131__8["useRef"])(0);
  const scrollPRef = (0, __TURBOPACK__imported__module__72131__8["useRef"])(0);
  (0, __TURBOPACK__imported__module__72131__8["useEffect"])(()=>{
  const tick = ()=>{
  const outer = outerRef.current;
  if (!outer) return;
  const rect = outer.getBoundingClientRect();
  if (!rect) return;
  const viewportMid = window.innerHeight / 2;
  const elMid = rect.top + rect.height / 2;
  const distanceToCenter = Math.abs(viewportMid - elMid);
  const threshold = window.innerHeight * 0.7;
  let raw = 0;
  if (distanceToCenter < threshold) {
  raw = 1 - distanceToCenter / threshold;
  }
  raw = Math.min(1, raw * 1.5);
  scrollPRef.current += (raw - scrollPRef.current) * 0.09;
  const sc = scrollPRef.current;
  wrapsRef.current.forEach((wrap, i)=>{
  if (!wrap) return;
  const isCenter = i === Math.floor(N / 2);
  const moveX = sc * 440;
  const angle = fanAngles[i] * ease(sc);
  curAngleRef.current[i] += (angle - curAngleRef.current[i]) * 0.04;
  const arc = -50 * Math.sin(ease(sc) * Math.PI);
  curYRef.current[i] += (arc - curYRef.current[i]) * 0.04;
  wrap.style.transform = `
          translateX(${moveX}px)
          rotateZ(${curAngleRef.current[i]}deg)
          translateY(${curYRef.current[i]}px)
        `;
  wrap.style.opacity = isCenter ? "1" : String(Math.min(1, sc * 1.5));
  });
  if (tarotRef.current) {
  tarotRef.current.style.opacity = Math.max(0, (sc - 0.6) * 2.5).toString();
  }
  rafRef.current = requestAnimationFrame(tick);
  };
  tick();
  return ()=>cancelAnimationFrame(rafRef.current);
  }, []);
  return /*#__PURE__*/ (0, __TURBOPACK__imported__module__87924__7["jsxs"])(__TURBOPACK__imported__module__87924__7["Fragment"], {
  children: [
  /*#__PURE__*/ (0, __TURBOPACK__imported__module__87924__7["jsx"])("style", {
  children: `
          @keyframes hint-bob {
            50% { transform: translateX(-50%) translateY(6px); }
          }
        `
  }),
  /*#__PURE__*/ (0, __TURBOPACK__imported__module__87924__7["jsx"])("div", {
  ref: outerRef,
  className: "relative w-full overflow-hidden flex items-center justify-center",
  style: {
  height: "85svh",
  background: "#0d0500",
  perspective: "900px"
  },
  children: /*#__PURE__*/ (0, __TURBOPACK__imported__module__87924__7["jsxs"])("div", {
  className: "relative",
  style: {
  width: 1000,
  height: 400
  },
  children: [
  /*#__PURE__*/ (0, __TURBOPACK__imported__module__87924__7["jsx"])("div", {
  className: "",
  children: CARDS.map((card, i)=>/*#__PURE__*/ (0, __TURBOPACK__imported__module__87924__7["jsx"])("div", {
  ref: (el)=>{
  if (el) wrapsRef.current[i] = el;
  },
  className: "absolute cursor-pointer",
  style: {
  width: 250,
  height: 350,
  bottom: 0,
  left: 200,
  transformOrigin: "center bottom",
  opacity: 0
  },
  children: /*#__PURE__*/ (0, __TURBOPACK__imported__module__87924__7["jsx"])("div", {
  className: "w-full h-full rounded-2xl overflow-hidden relative",
  style: {
  },
  children: typeof card.img === "string" ? /*#__PURE__*/ (0, __TURBOPACK__imported__module__87924__7["jsx"])("img", {
  src: card.img,
  alt: `Card ${i + 1}`,
  className: "w-full h-full object-cover rounded-2xl"
  }) : /*#__PURE__*/ (0, __TURBOPACK__imported__module__87924__7["jsx"])(__TURBOPACK__imported__module__71987__4["default"], {
  src: card.img,
  alt: `Card ${i + 1}`,
  fill: true,
  sizes: "250px",
  className: "object-cover rounded-2xl",
  priority: i === 0
  })
  })
  }, i))
  }),
  /*#__PURE__*/ (0, __TURBOPACK__imported__module__87924__7["jsxs"])("div", {
  ref: tarotRef,
  className: "absolute text-white pointer-events-none max-w-[500px]",
  style: {
  left: -90,
  top: "50%",
  transform: "translateY(-50%)",
  fontSize: 18,
  lineHeight: 1.5,
  opacity: 0,
  transition: "opacity 0.6s ease"
  },
  children: [
  /*#__PURE__*/ (0, __TURBOPACK__imported__module__87924__7["jsx"])("h2", {
  className: "big-shoulders text-[#F0EBE6] font-bold mb-4 sm:mb-5 md:mb-6 leading-tight tracking-[0.02em] text-[48px] lg:text-[64px] xl:text-[87px]",
  children: "The Journey Ahead"
  }),
  /*#__PURE__*/ (0, __TURBOPACK__imported__module__87924__7["jsx"])("p", {
  className: "geist text-[13px] sm:text-[14px] md:text-[16px] lg:text-[16px] xl:text-[16px] leading-relaxed sm:leading-relaxed md:leading-relaxed lg:leading-relaxed px-[15px]",
  children: "The cards reveal hidden truths. Courage and wisdom guide you. Trust your instincts, embrace change, and let your inner light illuminate the path ahead. Challenges may arise, but clarity and insight will lead you to fulfillment."
  })
  ]
  })
  ]
  })
  })
  ]
  });
  }
  var __TURBOPACK__imported__module__87924__8 = __TURBOPACK__imported__module__87924__;
  var __TURBOPACK__imported__module__72131__9 = __TURBOPACK__imported__module__72131__;
  /**
   * Generate a list of every possible transform key.
   */ const transformPropOrder = [
  "transformPerspective",
  "x",
  "y",
  "z",
  "translateX",
  "translateY",
  "translateZ",
  "scale",
  "scaleX",
  "scaleY",
  "rotate",
  "rotateX",
  "rotateY",
  "rotateZ",
  "skew",
  "skewX",
  "skewY"
  ];
  /**
   * A quick lookup for transform props.
   */ const transformProps = /*@__PURE__*/ (()=>new Set(transformPropOrder))();
  ;
  const clamp = (min, max, v)=>{
  if (v > max) return max;
  if (v < min) return min;
  return v;
  };
  ;
  ;
  const number = {
  test: (v)=>typeof v === "number",
  parse: parseFloat,
  transform: (v)=>v
  };
  const alpha = {
  ...number,
  transform: (v)=>clamp(0, 1, v)
  };
  const scale = {
  ...number,
  default: 1
  };
  ;
  // If this number is a decimal, make it just five decimal places
  // to avoid exponents
  const sanitize = (v)=>Math.round(v * 100000) / 100000;
  ;
  const floatRegex = /-?(?:\d+(?:\.\d+)?|\.\d+)/gu;
  ;
  function isNullish(v) {
  return v == null;
  }
  ;
  const singleColorRegex = /^(?:#[\da-f]{3,8}|(?:rgb|hsl)a?\((?:-?[\d.]+%?[,\s]+){2}-?[\d.]+%?\s*(?:[,/]\s*)?(?:\b\d+(?:\.\d+)?|\.\d+)?%?\))$/iu;
  ;
  ;
  ;
  ;
  /**
   * Returns true if the provided string is a color, ie rgba(0,0,0,0) or #000,
   * but false if a number or multiple colors
   */ const isColorString = (type, testProp)=>(v)=>{
  return Boolean(typeof v === "string" && singleColorRegex.test(v) && v.startsWith(type) || testProp && !isNullish(v) && Object.prototype.hasOwnProperty.call(v, testProp));
  };
  const splitColor = (aName, bName, cName)=>(v)=>{
  if (typeof v !== "string") return v;
  const [a, b, c, alpha] = v.match(floatRegex);
  return {
  [aName]: parseFloat(a),
  [bName]: parseFloat(b),
  [cName]: parseFloat(c),
  alpha: alpha !== undefined ? parseFloat(alpha) : 1
  };
  };
  ;
  ;
  ;
  ;
  ;
  const clampRgbUnit = (v)=>clamp(0, 255, v);
  const rgbUnit = {
  ...number,
  transform: (v)=>Math.round(clampRgbUnit(v))
  };
  const rgba = {
  test: /*@__PURE__*/ isColorString("rgb", "red"),
  parse: /*@__PURE__*/ splitColor("red", "green", "blue"),
  transform: ({ red, green, blue, alpha: alpha$1 = 1 })=>"rgba(" + rgbUnit.transform(red) + ", " + rgbUnit.transform(green) + ", " + rgbUnit.transform(blue) + ", " + sanitize(alpha.transform(alpha$1)) + ")"
  };
  ;
  ;
  ;
  function parseHex(v) {
  let r = "";
  let g = "";
  let b = "";
  let a = "";
  // If we have 6 characters, ie #FF0000
  if (v.length > 5) {
  r = v.substring(1, 3);
  g = v.substring(3, 5);
  b = v.substring(5, 7);
  a = v.substring(7, 9);
  // Or we have 3 characters, ie #F00
  } else {
  r = v.substring(1, 2);
  g = v.substring(2, 3);
  b = v.substring(3, 4);
  a = v.substring(4, 5);
  r += r;
  g += g;
  b += b;
  a += a;
  }
  return {
  red: parseInt(r, 16),
  green: parseInt(g, 16),
  blue: parseInt(b, 16),
  alpha: a ? parseInt(a, 16) / 255 : 1
  };
  }
  const hex = {
  test: /*@__PURE__*/ isColorString("#"),
  parse: parseHex,
  transform: rgba.transform
  };
  ;
  /*#__NO_SIDE_EFFECTS__*/ const createUnitType = (unit)=>({
  test: (v)=>typeof v === "string" && v.endsWith(unit) && v.split(" ").length === 1,
  parse: parseFloat,
  transform: (v)=>`${v}${unit}`
  });
  const degrees = /*@__PURE__*/ createUnitType("deg");
  const percent = /*@__PURE__*/ createUnitType("%");
  const px = /*@__PURE__*/ createUnitType("px");
  const vh = /*@__PURE__*/ createUnitType("vh");
  const vw = /*@__PURE__*/ createUnitType("vw");
  const progressPercentage = /*@__PURE__*/ (()=>({
  ...percent,
  parse: (v)=>percent.parse(v) / 100,
  transform: (v)=>percent.transform(v * 100)
  }))();
  ;
  ;
  ;
  ;
  ;
  const hsla = {
  test: /*@__PURE__*/ isColorString("hsl", "hue"),
  parse: /*@__PURE__*/ splitColor("hue", "saturation", "lightness"),
  transform: ({ hue, saturation, lightness, alpha: alpha$1 = 1 })=>{
  return "hsla(" + Math.round(hue) + ", " + percent.transform(sanitize(saturation)) + ", " + percent.transform(sanitize(lightness)) + ", " + sanitize(alpha.transform(alpha$1)) + ")";
  }
  };
  ;
  ;
  ;
  ;
  const color = {
  test: (v)=>rgba.test(v) || hex.test(v) || hsla.test(v),
  parse: (v)=>{
  if (rgba.test(v)) {
  return rgba.parse(v);
  } else if (hsla.test(v)) {
  return hsla.parse(v);
  } else {
  return hex.parse(v);
  }
  },
  transform: (v)=>{
  return typeof v === "string" ? v : v.hasOwnProperty("red") ? rgba.transform(v) : hsla.transform(v);
  },
  getAnimatableNone: (v)=>{
  const parsed = color.parse(v);
  parsed.alpha = 0;
  return color.transform(parsed);
  }
  };
  ;
  const colorRegex = /(?:#[\da-f]{3,8}|(?:rgb|hsl)a?\((?:-?[\d.]+%?[,\s]+){2}-?[\d.]+%?\s*(?:[,/]\s*)?(?:\b\d+(?:\.\d+)?|\.\d+)?%?\))/giu;
  ;
  ;
  ;
  ;
  ;
  function test(v) {
  return isNaN(v) && typeof v === "string" && (v.match(floatRegex)?.length || 0) + (v.match(colorRegex)?.length || 0) > 0;
  }
  const NUMBER_TOKEN = "number";
  const COLOR_TOKEN = "color";
  const VAR_TOKEN = "var";
  const VAR_FUNCTION_TOKEN = "var(";
  const SPLIT_TOKEN = "${}";
  // this regex consists of the `singleCssVariableRegex|rgbHSLValueRegex|digitRegex`
  const complexRegex = /var\s*\(\s*--(?:[\w-]+\s*|[\w-]+\s*,(?:\s*[^)(\s]|\s*\((?:[^)(]|\([^)(]*\))*\))+\s*)\)|#[\da-f]{3,8}|(?:rgb|hsl)a?\((?:-?[\d.]+%?[,\s]+){2}-?[\d.]+%?\s*(?:[,/]\s*)?(?:\b\d+(?:\.\d+)?|\.\d+)?%?\)|-?(?:\d+(?:\.\d+)?|\.\d+)/giu;
  function analyseComplexValue(value) {
  const originalValue = value.toString();
  const values = [];
  const indexes = {
  color: [],
  number: [],
  var: []
  };
  const types = [];
  let i = 0;
  const tokenised = originalValue.replace(complexRegex, (parsedValue)=>{
  if (color.test(parsedValue)) {
  indexes.color.push(i);
  types.push(COLOR_TOKEN);
  values.push(color.parse(parsedValue));
  } else if (parsedValue.startsWith(VAR_FUNCTION_TOKEN)) {
  indexes.var.push(i);
  types.push(VAR_TOKEN);
  values.push(parsedValue);
  } else {
  indexes.number.push(i);
  types.push(NUMBER_TOKEN);
  values.push(parseFloat(parsedValue));
  }
  ++i;
  return SPLIT_TOKEN;
  });
  const split = tokenised.split(SPLIT_TOKEN);
  return {
  values,
  split,
  indexes,
  types
  };
  }
  function parseComplexValue(v) {
  return analyseComplexValue(v).values;
  }
  function buildTransformer({ split, types }) {
  const numSections = split.length;
  return (v)=>{
  let output = "";
  for(let i = 0; i < numSections; i++){
  output += split[i];
  if (v[i] !== undefined) {
  const type = types[i];
  if (type === NUMBER_TOKEN) {
  output += sanitize(v[i]);
  } else if (type === COLOR_TOKEN) {
  output += color.transform(v[i]);
  } else {
  output += v[i];
  }
  }
  }
  return output;
  };
  }
  function createTransformer(source) {
  return buildTransformer(analyseComplexValue(source));
  }
  const convertNumbersToZero = (v)=>typeof v === "number" ? 0 : color.test(v) ? color.getAnimatableNone(v) : v;
  /**
   * Convert a parsed value to its zero equivalent, but preserve numbers
   * that act as divisors in CSS calc() expressions.
   *
   * analyseComplexValue extracts numbers from CSS strings and puts the
   * surrounding text into a `split` template array. For example:
   *   "calc(var(--gap) / 5)"  →  values: [var(--gap), 5]
   *                               split:  ["calc(", " / ", ")"]
   *
   * When building a zero-equivalent for animation, naively zeroing all
   * numbers turns the divisor into 0 → "calc(var(--gap) / 0)" → NaN.
   * We detect this by checking whether the text preceding a number
   * (split[i]) ends with "/" — the CSS calc division operator.
   */ const convertToZero = (value, splitBefore)=>{
  if (typeof value === "number") {
  return splitBefore?.trim().endsWith("/") ? value : 0;
  }
  return convertNumbersToZero(value);
  };
  function getAnimatableNone(v) {
  const info = analyseComplexValue(v);
  const transformer = buildTransformer(info);
  return transformer(info.values.map((value, i)=>convertToZero(value, info.split[i])));
  }
  const complex = {
  test,
  parse: parseComplexValue,
  createTransformer,
  getAnimatableNone
  };
  ;
  ;
  ;
  /**
   * Properties that should default to 1 or 100%
   */ const maxDefaults = new Set([
  "brightness",
  "contrast",
  "saturate",
  "opacity"
  ]);
  function applyDefaultFilter(v) {
  const [name, value] = v.slice(0, -1).split("(");
  if (name === "drop-shadow") return v;
  const [number] = value.match(floatRegex) || [];
  if (!number) return v;
  const unit = value.replace(number, "");
  let defaultValue = maxDefaults.has(name) ? 1 : 0;
  if (number !== value) defaultValue *= 100;
  return name + "(" + defaultValue + unit + ")";
  }
  const functionRegex = /\b([a-z-]*)\(.*?\)/gu;
  const filter = {
  ...complex,
  getAnimatableNone: (v)=>{
  const functions = v.match(functionRegex);
  return functions ? functions.map(applyDefaultFilter).join(" ") : v;
  }
  };
  ;
  ;
  const mask = {
  ...complex,
  getAnimatableNone: (v)=>{
  const parsed = complex.parse(v);
  const transformer = complex.createTransformer(v);
  return transformer(parsed.map((v)=>typeof v === "number" ? 0 : typeof v === "object" ? {
  ...v,
  alpha: 1
  } : v));
  }
  };
  ;
  ;
  const int = {
  ...number,
  transform: Math.round
  };
  ;
  ;
  ;
  const transformValueTypes = {
  rotate: degrees,
  rotateX: degrees,
  rotateY: degrees,
  rotateZ: degrees,
  scale: scale,
  scaleX: scale,
  scaleY: scale,
  scaleZ: scale,
  skew: degrees,
  skewX: degrees,
  skewY: degrees,
  distance: px,
  translateX: px,
  translateY: px,
  translateZ: px,
  x: px,
  y: px,
  z: px,
  perspective: px,
  transformPerspective: px,
  opacity: alpha,
  originX: progressPercentage,
  originY: progressPercentage,
  originZ: px
  };
  ;
  ;
  ;
  ;
  ;
  const numberValueTypes = {
  // Border props
  borderWidth: px,
  borderTopWidth: px,
  borderRightWidth: px,
  borderBottomWidth: px,
  borderLeftWidth: px,
  borderRadius: px,
  borderTopLeftRadius: px,
  borderTopRightRadius: px,
  borderBottomRightRadius: px,
  borderBottomLeftRadius: px,
  // Positioning props
  width: px,
  maxWidth: px,
  height: px,
  maxHeight: px,
  top: px,
  right: px,
  bottom: px,
  left: px,
  inset: px,
  insetBlock: px,
  insetBlockStart: px,
  insetBlockEnd: px,
  insetInline: px,
  insetInlineStart: px,
  insetInlineEnd: px,
  // Spacing props
  padding: px,
  paddingTop: px,
  paddingRight: px,
  paddingBottom: px,
  paddingLeft: px,
  paddingBlock: px,
  paddingBlockStart: px,
  paddingBlockEnd: px,
  paddingInline: px,
  paddingInlineStart: px,
  paddingInlineEnd: px,
  margin: px,
  marginTop: px,
  marginRight: px,
  marginBottom: px,
  marginLeft: px,
  marginBlock: px,
  marginBlockStart: px,
  marginBlockEnd: px,
  marginInline: px,
  marginInlineStart: px,
  marginInlineEnd: px,
  // Typography
  fontSize: px,
  // Misc
  backgroundPositionX: px,
  backgroundPositionY: px,
  ...transformValueTypes,
  zIndex: int,
  // SVG
  fillOpacity: alpha,
  strokeOpacity: alpha,
  numOctaves: int
  };
  ;
  ;
  ;
  ;
  ;
  /**
   * A map of default value types for common values
   */ const defaultValueTypes = {
  ...numberValueTypes,
  // Color props
  color: color,
  backgroundColor: color,
  outlineColor: color,
  fill: color,
  stroke: color,
  // Border props
  borderColor: color,
  borderTopColor: color,
  borderRightColor: color,
  borderBottomColor: color,
  borderLeftColor: color,
  filter: filter,
  WebkitFilter: filter,
  mask: mask,
  WebkitMask: mask
  };
  /**
   * Gets the default ValueType for the provided value key
   */ const getDefaultValueType = (key)=>defaultValueTypes[key];
  ;
  const createAxisDelta = ()=>({
  translate: 0,
  scale: 1,
  origin: 0,
  originPoint: 0
  });
  const createDelta = ()=>({
  x: createAxisDelta(),
  y: createAxisDelta()
  });
  const createAxis = ()=>({
  min: 0,
  max: 0
  });
  const createBox = ()=>({
  x: createAxis(),
  y: createAxis()
  });
  ;
  const isMotionValue = (value)=>Boolean(value && value.getVelocity);
  ;
  ;
  const positionalKeys = new Set([
  "width",
  "height",
  "top",
  "left",
  "right",
  "bottom",
  ...transformPropOrder
  ]);
  ;
  /**
   * ValueType for "auto"
   */ const auto = {
  test: (v)=>v === "auto",
  parse: (v)=>v
  };
  ;
  /**
   * Tests a provided value against a ValueType
   */ const testValueType = (v)=>(type)=>type.test(v);
  ;
  ;
  ;
  ;
  ;
  /**
   * A list of value types commonly used for dimensions
   */ const dimensionValueTypes = [
  number,
  px,
  percent,
  degrees,
  vw,
  vh,
  auto
  ];
  /**
   * Tests a dimensional value against the list of dimension ValueTypes
   */ const findDimensionValueType = (v)=>dimensionValueTypes.find(testValueType(v));
  ;
  function formatErrorMessage(message, errorCode) {
  return errorCode ? `${message}. For more information and steps for solving, visit https://motion.dev/troubleshooting/${errorCode}` : message;
  }
  ;
  ;
  let warning = ()=>{};
  let invariant = ()=>{};
  if (typeof process !== "undefined" && ("TURBOPACK compile-time value", "production") !== "production") {
  warning = (check, message, errorCode)=>{
  if (!check && typeof console !== "undefined") {
  console.warn(formatErrorMessage(message, errorCode));
  }
  };
  invariant = (check, message, errorCode)=>{
  if (!check) {
  throw new Error(formatErrorMessage(message, errorCode));
  }
  };
  }
  ;
  /**
   * Check if value is a numerical string, ie a string that is purely a number eg "100" or "-100.1"
   */ const isNumericalString = (v)=>/^-?(?:\d+(?:\.\d+)?|\.\d+)$/u.test(v);
  ;
  const checkStringStartsWith = (token)=>(key)=>typeof key === "string" && key.startsWith(token);
  const isCSSVariableName = /*@__PURE__*/ checkStringStartsWith("--");
  const startsAsVariableToken = /*@__PURE__*/ checkStringStartsWith("var(--");
  const isCSSVariableToken = (value)=>{
  const startsWithToken = startsAsVariableToken(value);
  if (!startsWithToken) return false;
  // Ensure any comments are stripped from the value as this can harm performance of the regex.
  return singleCssVariableRegex.test(value.split("/*")[0].trim());
  };
  const singleCssVariableRegex = /var\(--(?:[\w-]+\s*|[\w-]+\s*,(?:\s*[^)(\s]|\s*\((?:[^)(]|\([^)(]*\))*\))+\s*)\)$/iu;
  /**
   * Check if a value contains a CSS variable anywhere (e.g. inside calc()).
   * Unlike isCSSVariableToken which checks if the value IS a var() token,
   * this checks if the value CONTAINS var() somewhere in the string.
   */ function containsCSSVariable(value) {
  if (typeof value !== "string") return false;
  // Strip comments to avoid false positives
  return value.split("/*")[0].includes("var(--");
  }
  ;
  ;
  ;
  /**
   * Parse Framer's special CSS variable format into a CSS token and a fallback.
   *
   * ```
   * `var(--foo, #fff)` => [`--foo`, '#fff']
   * ```
   *
   * @param current
   */ const splitCSSVariableRegex = // eslint-disable-next-line redos-detector/no-unsafe-regex -- false positive, as it can match a lot of words
  /^var\(--(?:([\w-]+)|([\w-]+), ?([a-zA-Z\d ()%#.,-]+))\)/u;
  function parseCSSVariable(current) {
  const match = splitCSSVariableRegex.exec(current);
  if (!match) return [
  , 
  ];
  const [, token1, token2, fallback] = match;
  return [
  `--${token1 ?? token2}`,
  fallback
  ];
  }
  const maxDepth = 4;
  function getVariableValue(current, element, depth = 1) {
  invariant(depth <= maxDepth, `Max CSS variable fallback depth detected in property "${current}". This may indicate a circular fallback dependency.`, "max-css-var-depth");
  const [token, fallback] = parseCSSVariable(current);
  // No CSS variable detected
  if (!token) return;
  // Attempt to read this CSS variable off the element
  const resolved = window.getComputedStyle(element).getPropertyValue(token);
  if (resolved) {
  const trimmed = resolved.trim();
  return isNumericalString(trimmed) ? parseFloat(trimmed) : trimmed;
  }
  return isCSSVariableToken(fallback) ? getVariableValue(fallback, element, depth + 1) : fallback;
  }
  ;
  function fillWildcards(keyframes) {
  for(let i = 1; i < keyframes.length; i++){
  keyframes[i] ?? (keyframes[i] = keyframes[i - 1]);
  }
  }
  ;
  const radToDeg = (rad)=>rad * 180 / Math.PI;
  const rotate = (v)=>{
  const angle = radToDeg(Math.atan2(v[1], v[0]));
  return rebaseAngle(angle);
  };
  const matrix2dParsers = {
  x: 4,
  y: 5,
  translateX: 4,
  translateY: 5,
  scaleX: 0,
  scaleY: 3,
  scale: (v)=>(Math.abs(v[0]) + Math.abs(v[3])) / 2,
  rotate,
  rotateZ: rotate,
  skewX: (v)=>radToDeg(Math.atan(v[1])),
  skewY: (v)=>radToDeg(Math.atan(v[2])),
  skew: (v)=>(Math.abs(v[1]) + Math.abs(v[2])) / 2
  };
  const rebaseAngle = (angle)=>{
  angle = angle % 360;
  if (angle < 0) angle += 360;
  return angle;
  };
  const rotateZ = rotate;
  const scaleX = (v)=>Math.sqrt(v[0] * v[0] + v[1] * v[1]);
  const scaleY = (v)=>Math.sqrt(v[4] * v[4] + v[5] * v[5]);
  const matrix3dParsers = {
  x: 12,
  y: 13,
  z: 14,
  translateX: 12,
  translateY: 13,
  translateZ: 14,
  scaleX,
  scaleY,
  scale: (v)=>(scaleX(v) + scaleY(v)) / 2,
  rotateX: (v)=>rebaseAngle(radToDeg(Math.atan2(v[6], v[5]))),
  rotateY: (v)=>rebaseAngle(radToDeg(Math.atan2(-v[2], v[0]))),
  rotateZ,
  rotate: rotateZ,
  skewX: (v)=>radToDeg(Math.atan(v[4])),
  skewY: (v)=>radToDeg(Math.atan(v[1])),
  skew: (v)=>(Math.abs(v[1]) + Math.abs(v[4])) / 2
  };
  function defaultTransformValue(name) {
  return name.includes("scale") ? 1 : 0;
  }
  function parseValueFromTransform(transform, name) {
  if (!transform || transform === "none") {
  return defaultTransformValue(name);
  }
  const matrix3dMatch = transform.match(/^matrix3d\(([-\d.e\s,]+)\)$/u);
  let parsers;
  let match;
  if (matrix3dMatch) {
  parsers = matrix3dParsers;
  match = matrix3dMatch;
  } else {
  const matrix2dMatch = transform.match(/^matrix\(([-\d.e\s,]+)\)$/u);
  parsers = matrix2dParsers;
  match = matrix2dMatch;
  }
  if (!match) {
  return defaultTransformValue(name);
  }
  const valueParser = parsers[name];
  const values = match[1].split(",").map(convertTransformToNumber);
  return typeof valueParser === "function" ? valueParser(values) : values[valueParser];
  }
  const readTransformValue = (instance, name)=>{
  const { transform = "none" } = getComputedStyle(instance);
  return parseValueFromTransform(transform, name);
  };
  function convertTransformToNumber(value) {
  return parseFloat(value.trim());
  }
  ;
  ;
  ;
  ;
  ;
  const isNumOrPxType = (v)=>v === number || v === px;
  const transformKeys = new Set([
  "x",
  "y",
  "z"
  ]);
  const nonTranslationalTransformKeys = transformPropOrder.filter((key)=>!transformKeys.has(key));
  function removeNonTranslationalTransform(visualElement) {
  const removedTransforms = [];
  nonTranslationalTransformKeys.forEach((key)=>{
  const value = visualElement.getValue(key);
  if (value !== undefined) {
  removedTransforms.push([
  key,
  value.get()
  ]);
  value.set(key.startsWith("scale") ? 1 : 0);
  }
  });
  return removedTransforms;
  }
  const positionalValues = {
  // Dimensions
  width: ({ x }, { paddingLeft = "0", paddingRight = "0", boxSizing })=>{
  const width = x.max - x.min;
  return boxSizing === "border-box" ? width : width - parseFloat(paddingLeft) - parseFloat(paddingRight);
  },
  height: ({ y }, { paddingTop = "0", paddingBottom = "0", boxSizing })=>{
  const height = y.max - y.min;
  return boxSizing === "border-box" ? height : height - parseFloat(paddingTop) - parseFloat(paddingBottom);
  },
  top: (_bbox, { top })=>parseFloat(top),
  left: (_bbox, { left })=>parseFloat(left),
  bottom: ({ y }, { top })=>parseFloat(top) + (y.max - y.min),
  right: ({ x }, { left })=>parseFloat(left) + (x.max - x.min),
  // Transform
  x: (_bbox, { transform })=>parseValueFromTransform(transform, "x"),
  y: (_bbox, { transform })=>parseValueFromTransform(transform, "y")
  };
  // Alias translate longform names
  positionalValues.translateX = positionalValues.x;
  positionalValues.translateY = positionalValues.y;
  ;
  /*#__NO_SIDE_EFFECTS__*/ const noop = (any)=>any;
  ;
  const MotionGlobalConfig = {};
  ;
  const stepsOrder = [
  "setup",
  "read",
  "resolveKeyframes",
  "preUpdate",
  "update",
  "preRender",
  "render",
  "postRender"
  ];
  ;
  const statsBuffer = {
  value: null,
  addProjectionMetrics: null
  };
  ;
  ;
  function createRenderStep(runNextFrame, stepName) {
  /**
       * We create and reuse two queues, one to queue jobs for the current frame
       * and one for the next. We reuse to avoid triggering GC after x frames.
       */ let thisFrame = new Set();
  let nextFrame = new Set();
  /**
       * Track whether we're currently processing jobs in this step. This way
       * we can decide whether to schedule new jobs for this frame or next.
       */ let isProcessing = false;
  let flushNextFrame = false;
  /**
       * A set of processes which were marked keepAlive when scheduled.
       */ const toKeepAlive = new WeakSet();
  let latestFrameData = {
  delta: 0.0,
  timestamp: 0.0,
  isProcessing: false
  };
  let numCalls = 0;
  function triggerCallback(callback) {
  if (toKeepAlive.has(callback)) {
  step.schedule(callback);
  runNextFrame();
  }
  numCalls++;
  callback(latestFrameData);
  }
  const step = {
  /**
           * Schedule a process to run on the next frame.
           */ schedule: (callback, keepAlive = false, immediate = false)=>{
  const addToCurrentFrame = immediate && isProcessing;
  const queue = addToCurrentFrame ? thisFrame : nextFrame;
  if (keepAlive) toKeepAlive.add(callback);
  queue.add(callback);
  return callback;
  },
  /**
           * Cancel the provided callback from running on the next frame.
           */ cancel: (callback)=>{
  nextFrame.delete(callback);
  toKeepAlive.delete(callback);
  },
  /**
           * Execute all schedule callbacks.
           */ process: (frameData)=>{
  latestFrameData = frameData;
  /**
               * If we're already processing we've probably been triggered by a flushSync
               * inside an existing process. Instead of executing, mark flushNextFrame
               * as true and ensure we flush the following frame at the end of this one.
               */ if (isProcessing) {
  flushNextFrame = true;
  return;
  }
  isProcessing = true;
  // Swap this frame and the next to avoid GC
  const prevFrame = thisFrame;
  thisFrame = nextFrame;
  nextFrame = prevFrame;
  // Execute this frame
  thisFrame.forEach(triggerCallback);
  /**
               * If we're recording stats then
               */ if (stepName && statsBuffer.value) {
  statsBuffer.value.frameloop[stepName].push(numCalls);
  }
  numCalls = 0;
  // Clear the frame so no callbacks remain. This is to avoid
  // memory leaks should this render step not run for a while.
  thisFrame.clear();
  isProcessing = false;
  if (flushNextFrame) {
  flushNextFrame = false;
  step.process(frameData);
  }
  }
  };
  return step;
  }
  ;
  ;
  ;
  ;
  const maxElapsed = 40;
  function createRenderBatcher(scheduleNextBatch, allowKeepAlive) {
  let runNextFrame = false;
  let useDefaultElapsed = true;
  const state = {
  delta: 0.0,
  timestamp: 0.0,
  isProcessing: false
  };
  const flagRunNextFrame = ()=>runNextFrame = true;
  const steps = stepsOrder.reduce((acc, key)=>{
  acc[key] = createRenderStep(flagRunNextFrame, allowKeepAlive ? key : undefined);
  return acc;
  }, {});
  const { setup, read, resolveKeyframes, preUpdate, update, preRender, render, postRender } = steps;
  const processBatch = ()=>{
  const useManualTiming = MotionGlobalConfig.useManualTiming;
  const timestamp = useManualTiming ? state.timestamp : performance.now();
  runNextFrame = false;
  if (!useManualTiming) {
  state.delta = useDefaultElapsed ? 1000 / 60 : Math.max(Math.min(timestamp - state.timestamp, maxElapsed), 1);
  }
  state.timestamp = timestamp;
  state.isProcessing = true;
  // Unrolled render loop for better per-frame performance
  setup.process(state);
  read.process(state);
  resolveKeyframes.process(state);
  preUpdate.process(state);
  update.process(state);
  preRender.process(state);
  render.process(state);
  postRender.process(state);
  state.isProcessing = false;
  if (runNextFrame && allowKeepAlive) {
  useDefaultElapsed = false;
  scheduleNextBatch(processBatch);
  }
  };
  const wake = ()=>{
  runNextFrame = true;
  useDefaultElapsed = true;
  if (!state.isProcessing) {
  scheduleNextBatch(processBatch);
  }
  };
  const schedule = stepsOrder.reduce((acc, key)=>{
  const step = steps[key];
  acc[key] = (process1, keepAlive = false, immediate = false)=>{
  if (!runNextFrame) wake();
  return step.schedule(process1, keepAlive, immediate);
  };
  return acc;
  }, {});
  const cancel = (process1)=>{
  for(let i = 0; i < stepsOrder.length; i++){
  steps[stepsOrder[i]].cancel(process1);
  }
  };
  return {
  schedule,
  cancel,
  state,
  steps
  };
  }
  ;
  ;
  ;
  const { schedule: frame, cancel: cancelFrame, state: frameData, steps: frameSteps } = /* @__PURE__ */ createRenderBatcher(typeof requestAnimationFrame !== "undefined" ? requestAnimationFrame : noop, true);
  ;
  ;
  ;
  ;
  const toResolve = new Set();
  let isScheduled = false;
  let anyNeedsMeasurement = false;
  let isForced = false;
  function measureAllKeyframes() {
  if (anyNeedsMeasurement) {
  const resolversToMeasure = Array.from(toResolve).filter((resolver)=>resolver.needsMeasurement);
  const elementsToMeasure = new Set(resolversToMeasure.map((resolver)=>resolver.element));
  const transformsToRestore = new Map();
  /**
           * Write pass
           * If we're measuring elements we want to remove bounding box-changing transforms.
           */ elementsToMeasure.forEach((element)=>{
  const removedTransforms = removeNonTranslationalTransform(element);
  if (!removedTransforms.length) return;
  transformsToRestore.set(element, removedTransforms);
  element.render();
  });
  // Read
  resolversToMeasure.forEach((resolver)=>resolver.measureInitialState());
  // Write
  elementsToMeasure.forEach((element)=>{
  element.render();
  const restore = transformsToRestore.get(element);
  if (restore) {
  restore.forEach(([key, value])=>{
  element.getValue(key)?.set(value);
  });
  }
  });
  // Read
  resolversToMeasure.forEach((resolver)=>resolver.measureEndState());
  // Write
  resolversToMeasure.forEach((resolver)=>{
  if (resolver.suspendedScrollY !== undefined) {
  window.scrollTo(0, resolver.suspendedScrollY);
  }
  });
  }
  anyNeedsMeasurement = false;
  isScheduled = false;
  toResolve.forEach((resolver)=>resolver.complete(isForced));
  toResolve.clear();
  }
  function readAllKeyframes() {
  toResolve.forEach((resolver)=>{
  resolver.readKeyframes();
  if (resolver.needsMeasurement) {
  anyNeedsMeasurement = true;
  }
  });
  }
  function flushKeyframeResolvers() {
  isForced = true;
  readAllKeyframes();
  measureAllKeyframes();
  isForced = false;
  }
  class KeyframeResolver {
  constructor(unresolvedKeyframes, onComplete, name, motionValue, element, isAsync = false){
  this.state = "pending";
  /**
           * Track whether this resolver is async. If it is, it'll be added to the
           * resolver queue and flushed in the next frame. Resolvers that aren't going
           * to trigger read/write thrashing don't need to be async.
           */ this.isAsync = false;
  /**
           * Track whether this resolver needs to perform a measurement
           * to resolve its keyframes.
           */ this.needsMeasurement = false;
  this.unresolvedKeyframes = [
  ...unresolvedKeyframes
  ];
  this.onComplete = onComplete;
  this.name = name;
  this.motionValue = motionValue;
  this.element = element;
  this.isAsync = isAsync;
  }
  scheduleResolve() {
  this.state = "scheduled";
  if (this.isAsync) {
  toResolve.add(this);
  if (!isScheduled) {
  isScheduled = true;
  frame.read(readAllKeyframes);
  frame.resolveKeyframes(measureAllKeyframes);
  }
  } else {
  this.readKeyframes();
  this.complete();
  }
  }
  readKeyframes() {
  const { unresolvedKeyframes, name, element, motionValue } = this;
  // If initial keyframe is null we need to read it from the DOM
  if (unresolvedKeyframes[0] === null) {
  const currentValue = motionValue?.get();
  // TODO: This doesn't work if the final keyframe is a wildcard
  const finalKeyframe = unresolvedKeyframes[unresolvedKeyframes.length - 1];
  if (currentValue !== undefined) {
  unresolvedKeyframes[0] = currentValue;
  } else if (element && name) {
  const valueAsRead = element.readValue(name, finalKeyframe);
  if (valueAsRead !== undefined && valueAsRead !== null) {
  unresolvedKeyframes[0] = valueAsRead;
  }
  }
  if (unresolvedKeyframes[0] === undefined) {
  unresolvedKeyframes[0] = finalKeyframe;
  }
  if (motionValue && currentValue === undefined) {
  motionValue.set(unresolvedKeyframes[0]);
  }
  }
  fillWildcards(unresolvedKeyframes);
  }
  setFinalKeyframe() {}
  measureInitialState() {}
  renderEndStyles() {}
  measureEndState() {}
  complete(isForcedComplete = false) {
  this.state = "complete";
  this.onComplete(this.unresolvedKeyframes, this.finalKeyframe, isForcedComplete);
  toResolve.delete(this);
  }
  cancel() {
  if (this.state === "scheduled") {
  toResolve.delete(this);
  this.state = "pending";
  }
  }
  resume() {
  if (this.state === "pending") this.scheduleResolve();
  }
  }
  ;
  /**
   * Check if the value is a zero value string like "0px" or "0%"
   */ const isZeroValueString = (v)=>/^0[^.\s]+$/u.test(v);
  ;
  ;
  function isNone(value) {
  if (typeof value === "number") {
  return value === 0;
  } else if (value !== null) {
  return value === "none" || value === "0" || isZeroValueString(value);
  } else {
  return true;
  }
  }
  ;
  ;
  ;
  ;
  ;
  const customTypes = /*@__PURE__*/ new Set([
  filter,
  mask
  ]);
  function getAnimatableNone1(key, value) {
  let defaultValueType = getDefaultValueType(key);
  if (!customTypes.has(defaultValueType)) defaultValueType = complex;
  // If value is not recognised as animatable, ie "none", create an animatable version origin based on the target
  return defaultValueType.getAnimatableNone ? defaultValueType.getAnimatableNone(value) : undefined;
  }
  ;
  ;
  ;
  /**
   * If we encounter keyframes like "none" or "0" and we also have keyframes like
   * "#fff" or "200px 200px" we want to find a keyframe to serve as a template for
   * the "none" keyframes. In this case "#fff" or "200px 200px" - then these get turned into
   * zero equivalents, i.e. "#fff0" or "0px 0px".
   */ const invalidTemplates = new Set([
  "auto",
  "none",
  "0"
  ]);
  function makeNoneKeyframesAnimatable(unresolvedKeyframes, noneKeyframeIndexes, name) {
  let i = 0;
  let animatableTemplate = undefined;
  while(i < unresolvedKeyframes.length && !animatableTemplate){
  const keyframe = unresolvedKeyframes[i];
  if (typeof keyframe === "string" && !invalidTemplates.has(keyframe) && analyseComplexValue(keyframe).values.length) {
  animatableTemplate = unresolvedKeyframes[i];
  }
  i++;
  }
  if (animatableTemplate && name) {
  for (const noneIndex of noneKeyframeIndexes){
  unresolvedKeyframes[noneIndex] = getAnimatableNone1(name, animatableTemplate);
  }
  }
  }
  ;
  ;
  ;
  ;
  ;
  ;
  ;
  ;
  ;
  class DOMKeyframesResolver extends KeyframeResolver {
  constructor(unresolvedKeyframes, onComplete, name, motionValue, element){
  super(unresolvedKeyframes, onComplete, name, motionValue, element, true);
  }
  readKeyframes() {
  const { unresolvedKeyframes, element, name } = this;
  if (!element || !element.current) return;
  super.readKeyframes();
  /**
           * If any keyframe is a CSS variable, we need to find its value by sampling the element
           */ for(let i = 0; i < unresolvedKeyframes.length; i++){
  let keyframe = unresolvedKeyframes[i];
  if (typeof keyframe === "string") {
  keyframe = keyframe.trim();
  if (isCSSVariableToken(keyframe)) {
  const resolved = getVariableValue(keyframe, element.current);
  if (resolved !== undefined) {
  unresolvedKeyframes[i] = resolved;
  }
  if (i === unresolvedKeyframes.length - 1) {
  this.finalKeyframe = keyframe;
  }
  }
  }
  }
  /**
           * Resolve "none" values. We do this potentially twice - once before and once after measuring keyframes.
           * This could be seen as inefficient but it's a trade-off to avoid measurements in more situations, which
           * have a far bigger performance impact.
           */ this.resolveNoneKeyframes();
  /**
           * Check to see if unit type has changed. If so schedule jobs that will
           * temporarily set styles to the destination keyframes.
           * Skip if we have more than two keyframes or this isn't a positional value.
           * TODO: We can throw if there are multiple keyframes and the value type changes.
           */ if (!positionalKeys.has(name) || unresolvedKeyframes.length !== 2) {
  return;
  }
  const [origin, target] = unresolvedKeyframes;
  const originType = findDimensionValueType(origin);
  const targetType = findDimensionValueType(target);
  /**
           * If one keyframe contains embedded CSS variables (e.g. in calc()) and the other
           * doesn't, we need to measure to convert to pixels. This handles GitHub issue #3410.
           */ const originHasVar = containsCSSVariable(origin);
  const targetHasVar = containsCSSVariable(target);
  if (originHasVar !== targetHasVar && positionalValues[name]) {
  this.needsMeasurement = true;
  return;
  }
  /**
           * Either we don't recognise these value types or we can animate between them.
           */ if (originType === targetType) return;
  /**
           * If both values are numbers or pixels, we can animate between them by
           * converting them to numbers.
           */ if (isNumOrPxType(originType) && isNumOrPxType(targetType)) {
  for(let i = 0; i < unresolvedKeyframes.length; i++){
  const value = unresolvedKeyframes[i];
  if (typeof value === "string") {
  unresolvedKeyframes[i] = parseFloat(value);
  }
  }
  } else if (positionalValues[name]) {
  /**
               * Else, the only way to resolve this is by measuring the element.
               */ this.needsMeasurement = true;
  }
  }
  resolveNoneKeyframes() {
  const { unresolvedKeyframes, name } = this;
  const noneKeyframeIndexes = [];
  for(let i = 0; i < unresolvedKeyframes.length; i++){
  if (unresolvedKeyframes[i] === null || isNone(unresolvedKeyframes[i])) {
  noneKeyframeIndexes.push(i);
  }
  }
  if (noneKeyframeIndexes.length) {
  makeNoneKeyframesAnimatable(unresolvedKeyframes, noneKeyframeIndexes, name);
  }
  }
  measureInitialState() {
  const { element, unresolvedKeyframes, name } = this;
  if (!element || !element.current) return;
  if (name === "height") {
  this.suspendedScrollY = window.pageYOffset;
  }
  this.measuredOrigin = positionalValues[name](element.measureViewportBox(), window.getComputedStyle(element.current));
  unresolvedKeyframes[0] = this.measuredOrigin;
  // Set final key frame to measure after next render
  const measureKeyframe = unresolvedKeyframes[unresolvedKeyframes.length - 1];
  if (measureKeyframe !== undefined) {
  element.getValue(name, measureKeyframe).jump(measureKeyframe, false);
  }
  }
  measureEndState() {
  const { element, name, unresolvedKeyframes } = this;
  if (!element || !element.current) return;
  const value = element.getValue(name);
  value && value.jump(this.measuredOrigin, false);
  const finalKeyframeIndex = unresolvedKeyframes.length - 1;
  const finalKeyframe = unresolvedKeyframes[finalKeyframeIndex];
  unresolvedKeyframes[finalKeyframeIndex] = positionalValues[name](element.measureViewportBox(), window.getComputedStyle(element.current));
  if (finalKeyframe !== null && this.finalKeyframe === undefined) {
  this.finalKeyframe = finalKeyframe;
  }
  // If we removed transform values, reapply them before the next render
  if (this.removedTransforms?.length) {
  this.removedTransforms.forEach(([unsetTransformName, unsetTransformValue])=>{
  element.getValue(unsetTransformName).set(unsetTransformValue);
  });
  }
  this.resolveNoneKeyframes();
  }
  }
  ;
  /**
   * Converts seconds to milliseconds
   *
   * @param seconds - Time in seconds.
   * @return milliseconds - Converted time in milliseconds.
   */ /*#__NO_SIDE_EFFECTS__*/ const secondsToMilliseconds = (seconds)=>seconds * 1000;
  /*#__NO_SIDE_EFFECTS__*/ const millisecondsToSeconds = (milliseconds)=>milliseconds / 1000;
  ;
  function addUniqueItem(arr, item) {
  if (arr.indexOf(item) === -1) arr.push(item);
  }
  function removeItem(arr, item) {
  const index = arr.indexOf(item);
  if (index > -1) arr.splice(index, 1);
  }
  // Adapted from array-move
  function moveItem([...arr], fromIndex, toIndex) {
  const startIndex = fromIndex < 0 ? arr.length + fromIndex : fromIndex;
  if (startIndex >= 0 && startIndex < arr.length) {
  const endIndex = toIndex < 0 ? arr.length + toIndex : toIndex;
  const [item] = arr.splice(fromIndex, 1);
  arr.splice(endIndex, 0, item);
  }
  return arr;
  }
  ;
  ;
  class SubscriptionManager {
  constructor(){
  this.subscriptions = [];
  }
  add(handler) {
  addUniqueItem(this.subscriptions, handler);
  return ()=>removeItem(this.subscriptions, handler);
  }
  notify(a, b, c) {
  const numSubscriptions = this.subscriptions.length;
  if (!numSubscriptions) return;
  if (numSubscriptions === 1) {
  /**
               * If there's only a single handler we can just call it without invoking a loop.
               */ this.subscriptions[0](a, b, c);
  } else {
  for(let i = 0; i < numSubscriptions; i++){
  /**
                   * Check whether the handler exists before firing as it's possible
                   * the subscriptions were modified during this loop running.
                   */ const handler = this.subscriptions[i];
  handler && handler(a, b, c);
  }
  }
  }
  getSize() {
  return this.subscriptions.length;
  }
  clear() {
  this.subscriptions.length = 0;
  }
  }
  ;
  const isCSSVar = (name)=>name.startsWith("--");
  ;
  ;
  function setStyle(element, name, value) {
  isCSSVar(name) ? element.style.setProperty(name, value) : element.style[name] = value;
  }
  ;
  /*#__NO_SIDE_EFFECTS__*/ function memo(callback) {
  let result;
  return ()=>{
  if (result === undefined) result = callback();
  return result;
  };
  }
  ;
  /**
   * Add the ability for test suites to manually set support flags
   * to better test more environments.
   */ const supportsFlags = {};
  ;
  ;
  ;
  function memoSupports(callback, supportsFlag) {
  const memoized = memo(callback);
  return ()=>supportsFlags[supportsFlag] ?? memoized();
  }
  ;
  ;
  const supportsScrollTimeline = /* @__PURE__ */ memoSupports(()=>window.ScrollTimeline !== undefined, "scrollTimeline");
  const supportsViewTimeline = /* @__PURE__ */ memoSupports(()=>window.ViewTimeline !== undefined, "viewTimeline");
  ;
  const isNotNull = (value)=>value !== null;
  function getFinalKeyframe(keyframes, { repeat, repeatType = "loop" }, finalKeyframe, speed = 1) {
  const resolvedKeyframes = keyframes.filter(isNotNull);
  const useFirstKeyframe = speed < 0 || repeat && repeatType !== "loop" && repeat % 2 === 1;
  const index = useFirstKeyframe ? 0 : resolvedKeyframes.length - 1;
  return !index || finalKeyframe === undefined ? resolvedKeyframes[index] : finalKeyframe;
  }
  ;
  class WithPromise {
  constructor(){
  this.updateFinished();
  }
  get finished() {
  return this._finished;
  }
  updateFinished() {
  this._finished = new Promise((resolve)=>{
  this.resolve = resolve;
  });
  }
  notifyFinished() {
  this.resolve();
  }
  /**
       * Allows the animation to be awaited.
       *
       * @deprecated Use `finished` instead.
       */ then(onResolve, onReject) {
  return this.finished.then(onResolve, onReject);
  }
  }
  ;
  const activeAnimations = {
  layout: 0,
  mainThread: 0,
  waapi: 0
  };
  ;
  const isBezierDefinition = (easing)=>Array.isArray(easing) && typeof easing[0] === "number";
  ;
  ;
  const supportsLinearEasing = /*@__PURE__*/ memoSupports(()=>{
  try {
  document.createElement("div").animate({
  opacity: 0
  }, {
  easing: "linear(0, 1)"
  });
  } catch (e) {
  return false;
  }
  return true;
  }, "linearEasing");
  ;
  const generateLinearEasing = (easing, duration, resolution = 10 // as milliseconds
  )=>{
  let points = "";
  const numPoints = Math.max(Math.round(duration / resolution), 2);
  for(let i = 0; i < numPoints; i++){
  points += Math.round(easing(i / (numPoints - 1)) * 10000) / 10000 + ", ";
  }
  return `linear(${points.substring(0, points.length - 2)})`;
  };
  ;
  const cubicBezierAsString = ([a, b, c, d])=>`cubic-bezier(${a}, ${b}, ${c}, ${d})`;
  ;
  ;
  const supportedWaapiEasing = {
  linear: "linear",
  ease: "ease",
  easeIn: "ease-in",
  easeOut: "ease-out",
  easeInOut: "ease-in-out",
  circIn: /*@__PURE__*/ cubicBezierAsString([
  0,
  0.65,
  0.55,
  1
  ]),
  circOut: /*@__PURE__*/ cubicBezierAsString([
  0.55,
  0,
  1,
  0.45
  ]),
  backIn: /*@__PURE__*/ cubicBezierAsString([
  0.31,
  0.01,
  0.66,
  -0.59
  ]),
  backOut: /*@__PURE__*/ cubicBezierAsString([
  0.33,
  1.53,
  0.69,
  0.99
  ])
  };
  ;
  ;
  ;
  ;
  ;
  ;
  function mapEasingToNativeEasing(easing, duration) {
  if (!easing) {
  return undefined;
  } else if (typeof easing === "function") {
  return supportsLinearEasing() ? generateLinearEasing(easing, duration) : "ease-out";
  } else if (isBezierDefinition(easing)) {
  return cubicBezierAsString(easing);
  } else if (Array.isArray(easing)) {
  return easing.map((segmentEasing)=>mapEasingToNativeEasing(segmentEasing, duration) || supportedWaapiEasing.easeOut);
  } else {
  return supportedWaapiEasing[easing];
  }
  }
  ;
  ;
  ;
  ;
  function startWaapiAnimation(element, valueName, keyframes, { delay = 0, duration = 300, repeat = 0, repeatType = "loop", ease = "easeOut", times } = {}, pseudoElement = undefined) {
  const keyframeOptions = {
  [valueName]: keyframes
  };
  if (times) keyframeOptions.offset = times;
  const easing = mapEasingToNativeEasing(ease, duration);
  /**
       * If this is an easing array, apply to keyframes, not animation as a whole
       */ if (Array.isArray(easing)) keyframeOptions.easing = easing;
  if (statsBuffer.value) {
  activeAnimations.waapi++;
  }
  const options = {
  delay,
  duration,
  easing: !Array.isArray(easing) ? easing : "linear",
  fill: "both",
  iterations: repeat + 1,
  direction: repeatType === "reverse" ? "alternate" : "normal"
  };
  if (pseudoElement) options.pseudoElement = pseudoElement;
  const animation = element.animate(keyframeOptions, options);
  if (statsBuffer.value) {
  animation.finished.finally(()=>{
  activeAnimations.waapi--;
  });
  }
  return animation;
  }
  ;
  function isGenerator(type) {
  return typeof type === "function" && "applyToOptions" in type;
  }
  ;
  ;
  ;
  function applyGeneratorOptions({ type, ...options }) {
  if (isGenerator(type) && supportsLinearEasing()) {
  return type.applyToOptions(options);
  } else {
  options.duration ?? (options.duration = 300);
  options.ease ?? (options.ease = "easeOut");
  }
  return options;
  }
  ;
  ;
  ;
  ;
  ;
  ;
  ;
  ;
  /**
   * NativeAnimation implements AnimationPlaybackControls for the browser's Web Animations API.
   */ class NativeAnimation extends WithPromise {
  constructor(options){
  super();
  this.finishedTime = null;
  this.isStopped = false;
  /**
           * Tracks a manually-set start time that takes precedence over WAAPI's
           * dynamic startTime. This is cleared when play() or time setter is called,
           * allowing WAAPI to take over timing.
           */ this.manualStartTime = null;
  if (!options) return;
  const { element, name, keyframes, pseudoElement, allowFlatten = false, finalKeyframe, onComplete } = options;
  this.isPseudoElement = Boolean(pseudoElement);
  this.allowFlatten = allowFlatten;
  this.options = options;
  invariant(typeof options.type !== "string", `Mini animate() doesn't support "type" as a string.`, "mini-spring");
  const transition = applyGeneratorOptions(options);
  this.animation = startWaapiAnimation(element, name, keyframes, transition, pseudoElement);
  if (transition.autoplay === false) {
  this.animation.pause();
  }
  this.animation.onfinish = ()=>{
  this.finishedTime = this.time;
  if (!pseudoElement) {
  const keyframe = getFinalKeyframe(keyframes, this.options, finalKeyframe, this.speed);
  if (this.updateMotionValue) {
  this.updateMotionValue(keyframe);
  }
  /**
                   * If we can, we want to commit the final style as set by the user,
                   * rather than the computed keyframe value supplied by the animation.
                   * We always do this, even when a motion value is present, to prevent
                   * a visual flash in Firefox where the WAAPI animation's fill is removed
                   * during cancel() before the scheduled render can apply the correct value.
                   */ setStyle(element, name, keyframe);
  this.animation.cancel();
  }
  onComplete?.();
  this.notifyFinished();
  };
  }
  play() {
  if (this.isStopped) return;
  this.manualStartTime = null;
  this.animation.play();
  if (this.state === "finished") {
  this.updateFinished();
  }
  }
  pause() {
  this.animation.pause();
  }
  complete() {
  this.animation.finish?.();
  }
  cancel() {
  try {
  this.animation.cancel();
  } catch (e) {}
  }
  stop() {
  if (this.isStopped) return;
  this.isStopped = true;
  const { state } = this;
  if (state === "idle" || state === "finished") {
  return;
  }
  if (this.updateMotionValue) {
  this.updateMotionValue();
  } else {
  this.commitStyles();
  }
  if (!this.isPseudoElement) this.cancel();
  }
  /**
       * WAAPI doesn't natively have any interruption capabilities.
       *
       * In this method, we commit styles back to the DOM before cancelling
       * the animation.
       *
       * This is designed to be overridden by NativeAnimationExtended, which
       * will create a renderless JS animation and sample it twice to calculate
       * its current value, "previous" value, and therefore allow
       * Motion to also correctly calculate velocity for any subsequent animation
       * while deferring the commit until the next animation frame.
       */ commitStyles() {
  const element = this.options?.element;
  if (!this.isPseudoElement && element?.isConnected) {
  this.animation.commitStyles?.();
  }
  }
  get duration() {
  const duration = this.animation.effect?.getComputedTiming?.().duration || 0;
  return millisecondsToSeconds(Number(duration));
  }
  get iterationDuration() {
  const { delay = 0 } = this.options || {};
  return this.duration + millisecondsToSeconds(delay);
  }
  get time() {
  return millisecondsToSeconds(Number(this.animation.currentTime) || 0);
  }
  set time(newTime) {
  const wasFinished = this.finishedTime !== null;
  this.manualStartTime = null;
  this.finishedTime = null;
  this.animation.currentTime = secondsToMilliseconds(newTime);
  if (wasFinished) {
  this.animation.pause();
  }
  }
  /**
       * The playback speed of the animation.
       * 1 = normal speed, 2 = double speed, 0.5 = half speed.
       */ get speed() {
  return this.animation.playbackRate;
  }
  set speed(newSpeed) {
  // Allow backwards playback after finishing
  if (newSpeed < 0) this.finishedTime = null;
  this.animation.playbackRate = newSpeed;
  }
  get state() {
  return this.finishedTime !== null ? "finished" : this.animation.playState;
  }
  get startTime() {
  return this.manualStartTime ?? Number(this.animation.startTime);
  }
  set startTime(newStartTime) {
  this.manualStartTime = this.animation.startTime = newStartTime;
  }
  /**
       * Attaches a timeline to the animation, for instance the `ScrollTimeline`.
       */ attachTimeline({ timeline, rangeStart, rangeEnd, observe }) {
  if (this.allowFlatten) {
  this.animation.effect?.updateTiming({
  easing: "linear"
  });
  }
  this.animation.onfinish = null;
  if (timeline && supportsScrollTimeline()) {
  this.animation.timeline = timeline;
  if (rangeStart) this.animation.rangeStart = rangeStart;
  if (rangeEnd) this.animation.rangeEnd = rangeEnd;
  return noop;
  } else {
  return observe(this);
  }
  }
  }
  ;
  /**
   * A list of values that can be hardware-accelerated.
   */ const acceleratedValues = new Set([
  "opacity",
  "clipPath",
  "filter",
  "transform"
  ]);
  ;
  ;
  const { schedule: microtask, cancel: cancelMicrotask } = /* @__PURE__ */ createRenderBatcher(queueMicrotask, false);
  ;
  ;
  ;
  let now1;
  function clearTime() {
  now1 = undefined;
  }
  /**
   * An eventloop-synchronous alternative to performance.now().
   *
   * Ensures that time measurements remain consistent within a synchronous context.
   * Usually calling performance.now() twice within the same synchronous context
   * will return different values which isn't useful for animations when we're usually
   * trying to sync animations to the same frame.
   */ const time = {
  now: ()=>{
  if (now1 === undefined) {
  time.set(frameData.isProcessing || MotionGlobalConfig.useManualTiming ? frameData.timestamp : performance.now());
  }
  return now1;
  },
  set: (newTime)=>{
  now1 = newTime;
  queueMicrotask(clearTime);
  }
  };
  ;
  /*
    Convert velocity into velocity per second
  
    @param [number]: Unit per frame
    @param [number]: Frame duration in ms
  */ function velocityPerSecond(velocity, frameDuration) {
  return frameDuration ? velocity * (1000 / frameDuration) : 0;
  }
  ;
  ;
  ;
  ;
  /**
   * Maximum time between the value of two frames, beyond which we
   * assume the velocity has since been 0.
   */ const MAX_VELOCITY_DELTA = 30;
  const isFloat = (value)=>{
  return !isNaN(parseFloat(value));
  };
  const collectMotionValues = {
  current: undefined
  };
  /**
   * `MotionValue` is used to track the state and velocity of motion values.
   *
   * @public
   */ class MotionValue {
  /**
       * @param init - The initiating value
       * @param config - Optional configuration options
       *
       * -  `transformer`: A function to transform incoming values with.
       */ constructor(init, options = {}){
  /**
           * Tracks whether this value can output a velocity. Currently this is only true
           * if the value is numerical, but we might be able to widen the scope here and support
           * other value types.
           *
           * @internal
           */ this.canTrackVelocity = null;
  /**
           * An object containing a SubscriptionManager for each active event.
           */ this.events = {};
  this.updateAndNotify = (v)=>{
  const currentTime = time.now();
  /**
               * If we're updating the value during another frame or eventloop
               * than the previous frame, then the we set the previous frame value
               * to current.
               */ if (this.updatedAt !== currentTime) {
  this.setPrevFrameValue();
  }
  this.prev = this.current;
  this.setCurrent(v);
  // Update update subscribers
  if (this.current !== this.prev) {
  this.events.change?.notify(this.current);
  if (this.dependents) {
  for (const dependent of this.dependents){
  dependent.dirty();
  }
  }
  }
  };
  this.hasAnimated = false;
  this.setCurrent(init);
  this.owner = options.owner;
  }
  setCurrent(current) {
  this.current = current;
  this.updatedAt = time.now();
  if (this.canTrackVelocity === null && current !== undefined) {
  this.canTrackVelocity = isFloat(this.current);
  }
  }
  setPrevFrameValue(prevFrameValue = this.current) {
  this.prevFrameValue = prevFrameValue;
  this.prevUpdatedAt = this.updatedAt;
  }
  /**
       * Adds a function that will be notified when the `MotionValue` is updated.
       *
       * It returns a function that, when called, will cancel the subscription.
       *
       * When calling `onChange` inside a React component, it should be wrapped with the
       * `useEffect` hook. As it returns an unsubscribe function, this should be returned
       * from the `useEffect` function to ensure you don't add duplicate subscribers..
       *
       * ```jsx
       * export const MyComponent = () => {
       *   const x = useMotionValue(0)
       *   const y = useMotionValue(0)
       *   const opacity = useMotionValue(1)
       *
       *   useEffect(() => {
       *     function updateOpacity() {
       *       const maxXY = Math.max(x.get(), y.get())
       *       const newOpacity = transform(maxXY, [0, 100], [1, 0])
       *       opacity.set(newOpacity)
       *     }
       *
       *     const unsubscribeX = x.on("change", updateOpacity)
       *     const unsubscribeY = y.on("change", updateOpacity)
       *
       *     return () => {
       *       unsubscribeX()
       *       unsubscribeY()
       *     }
       *   }, [])
       *
       *   return <motion.div style={{ x }} />
       * }
       * ```
       *
       * @param subscriber - A function that receives the latest value.
       * @returns A function that, when called, will cancel this subscription.
       *
       * @deprecated
       */ onChange(subscription) {
  if ("TURBOPACK compile-time falsy", 0) //TURBOPACK unreachable
  ;
  return this.on("change", subscription);
  }
  on(eventName, callback) {
  if (!this.events[eventName]) {
  this.events[eventName] = new SubscriptionManager();
  }
  const unsubscribe = this.events[eventName].add(callback);
  if (eventName === "change") {
  return ()=>{
  unsubscribe();
  /**
                   * If we have no more change listeners by the start
                   * of the next frame, stop active animations.
                   */ frame.read(()=>{
  if (!this.events.change.getSize()) {
  this.stop();
  }
  });
  };
  }
  return unsubscribe;
  }
  clearListeners() {
  for(const eventManagers in this.events){
  this.events[eventManagers].clear();
  }
  }
  /**
       * Attaches a passive effect to the `MotionValue`.
       */ attach(passiveEffect, stopPassiveEffect) {
  this.passiveEffect = passiveEffect;
  this.stopPassiveEffect = stopPassiveEffect;
  }
  /**
       * Sets the state of the `MotionValue`.
       *
       * @remarks
       *
       * ```jsx
       * const x = useMotionValue(0)
       * x.set(10)
       * ```
       *
       * @param latest - Latest value to set.
       * @param render - Whether to notify render subscribers. Defaults to `true`
       *
       * @public
       */ set(v) {
  if (!this.passiveEffect) {
  this.updateAndNotify(v);
  } else {
  this.passiveEffect(v, this.updateAndNotify);
  }
  }
  setWithVelocity(prev, current, delta) {
  this.set(current);
  this.prev = undefined;
  this.prevFrameValue = prev;
  this.prevUpdatedAt = this.updatedAt - delta;
  }
  /**
       * Set the state of the `MotionValue`, stopping any active animations,
       * effects, and resets velocity to `0`.
       */ jump(v, endAnimation = true) {
  this.updateAndNotify(v);
  this.prev = v;
  this.prevUpdatedAt = this.prevFrameValue = undefined;
  endAnimation && this.stop();
  if (this.stopPassiveEffect) this.stopPassiveEffect();
  }
  dirty() {
  this.events.change?.notify(this.current);
  }
  addDependent(dependent) {
  if (!this.dependents) {
  this.dependents = new Set();
  }
  this.dependents.add(dependent);
  }
  removeDependent(dependent) {
  if (this.dependents) {
  this.dependents.delete(dependent);
  }
  }
  /**
       * Returns the latest state of `MotionValue`
       *
       * @returns - The latest state of `MotionValue`
       *
       * @public
       */ get() {
  if (collectMotionValues.current) {
  collectMotionValues.current.push(this);
  }
  return this.current;
  }
  /**
       * @public
       */ getPrevious() {
  return this.prev;
  }
  /**
       * Returns the latest velocity of `MotionValue`
       *
       * @returns - The latest velocity of `MotionValue`. Returns `0` if the state is non-numerical.
       *
       * @public
       */ getVelocity() {
  const currentTime = time.now();
  if (!this.canTrackVelocity || this.prevFrameValue === undefined || currentTime - this.updatedAt > MAX_VELOCITY_DELTA) {
  return 0;
  }
  const delta = Math.min(this.updatedAt - this.prevUpdatedAt, MAX_VELOCITY_DELTA);
  // Casts because of parseFloat's poor typing
  return velocityPerSecond(parseFloat(this.current) - parseFloat(this.prevFrameValue), delta);
  }
  /**
       * Registers a new animation to control this `MotionValue`. Only one
       * animation can drive a `MotionValue` at one time.
       *
       * ```jsx
       * value.start()
       * ```
       *
       * @param animation - A function that starts the provided animation
       */ start(startAnimation) {
  this.stop();
  return new Promise((resolve)=>{
  this.hasAnimated = true;
  this.animation = startAnimation(resolve);
  if (this.events.animationStart) {
  this.events.animationStart.notify();
  }
  }).then(()=>{
  if (this.events.animationComplete) {
  this.events.animationComplete.notify();
  }
  this.clearAnimation();
  });
  }
  /**
       * Stop the currently active animation.
       *
       * @public
       */ stop() {
  if (this.animation) {
  this.animation.stop();
  if (this.events.animationCancel) {
  this.events.animationCancel.notify();
  }
  }
  this.clearAnimation();
  }
  /**
       * Returns `true` if this value is currently animating.
       *
       * @public
       */ isAnimating() {
  return !!this.animation;
  }
  clearAnimation() {
  delete this.animation;
  }
  /**
       * Destroy and clean up subscribers to this `MotionValue`.
       *
       * The `MotionValue` hooks like `useMotionValue` and `useTransform` automatically
       * handle the lifecycle of the returned `MotionValue`, so this method is only necessary if you've manually
       * created a `MotionValue` via the `motionValue` function.
       *
       * @public
       */ destroy() {
  this.dependents?.clear();
  this.events.destroy?.notify();
  this.clearListeners();
  this.stop();
  if (this.stopPassiveEffect) {
  this.stopPassiveEffect();
  }
  }
  }
  function motionValue(init, options) {
  return new MotionValue(init, options);
  }
  ;
  ;
  ;
  ;
  ;
  /**
   * A list of all ValueTypes
   */ const valueTypes = [
  ...dimensionValueTypes,
  color,
  complex
  ];
  /**
   * Tests a value against the list of ValueTypes
   */ const findValueType = (v)=>valueTypes.find(testValueType(v));
  ;
  const visualElementStore = new WeakMap();
  ;
  function isAnimationControls(v) {
  return v !== null && typeof v === "object" && typeof v.start === "function";
  }
  ;
  /**
   * Decides if the supplied variable is variant label
   */ function isVariantLabel(v) {
  return typeof v === "string" || Array.isArray(v);
  }
  ;
  const variantPriorityOrder = [
  "animate",
  "whileInView",
  "whileFocus",
  "whileHover",
  "whileTap",
  "whileDrag",
  "exit"
  ];
  const variantProps = [
  "initial",
  ...variantPriorityOrder
  ];
  ;
  ;
  ;
  ;
  function isControllingVariants(props) {
  return isAnimationControls(props.animate) || variantProps.some((name)=>isVariantLabel(props[name]));
  }
  function isVariantNode(props) {
  return Boolean(isControllingVariants(props) || props.variants);
  }
  ;
  ;
  ;
  /**
   * Updates motion values from props changes.
   * Uses `any` type for element to avoid circular dependencies with VisualElement.
   */ function updateMotionValuesFromProps(element, next, prev) {
  for(const key in next){
  const nextValue = next[key];
  const prevValue = prev[key];
  if (isMotionValue(nextValue)) {
  /**
               * If this is a motion value found in props or style, we want to add it
               * to our visual element's motion value map.
               */ element.addValue(key, nextValue);
  } else if (isMotionValue(prevValue)) {
  /**
               * If we're swapping from a motion value to a static value,
               * create a new motion value from that
               */ element.addValue(key, motionValue(nextValue, {
  owner: element
  }));
  } else if (prevValue !== nextValue) {
  /**
               * If this is a flat value that has changed, update the motion value
               * or create one if it doesn't exist. We only want to do this if we're
               * not handling the value with our animation state.
               */ if (element.hasValue(key)) {
  const existingValue = element.getValue(key);
  if (existingValue.liveStyle === true) {
  existingValue.jump(nextValue);
  } else if (!existingValue.hasAnimated) {
  existingValue.set(nextValue);
  }
  } else {
  const latestValue = element.getStaticValue(key);
  element.addValue(key, motionValue(latestValue !== undefined ? latestValue : nextValue, {
  owner: element
  }));
  }
  }
  }
  // Handle removed values
  for(const key in prev){
  if (next[key] === undefined) element.removeValue(key);
  }
  return next;
  }
  ;
  // Does this device prefer reduced motion? Returns `null` server-side.
  const prefersReducedMotion = {
  current: null
  };
  const hasReducedMotionListener = {
  current: false
  };
  ;
  ;
  const isBrowser = ("TURBOPACK compile-time value", "undefined") !== "undefined";
  function initPrefersReducedMotion() {
  hasReducedMotionListener.current = true;
  if ("TURBOPACK compile-time truthy", 1) return;
  //TURBOPACK unreachable
  ;
  }
  ;
  function getValueState(visualElement) {
  const state = [
  {},
  {}
  ];
  visualElement?.values.forEach((value, key)=>{
  state[0][key] = value.get();
  state[1][key] = value.getVelocity();
  });
  return state;
  }
  function resolveVariantFromProps(props, definition, custom, visualElement) {
  /**
       * If the variant definition is a function, resolve.
       */ if (typeof definition === "function") {
  const [current, velocity] = getValueState(visualElement);
  definition = definition(custom !== undefined ? custom : props.custom, current, velocity);
  }
  /**
       * If the variant definition is a variant label, or
       * the function returned a variant label, resolve.
       */ if (typeof definition === "string") {
  definition = props.variants && props.variants[definition];
  }
  /**
       * At this point we've resolved both functions and variant labels,
       * but the resolved variant label might itself have been a function.
       * If so, resolve. This can only have returned a valid target object.
       */ if (typeof definition === "function") {
  const [current, velocity] = getValueState(visualElement);
  definition = definition(custom !== undefined ? custom : props.custom, current, velocity);
  }
  return definition;
  }
  ;
  ;
  ;
  ;
  ;
  ;
  ;
  ;
  ;
  ;
  ;
  ;
  ;
  ;
  ;
  ;
  ;
  ;
  ;
  ;
  ;
  const propEventHandlers = [
  "AnimationStart",
  "AnimationComplete",
  "Update",
  "BeforeLayoutMeasure",
  "LayoutMeasure",
  "LayoutAnimationStart",
  "LayoutAnimationComplete"
  ];
  /**
   * Static feature definitions - can be injected by framework layer
   */ let featureDefinitions = {};
  /**
   * Set feature definitions for all VisualElements.
   * This should be called by the framework layer (e.g., framer-motion) during initialization.
   */ function setFeatureDefinitions(definitions) {
  featureDefinitions = definitions;
  }
  /**
   * Get the current feature definitions
   */ function getFeatureDefinitions() {
  return featureDefinitions;
  }
  /**
   * A VisualElement is an imperative abstraction around UI elements such as
   * HTMLElement, SVGElement, Three.Object3D etc.
   */ class VisualElement {
  /**
       * This method takes React props and returns found MotionValues. For example, HTML
       * MotionValues will be found within the style prop, whereas for Three.js within attribute arrays.
       *
       * This isn't an abstract method as it needs calling in the constructor, but it is
       * intended to be one.
       */ scrapeMotionValuesFromProps(_props, _prevProps, _visualElement) {
  return {};
  }
  constructor({ parent, props, presenceContext, reducedMotionConfig, skipAnimations, blockInitialAnimation, visualState }, options = {}){
  /**
           * A reference to the current underlying Instance, e.g. a HTMLElement
           * or Three.Mesh etc.
           */ this.current = null;
  /**
           * A set containing references to this VisualElement's children.
           */ this.children = new Set();
  /**
           * Determine what role this visual element should take in the variant tree.
           */ this.isVariantNode = false;
  this.isControllingVariants = false;
  /**
           * Decides whether this VisualElement should animate in reduced motion
           * mode.
           *
           * TODO: This is currently set on every individual VisualElement but feels
           * like it could be set globally.
           */ this.shouldReduceMotion = null;
  /**
           * Decides whether animations should be skipped for this VisualElement.
           * Useful for E2E tests and visual regression testing.
           */ this.shouldSkipAnimations = false;
  /**
           * A map of all motion values attached to this visual element. Motion
           * values are source of truth for any given animated value. A motion
           * value might be provided externally by the component via props.
           */ this.values = new Map();
  this.KeyframeResolver = KeyframeResolver;
  /**
           * Cleanup functions for active features (hover/tap/exit etc)
           */ this.features = {};
  /**
           * A map of every subscription that binds the provided or generated
           * motion values onChange listeners to this visual element.
           */ this.valueSubscriptions = new Map();
  /**
           * A reference to the previously-provided motion values as returned
           * from scrapeMotionValuesFromProps. We use the keys in here to determine
           * if any motion values need to be removed after props are updated.
           */ this.prevMotionValues = {};
  /**
           * Track whether this element has been mounted before, to detect
           * remounts after Suspense unmount/remount cycles.
           */ this.hasBeenMounted = false;
  /**
           * An object containing a SubscriptionManager for each active event.
           */ this.events = {};
  /**
           * An object containing an unsubscribe function for each prop event subscription.
           * For example, every "Update" event can have multiple subscribers via
           * VisualElement.on(), but only one of those can be defined via the onUpdate prop.
           */ this.propEventSubscriptions = {};
  this.notifyUpdate = ()=>this.notify("Update", this.latestValues);
  this.render = ()=>{
  if (!this.current) return;
  this.triggerBuild();
  this.renderInstance(this.current, this.renderState, this.props.style, this.projection);
  };
  this.renderScheduledAt = 0.0;
  this.scheduleRender = ()=>{
  const now = time.now();
  if (this.renderScheduledAt < now) {
  this.renderScheduledAt = now;
  frame.render(this.render, false, true);
  }
  };
  const { latestValues, renderState } = visualState;
  this.latestValues = latestValues;
  this.baseTarget = {
  ...latestValues
  };
  this.initialValues = props.initial ? {
  ...latestValues
  } : {};
  this.renderState = renderState;
  this.parent = parent;
  this.props = props;
  this.presenceContext = presenceContext;
  this.depth = parent ? parent.depth + 1 : 0;
  this.reducedMotionConfig = reducedMotionConfig;
  this.skipAnimationsConfig = skipAnimations;
  this.options = options;
  this.blockInitialAnimation = Boolean(blockInitialAnimation);
  this.isControllingVariants = isControllingVariants(props);
  this.isVariantNode = isVariantNode(props);
  if (this.isVariantNode) {
  this.variantChildren = new Set();
  }
  this.manuallyAnimateOnMount = Boolean(parent && parent.current);
  /**
           * Any motion values that are provided to the element when created
           * aren't yet bound to the element, as this would technically be impure.
           * However, we iterate through the motion values and set them to the
           * initial values for this component.
           *
           * TODO: This is impure and we should look at changing this to run on mount.
           * Doing so will break some tests but this isn't necessarily a breaking change,
           * more a reflection of the test.
           */ const { willChange, ...initialMotionValues } = this.scrapeMotionValuesFromProps(props, {}, this);
  for(const key in initialMotionValues){
  const value = initialMotionValues[key];
  if (latestValues[key] !== undefined && isMotionValue(value)) {
  value.set(latestValues[key]);
  }
  }
  }
  mount(instance) {
  /**
           * If this element has been mounted before (e.g. after a Suspense
           * unmount/remount), reset motion values to their initial state
           * so animations replay correctly from initial → animate.
           */ if (this.hasBeenMounted) {
  for(const key in this.initialValues){
  this.values.get(key)?.jump(this.initialValues[key]);
  this.latestValues[key] = this.initialValues[key];
  }
  }
  this.current = instance;
  visualElementStore.set(instance, this);
  if (this.projection && !this.projection.instance) {
  this.projection.mount(instance);
  }
  if (this.parent && this.isVariantNode && !this.isControllingVariants) {
  this.removeFromVariantTree = this.parent.addVariantChild(this);
  }
  this.values.forEach((value, key)=>this.bindToMotionValue(key, value));
  /**
           * Determine reduced motion preference. Only initialize the matchMedia
           * listener if we actually need the dynamic value (i.e., when config
           * is neither "never" nor "always").
           */ if (this.reducedMotionConfig === "never") {
  this.shouldReduceMotion = false;
  } else if (this.reducedMotionConfig === "always") {
  this.shouldReduceMotion = true;
  } else {
  if (!hasReducedMotionListener.current) {
  initPrefersReducedMotion();
  }
  this.shouldReduceMotion = prefersReducedMotion.current;
  }
  if ("TURBOPACK compile-time falsy", 0) //TURBOPACK unreachable
  ;
  /**
           * Set whether animations should be skipped based on the config.
           */ this.shouldSkipAnimations = this.skipAnimationsConfig ?? false;
  this.parent?.addChild(this);
  this.update(this.props, this.presenceContext);
  this.hasBeenMounted = true;
  }
  unmount() {
  this.projection && this.projection.unmount();
  cancelFrame(this.notifyUpdate);
  cancelFrame(this.render);
  this.valueSubscriptions.forEach((remove)=>remove());
  this.valueSubscriptions.clear();
  this.removeFromVariantTree && this.removeFromVariantTree();
  this.parent?.removeChild(this);
  for(const key in this.events){
  this.events[key].clear();
  }
  for(const key in this.features){
  const feature = this.features[key];
  if (feature) {
  feature.unmount();
  feature.isMounted = false;
  }
  }
  this.current = null;
  }
  addChild(child) {
  this.children.add(child);
  this.enteringChildren ?? (this.enteringChildren = new Set());
  this.enteringChildren.add(child);
  }
  removeChild(child) {
  this.children.delete(child);
  this.enteringChildren && this.enteringChildren.delete(child);
  }
  bindToMotionValue(key, value) {
  if (this.valueSubscriptions.has(key)) {
  this.valueSubscriptions.get(key)();
  }
  if (value.accelerate && acceleratedValues.has(key) && this.current instanceof HTMLElement) {
  const { factory, keyframes, times, ease, duration } = value.accelerate;
  const animation = new NativeAnimation({
  element: this.current,
  name: key,
  keyframes,
  times,
  ease,
  duration: secondsToMilliseconds(duration)
  });
  const cleanup = factory(animation);
  this.valueSubscriptions.set(key, ()=>{
  cleanup();
  animation.cancel();
  });
  return;
  }
  const valueIsTransform = transformProps.has(key);
  if (valueIsTransform && this.onBindTransform) {
  this.onBindTransform();
  }
  const removeOnChange = value.on("change", (latestValue)=>{
  this.latestValues[key] = latestValue;
  this.props.onUpdate && frame.preRender(this.notifyUpdate);
  if (valueIsTransform && this.projection) {
  this.projection.isTransformDirty = true;
  }
  this.scheduleRender();
  });
  let removeSyncCheck;
  if ("TURBOPACK compile-time falsy", 0) //TURBOPACK unreachable
  ;
  this.valueSubscriptions.set(key, ()=>{
  removeOnChange();
  if (removeSyncCheck) removeSyncCheck();
  if (value.owner) value.stop();
  });
  }
  sortNodePosition(other) {
  /**
           * If these nodes aren't even of the same type we can't compare their depth.
           */ if (!this.current || !this.sortInstanceNodePosition || this.type !== other.type) {
  return 0;
  }
  return this.sortInstanceNodePosition(this.current, other.current);
  }
  updateFeatures() {
  let key = "animation";
  for(key in featureDefinitions){
  const featureDefinition = featureDefinitions[key];
  if (!featureDefinition) continue;
  const { isEnabled, Feature: FeatureConstructor } = featureDefinition;
  /**
               * If this feature is enabled but not active, make a new instance.
               */ if (!this.features[key] && FeatureConstructor && isEnabled(this.props)) {
  this.features[key] = new FeatureConstructor(this);
  }
  /**
               * If we have a feature, mount or update it.
               */ if (this.features[key]) {
  const feature = this.features[key];
  if (feature.isMounted) {
  feature.update();
  } else {
  feature.mount();
  feature.isMounted = true;
  }
  }
  }
  }
  triggerBuild() {
  this.build(this.renderState, this.latestValues, this.props);
  }
  /**
       * Measure the current viewport box with or without transforms.
       * Only measures axis-aligned boxes, rotate and skew must be manually
       * removed with a re-render to work.
       */ measureViewportBox() {
  return this.current ? this.measureInstanceViewportBox(this.current, this.props) : createBox();
  }
  getStaticValue(key) {
  return this.latestValues[key];
  }
  setStaticValue(key, value) {
  this.latestValues[key] = value;
  }
  /**
       * Update the provided props. Ensure any newly-added motion values are
       * added to our map, old ones removed, and listeners updated.
       */ update(props, presenceContext) {
  if (props.transformTemplate || this.props.transformTemplate) {
  this.scheduleRender();
  }
  this.prevProps = this.props;
  this.props = props;
  this.prevPresenceContext = this.presenceContext;
  this.presenceContext = presenceContext;
  /**
           * Update prop event handlers ie onAnimationStart, onAnimationComplete
           */ for(let i = 0; i < propEventHandlers.length; i++){
  const key = propEventHandlers[i];
  if (this.propEventSubscriptions[key]) {
  this.propEventSubscriptions[key]();
  delete this.propEventSubscriptions[key];
  }
  const listenerName = "on" + key;
  const listener = props[listenerName];
  if (listener) {
  this.propEventSubscriptions[key] = this.on(key, listener);
  }
  }
  this.prevMotionValues = updateMotionValuesFromProps(this, this.scrapeMotionValuesFromProps(props, this.prevProps || {}, this), this.prevMotionValues);
  if (this.handleChildMotionValue) {
  this.handleChildMotionValue();
  }
  }
  getProps() {
  return this.props;
  }
  /**
       * Returns the variant definition with a given name.
       */ getVariant(name) {
  return this.props.variants ? this.props.variants[name] : undefined;
  }
  /**
       * Returns the defined default transition on this component.
       */ getDefaultTransition() {
  return this.props.transition;
  }
  getTransformPagePoint() {
  return this.props.transformPagePoint;
  }
  getClosestVariantNode() {
  return this.isVariantNode ? this : this.parent ? this.parent.getClosestVariantNode() : undefined;
  }
  /**
       * Add a child visual element to our set of children.
       */ addVariantChild(child) {
  const closestVariantNode = this.getClosestVariantNode();
  if (closestVariantNode) {
  closestVariantNode.variantChildren && closestVariantNode.variantChildren.add(child);
  return ()=>closestVariantNode.variantChildren.delete(child);
  }
  }
  /**
       * Add a motion value and bind it to this visual element.
       */ addValue(key, value) {
  // Remove existing value if it exists
  const existingValue = this.values.get(key);
  if (value !== existingValue) {
  if (existingValue) this.removeValue(key);
  this.bindToMotionValue(key, value);
  this.values.set(key, value);
  this.latestValues[key] = value.get();
  }
  }
  /**
       * Remove a motion value and unbind any active subscriptions.
       */ removeValue(key) {
  this.values.delete(key);
  const unsubscribe = this.valueSubscriptions.get(key);
  if (unsubscribe) {
  unsubscribe();
  this.valueSubscriptions.delete(key);
  }
  delete this.latestValues[key];
  this.removeValueFromRenderState(key, this.renderState);
  }
  /**
       * Check whether we have a motion value for this key
       */ hasValue(key) {
  return this.values.has(key);
  }
  getValue(key, defaultValue) {
  if (this.props.values && this.props.values[key]) {
  return this.props.values[key];
  }
  let value = this.values.get(key);
  if (value === undefined && defaultValue !== undefined) {
  value = motionValue(defaultValue === null ? undefined : defaultValue, {
  owner: this
  });
  this.addValue(key, value);
  }
  return value;
  }
  /**
       * If we're trying to animate to a previously unencountered value,
       * we need to check for it in our state and as a last resort read it
       * directly from the instance (which might have performance implications).
       */ readValue(key, target) {
  let value = this.latestValues[key] !== undefined || !this.current ? this.latestValues[key] : this.getBaseTargetFromProps(this.props, key) ?? this.readValueFromInstance(this.current, key, this.options);
  if (value !== undefined && value !== null) {
  if (typeof value === "string" && (isNumericalString(value) || isZeroValueString(value))) {
  // If this is a number read as a string, ie "0" or "200", convert it to a number
  value = parseFloat(value);
  } else if (!findValueType(value) && complex.test(target)) {
  value = getAnimatableNone1(key, target);
  }
  this.setBaseTarget(key, isMotionValue(value) ? value.get() : value);
  }
  return isMotionValue(value) ? value.get() : value;
  }
  /**
       * Set the base target to later animate back to. This is currently
       * only hydrated on creation and when we first read a value.
       */ setBaseTarget(key, value) {
  this.baseTarget[key] = value;
  }
  /**
       * Find the base target for a value thats been removed from all animation
       * props.
       */ getBaseTarget(key) {
  const { initial } = this.props;
  let valueFromInitial;
  if (typeof initial === "string" || typeof initial === "object") {
  const variant = resolveVariantFromProps(this.props, initial, this.presenceContext?.custom);
  if (variant) {
  valueFromInitial = variant[key];
  }
  }
  /**
           * If this value still exists in the current initial variant, read that.
           */ if (initial && valueFromInitial !== undefined) {
  return valueFromInitial;
  }
  /**
           * Alternatively, if this VisualElement config has defined a getBaseTarget
           * so we can read the value from an alternative source, try that.
           */ const target = this.getBaseTargetFromProps(this.props, key);
  if (target !== undefined && !isMotionValue(target)) return target;
  /**
           * If the value was initially defined on initial, but it doesn't any more,
           * return undefined. Otherwise return the value as initially read from the DOM.
           */ return this.initialValues[key] !== undefined && valueFromInitial === undefined ? undefined : this.baseTarget[key];
  }
  on(eventName, callback) {
  if (!this.events[eventName]) {
  this.events[eventName] = new SubscriptionManager();
  }
  return this.events[eventName].add(callback);
  }
  notify(eventName, ...args) {
  if (this.events[eventName]) {
  this.events[eventName].notify(...args);
  }
  }
  scheduleRenderMicrotask() {
  microtask.render(this.render);
  }
  }
  ;
  ;
  ;
  ;
  class DOMVisualElement extends VisualElement {
  constructor(){
  super(...arguments);
  this.KeyframeResolver = DOMKeyframesResolver;
  }
  sortInstanceNodePosition(a, b) {
  /**
           * compareDocumentPosition returns a bitmask, by using the bitwise &
           * we're returning true if 2 in that bitmask is set to true. 2 is set
           * to true if b preceeds a.
           */ return a.compareDocumentPosition(b) & 2 ? 1 : -1;
  }
  getBaseTargetFromProps(props, key) {
  const style = props.style;
  return style ? style[key] : undefined;
  }
  removeValueFromRenderState(key, { vars, style }) {
  delete vars[key];
  delete style[key];
  }
  handleChildMotionValue() {
  if (this.childSubscription) {
  this.childSubscription();
  delete this.childSubscription;
  }
  const { children } = this.props;
  if (isMotionValue(children)) {
  this.childSubscription = children.on("change", (latest)=>{
  if (this.current) {
  this.current.textContent = `${latest}`;
  }
  });
  }
  }
  }
  ;
  function camelToDash(str) {
  return str.replace(/([A-Z])/g, (match)=>`-${match.toLowerCase()}`);
  }
  ;
  /**
   * Provided a value and a ValueType, returns the value as that value type.
   */ const getValueAsType = (value, type)=>{
  return type && typeof value === "number" ? type.transform(value) : value;
  };
  ;
  ;
  ;
  ;
  const translateAlias = {
  x: "translateX",
  y: "translateY",
  z: "translateZ",
  transformPerspective: "perspective"
  };
  const numTransforms = transformPropOrder.length;
  /**
   * Build a CSS transform style from individual x/y/scale etc properties.
   *
   * This outputs with a default order of transforms/scales/rotations, this can be customised by
   * providing a transformTemplate function.
   */ function buildTransform(latestValues, transform, transformTemplate) {
  // The transform string we're going to build into.
  let transformString = "";
  let transformIsDefault = true;
  /**
       * Loop over all possible transforms in order, adding the ones that
       * are present to the transform string.
       */ for(let i = 0; i < numTransforms; i++){
  const key = transformPropOrder[i];
  const value = latestValues[key];
  if (value === undefined) continue;
  let valueIsDefault = true;
  if (typeof value === "number") {
  valueIsDefault = value === (key.startsWith("scale") ? 1 : 0);
  } else {
  const parsed = parseFloat(value);
  valueIsDefault = key.startsWith("scale") ? parsed === 1 : parsed === 0;
  }
  if (!valueIsDefault || transformTemplate) {
  const valueAsType = getValueAsType(value, numberValueTypes[key]);
  if (!valueIsDefault) {
  transformIsDefault = false;
  const transformName = translateAlias[key] || key;
  transformString += `${transformName}(${valueAsType}) `;
  }
  if (transformTemplate) {
  transform[key] = valueAsType;
  }
  }
  }
  transformString = transformString.trim();
  // If we have a custom `transform` template, pass our transform values and
  // generated transformString to that before returning
  if (transformTemplate) {
  transformString = transformTemplate(transform, transformIsDefault ? "" : transformString);
  } else if (transformIsDefault) {
  transformString = "none";
  }
  return transformString;
  }
  ;
  ;
  ;
  ;
  ;
  ;
  function buildHTMLStyles(state, latestValues, transformTemplate) {
  const { style, vars, transformOrigin } = state;
  // Track whether we encounter any transform or transformOrigin values.
  let hasTransform = false;
  let hasTransformOrigin = false;
  /**
       * Loop over all our latest animated values and decide whether to handle them
       * as a style or CSS variable.
       *
       * Transforms and transform origins are kept separately for further processing.
       */ for(const key in latestValues){
  const value = latestValues[key];
  if (transformProps.has(key)) {
  // If this is a transform, flag to enable further transform processing
  hasTransform = true;
  continue;
  } else if (isCSSVariableName(key)) {
  vars[key] = value;
  continue;
  } else {
  // Convert the value to its default value type, ie 0 -> "0px"
  const valueAsType = getValueAsType(value, numberValueTypes[key]);
  if (key.startsWith("origin")) {
  // If this is a transform origin, flag and enable further transform-origin processing
  hasTransformOrigin = true;
  transformOrigin[key] = valueAsType;
  } else {
  style[key] = valueAsType;
  }
  }
  }
  if (!latestValues.transform) {
  if (hasTransform || transformTemplate) {
  style.transform = buildTransform(latestValues, state.transform, transformTemplate);
  } else if (style.transform) {
  /**
               * If we have previously created a transform but currently don't have any,
               * reset transform style to none.
               */ style.transform = "none";
  }
  }
  /**
       * Build a transformOrigin style. Uses the same defaults as the browser for
       * undefined origins.
       */ if (hasTransformOrigin) {
  const { originX = "50%", originY = "50%", originZ = 0 } = transformOrigin;
  style.transformOrigin = `${originX} ${originY} ${originZ}`;
  }
  }
  ;
  const dashKeys = {
  offset: "stroke-dashoffset",
  array: "stroke-dasharray"
  };
  const camelKeys = {
  offset: "strokeDashoffset",
  array: "strokeDasharray"
  };
  /**
   * Build SVG path properties. Uses the path's measured length to convert
   * our custom pathLength, pathSpacing and pathOffset into stroke-dashoffset
   * and stroke-dasharray attributes.
   *
   * This function is mutative to reduce per-frame GC.
   *
   * Note: We use unitless values for stroke-dasharray and stroke-dashoffset
   * because Safari incorrectly scales px values when the page is zoomed.
   */ function buildSVGPath(attrs, length, spacing = 1, offset = 0, useDashCase = true) {
  // Normalise path length by setting SVG attribute pathLength to 1
  attrs.pathLength = 1;
  // We use dash case when setting attributes directly to the DOM node and camel case
  // when defining props on a React component.
  const keys = useDashCase ? dashKeys : camelKeys;
  // Build the dash offset (unitless to avoid Safari zoom bug)
  attrs[keys.offset] = `${-offset}`;
  // Build the dash array (unitless to avoid Safari zoom bug)
  attrs[keys.array] = `${length} ${spacing}`;
  }
  ;
  ;
  ;
  /**
   * CSS Motion Path properties that should remain as CSS styles on SVG elements.
   */ const cssMotionPathProperties = [
  "offsetDistance",
  "offsetPath",
  "offsetRotate",
  "offsetAnchor"
  ];
  /**
   * Build SVG visual attributes, like cx and style.transform
   */ function buildSVGAttrs(state, { attrX, attrY, attrScale, pathLength, pathSpacing = 1, pathOffset = 0, // This is object creation, which we try to avoid per-frame.
  ...latest }, isSVGTag, transformTemplate, styleProp) {
  buildHTMLStyles(state, latest, transformTemplate);
  /**
       * For svg tags we just want to make sure viewBox is animatable and treat all the styles
       * as normal HTML tags.
       */ if (isSVGTag) {
  if (state.style.viewBox) {
  state.attrs.viewBox = state.style.viewBox;
  }
  return;
  }
  state.attrs = state.style;
  state.style = {};
  const { attrs, style } = state;
  /**
       * However, we apply transforms as CSS transforms.
       * So if we detect a transform, transformOrigin we take it from attrs and copy it into style.
       */ if (attrs.transform) {
  style.transform = attrs.transform;
  delete attrs.transform;
  }
  if (style.transform || attrs.transformOrigin) {
  style.transformOrigin = attrs.transformOrigin ?? "50% 50%";
  delete attrs.transformOrigin;
  }
  if (style.transform) {
  /**
           * SVG's element transform-origin uses its own median as a reference.
           * Therefore, transformBox becomes a fill-box
           */ style.transformBox = styleProp?.transformBox ?? "fill-box";
  delete attrs.transformBox;
  }
  for (const key of cssMotionPathProperties){
  if (attrs[key] !== undefined) {
  style[key] = attrs[key];
  delete attrs[key];
  }
  }
  // Render attrX/attrY/attrScale as attributes
  if (attrX !== undefined) attrs.x = attrX;
  if (attrY !== undefined) attrs.y = attrY;
  if (attrScale !== undefined) attrs.scale = attrScale;
  // Build SVG path if one has been defined
  if (pathLength !== undefined) {
  buildSVGPath(attrs, pathLength, pathSpacing, pathOffset, false);
  }
  }
  ;
  /**
   * A set of attribute names that are always read/written as camel case.
   */ const camelCaseAttributes = new Set([
  "baseFrequency",
  "diffuseConstant",
  "kernelMatrix",
  "kernelUnitLength",
  "keySplines",
  "keyTimes",
  "limitingConeAngle",
  "markerHeight",
  "markerWidth",
  "numOctaves",
  "targetX",
  "targetY",
  "surfaceScale",
  "specularConstant",
  "specularExponent",
  "stdDeviation",
  "tableValues",
  "viewBox",
  "gradientTransform",
  "pathLength",
  "startOffset",
  "textLength",
  "lengthAdjust"
  ]);
  ;
  const isSVGTag = (tag)=>typeof tag === "string" && tag.toLowerCase() === "svg";
  ;
  function renderHTML(element, { style, vars }, styleProp, projection) {
  const elementStyle = element.style;
  let key;
  for(key in style){
  // CSSStyleDeclaration has [index: number]: string; in the types, so we use that as key type.
  elementStyle[key] = style[key];
  }
  // Write projection styles directly to element style
  projection?.applyProjectionStyles(elementStyle, styleProp);
  for(key in vars){
  // Loop over any CSS variables and assign those.
  // They can only be assigned using `setProperty`.
  elementStyle.setProperty(key, vars[key]);
  }
  }
  ;
  ;
  ;
  ;
  function renderSVG(element, renderState, _styleProp, projection) {
  renderHTML(element, renderState, undefined, projection);
  for(const key in renderState.attrs){
  element.setAttribute(!camelCaseAttributes.has(key) ? camelToDash(key) : key, renderState.attrs[key]);
  }
  }
  ;
  ;
  function pixelsToPercent(pixels, axis) {
  if (axis.max === axis.min) return 0;
  return pixels / (axis.max - axis.min) * 100;
  }
  /**
   * We always correct borderRadius as a percentage rather than pixels to reduce paints.
   * For example, if you are projecting a box that is 100px wide with a 10px borderRadius
   * into a box that is 200px wide with a 20px borderRadius, that is actually a 10%
   * borderRadius in both states. If we animate between the two in pixels that will trigger
   * a paint each time. If we animate between the two in percentage we'll avoid a paint.
   */ const correctBorderRadius = {
  correct: (latest, node)=>{
  if (!node.target) return latest;
  /**
           * If latest is a string, if it's a percentage we can return immediately as it's
           * going to be stretched appropriately. Otherwise, if it's a pixel, convert it to a number.
           */ if (typeof latest === "string") {
  if (px.test(latest)) {
  latest = parseFloat(latest);
  } else {
  return latest;
  }
  }
  /**
           * If latest is a number, it's a pixel value. We use the current viewportBox to calculate that
           * pixel value as a percentage of each axis
           */ const x = pixelsToPercent(latest, node.target.x);
  const y = pixelsToPercent(latest, node.target.y);
  return `${x}% ${y}%`;
  }
  };
  ;
  /*
    Value in range from progress
  
    Given a lower limit and an upper limit, we return the value within
    that range as expressed by progress (usually a number from 0 to 1)
  
    So progress = 0.5 would change
  
    from -------- to
  
    to
  
    from ---- to
  
    E.g. from = 10, to = 20, progress = 0.5 => 15
  
    @param [number]: Lower limit of range
    @param [number]: Upper limit of range
    @param [number]: The progress between lower and upper limits expressed 0-1
    @return [number]: Value as calculated from progress within range (not limited within range)
  */ const mixNumber = (from, to, progress)=>{
  return from + (to - from) * progress;
  };
  ;
  ;
  ;
  const correctBoxShadow = {
  correct: (latest, { treeScale, projectionDelta })=>{
  const original = latest;
  const shadow = complex.parse(latest);
  // TODO: Doesn't support multiple shadows
  if (shadow.length > 5) return original;
  const template = complex.createTransformer(latest);
  const offset = typeof shadow[0] !== "number" ? 1 : 0;
  // Calculate the overall context scale
  const xScale = projectionDelta.x.scale * treeScale.x;
  const yScale = projectionDelta.y.scale * treeScale.y;
  shadow[0 + offset] /= xScale;
  shadow[1 + offset] /= yScale;
  /**
           * Ideally we'd correct x and y scales individually, but because blur and
           * spread apply to both we have to take a scale average and apply that instead.
           * We could potentially improve the outcome of this by incorporating the ratio between
           * the two scales.
           */ const averageScale = mixNumber(xScale, yScale, 0.5);
  // Blur
  if (typeof shadow[2 + offset] === "number") shadow[2 + offset] /= averageScale;
  // Spread
  if (typeof shadow[3 + offset] === "number") shadow[3 + offset] /= averageScale;
  return template(shadow);
  }
  };
  ;
  ;
  ;
  ;
  const scaleCorrectors = {
  borderRadius: {
  ...correctBorderRadius,
  applyTo: [
  "borderTopLeftRadius",
  "borderTopRightRadius",
  "borderBottomLeftRadius",
  "borderBottomRightRadius"
  ]
  },
  borderTopLeftRadius: correctBorderRadius,
  borderTopRightRadius: correctBorderRadius,
  borderBottomLeftRadius: correctBorderRadius,
  borderBottomRightRadius: correctBorderRadius,
  boxShadow: correctBoxShadow
  };
  function addScaleCorrector(correctors) {
  for(const key in correctors){
  scaleCorrectors[key] = correctors[key];
  if (isCSSVariableName(key)) {
  scaleCorrectors[key].isCSSVariable = true;
  }
  }
  }
  ;
  ;
  ;
  ;
  function isForcedMotionValue(key, { layout, layoutId }) {
  return transformProps.has(key) || key.startsWith("origin") || (layout || layoutId !== undefined) && (!!scaleCorrectors[key] || key === "opacity");
  }
  ;
  ;
  ;
  function scrapeMotionValuesFromProps(props, prevProps, visualElement) {
  const style = props.style;
  const prevStyle = prevProps?.style;
  const newValues = {};
  if (!style) return newValues;
  for(const key in style){
  if (isMotionValue(style[key]) || prevStyle && isMotionValue(prevStyle[key]) || isForcedMotionValue(key, props) || visualElement?.getValue(key)?.liveStyle !== undefined) {
  newValues[key] = style[key];
  }
  }
  return newValues;
  }
  ;
  ;
  ;
  ;
  function scrapeMotionValuesFromProps1(props, prevProps, visualElement) {
  const newValues = scrapeMotionValuesFromProps(props, prevProps, visualElement);
  for(const key in props){
  if (isMotionValue(props[key]) || isMotionValue(prevProps[key])) {
  const targetKey = transformPropOrder.indexOf(key) !== -1 ? "attr" + key.charAt(0).toUpperCase() + key.substring(1) : key;
  newValues[targetKey] = props[key];
  }
  }
  return newValues;
  }
  ;
  ;
  ;
  ;
  ;
  ;
  ;
  ;
  ;
  ;
  ;
  class SVGVisualElement extends DOMVisualElement {
  constructor(){
  super(...arguments);
  this.type = "svg";
  this.isSVGTag = false;
  this.measureInstanceViewportBox = createBox;
  }
  getBaseTargetFromProps(props, key) {
  return props[key];
  }
  readValueFromInstance(instance, key) {
  if (transformProps.has(key)) {
  const defaultType = getDefaultValueType(key);
  return defaultType ? defaultType.default || 0 : 0;
  }
  key = !camelCaseAttributes.has(key) ? camelToDash(key) : key;
  return instance.getAttribute(key);
  }
  scrapeMotionValuesFromProps(props, prevProps, visualElement) {
  return scrapeMotionValuesFromProps1(props, prevProps, visualElement);
  }
  build(renderState, latestValues, props) {
  buildSVGAttrs(renderState, latestValues, this.isSVGTag, props.transformTemplate, props.style);
  }
  renderInstance(instance, renderState, styleProp, projection) {
  renderSVG(instance, renderState, styleProp, projection);
  }
  mount(instance) {
  this.isSVGTag = isSVGTag(instance.tagName);
  super.mount(instance);
  }
  }
  ;
  /**
   * Bounding boxes tend to be defined as top, left, right, bottom. For various operations
   * it's easier to consider each axis individually. This function returns a bounding box
   * as a map of single-axis min/max values.
   */ function convertBoundingBoxToBox({ top, left, right, bottom }) {
  return {
  x: {
  min: left,
  max: right
  },
  y: {
  min: top,
  max: bottom
  }
  };
  }
  function convertBoxToBoundingBox({ x, y }) {
  return {
  top: y.min,
  right: x.max,
  bottom: y.max,
  left: x.min
  };
  }
  /**
   * Applies a TransformPoint function to a bounding box. TransformPoint is usually a function
   * provided by Framer to allow measured points to be corrected for device scaling. This is used
   * when measuring DOM elements and DOM event points.
   */ function transformBoxPoints(point, transformPoint) {
  if (!transformPoint) return point;
  const topLeft = transformPoint({
  x: point.left,
  y: point.top
  });
  const bottomRight = transformPoint({
  x: point.right,
  y: point.bottom
  });
  return {
  top: topLeft.y,
  left: topLeft.x,
  bottom: bottomRight.y,
  right: bottomRight.x
  };
  }
  ;
  function isIdentityScale(scale) {
  return scale === undefined || scale === 1;
  }
  function hasScale({ scale, scaleX, scaleY }) {
  return !isIdentityScale(scale) || !isIdentityScale(scaleX) || !isIdentityScale(scaleY);
  }
  function hasTransform(values) {
  return hasScale(values) || has2DTranslate(values) || values.z || values.rotate || values.rotateX || values.rotateY || values.skewX || values.skewY;
  }
  function has2DTranslate(values) {
  return is2DTranslate(values.x) || is2DTranslate(values.y);
  }
  function is2DTranslate(value) {
  return value && value !== "0%";
  }
  ;
  ;
  ;
  /**
   * Scales a point based on a factor and an originPoint
   */ function scalePoint(point, scale, originPoint) {
  const distanceFromOrigin = point - originPoint;
  const scaled = scale * distanceFromOrigin;
  return originPoint + scaled;
  }
  /**
   * Applies a translate/scale delta to a point
   */ function applyPointDelta(point, translate, scale, originPoint, boxScale) {
  if (boxScale !== undefined) {
  point = scalePoint(point, boxScale, originPoint);
  }
  return scalePoint(point, scale, originPoint) + translate;
  }
  /**
   * Applies a translate/scale delta to an axis
   */ function applyAxisDelta(axis, translate = 0, scale = 1, originPoint, boxScale) {
  axis.min = applyPointDelta(axis.min, translate, scale, originPoint, boxScale);
  axis.max = applyPointDelta(axis.max, translate, scale, originPoint, boxScale);
  }
  /**
   * Applies a translate/scale delta to a box
   */ function applyBoxDelta(box, { x, y }) {
  applyAxisDelta(box.x, x.translate, x.scale, x.originPoint);
  applyAxisDelta(box.y, y.translate, y.scale, y.originPoint);
  }
  const TREE_SCALE_SNAP_MIN = 0.999999999999;
  const TREE_SCALE_SNAP_MAX = 1.0000000000001;
  /**
   * Apply a tree of deltas to a box. We do this to calculate the effect of all the transforms
   * in a tree upon our box before then calculating how to project it into our desired viewport-relative box
   *
   * This is the final nested loop within updateLayoutDelta for future refactoring
   */ function applyTreeDeltas(box, treeScale, treePath, isSharedTransition = false) {
  const treeLength = treePath.length;
  if (!treeLength) return;
  // Reset the treeScale
  treeScale.x = treeScale.y = 1;
  let node;
  let delta;
  for(let i = 0; i < treeLength; i++){
  node = treePath[i];
  delta = node.projectionDelta;
  /**
           * TODO: Prefer to remove this, but currently we have motion components with
           * display: contents in Framer.
           */ const { visualElement } = node.options;
  if (visualElement && visualElement.props.style && visualElement.props.style.display === "contents") {
  continue;
  }
  if (isSharedTransition && node.options.layoutScroll && node.scroll && node !== node.root) {
  translateAxis(box.x, -node.scroll.offset.x);
  translateAxis(box.y, -node.scroll.offset.y);
  }
  if (delta) {
  // Incoporate each ancestor's scale into a cumulative treeScale for this component
  treeScale.x *= delta.x.scale;
  treeScale.y *= delta.y.scale;
  // Apply each ancestor's calculated delta into this component's recorded layout box
  applyBoxDelta(box, delta);
  }
  if (isSharedTransition && hasTransform(node.latestValues)) {
  transformBox(box, node.latestValues, node.layout?.layoutBox);
  }
  }
  /**
       * Snap tree scale back to 1 if it's within a non-perceivable threshold.
       * This will help reduce useless scales getting rendered.
       */ if (treeScale.x < TREE_SCALE_SNAP_MAX && treeScale.x > TREE_SCALE_SNAP_MIN) {
  treeScale.x = 1.0;
  }
  if (treeScale.y < TREE_SCALE_SNAP_MAX && treeScale.y > TREE_SCALE_SNAP_MIN) {
  treeScale.y = 1.0;
  }
  }
  function translateAxis(axis, distance) {
  axis.min += distance;
  axis.max += distance;
  }
  /**
   * Apply a transform to an axis from the latest resolved motion values.
   * This function basically acts as a bridge between a flat motion value map
   * and applyAxisDelta
   */ function transformAxis(axis, axisTranslate, axisScale, boxScale, axisOrigin = 0.5) {
  const originPoint = mixNumber(axis.min, axis.max, axisOrigin);
  // Apply the axis delta to the final axis
  applyAxisDelta(axis, axisTranslate, axisScale, originPoint, boxScale);
  }
  function resolveAxisTranslate(value, axis) {
  if (typeof value === "string") {
  return parseFloat(value) / 100 * (axis.max - axis.min);
  }
  return value;
  }
  /**
   * Apply a transform to a box from the latest resolved motion values.
   */ function transformBox(box, transform, sourceBox) {
  const resolveBox = sourceBox ?? box;
  transformAxis(box.x, resolveAxisTranslate(transform.x, resolveBox.x), transform.scaleX, transform.scale, transform.originX);
  transformAxis(box.y, resolveAxisTranslate(transform.y, resolveBox.y), transform.scaleY, transform.scale, transform.originY);
  }
  ;
  ;
  ;
  function measureViewportBox(instance, transformPoint) {
  return convertBoundingBoxToBox(transformBoxPoints(instance.getBoundingClientRect(), transformPoint));
  }
  function measurePageBox(element, rootProjectionNode, transformPagePoint) {
  const viewportBox = measureViewportBox(element, transformPagePoint);
  const { scroll } = rootProjectionNode;
  if (scroll) {
  translateAxis(viewportBox.x, scroll.offset.x);
  translateAxis(viewportBox.y, scroll.offset.y);
  }
  return viewportBox;
  }
  ;
  ;
  ;
  ;
  ;
  ;
  ;
  ;
  ;
  function getComputedStyle2(element) {
  return window.getComputedStyle(element);
  }
  class HTMLVisualElement extends DOMVisualElement {
  constructor(){
  super(...arguments);
  this.type = "html";
  this.renderInstance = renderHTML;
  }
  readValueFromInstance(instance, key) {
  if (transformProps.has(key)) {
  return this.projection?.isProjecting ? defaultTransformValue(key) : readTransformValue(instance, key);
  } else {
  const computedStyle = getComputedStyle2(instance);
  const value = (isCSSVariableName(key) ? computedStyle.getPropertyValue(key) : computedStyle[key]) || 0;
  return typeof value === "string" ? value.trim() : value;
  }
  }
  measureInstanceViewportBox(instance, { transformPagePoint }) {
  return measureViewportBox(instance, transformPagePoint);
  }
  build(renderState, latestValues, props) {
  buildHTMLStyles(renderState, latestValues, props.transformTemplate);
  }
  scrapeMotionValuesFromProps(props, prevProps, visualElement) {
  return scrapeMotionValuesFromProps(props, prevProps, visualElement);
  }
  }
  ;
  var __TURBOPACK__imported__module__72131__10 = __TURBOPACK__imported__module__72131__;
  /**
   * We keep these listed separately as we use the lowercase tag names as part
   * of the runtime bundle to detect SVG components
   */ const lowercaseSVGElements = [
  "animate",
  "circle",
  "defs",
  "desc",
  "ellipse",
  "g",
  "image",
  "line",
  "filter",
  "marker",
  "mask",
  "metadata",
  "path",
  "pattern",
  "polygon",
  "polyline",
  "rect",
  "stop",
  "switch",
  "symbol",
  "svg",
  "text",
  "tspan",
  "use",
  "view"
  ];
  ;
  ;
  function isSVGComponent(Component) {
  if (/**
       * If it's not a string, it's a custom React component. Currently we only support
       * HTML custom React components.
       */ typeof Component !== "string" || /**
           * If it contains a dash, the element is a custom HTML webcomponent.
           */ Component.includes("-")) {
  return false;
  } else if (/**
       * If it's in our list of lowercase SVG tags, it's an SVG component
       */ lowercaseSVGElements.indexOf(Component) > -1 || /**
           * If it contains a capital letter, it's an SVG component
           */ /[A-Z]/u.test(Component)) {
  return true;
  }
  return false;
  }
  ;
  ;
  ;
  ;
  const createDomVisualElement = (Component, options)=>{
  /**
       * Use explicit isSVG override if provided, otherwise auto-detect
       */ const isSVG = options.isSVG ?? isSVGComponent(Component);
  return isSVG ? new SVGVisualElement(options) : new HTMLVisualElement(options, {
  allowProjection: Component !== __TURBOPACK__imported__module__72131__10["Fragment"]
  });
  };
  ;
  var __TURBOPACK__imported__module__87924__9 = __TURBOPACK__imported__module__87924__;
  var __TURBOPACK__imported__module__72131__11 = __TURBOPACK__imported__module__72131__;
  var __TURBOPACK__imported__module__72131__12 = __TURBOPACK__imported__module__72131__;
  "use client";
  ;
  const LayoutGroupContext = (0, __TURBOPACK__imported__module__72131__12["createContext"])({});
  ;
  var __TURBOPACK__imported__module__72131__13 = __TURBOPACK__imported__module__72131__;
  "use client";
  ;
  const LazyContext = (0, __TURBOPACK__imported__module__72131__13["createContext"])({
  strict: false
  });
  ;
  var __TURBOPACK__imported__module__72131__14 = __TURBOPACK__imported__module__72131__;
  "use client";
  ;
  /**
   * @public
   */ const MotionConfigContext = (0, __TURBOPACK__imported__module__72131__14["createContext"])({
  transformPagePoint: (p)=>p,
  isStatic: false,
  reducedMotion: "never"
  });
  ;
  var __TURBOPACK__imported__module__72131__15 = __TURBOPACK__imported__module__72131__;
  "use client";
  ;
  const MotionContext = /* @__PURE__ */ (0, __TURBOPACK__imported__module__72131__15["createContext"])({});
  ;
  var __TURBOPACK__imported__module__72131__16 = __TURBOPACK__imported__module__72131__;
  ;
  function getCurrentTreeVariants(props, context) {
  if (isControllingVariants(props)) {
  const { initial, animate } = props;
  return {
  initial: initial === false || isVariantLabel(initial) ? initial : undefined,
  animate: isVariantLabel(animate) ? animate : undefined
  };
  }
  return props.inherit !== false ? context : {};
  }
  ;
  "use client";
  ;
  ;
  ;
  function useCreateMotionContext(props) {
  const { initial, animate } = getCurrentTreeVariants(props, (0, __TURBOPACK__imported__module__72131__16["useContext"])(MotionContext));
  return (0, __TURBOPACK__imported__module__72131__16["useMemo"])(()=>({
  initial,
  animate
  }), [
  variantLabelsAsDependency(initial),
  variantLabelsAsDependency(animate)
  ]);
  }
  function variantLabelsAsDependency(prop) {
  return Array.isArray(prop) ? prop.join(" ") : prop;
  }
  ;
  var __TURBOPACK__imported__module__72131__17 = __TURBOPACK__imported__module__72131__;
  var __TURBOPACK__imported__module__72131__18 = __TURBOPACK__imported__module__72131__;
  const createHtmlRenderState = ()=>({
  style: {},
  transform: {},
  transformOrigin: {},
  vars: {}
  });
  ;
  "use client";
  ;
  ;
  ;
  function copyRawValuesOnly(target, source, props) {
  for(const key in source){
  if (!isMotionValue(source[key]) && !isForcedMotionValue(key, props)) {
  target[key] = source[key];
  }
  }
  }
  function useInitialMotionValues({ transformTemplate }, visualState) {
  return (0, __TURBOPACK__imported__module__72131__18["useMemo"])(()=>{
  const state = createHtmlRenderState();
  buildHTMLStyles(state, visualState, transformTemplate);
  return Object.assign({}, state.vars, state.style);
  }, [
  visualState
  ]);
  }
  function useStyle(props, visualState) {
  const styleProp = props.style || {};
  const style = {};
  /**
       * Copy non-Motion Values straight into style
       */ copyRawValuesOnly(style, styleProp, props);
  Object.assign(style, useInitialMotionValues(props, visualState));
  return style;
  }
  function useHTMLProps(props, visualState) {
  // The `any` isn't ideal but it is the type of createElement props argument
  const htmlProps = {};
  const style = useStyle(props, visualState);
  if (props.drag && props.dragListener !== false) {
  // Disable the ghost element when a user drags
  htmlProps.draggable = false;
  // Disable text selection
  style.userSelect = style.WebkitUserSelect = style.WebkitTouchCallout = "none";
  // Disable scrolling on the draggable direction
  style.touchAction = props.drag === true ? "none" : `pan-${props.drag === "x" ? "y" : "x"}`;
  }
  if (props.tabIndex === undefined && (props.onTap || props.onTapStart || props.whileTap)) {
  htmlProps.tabIndex = 0;
  }
  htmlProps.style = style;
  return htmlProps;
  }
  ;
  var __TURBOPACK__imported__module__72131__19 = __TURBOPACK__imported__module__72131__;
  ;
  const createSvgRenderState = ()=>({
  ...createHtmlRenderState(),
  attrs: {}
  });
  ;
  "use client";
  ;
  ;
  ;
  ;
  function useSVGProps(props, visualState, _isStatic, Component) {
  const visualProps = (0, __TURBOPACK__imported__module__72131__19["useMemo"])(()=>{
  const state = createSvgRenderState();
  buildSVGAttrs(state, visualState, isSVGTag(Component), props.transformTemplate, props.style);
  return {
  ...state.attrs,
  style: {
  ...state.style
  }
  };
  }, [
  visualState
  ]);
  if (props.style) {
  const rawStyles = {};
  copyRawValuesOnly(rawStyles, props.style, props);
  visualProps.style = {
  ...rawStyles,
  ...visualProps.style
  };
  }
  return visualProps;
  }
  ;
  /**
   * A list of all valid MotionProps.
   *
   * @privateRemarks
   * This doesn't throw if a `MotionProp` name is missing - it should.
   */ const validMotionProps = new Set([
  "animate",
  "exit",
  "variants",
  "initial",
  "style",
  "values",
  "variants",
  "transition",
  "transformTemplate",
  "custom",
  "inherit",
  "onBeforeLayoutMeasure",
  "onAnimationStart",
  "onAnimationComplete",
  "onUpdate",
  "onDragStart",
  "onDrag",
  "onDragEnd",
  "onMeasureDragConstraints",
  "onDirectionLock",
  "onDragTransitionEnd",
  "_dragX",
  "_dragY",
  "onHoverStart",
  "onHoverEnd",
  "onViewportEnter",
  "onViewportLeave",
  "globalTapTarget",
  "propagate",
  "ignoreStrict",
  "viewport"
  ]);
  /**
   * Check whether a prop name is a valid `MotionProp` key.
   *
   * @param key - Name of the property to check
   * @returns `true` is key is a valid `MotionProp`.
   *
   * @public
   */ function isValidMotionProp(key) {
  return key.startsWith("while") || key.startsWith("drag") && key !== "draggable" || key.startsWith("layout") || key.startsWith("onTap") || key.startsWith("onPan") || key.startsWith("onLayout") || validMotionProps.has(key);
  }
  ;
  ;
  ;
  let shouldForward = (key)=>!isValidMotionProp(key);
  function loadExternalIsValidProp(isValidProp) {
  if (typeof isValidProp !== "function") return;
  // Explicitly filter our events
  shouldForward = (key)=>key.startsWith("on") ? !isValidMotionProp(key) : isValidProp(key);
  }
  /**
   * Emotion and Styled Components both allow users to pass through arbitrary props to their components
   * to dynamically generate CSS. They both use the `@emotion/is-prop-valid` package to determine which
   * of these should be passed to the underlying DOM node.
   *
   * However, when styling a Motion component `styled(motion.div)`, both packages pass through *all* props
   * as it's seen as an arbitrary component rather than a DOM node. Motion only allows arbitrary props
   * passed through the `custom` prop so it doesn't *need* the payload or computational overhead of
   * `@emotion/is-prop-valid`, however to fix this problem we need to use it.
   *
   * By making it an optionalDependency we can offer this functionality only in the situations where it's
   * actually required.
   */ try {
  /**
       * We attempt to import this package but require won't be defined in esm environments, in that case
       * isPropValid will have to be provided via `MotionContext`. In a 6.0.0 this should probably be removed
       * in favour of explicit injection.
       *
       * String concatenation prevents bundlers like webpack (e.g. Storybook)
       * from statically resolving this optional dependency at build time.
       */ const emotionPkg = "@emotion/is-prop-" + "valid";
  loadExternalIsValidProp((()=>{
  const e = new Error("Cannot find module '@emotion/is-prop-valid'");
  e.code = 'MODULE_NOT_FOUND';
  throw e;
  })().default);
  } catch  {
  // We don't need to actually do anything here - the fallback is the existing `isPropValid`.
  }
  function filterProps(props, isDom, forwardMotionProps) {
  const filteredProps = {};
  for(const key in props){
  /**
           * values is considered a valid prop by Emotion, so if it's present
           * this will be rendered out to the DOM unless explicitly filtered.
           *
           * We check the type as it could be used with the `feColorMatrix`
           * element, which we support.
           */ if (key === "values" && typeof props.values === "object") continue;
  if (isMotionValue(props[key])) continue;
  if (shouldForward(key) || forwardMotionProps === true && isValidMotionProp(key) || !isDom && !isValidMotionProp(key) || props["draggable"] && key.startsWith("onDrag")) {
  filteredProps[key] = props[key];
  }
  }
  return filteredProps;
  }
  ;
  "use client";
  ;
  ;
  ;
  ;
  ;
  ;
  function useRender(Component, props, ref, { latestValues }, isStatic, forwardMotionProps = false, isSVG) {
  const useVisualProps = isSVG ?? isSVGComponent(Component) ? useSVGProps : useHTMLProps;
  const visualProps = useVisualProps(props, latestValues, isStatic, Component);
  const filteredProps = filterProps(props, typeof Component === "string", forwardMotionProps);
  const elementProps = Component !== __TURBOPACK__imported__module__72131__17["Fragment"] ? {
  ...filteredProps,
  ...visualProps,
  ref
  } : {};
  /**
       * If component has been handed a motion value as its child,
       * memoise its initial value and render that. Subsequent updates
       * will be handled by the onChange handler
       */ const { children } = props;
  const renderedChildren = (0, __TURBOPACK__imported__module__72131__17["useMemo"])(()=>isMotionValue(children) ? children.get() : children, [
  children
  ]);
  return (0, __TURBOPACK__imported__module__72131__17["createElement"])(Component, {
  ...elementProps,
  children: renderedChildren
  });
  }
  ;
  ;
  /**
   * If the provided value is a MotionValue, this returns the actual value, otherwise just the value itself
   */ function resolveMotionValue(value) {
  return isMotionValue(value) ? value.get() : value;
  }
  ;
  var __TURBOPACK__imported__module__72131__20 = __TURBOPACK__imported__module__72131__;
  var __TURBOPACK__imported__module__72131__21 = __TURBOPACK__imported__module__72131__;
  "use client";
  ;
  /**
   * @public
   */ const PresenceContext = /* @__PURE__ */ (0, __TURBOPACK__imported__module__72131__21["createContext"])(null);
  ;
  var __TURBOPACK__imported__module__72131__22 = __TURBOPACK__imported__module__72131__;
  "use client";
  ;
  /**
   * Creates a constant value over the lifecycle of a component.
   *
   * Even if `useMemo` is provided an empty array as its final argument, it doesn't offer
   * a guarantee that it won't re-run for performance reasons later on. By using `useConstant`
   * you can ensure that initialisers don't execute twice or more.
   */ function useConstant(init) {
  const ref = (0, __TURBOPACK__imported__module__72131__22["useRef"])(null);
  if (ref.current === null) {
  ref.current = init();
  }
  return ref.current;
  }
  ;
  "use client";
  ;
  ;
  ;
  ;
  ;
  function makeState({ scrapeMotionValuesFromProps, createRenderState }, props, context, presenceContext) {
  const state = {
  latestValues: makeLatestValues(props, context, presenceContext, scrapeMotionValuesFromProps),
  renderState: createRenderState()
  };
  return state;
  }
  function makeLatestValues(props, context, presenceContext, scrapeMotionValues) {
  const values = {};
  const motionValues = scrapeMotionValues(props, {});
  for(const key in motionValues){
  values[key] = resolveMotionValue(motionValues[key]);
  }
  let { initial, animate } = props;
  const isControllingVariants$1 = isControllingVariants(props);
  const isVariantNode$1 = isVariantNode(props);
  if (context && isVariantNode$1 && !isControllingVariants$1 && props.inherit !== false) {
  if (initial === undefined) initial = context.initial;
  if (animate === undefined) animate = context.animate;
  }
  let isInitialAnimationBlocked = presenceContext ? presenceContext.initial === false : false;
  isInitialAnimationBlocked = isInitialAnimationBlocked || initial === false;
  const variantToSet = isInitialAnimationBlocked ? animate : initial;
  if (variantToSet && typeof variantToSet !== "boolean" && !isAnimationControls(variantToSet)) {
  const list = Array.isArray(variantToSet) ? variantToSet : [
  variantToSet
  ];
  for(let i = 0; i < list.length; i++){
  const resolved = resolveVariantFromProps(props, list[i]);
  if (resolved) {
  const { transitionEnd, transition, ...target } = resolved;
  for(const key in target){
  let valueTarget = target[key];
  if (Array.isArray(valueTarget)) {
  /**
                           * Take final keyframe if the initial animation is blocked because
                           * we want to initialise at the end of that blocked animation.
                           */ const index = isInitialAnimationBlocked ? valueTarget.length - 1 : 0;
  valueTarget = valueTarget[index];
  }
  if (valueTarget !== null) {
  values[key] = valueTarget;
  }
  }
  for(const key in transitionEnd){
  values[key] = transitionEnd[key];
  }
  }
  }
  }
  return values;
  }
  const makeUseVisualState = (config)=>(props, isStatic)=>{
  const context = (0, __TURBOPACK__imported__module__72131__20["useContext"])(MotionContext);
  const presenceContext = (0, __TURBOPACK__imported__module__72131__20["useContext"])(PresenceContext);
  const make = ()=>makeState(config, props, context, presenceContext);
  return isStatic ? make() : useConstant(make);
  };
  ;
  "use client";
  ;
  ;
  ;
  const useHTMLVisualState = /*@__PURE__*/ makeUseVisualState({
  scrapeMotionValuesFromProps: scrapeMotionValuesFromProps,
  createRenderState: createHtmlRenderState
  });
  ;
  "use client";
  ;
  ;
  ;
  const useSVGVisualState = /*@__PURE__*/ makeUseVisualState({
  scrapeMotionValuesFromProps: scrapeMotionValuesFromProps1,
  createRenderState: createSvgRenderState
  });
  ;
  ;
  const featureProps = {
  animation: [
  "animate",
  "variants",
  "whileHover",
  "whileTap",
  "exit",
  "whileInView",
  "whileFocus",
  "whileDrag"
  ],
  exit: [
  "exit"
  ],
  drag: [
  "drag",
  "dragControls"
  ],
  focus: [
  "whileFocus"
  ],
  hover: [
  "whileHover",
  "onHoverStart",
  "onHoverEnd"
  ],
  tap: [
  "whileTap",
  "onTap",
  "onTapStart",
  "onTapCancel"
  ],
  pan: [
  "onPan",
  "onPanStart",
  "onPanSessionStart",
  "onPanEnd"
  ],
  inView: [
  "whileInView",
  "onViewportEnter",
  "onViewportLeave"
  ],
  layout: [
  "layout",
  "layoutId"
  ]
  };
  let isInitialized = false;
  /**
   * Initialize feature definitions with isEnabled checks.
   * This must be called before any motion components are rendered.
   */ function initFeatureDefinitions() {
  if (isInitialized) return;
  const initialFeatureDefinitions = {};
  for(const key in featureProps){
  initialFeatureDefinitions[key] = {
  isEnabled: (props)=>featureProps[key].some((name)=>!!props[name])
  };
  }
  setFeatureDefinitions(initialFeatureDefinitions);
  isInitialized = true;
  }
  /**
   * Get the current feature definitions, initializing if needed.
   */ function getInitializedFeatureDefinitions() {
  initFeatureDefinitions();
  return getFeatureDefinitions();
  }
  ;
  ;
  ;
  function loadFeatures(features) {
  const featureDefinitions = getInitializedFeatureDefinitions();
  for(const key in features){
  featureDefinitions[key] = {
  ...featureDefinitions[key],
  ...features[key]
  };
  }
  setFeatureDefinitions(featureDefinitions);
  }
  ;
  const motionComponentSymbol = Symbol.for("motionComponentSymbol");
  ;
  var __TURBOPACK__imported__module__72131__23 = __TURBOPACK__imported__module__72131__;
  "use client";
  ;
  /**
   * Creates a ref function that, when called, hydrates the provided
   * external ref and VisualElement.
   */ function useMotionRef(visualState, visualElement, externalRef) {
  /**
       * Store externalRef in a ref to avoid including it in the useCallback
       * dependency array. Including externalRef in dependencies causes issues
       * with libraries like Radix UI that create new callback refs on each render
       * when using asChild - this would cause the callback to be recreated,
       * triggering element remounts and breaking AnimatePresence exit animations.
       */ const externalRefContainer = (0, __TURBOPACK__imported__module__72131__23["useRef"])(externalRef);
  (0, __TURBOPACK__imported__module__72131__23["useInsertionEffect"])(()=>{
  externalRefContainer.current = externalRef;
  });
  // Store cleanup function returned by callback refs (React 19 feature)
  const refCleanup = (0, __TURBOPACK__imported__module__72131__23["useRef"])(null);
  return (0, __TURBOPACK__imported__module__72131__23["useCallback"])((instance)=>{
  if (instance) {
  visualState.onMount?.(instance);
  }
  const ref = externalRefContainer.current;
  if (typeof ref === "function") {
  if (instance) {
  const cleanup = ref(instance);
  if (typeof cleanup === "function") {
  refCleanup.current = cleanup;
  }
  } else if (refCleanup.current) {
  refCleanup.current();
  refCleanup.current = null;
  } else {
  ref(instance);
  }
  } else if (ref) {
  ref.current = instance;
  }
  if (visualElement) {
  instance ? visualElement.mount(instance) : visualElement.unmount();
  }
  }, [
  visualElement
  ]);
  }
  ;
  "use client";
  ;
  ;
  ;
  ;
  ;
  ;
  ;
  ;
  ;
  ;
  ;
  ;
  ;
  ;
  ;
  ;
  ;
  /**
   * Create a `motion` component.
   *
   * This function accepts a Component argument, which can be either a string (ie "div"
   * for `motion.div`), or an actual React component.
   *
   * Alongside this is a config option which provides a way of rendering the provided
   * component "offline", or outside the React render cycle.
   */ function createMotionComponent(Component, { forwardMotionProps = false, type } = {}, preloadedFeatures, createVisualElement) {
  preloadedFeatures && loadFeatures(preloadedFeatures);
  /**
       * Determine whether to use SVG or HTML rendering based on:
       * 1. Explicit `type` option (highest priority)
       * 2. Auto-detection via `isSVGComponent`
       */ const isSVG = type ? type === "svg" : isSVGComponent(Component);
  const useVisualState = isSVG ? useSVGVisualState : useHTMLVisualState;
  function MotionDOMComponent(props, externalRef) {
  /**
           * If we need to measure the element we load this functionality in a
           * separate class component in order to gain access to getSnapshotBeforeUpdate.
           */ let MeasureLayout;
  const configAndProps = {
  ...(0, __TURBOPACK__imported__module__72131__11["useContext"])(MotionConfigContext),
  ...props,
  layoutId: useLayoutId(props)
  };
  const { isStatic } = configAndProps;
  const context = useCreateMotionContext(props);
  const visualState = useVisualState(props, isStatic);
  if ("TURBOPACK compile-time falsy", 0) //TURBOPACK unreachable
  ;
  /**
           * The mount order and hierarchy is specific to ensure our element ref
           * is hydrated by the time features fire their effects.
           */ return (0, __TURBOPACK__imported__module__87924__9["jsxs"])(MotionContext.Provider, {
  value: context,
  children: [
  MeasureLayout && context.visualElement ? (0, __TURBOPACK__imported__module__87924__9["jsx"])(MeasureLayout, {
  visualElement: context.visualElement,
  ...configAndProps
  }) : null,
  useRender(Component, props, useMotionRef(visualState, context.visualElement, externalRef), visualState, isStatic, forwardMotionProps, isSVG)
  ]
  });
  }
  MotionDOMComponent.displayName = `motion.${typeof Component === "string" ? Component : `create(${Component.displayName ?? Component.name ?? ""})`}`;
  const ForwardRefMotionComponent = (0, __TURBOPACK__imported__module__72131__11["forwardRef"])(MotionDOMComponent);
  ForwardRefMotionComponent[motionComponentSymbol] = Component;
  return ForwardRefMotionComponent;
  }
  function useLayoutId({ layoutId }) {
  const layoutGroupId = (0, __TURBOPACK__imported__module__72131__11["useContext"])(LayoutGroupContext).id;
  return layoutGroupId && layoutId !== undefined ? layoutGroupId + "-" + layoutId : layoutId;
  }
  function useStrictMode(configAndProps, preloadedFeatures) {
  const isStrict = (0, __TURBOPACK__imported__module__72131__11["useContext"])(LazyContext).strict;
  /**
       * If we're in development mode, check to make sure we're not rendering a motion component
       * as a child of LazyMotion, as this will break the file-size benefits of using it.
       */ if ("TURBOPACK compile-time falsy", 0) //TURBOPACK unreachable
  ;
  }
  function getProjectionFunctionality(props) {
  const featureDefinitions = getInitializedFeatureDefinitions();
  const { drag, layout } = featureDefinitions;
  if (!drag && !layout) return {};
  const combined = {
  ...drag,
  ...layout
  };
  return {
  MeasureLayout: drag?.isEnabled(props) || layout?.isEnabled(props) ? combined.MeasureLayout : undefined,
  ProjectionNode: combined.ProjectionNode
  };
  }
  ;
  ;
  ;
  function createMotionProxy(preloadedFeatures, createVisualElement) {
  if (typeof Proxy === "undefined") {
  return createMotionComponent;
  }
  /**
       * A cache of generated `motion` components, e.g `motion.div`, `motion.input` etc.
       * Rather than generating them anew every render.
       */ const componentCache = new Map();
  const factory = (Component, options)=>{
  return createMotionComponent(Component, options, preloadedFeatures, createVisualElement);
  };
  /**
       * Support for deprecated`motion(Component)` pattern
       */ const deprecatedFactoryFunction = (Component, options)=>{
  if ("TURBOPACK compile-time falsy", 0) //TURBOPACK unreachable
  ;
  return factory(Component, options);
  };
  return new Proxy(deprecatedFactoryFunction, {
  /**
           * Called when `motion` is referenced with a prop: `motion.div`, `motion.input` etc.
           * The prop name is passed through as `key` and we can use that to generate a `motion`
           * DOM component with that name.
           */ get: (_target, key)=>{
  if (key === "create") return factory;
  /**
               * If this element doesn't exist in the component cache, create it and cache.
               */ if (!componentCache.has(key)) {
  componentCache.set(key, createMotionComponent(key, undefined, preloadedFeatures, createVisualElement));
  }
  return componentCache.get(key);
  }
  });
  }
  ;
  /**
   * Feature base class for extending VisualElement functionality.
   * Features are plugins that can be mounted/unmounted to add behavior
   * like gestures, animations, or layout tracking.
   */ class Feature {
  constructor(node){
  this.isMounted = false;
  this.node = node;
  }
  update() {}
  }
  ;
  ;
  function resolveVariant(visualElement, definition, custom) {
  const props = visualElement.getProps();
  return resolveVariantFromProps(props, definition, custom !== undefined ? custom : props.custom, visualElement);
  }
  ;
  /**
   * If `transition` has `inherit: true`, shallow-merge it with
   * `parentTransition` (child keys win) and strip the `inherit` key.
   * Otherwise return `transition` unchanged.
   */ function resolveTransition(transition, parentTransition) {
  if (transition?.inherit && parentTransition) {
  const { inherit: _, ...rest } = transition;
  return {
  ...parentTransition,
  ...rest
  };
  }
  return transition;
  }
  ;
  ;
  function getValueTransition(transition, key) {
  const valueTransition = transition?.[key] ?? transition?.["default"] ?? transition;
  if (valueTransition !== transition) {
  return resolveTransition(valueTransition, transition);
  }
  return valueTransition;
  }
  ;
  const isKeyframesTarget = (v)=>{
  return Array.isArray(v);
  };
  ;
  ;
  ;
  ;
  /**
   * Set VisualElement's MotionValue, creating a new MotionValue for it if
   * it doesn't exist.
   */ function setMotionValue(visualElement, key, value) {
  if (visualElement.hasValue(key)) {
  visualElement.getValue(key).set(value);
  } else {
  visualElement.addValue(key, motionValue(value));
  }
  }
  function resolveFinalValueInKeyframes(v) {
  // TODO maybe throw if v.length - 1 is placeholder token?
  return isKeyframesTarget(v) ? v[v.length - 1] || 0 : v;
  }
  function setTarget(visualElement, definition) {
  const resolved = resolveVariant(visualElement, definition);
  let { transitionEnd = {}, transition = {}, ...target } = resolved || {};
  target = {
  ...target,
  ...transitionEnd
  };
  for(const key in target){
  const value = resolveFinalValueInKeyframes(target[key]);
  setMotionValue(visualElement, key, value);
  }
  }
  ;
  ;
  function isWillChangeMotionValue(value) {
  return Boolean(isMotionValue(value) && value.add);
  }
  ;
  ;
  ;
  function addValueToWillChange(visualElement, key) {
  const willChange = visualElement.getValue("willChange");
  /**
       * It could be that a user has set willChange to a regular MotionValue,
       * in which case we can't add the value to it.
       */ if (isWillChangeMotionValue(willChange)) {
  return willChange.add(key);
  } else if (!willChange && MotionGlobalConfig.WillChange) {
  const newWillChange = new MotionGlobalConfig.WillChange("auto");
  visualElement.addValue("willChange", newWillChange);
  newWillChange.add(key);
  }
  }
  ;
  ;
  const optimizedAppearDataId = "framerAppearId";
  const optimizedAppearDataAttribute = "data-" + camelToDash(optimizedAppearDataId);
  ;
  ;
  function getOptimisedAppearId(visualElement) {
  return visualElement.props[optimizedAppearDataAttribute];
  }
  ;
  /**
   * Pipe
   * Compose other transformers to run linearily
   * pipe(min(20), max(40))
   * @param  {...functions} transformers
   * @return {function}
   */ const combineFunctions = (a, b)=>(v)=>b(a(v));
  const pipe = (...transformers)=>transformers.reduce(combineFunctions);
  ;
  // Adapted from https://gist.github.com/mjackson/5311256
  function hueToRgb(p, q, t) {
  if (t < 0) t += 1;
  if (t > 1) t -= 1;
  if (t < 1 / 6) return p + (q - p) * 6 * t;
  if (t < 1 / 2) return q;
  if (t < 2 / 3) return p + (q - p) * (2 / 3 - t) * 6;
  return p;
  }
  function hslaToRgba({ hue, saturation, lightness, alpha }) {
  hue /= 360;
  saturation /= 100;
  lightness /= 100;
  let red = 0;
  let green = 0;
  let blue = 0;
  if (!saturation) {
  red = green = blue = lightness;
  } else {
  const q = lightness < 0.5 ? lightness * (1 + saturation) : lightness + saturation - lightness * saturation;
  const p = 2 * lightness - q;
  red = hueToRgb(p, q, hue + 1 / 3);
  green = hueToRgb(p, q, hue);
  blue = hueToRgb(p, q, hue - 1 / 3);
  }
  return {
  red: Math.round(red * 255),
  green: Math.round(green * 255),
  blue: Math.round(blue * 255),
  alpha
  };
  }
  ;
  function mixImmediate(a, b) {
  return (p)=>p > 0 ? b : a;
  }
  ;
  ;
  ;
  ;
  ;
  ;
  ;
  ;
  // Linear color space blending
  // Explained https://www.youtube.com/watch?v=LKnqECcg6Gw
  // Demonstrated http://codepen.io/osublake/pen/xGVVaN
  const mixLinearColor = (from, to, v)=>{
  const fromExpo = from * from;
  const expo = v * (to * to - fromExpo) + fromExpo;
  return expo < 0 ? 0 : Math.sqrt(expo);
  };
  const colorTypes = [
  hex,
  rgba,
  hsla
  ];
  const getColorType = (v)=>colorTypes.find((type)=>type.test(v));
  function asRGBA(color) {
  const type = getColorType(color);
  warning(Boolean(type), `'${color}' is not an animatable color. Use the equivalent color code instead.`, "color-not-animatable");
  if (!Boolean(type)) return false;
  let model = type.parse(color);
  if (type === hsla) {
  // TODO Remove this cast - needed since Motion's stricter typing
  model = hslaToRgba(model);
  }
  return model;
  }
  const mixColor = (from, to)=>{
  const fromRGBA = asRGBA(from);
  const toRGBA = asRGBA(to);
  if (!fromRGBA || !toRGBA) {
  return mixImmediate(from, to);
  }
  const blended = {
  ...fromRGBA
  };
  return (v)=>{
  blended.red = mixLinearColor(fromRGBA.red, toRGBA.red, v);
  blended.green = mixLinearColor(fromRGBA.green, toRGBA.green, v);
  blended.blue = mixLinearColor(fromRGBA.blue, toRGBA.blue, v);
  blended.alpha = mixNumber(fromRGBA.alpha, toRGBA.alpha, v);
  return rgba.transform(blended);
  };
  };
  ;
  const invisibleValues = new Set([
  "none",
  "hidden"
  ]);
  /**
   * Returns a function that, when provided a progress value between 0 and 1,
   * will return the "none" or "hidden" string only when the progress is that of
   * the origin or target.
   */ function mixVisibility(origin, target) {
  if (invisibleValues.has(origin)) {
  return (p)=>p <= 0 ? origin : target;
  } else {
  return (p)=>p >= 1 ? target : origin;
  }
  }
  ;
  ;
  ;
  ;
  ;
  ;
  ;
  ;
  ;
  function mixNumber1(a, b) {
  return (p)=>mixNumber(a, b, p);
  }
  function getMixer(a) {
  if (typeof a === "number") {
  return mixNumber1;
  } else if (typeof a === "string") {
  return isCSSVariableToken(a) ? mixImmediate : color.test(a) ? mixColor : mixComplex;
  } else if (Array.isArray(a)) {
  return mixArray;
  } else if (typeof a === "object") {
  return color.test(a) ? mixColor : mixObject;
  }
  return mixImmediate;
  }
  function mixArray(a, b) {
  const output = [
  ...a
  ];
  const numValues = output.length;
  const blendValue = a.map((v, i)=>getMixer(v)(v, b[i]));
  return (p)=>{
  for(let i = 0; i < numValues; i++){
  output[i] = blendValue[i](p);
  }
  return output;
  };
  }
  function mixObject(a, b) {
  const output = {
  ...a,
  ...b
  };
  const blendValue = {};
  for(const key in output){
  if (a[key] !== undefined && b[key] !== undefined) {
  blendValue[key] = getMixer(a[key])(a[key], b[key]);
  }
  }
  return (v)=>{
  for(const key in blendValue){
  output[key] = blendValue[key](v);
  }
  return output;
  };
  }
  function matchOrder(origin, target) {
  const orderedOrigin = [];
  const pointers = {
  color: 0,
  var: 0,
  number: 0
  };
  for(let i = 0; i < target.values.length; i++){
  const type = target.types[i];
  const originIndex = origin.indexes[type][pointers[type]];
  const originValue = origin.values[originIndex] ?? 0;
  orderedOrigin[i] = originValue;
  pointers[type]++;
  }
  return orderedOrigin;
  }
  const mixComplex = (origin, target)=>{
  const template = complex.createTransformer(target);
  const originStats = analyseComplexValue(origin);
  const targetStats = analyseComplexValue(target);
  const canInterpolate = originStats.indexes.var.length === targetStats.indexes.var.length && originStats.indexes.color.length === targetStats.indexes.color.length && originStats.indexes.number.length >= targetStats.indexes.number.length;
  if (canInterpolate) {
  if (invisibleValues.has(origin) && !targetStats.values.length || invisibleValues.has(target) && !originStats.values.length) {
  return mixVisibility(origin, target);
  }
  return pipe(mixArray(matchOrder(originStats, targetStats), targetStats.values), template);
  } else {
  warning(true, `Complex values '${origin}' and '${target}' too different to mix. Ensure all colors are of the same type, and that each contains the same quantity of number and color values. Falling back to instant transition.`, "complex-values-different");
  return mixImmediate(origin, target);
  }
  };
  ;
  ;
  ;
  function mix(from, to, p) {
  if (typeof from === "number" && typeof to === "number" && typeof p === "number") {
  return mixNumber(from, to, p);
  }
  const mixer = getMixer(from);
  return mixer(from, to);
  }
  ;
  ;
  ;
  const frameloopDriver = (update)=>{
  const passTimestamp = ({ timestamp })=>update(timestamp);
  return {
  start: (keepAlive = true)=>frame.update(passTimestamp, keepAlive),
  stop: ()=>cancelFrame(passTimestamp),
  /**
           * If we're processing this frame we can use the
           * framelocked timestamp to keep things in sync.
           */ now: ()=>frameData.isProcessing ? frameData.timestamp : time.now()
  };
  };
  ;
  /**
   * Implement a practical max duration for keyframe generation
   * to prevent infinite loops
   */ const maxGeneratorDuration = 20000;
  function calcGeneratorDuration(generator) {
  let duration = 0;
  const timeStep = 50;
  let state = generator.next(duration);
  while(!state.done && duration < maxGeneratorDuration){
  duration += timeStep;
  state = generator.next(duration);
  }
  return duration >= maxGeneratorDuration ? Infinity : duration;
  }
  ;
  ;
  ;
  /**
   * Create a progress => progress easing function from a generator.
   */ function createGeneratorEasing(options, scale = 100, createGenerator) {
  const generator = createGenerator({
  ...options,
  keyframes: [
  0,
  scale
  ]
  });
  const duration = Math.min(calcGeneratorDuration(generator), maxGeneratorDuration);
  return {
  type: "keyframes",
  ease: (progress)=>{
  return generator.next(duration * progress).value / scale;
  },
  duration: millisecondsToSeconds(duration)
  };
  }
  ;
  ;
  ;
  ;
  ;
  const springDefaults = {
  // Default spring physics
  stiffness: 100,
  damping: 10,
  mass: 1.0,
  velocity: 0.0,
  // Default duration/bounce-based options
  duration: 800,
  bounce: 0.3,
  visualDuration: 0.3,
  // Rest thresholds
  restSpeed: {
  granular: 0.01,
  default: 2
  },
  restDelta: {
  granular: 0.005,
  default: 0.5
  },
  // Limits
  minDuration: 0.01,
  maxDuration: 10.0,
  minDamping: 0.05,
  maxDamping: 1
  };
  function calcAngularFreq(undampedFreq, dampingRatio) {
  return undampedFreq * Math.sqrt(1 - dampingRatio * dampingRatio);
  }
  const rootIterations = 12;
  function approximateRoot(envelope, derivative, initialGuess) {
  let result = initialGuess;
  for(let i = 1; i < rootIterations; i++){
  result = result - envelope(result) / derivative(result);
  }
  return result;
  }
  /**
   * This is ported from the Framer implementation of duration-based spring resolution.
   */ const safeMin = 0.001;
  function findSpring({ duration = springDefaults.duration, bounce = springDefaults.bounce, velocity = springDefaults.velocity, mass = springDefaults.mass }) {
  let envelope;
  let derivative;
  warning(duration <= secondsToMilliseconds(springDefaults.maxDuration), "Spring duration must be 10 seconds or less", "spring-duration-limit");
  let dampingRatio = 1 - bounce;
  /**
       * Restrict dampingRatio and duration to within acceptable ranges.
       */ dampingRatio = clamp(springDefaults.minDamping, springDefaults.maxDamping, dampingRatio);
  duration = clamp(springDefaults.minDuration, springDefaults.maxDuration, millisecondsToSeconds(duration));
  if (dampingRatio < 1) {
  /**
           * Underdamped spring
           */ envelope = (undampedFreq)=>{
  const exponentialDecay = undampedFreq * dampingRatio;
  const delta = exponentialDecay * duration;
  const a = exponentialDecay - velocity;
  const b = calcAngularFreq(undampedFreq, dampingRatio);
  const c = Math.exp(-delta);
  return safeMin - a / b * c;
  };
  derivative = (undampedFreq)=>{
  const exponentialDecay = undampedFreq * dampingRatio;
  const delta = exponentialDecay * duration;
  const d = delta * velocity + velocity;
  const e = Math.pow(dampingRatio, 2) * Math.pow(undampedFreq, 2) * duration;
  const f = Math.exp(-delta);
  const g = calcAngularFreq(Math.pow(undampedFreq, 2), dampingRatio);
  const factor = -envelope(undampedFreq) + safeMin > 0 ? -1 : 1;
  return factor * ((d - e) * f) / g;
  };
  } else {
  /**
           * Critically-damped spring
           */ envelope = (undampedFreq)=>{
  const a = Math.exp(-undampedFreq * duration);
  const b = (undampedFreq - velocity) * duration + 1;
  return -safeMin + a * b;
  };
  derivative = (undampedFreq)=>{
  const a = Math.exp(-undampedFreq * duration);
  const b = (velocity - undampedFreq) * (duration * duration);
  return a * b;
  };
  }
  const initialGuess = 5 / duration;
  const undampedFreq = approximateRoot(envelope, derivative, initialGuess);
  duration = secondsToMilliseconds(duration);
  if (isNaN(undampedFreq)) {
  return {
  stiffness: springDefaults.stiffness,
  damping: springDefaults.damping,
  duration
  };
  } else {
  const stiffness = Math.pow(undampedFreq, 2) * mass;
  return {
  stiffness,
  damping: dampingRatio * 2 * Math.sqrt(mass * stiffness),
  duration
  };
  }
  }
  const durationKeys = [
  "duration",
  "bounce"
  ];
  const physicsKeys = [
  "stiffness",
  "damping",
  "mass"
  ];
  function isSpringType(options, keys) {
  return keys.some((key)=>options[key] !== undefined);
  }
  function getSpringOptions(options) {
  let springOptions = {
  velocity: springDefaults.velocity,
  stiffness: springDefaults.stiffness,
  damping: springDefaults.damping,
  mass: springDefaults.mass,
  isResolvedFromDuration: false,
  ...options
  };
  // stiffness/damping/mass overrides duration/bounce
  if (!isSpringType(options, physicsKeys) && isSpringType(options, durationKeys)) {
  // Time-defined springs should ignore inherited velocity.
  // Velocity from interrupted animations can cause findSpring()
  // to compute wildly different spring parameters, leading to
  // massive oscillation on small-range animations.
  springOptions.velocity = 0;
  if (options.visualDuration) {
  const visualDuration = options.visualDuration;
  const root = 2 * Math.PI / (visualDuration * 1.2);
  const stiffness = root * root;
  const damping = 2 * clamp(0.05, 1, 1 - (options.bounce || 0)) * Math.sqrt(stiffness);
  springOptions = {
  ...springOptions,
  mass: springDefaults.mass,
  stiffness,
  damping
  };
  } else {
  const derived = findSpring({
  ...options,
  velocity: 0
  });
  springOptions = {
  ...springOptions,
  ...derived,
  mass: springDefaults.mass
  };
  springOptions.isResolvedFromDuration = true;
  }
  }
  return springOptions;
  }
  function spring(optionsOrVisualDuration = springDefaults.visualDuration, bounce = springDefaults.bounce) {
  const options = typeof optionsOrVisualDuration !== "object" ? {
  visualDuration: optionsOrVisualDuration,
  keyframes: [
  0,
  1
  ],
  bounce
  } : optionsOrVisualDuration;
  let { restSpeed, restDelta } = options;
  const origin = options.keyframes[0];
  const target = options.keyframes[options.keyframes.length - 1];
  /**
       * This is the Iterator-spec return value. We ensure it's mutable rather than using a generator
       * to reduce GC during animation.
       */ const state = {
  done: false,
  value: origin
  };
  const { stiffness, damping, mass, duration, velocity, isResolvedFromDuration } = getSpringOptions({
  ...options,
  velocity: -millisecondsToSeconds(options.velocity || 0)
  });
  const initialVelocity = velocity || 0.0;
  const dampingRatio = damping / (2 * Math.sqrt(stiffness * mass));
  const initialDelta = target - origin;
  const undampedAngularFreq = millisecondsToSeconds(Math.sqrt(stiffness / mass));
  /**
       * If we're working on a granular scale, use smaller defaults for determining
       * when the spring is finished.
       *
       * These defaults have been selected emprically based on what strikes a good
       * ratio between feeling good and finishing as soon as changes are imperceptible.
       */ const isGranularScale = Math.abs(initialDelta) < 5;
  restSpeed || (restSpeed = isGranularScale ? springDefaults.restSpeed.granular : springDefaults.restSpeed.default);
  restDelta || (restDelta = isGranularScale ? springDefaults.restDelta.granular : springDefaults.restDelta.default);
  let resolveSpring;
  let resolveVelocity;
  // Underdamped coefficients, hoisted for use in the inlined next() hot path
  let angularFreq;
  let A;
  let sinCoeff;
  let cosCoeff;
  if (dampingRatio < 1) {
  angularFreq = calcAngularFreq(undampedAngularFreq, dampingRatio);
  A = (initialVelocity + dampingRatio * undampedAngularFreq * initialDelta) / angularFreq;
  // Underdamped spring
  resolveSpring = (t)=>{
  const envelope = Math.exp(-dampingRatio * undampedAngularFreq * t);
  return target - envelope * (A * Math.sin(angularFreq * t) + initialDelta * Math.cos(angularFreq * t));
  };
  // Analytical derivative of underdamped spring (px/ms)
  sinCoeff = dampingRatio * undampedAngularFreq * A + initialDelta * angularFreq;
  cosCoeff = dampingRatio * undampedAngularFreq * initialDelta - A * angularFreq;
  resolveVelocity = (t)=>{
  const envelope = Math.exp(-dampingRatio * undampedAngularFreq * t);
  return envelope * (sinCoeff * Math.sin(angularFreq * t) + cosCoeff * Math.cos(angularFreq * t));
  };
  } else if (dampingRatio === 1) {
  // Critically damped spring
  resolveSpring = (t)=>target - Math.exp(-undampedAngularFreq * t) * (initialDelta + (initialVelocity + undampedAngularFreq * initialDelta) * t);
  // Analytical derivative of critically damped spring (px/ms)
  const C = initialVelocity + undampedAngularFreq * initialDelta;
  resolveVelocity = (t)=>Math.exp(-undampedAngularFreq * t) * (undampedAngularFreq * C * t - initialVelocity);
  } else {
  // Overdamped spring
  const dampedAngularFreq = undampedAngularFreq * Math.sqrt(dampingRatio * dampingRatio - 1);
  resolveSpring = (t)=>{
  const envelope = Math.exp(-dampingRatio * undampedAngularFreq * t);
  // When performing sinh or cosh values can hit Infinity so we cap them here
  const freqForT = Math.min(dampedAngularFreq * t, 300);
  return target - envelope * ((initialVelocity + dampingRatio * undampedAngularFreq * initialDelta) * Math.sinh(freqForT) + dampedAngularFreq * initialDelta * Math.cosh(freqForT)) / dampedAngularFreq;
  };
  // Analytical derivative of overdamped spring (px/ms)
  const P = (initialVelocity + dampingRatio * undampedAngularFreq * initialDelta) / dampedAngularFreq;
  const sinhCoeff = dampingRatio * undampedAngularFreq * P - initialDelta * dampedAngularFreq;
  const coshCoeff = dampingRatio * undampedAngularFreq * initialDelta - P * dampedAngularFreq;
  resolveVelocity = (t)=>{
  const envelope = Math.exp(-dampingRatio * undampedAngularFreq * t);
  const freqForT = Math.min(dampedAngularFreq * t, 300);
  return envelope * (sinhCoeff * Math.sinh(freqForT) + coshCoeff * Math.cosh(freqForT));
  };
  }
  const generator = {
  calculatedDuration: isResolvedFromDuration ? duration || null : null,
  velocity: (t)=>secondsToMilliseconds(resolveVelocity(t)),
  next: (t)=>{
  /**
               * For underdamped physics springs we need both position and
               * velocity each tick. Compute shared trig values once to avoid
               * duplicate Math.exp/sin/cos calls on the hot path.
               */ if (!isResolvedFromDuration && dampingRatio < 1) {
  const envelope = Math.exp(-dampingRatio * undampedAngularFreq * t);
  const sin = Math.sin(angularFreq * t);
  const cos = Math.cos(angularFreq * t);
  const current = target - envelope * (A * sin + initialDelta * cos);
  const currentVelocity = secondsToMilliseconds(envelope * (sinCoeff * sin + cosCoeff * cos));
  state.done = Math.abs(currentVelocity) <= restSpeed && Math.abs(target - current) <= restDelta;
  state.value = state.done ? target : current;
  return state;
  }
  const current = resolveSpring(t);
  if (!isResolvedFromDuration) {
  const currentVelocity = secondsToMilliseconds(resolveVelocity(t));
  state.done = Math.abs(currentVelocity) <= restSpeed && Math.abs(target - current) <= restDelta;
  } else {
  state.done = t >= duration;
  }
  state.value = state.done ? target : current;
  return state;
  },
  toString: ()=>{
  const calculatedDuration = Math.min(calcGeneratorDuration(generator), maxGeneratorDuration);
  const easing = generateLinearEasing((progress)=>generator.next(calculatedDuration * progress).value, calculatedDuration, 30);
  return calculatedDuration + "ms " + easing;
  },
  toTransition: ()=>{}
  };
  return generator;
  }
  spring.applyToOptions = (options)=>{
  const generatorOptions = createGeneratorEasing(options, 100, spring);
  options.ease = generatorOptions.ease;
  options.duration = secondsToMilliseconds(generatorOptions.duration);
  options.type = "keyframes";
  return options;
  };
  ;
  ;
  const velocitySampleDuration = 5; // ms
  function getGeneratorVelocity(resolveValue, t, current) {
  const prevT = Math.max(t - velocitySampleDuration, 0);
  return velocityPerSecond(current - resolveValue(prevT), t - prevT);
  }
  ;
  ;
  ;
  function inertia({ keyframes, velocity = 0.0, power = 0.8, timeConstant = 325, bounceDamping = 10, bounceStiffness = 500, modifyTarget, min, max, restDelta = 0.5, restSpeed }) {
  const origin = keyframes[0];
  const state = {
  done: false,
  value: origin
  };
  const isOutOfBounds = (v)=>min !== undefined && v < min || max !== undefined && v > max;
  const nearestBoundary = (v)=>{
  if (min === undefined) return max;
  if (max === undefined) return min;
  return Math.abs(min - v) < Math.abs(max - v) ? min : max;
  };
  let amplitude = power * velocity;
  const ideal = origin + amplitude;
  const target = modifyTarget === undefined ? ideal : modifyTarget(ideal);
  /**
       * If the target has changed we need to re-calculate the amplitude, otherwise
       * the animation will start from the wrong position.
       */ if (target !== ideal) amplitude = target - origin;
  const calcDelta = (t)=>-amplitude * Math.exp(-t / timeConstant);
  const calcLatest = (t)=>target + calcDelta(t);
  const applyFriction = (t)=>{
  const delta = calcDelta(t);
  const latest = calcLatest(t);
  state.done = Math.abs(delta) <= restDelta;
  state.value = state.done ? target : latest;
  };
  /**
       * Ideally this would resolve for t in a stateless way, we could
       * do that by always precalculating the animation but as we know
       * this will be done anyway we can assume that spring will
       * be discovered during that.
       */ let timeReachedBoundary;
  let spring$1;
  const checkCatchBoundary = (t)=>{
  if (!isOutOfBounds(state.value)) return;
  timeReachedBoundary = t;
  spring$1 = spring({
  keyframes: [
  state.value,
  nearestBoundary(state.value)
  ],
  velocity: getGeneratorVelocity(calcLatest, t, state.value),
  damping: bounceDamping,
  stiffness: bounceStiffness,
  restDelta,
  restSpeed
  });
  };
  checkCatchBoundary(0);
  return {
  calculatedDuration: null,
  next: (t)=>{
  /**
               * We need to resolve the friction to figure out if we need a
               * spring but we don't want to do this twice per frame. So here
               * we flag if we updated for this frame and later if we did
               * we can skip doing it again.
               */ let hasUpdatedFrame = false;
  if (!spring$1 && timeReachedBoundary === undefined) {
  hasUpdatedFrame = true;
  applyFriction(t);
  checkCatchBoundary(t);
  }
  /**
               * If we have a spring and the provided t is beyond the moment the friction
               * animation crossed the min/max boundary, use the spring.
               */ if (timeReachedBoundary !== undefined && t >= timeReachedBoundary) {
  return spring$1.next(t - timeReachedBoundary);
  } else {
  !hasUpdatedFrame && applyFriction(t);
  return state;
  }
  }
  };
  }
  ;
  ;
  /*
    Bezier function generator
    This has been modified from Gaëtan Renaudeau's BezierEasing
    https://github.com/gre/bezier-easing/blob/master/src/index.js
    https://github.com/gre/bezier-easing/blob/master/LICENSE
    
    I've removed the newtonRaphsonIterate algo because in benchmarking it
    wasn't noticeably faster than binarySubdivision, indeed removing it
    usually improved times, depending on the curve.
    I also removed the lookup table, as for the added bundle size and loop we're
    only cutting ~4 or so subdivision iterations. I bumped the max iterations up
    to 12 to compensate and this still tended to be faster for no perceivable
    loss in accuracy.
    Usage
      const easeOut = cubicBezier(.17,.67,.83,.67);
      const x = easeOut(0.5); // returns 0.627...
  */ // Returns x(t) given t, x1, and x2, or y(t) given t, y1, and y2.
  const calcBezier = (t, a1, a2)=>(((1.0 - 3.0 * a2 + 3.0 * a1) * t + (3.0 * a2 - 6.0 * a1)) * t + 3.0 * a1) * t;
  const subdivisionPrecision = 0.0000001;
  const subdivisionMaxIterations = 12;
  function binarySubdivide(x, lowerBound, upperBound, mX1, mX2) {
  let currentX;
  let currentT;
  let i = 0;
  do {
  currentT = lowerBound + (upperBound - lowerBound) / 2.0;
  currentX = calcBezier(currentT, mX1, mX2) - x;
  if (currentX > 0.0) {
  upperBound = currentT;
  } else {
  lowerBound = currentT;
  }
  }while (Math.abs(currentX) > subdivisionPrecision && ++i < subdivisionMaxIterations)
  return currentT;
  }
  function cubicBezier(mX1, mY1, mX2, mY2) {
  // If this is a linear gradient, return linear easing
  if (mX1 === mY1 && mX2 === mY2) return noop;
  const getTForX = (aX)=>binarySubdivide(aX, 0, 1, mX1, mX2);
  // If animation is at start/end, return t without easing
  return (t)=>t === 0 || t === 1 ? t : calcBezier(getTForX(t), mY1, mY2);
  }
  ;
  ;
  const easeIn = /*@__PURE__*/ cubicBezier(0.42, 0, 1, 1);
  const easeOut = /*@__PURE__*/ cubicBezier(0, 0, 0.58, 1);
  const easeInOut = /*@__PURE__*/ cubicBezier(0.42, 0, 0.58, 1);
  ;
  const isEasingArray = (ease)=>{
  return Array.isArray(ease) && typeof ease[0] !== "number";
  };
  ;
  // Accepts an easing function and returns a new one that outputs mirrored values for
  // the second half of the animation. Turns easeIn into easeInOut.
  const mirrorEasing = (easing)=>(p)=>p <= 0.5 ? easing(2 * p) / 2 : (2 - easing(2 * (1 - p))) / 2;
  ;
  // Accepts an easing function and returns a new one that outputs reversed values.
  // Turns easeIn into easeOut.
  const reverseEasing = (easing)=>(p)=>1 - easing(1 - p);
  ;
  ;
  ;
  ;
  const backOut = /*@__PURE__*/ cubicBezier(0.33, 1.53, 0.69, 0.99);
  const backIn = /*@__PURE__*/ reverseEasing(backOut);
  const backInOut = /*@__PURE__*/ mirrorEasing(backIn);
  ;
  ;
  const anticipate = (p)=>p >= 1 ? 1 : (p *= 2) < 1 ? 0.5 * backIn(p) : 0.5 * (2 - Math.pow(2, -10 * (p - 1)));
  ;
  ;
  ;
  const circIn = (p)=>1 - Math.sin(Math.acos(p));
  const circOut = reverseEasing(circIn);
  const circInOut = mirrorEasing(circIn);
  ;
  ;
  ;
  ;
  ;
  ;
  ;
  ;
  ;
  const easingLookup = {
  linear: noop,
  easeIn: easeIn,
  easeInOut: easeInOut,
  easeOut: easeOut,
  circIn: circIn,
  circInOut: circInOut,
  circOut: circOut,
  backIn: backIn,
  backInOut: backInOut,
  backOut: backOut,
  anticipate: anticipate
  };
  const isValidEasing = (easing)=>{
  return typeof easing === "string";
  };
  const easingDefinitionToFunction = (definition)=>{
  if (isBezierDefinition(definition)) {
  // If cubic bezier definition, create bezier curve
  invariant(definition.length === 4, `Cubic bezier arrays must contain four numerical values.`, "cubic-bezier-length");
  const [x1, y1, x2, y2] = definition;
  return cubicBezier(x1, y1, x2, y2);
  } else if (isValidEasing(definition)) {
  // Else lookup from table
  invariant(easingLookup[definition] !== undefined, `Invalid easing type '${definition}'`, "invalid-easing-type");
  return easingLookup[definition];
  }
  return definition;
  };
  ;
  /*
    Progress within given range
  
    Given a lower limit and an upper limit, we return the progress
    (expressed as a number 0-1) represented by the given value, and
    limit that progress to within 0-1.
  
    @param [number]: Lower limit
    @param [number]: Upper limit
    @param [number]: Value to find progress within given range
    @return [number]: Progress of value within range as expressed 0-1
  */ /*#__NO_SIDE_EFFECTS__*/ const progress = (from, to, value)=>{
  const toFromDifference = to - from;
  return toFromDifference === 0 ? 1 : (value - from) / toFromDifference;
  };
  ;
  ;
  ;
  function createMixers(output, ease, customMixer) {
  const mixers = [];
  const mixerFactory = customMixer || MotionGlobalConfig.mix || mix;
  const numMixers = output.length - 1;
  for(let i = 0; i < numMixers; i++){
  let mixer = mixerFactory(output[i], output[i + 1]);
  if (ease) {
  const easingFunction = Array.isArray(ease) ? ease[i] || noop : ease;
  mixer = pipe(easingFunction, mixer);
  }
  mixers.push(mixer);
  }
  return mixers;
  }
  /**
   * Create a function that maps from a numerical input array to a generic output array.
   *
   * Accepts:
   *   - Numbers
   *   - Colors (hex, hsl, hsla, rgb, rgba)
   *   - Complex (combinations of one or more numbers or strings)
   *
   * ```jsx
   * const mixColor = interpolate([0, 1], ['#fff', '#000'])
   *
   * mixColor(0.5) // 'rgba(128, 128, 128, 1)'
   * ```
   *
   * TODO Revisit this approach once we've moved to data models for values,
   * probably not needed to pregenerate mixer functions.
   *
   * @public
   */ function interpolate(input, output, { clamp: isClamp = true, ease, mixer } = {}) {
  const inputLength = input.length;
  invariant(inputLength === output.length, "Both input and output ranges must be the same length", "range-length");
  /**
       * If we're only provided a single input, we can just make a function
       * that returns the output.
       */ if (inputLength === 1) return ()=>output[0];
  if (inputLength === 2 && output[0] === output[1]) return ()=>output[1];
  const isZeroDeltaRange = input[0] === input[1];
  // If input runs highest -> lowest, reverse both arrays
  if (input[0] > input[inputLength - 1]) {
  input = [
  ...input
  ].reverse();
  output = [
  ...output
  ].reverse();
  }
  const mixers = createMixers(output, ease, mixer);
  const numMixers = mixers.length;
  const interpolator = (v)=>{
  if (isZeroDeltaRange && v < input[0]) return output[0];
  let i = 0;
  if (numMixers > 1) {
  for(; i < input.length - 2; i++){
  if (v < input[i + 1]) break;
  }
  }
  const progressInRange = progress(input[i], input[i + 1], v);
  return mixers[i](progressInRange);
  };
  return isClamp ? (v)=>interpolator(clamp(input[0], input[inputLength - 1], v)) : interpolator;
  }
  ;
  ;
  ;
  function fillOffset(offset, remaining) {
  const min = offset[offset.length - 1];
  for(let i = 1; i <= remaining; i++){
  const offsetProgress = progress(0, remaining, i);
  offset.push(mixNumber(min, 1, offsetProgress));
  }
  }
  ;
  ;
  function defaultOffset(arr) {
  const offset = [
  0
  ];
  fillOffset(offset, arr.length - 1);
  return offset;
  }
  ;
  function convertOffsetToTimes(offset, duration) {
  return offset.map((o)=>o * duration);
  }
  ;
  ;
  ;
  ;
  ;
  function defaultEasing(values, easing) {
  return values.map(()=>easing || easeInOut).splice(0, values.length - 1);
  }
  function keyframes({ duration = 300, keyframes: keyframeValues, times, ease = "easeInOut" }) {
  /**
       * Easing functions can be externally defined as strings. Here we convert them
       * into actual functions.
       */ const easingFunctions = isEasingArray(ease) ? ease.map(easingDefinitionToFunction) : easingDefinitionToFunction(ease);
  /**
       * This is the Iterator-spec return value. We ensure it's mutable rather than using a generator
       * to reduce GC during animation.
       */ const state = {
  done: false,
  value: keyframeValues[0]
  };
  /**
       * Create a times array based on the provided 0-1 offsets
       */ const absoluteTimes = convertOffsetToTimes(// Only use the provided offsets if they're the correct length
  // TODO Maybe we should warn here if there's a length mismatch
  times && times.length === keyframeValues.length ? times : defaultOffset(keyframeValues), duration);
  const mapTimeToKeyframe = interpolate(absoluteTimes, keyframeValues, {
  ease: Array.isArray(easingFunctions) ? easingFunctions : defaultEasing(keyframeValues, easingFunctions)
  });
  return {
  calculatedDuration: duration,
  next: (t)=>{
  state.value = mapTimeToKeyframe(t);
  state.done = t >= duration;
  return state;
  }
  };
  }
  ;
  ;
  ;
  ;
  const transitionTypeMap = {
  decay: inertia,
  inertia: inertia,
  tween: keyframes,
  keyframes: keyframes,
  spring: spring
  };
  function replaceTransitionType(transition) {
  if (typeof transition.type === "string") {
  transition.type = transitionTypeMap[transition.type];
  }
  }
  ;
  ;
  ;
  ;
  ;
  ;
  ;
  ;
  ;
  ;
  ;
  ;
  ;
  const percentToProgress = (percent)=>percent / 100;
  class JSAnimation extends WithPromise {
  constructor(options){
  super();
  this.state = "idle";
  this.startTime = null;
  this.isStopped = false;
  /**
           * The current time of the animation.
           */ this.currentTime = 0;
  /**
           * The time at which the animation was paused.
           */ this.holdTime = null;
  /**
           * Playback speed as a factor. 0 would be stopped, -1 reverse and 2 double speed.
           */ this.playbackSpeed = 1;
  /**
           * Reusable state object for the delay phase to avoid
           * allocating a new object every frame.
           */ this.delayState = {
  done: false,
  value: undefined
  };
  /**
           * This method is bound to the instance to fix a pattern where
           * animation.stop is returned as a reference from a useEffect.
           */ this.stop = ()=>{
  const { motionValue } = this.options;
  if (motionValue && motionValue.updatedAt !== time.now()) {
  this.tick(time.now());
  }
  this.isStopped = true;
  if (this.state === "idle") return;
  this.teardown();
  this.options.onStop?.();
  };
  activeAnimations.mainThread++;
  this.options = options;
  this.initAnimation();
  this.play();
  if (options.autoplay === false) this.pause();
  }
  initAnimation() {
  const { options } = this;
  replaceTransitionType(options);
  const { type = keyframes, repeat = 0, repeatDelay = 0, repeatType, velocity = 0 } = options;
  let { keyframes: keyframes$1 } = options;
  const generatorFactory = type || keyframes;
  if ("TURBOPACK compile-time falsy", 0) //TURBOPACK unreachable
  ;
  if (generatorFactory !== keyframes && typeof keyframes$1[0] !== "number") {
  this.mixKeyframes = pipe(percentToProgress, mix(keyframes$1[0], keyframes$1[1]));
  keyframes$1 = [
  0,
  100
  ];
  }
  const generator = generatorFactory({
  ...options,
  keyframes: keyframes$1
  });
  /**
           * If we have a mirror repeat type we need to create a second generator that outputs the
           * mirrored (not reversed) animation and later ping pong between the two generators.
           */ if (repeatType === "mirror") {
  this.mirroredGenerator = generatorFactory({
  ...options,
  keyframes: [
  ...keyframes$1
  ].reverse(),
  velocity: -velocity
  });
  }
  /**
           * If duration is undefined and we have repeat options,
           * we need to calculate a duration from the generator.
           *
           * We set it to the generator itself to cache the duration.
           * Any timeline resolver will need to have already precalculated
           * the duration by this step.
           */ if (generator.calculatedDuration === null) {
  generator.calculatedDuration = calcGeneratorDuration(generator);
  }
  const { calculatedDuration } = generator;
  this.calculatedDuration = calculatedDuration;
  this.resolvedDuration = calculatedDuration + repeatDelay;
  this.totalDuration = this.resolvedDuration * (repeat + 1) - repeatDelay;
  this.generator = generator;
  }
  updateTime(timestamp) {
  const animationTime = Math.round(timestamp - this.startTime) * this.playbackSpeed;
  // Update currentTime
  if (this.holdTime !== null) {
  this.currentTime = this.holdTime;
  } else {
  // Rounding the time because floating point arithmetic is not always accurate, e.g. 3000.367 - 1000.367 =
  // 2000.0000000000002. This is a problem when we are comparing the currentTime with the duration, for
  // example.
  this.currentTime = animationTime;
  }
  }
  tick(timestamp, sample = false) {
  const { generator, totalDuration, mixKeyframes, mirroredGenerator, resolvedDuration, calculatedDuration } = this;
  if (this.startTime === null) return generator.next(0);
  const { delay = 0, keyframes: keyframes1, repeat, repeatType, repeatDelay, type, onUpdate, finalKeyframe } = this.options;
  /**
           * requestAnimationFrame timestamps can come through as lower than
           * the startTime as set by performance.now(). Here we prevent this,
           * though in the future it could be possible to make setting startTime
           * a pending operation that gets resolved here.
           */ if (this.speed > 0) {
  this.startTime = Math.min(this.startTime, timestamp);
  } else if (this.speed < 0) {
  this.startTime = Math.min(timestamp - totalDuration / this.speed, this.startTime);
  }
  if (sample) {
  this.currentTime = timestamp;
  } else {
  this.updateTime(timestamp);
  }
  // Rebase on delay
  const timeWithoutDelay = this.currentTime - delay * (this.playbackSpeed >= 0 ? 1 : -1);
  const isInDelayPhase = this.playbackSpeed >= 0 ? timeWithoutDelay < 0 : timeWithoutDelay > totalDuration;
  this.currentTime = Math.max(timeWithoutDelay, 0);
  // If this animation has finished, set the current time  to the total duration.
  if (this.state === "finished" && this.holdTime === null) {
  this.currentTime = totalDuration;
  }
  let elapsed = this.currentTime;
  let frameGenerator = generator;
  if (repeat) {
  /**
               * Get the current progress (0-1) of the animation. If t is >
               * than duration we'll get values like 2.5 (midway through the
               * third iteration)
               */ const progress = Math.min(this.currentTime, totalDuration) / resolvedDuration;
  /**
               * Get the current iteration (0 indexed). For instance the floor of
               * 2.5 is 2.
               */ let currentIteration = Math.floor(progress);
  /**
               * Get the current progress of the iteration by taking the remainder
               * so 2.5 is 0.5 through iteration 2
               */ let iterationProgress = progress % 1.0;
  /**
               * If iteration progress is 1 we count that as the end
               * of the previous iteration.
               */ if (!iterationProgress && progress >= 1) {
  iterationProgress = 1;
  }
  iterationProgress === 1 && currentIteration--;
  currentIteration = Math.min(currentIteration, repeat + 1);
  /**
               * Reverse progress if we're not running in "normal" direction
               */ const isOddIteration = Boolean(currentIteration % 2);
  if (isOddIteration) {
  if (repeatType === "reverse") {
  iterationProgress = 1 - iterationProgress;
  if (repeatDelay) {
  iterationProgress -= repeatDelay / resolvedDuration;
  }
  } else if (repeatType === "mirror") {
  frameGenerator = mirroredGenerator;
  }
  }
  elapsed = clamp(0, 1, iterationProgress) * resolvedDuration;
  }
  /**
           * If we're in negative time, set state as the initial keyframe.
           * This prevents delay: x, duration: 0 animations from finishing
           * instantly.
           */ let state;
  if (isInDelayPhase) {
  this.delayState.value = keyframes1[0];
  state = this.delayState;
  } else {
  state = frameGenerator.next(elapsed);
  }
  if (mixKeyframes && !isInDelayPhase) {
  state.value = mixKeyframes(state.value);
  }
  let { done } = state;
  if (!isInDelayPhase && calculatedDuration !== null) {
  done = this.playbackSpeed >= 0 ? this.currentTime >= totalDuration : this.currentTime <= 0;
  }
  const isAnimationFinished = this.holdTime === null && (this.state === "finished" || this.state === "running" && done);
  // TODO: The exception for inertia could be cleaner here
  if (isAnimationFinished && type !== inertia) {
  state.value = getFinalKeyframe(keyframes1, this.options, finalKeyframe, this.speed);
  }
  if (onUpdate) {
  onUpdate(state.value);
  }
  if (isAnimationFinished) {
  this.finish();
  }
  return state;
  }
  /**
       * Allows the returned animation to be awaited or promise-chained. Currently
       * resolves when the animation finishes at all but in a future update could/should
       * reject if its cancels.
       */ then(resolve, reject) {
  return this.finished.then(resolve, reject);
  }
  get duration() {
  return millisecondsToSeconds(this.calculatedDuration);
  }
  get iterationDuration() {
  const { delay = 0 } = this.options || {};
  return this.duration + millisecondsToSeconds(delay);
  }
  get time() {
  return millisecondsToSeconds(this.currentTime);
  }
  set time(newTime) {
  newTime = secondsToMilliseconds(newTime);
  this.currentTime = newTime;
  if (this.startTime === null || this.holdTime !== null || this.playbackSpeed === 0) {
  this.holdTime = newTime;
  } else if (this.driver) {
  this.startTime = this.driver.now() - newTime / this.playbackSpeed;
  }
  if (this.driver) {
  this.driver.start(false);
  } else {
  this.startTime = 0;
  this.state = "paused";
  this.holdTime = newTime;
  this.tick(newTime);
  }
  }
  /**
       * Returns the generator's velocity at the current time in units/second.
       * Uses the analytical derivative when available (springs), avoiding
       * the MotionValue's frame-dependent velocity estimation.
       */ getGeneratorVelocity() {
  const t = this.currentTime;
  if (t <= 0) return this.options.velocity || 0;
  if (this.generator.velocity) {
  return this.generator.velocity(t);
  }
  // Fallback: finite difference
  const current = this.generator.next(t).value;
  return getGeneratorVelocity((s)=>this.generator.next(s).value, t, current);
  }
  get speed() {
  return this.playbackSpeed;
  }
  set speed(newSpeed) {
  const hasChanged = this.playbackSpeed !== newSpeed;
  if (hasChanged && this.driver) {
  this.updateTime(time.now());
  }
  this.playbackSpeed = newSpeed;
  if (hasChanged && this.driver) {
  this.time = millisecondsToSeconds(this.currentTime);
  }
  }
  play() {
  if (this.isStopped) return;
  const { driver = frameloopDriver, startTime } = this.options;
  if (!this.driver) {
  this.driver = driver((timestamp)=>this.tick(timestamp));
  }
  this.options.onPlay?.();
  const now = this.driver.now();
  if (this.state === "finished") {
  this.updateFinished();
  this.startTime = now;
  } else if (this.holdTime !== null) {
  this.startTime = now - this.holdTime;
  } else if (!this.startTime) {
  this.startTime = startTime ?? now;
  }
  if (this.state === "finished" && this.speed < 0) {
  this.startTime += this.calculatedDuration;
  }
  this.holdTime = null;
  /**
           * Set playState to running only after we've used it in
           * the previous logic.
           */ this.state = "running";
  this.driver.start();
  }
  pause() {
  this.state = "paused";
  this.updateTime(time.now());
  this.holdTime = this.currentTime;
  }
  complete() {
  if (this.state !== "running") {
  this.play();
  }
  this.state = "finished";
  this.holdTime = null;
  }
  finish() {
  this.notifyFinished();
  this.teardown();
  this.state = "finished";
  this.options.onComplete?.();
  }
  cancel() {
  this.holdTime = null;
  this.startTime = 0;
  this.tick(0);
  this.teardown();
  this.options.onCancel?.();
  }
  teardown() {
  this.state = "idle";
  this.stopDriver();
  this.startTime = this.holdTime = null;
  activeAnimations.mainThread--;
  }
  stopDriver() {
  if (!this.driver) return;
  this.driver.stop();
  this.driver = undefined;
  }
  sample(sampleTime) {
  this.startTime = 0;
  return this.tick(sampleTime, true);
  }
  attachTimeline(timeline) {
  if (this.options.allowFlatten) {
  this.options.type = "keyframes";
  this.options.ease = "linear";
  this.initAnimation();
  }
  this.driver?.stop();
  return timeline.observe(this);
  }
  }
  // Legacy function support
  function animateValue(options) {
  return new JSAnimation(options);
  }
  ;
  ;
  const unsupportedEasingFunctions = {
  anticipate: anticipate,
  backInOut: backInOut,
  circInOut: circInOut
  };
  function isUnsupportedEase(key) {
  return key in unsupportedEasingFunctions;
  }
  function replaceStringEasing(transition) {
  if (typeof transition.ease === "string" && isUnsupportedEase(transition.ease)) {
  transition.ease = unsupportedEasingFunctions[transition.ease];
  }
  }
  ;
  ;
  ;
  ;
  ;
  ;
  ;
  ;
  /**
   * 10ms is chosen here as it strikes a balance between smooth
   * results (more than one keyframe per frame at 60fps) and
   * keyframe quantity.
   */ const sampleDelta = 10; //ms
  class NativeAnimationExtended extends NativeAnimation {
  constructor(options){
  /**
           * The base NativeAnimation function only supports a subset
           * of Motion easings, and WAAPI also only supports some
           * easing functions via string/cubic-bezier definitions.
           *
           * This function replaces those unsupported easing functions
           * with a JS easing function. This will later get compiled
           * to a linear() easing function.
           */ replaceStringEasing(options);
  /**
           * Ensure we replace the transition type with a generator function
           * before passing to WAAPI.
           *
           * TODO: Does this have a better home? It could be shared with
           * JSAnimation.
           */ replaceTransitionType(options);
  super(options);
  /**
           * Only set startTime when the animation should autoplay.
           * Setting startTime on a paused WAAPI animation unpauses it
           * (per the WAAPI spec), which breaks autoplay: false.
           */ if (options.startTime !== undefined && options.autoplay !== false) {
  this.startTime = options.startTime;
  }
  this.options = options;
  }
  /**
       * WAAPI doesn't natively have any interruption capabilities.
       *
       * Rather than read committed styles back out of the DOM, we can
       * create a renderless JS animation and sample it twice to calculate
       * its current value, "previous" value, and therefore allow
       * Motion to calculate velocity for any subsequent animation.
       */ updateMotionValue(value) {
  const { motionValue, onUpdate, onComplete, element, ...options } = this.options;
  if (!motionValue) return;
  if (value !== undefined) {
  motionValue.set(value);
  return;
  }
  const sampleAnimation = new JSAnimation({
  ...options,
  autoplay: false
  });
  /**
           * Use wall-clock elapsed time for sampling.
           * Under CPU load, WAAPI's currentTime may not reflect actual
           * elapsed time, causing incorrect sampling and visual jumps.
           */ const sampleTime = Math.max(sampleDelta, time.now() - this.startTime);
  const delta = clamp(0, sampleDelta, sampleTime - sampleDelta);
  const current = sampleAnimation.sample(sampleTime).value;
  /**
           * Write the estimated value to inline style so it persists
           * after cancel(), covering the async gap before the next
           * animation starts.
           */ const { name } = this.options;
  if (element && name) setStyle(element, name, current);
  motionValue.setWithVelocity(sampleAnimation.sample(Math.max(0, sampleTime - delta)).value, current, delta);
  sampleAnimation.stop();
  }
  }
  ;
  ;
  /**
   * Check if a value is animatable. Examples:
   *
   * ✅: 100, "100px", "#fff"
   * ❌: "block", "url(2.jpg)"
   * @param value
   *
   * @internal
   */ const isAnimatable = (value, name)=>{
  // If the list of keys that might be non-animatable grows, replace with Set
  if (name === "zIndex") return false;
  // If it's a number or a keyframes array, we can animate it. We might at some point
  // need to do a deep isAnimatable check of keyframes, or let Popmotion handle this,
  // but for now lets leave it like this for performance reasons
  if (typeof value === "number" || Array.isArray(value)) return true;
  if (typeof value === "string" && // It's animatable if we have a string
  (complex.test(value) || value === "0") && // And it contains numbers and/or colors
  !value.startsWith("url(") // Unless it starts with "url("
  ) {
  return true;
  }
  return false;
  };
  ;
  ;
  ;
  ;
  function hasKeyframesChanged(keyframes) {
  const current = keyframes[0];
  if (keyframes.length === 1) return true;
  for(let i = 0; i < keyframes.length; i++){
  if (keyframes[i] !== current) return true;
  }
  }
  function canAnimate(keyframes, name, type, velocity) {
  /**
       * Check if we're able to animate between the start and end keyframes,
       * and throw a warning if we're attempting to animate between one that's
       * animatable and another that isn't.
       */ const originKeyframe = keyframes[0];
  if (originKeyframe === null) {
  return false;
  }
  /**
       * These aren't traditionally animatable but we do support them.
       * In future we could look into making this more generic or replacing
       * this function with mix() === mixImmediate
       */ if (name === "display" || name === "visibility") return true;
  const targetKeyframe = keyframes[keyframes.length - 1];
  const isOriginAnimatable = isAnimatable(originKeyframe, name);
  const isTargetAnimatable = isAnimatable(targetKeyframe, name);
  warning(isOriginAnimatable === isTargetAnimatable, `You are trying to animate ${name} from "${originKeyframe}" to "${targetKeyframe}". "${isOriginAnimatable ? targetKeyframe : originKeyframe}" is not an animatable value.`, "value-not-animatable");
  // Always skip if any of these are true
  if (!isOriginAnimatable || !isTargetAnimatable) {
  return false;
  }
  return hasKeyframesChanged(keyframes) || (type === "spring" || isGenerator(type)) && velocity;
  }
  ;
  function makeAnimationInstant(options) {
  options.duration = 0;
  options.type = "keyframes";
  }
  ;
  const browserColorFunctions = /^(?:oklch|oklab|lab|lch|color|color-mix|light-dark)\(/;
  function hasBrowserOnlyColors(keyframes) {
  for(let i = 0; i < keyframes.length; i++){
  if (typeof keyframes[i] === "string" && browserColorFunctions.test(keyframes[i])) {
  return true;
  }
  }
  return false;
  }
  ;
  ;
  ;
  ;
  const colorProperties = new Set([
  "color",
  "backgroundColor",
  "outlineColor",
  "fill",
  "stroke",
  "borderColor",
  "borderTopColor",
  "borderRightColor",
  "borderBottomColor",
  "borderLeftColor"
  ]);
  const supportsWaapi = /*@__PURE__*/ memo(()=>Object.hasOwnProperty.call(Element.prototype, "animate"));
  function supportsBrowserAnimation(options) {
  const { motionValue, name, repeatDelay, repeatType, damping, type, keyframes } = options;
  const subject = motionValue?.owner?.current;
  /**
       * We use this check instead of isHTMLElement() because we explicitly
       * **don't** want elements in different timing contexts (i.e. popups)
       * to be accelerated, as it's not possible to sync these animations
       * properly with those driven from the main window frameloop.
       */ if (!(subject instanceof HTMLElement)) {
  return false;
  }
  const { onUpdate, transformTemplate } = motionValue.owner.getProps();
  return supportsWaapi() && name && /**
           * Force WAAPI for color properties with browser-only color formats
           * (oklch, oklab, lab, lch, etc.) that the JS animation path can't parse.
           */ (acceleratedValues.has(name) || colorProperties.has(name) && hasBrowserOnlyColors(keyframes)) && (name !== "transform" || !transformTemplate) && /**
           * If we're outputting values to onUpdate then we can't use WAAPI as there's
           * no way to read the value from WAAPI every frame.
           */ !onUpdate && !repeatDelay && repeatType !== "mirror" && damping !== 0 && type !== "inertia";
  }
  ;
  ;
  ;
  ;
  ;
  ;
  ;
  ;
  ;
  ;
  ;
  /**
   * Maximum time allowed between an animation being created and it being
   * resolved for us to use the latter as the start time.
   *
   * This is to ensure that while we prefer to "start" an animation as soon
   * as it's triggered, we also want to avoid a visual jump if there's a big delay
   * between these two moments.
   */ const MAX_RESOLVE_DELAY = 40;
  class AsyncMotionValueAnimation extends WithPromise {
  constructor({ autoplay = true, delay = 0, type = "keyframes", repeat = 0, repeatDelay = 0, repeatType = "loop", keyframes, name, motionValue, element, ...options }){
  super();
  /**
           * Bound to support return animation.stop pattern
           */ this.stop = ()=>{
  if (this._animation) {
  this._animation.stop();
  this.stopTimeline?.();
  }
  this.keyframeResolver?.cancel();
  };
  this.createdAt = time.now();
  const optionsWithDefaults = {
  autoplay,
  delay,
  type,
  repeat,
  repeatDelay,
  repeatType,
  name,
  motionValue,
  element,
  ...options
  };
  const KeyframeResolver$1 = element?.KeyframeResolver || KeyframeResolver;
  this.keyframeResolver = new KeyframeResolver$1(keyframes, (resolvedKeyframes, finalKeyframe, forced)=>this.onKeyframesResolved(resolvedKeyframes, finalKeyframe, optionsWithDefaults, !forced), name, motionValue, element);
  this.keyframeResolver?.scheduleResolve();
  }
  onKeyframesResolved(keyframes, finalKeyframe, options, sync) {
  this.keyframeResolver = undefined;
  const { name, type, velocity, delay, isHandoff, onUpdate } = options;
  this.resolvedAt = time.now();
  /**
           * If we can't animate this value with the resolved keyframes
           * then we should complete it immediately.
           */ let canAnimateValue = true;
  if (!canAnimate(keyframes, name, type, velocity)) {
  canAnimateValue = false;
  if (MotionGlobalConfig.instantAnimations || !delay) {
  onUpdate?.(getFinalKeyframe(keyframes, options, finalKeyframe));
  }
  keyframes[0] = keyframes[keyframes.length - 1];
  makeAnimationInstant(options);
  options.repeat = 0;
  }
  /**
           * Resolve startTime for the animation.
           *
           * This method uses the createdAt and resolvedAt to calculate the
           * animation startTime. *Ideally*, we would use the createdAt time as t=0
           * as the following frame would then be the first frame of the animation in
           * progress, which would feel snappier.
           *
           * However, if there's a delay (main thread work) between the creation of
           * the animation and the first committed frame, we prefer to use resolvedAt
           * to avoid a sudden jump into the animation.
           */ const startTime = sync ? !this.resolvedAt ? this.createdAt : this.resolvedAt - this.createdAt > MAX_RESOLVE_DELAY ? this.resolvedAt : this.createdAt : undefined;
  const resolvedOptions = {
  startTime,
  finalKeyframe,
  ...options,
  keyframes
  };
  /**
           * Animate via WAAPI if possible. If this is a handoff animation, the optimised animation will be running via
           * WAAPI. Therefore, this animation must be JS to ensure it runs "under" the
           * optimised animation.
           *
           * Also skip WAAPI when keyframes aren't animatable, as the resolved
           * values may not be valid CSS and would trigger browser warnings.
           */ const useWaapi = canAnimateValue && !isHandoff && supportsBrowserAnimation(resolvedOptions);
  const element = resolvedOptions.motionValue?.owner?.current;
  let animation;
  if (useWaapi) {
  try {
  animation = new NativeAnimationExtended({
  ...resolvedOptions,
  element
  });
  } catch  {
  animation = new JSAnimation(resolvedOptions);
  }
  } else {
  animation = new JSAnimation(resolvedOptions);
  }
  animation.finished.then(()=>{
  this.notifyFinished();
  }).catch(noop);
  if (this.pendingTimeline) {
  this.stopTimeline = animation.attachTimeline(this.pendingTimeline);
  this.pendingTimeline = undefined;
  }
  this._animation = animation;
  }
  get finished() {
  if (!this._animation) {
  return this._finished;
  } else {
  return this.animation.finished;
  }
  }
  then(onResolve, _onReject) {
  return this.finished.finally(onResolve).then(()=>{});
  }
  get animation() {
  if (!this._animation) {
  this.keyframeResolver?.resume();
  flushKeyframeResolvers();
  }
  return this._animation;
  }
  get duration() {
  return this.animation.duration;
  }
  get iterationDuration() {
  return this.animation.iterationDuration;
  }
  get time() {
  return this.animation.time;
  }
  set time(newTime) {
  this.animation.time = newTime;
  }
  get speed() {
  return this.animation.speed;
  }
  get state() {
  return this.animation.state;
  }
  set speed(newSpeed) {
  this.animation.speed = newSpeed;
  }
  get startTime() {
  return this.animation.startTime;
  }
  attachTimeline(timeline) {
  if (this._animation) {
  this.stopTimeline = this.animation.attachTimeline(timeline);
  } else {
  this.pendingTimeline = timeline;
  }
  return ()=>this.stop();
  }
  play() {
  this.animation.play();
  }
  pause() {
  this.animation.pause();
  }
  complete() {
  this.animation.complete();
  }
  cancel() {
  if (this._animation) {
  this.animation.cancel();
  }
  this.keyframeResolver?.cancel();
  }
  }
  ;
  ;
  const underDampedSpring = {
  type: "spring",
  stiffness: 500,
  damping: 25,
  restSpeed: 10
  };
  const criticallyDampedSpring = (target)=>({
  type: "spring",
  stiffness: 550,
  damping: target === 0 ? 2 * Math.sqrt(550) : 30,
  restSpeed: 10
  });
  const keyframesTransition = {
  type: "keyframes",
  duration: 0.8
  };
  /**
   * Default easing curve is a slightly shallower version of
   * the default browser easing curve.
   */ const ease1 = {
  type: "keyframes",
  ease: [
  0.25,
  0.1,
  0.35,
  1
  ],
  duration: 0.3
  };
  const getDefaultTransition = (valueKey, { keyframes })=>{
  if (keyframes.length > 2) {
  return keyframesTransition;
  } else if (transformProps.has(valueKey)) {
  return valueKey.startsWith("scale") ? criticallyDampedSpring(keyframes[1]) : underDampedSpring;
  }
  return ease1;
  };
  ;
  const orchestrationKeys = new Set([
  "when",
  "delay",
  "delayChildren",
  "staggerChildren",
  "staggerDirection",
  "repeat",
  "repeatType",
  "repeatDelay",
  "from",
  "elapsed"
  ]);
  /**
   * Decide whether a transition is defined on a given Transition.
   * This filters out orchestration options and returns true
   * if any options are left.
   */ function isTransitionDefined(transition) {
  for(const key in transition){
  if (!orchestrationKeys.has(key)) return true;
  }
  return false;
  }
  ;
  ;
  ;
  ;
  ;
  ;
  ;
  ;
  ;
  ;
  const animateMotionValue = (name, value, target, transition = {}, element, isHandoff)=>(onComplete)=>{
  const valueTransition = getValueTransition(transition, name) || {};
  /**
       * Most transition values are currently completely overwritten by value-specific
       * transitions. In the future it'd be nicer to blend these transitions. But for now
       * delay actually does inherit from the root transition if not value-specific.
       */ const delay = valueTransition.delay || transition.delay || 0;
  /**
       * Elapsed isn't a public transition option but can be passed through from
       * optimized appear effects in milliseconds.
       */ let { elapsed = 0 } = transition;
  elapsed = elapsed - secondsToMilliseconds(delay);
  const options = {
  keyframes: Array.isArray(target) ? target : [
  null,
  target
  ],
  ease: "easeOut",
  velocity: value.getVelocity(),
  ...valueTransition,
  delay: -elapsed,
  onUpdate: (v)=>{
  value.set(v);
  valueTransition.onUpdate && valueTransition.onUpdate(v);
  },
  onComplete: ()=>{
  onComplete();
  valueTransition.onComplete && valueTransition.onComplete();
  },
  name,
  motionValue: value,
  element: isHandoff ? undefined : element
  };
  /**
       * If there's no transition defined for this value, we can generate
       * unique transition settings for this value.
       */ if (!isTransitionDefined(valueTransition)) {
  Object.assign(options, getDefaultTransition(name, options));
  }
  /**
       * Both WAAPI and our internal animation functions use durations
       * as defined by milliseconds, while our external API defines them
       * as seconds.
       */ options.duration && (options.duration = secondsToMilliseconds(options.duration));
  options.repeatDelay && (options.repeatDelay = secondsToMilliseconds(options.repeatDelay));
  /**
       * Support deprecated way to set initial value. Prefer keyframe syntax.
       */ if (options.from !== undefined) {
  options.keyframes[0] = options.from;
  }
  let shouldSkip = false;
  if (options.type === false || options.duration === 0 && !options.repeatDelay) {
  makeAnimationInstant(options);
  if (options.delay === 0) {
  shouldSkip = true;
  }
  }
  if (MotionGlobalConfig.instantAnimations || MotionGlobalConfig.skipAnimations || element?.shouldSkipAnimations) {
  shouldSkip = true;
  makeAnimationInstant(options);
  options.delay = 0;
  }
  /**
       * If the transition type or easing has been explicitly set by the user
       * then we don't want to allow flattening the animation.
       */ options.allowFlatten = !valueTransition.type && !valueTransition.ease;
  /**
       * If we can or must skip creating the animation, and apply only
       * the final keyframe, do so. We also check once keyframes are resolved but
       * this early check prevents the need to create an animation at all.
       */ if (shouldSkip && !isHandoff && value.get() !== undefined) {
  const finalKeyframe = getFinalKeyframe(options.keyframes, valueTransition);
  if (finalKeyframe !== undefined) {
  frame.update(()=>{
  options.onUpdate(finalKeyframe);
  options.onComplete();
  });
  return;
  }
  }
  return valueTransition.isSync ? new JSAnimation(options) : new AsyncMotionValueAnimation(options);
  };
  ;
  ;
  ;
  ;
  ;
  ;
  ;
  ;
  ;
  /**
   * Decide whether we should block this animation. Previously, we achieved this
   * just by checking whether the key was listed in protectedKeys, but this
   * posed problems if an animation was triggered by afterChildren and protectedKeys
   * had been set to true in the meantime.
   */ function shouldBlockAnimation({ protectedKeys, needsAnimating }, key) {
  const shouldBlock = protectedKeys.hasOwnProperty(key) && needsAnimating[key] !== true;
  needsAnimating[key] = false;
  return shouldBlock;
  }
  function animateTarget(visualElement, targetAndTransition, { delay = 0, transitionOverride, type } = {}) {
  let { transition, transitionEnd, ...target } = targetAndTransition;
  const defaultTransition = visualElement.getDefaultTransition();
  transition = transition ? resolveTransition(transition, defaultTransition) : defaultTransition;
  const reduceMotion = transition?.reduceMotion;
  if (transitionOverride) transition = transitionOverride;
  const animations = [];
  const animationTypeState = type && visualElement.animationState && visualElement.animationState.getState()[type];
  for(const key in target){
  const value = visualElement.getValue(key, visualElement.latestValues[key] ?? null);
  const valueTarget = target[key];
  if (valueTarget === undefined || animationTypeState && shouldBlockAnimation(animationTypeState, key)) {
  continue;
  }
  const valueTransition = {
  delay,
  ...getValueTransition(transition || {}, key)
  };
  /**
           * If the value is already at the defined target, skip the animation.
           * We still re-assert the value via frame.update to take precedence
           * over any stale transitionEnd callbacks from previous animations.
           */ const currentValue = value.get();
  if (currentValue !== undefined && !value.isAnimating() && !Array.isArray(valueTarget) && valueTarget === currentValue && !valueTransition.velocity) {
  frame.update(()=>value.set(valueTarget));
  continue;
  }
  /**
           * If this is the first time a value is being animated, check
           * to see if we're handling off from an existing animation.
           */ let isHandoff = false;
  if (window.MotionHandoffAnimation) {
  const appearId = getOptimisedAppearId(visualElement);
  if (appearId) {
  const startTime = window.MotionHandoffAnimation(appearId, key, frame);
  if (startTime !== null) {
  valueTransition.startTime = startTime;
  isHandoff = true;
  }
  }
  }
  addValueToWillChange(visualElement, key);
  const shouldReduceMotion = reduceMotion ?? visualElement.shouldReduceMotion;
  value.start(animateMotionValue(key, value, valueTarget, shouldReduceMotion && positionalKeys.has(key) ? {
  type: false
  } : valueTransition, visualElement, isHandoff));
  const animation = value.animation;
  if (animation) {
  animations.push(animation);
  }
  }
  if (transitionEnd) {
  const applyTransitionEnd = ()=>frame.update(()=>{
  transitionEnd && setTarget(visualElement, transitionEnd);
  });
  if (animations.length) {
  Promise.all(animations).then(applyTransitionEnd);
  } else {
  applyTransitionEnd();
  }
  }
  return animations;
  }
  ;
  function calcChildStagger(children, child, delayChildren, staggerChildren = 0, staggerDirection = 1) {
  const index = Array.from(children).sort((a, b)=>a.sortNodePosition(b)).indexOf(child);
  const numChildren = children.size;
  const maxStaggerDuration = (numChildren - 1) * staggerChildren;
  const delayIsFunction = typeof delayChildren === "function";
  return delayIsFunction ? delayChildren(index, numChildren) : staggerDirection === 1 ? index * staggerChildren : maxStaggerDuration - index * staggerChildren;
  }
  ;
  ;
  ;
  ;
  function animateVariant(visualElement, variant, options = {}) {
  const resolved = resolveVariant(visualElement, variant, options.type === "exit" ? visualElement.presenceContext?.custom : undefined);
  let { transition = visualElement.getDefaultTransition() || {} } = resolved || {};
  if (options.transitionOverride) {
  transition = options.transitionOverride;
  }
  /**
       * If we have a variant, create a callback that runs it as an animation.
       * Otherwise, we resolve a Promise immediately for a composable no-op.
       */ const getAnimation = resolved ? ()=>Promise.all(animateTarget(visualElement, resolved, options)) : ()=>Promise.resolve();
  /**
       * If we have children, create a callback that runs all their animations.
       * Otherwise, we resolve a Promise immediately for a composable no-op.
       */ const getChildAnimations = visualElement.variantChildren && visualElement.variantChildren.size ? (forwardDelay = 0)=>{
  const { delayChildren = 0, staggerChildren, staggerDirection } = transition;
  return animateChildren(visualElement, variant, forwardDelay, delayChildren, staggerChildren, staggerDirection, options);
  } : ()=>Promise.resolve();
  /**
       * If the transition explicitly defines a "when" option, we need to resolve either
       * this animation or all children animations before playing the other.
       */ const { when } = transition;
  if (when) {
  const [first, last] = when === "beforeChildren" ? [
  getAnimation,
  getChildAnimations
  ] : [
  getChildAnimations,
  getAnimation
  ];
  return first().then(()=>last());
  } else {
  return Promise.all([
  getAnimation(),
  getChildAnimations(options.delay)
  ]);
  }
  }
  function animateChildren(visualElement, variant, delay = 0, delayChildren = 0, staggerChildren = 0, staggerDirection = 1, options) {
  const animations = [];
  for (const child of visualElement.variantChildren){
  child.notify("AnimationStart", variant);
  animations.push(animateVariant(child, variant, {
  ...options,
  delay: delay + (typeof delayChildren === "function" ? 0 : delayChildren) + calcChildStagger(visualElement.variantChildren, child, delayChildren, staggerChildren, staggerDirection)
  }).then(()=>child.notify("AnimationComplete", variant)));
  }
  return Promise.all(animations);
  }
  ;
  ;
  ;
  ;
  function animateVisualElement(visualElement, definition, options = {}) {
  visualElement.notify("AnimationStart", definition);
  let animation;
  if (Array.isArray(definition)) {
  const animations = definition.map((variant)=>animateVariant(visualElement, variant, options));
  animation = Promise.all(animations);
  } else if (typeof definition === "string") {
  animation = animateVariant(visualElement, definition, options);
  } else {
  const resolvedDefinition = typeof definition === "function" ? resolveVariant(visualElement, definition, options.custom) : definition;
  animation = Promise.all(animateTarget(visualElement, resolvedDefinition, options));
  }
  return animation.then(()=>{
  visualElement.notify("AnimationComplete", definition);
  });
  }
  ;
  ;
  ;
  const numVariantProps = variantProps.length;
  /**
   * Get variant context from a visual element's parent chain.
   * Uses `any` type for visualElement to avoid circular dependencies.
   */ function getVariantContext(visualElement) {
  if (!visualElement) return undefined;
  if (!visualElement.isControllingVariants) {
  const context = visualElement.parent ? getVariantContext(visualElement.parent) || {} : {};
  if (visualElement.props.initial !== undefined) {
  context.initial = visualElement.props.initial;
  }
  return context;
  }
  const context = {};
  for(let i = 0; i < numVariantProps; i++){
  const name = variantProps[i];
  const prop = visualElement.props[name];
  if (isVariantLabel(prop) || prop === false) {
  context[name] = prop;
  }
  }
  return context;
  }
  ;
  function shallowCompare(next, prev) {
  if (!Array.isArray(prev)) return false;
  const prevLength = prev.length;
  if (prevLength !== next.length) return false;
  for(let i = 0; i < prevLength; i++){
  if (prev[i] !== next[i]) return false;
  }
  return true;
  }
  ;
  ;
  ;
  ;
  ;
  ;
  ;
  ;
  ;
  ;
  const reversePriorityOrder = [
  ...variantPriorityOrder
  ].reverse();
  const numAnimationTypes = variantPriorityOrder.length;
  function createAnimateFunction(visualElement) {
  return (animations)=>{
  return Promise.all(animations.map(({ animation, options })=>animateVisualElement(visualElement, animation, options)));
  };
  }
  function createAnimationState(visualElement) {
  let animate = createAnimateFunction(visualElement);
  let state = createState();
  let isInitialRender = true;
  /**
       * Track whether the animation state has been reset (e.g. via StrictMode
       * double-invocation or Suspense unmount/remount). On the first
       * animateChanges() call after a reset we need to behave like the initial
       * render for variant-inheritance checks, even though isInitialRender is
       * already false.
       */ let wasReset = false;
  /**
       * This function will be used to reduce the animation definitions for
       * each active animation type into an object of resolved values for it.
       */ const buildResolvedTypeValues = (type)=>(acc, definition)=>{
  const resolved = resolveVariant(visualElement, definition, type === "exit" ? visualElement.presenceContext?.custom : undefined);
  if (resolved) {
  const { transition, transitionEnd, ...target } = resolved;
  acc = {
  ...acc,
  ...target,
  ...transitionEnd
  };
  }
  return acc;
  };
  /**
       * This just allows us to inject mocked animation functions
       * @internal
       */ function setAnimateFunction(makeAnimator) {
  animate = makeAnimator(visualElement);
  }
  /**
       * When we receive new props, we need to:
       * 1. Create a list of protected keys for each type. This is a directory of
       *    value keys that are currently being "handled" by types of a higher priority
       *    so that whenever an animation is played of a given type, these values are
       *    protected from being animated.
       * 2. Determine if an animation type needs animating.
       * 3. Determine if any values have been removed from a type and figure out
       *    what to animate those to.
       */ function animateChanges(changedActiveType) {
  const { props } = visualElement;
  const context = getVariantContext(visualElement.parent) || {};
  /**
           * A list of animations that we'll build into as we iterate through the animation
           * types. This will get executed at the end of the function.
           */ const animations = [];
  /**
           * Keep track of which values have been removed. Then, as we hit lower priority
           * animation types, we can check if they contain removed values and animate to that.
           */ const removedKeys = new Set();
  /**
           * A dictionary of all encountered keys. This is an object to let us build into and
           * copy it without iteration. Each time we hit an animation type we set its protected
           * keys - the keys its not allowed to animate - to the latest version of this object.
           */ let encounteredKeys = {};
  /**
           * If a variant has been removed at a given index, and this component is controlling
           * variant animations, we want to ensure lower-priority variants are forced to animate.
           */ let removedVariantIndex = Infinity;
  /**
           * Iterate through all animation types in reverse priority order. For each, we want to
           * detect which values it's handling and whether or not they've changed (and therefore
           * need to be animated). If any values have been removed, we want to detect those in
           * lower priority props and flag for animation.
           */ for(let i = 0; i < numAnimationTypes; i++){
  const type = reversePriorityOrder[i];
  const typeState = state[type];
  const prop = props[type] !== undefined ? props[type] : context[type];
  const propIsVariant = isVariantLabel(prop);
  /**
               * If this type has *just* changed isActive status, set activeDelta
               * to that status. Otherwise set to null.
               */ const activeDelta = type === changedActiveType ? typeState.isActive : null;
  if (activeDelta === false) removedVariantIndex = i;
  /**
               * If this prop is an inherited variant, rather than been set directly on the
               * component itself, we want to make sure we allow the parent to trigger animations.
               *
               * TODO: Can probably change this to a !isControllingVariants check
               */ let isInherited = prop === context[type] && prop !== props[type] && propIsVariant;
  if (isInherited && (isInitialRender || wasReset) && visualElement.manuallyAnimateOnMount) {
  isInherited = false;
  }
  /**
               * Set all encountered keys so far as the protected keys for this type. This will
               * be any key that has been animated or otherwise handled by active, higher-priortiy types.
               */ typeState.protectedKeys = {
  ...encounteredKeys
  };
  // Check if we can skip analysing this prop early
  if (// If it isn't active and hasn't *just* been set as inactive
  !typeState.isActive && activeDelta === null || !prop && !typeState.prevProp || // Or if the prop doesn't define an animation
  isAnimationControls(prop) || typeof prop === "boolean") {
  continue;
  }
  /**
               * If exit is already active and wasn't just activated, skip
               * re-processing to prevent interrupting running exit animations.
               * Re-resolving exit with a changed custom value can start new
               * value animations that stop the originals, leaving the exit
               * animation promise unresolved and the component stuck in the DOM.
               */ if (type === "exit" && typeState.isActive && activeDelta !== true) {
  if (typeState.prevResolvedValues) {
  encounteredKeys = {
  ...encounteredKeys,
  ...typeState.prevResolvedValues
  };
  }
  continue;
  }
  /**
               * As we go look through the values defined on this type, if we detect
               * a changed value or a value that was removed in a higher priority, we set
               * this to true and add this prop to the animation list.
               */ const variantDidChange = checkVariantsDidChange(typeState.prevProp, prop);
  let shouldAnimateType = variantDidChange || type === changedActiveType && typeState.isActive && !isInherited && propIsVariant || i > removedVariantIndex && propIsVariant;
  let handledRemovedValues = false;
  /**
               * As animations can be set as variant lists, variants or target objects, we
               * coerce everything to an array if it isn't one already
               */ const definitionList = Array.isArray(prop) ? prop : [
  prop
  ];
  /**
               * Build an object of all the resolved values. We'll use this in the subsequent
               * animateChanges calls to determine whether a value has changed.
               */ let resolvedValues = definitionList.reduce(buildResolvedTypeValues(type), {});
  if (activeDelta === false) resolvedValues = {};
  /**
               * Now we need to loop through all the keys in the prev prop and this prop,
               * and decide:
               * 1. If the value has changed, and needs animating
               * 2. If it has been removed, and needs adding to the removedKeys set
               * 3. If it has been removed in a higher priority type and needs animating
               * 4. If it hasn't been removed in a higher priority but hasn't changed, and
               *    needs adding to the type's protectedKeys list.
               */ const { prevResolvedValues = {} } = typeState;
  const allKeys = {
  ...prevResolvedValues,
  ...resolvedValues
  };
  const markToAnimate = (key)=>{
  shouldAnimateType = true;
  if (removedKeys.has(key)) {
  handledRemovedValues = true;
  removedKeys.delete(key);
  }
  typeState.needsAnimating[key] = true;
  const motionValue = visualElement.getValue(key);
  if (motionValue) motionValue.liveStyle = false;
  };
  for(const key in allKeys){
  const next = resolvedValues[key];
  const prev = prevResolvedValues[key];
  // If we've already handled this we can just skip ahead
  if (encounteredKeys.hasOwnProperty(key)) continue;
  /**
                   * If the value has changed, we probably want to animate it.
                   */ let valueHasChanged = false;
  if (isKeyframesTarget(next) && isKeyframesTarget(prev)) {
  valueHasChanged = !shallowCompare(next, prev);
  } else {
  valueHasChanged = next !== prev;
  }
  if (valueHasChanged) {
  if (next !== undefined && next !== null) {
  // If next is defined and doesn't equal prev, it needs animating
  markToAnimate(key);
  } else {
  // If it's undefined, it's been removed.
  removedKeys.add(key);
  }
  } else if (next !== undefined && removedKeys.has(key)) {
  /**
                       * If next hasn't changed and it isn't undefined, we want to check if it's
                       * been removed by a higher priority
                       */ markToAnimate(key);
  } else {
  /**
                       * If it hasn't changed, we add it to the list of protected values
                       * to ensure it doesn't get animated.
                       */ typeState.protectedKeys[key] = true;
  }
  }
  /**
               * Update the typeState so next time animateChanges is called we can compare the
               * latest prop and resolvedValues to these.
               */ typeState.prevProp = prop;
  typeState.prevResolvedValues = resolvedValues;
  if (typeState.isActive) {
  encounteredKeys = {
  ...encounteredKeys,
  ...resolvedValues
  };
  }
  if ((isInitialRender || wasReset) && visualElement.blockInitialAnimation) {
  shouldAnimateType = false;
  }
  /**
               * If this is an inherited prop we want to skip this animation
               * unless the inherited variants haven't changed on this render.
               */ const willAnimateViaParent = isInherited && variantDidChange;
  const needsAnimating = !willAnimateViaParent || handledRemovedValues;
  if (shouldAnimateType && needsAnimating) {
  animations.push(...definitionList.map((animation)=>{
  const options = {
  type
  };
  /**
                       * If we're performing the initial animation, but we're not
                       * rendering at the same time as the variant-controlling parent,
                       * we want to use the parent's transition to calculate the stagger.
                       */ if (typeof animation === "string" && (isInitialRender || wasReset) && !willAnimateViaParent && visualElement.manuallyAnimateOnMount && visualElement.parent) {
  const { parent } = visualElement;
  const parentVariant = resolveVariant(parent, animation);
  if (parent.enteringChildren && parentVariant) {
  const { delayChildren } = parentVariant.transition || {};
  options.delay = calcChildStagger(parent.enteringChildren, visualElement, delayChildren);
  }
  }
  return {
  animation: animation,
  options
  };
  }));
  }
  }
  /**
           * If there are some removed value that haven't been dealt with,
           * we need to create a new animation that falls back either to the value
           * defined in the style prop, or the last read value.
           */ if (removedKeys.size) {
  const fallbackAnimation = {};
  /**
               * If the initial prop contains a transition we can use that, otherwise
               * allow the animation function to use the visual element's default.
               */ if (typeof props.initial !== "boolean") {
  const initialTransition = resolveVariant(visualElement, Array.isArray(props.initial) ? props.initial[0] : props.initial);
  if (initialTransition && initialTransition.transition) {
  fallbackAnimation.transition = initialTransition.transition;
  }
  }
  removedKeys.forEach((key)=>{
  const fallbackTarget = visualElement.getBaseTarget(key);
  const motionValue = visualElement.getValue(key);
  if (motionValue) motionValue.liveStyle = true;
  // @ts-expect-error - @mattgperry to figure if we should do something here
  fallbackAnimation[key] = fallbackTarget ?? null;
  });
  animations.push({
  animation: fallbackAnimation
  });
  }
  let shouldAnimate = Boolean(animations.length);
  if (isInitialRender && (props.initial === false || props.initial === props.animate) && !visualElement.manuallyAnimateOnMount) {
  shouldAnimate = false;
  }
  isInitialRender = false;
  wasReset = false;
  return shouldAnimate ? animate(animations) : Promise.resolve();
  }
  /**
       * Change whether a certain animation type is active.
       */ function setActive(type, isActive) {
  // If the active state hasn't changed, we can safely do nothing here
  if (state[type].isActive === isActive) return Promise.resolve();
  // Propagate active change to children
  visualElement.variantChildren?.forEach((child)=>child.animationState?.setActive(type, isActive));
  state[type].isActive = isActive;
  const animations = animateChanges(type);
  for(const key in state){
  state[key].protectedKeys = {};
  }
  return animations;
  }
  return {
  animateChanges,
  setActive,
  setAnimateFunction,
  getState: ()=>state,
  reset: ()=>{
  state = createState();
  wasReset = true;
  }
  };
  }
  function checkVariantsDidChange(prev, next) {
  if (typeof next === "string") {
  return next !== prev;
  } else if (Array.isArray(next)) {
  return !shallowCompare(next, prev);
  }
  return false;
  }
  function createTypeState(isActive = false) {
  return {
  isActive,
  protectedKeys: {},
  needsAnimating: {},
  prevResolvedValues: {}
  };
  }
  function createState() {
  return {
  animate: createTypeState(true),
  whileInView: createTypeState(),
  whileHover: createTypeState(),
  whileTap: createTypeState(),
  whileDrag: createTypeState(),
  whileFocus: createTypeState(),
  exit: createTypeState()
  };
  }
  ;
  ;
  class AnimationFeature extends Feature {
  /**
       * We dynamically generate the AnimationState manager as it contains a reference
       * to the underlying animation library. We only want to load that if we load this,
       * so people can optionally code split it out using the `m` component.
       */ constructor(node){
  super(node);
  node.animationState || (node.animationState = createAnimationState(node));
  }
  updateAnimationControlsSubscription() {
  const { animate } = this.node.getProps();
  if (isAnimationControls(animate)) {
  this.unmountControls = animate.subscribe(this.node);
  }
  }
  /**
       * Subscribe any provided AnimationControls to the component's VisualElement
       */ mount() {
  this.updateAnimationControlsSubscription();
  }
  update() {
  const { animate } = this.node.getProps();
  const { animate: prevAnimate } = this.node.prevProps || {};
  if (animate !== prevAnimate) {
  this.updateAnimationControlsSubscription();
  }
  }
  unmount() {
  this.node.animationState.reset();
  this.unmountControls?.();
  }
  }
  ;
  ;
  let id = 0;
  class ExitAnimationFeature extends Feature {
  constructor(){
  super(...arguments);
  this.id = id++;
  this.isExitComplete = false;
  }
  update() {
  if (!this.node.presenceContext) return;
  const { isPresent, onExitComplete } = this.node.presenceContext;
  const { isPresent: prevIsPresent } = this.node.prevPresenceContext || {};
  if (!this.node.animationState || isPresent === prevIsPresent) {
  return;
  }
  if (isPresent && prevIsPresent === false) {
  /**
               * When re-entering, if the exit animation already completed
               * (element is at rest), reset to initial values so the enter
               * animation replays from the correct position.
               */ if (this.isExitComplete) {
  const { initial, custom } = this.node.getProps();
  if (typeof initial === "string") {
  const resolved = resolveVariant(this.node, initial, custom);
  if (resolved) {
  const { transition, transitionEnd, ...target } = resolved;
  for(const key in target){
  this.node.getValue(key)?.jump(target[key]);
  }
  }
  }
  this.node.animationState.reset();
  this.node.animationState.animateChanges();
  } else {
  this.node.animationState.setActive("exit", false);
  }
  this.isExitComplete = false;
  return;
  }
  const exitAnimation = this.node.animationState.setActive("exit", !isPresent);
  if (onExitComplete && !isPresent) {
  exitAnimation.then(()=>{
  this.isExitComplete = true;
  onExitComplete(this.id);
  });
  }
  }
  mount() {
  const { register, onExitComplete } = this.node.presenceContext || {};
  if (onExitComplete) {
  onExitComplete(this.id);
  }
  if (register) {
  this.unmount = register(this.id);
  }
  }
  unmount() {}
  }
  ;
  ;
  ;
  const animations = {
  animation: {
  Feature: AnimationFeature
  },
  exit: {
  Feature: ExitAnimationFeature
  }
  };
  ;
  function eachAxis(callback) {
  return [
  callback("x"),
  callback("y")
  ];
  }
  ;
  function addDomEvent(target, eventName, handler, options = {
  passive: true
  }) {
  target.addEventListener(eventName, handler, options);
  return ()=>target.removeEventListener(eventName, handler);
  }
  ;
  const isDragging = {
  x: false,
  y: false
  };
  function isDragActive() {
  return isDragging.x || isDragging.y;
  }
  ;
  ;
  function setDragLock(axis) {
  if (axis === "x" || axis === "y") {
  if (isDragging[axis]) {
  return null;
  } else {
  isDragging[axis] = true;
  return ()=>{
  isDragging[axis] = false;
  };
  }
  } else {
  if (isDragging.x || isDragging.y) {
  return null;
  } else {
  isDragging.x = isDragging.y = true;
  return ()=>{
  isDragging.x = isDragging.y = false;
  };
  }
  }
  }
  ;
  ;
  const SCALE_PRECISION = 0.0001;
  const SCALE_MIN = 1 - SCALE_PRECISION;
  const SCALE_MAX = 1 + SCALE_PRECISION;
  const TRANSLATE_PRECISION = 0.01;
  const TRANSLATE_MIN = 0 - TRANSLATE_PRECISION;
  const TRANSLATE_MAX = 0 + TRANSLATE_PRECISION;
  function calcLength(axis) {
  return axis.max - axis.min;
  }
  function isNear(value, target, maxDistance) {
  return Math.abs(value - target) <= maxDistance;
  }
  function calcAxisDelta(delta, source, target, origin = 0.5) {
  delta.origin = origin;
  delta.originPoint = mixNumber(source.min, source.max, delta.origin);
  delta.scale = calcLength(target) / calcLength(source);
  delta.translate = mixNumber(target.min, target.max, delta.origin) - delta.originPoint;
  if (delta.scale >= SCALE_MIN && delta.scale <= SCALE_MAX || isNaN(delta.scale)) {
  delta.scale = 1.0;
  }
  if (delta.translate >= TRANSLATE_MIN && delta.translate <= TRANSLATE_MAX || isNaN(delta.translate)) {
  delta.translate = 0.0;
  }
  }
  function calcBoxDelta(delta, source, target, origin) {
  calcAxisDelta(delta.x, source.x, target.x, origin ? origin.originX : undefined);
  calcAxisDelta(delta.y, source.y, target.y, origin ? origin.originY : undefined);
  }
  function calcRelativeAxis(target, relative, parent, anchor = 0) {
  const anchorPoint = anchor ? mixNumber(parent.min, parent.max, anchor) : parent.min;
  target.min = anchorPoint + relative.min;
  target.max = target.min + calcLength(relative);
  }
  function calcRelativeBox(target, relative, parent, anchor) {
  calcRelativeAxis(target.x, relative.x, parent.x, anchor?.x);
  calcRelativeAxis(target.y, relative.y, parent.y, anchor?.y);
  }
  function calcRelativeAxisPosition(target, layout, parent, anchor = 0) {
  const anchorPoint = anchor ? mixNumber(parent.min, parent.max, anchor) : parent.min;
  target.min = layout.min - anchorPoint;
  target.max = target.min + calcLength(layout);
  }
  function calcRelativePosition(target, layout, parent, anchor) {
  calcRelativeAxisPosition(target.x, layout.x, parent.x, anchor?.x);
  calcRelativeAxisPosition(target.y, layout.y, parent.y, anchor?.y);
  }
  ;
  function isObject3(value) {
  return typeof value === "object" && value !== null;
  }
  ;
  ;
  /**
   * Checks if an element is an SVG element in a way
   * that works across iframes
   */ function isSVGElement(element) {
  return isObject3(element) && "ownerSVGElement" in element;
  }
  ;
  function resolveElements(elementOrSelector, scope, selectorCache) {
  if (elementOrSelector == null) {
  return [];
  }
  if (elementOrSelector instanceof EventTarget) {
  return [
  elementOrSelector
  ];
  } else if (typeof elementOrSelector === "string") {
  let root = document;
  if (scope) {
  root = scope.current;
  }
  const elements = selectorCache?.[elementOrSelector] ?? root.querySelectorAll(elementOrSelector);
  return elements ? Array.from(elements) : [];
  }
  return Array.from(elementOrSelector).filter((element)=>element != null);
  }
  ;
  ;
  ;
  const resizeHandlers = new WeakMap();
  let observer;
  const getSize = (borderBoxAxis, svgAxis, htmlAxis)=>(target, borderBoxSize)=>{
  if (borderBoxSize && borderBoxSize[0]) {
  return borderBoxSize[0][borderBoxAxis + "Size"];
  } else if (isSVGElement(target) && "getBBox" in target) {
  return target.getBBox()[svgAxis];
  } else {
  return target[htmlAxis];
  }
  };
  const getWidth = /*@__PURE__*/ getSize("inline", "width", "offsetWidth");
  const getHeight = /*@__PURE__*/ getSize("block", "height", "offsetHeight");
  function notifyTarget({ target, borderBoxSize }) {
  resizeHandlers.get(target)?.forEach((handler)=>{
  handler(target, {
  get width () {
  return getWidth(target, borderBoxSize);
  },
  get height () {
  return getHeight(target, borderBoxSize);
  }
  });
  });
  }
  function notifyAll(entries) {
  entries.forEach(notifyTarget);
  }
  function createResizeObserver() {
  if (typeof ResizeObserver === "undefined") return;
  observer = new ResizeObserver(notifyAll);
  }
  function resizeElement(target, handler) {
  if (!observer) createResizeObserver();
  const elements = resolveElements(target);
  elements.forEach((element)=>{
  let elementHandlers = resizeHandlers.get(element);
  if (!elementHandlers) {
  elementHandlers = new Set();
  resizeHandlers.set(element, elementHandlers);
  }
  elementHandlers.add(handler);
  observer?.observe(element);
  });
  return ()=>{
  elements.forEach((element)=>{
  const elementHandlers = resizeHandlers.get(element);
  elementHandlers?.delete(handler);
  if (!elementHandlers?.size) {
  observer?.unobserve(element);
  }
  });
  };
  }
  ;
  const windowCallbacks = new Set();
  let windowResizeHandler;
  function createWindowResizeHandler() {
  windowResizeHandler = ()=>{
  const info = {
  get width () {
  return window.innerWidth;
  },
  get height () {
  return window.innerHeight;
  }
  };
  windowCallbacks.forEach((callback)=>callback(info));
  };
  window.addEventListener("resize", windowResizeHandler);
  }
  function resizeWindow(callback) {
  windowCallbacks.add(callback);
  if (!windowResizeHandler) createWindowResizeHandler();
  return ()=>{
  windowCallbacks.delete(callback);
  if (!windowCallbacks.size && typeof windowResizeHandler === "function") {
  window.removeEventListener("resize", windowResizeHandler);
  windowResizeHandler = undefined;
  }
  };
  }
  ;
  ;
  ;
  function resize(a, b) {
  return typeof a === "function" ? resizeWindow(a) : resizeElement(a, b);
  }
  ;
  const keyboardAccessibleElements = new Set([
  "BUTTON",
  "INPUT",
  "SELECT",
  "TEXTAREA",
  "A"
  ]);
  /**
   * Checks if an element is natively keyboard accessible (focusable).
   * Used by the press gesture to determine if we need to add tabIndex.
   */ function isElementKeyboardAccessible(element) {
  return keyboardAccessibleElements.has(element.tagName) || element.isContentEditable === true;
  }
  const textInputElements = new Set([
  "INPUT",
  "SELECT",
  "TEXTAREA"
  ]);
  /**
   * Checks if an element has text selection or direct interaction behavior
   * that should block drag gestures from starting.
   *
   * This specifically targets form controls where the user might want to select
   * text or interact with the control (e.g., sliders, dropdowns).
   *
   * Buttons and links are NOT included because they don't have click-and-move
   * actions of their own - they only respond to click events, so dragging
   * should still work when initiated from these elements.
   */ function isElementTextInput(element) {
  return textInputElements.has(element.tagName) || element.isContentEditable === true;
  }
  ;
  const isPrimaryPointer = (event1)=>{
  if (event1.pointerType === "mouse") {
  return typeof event1.button !== "number" || event1.button <= 0;
  } else {
  /**
           * isPrimary is true for all mice buttons, whereas every touch point
           * is regarded as its own input. So subsequent concurrent touch points
           * will be false.
           *
           * Specifically match against false here as incomplete versions of
           * PointerEvents in very old browser might have it set as undefined.
           */ return event1.isPrimary !== false;
  }
  };
  ;
  ;
  function extractEventInfo(event1) {
  return {
  point: {
  x: event1.pageX,
  y: event1.pageY
  }
  };
  }
  const addPointerInfo = (handler)=>(event1)=>isPrimaryPointer(event1) && handler(event1, extractEventInfo(event1));
  ;
  ;
  ;
  function addPointerEvent(target, eventName, handler, options) {
  return addDomEvent(target, eventName, addPointerInfo(handler), options);
  }
  ;
  // Fixes https://github.com/motiondivision/motion/issues/2270
  const getContextWindow = ({ current })=>{
  return current ? current.ownerDocument.defaultView : null;
  };
  ;
  function isRefObject(ref) {
  return ref && typeof ref === "object" && Object.prototype.hasOwnProperty.call(ref, "current");
  }
  ;
  const distance = (a, b)=>Math.abs(a - b);
  function distance2D(a, b) {
  // Multi-dimensional
  const xDelta = distance(a.x, b.x);
  const yDelta = distance(a.y, b.y);
  return Math.sqrt(xDelta ** 2 + yDelta ** 2);
  }
  ;
  ;
  ;
  ;
  ;
  ;
  const overflowStyles = /*#__PURE__*/ new Set([
  "auto",
  "scroll"
  ]);
  /**
   * @internal
   */ class PanSession {
  constructor(event1, handlers, { transformPagePoint, contextWindow = window, dragSnapToOrigin = false, distanceThreshold = 3, element } = {}){
  /**
           * @internal
           */ this.startEvent = null;
  /**
           * @internal
           */ this.lastMoveEvent = null;
  /**
           * @internal
           */ this.lastMoveEventInfo = null;
  /**
           * Raw (untransformed) event info, re-transformed each frame
           * so transformPagePoint sees the current parent matrix.
           * @internal
           */ this.lastRawMoveEventInfo = null;
  /**
           * @internal
           */ this.handlers = {};
  /**
           * @internal
           */ this.contextWindow = window;
  /**
           * Scroll positions of scrollable ancestors and window.
           * @internal
           */ this.scrollPositions = new Map();
  /**
           * Cleanup function for scroll listeners.
           * @internal
           */ this.removeScrollListeners = null;
  this.onElementScroll = (event1)=>{
  this.handleScroll(event1.target);
  };
  this.onWindowScroll = ()=>{
  this.handleScroll(window);
  };
  this.updatePoint = ()=>{
  if (!(this.lastMoveEvent && this.lastMoveEventInfo)) return;
  // Re-transform raw point through current transformPagePoint so
  // animated parent transforms (e.g. rotation) are picked up each frame
  if (this.lastRawMoveEventInfo) {
  this.lastMoveEventInfo = transformPoint(this.lastRawMoveEventInfo, this.transformPagePoint);
  }
  const info = getPanInfo(this.lastMoveEventInfo, this.history);
  const isPanStarted = this.startEvent !== null;
  // Only start panning if the offset is larger than 3 pixels. If we make it
  // any larger than this we'll want to reset the pointer history
  // on the first update to avoid visual snapping to the cursor.
  const isDistancePastThreshold = distance2D(info.offset, {
  x: 0,
  y: 0
  }) >= this.distanceThreshold;
  if (!isPanStarted && !isDistancePastThreshold) return;
  const { point } = info;
  const { timestamp } = frameData;
  this.history.push({
  ...point,
  timestamp
  });
  const { onStart, onMove } = this.handlers;
  if (!isPanStarted) {
  onStart && onStart(this.lastMoveEvent, info);
  this.startEvent = this.lastMoveEvent;
  }
  onMove && onMove(this.lastMoveEvent, info);
  };
  this.handlePointerMove = (event1, info)=>{
  this.lastMoveEvent = event1;
  this.lastRawMoveEventInfo = info;
  this.lastMoveEventInfo = transformPoint(info, this.transformPagePoint);
  // Throttle mouse move event to once per frame
  frame.update(this.updatePoint, true);
  };
  this.handlePointerUp = (event1, info)=>{
  this.end();
  const { onEnd, onSessionEnd, resumeAnimation } = this.handlers;
  // Resume animation if dragSnapToOrigin is set OR if no drag started (user just clicked)
  // This ensures constraint animations continue when interrupted by a click
  if (this.dragSnapToOrigin || !this.startEvent) {
  resumeAnimation && resumeAnimation();
  }
  if (!(this.lastMoveEvent && this.lastMoveEventInfo)) return;
  const panInfo = getPanInfo(event1.type === "pointercancel" ? this.lastMoveEventInfo : transformPoint(info, this.transformPagePoint), this.history);
  if (this.startEvent && onEnd) {
  onEnd(event1, panInfo);
  }
  onSessionEnd && onSessionEnd(event1, panInfo);
  };
  // If we have more than one touch, don't start detecting this gesture
  if (!isPrimaryPointer(event1)) return;
  this.dragSnapToOrigin = dragSnapToOrigin;
  this.handlers = handlers;
  this.transformPagePoint = transformPagePoint;
  this.distanceThreshold = distanceThreshold;
  this.contextWindow = contextWindow || window;
  const info = extractEventInfo(event1);
  const initialInfo = transformPoint(info, this.transformPagePoint);
  const { point } = initialInfo;
  const { timestamp } = frameData;
  this.history = [
  {
  ...point,
  timestamp
  }
  ];
  const { onSessionStart } = handlers;
  onSessionStart && onSessionStart(event1, getPanInfo(initialInfo, this.history));
  this.removeListeners = pipe(addPointerEvent(this.contextWindow, "pointermove", this.handlePointerMove), addPointerEvent(this.contextWindow, "pointerup", this.handlePointerUp), addPointerEvent(this.contextWindow, "pointercancel", this.handlePointerUp));
  // Start scroll tracking if element provided
  if (element) {
  this.startScrollTracking(element);
  }
  }
  /**
       * Start tracking scroll on ancestors and window.
       */ startScrollTracking(element) {
  // Store initial scroll positions for scrollable ancestors
  let current = element.parentElement;
  while(current){
  const style = getComputedStyle(current);
  if (overflowStyles.has(style.overflowX) || overflowStyles.has(style.overflowY)) {
  this.scrollPositions.set(current, {
  x: current.scrollLeft,
  y: current.scrollTop
  });
  }
  current = current.parentElement;
  }
  // Track window scroll
  this.scrollPositions.set(window, {
  x: window.scrollX,
  y: window.scrollY
  });
  // Capture listener catches element scroll events as they bubble
  window.addEventListener("scroll", this.onElementScroll, {
  capture: true
  });
  // Direct window scroll listener (window scroll doesn't bubble)
  window.addEventListener("scroll", this.onWindowScroll);
  this.removeScrollListeners = ()=>{
  window.removeEventListener("scroll", this.onElementScroll, {
  capture: true
  });
  window.removeEventListener("scroll", this.onWindowScroll);
  };
  }
  /**
       * Handle scroll compensation during drag.
       *
       * For element scroll: adjusts history origin since pageX/pageY doesn't change.
       * For window scroll: adjusts lastMoveEventInfo since pageX/pageY would change.
       */ handleScroll(target) {
  const initial = this.scrollPositions.get(target);
  if (!initial) return;
  const isWindow = target === window;
  const current = isWindow ? {
  x: window.scrollX,
  y: window.scrollY
  } : {
  x: target.scrollLeft,
  y: target.scrollTop
  };
  const delta = {
  x: current.x - initial.x,
  y: current.y - initial.y
  };
  if (delta.x === 0 && delta.y === 0) return;
  if (isWindow) {
  // Window scroll: pageX/pageY changes, so update lastMoveEventInfo
  if (this.lastMoveEventInfo) {
  this.lastMoveEventInfo.point.x += delta.x;
  this.lastMoveEventInfo.point.y += delta.y;
  }
  } else {
  // Element scroll: pageX/pageY unchanged, so adjust history origin
  if (this.history.length > 0) {
  this.history[0].x -= delta.x;
  this.history[0].y -= delta.y;
  }
  }
  this.scrollPositions.set(target, current);
  frame.update(this.updatePoint, true);
  }
  updateHandlers(handlers) {
  this.handlers = handlers;
  }
  end() {
  this.removeListeners && this.removeListeners();
  this.removeScrollListeners && this.removeScrollListeners();
  this.scrollPositions.clear();
  cancelFrame(this.updatePoint);
  }
  }
  function transformPoint(info, transformPagePoint) {
  return transformPagePoint ? {
  point: transformPagePoint(info.point)
  } : info;
  }
  function subtractPoint(a, b) {
  return {
  x: a.x - b.x,
  y: a.y - b.y
  };
  }
  function getPanInfo({ point }, history) {
  return {
  point,
  delta: subtractPoint(point, lastDevicePoint(history)),
  offset: subtractPoint(point, startDevicePoint(history)),
  velocity: getVelocity(history, 0.1)
  };
  }
  function startDevicePoint(history) {
  return history[0];
  }
  function lastDevicePoint(history) {
  return history[history.length - 1];
  }
  function getVelocity(history, timeDelta) {
  if (history.length < 2) {
  return {
  x: 0,
  y: 0
  };
  }
  let i = history.length - 1;
  let timestampedPoint = null;
  const lastPoint = lastDevicePoint(history);
  while(i >= 0){
  timestampedPoint = history[i];
  if (lastPoint.timestamp - timestampedPoint.timestamp > secondsToMilliseconds(timeDelta)) {
  break;
  }
  i--;
  }
  if (!timestampedPoint) {
  return {
  x: 0,
  y: 0
  };
  }
  /**
       * If the selected point is the pointer-down origin (history[0]),
       * there are better movement points available, and the time gap
       * is suspiciously large (>2x timeDelta), use the next point instead.
       * This prevents stale pointer-down points from diluting velocity
       * in hold-then-flick gestures.
       */ if (timestampedPoint === history[0] && history.length > 2 && lastPoint.timestamp - timestampedPoint.timestamp > secondsToMilliseconds(timeDelta) * 2) {
  timestampedPoint = history[1];
  }
  const time = millisecondsToSeconds(lastPoint.timestamp - timestampedPoint.timestamp);
  if (time === 0) {
  return {
  x: 0,
  y: 0
  };
  }
  const currentVelocity = {
  x: (lastPoint.x - timestampedPoint.x) / time,
  y: (lastPoint.y - timestampedPoint.y) / time
  };
  if (currentVelocity.x === Infinity) {
  currentVelocity.x = 0;
  }
  if (currentVelocity.y === Infinity) {
  currentVelocity.y = 0;
  }
  return currentVelocity;
  }
  ;
  ;
  ;
  /**
   * Apply constraints to a point. These constraints are both physical along an
   * axis, and an elastic factor that determines how much to constrain the point
   * by if it does lie outside the defined parameters.
   */ function applyConstraints(point, { min, max }, elastic) {
  if (min !== undefined && point < min) {
  // If we have a min point defined, and this is outside of that, constrain
  point = elastic ? mixNumber(min, point, elastic.min) : Math.max(point, min);
  } else if (max !== undefined && point > max) {
  // If we have a max point defined, and this is outside of that, constrain
  point = elastic ? mixNumber(max, point, elastic.max) : Math.min(point, max);
  }
  return point;
  }
  /**
   * Calculate constraints in terms of the viewport when defined relatively to the
   * measured axis. This is measured from the nearest edge, so a max constraint of 200
   * on an axis with a max value of 300 would return a constraint of 500 - axis length
   */ function calcRelativeAxisConstraints(axis, min, max) {
  return {
  min: min !== undefined ? axis.min + min : undefined,
  max: max !== undefined ? axis.max + max - (axis.max - axis.min) : undefined
  };
  }
  /**
   * Calculate constraints in terms of the viewport when
   * defined relatively to the measured bounding box.
   */ function calcRelativeConstraints(layoutBox, { top, left, bottom, right }) {
  return {
  x: calcRelativeAxisConstraints(layoutBox.x, left, right),
  y: calcRelativeAxisConstraints(layoutBox.y, top, bottom)
  };
  }
  /**
   * Calculate viewport constraints when defined as another viewport-relative axis
   */ function calcViewportAxisConstraints(layoutAxis, constraintsAxis) {
  let min = constraintsAxis.min - layoutAxis.min;
  let max = constraintsAxis.max - layoutAxis.max;
  // If the constraints axis is actually smaller than the layout axis then we can
  // flip the constraints
  if (constraintsAxis.max - constraintsAxis.min < layoutAxis.max - layoutAxis.min) {
  [min, max] = [
  max,
  min
  ];
  }
  return {
  min,
  max
  };
  }
  /**
   * Calculate viewport constraints when defined as another viewport-relative box
   */ function calcViewportConstraints(layoutBox, constraintsBox) {
  return {
  x: calcViewportAxisConstraints(layoutBox.x, constraintsBox.x),
  y: calcViewportAxisConstraints(layoutBox.y, constraintsBox.y)
  };
  }
  /**
   * Calculate a transform origin relative to the source axis, between 0-1, that results
   * in an asthetically pleasing scale/transform needed to project from source to target.
   */ function calcOrigin(source, target) {
  let origin = 0.5;
  const sourceLength = calcLength(source);
  const targetLength = calcLength(target);
  if (targetLength > sourceLength) {
  origin = progress(target.min, target.max - sourceLength, source.min);
  } else if (sourceLength > targetLength) {
  origin = progress(source.min, source.max - targetLength, target.min);
  }
  return clamp(0, 1, origin);
  }
  /**
   * Rebase the calculated viewport constraints relative to the layout.min point.
   */ function rebaseAxisConstraints(layout, constraints) {
  const relativeConstraints = {};
  if (constraints.min !== undefined) {
  relativeConstraints.min = constraints.min - layout.min;
  }
  if (constraints.max !== undefined) {
  relativeConstraints.max = constraints.max - layout.min;
  }
  return relativeConstraints;
  }
  const defaultElastic = 0.35;
  /**
   * Accepts a dragElastic prop and returns resolved elastic values for each axis.
   */ function resolveDragElastic(dragElastic = defaultElastic) {
  if (dragElastic === false) {
  dragElastic = 0;
  } else if (dragElastic === true) {
  dragElastic = defaultElastic;
  }
  return {
  x: resolveAxisElastic(dragElastic, "left", "right"),
  y: resolveAxisElastic(dragElastic, "top", "bottom")
  };
  }
  function resolveAxisElastic(dragElastic, minLabel, maxLabel) {
  return {
  min: resolvePointElastic(dragElastic, minLabel),
  max: resolvePointElastic(dragElastic, maxLabel)
  };
  }
  function resolvePointElastic(dragElastic, label) {
  return typeof dragElastic === "number" ? dragElastic : dragElastic[label] || 0;
  }
  ;
  ;
  ;
  ;
  ;
  ;
  ;
  ;
  ;
  const elementDragControls = new WeakMap();
  class VisualElementDragControls {
  constructor(visualElement){
  this.openDragLock = null;
  this.isDragging = false;
  this.currentDirection = null;
  this.originPoint = {
  x: 0,
  y: 0
  };
  /**
           * The permitted boundaries of travel, in pixels.
           */ this.constraints = false;
  this.hasMutatedConstraints = false;
  /**
           * The per-axis resolved elastic values.
           */ this.elastic = createBox();
  /**
           * The latest pointer event. Used as fallback when the `cancel` and `stop` functions are called without arguments.
           */ this.latestPointerEvent = null;
  /**
           * The latest pan info. Used as fallback when the `cancel` and `stop` functions are called without arguments.
           */ this.latestPanInfo = null;
  this.visualElement = visualElement;
  }
  start(originEvent, { snapToCursor = false, distanceThreshold } = {}) {
  /**
           * Don't start dragging if this component is exiting
           */ const { presenceContext } = this.visualElement;
  if (presenceContext && presenceContext.isPresent === false) return;
  const onSessionStart = (event1)=>{
  if (snapToCursor) {
  this.snapToCursor(extractEventInfo(event1).point);
  }
  this.stopAnimation();
  };
  const onStart = (event1, info)=>{
  // Attempt to grab the global drag gesture lock - maybe make this part of PanSession
  const { drag, dragPropagation, onDragStart } = this.getProps();
  if (drag && !dragPropagation) {
  if (this.openDragLock) this.openDragLock();
  this.openDragLock = setDragLock(drag);
  // If we don 't have the lock, don't start dragging
  if (!this.openDragLock) return;
  }
  this.latestPointerEvent = event1;
  this.latestPanInfo = info;
  this.isDragging = true;
  this.currentDirection = null;
  this.resolveConstraints();
  if (this.visualElement.projection) {
  this.visualElement.projection.isAnimationBlocked = true;
  this.visualElement.projection.target = undefined;
  }
  /**
               * Record gesture origin and pointer offset
               */ eachAxis((axis)=>{
  let current = this.getAxisMotionValue(axis).get() || 0;
  /**
                   * If the MotionValue is a percentage value convert to px
                   */ if (percent.test(current)) {
  const { projection } = this.visualElement;
  if (projection && projection.layout) {
  const measuredAxis = projection.layout.layoutBox[axis];
  if (measuredAxis) {
  const length = calcLength(measuredAxis);
  current = length * (parseFloat(current) / 100);
  }
  }
  }
  this.originPoint[axis] = current;
  });
  // Fire onDragStart event
  if (onDragStart) {
  frame.update(()=>onDragStart(event1, info), false, true);
  }
  addValueToWillChange(this.visualElement, "transform");
  const { animationState } = this.visualElement;
  animationState && animationState.setActive("whileDrag", true);
  };
  const onMove = (event1, info)=>{
  this.latestPointerEvent = event1;
  this.latestPanInfo = info;
  const { dragPropagation, dragDirectionLock, onDirectionLock, onDrag } = this.getProps();
  // If we didn't successfully receive the gesture lock, early return.
  if (!dragPropagation && !this.openDragLock) return;
  const { offset } = info;
  // Attempt to detect drag direction if directionLock is true
  if (dragDirectionLock && this.currentDirection === null) {
  this.currentDirection = getCurrentDirection(offset);
  // If we've successfully set a direction, notify listener
  if (this.currentDirection !== null) {
  onDirectionLock && onDirectionLock(this.currentDirection);
  }
  return;
  }
  // Update each point with the latest position
  this.updateAxis("x", info.point, offset);
  this.updateAxis("y", info.point, offset);
  /**
               * Ideally we would leave the renderer to fire naturally at the end of
               * this frame but if the element is about to change layout as the result
               * of a re-render we want to ensure the browser can read the latest
               * bounding box to ensure the pointer and element don't fall out of sync.
               */ this.visualElement.render();
  /**
               * This must fire after the render call as it might trigger a state
               * change which itself might trigger a layout update.
               */ if (onDrag) {
  frame.update(()=>onDrag(event1, info), false, true);
  }
  };
  const onSessionEnd = (event1, info)=>{
  this.latestPointerEvent = event1;
  this.latestPanInfo = info;
  this.stop(event1, info);
  this.latestPointerEvent = null;
  this.latestPanInfo = null;
  };
  const resumeAnimation = ()=>{
  const { dragSnapToOrigin: snap } = this.getProps();
  if (snap || this.constraints) {
  this.startAnimation({
  x: 0,
  y: 0
  });
  }
  };
  const { dragSnapToOrigin } = this.getProps();
  this.panSession = new PanSession(originEvent, {
  onSessionStart,
  onStart,
  onMove,
  onSessionEnd,
  resumeAnimation
  }, {
  transformPagePoint: this.visualElement.getTransformPagePoint(),
  dragSnapToOrigin,
  distanceThreshold,
  contextWindow: getContextWindow(this.visualElement),
  element: this.visualElement.current
  });
  }
  /**
       * @internal
       */ stop(event1, panInfo) {
  const finalEvent = event1 || this.latestPointerEvent;
  const finalPanInfo = panInfo || this.latestPanInfo;
  const isDragging = this.isDragging;
  this.cancel();
  if (!isDragging || !finalPanInfo || !finalEvent) return;
  const { velocity } = finalPanInfo;
  this.startAnimation(velocity);
  const { onDragEnd } = this.getProps();
  if (onDragEnd) {
  frame.postRender(()=>onDragEnd(finalEvent, finalPanInfo));
  }
  }
  /**
       * @internal
       */ cancel() {
  this.isDragging = false;
  const { projection, animationState } = this.visualElement;
  if (projection) {
  projection.isAnimationBlocked = false;
  }
  this.endPanSession();
  const { dragPropagation } = this.getProps();
  if (!dragPropagation && this.openDragLock) {
  this.openDragLock();
  this.openDragLock = null;
  }
  animationState && animationState.setActive("whileDrag", false);
  }
  /**
       * Clean up the pan session without modifying other drag state.
       * This is used during unmount to ensure event listeners are removed
       * without affecting projection animations or drag locks.
       * @internal
       */ endPanSession() {
  this.panSession && this.panSession.end();
  this.panSession = undefined;
  }
  updateAxis(axis, _point, offset) {
  const { drag } = this.getProps();
  // If we're not dragging this axis, do an early return.
  if (!offset || !shouldDrag(axis, drag, this.currentDirection)) return;
  const axisValue = this.getAxisMotionValue(axis);
  let next = this.originPoint[axis] + offset[axis];
  // Apply constraints
  if (this.constraints && this.constraints[axis]) {
  next = applyConstraints(next, this.constraints[axis], this.elastic[axis]);
  }
  axisValue.set(next);
  }
  resolveConstraints() {
  const { dragConstraints, dragElastic } = this.getProps();
  const layout = this.visualElement.projection && !this.visualElement.projection.layout ? this.visualElement.projection.measure(false) : this.visualElement.projection?.layout;
  const prevConstraints = this.constraints;
  if (dragConstraints && isRefObject(dragConstraints)) {
  if (!this.constraints) {
  this.constraints = this.resolveRefConstraints();
  }
  } else {
  if (dragConstraints && layout) {
  this.constraints = calcRelativeConstraints(layout.layoutBox, dragConstraints);
  } else {
  this.constraints = false;
  }
  }
  this.elastic = resolveDragElastic(dragElastic);
  /**
           * If we're outputting to external MotionValues, we want to rebase the measured constraints
           * from viewport-relative to component-relative. This only applies to relative (non-ref)
           * constraints, as ref-based constraints from calcViewportConstraints are already in the
           * correct coordinate space for the motion value transform offset.
           */ if (prevConstraints !== this.constraints && !isRefObject(dragConstraints) && layout && this.constraints && !this.hasMutatedConstraints) {
  eachAxis((axis)=>{
  if (this.constraints !== false && this.getAxisMotionValue(axis)) {
  this.constraints[axis] = rebaseAxisConstraints(layout.layoutBox[axis], this.constraints[axis]);
  }
  });
  }
  }
  resolveRefConstraints() {
  const { dragConstraints: constraints, onMeasureDragConstraints } = this.getProps();
  if (!constraints || !isRefObject(constraints)) return false;
  const constraintsElement = constraints.current;
  invariant(constraintsElement !== null, "If `dragConstraints` is set as a React ref, that ref must be passed to another component's `ref` prop.", "drag-constraints-ref");
  const { projection } = this.visualElement;
  // TODO
  if (!projection || !projection.layout) return false;
  const constraintsBox = measurePageBox(constraintsElement, projection.root, this.visualElement.getTransformPagePoint());
  let measuredConstraints = calcViewportConstraints(projection.layout.layoutBox, constraintsBox);
  /**
           * If there's an onMeasureDragConstraints listener we call it and
           * if different constraints are returned, set constraints to that
           */ if (onMeasureDragConstraints) {
  const userConstraints = onMeasureDragConstraints(convertBoxToBoundingBox(measuredConstraints));
  this.hasMutatedConstraints = !!userConstraints;
  if (userConstraints) {
  measuredConstraints = convertBoundingBoxToBox(userConstraints);
  }
  }
  return measuredConstraints;
  }
  startAnimation(velocity) {
  const { drag, dragMomentum, dragElastic, dragTransition, dragSnapToOrigin, onDragTransitionEnd } = this.getProps();
  const constraints = this.constraints || {};
  const momentumAnimations = eachAxis((axis)=>{
  if (!shouldDrag(axis, drag, this.currentDirection)) {
  return;
  }
  let transition = constraints && constraints[axis] || {};
  if (dragSnapToOrigin === true || dragSnapToOrigin === axis) transition = {
  min: 0,
  max: 0
  };
  /**
               * Overdamp the boundary spring if `dragElastic` is disabled. There's still a frame
               * of spring animations so we should look into adding a disable spring option to `inertia`.
               * We could do something here where we affect the `bounceStiffness` and `bounceDamping`
               * using the value of `dragElastic`.
               */ const bounceStiffness = dragElastic ? 200 : 1000000;
  const bounceDamping = dragElastic ? 40 : 10000000;
  const inertia = {
  type: "inertia",
  velocity: dragMomentum ? velocity[axis] : 0,
  bounceStiffness,
  bounceDamping,
  timeConstant: 750,
  restDelta: 1,
  restSpeed: 10,
  ...dragTransition,
  ...transition
  };
  // If we're not animating on an externally-provided `MotionValue` we can use the
  // component's animation controls which will handle interactions with whileHover (etc),
  // otherwise we just have to animate the `MotionValue` itself.
  return this.startAxisValueAnimation(axis, inertia);
  });
  // Run all animations and then resolve the new drag constraints.
  return Promise.all(momentumAnimations).then(onDragTransitionEnd);
  }
  startAxisValueAnimation(axis, transition) {
  const axisValue = this.getAxisMotionValue(axis);
  addValueToWillChange(this.visualElement, axis);
  return axisValue.start(animateMotionValue(axis, axisValue, 0, transition, this.visualElement, false));
  }
  stopAnimation() {
  eachAxis((axis)=>this.getAxisMotionValue(axis).stop());
  }
  /**
       * Drag works differently depending on which props are provided.
       *
       * - If _dragX and _dragY are provided, we output the gesture delta directly to those motion values.
       * - Otherwise, we apply the delta to the x/y motion values.
       */ getAxisMotionValue(axis) {
  const dragKey = `_drag${axis.toUpperCase()}`;
  const props = this.visualElement.getProps();
  const externalMotionValue = props[dragKey];
  return externalMotionValue ? externalMotionValue : this.visualElement.getValue(axis, (props.initial ? props.initial[axis] : undefined) || 0);
  }
  snapToCursor(point) {
  eachAxis((axis)=>{
  const { drag } = this.getProps();
  // If we're not dragging this axis, do an early return.
  if (!shouldDrag(axis, drag, this.currentDirection)) return;
  const { projection } = this.visualElement;
  const axisValue = this.getAxisMotionValue(axis);
  if (projection && projection.layout) {
  const { min, max } = projection.layout.layoutBox[axis];
  /**
                   * The layout measurement includes the current transform value,
                   * so we need to add it back to get the correct snap position.
                   * This fixes an issue where elements with initial coordinates
                   * would snap to the wrong position on the first drag.
                   */ const current = axisValue.get() || 0;
  axisValue.set(point[axis] - mixNumber(min, max, 0.5) + current);
  }
  });
  }
  /**
       * When the viewport resizes we want to check if the measured constraints
       * have changed and, if so, reposition the element within those new constraints
       * relative to where it was before the resize.
       */ scalePositionWithinConstraints() {
  if (!this.visualElement.current) return;
  const { drag, dragConstraints } = this.getProps();
  const { projection } = this.visualElement;
  if (!isRefObject(dragConstraints) || !projection || !this.constraints) return;
  /**
           * Stop current animations as there can be visual glitching if we try to do
           * this mid-animation
           */ this.stopAnimation();
  /**
           * Record the relative position of the dragged element relative to the
           * constraints box and save as a progress value.
           */ const boxProgress = {
  x: 0,
  y: 0
  };
  eachAxis((axis)=>{
  const axisValue = this.getAxisMotionValue(axis);
  if (axisValue && this.constraints !== false) {
  const latest = axisValue.get();
  boxProgress[axis] = calcOrigin({
  min: latest,
  max: latest
  }, this.constraints[axis]);
  }
  });
  /**
           * Update the layout of this element and resolve the latest drag constraints
           */ const { transformTemplate } = this.visualElement.getProps();
  this.visualElement.current.style.transform = transformTemplate ? transformTemplate({}, "") : "none";
  projection.root && projection.root.updateScroll();
  projection.updateLayout();
  /**
           * Reset constraints so resolveConstraints() will recalculate them
           * with the freshly measured layout rather than returning the cached value.
           */ this.constraints = false;
  this.resolveConstraints();
  /**
           * For each axis, calculate the current progress of the layout axis
           * within the new constraints.
           */ eachAxis((axis)=>{
  if (!shouldDrag(axis, drag, null)) return;
  /**
               * Calculate a new transform based on the previous box progress
               */ const axisValue = this.getAxisMotionValue(axis);
  const { min, max } = this.constraints[axis];
  axisValue.set(mixNumber(min, max, boxProgress[axis]));
  });
  /**
           * Flush the updated transform to the DOM synchronously to prevent
           * a visual flash at the element's CSS layout position (0,0) when
           * the transform was stripped for measurement.
           */ this.visualElement.render();
  }
  addListeners() {
  if (!this.visualElement.current) return;
  elementDragControls.set(this.visualElement, this);
  const element = this.visualElement.current;
  /**
           * Attach a pointerdown event listener on this DOM element to initiate drag tracking.
           */ const stopPointerListener = addPointerEvent(element, "pointerdown", (event1)=>{
  const { drag, dragListener = true } = this.getProps();
  const target = event1.target;
  /**
               * Only block drag if clicking on a text input child element
               * (input, textarea, select, contenteditable) where users might
               * want to select text or interact with the control.
               *
               * Buttons and links don't block drag since they don't have
               * click-and-move actions of their own.
               */ const isClickingTextInputChild = target !== element && isElementTextInput(target);
  if (drag && dragListener && !isClickingTextInputChild) {
  this.start(event1);
  }
  });
  /**
           * If using ref-based constraints, observe both the draggable element
           * and the constraint container for size changes via ResizeObserver.
           * Setup is deferred because dragConstraints.current is null when
           * addListeners first runs (React hasn't committed the ref yet).
           */ let stopResizeObservers;
  const measureDragConstraints = ()=>{
  const { dragConstraints } = this.getProps();
  if (isRefObject(dragConstraints) && dragConstraints.current) {
  this.constraints = this.resolveRefConstraints();
  if (!stopResizeObservers) {
  stopResizeObservers = startResizeObservers(element, dragConstraints.current, ()=>this.scalePositionWithinConstraints());
  }
  }
  };
  const { projection } = this.visualElement;
  const stopMeasureLayoutListener = projection.addEventListener("measure", measureDragConstraints);
  if (projection && !projection.layout) {
  projection.root && projection.root.updateScroll();
  projection.updateLayout();
  }
  frame.read(measureDragConstraints);
  /**
           * Attach a window resize listener to scale the draggable target within its defined
           * constraints as the window resizes.
           */ const stopResizeListener = addDomEvent(window, "resize", ()=>this.scalePositionWithinConstraints());
  /**
           * If the element's layout changes, calculate the delta and apply that to
           * the drag gesture's origin point.
           */ const stopLayoutUpdateListener = projection.addEventListener("didUpdate", ({ delta, hasLayoutChanged })=>{
  if (this.isDragging && hasLayoutChanged) {
  eachAxis((axis)=>{
  const motionValue = this.getAxisMotionValue(axis);
  if (!motionValue) return;
  this.originPoint[axis] += delta[axis].translate;
  motionValue.set(motionValue.get() + delta[axis].translate);
  });
  this.visualElement.render();
  }
  });
  return ()=>{
  stopResizeListener();
  stopPointerListener();
  stopMeasureLayoutListener();
  stopLayoutUpdateListener && stopLayoutUpdateListener();
  stopResizeObservers && stopResizeObservers();
  };
  }
  getProps() {
  const props = this.visualElement.getProps();
  const { drag = false, dragDirectionLock = false, dragPropagation = false, dragConstraints = false, dragElastic = defaultElastic, dragMomentum = true } = props;
  return {
  ...props,
  drag,
  dragDirectionLock,
  dragPropagation,
  dragConstraints,
  dragElastic,
  dragMomentum
  };
  }
  }
  function skipFirstCall(callback) {
  let isFirst = true;
  return ()=>{
  if (isFirst) {
  isFirst = false;
  return;
  }
  callback();
  };
  }
  function startResizeObservers(element, constraintsElement, onResize) {
  const stopElement = resize(element, skipFirstCall(onResize));
  const stopContainer = resize(constraintsElement, skipFirstCall(onResize));
  return ()=>{
  stopElement();
  stopContainer();
  };
  }
  function shouldDrag(direction, drag, currentDirection) {
  return (drag === true || drag === direction) && (currentDirection === null || currentDirection === direction);
  }
  /**
   * Based on an x/y offset determine the current drag direction. If both axis' offsets are lower
   * than the provided threshold, return `null`.
   *
   * @param offset - The x/y offset from origin.
   * @param lockThreshold - (Optional) - the minimum absolute offset before we can determine a drag direction.
   */ function getCurrentDirection(offset, lockThreshold = 10) {
  let direction = null;
  if (Math.abs(offset.y) > lockThreshold) {
  direction = "y";
  } else if (Math.abs(offset.x) > lockThreshold) {
  direction = "x";
  }
  return direction;
  }
  ;
  ;
  ;
  ;
  class DragGesture extends Feature {
  constructor(node){
  super(node);
  this.removeGroupControls = noop;
  this.removeListeners = noop;
  this.controls = new VisualElementDragControls(node);
  }
  mount() {
  // If we've been provided a DragControls for manual control over the drag gesture,
  // subscribe this component to it on mount.
  const { dragControls } = this.node.getProps();
  if (dragControls) {
  this.removeGroupControls = dragControls.subscribe(this.controls);
  }
  this.removeListeners = this.controls.addListeners() || noop;
  }
  update() {
  const { dragControls } = this.node.getProps();
  const { dragControls: prevDragControls } = this.node.prevProps || {};
  if (dragControls !== prevDragControls) {
  this.removeGroupControls();
  if (dragControls) {
  this.removeGroupControls = dragControls.subscribe(this.controls);
  }
  }
  }
  unmount() {
  this.removeGroupControls();
  this.removeListeners();
  /**
           * In React 19, during list reorder reconciliation, components may
           * briefly unmount and remount while the drag is still active. If we're
           * actively dragging, we should NOT end the pan session - it will
           * continue tracking pointer events via its window-level listeners.
           *
           * The pan session will be properly cleaned up when:
           * 1. The drag ends naturally (pointerup/pointercancel)
           * 2. The component is truly removed from the DOM
           */ if (!this.controls.isDragging) {
  this.controls.endPanSession();
  }
  }
  }
  ;
  ;
  ;
  ;
  ;
  ;
  const asyncHandler = (handler)=>(event1, info)=>{
  if (handler) {
  frame.update(()=>handler(event1, info), false, true);
  }
  };
  class PanGesture extends Feature {
  constructor(){
  super(...arguments);
  this.removePointerDownListener = noop;
  }
  onPointerDown(pointerDownEvent) {
  this.session = new PanSession(pointerDownEvent, this.createPanHandlers(), {
  transformPagePoint: this.node.getTransformPagePoint(),
  contextWindow: getContextWindow(this.node)
  });
  }
  createPanHandlers() {
  const { onPanSessionStart, onPanStart, onPan, onPanEnd } = this.node.getProps();
  return {
  onSessionStart: asyncHandler(onPanSessionStart),
  onStart: asyncHandler(onPanStart),
  onMove: asyncHandler(onPan),
  onEnd: (event1, info)=>{
  delete this.session;
  if (onPanEnd) {
  frame.postRender(()=>onPanEnd(event1, info));
  }
  }
  };
  }
  mount() {
  this.removePointerDownListener = addPointerEvent(this.node.current, "pointerdown", (event1)=>this.onPointerDown(event1));
  }
  update() {
  this.session && this.session.updateHandlers(this.createPanHandlers());
  }
  unmount() {
  this.removePointerDownListener();
  this.session && this.session.end();
  }
  }
  ;
  var __TURBOPACK__imported__module__87924__10 = __TURBOPACK__imported__module__87924__;
  /**
   * This should only ever be modified on the client otherwise it'll
   * persist through server requests. If we need instanced states we
   * could lazy-init via root.
   */ const globalProjectionState = {
  /**
       * Global flag as to whether the tree has animated since the last time
       * we resized the window
       */ hasAnimatedSinceResize: true,
  /**
       * We set this to true once, on the first update. Any nodes added to the tree beyond that
       * update will be given a `data-projection-id` attribute.
       */ hasEverUpdated: false
  };
  ;
  var __TURBOPACK__imported__module__72131__24 = __TURBOPACK__imported__module__72131__;
  var __TURBOPACK__imported__module__72131__25 = __TURBOPACK__imported__module__72131__;
  "use client";
  ;
  ;
  /**
   * When a component is the child of `AnimatePresence`, it can use `usePresence`
   * to access information about whether it's still present in the React tree.
   *
   * ```jsx
   * import { usePresence } from "framer-motion"
   *
   * export const Component = () => {
   *   const [isPresent, safeToRemove] = usePresence()
   *
   *   useEffect(() => {
   *     !isPresent && setTimeout(safeToRemove, 1000)
   *   }, [isPresent])
   *
   *   return <div />
   * }
   * ```
   *
   * If `isPresent` is `false`, it means that a component has been removed from the tree,
   * but `AnimatePresence` won't really remove it until `safeToRemove` has been called.
   *
   * @public
   */ function usePresence(subscribe = true) {
  const context = (0, __TURBOPACK__imported__module__72131__25["useContext"])(PresenceContext);
  if (context === null) return [
  true,
  null
  ];
  const { isPresent, onExitComplete, register } = context;
  // It's safe to call the following hooks conditionally (after an early return) because the context will always
  // either be null or non-null for the lifespan of the component.
  const id = (0, __TURBOPACK__imported__module__72131__25["useId"])();
  (0, __TURBOPACK__imported__module__72131__25["useEffect"])(()=>{
  if (subscribe) {
  return register(id);
  }
  }, [
  subscribe
  ]);
  const safeToRemove = (0, __TURBOPACK__imported__module__72131__25["useCallback"])(()=>subscribe && onExitComplete && onExitComplete(id), [
  id,
  onExitComplete,
  subscribe
  ]);
  return !isPresent && onExitComplete ? [
  false,
  safeToRemove
  ] : [
  true
  ];
  }
  /**
   * Similar to `usePresence`, except `useIsPresent` simply returns whether or not the component is present.
   * There is no `safeToRemove` function.
   *
   * ```jsx
   * import { useIsPresent } from "framer-motion"
   *
   * export const Component = () => {
   *   const isPresent = useIsPresent()
   *
   *   useEffect(() => {
   *     !isPresent && console.log("I've been removed!")
   *   }, [isPresent])
   *
   *   return <div />
   * }
   * ```
   *
   * @public
   */ function useIsPresent() {
  return isPresent((0, __TURBOPACK__imported__module__72131__25["useContext"])(PresenceContext));
  }
  function isPresent(context) {
  return context === null ? true : context.isPresent;
  }
  ;
  var __TURBOPACK__imported__module__72131__26 = __TURBOPACK__imported__module__72131__;
  "use client";
  ;
  /**
   * Internal, exported only for usage in Framer
   */ const SwitchLayoutGroupContext = (0, __TURBOPACK__imported__module__72131__26["createContext"])({});
  ;
  "use client";
  ;
  ;
  ;
  ;
  ;
  ;
  /**
   * Track whether we've taken any snapshots yet. If not,
   * we can safely skip notification of didUpdate.
   *
   * Difficult to capture in a test but to prevent flickering
   * we must set this to true either on update or unmount.
   * Running `next-env/layout-id` in Safari will show this behaviour if broken.
   */ let hasTakenAnySnapshot = false;
  class MeasureLayoutWithContext extends __TURBOPACK__imported__module__72131__24["Component"] {
  /**
       * This only mounts projection nodes for components that
       * need measuring, we might want to do it for all components
       * in order to incorporate transforms
       */ componentDidMount() {
  const { visualElement, layoutGroup, switchLayoutGroup, layoutId } = this.props;
  const { projection } = visualElement;
  if (projection) {
  if (layoutGroup.group) layoutGroup.group.add(projection);
  if (switchLayoutGroup && switchLayoutGroup.register && layoutId) {
  switchLayoutGroup.register(projection);
  }
  if (hasTakenAnySnapshot) {
  projection.root.didUpdate();
  }
  projection.addEventListener("animationComplete", ()=>{
  this.safeToRemove();
  });
  projection.setOptions({
  ...projection.options,
  layoutDependency: this.props.layoutDependency,
  onExitComplete: ()=>this.safeToRemove()
  });
  }
  globalProjectionState.hasEverUpdated = true;
  }
  getSnapshotBeforeUpdate(prevProps) {
  const { layoutDependency, visualElement, drag, isPresent } = this.props;
  const { projection } = visualElement;
  if (!projection) return null;
  /**
           * TODO: We use this data in relegate to determine whether to
           * promote a previous element. There's no guarantee its presence data
           * will have updated by this point - if a bug like this arises it will
           * have to be that we markForRelegation and then find a new lead some other way,
           * perhaps in didUpdate
           */ projection.isPresent = isPresent;
  if (prevProps.layoutDependency !== layoutDependency) {
  projection.setOptions({
  ...projection.options,
  layoutDependency
  });
  }
  hasTakenAnySnapshot = true;
  if (drag || prevProps.layoutDependency !== layoutDependency || layoutDependency === undefined || prevProps.isPresent !== isPresent) {
  projection.willUpdate();
  } else {
  this.safeToRemove();
  }
  if (prevProps.isPresent !== isPresent) {
  if (isPresent) {
  projection.promote();
  } else if (!projection.relegate()) {
  /**
                   * If there's another stack member taking over from this one,
                   * it's in charge of the exit animation and therefore should
                   * be in charge of the safe to remove. Otherwise we call it here.
                   */ frame.postRender(()=>{
  const stack = projection.getStack();
  if (!stack || !stack.members.length) {
  this.safeToRemove();
  }
  });
  }
  }
  return null;
  }
  componentDidUpdate() {
  const { visualElement, layoutAnchor } = this.props;
  const { projection } = visualElement;
  if (projection) {
  projection.options.layoutAnchor = layoutAnchor;
  projection.root.didUpdate();
  microtask.postRender(()=>{
  if (!projection.currentAnimation && projection.isLead()) {
  this.safeToRemove();
  }
  });
  }
  }
  componentWillUnmount() {
  const { visualElement, layoutGroup, switchLayoutGroup: promoteContext } = this.props;
  const { projection } = visualElement;
  hasTakenAnySnapshot = true;
  if (projection) {
  projection.scheduleCheckAfterUnmount();
  if (layoutGroup && layoutGroup.group) layoutGroup.group.remove(projection);
  if (promoteContext && promoteContext.deregister) promoteContext.deregister(projection);
  }
  }
  safeToRemove() {
  const { safeToRemove } = this.props;
  safeToRemove && safeToRemove();
  }
  render() {
  return null;
  }
  }
  function MeasureLayout(props) {
  const [isPresent, safeToRemove] = usePresence();
  const layoutGroup = (0, __TURBOPACK__imported__module__72131__24["useContext"])(LayoutGroupContext);
  return (0, __TURBOPACK__imported__module__87924__10["jsx"])(MeasureLayoutWithContext, {
  ...props,
  layoutGroup: layoutGroup,
  switchLayoutGroup: (0, __TURBOPACK__imported__module__72131__24["useContext"])(SwitchLayoutGroupContext),
  isPresent: isPresent,
  safeToRemove: safeToRemove
  });
  }
  ;
  ;
  ;
  ;
  function animateSingleValue(value, keyframes, options) {
  const motionValue$1 = isMotionValue(value) ? value : motionValue(value);
  motionValue$1.start(animateMotionValue("", motionValue$1, keyframes, options));
  return motionValue$1.animation;
  }
  ;
  ;
  ;
  ;
  /**
   * Timeout defined in ms
   */ function delay(callback, timeout) {
  const start = time.now();
  const checkElapsed = ({ timestamp })=>{
  const elapsed = timestamp - start;
  if (elapsed >= timeout) {
  cancelFrame(checkElapsed);
  callback(elapsed - timeout);
  }
  };
  frame.setup(checkElapsed, true);
  return ()=>cancelFrame(checkElapsed);
  }
  function delayInSeconds(callback, timeout) {
  return delay(callback, secondsToMilliseconds(timeout));
  }
  ;
  ;
  /**
   * Checks if an element is specifically an SVGSVGElement (the root SVG element)
   * in a way that works across iframes
   */ function isSVGSVGElement(element) {
  return isSVGElement(element) && element.tagName === "svg";
  }
  ;
  ;
  ;
  ;
  const borderLabels = [
  "borderTopLeftRadius",
  "borderTopRightRadius",
  "borderBottomLeftRadius",
  "borderBottomRightRadius"
  ];
  const numBorders = borderLabels.length;
  const asNumber = (value)=>typeof value === "string" ? parseFloat(value) : value;
  const isPx = (value)=>typeof value === "number" || px.test(value);
  function mixValues(target, follow, lead, progress1, shouldCrossfadeOpacity, isOnlyMember) {
  if (shouldCrossfadeOpacity) {
  target.opacity = mixNumber(0, lead.opacity ?? 1, easeCrossfadeIn(progress1));
  target.opacityExit = mixNumber(follow.opacity ?? 1, 0, easeCrossfadeOut(progress1));
  } else if (isOnlyMember) {
  target.opacity = mixNumber(follow.opacity ?? 1, lead.opacity ?? 1, progress1);
  }
  /**
       * Mix border radius
       */ for(let i = 0; i < numBorders; i++){
  const borderLabel = borderLabels[i];
  let followRadius = getRadius(follow, borderLabel);
  let leadRadius = getRadius(lead, borderLabel);
  if (followRadius === undefined && leadRadius === undefined) continue;
  followRadius || (followRadius = 0);
  leadRadius || (leadRadius = 0);
  const canMix = followRadius === 0 || leadRadius === 0 || isPx(followRadius) === isPx(leadRadius);
  if (canMix) {
  target[borderLabel] = Math.max(mixNumber(asNumber(followRadius), asNumber(leadRadius), progress1), 0);
  if (percent.test(leadRadius) || percent.test(followRadius)) {
  target[borderLabel] += "%";
  }
  } else {
  target[borderLabel] = leadRadius;
  }
  }
  /**
       * Mix rotation
       */ if (follow.rotate || lead.rotate) {
  target.rotate = mixNumber(follow.rotate || 0, lead.rotate || 0, progress1);
  }
  }
  function getRadius(values, radiusName) {
  return values[radiusName] !== undefined ? values[radiusName] : values.borderRadius;
  }
  const easeCrossfadeIn = /*@__PURE__*/ compress(0, 0.5, circOut);
  const easeCrossfadeOut = /*@__PURE__*/ compress(0.5, 0.95, noop);
  function compress(min, max, easing) {
  return (p)=>{
  // Could replace ifs with clamp
  if (p < min) return 0;
  if (p > max) return 1;
  return easing(progress(min, max, p));
  };
  }
  ;
  /**
   * Reset an axis to the provided origin box.
   *
   * This is a mutative operation.
   */ function copyAxisInto(axis, originAxis) {
  axis.min = originAxis.min;
  axis.max = originAxis.max;
  }
  /**
   * Reset a box to the provided origin box.
   *
   * This is a mutative operation.
   */ function copyBoxInto(box, originBox) {
  copyAxisInto(box.x, originBox.x);
  copyAxisInto(box.y, originBox.y);
  }
  /**
   * Reset a delta to the provided origin box.
   *
   * This is a mutative operation.
   */ function copyAxisDeltaInto(delta, originDelta) {
  delta.translate = originDelta.translate;
  delta.scale = originDelta.scale;
  delta.originPoint = originDelta.originPoint;
  delta.origin = originDelta.origin;
  }
  ;
  ;
  ;
  ;
  /**
   * Remove a delta from a point. This is essentially the steps of applyPointDelta in reverse
   */ function removePointDelta(point, translate, scale, originPoint, boxScale) {
  point -= translate;
  point = scalePoint(point, 1 / scale, originPoint);
  if (boxScale !== undefined) {
  point = scalePoint(point, 1 / boxScale, originPoint);
  }
  return point;
  }
  /**
   * Remove a delta from an axis. This is essentially the steps of applyAxisDelta in reverse
   */ function removeAxisDelta(axis, translate = 0, scale = 1, origin = 0.5, boxScale, originAxis = axis, sourceAxis = axis) {
  if (percent.test(translate)) {
  translate = parseFloat(translate);
  const relativeProgress = mixNumber(sourceAxis.min, sourceAxis.max, translate / 100);
  translate = relativeProgress - sourceAxis.min;
  }
  if (typeof translate !== "number") return;
  let originPoint = mixNumber(originAxis.min, originAxis.max, origin);
  if (axis === originAxis) originPoint -= translate;
  axis.min = removePointDelta(axis.min, translate, scale, originPoint, boxScale);
  axis.max = removePointDelta(axis.max, translate, scale, originPoint, boxScale);
  }
  /**
   * Remove a transforms from an axis. This is essentially the steps of applyAxisTransforms in reverse
   * and acts as a bridge between motion values and removeAxisDelta
   */ function removeAxisTransforms(axis, transforms, [key, scaleKey, originKey], origin, sourceAxis) {
  removeAxisDelta(axis, transforms[key], transforms[scaleKey], transforms[originKey], transforms.scale, origin, sourceAxis);
  }
  /**
   * The names of the motion values we want to apply as translation, scale and origin.
   */ const xKeys = [
  "x",
  "scaleX",
  "originX"
  ];
  const yKeys = [
  "y",
  "scaleY",
  "originY"
  ];
  /**
   * Remove a transforms from an box. This is essentially the steps of applyAxisBox in reverse
   * and acts as a bridge between motion values and removeAxisDelta
   */ function removeBoxTransforms(box, transforms, originBox, sourceBox) {
  removeAxisTransforms(box.x, transforms, xKeys, originBox ? originBox.x : undefined, sourceBox ? sourceBox.x : undefined);
  removeAxisTransforms(box.y, transforms, yKeys, originBox ? originBox.y : undefined, sourceBox ? sourceBox.y : undefined);
  }
  ;
  ;
  function isAxisDeltaZero(delta) {
  return delta.translate === 0 && delta.scale === 1;
  }
  function isDeltaZero(delta) {
  return isAxisDeltaZero(delta.x) && isAxisDeltaZero(delta.y);
  }
  function axisEquals(a, b) {
  return a.min === b.min && a.max === b.max;
  }
  function boxEquals(a, b) {
  return axisEquals(a.x, b.x) && axisEquals(a.y, b.y);
  }
  function axisEqualsRounded(a, b) {
  return Math.round(a.min) === Math.round(b.min) && Math.round(a.max) === Math.round(b.max);
  }
  function boxEqualsRounded(a, b) {
  return axisEqualsRounded(a.x, b.x) && axisEqualsRounded(a.y, b.y);
  }
  function aspectRatio(box) {
  return calcLength(box.x) / calcLength(box.y);
  }
  function axisDeltaEquals(a, b) {
  return a.translate === b.translate && a.scale === b.scale && a.originPoint === b.originPoint;
  }
  ;
  ;
  class NodeStack {
  constructor(){
  this.members = [];
  }
  add(node) {
  addUniqueItem(this.members, node);
  for(let i = this.members.length - 1; i >= 0; i--){
  const member = this.members[i];
  if (member === node || member === this.lead || member === this.prevLead) continue;
  const inst = member.instance;
  if ((!inst || inst.isConnected === false) && !member.snapshot) {
  removeItem(this.members, member);
  member.unmount();
  }
  }
  node.scheduleRender();
  }
  remove(node) {
  removeItem(this.members, node);
  if (node === this.prevLead) this.prevLead = undefined;
  if (node === this.lead) {
  const prevLead = this.members[this.members.length - 1];
  if (prevLead) this.promote(prevLead);
  }
  }
  relegate(node) {
  for(let i = this.members.indexOf(node) - 1; i >= 0; i--){
  const member = this.members[i];
  if (member.isPresent !== false && member.instance?.isConnected !== false) {
  this.promote(member);
  return true;
  }
  }
  return false;
  }
  promote(node, preserveFollowOpacity) {
  const prevLead = this.lead;
  if (node === prevLead) return;
  this.prevLead = prevLead;
  this.lead = node;
  node.show();
  if (prevLead) {
  prevLead.updateSnapshot();
  node.scheduleRender();
  const { layoutDependency: prevDep } = prevLead.options;
  const { layoutDependency: nextDep } = node.options;
  if (prevDep === undefined || prevDep !== nextDep) {
  node.resumeFrom = prevLead;
  if (preserveFollowOpacity) prevLead.preserveOpacity = true;
  if (prevLead.snapshot) {
  node.snapshot = prevLead.snapshot;
  node.snapshot.latestValues = prevLead.animationValues || prevLead.latestValues;
  }
  if (node.root?.isUpdating) node.isLayoutDirty = true;
  }
  if (node.options.crossfade === false) prevLead.hide();
  }
  }
  exitAnimationComplete() {
  this.members.forEach((member)=>{
  member.options.onExitComplete?.();
  member.resumingFrom?.options.onExitComplete?.();
  });
  }
  scheduleRender() {
  this.members.forEach((member)=>member.instance && member.scheduleRender(false));
  }
  removeLeadSnapshot() {
  if (this.lead?.snapshot) this.lead.snapshot = undefined;
  }
  }
  ;
  function buildProjectionTransform(delta, treeScale, latestTransform) {
  let transform = "";
  /**
       * The translations we use to calculate are always relative to the viewport coordinate space.
       * But when we apply scales, we also scale the coordinate space of an element and its children.
       * For instance if we have a treeScale (the culmination of all parent scales) of 0.5 and we need
       * to move an element 100 pixels, we actually need to move it 200 in within that scaled space.
       */ const xTranslate = delta.x.translate / treeScale.x;
  const yTranslate = delta.y.translate / treeScale.y;
  const zTranslate = latestTransform?.z || 0;
  if (xTranslate || yTranslate || zTranslate) {
  transform = `translate3d(${xTranslate}px, ${yTranslate}px, ${zTranslate}px) `;
  }
  /**
       * Apply scale correction for the tree transform.
       * This will apply scale to the screen-orientated axes.
       */ if (treeScale.x !== 1 || treeScale.y !== 1) {
  transform += `scale(${1 / treeScale.x}, ${1 / treeScale.y}) `;
  }
  if (latestTransform) {
  const { transformPerspective, rotate, rotateX, rotateY, skewX, skewY } = latestTransform;
  if (transformPerspective) transform = `perspective(${transformPerspective}px) ${transform}`;
  if (rotate) transform += `rotate(${rotate}deg) `;
  if (rotateX) transform += `rotateX(${rotateX}deg) `;
  if (rotateY) transform += `rotateY(${rotateY}deg) `;
  if (skewX) transform += `skewX(${skewX}deg) `;
  if (skewY) transform += `skewY(${skewY}deg) `;
  }
  /**
       * Apply scale to match the size of the element to the size we want it.
       * This will apply scale to the element-orientated axes.
       */ const elementScaleX = delta.x.scale * treeScale.x;
  const elementScaleY = delta.y.scale * treeScale.y;
  if (elementScaleX !== 1 || elementScaleY !== 1) {
  transform += `scale(${elementScaleX}, ${elementScaleY})`;
  }
  return transform || "none";
  }
  ;
  const compareByDepth = (a, b)=>a.depth - b.depth;
  ;
  ;
  ;
  class FlatTree {
  constructor(){
  this.children = [];
  this.isDirty = false;
  }
  add(child) {
  addUniqueItem(this.children, child);
  this.isDirty = true;
  }
  remove(child) {
  removeItem(this.children, child);
  this.isDirty = true;
  }
  forEach(callback) {
  this.isDirty && this.children.sort(compareByDepth);
  this.isDirty = false;
  this.children.forEach(callback);
  }
  }
  ;
  ;
  ;
  ;
  ;
  ;
  ;
  ;
  ;
  ;
  ;
  ;
  ;
  ;
  ;
  ;
  ;
  ;
  ;
  ;
  ;
  ;
  ;
  ;
  ;
  ;
  ;
  ;
  ;
  ;
  const metrics = {
  nodes: 0,
  calculatedTargetDeltas: 0,
  calculatedProjections: 0
  };
  const transformAxes = [
  "",
  "X",
  "Y",
  "Z"
  ];
  /**
   * We use 1000 as the animation target as 0-1000 maps better to pixels than 0-1
   * which has a noticeable difference in spring animations
   */ const animationTarget = 1000;
  let id1 = 0;
  function resetDistortingTransform(key, visualElement, values, sharedAnimationValues) {
  const { latestValues } = visualElement;
  // Record the distorting transform and then temporarily set it to 0
  if (latestValues[key]) {
  values[key] = latestValues[key];
  visualElement.setStaticValue(key, 0);
  if (sharedAnimationValues) {
  sharedAnimationValues[key] = 0;
  }
  }
  }
  function cancelTreeOptimisedTransformAnimations(projectionNode) {
  projectionNode.hasCheckedOptimisedAppear = true;
  if (projectionNode.root === projectionNode) return;
  const { visualElement } = projectionNode.options;
  if (!visualElement) return;
  const appearId = getOptimisedAppearId(visualElement);
  if (window.MotionHasOptimisedAnimation(appearId, "transform")) {
  const { layout, layoutId } = projectionNode.options;
  window.MotionCancelOptimisedAnimation(appearId, "transform", frame, !(layout || layoutId));
  }
  const { parent } = projectionNode;
  if (parent && !parent.hasCheckedOptimisedAppear) {
  cancelTreeOptimisedTransformAnimations(parent);
  }
  }
  function createProjectionNode({ attachResizeListener, defaultParent, measureScroll, checkIsScrollRoot, resetTransform }) {
  return class ProjectionNode {
  constructor(latestValues = {}, parent = defaultParent?.()){
  /**
               * A unique ID generated for every projection node.
               */ this.id = id1++;
  /**
               * An id that represents a unique session instigated by startUpdate.
               */ this.animationId = 0;
  this.animationCommitId = 0;
  /**
               * A Set containing all this component's children. This is used to iterate
               * through the children.
               *
               * TODO: This could be faster to iterate as a flat array stored on the root node.
               */ this.children = new Set();
  /**
               * Options for the node. We use this to configure what kind of layout animations
               * we should perform (if any).
               */ this.options = {};
  /**
               * We use this to detect when its safe to shut down part of a projection tree.
               * We have to keep projecting children for scale correction and relative projection
               * until all their parents stop performing layout animations.
               */ this.isTreeAnimating = false;
  this.isAnimationBlocked = false;
  /**
               * Flag to true if we think this layout has been changed. We can't always know this,
               * currently we set it to true every time a component renders, or if it has a layoutDependency
               * if that has changed between renders. Additionally, components can be grouped by LayoutGroup
               * and if one node is dirtied, they all are.
               */ this.isLayoutDirty = false;
  /**
               * Flag to true if we think the projection calculations for this node needs
               * recalculating as a result of an updated transform or layout animation.
               */ this.isProjectionDirty = false;
  /**
               * Flag to true if the layout *or* transform has changed. This then gets propagated
               * throughout the projection tree, forcing any element below to recalculate on the next frame.
               */ this.isSharedProjectionDirty = false;
  /**
               * Flag transform dirty. This gets propagated throughout the whole tree but is only
               * respected by shared nodes.
               */ this.isTransformDirty = false;
  /**
               * Block layout updates for instant layout transitions throughout the tree.
               */ this.updateManuallyBlocked = false;
  this.updateBlockedByResize = false;
  /**
               * Set to true between the start of the first `willUpdate` call and the end of the `didUpdate`
               * call.
               */ this.isUpdating = false;
  /**
               * If this is an SVG element we currently disable projection transforms
               */ this.isSVG = false;
  /**
               * Flag to true (during promotion) if a node doing an instant layout transition needs to reset
               * its projection styles.
               */ this.needsReset = false;
  /**
               * Flags whether this node should have its transform reset prior to measuring.
               */ this.shouldResetTransform = false;
  /**
               * Store whether this node has been checked for optimised appear animations. As
               * effects fire bottom-up, and we want to look up the tree for appear animations,
               * this makes sure we only check each path once, stopping at nodes that
               * have already been checked.
               */ this.hasCheckedOptimisedAppear = false;
  /**
               * An object representing the calculated contextual/accumulated/tree scale.
               * This will be used to scale calculcated projection transforms, as these are
               * calculated in screen-space but need to be scaled for elements to layoutly
               * make it to their calculated destinations.
               *
               * TODO: Lazy-init
               */ this.treeScale = {
  x: 1,
  y: 1
  };
  /**
               *
               */ this.eventHandlers = new Map();
  this.hasTreeAnimated = false;
  this.layoutVersion = 0;
  // Note: Currently only running on root node
  this.updateScheduled = false;
  this.scheduleUpdate = ()=>this.update();
  this.projectionUpdateScheduled = false;
  this.checkUpdateFailed = ()=>{
  if (this.isUpdating) {
  this.isUpdating = false;
  this.clearAllSnapshots();
  }
  };
  /**
               * This is a multi-step process as shared nodes might be of different depths. Nodes
               * are sorted by depth order, so we need to resolve the entire tree before moving to
               * the next step.
               */ this.updateProjection = ()=>{
  this.projectionUpdateScheduled = false;
  /**
                   * Reset debug counts. Manually resetting rather than creating a new
                   * object each frame.
                   */ if (statsBuffer.value) {
  metrics.nodes = metrics.calculatedTargetDeltas = metrics.calculatedProjections = 0;
  }
  this.nodes.forEach(propagateDirtyNodes);
  this.nodes.forEach(resolveTargetDelta);
  this.nodes.forEach(calcProjection);
  this.nodes.forEach(cleanDirtyNodes);
  if (statsBuffer.addProjectionMetrics) {
  statsBuffer.addProjectionMetrics(metrics);
  }
  };
  /**
               * Frame calculations
               */ this.resolvedRelativeTargetAt = 0.0;
  this.linkedParentVersion = 0;
  this.hasProjected = false;
  this.isVisible = true;
  this.animationProgress = 0;
  /**
               * Shared layout
               */ // TODO Only running on root node
  this.sharedNodes = new Map();
  this.latestValues = latestValues;
  this.root = parent ? parent.root || parent : this;
  this.path = parent ? [
  ...parent.path,
  parent
  ] : [];
  this.parent = parent;
  this.depth = parent ? parent.depth + 1 : 0;
  for(let i = 0; i < this.path.length; i++){
  this.path[i].shouldResetTransform = true;
  }
  if (this.root === this) this.nodes = new FlatTree();
  }
  addEventListener(name, handler) {
  if (!this.eventHandlers.has(name)) {
  this.eventHandlers.set(name, new SubscriptionManager());
  }
  return this.eventHandlers.get(name).add(handler);
  }
  notifyListeners(name, ...args) {
  const subscriptionManager = this.eventHandlers.get(name);
  subscriptionManager && subscriptionManager.notify(...args);
  }
  hasListeners(name) {
  return this.eventHandlers.has(name);
  }
  /**
           * Lifecycles
           */ mount(instance) {
  if (this.instance) return;
  this.isSVG = isSVGElement(instance) && !isSVGSVGElement(instance);
  this.instance = instance;
  const { layoutId, layout, visualElement } = this.options;
  if (visualElement && !visualElement.current) {
  visualElement.mount(instance);
  }
  this.root.nodes.add(this);
  this.parent && this.parent.children.add(this);
  if (this.root.hasTreeAnimated && (layout || layoutId)) {
  this.isLayoutDirty = true;
  }
  if (attachResizeListener) {
  let cancelDelay;
  let innerWidth = 0;
  const resizeUnblockUpdate = ()=>this.root.updateBlockedByResize = false;
  // Set initial innerWidth in a frame.read callback to batch the read
  frame.read(()=>{
  innerWidth = window.innerWidth;
  });
  attachResizeListener(instance, ()=>{
  const newInnerWidth = window.innerWidth;
  if (newInnerWidth === innerWidth) return;
  innerWidth = newInnerWidth;
  this.root.updateBlockedByResize = true;
  cancelDelay && cancelDelay();
  cancelDelay = delay(resizeUnblockUpdate, 250);
  if (globalProjectionState.hasAnimatedSinceResize) {
  globalProjectionState.hasAnimatedSinceResize = false;
  this.nodes.forEach(finishAnimation);
  }
  });
  }
  if (layoutId) {
  this.root.registerSharedNode(layoutId, this);
  }
  // Only register the handler if it requires layout animation
  if (this.options.animate !== false && visualElement && (layoutId || layout)) {
  this.addEventListener("didUpdate", ({ delta, hasLayoutChanged, hasRelativeLayoutChanged, layout: newLayout })=>{
  if (this.isTreeAnimationBlocked()) {
  this.target = undefined;
  this.relativeTarget = undefined;
  return;
  }
  // TODO: Check here if an animation exists
  const layoutTransition = this.options.transition || visualElement.getDefaultTransition() || defaultLayoutTransition;
  const { onLayoutAnimationStart, onLayoutAnimationComplete } = visualElement.getProps();
  /**
                       * The target layout of the element might stay the same,
                       * but its position relative to its parent has changed.
                       */ const hasTargetChanged = !this.targetLayout || !boxEqualsRounded(this.targetLayout, newLayout);
  /*
                       * Note: Disabled to fix relative animations always triggering new
                       * layout animations. If this causes further issues, we can try
                       * a different approach to detecting relative target changes.
                       */ // || hasRelativeLayoutChanged
  /**
                       * If the layout hasn't seemed to have changed, it might be that the
                       * element is visually in the same place in the document but its position
                       * relative to its parent has indeed changed. So here we check for that.
                       */ const hasOnlyRelativeTargetChanged = !hasLayoutChanged && hasRelativeLayoutChanged;
  if (this.options.layoutRoot || this.resumeFrom || hasOnlyRelativeTargetChanged || hasLayoutChanged && (hasTargetChanged || !this.currentAnimation)) {
  if (this.resumeFrom) {
  this.resumingFrom = this.resumeFrom;
  this.resumingFrom.resumingFrom = undefined;
  }
  const animationOptions = {
  ...getValueTransition(layoutTransition, "layout"),
  onPlay: onLayoutAnimationStart,
  onComplete: onLayoutAnimationComplete
  };
  if (visualElement.shouldReduceMotion || this.options.layoutRoot) {
  animationOptions.delay = 0;
  animationOptions.type = false;
  }
  this.startAnimation(animationOptions);
  /**
                           * Set animation origin after starting animation to avoid layout jump
                           * caused by stopping previous layout animation
                           */ this.setAnimationOrigin(delta, hasOnlyRelativeTargetChanged);
  } else {
  /**
                           * If the layout hasn't changed and we have an animation that hasn't started yet,
                           * finish it immediately. Otherwise it will be animating from a location
                           * that was probably never committed to screen and look like a jumpy box.
                           */ if (!hasLayoutChanged) {
  finishAnimation(this);
  }
  if (this.isLead() && this.options.onExitComplete) {
  this.options.onExitComplete();
  }
  }
  this.targetLayout = newLayout;
  });
  }
  }
  unmount() {
  this.options.layoutId && this.willUpdate();
  this.root.nodes.remove(this);
  const stack = this.getStack();
  stack && stack.remove(this);
  this.parent && this.parent.children.delete(this);
  this.instance = undefined;
  this.eventHandlers.clear();
  cancelFrame(this.updateProjection);
  }
  // only on the root
  blockUpdate() {
  this.updateManuallyBlocked = true;
  }
  unblockUpdate() {
  this.updateManuallyBlocked = false;
  }
  isUpdateBlocked() {
  return this.updateManuallyBlocked || this.updateBlockedByResize;
  }
  isTreeAnimationBlocked() {
  return this.isAnimationBlocked || this.parent && this.parent.isTreeAnimationBlocked() || false;
  }
  // Note: currently only running on root node
  startUpdate() {
  if (this.isUpdateBlocked()) return;
  this.isUpdating = true;
  this.nodes && this.nodes.forEach(resetSkewAndRotation);
  this.animationId++;
  }
  getTransformTemplate() {
  const { visualElement } = this.options;
  return visualElement && visualElement.getProps().transformTemplate;
  }
  willUpdate(shouldNotifyListeners = true) {
  this.root.hasTreeAnimated = true;
  if (this.root.isUpdateBlocked()) {
  this.options.onExitComplete && this.options.onExitComplete();
  return;
  }
  /**
               * If we're running optimised appear animations then these must be
               * cancelled before measuring the DOM. This is so we can measure
               * the true layout of the element rather than the WAAPI animation
               * which will be unaffected by the resetSkewAndRotate step.
               *
               * Note: This is a DOM write. Worst case scenario is this is sandwiched
               * between other snapshot reads which will cause unnecessary style recalculations.
               * This has to happen here though, as we don't yet know which nodes will need
               * snapshots in startUpdate(), but we only want to cancel optimised animations
               * if a layout animation measurement is actually going to be affected by them.
               */ if (window.MotionCancelOptimisedAnimation && !this.hasCheckedOptimisedAppear) {
  cancelTreeOptimisedTransformAnimations(this);
  }
  !this.root.isUpdating && this.root.startUpdate();
  if (this.isLayoutDirty) return;
  this.isLayoutDirty = true;
  for(let i = 0; i < this.path.length; i++){
  const node = this.path[i];
  node.shouldResetTransform = true;
  /**
                   * Percentage translates resolve against layoutBox dimensions,
                   * so ancestors with them must be re-measured after transform reset.
                   */ if (typeof node.latestValues.x === "string" || typeof node.latestValues.y === "string") {
  node.isLayoutDirty = true;
  }
  node.updateScroll("snapshot");
  if (node.options.layoutRoot) {
  node.willUpdate(false);
  }
  }
  const { layoutId, layout } = this.options;
  if (layoutId === undefined && !layout) return;
  const transformTemplate = this.getTransformTemplate();
  this.prevTransformTemplateValue = transformTemplate ? transformTemplate(this.latestValues, "") : undefined;
  this.updateSnapshot();
  shouldNotifyListeners && this.notifyListeners("willUpdate");
  }
  update() {
  this.updateScheduled = false;
  const updateWasBlocked = this.isUpdateBlocked();
  // When doing an instant transition, we skip the layout update,
  // but should still clean up the measurements so that the next
  // snapshot could be taken correctly.
  if (updateWasBlocked) {
  const wasBlockedByResize = this.updateBlockedByResize;
  this.unblockUpdate();
  this.updateBlockedByResize = false;
  this.clearAllSnapshots();
  /**
                   * When blocked by resize, still measure layouts so
                   * callbacks like onLayoutMeasure fire (e.g. Reorder).
                   * Skip notifyLayoutUpdate to prevent animations.
                   */ if (wasBlockedByResize) {
  this.nodes.forEach(forceLayoutMeasure);
  }
  this.nodes.forEach(clearMeasurements);
  return;
  }
  /**
               * If this is a repeat of didUpdate then ignore the animation.
               */ if (this.animationId <= this.animationCommitId) {
  this.nodes.forEach(clearIsLayoutDirty);
  return;
  }
  this.animationCommitId = this.animationId;
  if (!this.isUpdating) {
  this.nodes.forEach(clearIsLayoutDirty);
  } else {
  this.isUpdating = false;
  /**
                   * Ensure animation-blocked nodes (e.g. during drag)
                   * get measured even when memoized (willUpdate skipped).
                   */ this.nodes.forEach(ensureDraggedNodesSnapshotted);
  /**
                   * Write
                   */ this.nodes.forEach(resetTransformStyle);
  /**
                   * Read ==================
                   */ // Update layout measurements of updated children
  this.nodes.forEach(updateLayout);
  /**
                   * Write
                   */ // Notify listeners that the layout is updated
  this.nodes.forEach(notifyLayoutUpdate);
  }
  this.clearAllSnapshots();
  /**
               * Manually flush any pending updates. Ideally
               * we could leave this to the following requestAnimationFrame but this seems
               * to leave a flash of incorrectly styled content.
               */ const now = time.now();
  frameData.delta = clamp(0, 1000 / 60, now - frameData.timestamp);
  frameData.timestamp = now;
  frameData.isProcessing = true;
  frameSteps.update.process(frameData);
  frameSteps.preRender.process(frameData);
  frameSteps.render.process(frameData);
  frameData.isProcessing = false;
  }
  didUpdate() {
  if (!this.updateScheduled) {
  this.updateScheduled = true;
  microtask.read(this.scheduleUpdate);
  }
  }
  clearAllSnapshots() {
  this.nodes.forEach(clearSnapshot);
  this.sharedNodes.forEach(removeLeadSnapshots);
  }
  scheduleUpdateProjection() {
  if (!this.projectionUpdateScheduled) {
  this.projectionUpdateScheduled = true;
  frame.preRender(this.updateProjection, false, true);
  }
  }
  scheduleCheckAfterUnmount() {
  /**
               * If the unmounting node is in a layoutGroup and did trigger a willUpdate,
               * we manually call didUpdate to give a chance to the siblings to animate.
               * Otherwise, cleanup all snapshots to prevents future nodes from reusing them.
               */ frame.postRender(()=>{
  if (this.isLayoutDirty) {
  this.root.didUpdate();
  } else {
  this.root.checkUpdateFailed();
  }
  });
  }
  /**
           * Update measurements
           */ updateSnapshot() {
  if (this.snapshot || !this.instance) return;
  this.snapshot = this.measure();
  if (this.snapshot && !calcLength(this.snapshot.measuredBox.x) && !calcLength(this.snapshot.measuredBox.y)) {
  this.snapshot = undefined;
  }
  }
  updateLayout() {
  if (!this.instance) return;
  this.updateScroll();
  if (!(this.options.alwaysMeasureLayout && this.isLead()) && !this.isLayoutDirty) {
  return;
  }
  /**
               * When a node is mounted, it simply resumes from the prevLead's
               * snapshot instead of taking a new one, but the ancestors scroll
               * might have updated while the prevLead is unmounted. We need to
               * update the scroll again to make sure the layout we measure is
               * up to date.
               */ if (this.resumeFrom && !this.resumeFrom.instance) {
  for(let i = 0; i < this.path.length; i++){
  const node = this.path[i];
  node.updateScroll();
  }
  }
  const prevLayout = this.layout;
  this.layout = this.measure(false);
  this.layoutVersion++;
  if (!this.layoutCorrected) this.layoutCorrected = createBox();
  this.isLayoutDirty = false;
  this.projectionDelta = undefined;
  this.notifyListeners("measure", this.layout.layoutBox);
  const { visualElement } = this.options;
  visualElement && visualElement.notify("LayoutMeasure", this.layout.layoutBox, prevLayout ? prevLayout.layoutBox : undefined);
  }
  updateScroll(phase = "measure") {
  let needsMeasurement = Boolean(this.options.layoutScroll && this.instance);
  if (this.scroll && this.scroll.animationId === this.root.animationId && this.scroll.phase === phase) {
  needsMeasurement = false;
  }
  if (needsMeasurement && this.instance) {
  const isRoot = checkIsScrollRoot(this.instance);
  this.scroll = {
  animationId: this.root.animationId,
  phase,
  isRoot,
  offset: measureScroll(this.instance),
  wasRoot: this.scroll ? this.scroll.isRoot : isRoot
  };
  }
  }
  resetTransform() {
  if (!resetTransform) return;
  const isResetRequested = this.isLayoutDirty || this.shouldResetTransform || this.options.alwaysMeasureLayout;
  const hasProjection = this.projectionDelta && !isDeltaZero(this.projectionDelta);
  const transformTemplate = this.getTransformTemplate();
  const transformTemplateValue = transformTemplate ? transformTemplate(this.latestValues, "") : undefined;
  const transformTemplateHasChanged = transformTemplateValue !== this.prevTransformTemplateValue;
  if (isResetRequested && this.instance && (hasProjection || hasTransform(this.latestValues) || transformTemplateHasChanged)) {
  resetTransform(this.instance, transformTemplateValue);
  this.shouldResetTransform = false;
  this.scheduleRender();
  }
  }
  measure(removeTransform = true) {
  const pageBox = this.measurePageBox();
  let layoutBox = this.removeElementScroll(pageBox);
  /**
               * Measurements taken during the pre-render stage
               * still have transforms applied so we remove them
               * via calculation.
               */ if (removeTransform) {
  layoutBox = this.removeTransform(layoutBox);
  }
  roundBox(layoutBox);
  return {
  animationId: this.root.animationId,
  measuredBox: pageBox,
  layoutBox,
  latestValues: {},
  source: this.id
  };
  }
  measurePageBox() {
  const { visualElement } = this.options;
  if (!visualElement) return createBox();
  const box = visualElement.measureViewportBox();
  const wasInScrollRoot = this.scroll?.wasRoot || this.path.some(checkNodeWasScrollRoot);
  if (!wasInScrollRoot) {
  // Remove viewport scroll to give page-relative coordinates
  const { scroll } = this.root;
  if (scroll) {
  translateAxis(box.x, scroll.offset.x);
  translateAxis(box.y, scroll.offset.y);
  }
  }
  return box;
  }
  removeElementScroll(box) {
  const boxWithoutScroll = createBox();
  copyBoxInto(boxWithoutScroll, box);
  if (this.scroll?.wasRoot) {
  return boxWithoutScroll;
  }
  /**
               * Performance TODO: Keep a cumulative scroll offset down the tree
               * rather than loop back up the path.
               */ for(let i = 0; i < this.path.length; i++){
  const node = this.path[i];
  const { scroll, options } = node;
  if (node !== this.root && scroll && options.layoutScroll) {
  /**
                       * If this is a new scroll root, we want to remove all previous scrolls
                       * from the viewport box.
                       */ if (scroll.wasRoot) {
  copyBoxInto(boxWithoutScroll, box);
  }
  translateAxis(boxWithoutScroll.x, scroll.offset.x);
  translateAxis(boxWithoutScroll.y, scroll.offset.y);
  }
  }
  return boxWithoutScroll;
  }
  applyTransform(box, transformOnly = false, output) {
  const withTransforms = output || createBox();
  copyBoxInto(withTransforms, box);
  for(let i = 0; i < this.path.length; i++){
  const node = this.path[i];
  if (!transformOnly && node.options.layoutScroll && node.scroll && node !== node.root) {
  translateAxis(withTransforms.x, -node.scroll.offset.x);
  translateAxis(withTransforms.y, -node.scroll.offset.y);
  }
  if (!hasTransform(node.latestValues)) continue;
  transformBox(withTransforms, node.latestValues, node.layout?.layoutBox);
  }
  if (hasTransform(this.latestValues)) {
  transformBox(withTransforms, this.latestValues, this.layout?.layoutBox);
  }
  return withTransforms;
  }
  removeTransform(box) {
  const boxWithoutTransform = createBox();
  copyBoxInto(boxWithoutTransform, box);
  for(let i = 0; i < this.path.length; i++){
  const node = this.path[i];
  if (!hasTransform(node.latestValues)) continue;
  let sourceBox;
  if (node.instance) {
  hasScale(node.latestValues) && node.updateSnapshot();
  sourceBox = createBox();
  copyBoxInto(sourceBox, node.measurePageBox());
  }
  removeBoxTransforms(boxWithoutTransform, node.latestValues, node.snapshot?.layoutBox, sourceBox);
  }
  if (hasTransform(this.latestValues)) {
  removeBoxTransforms(boxWithoutTransform, this.latestValues);
  }
  return boxWithoutTransform;
  }
  setTargetDelta(delta) {
  this.targetDelta = delta;
  this.root.scheduleUpdateProjection();
  this.isProjectionDirty = true;
  }
  setOptions(options) {
  this.options = {
  ...this.options,
  ...options,
  crossfade: options.crossfade !== undefined ? options.crossfade : true
  };
  }
  clearMeasurements() {
  this.scroll = undefined;
  this.layout = undefined;
  this.snapshot = undefined;
  this.prevTransformTemplateValue = undefined;
  this.targetDelta = undefined;
  this.target = undefined;
  this.isLayoutDirty = false;
  }
  forceRelativeParentToResolveTarget() {
  if (!this.relativeParent) return;
  /**
               * If the parent target isn't up-to-date, force it to update.
               * This is an unfortunate de-optimisation as it means any updating relative
               * projection will cause all the relative parents to recalculate back
               * up the tree.
               */ if (this.relativeParent.resolvedRelativeTargetAt !== frameData.timestamp) {
  this.relativeParent.resolveTargetDelta(true);
  }
  }
  resolveTargetDelta(forceRecalculation = false) {
  /**
               * Once the dirty status of nodes has been spread through the tree, we also
               * need to check if we have a shared node of a different depth that has itself
               * been dirtied.
               */ const lead = this.getLead();
  this.isProjectionDirty || (this.isProjectionDirty = lead.isProjectionDirty);
  this.isTransformDirty || (this.isTransformDirty = lead.isTransformDirty);
  this.isSharedProjectionDirty || (this.isSharedProjectionDirty = lead.isSharedProjectionDirty);
  const isShared = Boolean(this.resumingFrom) || this !== lead;
  /**
               * We don't use transform for this step of processing so we don't
               * need to check whether any nodes have changed transform.
               */ const canSkip = !(forceRecalculation || isShared && this.isSharedProjectionDirty || this.isProjectionDirty || this.parent?.isProjectionDirty || this.attemptToResolveRelativeTarget || this.root.updateBlockedByResize);
  if (canSkip) return;
  const { layout, layoutId } = this.options;
  /**
               * If we have no layout, we can't perform projection, so early return
               */ if (!this.layout || !(layout || layoutId)) return;
  this.resolvedRelativeTargetAt = frameData.timestamp;
  const relativeParent = this.getClosestProjectingParent();
  if (relativeParent && this.linkedParentVersion !== relativeParent.layoutVersion && !relativeParent.options.layoutRoot) {
  this.removeRelativeTarget();
  }
  /**
               * If we don't have a targetDelta but do have a layout, we can attempt to resolve
               * a relativeParent. This will allow a component to perform scale correction
               * even if no animation has started.
               */ if (!this.targetDelta && !this.relativeTarget) {
  if (this.options.layoutAnchor !== false && relativeParent && relativeParent.layout) {
  this.createRelativeTarget(relativeParent, this.layout.layoutBox, relativeParent.layout.layoutBox);
  } else {
  this.removeRelativeTarget();
  }
  }
  /**
               * If we have no relative target or no target delta our target isn't valid
               * for this frame.
               */ if (!this.relativeTarget && !this.targetDelta) return;
  /**
               * Lazy-init target data structure
               */ if (!this.target) {
  this.target = createBox();
  this.targetWithTransforms = createBox();
  }
  /**
               * If we've got a relative box for this component, resolve it into a target relative to the parent.
               */ if (this.relativeTarget && this.relativeTargetOrigin && this.relativeParent && this.relativeParent.target) {
  this.forceRelativeParentToResolveTarget();
  calcRelativeBox(this.target, this.relativeTarget, this.relativeParent.target, this.options.layoutAnchor || undefined);
  /**
                   * If we've only got a targetDelta, resolve it into a target
                   */ } else if (this.targetDelta) {
  if (Boolean(this.resumingFrom)) {
  this.applyTransform(this.layout.layoutBox, false, this.target);
  } else {
  copyBoxInto(this.target, this.layout.layoutBox);
  }
  applyBoxDelta(this.target, this.targetDelta);
  } else {
  /**
                   * If no target, use own layout as target
                   */ copyBoxInto(this.target, this.layout.layoutBox);
  }
  /**
               * If we've been told to attempt to resolve a relative target, do so.
               */ if (this.attemptToResolveRelativeTarget) {
  this.attemptToResolveRelativeTarget = false;
  if (this.options.layoutAnchor !== false && relativeParent && Boolean(relativeParent.resumingFrom) === Boolean(this.resumingFrom) && !relativeParent.options.layoutScroll && relativeParent.target && this.animationProgress !== 1) {
  this.createRelativeTarget(relativeParent, this.target, relativeParent.target);
  } else {
  this.relativeParent = this.relativeTarget = undefined;
  }
  }
  /**
               * Increase debug counter for resolved target deltas
               */ if (statsBuffer.value) {
  metrics.calculatedTargetDeltas++;
  }
  }
  getClosestProjectingParent() {
  if (!this.parent || hasScale(this.parent.latestValues) || has2DTranslate(this.parent.latestValues)) {
  return undefined;
  }
  if (this.parent.isProjecting()) {
  return this.parent;
  } else {
  return this.parent.getClosestProjectingParent();
  }
  }
  isProjecting() {
  return Boolean((this.relativeTarget || this.targetDelta || this.options.layoutRoot) && this.layout);
  }
  createRelativeTarget(relativeParent, layout, parentLayout) {
  this.relativeParent = relativeParent;
  this.linkedParentVersion = relativeParent.layoutVersion;
  this.forceRelativeParentToResolveTarget();
  this.relativeTarget = createBox();
  this.relativeTargetOrigin = createBox();
  calcRelativePosition(this.relativeTargetOrigin, layout, parentLayout, this.options.layoutAnchor || undefined);
  copyBoxInto(this.relativeTarget, this.relativeTargetOrigin);
  }
  removeRelativeTarget() {
  this.relativeParent = this.relativeTarget = undefined;
  }
  calcProjection() {
  const lead = this.getLead();
  const isShared = Boolean(this.resumingFrom) || this !== lead;
  let canSkip = true;
  /**
               * If this is a normal layout animation and neither this node nor its nearest projecting
               * is dirty then we can't skip.
               */ if (this.isProjectionDirty || this.parent?.isProjectionDirty) {
  canSkip = false;
  }
  /**
               * If this is a shared layout animation and this node's shared projection is dirty then
               * we can't skip.
               */ if (isShared && (this.isSharedProjectionDirty || this.isTransformDirty)) {
  canSkip = false;
  }
  /**
               * If we have resolved the target this frame we must recalculate the
               * projection to ensure it visually represents the internal calculations.
               */ if (this.resolvedRelativeTargetAt === frameData.timestamp) {
  canSkip = false;
  }
  if (canSkip) return;
  const { layout, layoutId } = this.options;
  /**
               * If this section of the tree isn't animating we can
               * delete our target sources for the following frame.
               */ this.isTreeAnimating = Boolean(this.parent && this.parent.isTreeAnimating || this.currentAnimation || this.pendingAnimation);
  if (!this.isTreeAnimating) {
  this.targetDelta = this.relativeTarget = undefined;
  }
  if (!this.layout || !(layout || layoutId)) return;
  /**
               * Reset the corrected box with the latest values from box, as we're then going
               * to perform mutative operations on it.
               */ copyBoxInto(this.layoutCorrected, this.layout.layoutBox);
  /**
               * Record previous tree scales before updating.
               */ const prevTreeScaleX = this.treeScale.x;
  const prevTreeScaleY = this.treeScale.y;
  /**
               * Apply all the parent deltas to this box to produce the corrected box. This
               * is the layout box, as it will appear on screen as a result of the transforms of its parents.
               */ applyTreeDeltas(this.layoutCorrected, this.treeScale, this.path, isShared);
  /**
               * If this layer needs to perform scale correction but doesn't have a target,
               * use the layout as the target.
               */ if (lead.layout && !lead.target && (this.treeScale.x !== 1 || this.treeScale.y !== 1)) {
  lead.target = lead.layout.layoutBox;
  lead.targetWithTransforms = createBox();
  }
  const { target } = lead;
  if (!target) {
  /**
                   * If we don't have a target to project into, but we were previously
                   * projecting, we want to remove the stored transform and schedule
                   * a render to ensure the elements reflect the removed transform.
                   */ if (this.prevProjectionDelta) {
  this.createProjectionDeltas();
  this.scheduleRender();
  }
  return;
  }
  if (!this.projectionDelta || !this.prevProjectionDelta) {
  this.createProjectionDeltas();
  } else {
  copyAxisDeltaInto(this.prevProjectionDelta.x, this.projectionDelta.x);
  copyAxisDeltaInto(this.prevProjectionDelta.y, this.projectionDelta.y);
  }
  /**
               * Update the delta between the corrected box and the target box before user-set transforms were applied.
               * This will allow us to calculate the corrected borderRadius and boxShadow to compensate
               * for our layout reprojection, but still allow them to be scaled correctly by the user.
               * It might be that to simplify this we may want to accept that user-set scale is also corrected
               * and we wouldn't have to keep and calc both deltas, OR we could support a user setting
               * to allow people to choose whether these styles are corrected based on just the
               * layout reprojection or the final bounding box.
               */ calcBoxDelta(this.projectionDelta, this.layoutCorrected, target, this.latestValues);
  if (this.treeScale.x !== prevTreeScaleX || this.treeScale.y !== prevTreeScaleY || !axisDeltaEquals(this.projectionDelta.x, this.prevProjectionDelta.x) || !axisDeltaEquals(this.projectionDelta.y, this.prevProjectionDelta.y)) {
  this.hasProjected = true;
  this.scheduleRender();
  this.notifyListeners("projectionUpdate", target);
  }
  /**
               * Increase debug counter for recalculated projections
               */ if (statsBuffer.value) {
  metrics.calculatedProjections++;
  }
  }
  hide() {
  this.isVisible = false;
  // TODO: Schedule render
  }
  show() {
  this.isVisible = true;
  // TODO: Schedule render
  }
  scheduleRender(notifyAll = true) {
  this.options.visualElement?.scheduleRender();
  if (notifyAll) {
  const stack = this.getStack();
  stack && stack.scheduleRender();
  }
  if (this.resumingFrom && !this.resumingFrom.instance) {
  this.resumingFrom = undefined;
  }
  }
  createProjectionDeltas() {
  this.prevProjectionDelta = createDelta();
  this.projectionDelta = createDelta();
  this.projectionDeltaWithTransform = createDelta();
  }
  setAnimationOrigin(delta, hasOnlyRelativeTargetChanged = false) {
  const snapshot = this.snapshot;
  const snapshotLatestValues = snapshot ? snapshot.latestValues : {};
  const mixedValues = {
  ...this.latestValues
  };
  const targetDelta = createDelta();
  if (!this.relativeParent || !this.relativeParent.options.layoutRoot) {
  this.relativeTarget = this.relativeTargetOrigin = undefined;
  }
  this.attemptToResolveRelativeTarget = !hasOnlyRelativeTargetChanged;
  const relativeLayout = createBox();
  const snapshotSource = snapshot ? snapshot.source : undefined;
  const layoutSource = this.layout ? this.layout.source : undefined;
  const isSharedLayoutAnimation = snapshotSource !== layoutSource;
  const stack = this.getStack();
  const isOnlyMember = !stack || stack.members.length <= 1;
  const shouldCrossfadeOpacity = Boolean(isSharedLayoutAnimation && !isOnlyMember && this.options.crossfade === true && !this.path.some(hasOpacityCrossfade));
  this.animationProgress = 0;
  let prevRelativeTarget;
  this.mixTargetDelta = (latest)=>{
  const progress = latest / 1000;
  mixAxisDelta(targetDelta.x, delta.x, progress);
  mixAxisDelta(targetDelta.y, delta.y, progress);
  this.setTargetDelta(targetDelta);
  if (this.relativeTarget && this.relativeTargetOrigin && this.layout && this.relativeParent && this.relativeParent.layout) {
  calcRelativePosition(relativeLayout, this.layout.layoutBox, this.relativeParent.layout.layoutBox, this.options.layoutAnchor || undefined);
  mixBox(this.relativeTarget, this.relativeTargetOrigin, relativeLayout, progress);
  /**
                       * If this is an unchanged relative target we can consider the
                       * projection not dirty.
                       */ if (prevRelativeTarget && boxEquals(this.relativeTarget, prevRelativeTarget)) {
  this.isProjectionDirty = false;
  }
  if (!prevRelativeTarget) prevRelativeTarget = createBox();
  copyBoxInto(prevRelativeTarget, this.relativeTarget);
  }
  if (isSharedLayoutAnimation) {
  this.animationValues = mixedValues;
  mixValues(mixedValues, snapshotLatestValues, this.latestValues, progress, shouldCrossfadeOpacity, isOnlyMember);
  }
  this.root.scheduleUpdateProjection();
  this.scheduleRender();
  this.animationProgress = progress;
  };
  this.mixTargetDelta(this.options.layoutRoot ? 1000 : 0);
  }
  startAnimation(options) {
  this.notifyListeners("animationStart");
  this.currentAnimation?.stop();
  this.resumingFrom?.currentAnimation?.stop();
  if (this.pendingAnimation) {
  cancelFrame(this.pendingAnimation);
  this.pendingAnimation = undefined;
  }
  /**
               * Start the animation in the next frame to have a frame with progress 0,
               * where the target is the same as when the animation started, so we can
               * calculate the relative positions correctly for instant transitions.
               */ this.pendingAnimation = frame.update(()=>{
  globalProjectionState.hasAnimatedSinceResize = true;
  activeAnimations.layout++;
  this.motionValue || (this.motionValue = motionValue(0));
  this.motionValue.jump(0, false);
  this.currentAnimation = animateSingleValue(this.motionValue, [
  0,
  1000
  ], {
  ...options,
  velocity: 0,
  isSync: true,
  onUpdate: (latest)=>{
  this.mixTargetDelta(latest);
  options.onUpdate && options.onUpdate(latest);
  },
  onStop: ()=>{
  activeAnimations.layout--;
  },
  onComplete: ()=>{
  activeAnimations.layout--;
  options.onComplete && options.onComplete();
  this.completeAnimation();
  }
  });
  if (this.resumingFrom) {
  this.resumingFrom.currentAnimation = this.currentAnimation;
  }
  this.pendingAnimation = undefined;
  });
  }
  completeAnimation() {
  if (this.resumingFrom) {
  this.resumingFrom.currentAnimation = undefined;
  this.resumingFrom.preserveOpacity = undefined;
  }
  const stack = this.getStack();
  stack && stack.exitAnimationComplete();
  this.resumingFrom = this.currentAnimation = this.animationValues = undefined;
  this.notifyListeners("animationComplete");
  }
  finishAnimation() {
  if (this.currentAnimation) {
  this.mixTargetDelta && this.mixTargetDelta(animationTarget);
  this.currentAnimation.stop();
  }
  this.completeAnimation();
  }
  applyTransformsToTarget() {
  const lead = this.getLead();
  let { targetWithTransforms, target, layout, latestValues } = lead;
  if (!targetWithTransforms || !target || !layout) return;
  /**
               * If we're only animating position, and this element isn't the lead element,
               * then instead of projecting into the lead box we instead want to calculate
               * a new target that aligns the two boxes but maintains the layout shape.
               */ if (this !== lead && this.layout && layout && shouldAnimatePositionOnly(this.options.animationType, this.layout.layoutBox, layout.layoutBox)) {
  target = this.target || createBox();
  const xLength = calcLength(this.layout.layoutBox.x);
  target.x.min = lead.target.x.min;
  target.x.max = target.x.min + xLength;
  const yLength = calcLength(this.layout.layoutBox.y);
  target.y.min = lead.target.y.min;
  target.y.max = target.y.min + yLength;
  }
  copyBoxInto(targetWithTransforms, target);
  /**
               * Apply the latest user-set transforms to the targetBox to produce the targetBoxFinal.
               * This is the final box that we will then project into by calculating a transform delta and
               * applying it to the corrected box.
               */ transformBox(targetWithTransforms, latestValues);
  /**
               * Update the delta between the corrected box and the final target box, after
               * user-set transforms are applied to it. This will be used by the renderer to
               * create a transform style that will reproject the element from its layout layout
               * into the desired bounding box.
               */ calcBoxDelta(this.projectionDeltaWithTransform, this.layoutCorrected, targetWithTransforms, latestValues);
  }
  registerSharedNode(layoutId, node) {
  if (!this.sharedNodes.has(layoutId)) {
  this.sharedNodes.set(layoutId, new NodeStack());
  }
  const stack = this.sharedNodes.get(layoutId);
  stack.add(node);
  const config = node.options.initialPromotionConfig;
  node.promote({
  transition: config ? config.transition : undefined,
  preserveFollowOpacity: config && config.shouldPreserveFollowOpacity ? config.shouldPreserveFollowOpacity(node) : undefined
  });
  }
  isLead() {
  const stack = this.getStack();
  return stack ? stack.lead === this : true;
  }
  getLead() {
  const { layoutId } = this.options;
  return layoutId ? this.getStack()?.lead || this : this;
  }
  getPrevLead() {
  const { layoutId } = this.options;
  return layoutId ? this.getStack()?.prevLead : undefined;
  }
  getStack() {
  const { layoutId } = this.options;
  if (layoutId) return this.root.sharedNodes.get(layoutId);
  }
  promote({ needsReset, transition, preserveFollowOpacity } = {}) {
  const stack = this.getStack();
  if (stack) stack.promote(this, preserveFollowOpacity);
  if (needsReset) {
  this.projectionDelta = undefined;
  this.needsReset = true;
  }
  if (transition) this.setOptions({
  transition
  });
  }
  relegate() {
  const stack = this.getStack();
  if (stack) {
  return stack.relegate(this);
  } else {
  return false;
  }
  }
  resetSkewAndRotation() {
  const { visualElement } = this.options;
  if (!visualElement) return;
  // If there's no detected skew or rotation values, we can early return without a forced render.
  let hasDistortingTransform = false;
  /**
               * An unrolled check for rotation values. Most elements don't have any rotation and
               * skipping the nested loop and new object creation is 50% faster.
               */ const { latestValues } = visualElement;
  if (latestValues.z || latestValues.rotate || latestValues.rotateX || latestValues.rotateY || latestValues.rotateZ || latestValues.skewX || latestValues.skewY) {
  hasDistortingTransform = true;
  }
  // If there's no distorting values, we don't need to do any more.
  if (!hasDistortingTransform) return;
  const resetValues = {};
  if (latestValues.z) {
  resetDistortingTransform("z", visualElement, resetValues, this.animationValues);
  }
  // Check the skew and rotate value of all axes and reset to 0
  for(let i = 0; i < transformAxes.length; i++){
  resetDistortingTransform(`rotate${transformAxes[i]}`, visualElement, resetValues, this.animationValues);
  resetDistortingTransform(`skew${transformAxes[i]}`, visualElement, resetValues, this.animationValues);
  }
  // Force a render of this element to apply the transform with all skews and rotations
  // set to 0.
  visualElement.render();
  // Put back all the values we reset
  for(const key in resetValues){
  visualElement.setStaticValue(key, resetValues[key]);
  if (this.animationValues) {
  this.animationValues[key] = resetValues[key];
  }
  }
  // Schedule a render for the next frame. This ensures we won't visually
  // see the element with the reset rotate value applied.
  visualElement.scheduleRender();
  }
  applyProjectionStyles(targetStyle, styleProp) {
  if (!this.instance || this.isSVG) return;
  if (!this.isVisible) {
  targetStyle.visibility = "hidden";
  return;
  }
  const transformTemplate = this.getTransformTemplate();
  if (this.needsReset) {
  this.needsReset = false;
  targetStyle.visibility = "";
  targetStyle.opacity = "";
  targetStyle.pointerEvents = resolveMotionValue(styleProp?.pointerEvents) || "";
  targetStyle.transform = transformTemplate ? transformTemplate(this.latestValues, "") : "none";
  return;
  }
  const lead = this.getLead();
  if (!this.projectionDelta || !this.layout || !lead.target) {
  if (this.options.layoutId) {
  targetStyle.opacity = this.latestValues.opacity !== undefined ? this.latestValues.opacity : 1;
  targetStyle.pointerEvents = resolveMotionValue(styleProp?.pointerEvents) || "";
  }
  if (this.hasProjected && !hasTransform(this.latestValues)) {
  targetStyle.transform = transformTemplate ? transformTemplate({}, "") : "none";
  this.hasProjected = false;
  }
  return;
  }
  targetStyle.visibility = "";
  const valuesToRender = lead.animationValues || lead.latestValues;
  this.applyTransformsToTarget();
  let transform = buildProjectionTransform(this.projectionDeltaWithTransform, this.treeScale, valuesToRender);
  if (transformTemplate) {
  transform = transformTemplate(valuesToRender, transform);
  }
  targetStyle.transform = transform;
  const { x, y } = this.projectionDelta;
  targetStyle.transformOrigin = `${x.origin * 100}% ${y.origin * 100}% 0`;
  if (lead.animationValues) {
  /**
                   * If the lead component is animating, assign this either the entering/leaving
                   * opacity
                   */ targetStyle.opacity = lead === this ? valuesToRender.opacity ?? this.latestValues.opacity ?? 1 : this.preserveOpacity ? this.latestValues.opacity : valuesToRender.opacityExit;
  } else {
  /**
                   * Or we're not animating at all, set the lead component to its layout
                   * opacity and other components to hidden.
                   */ targetStyle.opacity = lead === this ? valuesToRender.opacity !== undefined ? valuesToRender.opacity : "" : valuesToRender.opacityExit !== undefined ? valuesToRender.opacityExit : 0;
  }
  /**
               * Apply scale correction
               */ for(const key in scaleCorrectors){
  if (valuesToRender[key] === undefined) continue;
  const { correct, applyTo, isCSSVariable } = scaleCorrectors[key];
  /**
                   * Only apply scale correction to the value if we have an
                   * active projection transform. Otherwise these values become
                   * vulnerable to distortion if the element changes size without
                   * a corresponding layout animation.
                   */ const corrected = transform === "none" ? valuesToRender[key] : correct(valuesToRender[key], lead);
  if (applyTo) {
  const num = applyTo.length;
  for(let i = 0; i < num; i++){
  targetStyle[applyTo[i]] = corrected;
  }
  } else {
  // If this is a CSS variable, set it directly on the instance.
  // Replacing this function from creating styles to setting them
  // would be a good place to remove per frame object creation
  if (isCSSVariable) {
  this.options.visualElement.renderState.vars[key] = corrected;
  } else {
  targetStyle[key] = corrected;
  }
  }
  }
  /**
               * Disable pointer events on follow components. This is to ensure
               * that if a follow component covers a lead component it doesn't block
               * pointer events on the lead.
               */ if (this.options.layoutId) {
  targetStyle.pointerEvents = lead === this ? resolveMotionValue(styleProp?.pointerEvents) || "" : "none";
  }
  }
  clearSnapshot() {
  this.resumeFrom = this.snapshot = undefined;
  }
  // Only run on root
  resetTree() {
  this.root.nodes.forEach((node)=>node.currentAnimation?.stop());
  this.root.nodes.forEach(clearMeasurements);
  this.root.sharedNodes.clear();
  }
  };
  }
  function updateLayout(node) {
  node.updateLayout();
  }
  function notifyLayoutUpdate(node) {
  const snapshot = node.resumeFrom?.snapshot || node.snapshot;
  if (node.isLead() && node.layout && snapshot && node.hasListeners("didUpdate")) {
  const { layoutBox: layout, measuredBox: measuredLayout } = node.layout;
  const { animationType } = node.options;
  const isShared = snapshot.source !== node.layout.source;
  // TODO Maybe we want to also resize the layout snapshot so we don't trigger
  // animations for instance if layout="size" and an element has only changed position
  if (animationType === "size") {
  eachAxis((axis)=>{
  const axisSnapshot = isShared ? snapshot.measuredBox[axis] : snapshot.layoutBox[axis];
  const length = calcLength(axisSnapshot);
  axisSnapshot.min = layout[axis].min;
  axisSnapshot.max = axisSnapshot.min + length;
  });
  } else if (animationType === "x" || animationType === "y") {
  const snapAxis = animationType === "x" ? "y" : "x";
  copyAxisInto(isShared ? snapshot.measuredBox[snapAxis] : snapshot.layoutBox[snapAxis], layout[snapAxis]);
  } else if (shouldAnimatePositionOnly(animationType, snapshot.layoutBox, layout)) {
  eachAxis((axis)=>{
  const axisSnapshot = isShared ? snapshot.measuredBox[axis] : snapshot.layoutBox[axis];
  const length = calcLength(layout[axis]);
  axisSnapshot.max = axisSnapshot.min + length;
  /**
                   * Ensure relative target gets resized and rerendererd
                   */ if (node.relativeTarget && !node.currentAnimation) {
  node.isProjectionDirty = true;
  node.relativeTarget[axis].max = node.relativeTarget[axis].min + length;
  }
  });
  }
  const layoutDelta = createDelta();
  calcBoxDelta(layoutDelta, layout, snapshot.layoutBox);
  const visualDelta = createDelta();
  if (isShared) {
  calcBoxDelta(visualDelta, node.applyTransform(measuredLayout, true), snapshot.measuredBox);
  } else {
  calcBoxDelta(visualDelta, layout, snapshot.layoutBox);
  }
  const hasLayoutChanged = !isDeltaZero(layoutDelta);
  let hasRelativeLayoutChanged = false;
  if (!node.resumeFrom) {
  const relativeParent = node.getClosestProjectingParent();
  /**
               * If the relativeParent is itself resuming from a different element then
               * the relative snapshot is not relavent
               */ if (relativeParent && !relativeParent.resumeFrom) {
  const { snapshot: parentSnapshot, layout: parentLayout } = relativeParent;
  if (parentSnapshot && parentLayout) {
  const anchor = node.options.layoutAnchor || undefined;
  const relativeSnapshot = createBox();
  calcRelativePosition(relativeSnapshot, snapshot.layoutBox, parentSnapshot.layoutBox, anchor);
  const relativeLayout = createBox();
  calcRelativePosition(relativeLayout, layout, parentLayout.layoutBox, anchor);
  if (!boxEqualsRounded(relativeSnapshot, relativeLayout)) {
  hasRelativeLayoutChanged = true;
  }
  if (relativeParent.options.layoutRoot) {
  node.relativeTarget = relativeLayout;
  node.relativeTargetOrigin = relativeSnapshot;
  node.relativeParent = relativeParent;
  }
  }
  }
  }
  node.notifyListeners("didUpdate", {
  layout,
  snapshot,
  delta: visualDelta,
  layoutDelta,
  hasLayoutChanged,
  hasRelativeLayoutChanged
  });
  } else if (node.isLead()) {
  const { onExitComplete } = node.options;
  onExitComplete && onExitComplete();
  }
  /**
       * Clearing transition
       * TODO: Investigate why this transition is being passed in as {type: false } from Framer
       * and why we need it at all
       */ node.options.transition = undefined;
  }
  function propagateDirtyNodes(node) {
  /**
       * Increase debug counter for nodes encountered this frame
       */ if (statsBuffer.value) {
  metrics.nodes++;
  }
  if (!node.parent) return;
  /**
       * If this node isn't projecting, propagate isProjectionDirty. It will have
       * no performance impact but it will allow the next child that *is* projecting
       * but *isn't* dirty to just check its parent to see if *any* ancestor needs
       * correcting.
       */ if (!node.isProjecting()) {
  node.isProjectionDirty = node.parent.isProjectionDirty;
  }
  /**
       * Propagate isSharedProjectionDirty and isTransformDirty
       * throughout the whole tree. A future revision can take another look at
       * this but for safety we still recalcualte shared nodes.
       */ node.isSharedProjectionDirty || (node.isSharedProjectionDirty = Boolean(node.isProjectionDirty || node.parent.isProjectionDirty || node.parent.isSharedProjectionDirty));
  node.isTransformDirty || (node.isTransformDirty = node.parent.isTransformDirty);
  }
  function cleanDirtyNodes(node) {
  node.isProjectionDirty = node.isSharedProjectionDirty = node.isTransformDirty = false;
  }
  function clearSnapshot(node) {
  node.clearSnapshot();
  }
  function clearMeasurements(node) {
  node.clearMeasurements();
  }
  function forceLayoutMeasure(node) {
  node.isLayoutDirty = true;
  node.updateLayout();
  }
  function clearIsLayoutDirty(node) {
  node.isLayoutDirty = false;
  }
  /**
   * When a node is animation-blocked (e.g. during drag) and its component
   * didn't re-render (memoized), willUpdate() is never called so there's
   * no snapshot. Use the previous layout as a snapshot and mark dirty so
   * resetTransform/updateLayout/notifyLayoutUpdate process it normally.
   */ function ensureDraggedNodesSnapshotted(node) {
  if (node.isAnimationBlocked && node.layout && !node.isLayoutDirty) {
  node.snapshot = node.layout;
  node.isLayoutDirty = true;
  }
  }
  function resetTransformStyle(node) {
  const { visualElement } = node.options;
  if (visualElement && visualElement.getProps().onBeforeLayoutMeasure) {
  visualElement.notify("BeforeLayoutMeasure");
  }
  node.resetTransform();
  }
  function finishAnimation(node) {
  node.finishAnimation();
  node.targetDelta = node.relativeTarget = node.target = undefined;
  node.isProjectionDirty = true;
  }
  function resolveTargetDelta(node) {
  node.resolveTargetDelta();
  }
  function calcProjection(node) {
  node.calcProjection();
  }
  function resetSkewAndRotation(node) {
  node.resetSkewAndRotation();
  }
  function removeLeadSnapshots(stack) {
  stack.removeLeadSnapshot();
  }
  function mixAxisDelta(output, delta, p) {
  output.translate = mixNumber(delta.translate, 0, p);
  output.scale = mixNumber(delta.scale, 1, p);
  output.origin = delta.origin;
  output.originPoint = delta.originPoint;
  }
  function mixAxis(output, from, to, p) {
  output.min = mixNumber(from.min, to.min, p);
  output.max = mixNumber(from.max, to.max, p);
  }
  function mixBox(output, from, to, p) {
  mixAxis(output.x, from.x, to.x, p);
  mixAxis(output.y, from.y, to.y, p);
  }
  function hasOpacityCrossfade(node) {
  return node.animationValues && node.animationValues.opacityExit !== undefined;
  }
  const defaultLayoutTransition = {
  duration: 0.45,
  ease: [
  0.4,
  0,
  0.1,
  1
  ]
  };
  const userAgentContains = (string)=>typeof navigator !== "undefined" && navigator.userAgent && navigator.userAgent.toLowerCase().includes(string);
  /**
   * Measured bounding boxes must be rounded in Safari and
   * left untouched in Chrome, otherwise non-integer layouts within scaled-up elements
   * can appear to jump.
   */ const roundPoint = userAgentContains("applewebkit/") && !userAgentContains("chrome/") ? Math.round : noop;
  function roundAxis(axis) {
  // Round to the nearest .5 pixels to support subpixel layouts
  axis.min = roundPoint(axis.min);
  axis.max = roundPoint(axis.max);
  }
  function roundBox(box) {
  roundAxis(box.x);
  roundAxis(box.y);
  }
  function shouldAnimatePositionOnly(animationType, snapshot, layout) {
  return animationType === "position" || animationType === "preserve-aspect" && !isNear(aspectRatio(snapshot), aspectRatio(layout), 0.2);
  }
  function checkNodeWasScrollRoot(node) {
  return node !== node.root && node.scroll?.wasRoot;
  }
  ;
  ;
  ;
  const DocumentProjectionNode = createProjectionNode({
  attachResizeListener: (ref, notify)=>addDomEvent(ref, "resize", notify),
  measureScroll: ()=>({
  x: document.documentElement.scrollLeft || document.body?.scrollLeft || 0,
  y: document.documentElement.scrollTop || document.body?.scrollTop || 0
  }),
  checkIsScrollRoot: ()=>true
  });
  ;
  ;
  ;
  const rootProjectionNode = {
  current: undefined
  };
  const HTMLProjectionNode = createProjectionNode({
  measureScroll: (instance)=>({
  x: instance.scrollLeft,
  y: instance.scrollTop
  }),
  defaultParent: ()=>{
  if (!rootProjectionNode.current) {
  const documentNode = new DocumentProjectionNode({});
  documentNode.mount(window);
  documentNode.setOptions({
  layoutScroll: true
  });
  rootProjectionNode.current = documentNode;
  }
  return rootProjectionNode.current;
  },
  resetTransform: (instance, value)=>{
  instance.style.transform = value !== undefined ? value : "none";
  },
  checkIsScrollRoot: (instance)=>Boolean(window.getComputedStyle(instance).position === "fixed")
  });
  ;
  ;
  ;
  ;
  ;
  const drag = {
  pan: {
  Feature: PanGesture
  },
  drag: {
  Feature: DragGesture,
  ProjectionNode: HTMLProjectionNode,
  MeasureLayout: MeasureLayout
  }
  };
  ;
  ;
  function setupGesture(elementOrSelector, options) {
  const elements = resolveElements(elementOrSelector);
  const gestureAbortController = new AbortController();
  const eventOptions = {
  passive: true,
  ...options,
  signal: gestureAbortController.signal
  };
  const cancel = ()=>gestureAbortController.abort();
  return [
  elements,
  eventOptions,
  cancel
  ];
  }
  ;
  ;
  ;
  function isValidHover(event1) {
  return !(event1.pointerType === "touch" || isDragActive());
  }
  /**
   * Create a hover gesture. hover() is different to .addEventListener("pointerenter")
   * in that it has an easier syntax, filters out polyfilled touch events, interoperates
   * with drag gestures, and automatically removes the "pointerennd" event listener when the hover ends.
   *
   * @public
   */ function hover(elementOrSelector, onHoverStart, options = {}) {
  const [elements, eventOptions, cancel] = setupGesture(elementOrSelector, options);
  elements.forEach((element)=>{
  let isPressed = false;
  let deferredHoverEnd = false;
  let hoverEndCallback;
  const removePointerLeave = ()=>{
  element.removeEventListener("pointerleave", onPointerLeave);
  };
  const endHover = (event1)=>{
  if (hoverEndCallback) {
  hoverEndCallback(event1);
  hoverEndCallback = undefined;
  }
  removePointerLeave();
  };
  const onPointerUp = (event1)=>{
  isPressed = false;
  window.removeEventListener("pointerup", onPointerUp);
  window.removeEventListener("pointercancel", onPointerUp);
  if (deferredHoverEnd) {
  deferredHoverEnd = false;
  endHover(event1);
  }
  };
  const onPointerDown = ()=>{
  isPressed = true;
  window.addEventListener("pointerup", onPointerUp, eventOptions);
  window.addEventListener("pointercancel", onPointerUp, eventOptions);
  };
  const onPointerLeave = (leaveEvent)=>{
  if (leaveEvent.pointerType === "touch") return;
  if (isPressed) {
  deferredHoverEnd = true;
  return;
  }
  endHover(leaveEvent);
  };
  const onPointerEnter = (enterEvent)=>{
  if (!isValidHover(enterEvent)) return;
  deferredHoverEnd = false;
  const onHoverEnd = onHoverStart(element, enterEvent);
  if (typeof onHoverEnd !== "function") return;
  hoverEndCallback = onHoverEnd;
  element.addEventListener("pointerleave", onPointerLeave, eventOptions);
  };
  element.addEventListener("pointerenter", onPointerEnter, eventOptions);
  element.addEventListener("pointerdown", onPointerDown, eventOptions);
  });
  return cancel;
  }
  ;
  ;
  ;
  function handleHoverEvent(node, event1, lifecycle) {
  const { props } = node;
  if (node.animationState && props.whileHover) {
  node.animationState.setActive("whileHover", lifecycle === "Start");
  }
  const eventName = "onHover" + lifecycle;
  const callback = props[eventName];
  if (callback) {
  frame.postRender(()=>callback(event1, extractEventInfo(event1)));
  }
  }
  class HoverGesture extends Feature {
  mount() {
  const { current } = this.node;
  if (!current) return;
  this.unmount = hover(current, (_element, startEvent)=>{
  handleHoverEvent(this.node, startEvent, "Start");
  return (endEvent)=>handleHoverEvent(this.node, endEvent, "End");
  });
  }
  unmount() {}
  }
  ;
  ;
  ;
  class FocusGesture extends Feature {
  constructor(){
  super(...arguments);
  this.isActive = false;
  }
  onFocus() {
  let isFocusVisible = false;
  /**
           * If this element doesn't match focus-visible then don't
           * apply whileHover. But, if matches throws that focus-visible
           * is not a valid selector then in that browser outline styles will be applied
           * to the element by default and we want to match that behaviour with whileFocus.
           */ try {
  isFocusVisible = this.node.current.matches(":focus-visible");
  } catch (e) {
  isFocusVisible = true;
  }
  if (!isFocusVisible || !this.node.animationState) return;
  this.node.animationState.setActive("whileFocus", true);
  this.isActive = true;
  }
  onBlur() {
  if (!this.isActive || !this.node.animationState) return;
  this.node.animationState.setActive("whileFocus", false);
  this.isActive = false;
  }
  mount() {
  this.unmount = pipe(addDomEvent(this.node.current, "focus", ()=>this.onFocus()), addDomEvent(this.node.current, "blur", ()=>this.onBlur()));
  }
  unmount() {}
  }
  ;
  ;
  /**
   * Checks if an element is an HTML element in a way
   * that works across iframes
   */ function isHTMLElement(element) {
  return isObject3(element) && "offsetHeight" in element && !("ownerSVGElement" in element);
  }
  ;
  /**
   * Recursively traverse up the tree to check whether the provided child node
   * is the parent or a descendant of it.
   *
   * @param parent - Element to find
   * @param child - Element to test against parent
   */ const isNodeOrChild = (parent, child)=>{
  if (!child) {
  return false;
  } else if (parent === child) {
  return true;
  } else {
  return isNodeOrChild(parent, child.parentElement);
  }
  };
  ;
  const isPressing = new WeakSet();
  ;
  ;
  /**
   * Filter out events that are not "Enter" keys.
   */ function filterEvents(callback) {
  return (event1)=>{
  if (event1.key !== "Enter") return;
  callback(event1);
  };
  }
  function firePointerEvent(target, type) {
  target.dispatchEvent(new PointerEvent("pointer" + type, {
  isPrimary: true,
  bubbles: true
  }));
  }
  const enableKeyboardPress = (focusEvent, eventOptions)=>{
  const element = focusEvent.currentTarget;
  if (!element) return;
  const handleKeydown = filterEvents(()=>{
  if (isPressing.has(element)) return;
  firePointerEvent(element, "down");
  const handleKeyup = filterEvents(()=>{
  firePointerEvent(element, "up");
  });
  const handleBlur = ()=>firePointerEvent(element, "cancel");
  element.addEventListener("keyup", handleKeyup, eventOptions);
  element.addEventListener("blur", handleBlur, eventOptions);
  });
  element.addEventListener("keydown", handleKeydown, eventOptions);
  /**
       * Add an event listener that fires on blur to remove the keydown events.
       */ element.addEventListener("blur", ()=>element.removeEventListener("keydown", handleKeydown), eventOptions);
  };
  ;
  ;
  ;
  ;
  ;
  ;
  ;
  ;
  ;
  /**
   * Filter out events that are not primary pointer events, or are triggering
   * while a Motion gesture is active.
   */ function isValidPressEvent(event1) {
  return isPrimaryPointer(event1) && !isDragActive();
  }
  const claimedPointerDownEvents = new WeakSet();
  /**
   * Create a press gesture.
   *
   * Press is different to `"pointerdown"`, `"pointerup"` in that it
   * automatically filters out secondary pointer events like right
   * click and multitouch.
   *
   * It also adds accessibility support for keyboards, where
   * an element with a press gesture will receive focus and
   *  trigger on Enter `"keydown"` and `"keyup"` events.
   *
   * This is different to a browser's `"click"` event, which does
   * respond to keyboards but only for the `"click"` itself, rather
   * than the press start and end/cancel. The element also needs
   * to be focusable for this to work, whereas a press gesture will
   * make an element focusable by default.
   *
   * @public
   */ function press(targetOrSelector, onPressStart, options = {}) {
  const [targets, eventOptions, cancelEvents] = setupGesture(targetOrSelector, options);
  const startPress = (startEvent)=>{
  const target = startEvent.currentTarget;
  if (!isValidPressEvent(startEvent)) return;
  if (claimedPointerDownEvents.has(startEvent)) return;
  isPressing.add(target);
  if (options.stopPropagation) {
  claimedPointerDownEvents.add(startEvent);
  }
  const onPressEnd = onPressStart(target, startEvent);
  const onPointerEnd = (endEvent, success)=>{
  window.removeEventListener("pointerup", onPointerUp);
  window.removeEventListener("pointercancel", onPointerCancel);
  if (isPressing.has(target)) {
  isPressing.delete(target);
  }
  if (!isValidPressEvent(endEvent)) {
  return;
  }
  if (typeof onPressEnd === "function") {
  onPressEnd(endEvent, {
  success
  });
  }
  };
  const onPointerUp = (upEvent)=>{
  onPointerEnd(upEvent, target === window || target === document || options.useGlobalTarget || isNodeOrChild(target, upEvent.target));
  };
  const onPointerCancel = (cancelEvent)=>{
  onPointerEnd(cancelEvent, false);
  };
  window.addEventListener("pointerup", onPointerUp, eventOptions);
  window.addEventListener("pointercancel", onPointerCancel, eventOptions);
  };
  targets.forEach((target)=>{
  const pointerDownTarget = options.useGlobalTarget ? window : target;
  pointerDownTarget.addEventListener("pointerdown", startPress, eventOptions);
  if (isHTMLElement(target)) {
  target.addEventListener("focus", (event1)=>enableKeyboardPress(event1, eventOptions));
  if (!isElementKeyboardAccessible(target) && !target.hasAttribute("tabindex")) {
  target.tabIndex = 0;
  }
  }
  });
  return cancelEvents;
  }
  ;
  ;
  ;
  function handlePressEvent(node, event1, lifecycle) {
  const { props } = node;
  if (node.current instanceof HTMLButtonElement && node.current.disabled) {
  return;
  }
  if (node.animationState && props.whileTap) {
  node.animationState.setActive("whileTap", lifecycle === "Start");
  }
  const eventName = "onTap" + (lifecycle === "End" ? "" : lifecycle);
  const callback = props[eventName];
  if (callback) {
  frame.postRender(()=>callback(event1, extractEventInfo(event1)));
  }
  }
  class PressGesture extends Feature {
  mount() {
  const { current } = this.node;
  if (!current) return;
  const { globalTapTarget, propagate } = this.node.props;
  this.unmount = press(current, (_element, startEvent)=>{
  handlePressEvent(this.node, startEvent, "Start");
  return (endEvent, { success })=>handlePressEvent(this.node, endEvent, success ? "End" : "Cancel");
  }, {
  useGlobalTarget: globalTapTarget,
  stopPropagation: propagate?.tap === false
  });
  }
  unmount() {}
  }
  ;
  /**
   * Map an IntersectionHandler callback to an element. We only ever make one handler for one
   * element, so even though these handlers might all be triggered by different
   * observers, we can keep them in the same map.
   */ const observerCallbacks = new WeakMap();
  /**
   * Multiple observers can be created for multiple element/document roots. Each with
   * different settings. So here we store dictionaries of observers to each root,
   * using serialised settings (threshold/margin) as lookup keys.
   */ const observers = new WeakMap();
  const fireObserverCallback = (entry)=>{
  const callback = observerCallbacks.get(entry.target);
  callback && callback(entry);
  };
  const fireAllObserverCallbacks = (entries)=>{
  entries.forEach(fireObserverCallback);
  };
  function initIntersectionObserver({ root, ...options }) {
  const lookupRoot = root || document;
  /**
       * If we don't have an observer lookup map for this root, create one.
       */ if (!observers.has(lookupRoot)) {
  observers.set(lookupRoot, {});
  }
  const rootObservers = observers.get(lookupRoot);
  const key = JSON.stringify(options);
  /**
       * If we don't have an observer for this combination of root and settings,
       * create one.
       */ if (!rootObservers[key]) {
  rootObservers[key] = new IntersectionObserver(fireAllObserverCallbacks, {
  root,
  ...options
  });
  }
  return rootObservers[key];
  }
  function observeIntersection(element, options, callback) {
  const rootInteresectionObserver = initIntersectionObserver(options);
  observerCallbacks.set(element, callback);
  rootInteresectionObserver.observe(element);
  return ()=>{
  observerCallbacks.delete(element);
  rootInteresectionObserver.unobserve(element);
  };
  }
  ;
  ;
  ;
  const thresholdNames = {
  some: 0,
  all: 1
  };
  class InViewFeature extends Feature {
  constructor(){
  super(...arguments);
  this.hasEnteredView = false;
  this.isInView = false;
  }
  startObserver() {
  this.stopObserver?.();
  const { viewport = {} } = this.node.getProps();
  const { root, margin: rootMargin, amount = "some", once } = viewport;
  const options = {
  root: root ? root.current : undefined,
  rootMargin,
  threshold: typeof amount === "number" ? amount : thresholdNames[amount]
  };
  const onIntersectionUpdate = (entry)=>{
  const { isIntersecting } = entry;
  /**
               * If there's been no change in the viewport state, early return.
               */ if (this.isInView === isIntersecting) return;
  this.isInView = isIntersecting;
  /**
               * Handle hasEnteredView. If this is only meant to run once, and
               * element isn't visible, early return. Otherwise set hasEnteredView to true.
               */ if (once && !isIntersecting && this.hasEnteredView) {
  return;
  } else if (isIntersecting) {
  this.hasEnteredView = true;
  }
  if (this.node.animationState) {
  this.node.animationState.setActive("whileInView", isIntersecting);
  }
  /**
               * Use the latest committed props rather than the ones in scope
               * when this observer is created
               */ const { onViewportEnter, onViewportLeave } = this.node.getProps();
  const callback = isIntersecting ? onViewportEnter : onViewportLeave;
  callback && callback(entry);
  };
  this.stopObserver = observeIntersection(this.node.current, options, onIntersectionUpdate);
  }
  mount() {
  this.startObserver();
  }
  update() {
  if (typeof IntersectionObserver === "undefined") return;
  const { props, prevProps } = this.node;
  const hasOptionsChanged = [
  "amount",
  "margin",
  "root"
  ].some(hasViewportOptionChanged(props, prevProps));
  if (hasOptionsChanged) {
  this.startObserver();
  }
  }
  unmount() {
  this.stopObserver?.();
  this.hasEnteredView = false;
  this.isInView = false;
  }
  }
  function hasViewportOptionChanged({ viewport = {} }, { viewport: prevViewport = {} } = {}) {
  return (name)=>viewport[name] !== prevViewport[name];
  }
  ;
  ;
  ;
  ;
  ;
  const gestureAnimations = {
  inView: {
  Feature: InViewFeature
  },
  tap: {
  Feature: PressGesture
  },
  focus: {
  Feature: FocusGesture
  },
  hover: {
  Feature: HoverGesture
  }
  };
  ;
  ;
  ;
  const layout = {
  layout: {
  ProjectionNode: HTMLProjectionNode,
  MeasureLayout: MeasureLayout
  }
  };
  ;
  ;
  ;
  ;
  ;
  const featureBundle = {
  ...animations,
  ...gestureAnimations,
  ...drag,
  ...layout
  };
  ;
  ;
  ;
  ;
  const motion = /*@__PURE__*/ createMotionProxy(featureBundle, createDomVisualElement);
  ;
  var __TURBOPACK__imported__module__87924__11 = __TURBOPACK__imported__module__87924__;
  var __TURBOPACK__imported__module__72131__27 = __TURBOPACK__imported__module__72131__;
  var __TURBOPACK__imported__module__72131__28 = __TURBOPACK__imported__module__72131__;
  const isBrowser1 = ("TURBOPACK compile-time value", "undefined") !== "undefined";
  ;
  "use client";
  ;
  ;
  const useIsomorphicLayoutEffect1 = isBrowser1 ? __TURBOPACK__imported__module__72131__28["useLayoutEffect"] : __TURBOPACK__imported__module__72131__28["useEffect"];
  ;
  var __TURBOPACK__imported__module__87924__12 = __TURBOPACK__imported__module__87924__;
  var __TURBOPACK__imported__module__72131__29 = __TURBOPACK__imported__module__72131__;
  var __TURBOPACK__imported__module__87924__13 = __TURBOPACK__imported__module__87924__;
  var __TURBOPACK__imported__module__72131__30 = __TURBOPACK__imported__module__72131__;
  var __TURBOPACK__imported__module__72131__31 = __TURBOPACK__imported__module__72131__;
  ;
  /**
   * Taken from https://github.com/radix-ui/primitives/blob/main/packages/react/compose-refs/src/compose-refs.tsx
   */ /**
   * Set a given ref to a given value
   * This utility takes care of different types of refs: callback refs and RefObject(s)
   */ function setRef(ref, value) {
  if (typeof ref === "function") {
  return ref(value);
  } else if (ref !== null && ref !== undefined) {
  ref.current = value;
  }
  }
  /**
   * A utility to compose multiple refs together
   * Accepts callback refs and RefObject(s)
   */ function composeRefs(...refs) {
  return (node)=>{
  let hasCleanup = false;
  const cleanups = refs.map((ref)=>{
  const cleanup = setRef(ref, node);
  if (!hasCleanup && typeof cleanup === "function") {
  hasCleanup = true;
  }
  return cleanup;
  });
  // React <19 will log an error to the console if a callback ref returns a
  // value. We don't use ref cleanups internally so this will only happen if a
  // user's ref callback returns a value, which we only expect if they are
  // using the cleanup functionality added in React 19.
  if (hasCleanup) {
  return ()=>{
  for(let i = 0; i < cleanups.length; i++){
  const cleanup = cleanups[i];
  if (typeof cleanup === "function") {
  cleanup();
  } else {
  setRef(refs[i], null);
  }
  }
  };
  }
  };
  }
  /**
   * A custom hook that composes multiple refs
   * Accepts callback refs and RefObject(s)
   */ function useComposedRefs(...refs) {
  // eslint-disable-next-line react-hooks/exhaustive-deps
  return __TURBOPACK__imported__module__72131__31["useCallback"](composeRefs(...refs), refs);
  }
  ;
  "use client";
  ;
  ;
  ;
  ;
  ;
  ;
  /**
   * Measurement functionality has to be within a separate component
   * to leverage snapshot lifecycle.
   */ class PopChildMeasure extends __TURBOPACK__imported__module__72131__30["Component"] {
  getSnapshotBeforeUpdate(prevProps) {
  const element = this.props.childRef.current;
  if (isHTMLElement(element) && prevProps.isPresent && !this.props.isPresent && this.props.pop !== false) {
  const parent = element.offsetParent;
  const parentWidth = isHTMLElement(parent) ? parent.offsetWidth || 0 : 0;
  const parentHeight = isHTMLElement(parent) ? parent.offsetHeight || 0 : 0;
  const computedStyle = getComputedStyle(element);
  const size = this.props.sizeRef.current;
  size.height = parseFloat(computedStyle.height);
  size.width = parseFloat(computedStyle.width);
  size.top = element.offsetTop;
  size.left = element.offsetLeft;
  size.right = parentWidth - size.width - size.left;
  size.bottom = parentHeight - size.height - size.top;
  }
  return null;
  }
  /**
       * Required with getSnapshotBeforeUpdate to stop React complaining.
       */ componentDidUpdate() {}
  render() {
  return this.props.children;
  }
  }
  function PopChild({ children, isPresent, anchorX, anchorY, root, pop }) {
  const id = (0, __TURBOPACK__imported__module__72131__30["useId"])();
  const ref = (0, __TURBOPACK__imported__module__72131__30["useRef"])(null);
  const size = (0, __TURBOPACK__imported__module__72131__30["useRef"])({
  width: 0,
  height: 0,
  top: 0,
  left: 0,
  right: 0,
  bottom: 0
  });
  const { nonce } = (0, __TURBOPACK__imported__module__72131__30["useContext"])(MotionConfigContext);
  /**
       * In React 19, refs are passed via props.ref instead of element.ref.
       * We check props.ref first (React 19) and fall back to element.ref (React 18).
       */ const childRef = children.props?.ref ?? children?.ref;
  const composedRef = useComposedRefs(ref, childRef);
  /**
       * We create and inject a style block so we can apply this explicit
       * sizing in a non-destructive manner by just deleting the style block.
       *
       * We can't apply size via render as the measurement happens
       * in getSnapshotBeforeUpdate (post-render), likewise if we apply the
       * styles directly on the DOM node, we might be overwriting
       * styles set via the style prop.
       */ (0, __TURBOPACK__imported__module__72131__30["useInsertionEffect"])(()=>{
  const { width, height, top, left, right, bottom } = size.current;
  if (isPresent || pop === false || !ref.current || !width || !height) return;
  const x = anchorX === "left" ? `left: ${left}` : `right: ${right}`;
  const y = anchorY === "bottom" ? `bottom: ${bottom}` : `top: ${top}`;
  ref.current.dataset.motionPopId = id;
  const style = document.createElement("style");
  if (nonce) style.nonce = nonce;
  const parent = root ?? document.head;
  parent.appendChild(style);
  if (style.sheet) {
  style.sheet.insertRule(`
            [data-motion-pop-id="${id}"] {
              position: absolute !important;
              width: ${width}px !important;
              height: ${height}px !important;
              ${x}px !important;
              ${y}px !important;
            }
          `);
  }
  return ()=>{
  ref.current?.removeAttribute("data-motion-pop-id");
  if (parent.contains(style)) {
  parent.removeChild(style);
  }
  };
  }, [
  isPresent
  ]);
  return (0, __TURBOPACK__imported__module__87924__13["jsx"])(PopChildMeasure, {
  isPresent: isPresent,
  childRef: ref,
  sizeRef: size,
  pop: pop,
  children: pop === false ? children : __TURBOPACK__imported__module__72131__30["cloneElement"](children, {
  ref: composedRef
  })
  });
  }
  ;
  "use client";
  ;
  ;
  ;
  ;
  ;
  ;
  const PresenceChild = ({ children, initial, isPresent, onExitComplete, custom, presenceAffectsLayout, mode, anchorX, anchorY, root })=>{
  const presenceChildren = useConstant(newChildrenMap);
  const id = (0, __TURBOPACK__imported__module__72131__29["useId"])();
  let isReusedContext = true;
  let context = (0, __TURBOPACK__imported__module__72131__29["useMemo"])(()=>{
  isReusedContext = false;
  return {
  id,
  initial,
  isPresent,
  custom,
  onExitComplete: (childId)=>{
  presenceChildren.set(childId, true);
  for (const isComplete of presenceChildren.values()){
  if (!isComplete) return; // can stop searching when any is incomplete
  }
  onExitComplete && onExitComplete();
  },
  register: (childId)=>{
  presenceChildren.set(childId, false);
  return ()=>presenceChildren.delete(childId);
  }
  };
  }, [
  isPresent,
  presenceChildren,
  onExitComplete
  ]);
  /**
       * If the presence of a child affects the layout of the components around it,
       * we want to make a new context value to ensure they get re-rendered
       * so they can detect that layout change.
       */ if (presenceAffectsLayout && isReusedContext) {
  context = {
  ...context
  };
  }
  (0, __TURBOPACK__imported__module__72131__29["useMemo"])(()=>{
  presenceChildren.forEach((_, key)=>presenceChildren.set(key, false));
  }, [
  isPresent
  ]);
  /**
       * If there's no `motion` components to fire exit animations, we want to remove this
       * component immediately.
       */ __TURBOPACK__imported__module__72131__29["useEffect"](()=>{
  !isPresent && !presenceChildren.size && onExitComplete && onExitComplete();
  }, [
  isPresent
  ]);
  children = (0, __TURBOPACK__imported__module__87924__12["jsx"])(PopChild, {
  pop: mode === "popLayout",
  isPresent: isPresent,
  anchorX: anchorX,
  anchorY: anchorY,
  root: root,
  children: children
  });
  return (0, __TURBOPACK__imported__module__87924__12["jsx"])(PresenceContext.Provider, {
  value: context,
  children: children
  });
  };
  function newChildrenMap() {
  return new Map();
  }
  ;
  var __TURBOPACK__imported__module__72131__32 = __TURBOPACK__imported__module__72131__;
  ;
  const getChildKey = (child)=>child.key || "";
  function onlyElements(children) {
  const filtered = [];
  // We use forEach here instead of map as map mutates the component key by preprending `.$`
  __TURBOPACK__imported__module__72131__32["Children"].forEach(children, (child)=>{
  if ((0, __TURBOPACK__imported__module__72131__32["isValidElement"])(child)) filtered.push(child);
  });
  return filtered;
  }
  ;
  "use client";
  ;
  ;
  ;
  ;
  ;
  ;
  ;
  ;
  /**
   * `AnimatePresence` enables the animation of components that have been removed from the tree.
   *
   * When adding/removing more than a single child, every child **must** be given a unique `key` prop.
   *
   * Any `motion` components that have an `exit` property defined will animate out when removed from
   * the tree.
   *
   * ```jsx
   * import { motion, AnimatePresence } from 'framer-motion'
   *
   * export const Items = ({ items }) => (
   *   <AnimatePresence>
   *     {items.map(item => (
   *       <motion.div
   *         key={item.id}
   *         initial={{ opacity: 0 }}
   *         animate={{ opacity: 1 }}
   *         exit={{ opacity: 0 }}
   *       />
   *     ))}
   *   </AnimatePresence>
   * )
   * ```
   *
   * You can sequence exit animations throughout a tree using variants.
   *
   * If a child contains multiple `motion` components with `exit` props, it will only unmount the child
   * once all `motion` components have finished animating out. Likewise, any components using
   * `usePresence` all need to call `safeToRemove`.
   *
   * @public
   */ const AnimatePresence = ({ children, custom, initial = true, onExitComplete, presenceAffectsLayout = true, mode = "sync", propagate = false, anchorX = "left", anchorY = "top", root })=>{
  const [isParentPresent, safeToRemove] = usePresence(propagate);
  /**
       * Filter any children that aren't ReactElements. We can only track components
       * between renders with a props.key.
       */ const presentChildren = (0, __TURBOPACK__imported__module__72131__27["useMemo"])(()=>onlyElements(children), [
  children
  ]);
  /**
       * Track the keys of the currently rendered children. This is used to
       * determine which children are exiting.
       */ const presentKeys = propagate && !isParentPresent ? [] : presentChildren.map(getChildKey);
  /**
       * If `initial={false}` we only want to pass this to components in the first render.
       */ const isInitialRender = (0, __TURBOPACK__imported__module__72131__27["useRef"])(true);
  /**
       * A ref containing the currently present children. When all exit animations
       * are complete, we use this to re-render the component with the latest children
       * *committed* rather than the latest children *rendered*.
       */ const pendingPresentChildren = (0, __TURBOPACK__imported__module__72131__27["useRef"])(presentChildren);
  /**
       * Track which exiting children have finished animating out.
       */ const exitComplete = useConstant(()=>new Map());
  /**
       * Track which components are currently processing exit to prevent duplicate processing.
       */ const exitingComponents = (0, __TURBOPACK__imported__module__72131__27["useRef"])(new Set());
  /**
       * Save children to render as React state. To ensure this component is concurrent-safe,
       * we check for exiting children via an effect.
       */ const [diffedChildren, setDiffedChildren] = (0, __TURBOPACK__imported__module__72131__27["useState"])(presentChildren);
  const [renderedChildren, setRenderedChildren] = (0, __TURBOPACK__imported__module__72131__27["useState"])(presentChildren);
  useIsomorphicLayoutEffect1(()=>{
  isInitialRender.current = false;
  pendingPresentChildren.current = presentChildren;
  /**
           * Update complete status of exiting children.
           */ for(let i = 0; i < renderedChildren.length; i++){
  const key = getChildKey(renderedChildren[i]);
  if (!presentKeys.includes(key)) {
  if (exitComplete.get(key) !== true) {
  exitComplete.set(key, false);
  }
  } else {
  exitComplete.delete(key);
  exitingComponents.current.delete(key);
  }
  }
  }, [
  renderedChildren,
  presentKeys.length,
  presentKeys.join("-")
  ]);
  const exitingChildren = [];
  if (presentChildren !== diffedChildren) {
  let nextChildren = [
  ...presentChildren
  ];
  /**
           * Loop through all the currently rendered components and decide which
           * are exiting.
           */ for(let i = 0; i < renderedChildren.length; i++){
  const child = renderedChildren[i];
  const key = getChildKey(child);
  if (!presentKeys.includes(key)) {
  nextChildren.splice(i, 0, child);
  exitingChildren.push(child);
  }
  }
  /**
           * If we're in "wait" mode, and we have exiting children, we want to
           * only render these until they've all exited.
           */ if (mode === "wait" && exitingChildren.length) {
  nextChildren = exitingChildren;
  }
  setRenderedChildren(onlyElements(nextChildren));
  setDiffedChildren(presentChildren);
  /**
           * Early return to ensure once we've set state with the latest diffed
           * children, we can immediately re-render.
           */ return null;
  }
  if (("TURBOPACK compile-time value", "production") !== "production" && mode === "wait" && renderedChildren.length > 1) //TURBOPACK unreachable
  ;
  /**
       * If we've been provided a forceRender function by the LayoutGroupContext,
       * we can use it to force a re-render amongst all surrounding components once
       * all components have finished animating out.
       */ const { forceRender } = (0, __TURBOPACK__imported__module__72131__27["useContext"])(LayoutGroupContext);
  return (0, __TURBOPACK__imported__module__87924__11["jsx"])(__TURBOPACK__imported__module__87924__11["Fragment"], {
  children: renderedChildren.map((child)=>{
  const key = getChildKey(child);
  const isPresent = propagate && !isParentPresent ? false : presentChildren === renderedChildren || presentKeys.includes(key);
  const onExit = ()=>{
  if (exitingComponents.current.has(key)) {
  return;
  }
  if (exitComplete.has(key)) {
  exitingComponents.current.add(key);
  exitComplete.set(key, true);
  } else {
  return;
  }
  let isEveryExitComplete = true;
  exitComplete.forEach((isExitComplete)=>{
  if (!isExitComplete) isEveryExitComplete = false;
  });
  if (isEveryExitComplete) {
  forceRender?.();
  setRenderedChildren(pendingPresentChildren.current);
  propagate && safeToRemove?.();
  onExitComplete && onExitComplete();
  }
  };
  return (0, __TURBOPACK__imported__module__87924__11["jsx"])(PresenceChild, {
  isPresent: isPresent,
  initial: !isInitialRender.current || initial ? undefined : false,
  custom: custom,
  presenceAffectsLayout: presenceAffectsLayout,
  mode: mode,
  root: root,
  onExitComplete: isPresent ? undefined : onExit,
  anchorX: anchorX,
  anchorY: anchorY,
  children: child
  }, key);
  })
  });
  };
  ;
  ;
  const __iconNode6 = [
  [
  "path",
  {
  d: "m6 9 6 6 6-6",
  key: "qrunsl"
  }
  ]
  ];
  const ChevronDown = createLucideIcon("chevron-down", __iconNode6);
  ;
  "use client";
  ;
  ;
  ;
  ;
  const faqData = [
  {
  question: "How long has Saman been performing magic?",
  answer: "Saman has been passionate about magic since 2010. He began practicing as a child and has performed professionally since 2013."
  },
  {
  question: "What types of events does Saman perform at?",
  answer: "Saman has performed at a variety of events, including birthday parties, weddings, formal dinners, celebrity appearances, trade fairs, and festivals."
  },
  {
  question: "What is Saman’s specialty in magic?",
  answer: "Saman excels in close-up magic, performing tricks right at the tables where guests can see items vanish and reappear in unexpected places."
  },
  {
  question: "Does Saman perform mentalism?",
  answer: "Yes, Saman performs mentalism tricks as well. His focus is on entertaining and surprising the audience."
  },
  {
  question: "What makes Saman’s magic unique?",
  answer: "Saman’s magic combines technical skill with personal interaction, creating unforgettable moments."
  }
  ];
  const Faq = ()=>{
  const [openIndex, setOpenIndex] = (0, __TURBOPACK__imported__module__72131__9["useState"])(0);
  const toggle = (index)=>{
  setOpenIndex(openIndex === index ? null : index);
  };
  return /*#__PURE__*/ (0, __TURBOPACK__imported__module__87924__8["jsxs"])("div", {
  className: "relative w-full bg-black text-white overflow-hidden",
  children: [
  /*#__PURE__*/ (0, __TURBOPACK__imported__module__87924__8["jsx"])("div", {
  className: "absolute inset-0 flex justify-center items-center pointer-events-none",
  children: /*#__PURE__*/ (0, __TURBOPACK__imported__module__87924__8["jsx"])("div", {
  className: "w-[700px] h-[700px] bg-red-600/20 blur-[180px] rounded-full"
  })
  }),
  /*#__PURE__*/ (0, __TURBOPACK__imported__module__87924__8["jsxs"])("div", {
  className: "relative max-w-4xl mx-auto px-6 py-20 flex flex-col gap-12",
  children: [
  /*#__PURE__*/ (0, __TURBOPACK__imported__module__87924__8["jsxs"])("div", {
  className: "text-center",
  children: [
  /*#__PURE__*/ (0, __TURBOPACK__imported__module__87924__8["jsx"])("h1", {
  className: "big-shoulders text-[#F0EBE6] font-bold mb-4 sm:mb-5 md:mb-6 leading-tight tracking-[0.02em] text-[48px] lg:text-[64px] xl:text-[87px]",
  children: "FAQ"
  }),
  /*#__PURE__*/ (0, __TURBOPACK__imported__module__87924__8["jsx"])("p", {
  className: "mt-4 text-white/60 max-w-xl mx-auto geist ",
  children: "Everything you need to know about Saman’s magic"
  })
  ]
  }),
  /*#__PURE__*/ (0, __TURBOPACK__imported__module__87924__8["jsx"])("div", {
  className: "flex flex-col gap-4",
  children: faqData.map((item, index)=>{
  const isOpen = openIndex === index;
  return /*#__PURE__*/ (0, __TURBOPACK__imported__module__87924__8["jsxs"])(motion.div, {
  layout: true,
  className: "rounded-2xl border border-white/10 bg-white/5 backdrop-blur-md overflow-hidden",
  children: [
  /*#__PURE__*/ (0, __TURBOPACK__imported__module__87924__8["jsxs"])("button", {
  onClick: ()=>toggle(index),
  className: "w-full flex items-center justify-between px-6 py-5 text-left group",
  children: [
  /*#__PURE__*/ (0, __TURBOPACK__imported__module__87924__8["jsx"])("span", {
  className: "big-shoulders text-lg md:text-xl font-medium group-hover:text-red-400 transition",
  children: item.question
  }),
  /*#__PURE__*/ (0, __TURBOPACK__imported__module__87924__8["jsx"])(motion.div, {
  animate: {
  rotate: isOpen ? 180 : 0
  },
  transition: {
  duration: 0.3
  },
  className: "text-white/60 group-hover:text-red-400",
  children: /*#__PURE__*/ (0, __TURBOPACK__imported__module__87924__8["jsx"])(ChevronDown, {
  size: 22
  })
  })
  ]
  }),
  /*#__PURE__*/ (0, __TURBOPACK__imported__module__87924__8["jsx"])(AnimatePresence, {
  initial: false,
  children: isOpen && /*#__PURE__*/ (0, __TURBOPACK__imported__module__87924__8["jsx"])(motion.div, {
  initial: {
  opacity: 0,
  y: -10
  },
  animate: {
  opacity: 1,
  y: 0
  },
  exit: {
  opacity: 0,
  y: -10
  },
  transition: {
  duration: 0.25
  },
  className: "geist px-6 pb-5 text-white/70 leading-relaxed",
  children: item.answer
  }, "content")
  })
  ]
  }, index);
  })
  })
  ]
  })
  ]
  });
  };
  const __TURBOPACK__default__export__23 = Faq;
  var __TURBOPACK__imported__module__87924__14 = __TURBOPACK__imported__module__87924__;
  var __TURBOPACK__imported__module__72131__33 = __TURBOPACK__imported__module__72131__;
  var __TURBOPACK__imported__module__71987__5 = __TURBOPACK__imported__module__71987__;
  var __TURBOPACK__imported__module__26304__3 = __TURBOPACK__imported__module__26304__;
  var __TURBOPACK__imported__module__81783__1 = __TURBOPACK__imported__module__81783__;
  /*!
   * matrix 3.14.2
   * https://gsap.com
   *
   * Copyright 2008-2025, GreenSock. All rights reserved.
   * Subject to the terms at https://gsap.com/standard-license
   * @author: Jack Doyle, jack@greensock.com
  */ /* eslint-disable */ var _doc, _win, _docElement, _body, _divContainer, _svgContainer, _identityMatrix, _gEl, _transformProp = "transform", _transformOriginProp = _transformProp + "Origin", _hasOffsetBug, _setDoc = function _setDoc(element) {
  var doc = element.ownerDocument || element;
  if (!(_transformProp in element.style) && "msTransform" in element.style) {
  //to improve compatibility with old Microsoft browsers
  _transformProp = "msTransform";
  _transformOriginProp = _transformProp + "Origin";
  }
  while(doc.parentNode && (doc = doc.parentNode)){}
  _win = window;
  _identityMatrix = new Matrix2D();
  if (doc) {
  _doc = doc;
  _docElement = doc.documentElement;
  _body = doc.body;
  _gEl = _doc.createElementNS("http://www.w3.org/2000/svg", "g"); // prevent any existing CSS from transforming it
  _gEl.style.transform = "none"; // now test for the offset reporting bug. Use feature detection instead of browser sniffing to make things more bulletproof and future-proof. Hopefully Safari will fix their bug soon.
  var d1 = doc.createElement("div"), d2 = doc.createElement("div"), root = doc && (doc.body || doc.firstElementChild);
  if (root && root.appendChild) {
  root.appendChild(d1);
  d1.appendChild(d2);
  d1.style.position = "static";
  d1.style.transform = "translate3d(0,0,1px)";
  _hasOffsetBug = d2.offsetParent !== d1;
  root.removeChild(d1);
  }
  }
  return doc;
  }, _forceNonZeroScale = function _forceNonZeroScale(e) {
  // walks up the element's ancestors and finds any that had their scale set to 0 via GSAP, and changes them to 0.0001 to ensure that measurements work. Firefox has a bug that causes it to incorrectly report getBoundingClientRect() when scale is 0.
  var a, cache;
  while(e && e !== _body){
  cache = e._gsap;
  cache && cache.uncache && cache.get(e, "x"); // force re-parsing of transforms if necessary
  if (cache && !cache.scaleX && !cache.scaleY && cache.renderTransform) {
  cache.scaleX = cache.scaleY = 1e-4;
  cache.renderTransform(1, cache);
  a ? a.push(cache) : a = [
  cache
  ];
  }
  e = e.parentNode;
  }
  return a;
  }, // possible future addition: pass an element to _forceDisplay() and it'll walk up all its ancestors and make sure anything with display: none is set to display: block, and if there's no parentNode, it'll add it to the body. It returns an Array that you can then feed to _revertDisplay() to have it revert all the changes it made.
  // _forceDisplay = e => {
  // 	let a = [],
  // 		parent;
  // 	while (e && e !== _body) {
  // 		parent = e.parentNode;
  // 		(_win.getComputedStyle(e).display === "none" || !parent) && a.push(e, e.style.display, parent) && (e.style.display = "block");
  // 		parent || _body.appendChild(e);
  // 		e = parent;
  // 	}
  // 	return a;
  // },
  // _revertDisplay = a => {
  // 	for (let i = 0; i < a.length; i+=3) {
  // 		a[i+1] ? (a[i].style.display = a[i+1]) : a[i].style.removeProperty("display");
  // 		a[i+2] || a[i].parentNode.removeChild(a[i]);
  // 	}
  // },
  _svgTemps = [], //we create 3 elements for SVG, and 3 for other DOM elements and cache them for performance reasons. They get nested in _divContainer and _svgContainer so that just one element is added to the DOM on each successive attempt. Again, performance is key.
  _divTemps = [], _getDocScrollTop = function _getDocScrollTop() {
  return _win.pageYOffset || _doc.scrollTop || _docElement.scrollTop || _body.scrollTop || 0;
  }, _getDocScrollLeft = function _getDocScrollLeft() {
  return _win.pageXOffset || _doc.scrollLeft || _docElement.scrollLeft || _body.scrollLeft || 0;
  }, _svgOwner = function _svgOwner(element) {
  return element.ownerSVGElement || ((element.tagName + "").toLowerCase() === "svg" ? element : null);
  }, _isFixed = function _isFixed(element) {
  if (_win.getComputedStyle(element).position === "fixed") {
  return true;
  }
  element = element.parentNode;
  if (element && element.nodeType === 1) {
  // avoid document fragments which will throw an error.
  return _isFixed(element);
  }
  }, _createSibling = function _createSibling(element, i) {
  if (element.parentNode && (_doc || _setDoc(element))) {
  var svg = _svgOwner(element), ns = svg ? svg.getAttribute("xmlns") || "http://www.w3.org/2000/svg" : "http://www.w3.org/1999/xhtml", type = svg ? i ? "rect" : "g" : "div", x = i !== 2 ? 0 : 100, y = i === 3 ? 100 : 0, css = {
  position: "absolute",
  display: "block",
  pointerEvents: "none",
  margin: "0",
  padding: "0"
  }, e = _doc.createElementNS ? _doc.createElementNS(ns.replace(/^https/, "http"), type) : _doc.createElement(type);
  if (i) {
  if (!svg) {
  if (!_divContainer) {
  _divContainer = _createSibling(element);
  Object.assign(_divContainer.style, css);
  }
  Object.assign(e.style, css, {
  width: "0.1px",
  height: "0.1px",
  top: y + "px",
  left: x + "px"
  });
  _divContainer.appendChild(e);
  } else {
  _svgContainer || (_svgContainer = _createSibling(element));
  e.setAttribute("width", 0.01);
  e.setAttribute("height", 0.01);
  e.setAttribute("transform", "translate(" + x + "," + y + ")");
  e.setAttribute("fill", "transparent");
  _svgContainer.appendChild(e);
  }
  }
  return e;
  }
  throw "Need document and parent.";
  }, _consolidate = function _consolidate(m) {
  // replaces SVGTransformList.consolidate() because a bug in Firefox causes it to break pointer events. See https://gsap.com/forums/topic/23248-touch-is-not-working-on-draggable-in-firefox-windows-v324/?tab=comments#comment-109800
  var c = new Matrix2D(), i = 0;
  for(; i < m.numberOfItems; i++){
  c.multiply(m.getItem(i).matrix);
  }
  return c;
  }, _getCTM = function _getCTM(svg) {
  var m = svg.getCTM(), transform;
  if (!m) {
  // Firefox returns null for getCTM() on root <svg> elements, so this is a workaround using a <g> that we temporarily append.
  transform = svg.style[_transformProp];
  svg.style[_transformProp] = "none"; // a bug in Firefox causes css transforms to contaminate the getCTM()
  svg.appendChild(_gEl);
  m = _gEl.getCTM();
  svg.removeChild(_gEl);
  transform ? svg.style[_transformProp] = transform : svg.style.removeProperty(_transformProp.replace(/([A-Z])/g, "-$1").toLowerCase());
  }
  return m || _identityMatrix.clone(); // Firefox will still return null if the <svg> has a width/height of 0 in the browser.
  }, _placeSiblings = function _placeSiblings(element, adjustGOffset) {
  var svg = _svgOwner(element), isRootSVG = element === svg, siblings = svg ? _svgTemps : _divTemps, parent = element.parentNode, appendToEl = parent && !svg && parent.shadowRoot && parent.shadowRoot.appendChild ? parent.shadowRoot : parent, container, m, b, x, y, cs;
  if (element === _win) {
  return element;
  }
  siblings.length || siblings.push(_createSibling(element, 1), _createSibling(element, 2), _createSibling(element, 3));
  container = svg ? _svgContainer : _divContainer;
  if (svg) {
  if (isRootSVG) {
  b = _getCTM(element);
  x = -b.e / b.a;
  y = -b.f / b.d;
  m = _identityMatrix;
  } else if (element.getBBox) {
  b = element.getBBox();
  m = element.transform ? element.transform.baseVal : {}; // IE11 doesn't follow the spec.
  m = !m.numberOfItems ? _identityMatrix : m.numberOfItems > 1 ? _consolidate(m) : m.getItem(0).matrix; // don't call m.consolidate().matrix because a bug in Firefox makes pointer events not work when consolidate() is called on the same tick as getBoundingClientRect()! See https://gsap.com/forums/topic/23248-touch-is-not-working-on-draggable-in-firefox-windows-v324/?tab=comments#comment-109800
  x = m.a * b.x + m.c * b.y;
  y = m.b * b.x + m.d * b.y;
  } else {
  // may be a <mask> which has no getBBox() so just use defaults instead of throwing errors.
  m = new Matrix2D();
  x = y = 0;
  }
  if (adjustGOffset && element.tagName.toLowerCase() === "g") {
  x = y = 0;
  }
  (isRootSVG || !element.getBoundingClientRect().width ? svg : parent).appendChild(container); // check getBoundingClientRect().width because things inside a <mask>, for example, may return 0 in which case we need to move the element to the root SVG to properly measure things. An alternative would be to walk up the DOM and see if any ancestor is a nodeName of "mask" and if so, set parent to svg.
  container.setAttribute("transform", "matrix(" + m.a + "," + m.b + "," + m.c + "," + m.d + "," + (m.e + x) + "," + (m.f + y) + ")");
  } else {
  x = y = 0;
  if (_hasOffsetBug) {
  // some browsers (like Safari) have a bug that causes them to misreport offset values. When an ancestor element has a transform applied, it's supposed to treat it as if it's position: relative (new context). Safari botches this, so we need to find the closest ancestor (between the element and its offsetParent) that has a transform applied and if one is found, grab its offsetTop/Left and subtract them to compensate.
  m = element.offsetParent;
  b = element;
  while(b && (b = b.parentNode) && b !== m && b.parentNode){
  if ((_win.getComputedStyle(b)[_transformProp] + "").length > 4) {
  x = b.offsetLeft;
  y = b.offsetTop;
  b = 0;
  }
  }
  }
  cs = _win.getComputedStyle(element);
  if (cs.position !== "absolute" && cs.position !== "fixed") {
  m = element.offsetParent;
  while(parent && parent !== m){
  // if there's an ancestor element between the element and its offsetParent that's scrolled, we must factor that in.
  x += parent.scrollLeft || 0;
  y += parent.scrollTop || 0;
  parent = parent.parentNode;
  }
  }
  b = container.style;
  b.top = element.offsetTop - y + "px";
  b.left = element.offsetLeft - x + "px";
  b[_transformProp] = cs[_transformProp];
  b[_transformOriginProp] = cs[_transformOriginProp]; // b.border = m.border;
  // b.borderLeftStyle = m.borderLeftStyle;
  // b.borderTopStyle = m.borderTopStyle;
  // b.borderLeftWidth = m.borderLeftWidth;
  // b.borderTopWidth = m.borderTopWidth;
  b.position = cs.position === "fixed" ? "fixed" : "absolute";
  appendToEl.appendChild(container);
  }
  return container;
  }, _setMatrix = function _setMatrix(m, a, b, c, d, e, f) {
  m.a = a;
  m.b = b;
  m.c = c;
  m.d = d;
  m.e = e;
  m.f = f;
  return m;
  };
  var Matrix2D = /*#__PURE__*/ function() {
  function Matrix2D(a, b, c, d, e, f) {
  if (a === void 0) {
  a = 1;
  }
  if (b === void 0) {
  b = 0;
  }
  if (c === void 0) {
  c = 0;
  }
  if (d === void 0) {
  d = 1;
  }
  if (e === void 0) {
  e = 0;
  }
  if (f === void 0) {
  f = 0;
  }
  _setMatrix(this, a, b, c, d, e, f);
  }
  var _proto = Matrix2D.prototype;
  _proto.inverse = function inverse() {
  var a = this.a, b = this.b, c = this.c, d = this.d, e = this.e, f = this.f, determinant = a * d - b * c || 1e-10;
  return _setMatrix(this, d / determinant, -b / determinant, -c / determinant, a / determinant, (c * f - d * e) / determinant, -(a * f - b * e) / determinant);
  };
  _proto.multiply = function multiply(matrix) {
  var a = this.a, b = this.b, c = this.c, d = this.d, e = this.e, f = this.f, a2 = matrix.a, b2 = matrix.c, c2 = matrix.b, d2 = matrix.d, e2 = matrix.e, f2 = matrix.f;
  return _setMatrix(this, a2 * a + c2 * c, a2 * b + c2 * d, b2 * a + d2 * c, b2 * b + d2 * d, e + e2 * a + f2 * c, f + e2 * b + f2 * d);
  };
  _proto.clone = function clone() {
  return new Matrix2D(this.a, this.b, this.c, this.d, this.e, this.f);
  };
  _proto.equals = function equals(matrix) {
  var a = this.a, b = this.b, c = this.c, d = this.d, e = this.e, f = this.f;
  return a === matrix.a && b === matrix.b && c === matrix.c && d === matrix.d && e === matrix.e && f === matrix.f;
  };
  _proto.apply = function apply(point, decoratee) {
  if (decoratee === void 0) {
  decoratee = {};
  }
  var x = point.x, y = point.y, a = this.a, b = this.b, c = this.c, d = this.d, e = this.e, f = this.f;
  decoratee.x = x * a + y * c + e || 0;
  decoratee.y = x * b + y * d + f || 0;
  return decoratee;
  };
  return Matrix2D;
  }(); // Feed in an element and it'll return a 2D matrix (optionally inverted) so that you can translate between coordinate spaces.
  function getGlobalMatrix(element, inverse, adjustGOffset, includeScrollInFixed) {
  // adjustGOffset is typically used only when grabbing an element's PARENT's global matrix, and it ignores the x/y offset of any SVG <g> elements because they behave in a special way.
  if (!element || !element.parentNode || (_doc || _setDoc(element)).documentElement === element) {
  return new Matrix2D();
  }
  var zeroScales = _forceNonZeroScale(element), svg = _svgOwner(element), temps = svg ? _svgTemps : _divTemps, container = _placeSiblings(element, adjustGOffset), b1 = temps[0].getBoundingClientRect(), b2 = temps[1].getBoundingClientRect(), b3 = temps[2].getBoundingClientRect(), parent = container.parentNode, isFixed = !includeScrollInFixed && _isFixed(element), m = new Matrix2D((b2.left - b1.left) / 100, (b2.top - b1.top) / 100, (b3.left - b1.left) / 100, (b3.top - b1.top) / 100, b1.left + (isFixed ? 0 : _getDocScrollLeft()), b1.top + (isFixed ? 0 : _getDocScrollTop()));
  parent.removeChild(container);
  if (zeroScales) {
  b1 = zeroScales.length;
  while(b1--){
  b2 = zeroScales[b1];
  b2.scaleX = b2.scaleY = 0;
  b2.renderTransform(1, b2);
  }
  }
  return inverse ? m.inverse() : m;
  }
  ;
  ;
  var _id = 1, _toArray, gsap, _batch, _batchAction, _body1, _closestTenth, _getStyleSaver, _forEachBatch = function _forEachBatch(batch, name) {
  return batch.actions.forEach(function(a) {
  return a.vars[name] && a.vars[name](a);
  });
  }, _batchLookup = {}, _RAD2DEG = 180 / Math.PI, _DEG2RAD = Math.PI / 180, _emptyObj = {}, _dashedNameLookup = {}, _memoizedRemoveProps = {}, _listToArray = function _listToArray(list) {
  return typeof list === "string" ? list.split(" ").join("").split(",") : list;
  }, // removes extra spaces contaminating the names, returns an Array.
  _callbacks = _listToArray("onStart,onUpdate,onComplete,onReverseComplete,onInterrupt"), _removeProps = _listToArray("transform,transformOrigin,width,height,position,top,left,opacity,zIndex,maxWidth,maxHeight,minWidth,minHeight"), _getEl = function _getEl(target) {
  return _toArray(target)[0] || console.warn("Element not found:", target);
  }, _round = function _round(value) {
  return Math.round(value * 10000) / 10000 || 0;
  }, _toggleClass = function _toggleClass(targets, className, action) {
  return targets.forEach(function(el) {
  return el.classList[action](className);
  });
  }, _reserved = {
  zIndex: 1,
  kill: 1,
  simple: 1,
  spin: 1,
  clearProps: 1,
  targets: 1,
  toggleClass: 1,
  onComplete: 1,
  onUpdate: 1,
  onInterrupt: 1,
  onStart: 1,
  delay: 1,
  repeat: 1,
  repeatDelay: 1,
  yoyo: 1,
  scale: 1,
  fade: 1,
  absolute: 1,
  props: 1,
  onEnter: 1,
  onLeave: 1,
  custom: 1,
  paused: 1,
  nested: 1,
  prune: 1,
  absoluteOnLeave: 1
  }, _fitReserved = {
  zIndex: 1,
  simple: 1,
  clearProps: 1,
  scale: 1,
  absolute: 1,
  fitChild: 1,
  getVars: 1,
  props: 1
  }, _camelToDashed = function _camelToDashed(p) {
  return p.replace(/([A-Z])/g, "-$1").toLowerCase();
  }, _copy = function _copy(obj, exclude) {
  var result = {}, p;
  for(p in obj){
  exclude[p] || (result[p] = obj[p]);
  }
  return result;
  }, _memoizedProps = {}, _memoizeProps = function _memoizeProps(props) {
  var p = _memoizedProps[props] = _listToArray(props);
  _memoizedRemoveProps[props] = p.concat(_removeProps);
  return p;
  }, _getInverseGlobalMatrix = function _getInverseGlobalMatrix(el) {
  // integrates caching for improved performance
  var cache = el._gsap || gsap.core.getCache(el);
  if (cache.gmCache === gsap.ticker.frame) {
  return cache.gMatrix;
  }
  cache.gmCache = gsap.ticker.frame;
  return cache.gMatrix = getGlobalMatrix(el, true, false, true);
  }, _getDOMDepth = function _getDOMDepth(el, invert, level) {
  if (level === void 0) {
  level = 0;
  }
  // In invert is true, the sibling depth is increments of 1, and parent/nesting depth is increments of 1000. This lets us order elements in an Array to reflect document flow.
  var parent = el.parentNode, inc = 1000 * Math.pow(10, level) * (invert ? -1 : 1), l = invert ? -inc * 900 : 0;
  while(el){
  l += inc;
  el = el.previousSibling;
  }
  return parent ? l + _getDOMDepth(parent, invert, level + 1) : l;
  }, _orderByDOMDepth = function _orderByDOMDepth(comps, invert, isElStates) {
  comps.forEach(function(comp) {
  return comp.d = _getDOMDepth(isElStates ? comp.element : comp.t, invert);
  });
  comps.sort(function(c1, c2) {
  return c1.d - c2.d;
  });
  return comps;
  }, _recordInlineStyles = function _recordInlineStyles(elState, props) {
  // records the current inline CSS properties into an Array in alternating name/value pairs that's stored in a "css" property on the state object so that we can revert later.
  var style = elState.element.style, a = elState.css = elState.css || [], i = props.length, p, v;
  while(i--){
  p = props[i];
  v = style[p] || style.getPropertyValue(p);
  a.push(v ? p : _dashedNameLookup[p] || (_dashedNameLookup[p] = _camelToDashed(p)), v);
  }
  return style;
  }, _applyInlineStyles = function _applyInlineStyles(state) {
  var css = state.css, style = state.element.style, i = 0;
  state.cache.uncache = 1;
  for(; i < css.length; i += 2){
  css[i + 1] ? style[css[i]] = css[i + 1] : style.removeProperty(css[i]);
  }
  if (!css[css.indexOf("transform") + 1] && style.translate) {
  // CSSPlugin adds scale, translate, and rotate inline CSS as "none" in order to keep CSS rules from contaminating transforms.
  style.removeProperty("translate");
  style.removeProperty("scale");
  style.removeProperty("rotate");
  }
  }, _setFinalStates = function _setFinalStates(comps, onlyTransforms) {
  comps.forEach(function(c) {
  return c.a.cache.uncache = 1;
  });
  onlyTransforms || comps.finalStates.forEach(_applyInlineStyles);
  }, _absoluteProps = "paddingTop,paddingRight,paddingBottom,paddingLeft,gridArea,transition".split(","), // properties that we must record just
  _makeAbsolute = function _makeAbsolute(elState, fallbackNode, ignoreBatch) {
  var element = elState.element, width = elState.width, height = elState.height, uncache = elState.uncache, getProp = elState.getProp, style = element.style, i = 4, result, displayIsNone, cs;
  typeof fallbackNode !== "object" && (fallbackNode = elState);
  if (_batch && ignoreBatch !== 1) {
  _batch._abs.push({
  t: element,
  b: elState,
  a: elState,
  sd: 0
  });
  _batch._final.push(function() {
  return (elState.cache.uncache = 1) && _applyInlineStyles(elState);
  });
  return element;
  }
  displayIsNone = getProp("display") === "none";
  if (!elState.isVisible || displayIsNone) {
  displayIsNone && (_recordInlineStyles(elState, [
  "display"
  ]).display = fallbackNode.display);
  elState.matrix = fallbackNode.matrix;
  elState.width = width = elState.width || fallbackNode.width;
  elState.height = height = elState.height || fallbackNode.height;
  }
  _recordInlineStyles(elState, _absoluteProps);
  cs = window.getComputedStyle(element);
  while(i--){
  style[_absoluteProps[i]] = cs[_absoluteProps[i]]; // record paddings as px-based because if removed from grid, percentage-based ones could be altered.
  }
  style.gridArea = "1 / 1 / 1 / 1";
  style.transition = "none";
  style.position = "absolute";
  style.width = width + "px";
  style.height = height + "px";
  style.top || (style.top = "0px");
  style.left || (style.left = "0px");
  if (uncache) {
  result = new ElementState(element);
  } else {
  // better performance
  result = _copy(elState, _emptyObj);
  result.position = "absolute";
  if (elState.simple) {
  var bounds = element.getBoundingClientRect();
  result.matrix = new Matrix2D(1, 0, 0, 1, bounds.left + _getDocScrollLeft(), bounds.top + _getDocScrollTop());
  } else {
  result.matrix = getGlobalMatrix(element, false, false, true);
  }
  }
  result = _fit(result, elState, true);
  elState.x = _closestTenth(result.x, 0.01);
  elState.y = _closestTenth(result.y, 0.01);
  return element;
  }, _filterComps = function _filterComps(comps, targets) {
  if (targets !== true) {
  targets = _toArray(targets);
  comps = comps.filter(function(c) {
  if (targets.indexOf((c.sd < 0 ? c.b : c.a).element) !== -1) {
  return true;
  } else {
  c.t._gsap.renderTransform(1); // we must force transforms to render on anything that isn't being made position: absolute, otherwise the absolute position happens and then when animation begins it applies transforms which can create a new stacking context, throwing off positioning!
  if (c.b.isVisible) {
  c.t.style.width = c.b.width + "px"; // otherwise things can collapse when contents are made position: absolute.
  c.t.style.height = c.b.height + "px";
  }
  }
  });
  }
  return comps;
  }, _makeCompsAbsolute = function _makeCompsAbsolute(comps) {
  return _orderByDOMDepth(comps, true).forEach(function(c) {
  return (c.a.isVisible || c.b.isVisible) && _makeAbsolute(c.sd < 0 ? c.b : c.a, c.b, 1);
  });
  }, _findElStateInState = function _findElStateInState(state, other) {
  return other && state.idLookup[_parseElementState(other).id] || state.elementStates[0];
  }, _parseElementState = function _parseElementState(elOrNode, props, simple, other) {
  return elOrNode instanceof ElementState ? elOrNode : elOrNode instanceof FlipState ? _findElStateInState(elOrNode, other) : new ElementState(typeof elOrNode === "string" ? _getEl(elOrNode) || console.warn(elOrNode + " not found") : elOrNode, props, simple);
  }, _recordProps = function _recordProps(elState, props) {
  var getProp = gsap.getProperty(elState.element, null, "native"), obj = elState.props = {}, i = props.length;
  while(i--){
  obj[props[i]] = (getProp(props[i]) + "").trim();
  }
  obj.zIndex && (obj.zIndex = parseFloat(obj.zIndex) || 0);
  return elState;
  }, _applyProps = function _applyProps(element, props) {
  var style = element.style || element, // could pass in a vars object.
  p;
  for(p in props){
  style[p] = props[p];
  }
  }, _getID = function _getID(el) {
  var id = el.getAttribute("data-flip-id");
  id || el.setAttribute("data-flip-id", id = "auto-" + _id++);
  return id;
  }, _elementsFromElementStates = function _elementsFromElementStates(elStates) {
  return elStates.map(function(elState) {
  return elState.element;
  });
  }, _handleCallback = function _handleCallback(callback, elStates, tl) {
  return callback && elStates.length && tl.add(callback(_elementsFromElementStates(elStates), tl, new FlipState(elStates, 0, true)), 0);
  }, _fit = function _fit(fromState, toState, scale, applyProps, fitChild, vars) {
  var element = fromState.element, cache = fromState.cache, parent = fromState.parent, x = fromState.x, y = fromState.y, width = toState.width, height = toState.height, scaleX = toState.scaleX, scaleY = toState.scaleY, rotation = toState.rotation, bounds = toState.bounds, styles = vars && _getStyleSaver && _getStyleSaver(element, "transform,width,height"), dimensionState = fromState, _toState$matrix = toState.matrix, e = _toState$matrix.e, f = _toState$matrix.f, deep = fromState.bounds.width !== bounds.width || fromState.bounds.height !== bounds.height || fromState.scaleX !== scaleX || fromState.scaleY !== scaleY || fromState.rotation !== rotation, simple = !deep && fromState.simple && toState.simple && !fitChild, skewX, fromPoint, toPoint, getProp, parentMatrix, matrix, bbox;
  if (simple || !parent) {
  scaleX = scaleY = 1;
  rotation = skewX = 0;
  } else {
  parentMatrix = _getInverseGlobalMatrix(parent);
  matrix = parentMatrix.clone().multiply(toState.ctm ? toState.matrix.clone().multiply(toState.ctm) : toState.matrix); // root SVG elements have a ctm that we must factor out (for example, viewBox:"0 0 94 94" with a width of 200px would scale the internals by 2.127 but when we're matching the size of the root <svg> element itself, that scaling shouldn't factor in!)
  rotation = _round(Math.atan2(matrix.b, matrix.a) * _RAD2DEG);
  skewX = _round(Math.atan2(matrix.c, matrix.d) * _RAD2DEG + rotation) % 360; // in very rare cases, minor rounding might end up with 360 which should be 0.
  scaleX = Math.sqrt(Math.pow(matrix.a, 2) + Math.pow(matrix.b, 2));
  scaleY = Math.sqrt(Math.pow(matrix.c, 2) + Math.pow(matrix.d, 2)) * Math.cos(skewX * _DEG2RAD);
  if (fitChild) {
  fitChild = _toArray(fitChild)[0];
  getProp = gsap.getProperty(fitChild);
  bbox = fitChild.getBBox && typeof fitChild.getBBox === "function" && fitChild.getBBox();
  dimensionState = {
  scaleX: getProp("scaleX"),
  scaleY: getProp("scaleY"),
  width: bbox ? bbox.width : Math.ceil(parseFloat(getProp("width", "px"))),
  height: bbox ? bbox.height : parseFloat(getProp("height", "px"))
  };
  }
  cache.rotation = rotation + "deg";
  cache.skewX = skewX + "deg";
  }
  if (scale) {
  scaleX *= width === dimensionState.width || !dimensionState.width ? 1 : width / dimensionState.width; // note if widths are both 0, we should make scaleX 1 - some elements have box-sizing that incorporates padding, etc. and we don't want it to collapse in that case.
  scaleY *= height === dimensionState.height || !dimensionState.height ? 1 : height / dimensionState.height;
  cache.scaleX = scaleX;
  cache.scaleY = scaleY;
  } else {
  width = _closestTenth(width * scaleX / dimensionState.scaleX, 0);
  height = _closestTenth(height * scaleY / dimensionState.scaleY, 0);
  element.style.width = width + "px";
  element.style.height = height + "px";
  } // if (fromState.isFixed) { // commented out because it's now taken care of in getGlobalMatrix() with a flag at the end.
  // 	e -= _getDocScrollLeft();
  // 	f -= _getDocScrollTop();
  // }
  applyProps && _applyProps(element, toState.props);
  if (simple || !parent) {
  x += e - fromState.matrix.e;
  y += f - fromState.matrix.f;
  } else if (deep || parent !== toState.parent) {
  cache.x = x + "px";
  cache.y = y + "px";
  cache.renderTransform(1, cache);
  matrix = getGlobalMatrix(fitChild || element, false, false, true);
  fromPoint = parentMatrix.apply({
  x: matrix.e,
  y: matrix.f
  });
  toPoint = parentMatrix.apply({
  x: e,
  y: f
  });
  x += toPoint.x - fromPoint.x;
  y += toPoint.y - fromPoint.y;
  } else {
  // use a faster/cheaper algorithm if we're just moving x/y
  parentMatrix.e = parentMatrix.f = 0;
  toPoint = parentMatrix.apply({
  x: e - fromState.matrix.e,
  y: f - fromState.matrix.f
  });
  x += toPoint.x;
  y += toPoint.y;
  }
  x = _closestTenth(x, 0.02);
  y = _closestTenth(y, 0.02);
  if (vars && !(vars instanceof ElementState)) {
  // revert
  styles && styles.revert();
  } else {
  // or apply the transform immediately
  cache.x = x + "px";
  cache.y = y + "px";
  cache.renderTransform(1, cache);
  }
  if (vars) {
  vars.x = x;
  vars.y = y;
  vars.rotation = rotation;
  vars.skewX = skewX;
  if (scale) {
  vars.scaleX = scaleX;
  vars.scaleY = scaleY;
  } else {
  vars.width = width;
  vars.height = height;
  }
  }
  return vars || cache;
  }, _parseState = function _parseState(targetsOrState, vars) {
  return targetsOrState instanceof FlipState ? targetsOrState : new FlipState(targetsOrState, vars);
  }, _getChangingElState = function _getChangingElState(toState, fromState, id) {
  var to1 = toState.idLookup[id], to2 = toState.alt[id];
  return to2.isVisible && (!(fromState.getElementState(to2.element) || to2).isVisible || !to1.isVisible) ? to2 : to1;
  }, _bodyMetrics = [], _bodyProps = "width,height,overflowX,overflowY".split(","), _bodyLocked, _lockBodyScroll = function _lockBodyScroll(lock) {
  // if there's no scrollbar, we should lock that so that measurements don't get affected by temporary repositioning, like if something is centered in the window.
  if (lock !== _bodyLocked) {
  var s = _body1.style, w = _body1.clientWidth === window.outerWidth, h = _body1.clientHeight === window.outerHeight, i = 4;
  if (lock && (w || h)) {
  while(i--){
  _bodyMetrics[i] = s[_bodyProps[i]];
  }
  if (w) {
  s.width = _body1.clientWidth + "px";
  s.overflowY = "hidden";
  }
  if (h) {
  s.height = _body1.clientHeight + "px";
  s.overflowX = "hidden";
  }
  _bodyLocked = lock;
  } else if (_bodyLocked) {
  while(i--){
  _bodyMetrics[i] ? s[_bodyProps[i]] = _bodyMetrics[i] : s.removeProperty(_camelToDashed(_bodyProps[i]));
  }
  _bodyLocked = lock;
  }
  }
  }, _revertTempStyles = function _revertTempStyles(temps, stateIndex) {
  // in _fromTo(), we store the inline styles temporarily when nested is true, and the Array is like [element, styles1, styles2, element, styles1, styles2, ...] where styles1 is one state and styles2 is another state (the element.getAttribute("style")).
  for(var i = 0; i < temps.length; i += 3){
  gsap.set(temps[i], {
  clearProps: true
  }); // to clear cached transforms too
  temps[i].setAttribute("style", temps[i + stateIndex]);
  temps[i]._gsap.gmCache = -1; // bust the globalMatrix cache
  }
  }, _fromTo = function _fromTo(fromState, toState, vars, relative) {
  // relative is -1 if "from()", and 1 if "to()"
  fromState instanceof FlipState && toState instanceof FlipState || console.warn("Not a valid state object.");
  vars = vars || {};
  var _vars = vars, clearProps = _vars.clearProps, onEnter = _vars.onEnter, onLeave = _vars.onLeave, absolute = _vars.absolute, absoluteOnLeave = _vars.absoluteOnLeave, custom = _vars.custom, delay = _vars.delay, paused = _vars.paused, repeat = _vars.repeat, repeatDelay = _vars.repeatDelay, yoyo = _vars.yoyo, toggleClass = _vars.toggleClass, nested = _vars.nested, _zIndex = _vars.zIndex, scale = _vars.scale, fade = _vars.fade, stagger = _vars.stagger, spin = _vars.spin, prune = _vars.prune, props = ("props" in vars ? vars : fromState).props, tweenVars = _copy(vars, _reserved), animation = gsap.timeline({
  delay: delay,
  paused: paused,
  repeat: repeat,
  repeatDelay: repeatDelay,
  yoyo: yoyo,
  data: "isFlip"
  }), remainingProps = tweenVars, entering = [], leaving = [], comps = [], swapOutTargets = [], spinNum = spin === true ? 1 : spin || 0, spinFunc = typeof spin === "function" ? spin : function() {
  return spinNum;
  }, interrupted = fromState.interrupted || toState.interrupted, addFunc = animation[relative !== 1 ? "to" : "from"], v, p, endTime, i, el, comp, state, targets, finalStates, fromNode, toNode, run, a, b; //relative || (toState = (new FlipState(toState.targets, {props: props})).fit(toState, scale));
  for(p in toState.idLookup){
  toNode = !toState.alt[p] ? toState.idLookup[p] : _getChangingElState(toState, fromState, p);
  el = toNode.element;
  fromNode = fromState.idLookup[p];
  fromState.alt[p] && el === fromNode.element && (fromState.alt[p].isVisible || !toNode.isVisible) && (fromNode = fromState.alt[p]);
  if (fromNode) {
  comp = {
  t: el,
  b: fromNode,
  a: toNode,
  sd: fromNode.element === el ? 0 : toNode.isVisible ? 1 : -1
  };
  comps.push(comp);
  if (comp.sd) {
  // from and to elements are different, so we need to swap them.
  if (comp.sd < 0) {
  comp.b = toNode;
  comp.a = fromNode;
  } // for swapping elements that got interrupted, we must re-record the inline styles to ensure they're not tainted. Remember, .batch() permits getState() not to force in-progress flips to their end state.
  interrupted && _recordInlineStyles(comp.b, props ? _memoizedRemoveProps[props] : _removeProps);
  fade && comps.push(comp.swap = {
  t: fromNode.element,
  b: comp.b,
  a: comp.a,
  sd: -comp.sd,
  swap: comp
  });
  }
  el._flip = fromNode.element._flip = _batch ? _batch.timeline : animation;
  } else if (toNode.isVisible) {
  comps.push({
  t: el,
  b: _copy(toNode, {
  isVisible: 1
  }),
  a: toNode,
  sd: 0,
  entering: 1
  }); // to include it in the "entering" Array and do absolute positioning if necessary
  el._flip = _batch ? _batch.timeline : animation;
  }
  }
  props && (_memoizedProps[props] || _memoizeProps(props)).forEach(function(p) {
  return tweenVars[p] = function(i) {
  return comps[i].a.props[p];
  };
  });
  comps.finalStates = finalStates = [];
  run = function run() {
  _orderByDOMDepth(comps);
  _lockBodyScroll(true); // otherwise, measurements may get thrown off when things get fit.
  var recordedStyles = [];
  for(i = 0; i < comps.length; i++){
  comp = comps[i];
  a = comp.a;
  b = comp.b;
  if (prune && !a.isDifferent(b) && !comp.entering) {
  // only flip if things changed! Don't omit it from comps initially because that'd prevent the element from being positioned absolutely (if necessary)
  comps.splice(i--, 1);
  } else {
  el = comp.t;
  if (nested && !(comp.sd < 0) && i) {
  // moving a parent affects the position of children
  a = comp.a = a.clone({
  matrix: getGlobalMatrix(el, false, false, true)
  });
  }
  if (b.isVisible && a.isVisible) {
  if (comp.sd < 0) {
  // swapping OUT (swap direction of -1 is out)
  nested && _revertTempStyles(recordedStyles, 1); // get the ancestor elements into the final state for proper measuring
  state = new ElementState(el, props, fromState.simple);
  _fit(state, a, scale, 0, 0, state);
  state.matrix = getGlobalMatrix(el, false, false, true);
  state.bounds = el.getBoundingClientRect();
  state.css = comp.b.css;
  comp.a = a = state;
  fade && (el.style.opacity = interrupted ? b.opacity : a.opacity);
  stagger && swapOutTargets.push(el);
  if (nested) {
  _revertTempStyles(recordedStyles, 2); // now return the ancestor elements back to the before state
  recordedStyles.push(el, el.getAttribute("style"));
  }
  } else if (comp.sd > 0 && fade) {
  // swapping IN (swap direction of 1 is in)
  el.style.opacity = interrupted ? a.opacity - b.opacity : "0";
  }
  _fit(a, b, scale, props);
  nested && comp.sd < 0 && recordedStyles.push(el.getAttribute("style"));
  } else if (b.isVisible !== a.isVisible) {
  // either entering or leaving (one side is invisible)
  if (!b.isVisible) {
  // entering
  a.isVisible && entering.push(a);
  comps.splice(i--, 1);
  } else if (!a.isVisible) {
  // leaving
  b.css = a.css;
  leaving.push(b);
  comps.splice(i--, 1);
  absolute && nested && _fit(a, b, scale, props);
  }
  }
  if (!scale) {
  el.style.maxWidth = Math.max(a.width, b.width) + "px";
  el.style.maxHeight = Math.max(a.height, b.height) + "px";
  el.style.minWidth = Math.min(a.width, b.width) + "px";
  el.style.minHeight = Math.min(a.height, b.height) + "px";
  }
  nested && toggleClass && el.classList.add(toggleClass);
  }
  finalStates.push(a);
  }
  var classTargets;
  if (toggleClass) {
  classTargets = finalStates.map(function(s) {
  return s.element;
  });
  nested && classTargets.forEach(function(e) {
  return e.classList.remove(toggleClass);
  }); // there could be a delay, so don't leave the classes applied (we'll do it in a timeline callback)
  }
  _lockBodyScroll(false);
  if (scale) {
  tweenVars.scaleX = function(i) {
  return comps[i].a.scaleX;
  };
  tweenVars.scaleY = function(i) {
  return comps[i].a.scaleY;
  };
  } else {
  tweenVars.width = function(i) {
  return comps[i].a.width + "px";
  };
  tweenVars.height = function(i) {
  return comps[i].a.height + "px";
  };
  tweenVars.autoRound = vars.autoRound || false;
  }
  tweenVars.x = function(i) {
  return comps[i].a.x + "px";
  };
  tweenVars.y = function(i) {
  return comps[i].a.y + "px";
  };
  tweenVars.rotation = function(i) {
  return comps[i].a.rotation + (spin ? spinFunc(i, targets[i], targets) * 360 : 0);
  };
  tweenVars.skewX = function(i) {
  return comps[i].a.skewX;
  };
  targets = comps.map(function(c) {
  return c.t;
  });
  if (_zIndex || _zIndex === 0) {
  tweenVars.modifiers = {
  zIndex: function zIndex() {
  return _zIndex;
  }
  };
  tweenVars.zIndex = _zIndex;
  tweenVars.immediateRender = vars.immediateRender !== false;
  }
  fade && (tweenVars.opacity = function(i) {
  return comps[i].sd < 0 ? 0 : comps[i].sd > 0 ? comps[i].a.opacity : "+=0";
  });
  if (swapOutTargets.length) {
  stagger = gsap.utils.distribute(stagger);
  var dummyArray = targets.slice(swapOutTargets.length);
  tweenVars.stagger = function(i, el) {
  return stagger(~swapOutTargets.indexOf(el) ? targets.indexOf(comps[i].swap.t) : i, el, dummyArray);
  };
  } // // for testing...
  // gsap.delayedCall(vars.data ? 50 : 1, function() {
  // 	animation.eventCallback("onComplete", () => _setFinalStates(comps, !clearProps));
  // 	addFunc.call(animation, targets, tweenVars, 0).play();
  // });
  // return;
  _callbacks.forEach(function(name) {
  return vars[name] && animation.eventCallback(name, vars[name], vars[name + "Params"]);
  }); // apply callbacks to the timeline, not tweens (because "custom" timing can make multiple tweens)
  if (custom && targets.length) {
  // bust out the custom properties as their own tweens so they can use different eases, durations, etc.
  remainingProps = _copy(tweenVars, _reserved);
  if ("scale" in custom) {
  custom.scaleX = custom.scaleY = custom.scale;
  delete custom.scale;
  }
  for(p in custom){
  v = _copy(custom[p], _fitReserved);
  v[p] = tweenVars[p];
  !("duration" in v) && "duration" in tweenVars && (v.duration = tweenVars.duration);
  v.stagger = tweenVars.stagger;
  addFunc.call(animation, targets, v, 0);
  delete remainingProps[p];
  }
  }
  if (targets.length || leaving.length || entering.length) {
  toggleClass && animation.add(function() {
  return _toggleClass(classTargets, toggleClass, animation._zTime < 0 ? "remove" : "add");
  }, 0) && !paused && _toggleClass(classTargets, toggleClass, "add");
  targets.length && addFunc.call(animation, targets, remainingProps, 0);
  }
  _handleCallback(onEnter, entering, animation);
  _handleCallback(onLeave, leaving, animation);
  var batchTl = _batch && _batch.timeline;
  if (batchTl) {
  batchTl.add(animation, 0);
  _batch._final.push(function() {
  return _setFinalStates(comps, !clearProps);
  });
  }
  endTime = animation.duration();
  animation.call(function() {
  var forward = animation.time() >= endTime;
  forward && !batchTl && _setFinalStates(comps, !clearProps);
  toggleClass && _toggleClass(classTargets, toggleClass, forward ? "remove" : "add");
  });
  };
  absoluteOnLeave && (absolute = comps.filter(function(comp) {
  return !comp.sd && !comp.a.isVisible && comp.b.isVisible;
  }).map(function(comp) {
  return comp.a.element;
  }));
  if (_batch) {
  var _batch$_abs;
  absolute && (_batch$_abs = _batch._abs).push.apply(_batch$_abs, _filterComps(comps, absolute));
  _batch._run.push(run);
  } else {
  absolute && _makeCompsAbsolute(_filterComps(comps, absolute)); // when making absolute, we must go in a very particular order so that document flow changes don't affect things. Don't make it visible if both the before and after states are invisible! There's no point, and it could make things appear visible during the flip that shouldn't be.
  run();
  }
  var anim = _batch ? _batch.timeline : animation;
  anim.revert = function() {
  return _killFlip(anim, 1, 1);
  }; // a Flip timeline should behave very different when reverting - it should actually jump to the end so that styles get cleared out.
  return anim;
  }, _interrupt = function _interrupt(tl) {
  tl.vars.onInterrupt && tl.vars.onInterrupt.apply(tl, tl.vars.onInterruptParams || []);
  tl.getChildren(true, false, true).forEach(_interrupt);
  }, _killFlip = function _killFlip(tl, action, force) {
  // action: 0 = nothing, 1 = complete, 2 = only kill (don't complete)
  if (tl && tl.progress() < 1 && (!tl.paused() || force)) {
  if (action) {
  _interrupt(tl);
  action < 2 && tl.progress(1); // we should also kill it in case it was added to a parent timeline.
  tl.kill();
  }
  return true;
  }
  }, _createLookup = function _createLookup(state) {
  var lookup = state.idLookup = {}, alt = state.alt = {}, elStates = state.elementStates, i = elStates.length, elState;
  while(i--){
  elState = elStates[i];
  lookup[elState.id] ? alt[elState.id] = elState : lookup[elState.id] = elState;
  }
  };
  var FlipState = /*#__PURE__*/ function() {
  function FlipState(targets, vars, targetsAreElementStates) {
  this.props = vars && vars.props;
  this.simple = !!(vars && vars.simple);
  if (targetsAreElementStates) {
  this.targets = _elementsFromElementStates(targets);
  this.elementStates = targets;
  _createLookup(this);
  } else {
  this.targets = _toArray(targets);
  var soft = vars && (vars.kill === false || vars.batch && !vars.kill);
  _batch && !soft && _batch._kill.push(this);
  this.update(soft || !!_batch); // when batching, don't force in-progress flips to their end; we need to do that AFTER all getStates() are called.
  }
  }
  var _proto = FlipState.prototype;
  _proto.update = function update(soft) {
  var _this = this;
  this.elementStates = this.targets.map(function(el) {
  return new ElementState(el, _this.props, _this.simple);
  });
  _createLookup(this);
  this.interrupt(soft);
  this.recordInlineStyles();
  return this;
  };
  _proto.clear = function clear() {
  this.targets.length = this.elementStates.length = 0;
  _createLookup(this);
  return this;
  };
  _proto.fit = function fit(state, scale, nested) {
  var elStatesInOrder = _orderByDOMDepth(this.elementStates.slice(0), false, true), toElStates = (state || this).idLookup, i = 0, fromNode, toNode;
  for(; i < elStatesInOrder.length; i++){
  fromNode = elStatesInOrder[i];
  nested && (fromNode.matrix = getGlobalMatrix(fromNode.element, false, false, true)); // moving a parent affects the position of children
  toNode = toElStates[fromNode.id];
  toNode && _fit(fromNode, toNode, scale, true, 0, fromNode);
  fromNode.matrix = getGlobalMatrix(fromNode.element, false, false, true);
  }
  return this;
  };
  _proto.getProperty = function getProperty(element, property) {
  var es = this.getElementState(element) || _emptyObj;
  return (property in es ? es : es.props || _emptyObj)[property];
  };
  _proto.add = function add(state) {
  var i = state.targets.length, lookup = this.idLookup, alt = this.alt, index, es, es2;
  while(i--){
  es = state.elementStates[i];
  es2 = lookup[es.id];
  if (es2 && (es.element === es2.element || alt[es.id] && alt[es.id].element === es.element)) {
  // if the flip id is already in this FlipState, replace it!
  index = this.elementStates.indexOf(es.element === es2.element ? es2 : alt[es.id]);
  this.targets.splice(index, 1, state.targets[i]);
  this.elementStates.splice(index, 1, es);
  } else {
  this.targets.push(state.targets[i]);
  this.elementStates.push(es);
  }
  }
  state.interrupted && (this.interrupted = true);
  state.simple || (this.simple = false);
  _createLookup(this);
  return this;
  };
  _proto.compare = function compare(state) {
  var l1 = state.idLookup, l2 = this.idLookup, unchanged = [], changed = [], enter = [], leave = [], targets = [], a1 = state.alt, a2 = this.alt, place = function place(s1, s2, el) {
  return (s1.isVisible !== s2.isVisible ? s1.isVisible ? enter : leave : s1.isVisible ? changed : unchanged).push(el) && targets.push(el);
  }, placeIfDoesNotExist = function placeIfDoesNotExist(s1, s2, el) {
  return targets.indexOf(el) < 0 && place(s1, s2, el);
  }, s1, s2, p, el, s1Alt, s2Alt, c1, c2;
  for(p in l1){
  s1Alt = a1[p];
  s2Alt = a2[p];
  s1 = !s1Alt ? l1[p] : _getChangingElState(state, this, p);
  el = s1.element;
  s2 = l2[p];
  if (s2Alt) {
  c2 = s2.isVisible || !s2Alt.isVisible && el === s2.element ? s2 : s2Alt;
  c1 = s1Alt && !s1.isVisible && !s1Alt.isVisible && c2.element === s1Alt.element ? s1Alt : s1; //c1.element !== c2.element && c1.element === s2.element && (c2 = s2);
  if (c1.isVisible && c2.isVisible && c1.element !== c2.element) {
  // swapping, so force into "changed" array
  (c1.isDifferent(c2) ? changed : unchanged).push(c1.element, c2.element);
  targets.push(c1.element, c2.element);
  } else {
  place(c1, c2, c1.element);
  }
  s1Alt && c1.element === s1Alt.element && (s1Alt = l1[p]);
  placeIfDoesNotExist(c1.element !== s2.element && s1Alt ? s1Alt : c1, s2, s2.element);
  placeIfDoesNotExist(s1Alt && s1Alt.element === s2Alt.element ? s1Alt : c1, s2Alt, s2Alt.element);
  s1Alt && placeIfDoesNotExist(s1Alt, s2Alt.element === s1Alt.element ? s2Alt : s2, s1Alt.element);
  } else {
  !s2 ? enter.push(el) : !s2.isDifferent(s1) ? unchanged.push(el) : place(s1, s2, el);
  s1Alt && placeIfDoesNotExist(s1Alt, s2, s1Alt.element);
  }
  }
  for(p in l2){
  if (!l1[p]) {
  leave.push(l2[p].element);
  a2[p] && leave.push(a2[p].element);
  }
  }
  return {
  changed: changed,
  unchanged: unchanged,
  enter: enter,
  leave: leave
  };
  };
  _proto.recordInlineStyles = function recordInlineStyles() {
  var props = _memoizedRemoveProps[this.props] || _removeProps, i = this.elementStates.length;
  while(i--){
  _recordInlineStyles(this.elementStates[i], props);
  }
  };
  _proto.interrupt = function interrupt(soft) {
  var _this2 = this;
  // soft = DON'T force in-progress flip animations to completion (like when running a batch, we can't immediately kill flips when getting states because it could contaminate positioning and other .getState() calls that will run in the batch (we kill AFTER all the .getState() calls complete).
  var timelines = [];
  this.targets.forEach(function(t) {
  var tl = t._flip, foundInProgress = _killFlip(tl, soft ? 0 : 1);
  soft && foundInProgress && timelines.indexOf(tl) < 0 && tl.add(function() {
  return _this2.updateVisibility();
  });
  foundInProgress && timelines.push(tl);
  });
  !soft && timelines.length && this.updateVisibility(); // if we found an in-progress Flip animation, we must record all the values in their current state at that point BUT we should update the isVisible value AFTER pushing that flip to completion so that elements that are entering or leaving will populate those Arrays properly.
  this.interrupted || (this.interrupted = !!timelines.length);
  };
  _proto.updateVisibility = function updateVisibility() {
  this.elementStates.forEach(function(es) {
  var b = es.element.getBoundingClientRect();
  es.isVisible = !!(b.width || b.height || b.top || b.left);
  es.uncache = 1;
  });
  };
  _proto.getElementState = function getElementState(element) {
  return this.elementStates[this.targets.indexOf(_getEl(element))];
  };
  _proto.makeAbsolute = function makeAbsolute() {
  return _orderByDOMDepth(this.elementStates.slice(0), true, true).map(_makeAbsolute);
  };
  return FlipState;
  }();
  var ElementState = /*#__PURE__*/ function() {
  function ElementState(element, props, simple) {
  if (element instanceof ElementState) {
  // allows us to essentially clone
  Object.assign(this, element, props || {});
  } else {
  this.element = element;
  this.update(props, simple);
  }
  }
  var _proto2 = ElementState.prototype;
  _proto2.isDifferent = function isDifferent(state) {
  var b1 = this.bounds, b2 = state.bounds;
  return b1.top !== b2.top || b1.left !== b2.left || b1.width !== b2.width || b1.height !== b2.height || !this.matrix.equals(state.matrix) || this.opacity !== state.opacity || this.props && state.props && JSON.stringify(this.props) !== JSON.stringify(state.props);
  };
  _proto2.clone = function clone(overrides) {
  return new ElementState(this, overrides);
  };
  _proto2.update = function update(props, simple) {
  var self = this, element = self.element, getProp = gsap.getProperty(element), cache = gsap.core.getCache(element), bounds = element.getBoundingClientRect(), bbox = element.getBBox && typeof element.getBBox === "function" && element.nodeName.toLowerCase() !== "svg" && element.getBBox(), m = simple ? new Matrix2D(1, 0, 0, 1, bounds.left + _getDocScrollLeft(), bounds.top + _getDocScrollTop()) : getGlobalMatrix(element, false, false, true);
  cache.uncache = 1; // in case there are CSS rules that affect the element. Example: https://gsap.com/community/forums/topic/44321-bug-on-fixed-position-using-flip/
  self.getProp = getProp;
  self.element = element;
  self.id = _getID(element);
  self.matrix = m;
  self.cache = cache;
  self.bounds = bounds;
  self.isVisible = !!(bounds.width || bounds.height || bounds.left || bounds.top);
  self.display = getProp("display");
  self.position = getProp("position");
  self.parent = element.parentNode;
  self.x = getProp("x", "px");
  self.y = getProp("y", "px");
  self.scaleX = cache.scaleX;
  self.scaleY = cache.scaleY;
  self.rotation = getProp("rotation");
  self.skewX = getProp("skewX");
  self.opacity = getProp("opacity");
  self.width = bbox ? bbox.width : _closestTenth(getProp("width", "px"), 0.04); // round up to the closest 0.1 so that text doesn't wrap.
  self.height = bbox ? bbox.height : _closestTenth(getProp("height", "px"), 0.04);
  props && _recordProps(self, _memoizedProps[props] || _memoizeProps(props));
  self.ctm = element.getCTM && element.nodeName.toLowerCase() === "svg" && _getCTM(element).inverse();
  self.simple = simple || _round(m.a) === 1 && !_round(m.b) && !_round(m.c) && _round(m.d) === 1; // allows us to speed through some other tasks if it's not scale/rotated
  self.uncache = 0;
  };
  return ElementState;
  }();
  var FlipAction = /*#__PURE__*/ function() {
  function FlipAction(vars, batch) {
  this.vars = vars;
  this.batch = batch;
  this.states = [];
  this.timeline = batch.timeline;
  }
  var _proto3 = FlipAction.prototype;
  _proto3.getStateById = function getStateById(id) {
  var i = this.states.length;
  while(i--){
  if (this.states[i].idLookup[id]) {
  return this.states[i];
  }
  }
  };
  _proto3.kill = function kill() {
  this.batch.remove(this);
  };
  return FlipAction;
  }();
  var FlipBatch = /*#__PURE__*/ function() {
  function FlipBatch(id) {
  this.id = id;
  this.actions = [];
  this._kill = [];
  this._final = [];
  this._abs = [];
  this._run = [];
  this.data = {};
  this.state = new FlipState();
  this.timeline = gsap.timeline();
  }
  var _proto4 = FlipBatch.prototype;
  _proto4.add = function add(config) {
  var result = this.actions.filter(function(action) {
  return action.vars === config;
  });
  if (result.length) {
  return result[0];
  }
  result = new FlipAction(typeof config === "function" ? {
  animate: config
  } : config, this);
  this.actions.push(result);
  return result;
  };
  _proto4.remove = function remove(action) {
  var i = this.actions.indexOf(action);
  i >= 0 && this.actions.splice(i, 1);
  return this;
  };
  _proto4.getState = function getState(merge) {
  var _this3 = this;
  var prevBatch = _batch, prevAction = _batchAction;
  _batch = this;
  this.state.clear();
  this._kill.length = 0;
  this.actions.forEach(function(action) {
  if (action.vars.getState) {
  action.states.length = 0;
  _batchAction = action;
  action.state = action.vars.getState(action);
  }
  merge && action.states.forEach(function(s) {
  return _this3.state.add(s);
  });
  });
  _batchAction = prevAction;
  _batch = prevBatch;
  this.killConflicts();
  return this;
  };
  _proto4.animate = function animate() {
  var _this4 = this;
  var prevBatch = _batch, tl = this.timeline, i = this.actions.length, finalStates, endTime;
  _batch = this;
  tl.clear();
  this._abs.length = this._final.length = this._run.length = 0;
  this.actions.forEach(function(a) {
  a.vars.animate && a.vars.animate(a);
  var onEnter = a.vars.onEnter, onLeave = a.vars.onLeave, targets = a.targets, s, result;
  if (targets && targets.length && (onEnter || onLeave)) {
  s = new FlipState();
  a.states.forEach(function(state) {
  return s.add(state);
  });
  result = s.compare(Flip.getState(targets));
  result.enter.length && onEnter && onEnter(result.enter);
  result.leave.length && onLeave && onLeave(result.leave);
  }
  });
  _makeCompsAbsolute(this._abs);
  this._run.forEach(function(f) {
  return f();
  });
  endTime = tl.duration();
  finalStates = this._final.slice(0);
  tl.add(function() {
  if (endTime <= tl.time()) {
  // only call if moving forward in the timeline (in case it's nested in a timeline that gets reversed)
  finalStates.forEach(function(f) {
  return f();
  });
  _forEachBatch(_this4, "onComplete");
  }
  });
  _batch = prevBatch;
  while(i--){
  this.actions[i].vars.once && this.actions[i].kill();
  }
  _forEachBatch(this, "onStart");
  tl.restart();
  return this;
  };
  _proto4.loadState = function loadState(done) {
  done || (done = function done() {
  return 0;
  });
  var queue = [];
  this.actions.forEach(function(c) {
  if (c.vars.loadState) {
  var i, f = function f(targets) {
  targets && (c.targets = targets);
  i = queue.indexOf(f);
  if (~i) {
  queue.splice(i, 1);
  queue.length || done();
  }
  };
  queue.push(f);
  c.vars.loadState(f);
  }
  });
  queue.length || done();
  return this;
  };
  _proto4.setState = function setState() {
  this.actions.forEach(function(c) {
  return c.targets = c.vars.setState && c.vars.setState(c);
  });
  return this;
  };
  _proto4.killConflicts = function killConflicts(soft) {
  this.state.interrupt(soft);
  this._kill.forEach(function(state) {
  return state.interrupt(soft);
  });
  return this;
  };
  _proto4.run = function run(skipGetState, merge) {
  var _this5 = this;
  if (this !== _batch) {
  skipGetState || this.getState(merge);
  this.loadState(function() {
  if (!_this5._killed) {
  _this5.setState();
  _this5.animate();
  }
  });
  }
  return this;
  };
  _proto4.clear = function clear(stateOnly) {
  this.state.clear();
  stateOnly || (this.actions.length = 0);
  };
  _proto4.getStateById = function getStateById(id) {
  var i = this.actions.length, s;
  while(i--){
  s = this.actions[i].getStateById(id);
  if (s) {
  return s;
  }
  }
  return this.state.idLookup[id] && this.state;
  };
  _proto4.kill = function kill() {
  this._killed = 1;
  this.clear();
  delete _batchLookup[this.id];
  };
  return FlipBatch;
  }();
  var Flip = /*#__PURE__*/ function() {
  function Flip() {}
  Flip.getState = function getState(targets, vars) {
  var state = _parseState(targets, vars);
  _batchAction && _batchAction.states.push(state);
  vars && vars.batch && Flip.batch(vars.batch).state.add(state);
  return state;
  };
  Flip.from = function from(state, vars) {
  vars = vars || {};
  "clearProps" in vars || (vars.clearProps = true);
  return _fromTo(state, _parseState(vars.targets || state.targets, {
  props: vars.props || state.props,
  simple: vars.simple,
  kill: !!vars.kill
  }), vars, -1);
  };
  Flip.to = function to(state, vars) {
  return _fromTo(state, _parseState(vars.targets || state.targets, {
  props: vars.props || state.props,
  simple: vars.simple,
  kill: !!vars.kill
  }), vars, 1);
  };
  Flip.fromTo = function fromTo(fromState, toState, vars) {
  return _fromTo(fromState, toState, vars);
  };
  Flip.fit = function fit(fromEl, toEl, vars) {
  var v = vars ? _copy(vars, _fitReserved) : {}, _ref = vars || v, absolute = _ref.absolute, scale = _ref.scale, getVars = _ref.getVars, props = _ref.props, runBackwards = _ref.runBackwards, onComplete = _ref.onComplete, simple = _ref.simple, fitChild = vars && vars.fitChild && _getEl(vars.fitChild), before = _parseElementState(toEl, props, simple, fromEl), after = _parseElementState(fromEl, 0, simple, before), inlineProps = props ? _memoizedRemoveProps[props] : _removeProps, ctx = gsap.context();
  props && _applyProps(v, before.props);
  _recordInlineStyles(after, inlineProps);
  if (runBackwards) {
  "immediateRender" in v || (v.immediateRender = true);
  v.onComplete = function() {
  _applyInlineStyles(after);
  onComplete && onComplete.apply(this, arguments);
  };
  }
  absolute && _makeAbsolute(after, before);
  v = _fit(after, before, scale || fitChild, !v.duration && props, fitChild, v.duration || getVars ? v : 0);
  typeof vars === "object" && "zIndex" in vars && (v.zIndex = vars.zIndex);
  ctx && !getVars && ctx.add(function() {
  return function() {
  return _applyInlineStyles(after);
  };
  });
  return getVars ? v : v.duration ? gsap.to(after.element, v) : null;
  };
  Flip.makeAbsolute = function makeAbsolute(targetsOrStates, vars) {
  return (targetsOrStates instanceof FlipState ? targetsOrStates : new FlipState(targetsOrStates, vars)).makeAbsolute();
  };
  Flip.batch = function batch(id) {
  id || (id = "default");
  return _batchLookup[id] || (_batchLookup[id] = new FlipBatch(id));
  };
  Flip.killFlipsOf = function killFlipsOf(targets, complete) {
  (targets instanceof FlipState ? targets.targets : _toArray(targets)).forEach(function(t) {
  return t && _killFlip(t._flip, complete !== false ? 1 : 2);
  });
  };
  Flip.isFlipping = function isFlipping(target) {
  var f = Flip.getByTarget(target);
  return !!f && f.isActive();
  };
  Flip.getByTarget = function getByTarget(target) {
  return (_getEl(target) || _emptyObj)._flip;
  };
  Flip.getElementState = function getElementState(target, props) {
  return new ElementState(_getEl(target), props);
  };
  Flip.convertCoordinates = function convertCoordinates(fromElement, toElement, point) {
  var m = getGlobalMatrix(toElement, true, true).multiply(getGlobalMatrix(fromElement));
  return point ? m.apply(point) : m;
  };
  Flip.register = function register(core) {
  _body1 = typeof document !== "undefined" && document.body;
  if (_body1) {
  gsap = core;
  _setDoc(_body1);
  _toArray = gsap.utils.toArray;
  _getStyleSaver = gsap.core.getStyleSaver;
  var snap = gsap.utils.snap(0.1);
  _closestTenth = function _closestTenth(value, add) {
  return snap(parseFloat(value) + add);
  };
  }
  };
  return Flip;
  }();
  Flip.version = "3.14.2"; // function whenImagesLoad(el, func) {
  // 	let pending = [],
  // 		onLoad = e => {
  // 			pending.splice(pending.indexOf(e.target), 1);
  // 			e.target.removeEventListener("load", onLoad);
  // 			pending.length || func();
  // 		};
  // 	gsap.utils.toArray(el.tagName.toLowerCase() === "img" ? el : el.querySelectorAll("img")).forEach(img => img.complete || img.addEventListener("load", onLoad) || pending.push(img));
  // 	pending.length || func();
  // }
  ("TURBOPACK compile-time value", "undefined") !== "undefined" && window.gsap && window.gsap.registerPlugin(Flip);
  ;
  var __TURBOPACK__imported__module__71911__ = __turbopack_context__.i(71911);
  ;
  const __TURBOPACK__default__export__24 = {
  src: __TURBOPACK__imported__module__71911__["default"],
  width: 1100,
  height: 734,
  blurWidth: 8,
  blurHeight: 5,
  blurDataURL: "data:image/jpeg;base64,/9j/4AAQSkZJRgABAgAAAQABAAD/wAARCAAFAAgDAREAAhEBAxEB/9sAQwAKBwcIBwYKCAgICwoKCw4YEA4NDQ4dFRYRGCMfJSQiHyIhJis3LyYpNCkhIjBBMTQ5Oz4+PiUuRElDPEg3PT47/9sAQwEKCwsODQ4cEBAcOygiKDs7Ozs7Ozs7Ozs7Ozs7Ozs7Ozs7Ozs7Ozs7Ozs7Ozs7Ozs7Ozs7Ozs7Ozs7Ozs7Ozs7/8QAHwAAAQUBAQEBAQEAAAAAAAAAAAECAwQFBgcICQoL/8QAtRAAAgEDAwIEAwUFBAQAAAF9AQIDAAQRBRIhMUEGE1FhByJxFDKBkaEII0KxwRVS0fAkM2JyggkKFhcYGRolJicoKSo0NTY3ODk6Q0RFRkdISUpTVFVWV1hZWmNkZWZnaGlqc3R1dnd4eXqDhIWGh4iJipKTlJWWl5iZmqKjpKWmp6ipqrKztLW2t7i5usLDxMXGx8jJytLT1NXW19jZ2uHi4+Tl5ufo6erx8vP09fb3+Pn6/8QAHwEAAwEBAQEBAQEBAQAAAAAAAAECAwQFBgcICQoL/8QAtREAAgECBAQDBAcFBAQAAQJ3AAECAxEEBSExBhJBUQdhcRMiMoEIFEKRobHBCSMzUvAVYnLRChYkNOEl8RcYGRomJygpKjU2Nzg5OkNERUZHSElKU1RVVldYWVpjZGVmZ2hpanN0dXZ3eHl6goOEhYaHiImKkpOUlZaXmJmaoqOkpaanqKmqsrO0tba3uLm6wsPExcbHyMnK0tPU1dbX2Nna4uPk5ebn6Onq8vP09fb3+Pn6/9oADAMBAAIRAxEAPwCH4jXctotrYSHz0mywZvvKfY/jRSi3PVk15Lk0R//Z"
  };
  var __TURBOPACK__imported__module__66293__ = __turbopack_context__.i(66293);
  ;
  const __TURBOPACK__default__export__25 = {
  src: __TURBOPACK__imported__module__66293__["default"],
  width: 656,
  height: 368,
  blurWidth: 8,
  blurHeight: 4,
  blurDataURL: "data:image/jpeg;base64,/9j/4AAQSkZJRgABAgAAAQABAAD/wAARCAAEAAgDAREAAhEBAxEB/9sAQwAKBwcIBwYKCAgICwoKCw4YEA4NDQ4dFRYRGCMfJSQiHyIhJis3LyYpNCkhIjBBMTQ5Oz4+PiUuRElDPEg3PT47/9sAQwEKCwsODQ4cEBAcOygiKDs7Ozs7Ozs7Ozs7Ozs7Ozs7Ozs7Ozs7Ozs7Ozs7Ozs7Ozs7Ozs7Ozs7Ozs7Ozs7Ozs7/8QAHwAAAQUBAQEBAQEAAAAAAAAAAAECAwQFBgcICQoL/8QAtRAAAgEDAwIEAwUFBAQAAAF9AQIDAAQRBRIhMUEGE1FhByJxFDKBkaEII0KxwRVS0fAkM2JyggkKFhcYGRolJicoKSo0NTY3ODk6Q0RFRkdISUpTVFVWV1hZWmNkZWZnaGlqc3R1dnd4eXqDhIWGh4iJipKTlJWWl5iZmqKjpKWmp6ipqrKztLW2t7i5usLDxMXGx8jJytLT1NXW19jZ2uHi4+Tl5ufo6erx8vP09fb3+Pn6/8QAHwEAAwEBAQEBAQEBAQAAAAAAAAECAwQFBgcICQoL/8QAtREAAgECBAQDBAcFBAQAAQJ3AAECAxEEBSExBhJBUQdhcRMiMoEIFEKRobHBCSMzUvAVYnLRChYkNOEl8RcYGRomJygpKjU2Nzg5OkNERUZHSElKU1RVVldYWVpjZGVmZ2hpanN0dXZ3eHl6goOEhYaHiImKkpOUlZaXmJmaoqOkpaanqKmqsrO0tba3uLm6wsPExcbHyMnK0tPU1dbX2Nna4uPk5ebn6Onq8vP09fb3+Pn6/9oADAMBAAIRAxEAPwCTUbWOFAELArPGu7PJDtz/APWrFaux2TbUFLuf/9k="
  };
  var __TURBOPACK__imported__module__23414__ = __turbopack_context__.i(23414);
  ;
  const __TURBOPACK__default__export__26 = {
  src: __TURBOPACK__imported__module__23414__["default"],
  width: 656,
  height: 368,
  blurWidth: 8,
  blurHeight: 4,
  blurDataURL: "data:image/jpeg;base64,/9j/4AAQSkZJRgABAgAAAQABAAD/wAARCAAEAAgDAREAAhEBAxEB/9sAQwAKBwcIBwYKCAgICwoKCw4YEA4NDQ4dFRYRGCMfJSQiHyIhJis3LyYpNCkhIjBBMTQ5Oz4+PiUuRElDPEg3PT47/9sAQwEKCwsODQ4cEBAcOygiKDs7Ozs7Ozs7Ozs7Ozs7Ozs7Ozs7Ozs7Ozs7Ozs7Ozs7Ozs7Ozs7Ozs7Ozs7Ozs7Ozs7/8QAHwAAAQUBAQEBAQEAAAAAAAAAAAECAwQFBgcICQoL/8QAtRAAAgEDAwIEAwUFBAQAAAF9AQIDAAQRBRIhMUEGE1FhByJxFDKBkaEII0KxwRVS0fAkM2JyggkKFhcYGRolJicoKSo0NTY3ODk6Q0RFRkdISUpTVFVWV1hZWmNkZWZnaGlqc3R1dnd4eXqDhIWGh4iJipKTlJWWl5iZmqKjpKWmp6ipqrKztLW2t7i5usLDxMXGx8jJytLT1NXW19jZ2uHi4+Tl5ufo6erx8vP09fb3+Pn6/8QAHwEAAwEBAQEBAQEBAQAAAAAAAAECAwQFBgcICQoL/8QAtREAAgECBAQDBAcFBAQAAQJ3AAECAxEEBSExBhJBUQdhcRMiMoEIFEKRobHBCSMzUvAVYnLRChYkNOEl8RcYGRomJygpKjU2Nzg5OkNERUZHSElKU1RVVldYWVpjZGVmZ2hpanN0dXZ3eHl6goOEhYaHiImKkpOUlZaXmJmaoqOkpaanqKmqsrO0tba3uLm6wsPExcbHyMnK0tPU1dbX2Nna4uPk5ebn6Onq8vP09fb3+Pn6/9oADAMBAAIRAxEAPwDJvbqaMSBZGBjRcHPPLd6zjTjG1gpybi2f/9k="
  };
  var __TURBOPACK__imported__module__70216__ = __turbopack_context__.i(70216);
  ;
  const __TURBOPACK__default__export__27 = {
  src: __TURBOPACK__imported__module__70216__["default"],
  width: 656,
  height: 368,
  blurWidth: 8,
  blurHeight: 4,
  blurDataURL: "data:image/jpeg;base64,/9j/4AAQSkZJRgABAgAAAQABAAD/wAARCAAEAAgDAREAAhEBAxEB/9sAQwAKBwcIBwYKCAgICwoKCw4YEA4NDQ4dFRYRGCMfJSQiHyIhJis3LyYpNCkhIjBBMTQ5Oz4+PiUuRElDPEg3PT47/9sAQwEKCwsODQ4cEBAcOygiKDs7Ozs7Ozs7Ozs7Ozs7Ozs7Ozs7Ozs7Ozs7Ozs7Ozs7Ozs7Ozs7Ozs7Ozs7Ozs7Ozs7/8QAHwAAAQUBAQEBAQEAAAAAAAAAAAECAwQFBgcICQoL/8QAtRAAAgEDAwIEAwUFBAQAAAF9AQIDAAQRBRIhMUEGE1FhByJxFDKBkaEII0KxwRVS0fAkM2JyggkKFhcYGRolJicoKSo0NTY3ODk6Q0RFRkdISUpTVFVWV1hZWmNkZWZnaGlqc3R1dnd4eXqDhIWGh4iJipKTlJWWl5iZmqKjpKWmp6ipqrKztLW2t7i5usLDxMXGx8jJytLT1NXW19jZ2uHi4+Tl5ufo6erx8vP09fb3+Pn6/8QAHwEAAwEBAQEBAQEBAQAAAAAAAAECAwQFBgcICQoL/8QAtREAAgECBAQDBAcFBAQAAQJ3AAECAxEEBSExBhJBUQdhcRMiMoEIFEKRobHBCSMzUvAVYnLRChYkNOEl8RcYGRomJygpKjU2Nzg5OkNERUZHSElKU1RVVldYWVpjZGVmZ2hpanN0dXZ3eHl6goOEhYaHiImKkpOUlZaXmJmaoqOkpaanqKmqsrO0tba3uLm6wsPExcbHyMnK0tPU1dbX2Nna4uPk5ebn6Onq8vP09fb3+Pn6/9oADAMBAAIRAxEAPwCR4Q0luod1WJS6qrYGVxiuWnNuyZ31acYp2P/Z"
  };
  var __TURBOPACK__imported__module__98567__ = __turbopack_context__.i(98567);
  ;
  const __TURBOPACK__default__export__28 = {
  src: __TURBOPACK__imported__module__98567__["default"],
  width: 1080,
  height: 720,
  blurWidth: 8,
  blurHeight: 5,
  blurDataURL: "data:image/jpeg;base64,/9j/4AAQSkZJRgABAgAAAQABAAD/wAARCAAFAAgDAREAAhEBAxEB/9sAQwAKBwcIBwYKCAgICwoKCw4YEA4NDQ4dFRYRGCMfJSQiHyIhJis3LyYpNCkhIjBBMTQ5Oz4+PiUuRElDPEg3PT47/9sAQwEKCwsODQ4cEBAcOygiKDs7Ozs7Ozs7Ozs7Ozs7Ozs7Ozs7Ozs7Ozs7Ozs7Ozs7Ozs7Ozs7Ozs7Ozs7Ozs7Ozs7/8QAHwAAAQUBAQEBAQEAAAAAAAAAAAECAwQFBgcICQoL/8QAtRAAAgEDAwIEAwUFBAQAAAF9AQIDAAQRBRIhMUEGE1FhByJxFDKBkaEII0KxwRVS0fAkM2JyggkKFhcYGRolJicoKSo0NTY3ODk6Q0RFRkdISUpTVFVWV1hZWmNkZWZnaGlqc3R1dnd4eXqDhIWGh4iJipKTlJWWl5iZmqKjpKWmp6ipqrKztLW2t7i5usLDxMXGx8jJytLT1NXW19jZ2uHi4+Tl5ufo6erx8vP09fb3+Pn6/8QAHwEAAwEBAQEBAQEBAQAAAAAAAAECAwQFBgcICQoL/8QAtREAAgECBAQDBAcFBAQAAQJ3AAECAxEEBSExBhJBUQdhcRMiMoEIFEKRobHBCSMzUvAVYnLRChYkNOEl8RcYGRomJygpKjU2Nzg5OkNERUZHSElKU1RVVldYWVpjZGVmZ2hpanN0dXZ3eHl6goOEhYaHiImKkpOUlZaXmJmaoqOkpaanqKmqsrO0tba3uLm6wsPExcbHyMnK0tPU1dbX2Nna4uPk5ebn6Onq8vP09fb3+Pn6/9oADAMBAAIRAxEAPwC7q/iW/tvDsl1FK6yqygHdx1Ge31rmjd1lHpa/4HUo/u3Lre34n//Z"
  };
  var __TURBOPACK__imported__module__12632__ = __turbopack_context__.i(12632);
  ;
  const __TURBOPACK__default__export__29 = {
  src: __TURBOPACK__imported__module__12632__["default"],
  width: 1440,
  height: 1649,
  blurWidth: 7,
  blurHeight: 8,
  blurDataURL: "data:image/jpeg;base64,/9j/4AAQSkZJRgABAgAAAQABAAD/wAARCAAIAAcDAREAAhEBAxEB/9sAQwAKBwcIBwYKCAgICwoKCw4YEA4NDQ4dFRYRGCMfJSQiHyIhJis3LyYpNCkhIjBBMTQ5Oz4+PiUuRElDPEg3PT47/9sAQwEKCwsODQ4cEBAcOygiKDs7Ozs7Ozs7Ozs7Ozs7Ozs7Ozs7Ozs7Ozs7Ozs7Ozs7Ozs7Ozs7Ozs7Ozs7Ozs7Ozs7/8QAHwAAAQUBAQEBAQEAAAAAAAAAAAECAwQFBgcICQoL/8QAtRAAAgEDAwIEAwUFBAQAAAF9AQIDAAQRBRIhMUEGE1FhByJxFDKBkaEII0KxwRVS0fAkM2JyggkKFhcYGRolJicoKSo0NTY3ODk6Q0RFRkdISUpTVFVWV1hZWmNkZWZnaGlqc3R1dnd4eXqDhIWGh4iJipKTlJWWl5iZmqKjpKWmp6ipqrKztLW2t7i5usLDxMXGx8jJytLT1NXW19jZ2uHi4+Tl5ufo6erx8vP09fb3+Pn6/8QAHwEAAwEBAQEBAQEBAQAAAAAAAAECAwQFBgcICQoL/8QAtREAAgECBAQDBAcFBAQAAQJ3AAECAxEEBSExBhJBUQdhcRMiMoEIFEKRobHBCSMzUvAVYnLRChYkNOEl8RcYGRomJygpKjU2Nzg5OkNERUZHSElKU1RVVldYWVpjZGVmZ2hpanN0dXZ3eHl6goOEhYaHiImKkpOUlZaXmJmaoqOkpaanqKmqsrO0tba3uLm6wsPExcbHyMnK0tPU1dbX2Nna4uPk5ebn6Onq8vP09fb3+Pn6/9oADAMBAAIRAxEAPwDYt7e/nkaacSgxIqpHtK5J6k4PNcV3a9jqaV7XP//Z"
  };
  var __TURBOPACK__imported__module__50748__ = __turbopack_context__.i(50748);
  ;
  const __TURBOPACK__default__export__30 = {
  src: __TURBOPACK__imported__module__50748__["default"],
  width: 1440,
  height: 1440,
  blurWidth: 8,
  blurHeight: 8,
  blurDataURL: "data:image/jpeg;base64,/9j/4AAQSkZJRgABAgAAAQABAAD/wAARCAAIAAgDAREAAhEBAxEB/9sAQwAKBwcIBwYKCAgICwoKCw4YEA4NDQ4dFRYRGCMfJSQiHyIhJis3LyYpNCkhIjBBMTQ5Oz4+PiUuRElDPEg3PT47/9sAQwEKCwsODQ4cEBAcOygiKDs7Ozs7Ozs7Ozs7Ozs7Ozs7Ozs7Ozs7Ozs7Ozs7Ozs7Ozs7Ozs7Ozs7Ozs7Ozs7Ozs7/8QAHwAAAQUBAQEBAQEAAAAAAAAAAAECAwQFBgcICQoL/8QAtRAAAgEDAwIEAwUFBAQAAAF9AQIDAAQRBRIhMUEGE1FhByJxFDKBkaEII0KxwRVS0fAkM2JyggkKFhcYGRolJicoKSo0NTY3ODk6Q0RFRkdISUpTVFVWV1hZWmNkZWZnaGlqc3R1dnd4eXqDhIWGh4iJipKTlJWWl5iZmqKjpKWmp6ipqrKztLW2t7i5usLDxMXGx8jJytLT1NXW19jZ2uHi4+Tl5ufo6erx8vP09fb3+Pn6/8QAHwEAAwEBAQEBAQEBAQAAAAAAAAECAwQFBgcICQoL/8QAtREAAgECBAQDBAcFBAQAAQJ3AAECAxEEBSExBhJBUQdhcRMiMoEIFEKRobHBCSMzUvAVYnLRChYkNOEl8RcYGRomJygpKjU2Nzg5OkNERUZHSElKU1RVVldYWVpjZGVmZ2hpanN0dXZ3eHl6goOEhYaHiImKkpOUlZaXmJmaoqOkpaanqKmqsrO0tba3uLm6wsPExcbHyMnK0tPU1dbX2Nna4uPk5ebn6Onq8vP09fb3+Pn6/9oADAMBAAIRAxEAPwDMh8UQanqAsY7fyBMNwYSuSnGccnnp+tKMZA3FLU//2Q=="
  };
  var __TURBOPACK__imported__module__19739__ = __turbopack_context__.i(19739);
  ;
  const __TURBOPACK__default__export__31 = {
  src: __TURBOPACK__imported__module__19739__["default"],
  width: 1080,
  height: 1440,
  blurWidth: 6,
  blurHeight: 8,
  blurDataURL: "data:image/jpeg;base64,/9j/4AAQSkZJRgABAgAAAQABAAD/wAARCAAIAAYDAREAAhEBAxEB/9sAQwAKBwcIBwYKCAgICwoKCw4YEA4NDQ4dFRYRGCMfJSQiHyIhJis3LyYpNCkhIjBBMTQ5Oz4+PiUuRElDPEg3PT47/9sAQwEKCwsODQ4cEBAcOygiKDs7Ozs7Ozs7Ozs7Ozs7Ozs7Ozs7Ozs7Ozs7Ozs7Ozs7Ozs7Ozs7Ozs7Ozs7Ozs7Ozs7/8QAHwAAAQUBAQEBAQEAAAAAAAAAAAECAwQFBgcICQoL/8QAtRAAAgEDAwIEAwUFBAQAAAF9AQIDAAQRBRIhMUEGE1FhByJxFDKBkaEII0KxwRVS0fAkM2JyggkKFhcYGRolJicoKSo0NTY3ODk6Q0RFRkdISUpTVFVWV1hZWmNkZWZnaGlqc3R1dnd4eXqDhIWGh4iJipKTlJWWl5iZmqKjpKWmp6ipqrKztLW2t7i5usLDxMXGx8jJytLT1NXW19jZ2uHi4+Tl5ufo6erx8vP09fb3+Pn6/8QAHwEAAwEBAQEBAQEBAQAAAAAAAAECAwQFBgcICQoL/8QAtREAAgECBAQDBAcFBAQAAQJ3AAECAxEEBSExBhJBUQdhcRMiMoEIFEKRobHBCSMzUvAVYnLRChYkNOEl8RcYGRomJygpKjU2Nzg5OkNERUZHSElKU1RVVldYWVpjZGVmZ2hpanN0dXZ3eHl6goOEhYaHiImKkpOUlZaXmJmaoqOkpaanqKmqsrO0tba3uLm6wsPExcbHyMnK0tPU1dbX2Nna4uPk5ebn6Onq8vP09fb3+Pn6/9oADAMBAAIRAxEAPwDlbm+vtNuvMbTmWNlKqHB556nHeueM03udUoOKWh//2Q=="
  };
  'use client';
  ;
  ;
  ;
  ;
  ;
  ;
  ;
  ;
  ;
  ;
  ;
  ;
  ;
  ;
  const images = [
  __TURBOPACK__default__export__24,
  __TURBOPACK__default__export__25,
  __TURBOPACK__default__export__30,
  __TURBOPACK__default__export__31,
  __TURBOPACK__default__export__26,
  __TURBOPACK__default__export__29,
  __TURBOPACK__default__export__28,
  __TURBOPACK__default__export__27
  ];
  const gridAreas = [
  '1 / 1 / 3 / 2',
  '1 / 2 / 2 / 3',
  '2 / 2 / 4 / 3',
  '1 / 3 / 3 / 4',
  '3 / 1 / 4 / 2',
  '3 / 3 / 5 / 4',
  '4 / 1 / 5 / 2',
  '4 / 2 / 5 / 3'
  ];
  function BentoGallery() {
  const wrapRef = (0, __TURBOPACK__imported__module__72131__33["useRef"])(null);
  const galleryRef = (0, __TURBOPACK__imported__module__72131__33["useRef"])(null);
  const flipCtxRef = (0, __TURBOPACK__imported__module__72131__33["useRef"])(null);
  (0, __TURBOPACK__imported__module__72131__33["useEffect"])(()=>{
  __TURBOPACK__imported__module__26304__3["default"].registerPlugin(__TURBOPACK__imported__module__81783__1["ScrollTrigger"], Flip);
  const createTween = ()=>{
  const galleryElement = galleryRef.current;
  if (!galleryElement) return;
  const galleryItems = galleryElement.querySelectorAll('.gallery__item');
  flipCtxRef.current?.revert();
  galleryElement.classList.remove('gallery--final');
  flipCtxRef.current = __TURBOPACK__imported__module__26304__3["default"].context(()=>{
  galleryElement.classList.add('gallery--final');
  const flipState = Flip.getState(galleryItems);
  galleryElement.classList.remove('gallery--final');
  const flip = Flip.to(flipState, {
  simple: true,
  ease: 'expoScale(1, 5)'
  });
  const tl = __TURBOPACK__imported__module__26304__3["default"].timeline({
  scrollTrigger: {
  trigger: galleryElement,
  start: 'center center',
  end: '+=100%',
  scrub: true,
  pin: galleryElement.parentElement ?? undefined
  }
  });
  tl.add(flip);
  return ()=>__TURBOPACK__imported__module__26304__3["default"].set(galleryItems, {
  clearProps: 'all'
  });
  });
  };
  createTween();
  window.addEventListener('resize', createTween);
  return ()=>{
  window.removeEventListener('resize', createTween);
  flipCtxRef.current?.revert();
  };
  }, []);
  return /*#__PURE__*/ (0, __TURBOPACK__imported__module__87924__14["jsxs"])(__TURBOPACK__imported__module__87924__14["Fragment"], {
  children: [
  /*#__PURE__*/ (0, __TURBOPACK__imported__module__87924__14["jsx"])("style", {
  children: `
          .gallery--bento {
            display: grid;
            gap: 1vh;
            grid-template-columns: repeat(3, 32.5vw);
            grid-template-rows: repeat(4, 23vh);
            justify-content: center;
            align-content: center;
          }
  
          .gallery--final.gallery--bento {
            grid-template-columns: repeat(3, 100vw);
            grid-template-rows: repeat(4, 49.5vh);
            gap: 1vh;
          }
        `
  }),
  /*#__PURE__*/ (0, __TURBOPACK__imported__module__87924__14["jsx"])("div", {
  ref: wrapRef,
  className: "relative w-full h-screen flex items-center justify-center overflow-hidden border-2 border-green-600",
  children: /*#__PURE__*/ (0, __TURBOPACK__imported__module__87924__14["jsx"])("div", {
  ref: galleryRef,
  id: "gallery-8",
  className: "gallery--bento relative w-full h-full flex-none",
  children: images.map((img, i)=>/*#__PURE__*/ (0, __TURBOPACK__imported__module__87924__14["jsx"])("div", {
  className: "gallery__item bg-center bg-cover flex-none relative",
  style: {
  gridArea: gridAreas[i]
  },
  children: typeof img === 'string' ? // External URL
  /*#__PURE__*/ (0, __TURBOPACK__imported__module__87924__14["jsx"])("img", {
  src: img,
  alt: `Gallery image ${i + 1}`,
  className: "object-cover w-full h-full block"
  }) : // Local image
  /*#__PURE__*/ (0, __TURBOPACK__imported__module__87924__14["jsx"])(__TURBOPACK__imported__module__71987__5["default"], {
  src: img,
  alt: `Gallery image ${i + 1}`,
  className: "object-cover",
  fill: true,
  style: {
  objectFit: 'cover'
  }
  })
  }, i))
  })
  }),
  /*#__PURE__*/ (0, __TURBOPACK__imported__module__87924__14["jsx"])("div", {
  className: "px-20 py-8"
  })
  ]
  });
  }
  var __TURBOPACK__imported__module__87924__15 = __TURBOPACK__imported__module__87924__;
  var __TURBOPACK__imported__module__72131__34 = __TURBOPACK__imported__module__72131__;
  var __TURBOPACK__imported__module__26304__4 = __TURBOPACK__imported__module__26304__;
  var __TURBOPACK__imported__module__81783__2 = __TURBOPACK__imported__module__81783__;
  var __TURBOPACK__imported__module__87924__16 = __TURBOPACK__imported__module__87924__;
  "use client";
  ;
  const MagicCards = ()=>{
  const images = [
  "/assets/img/saman_1.png",
  "/assets/img/saman_2.png",
  "/assets/img/saman_3.png",
  "/assets/img/saman_4.png"
  ];
  return /*#__PURE__*/ (0, __TURBOPACK__imported__module__87924__16["jsx"])("section", {
  className: "w-full bg-[radial-gradient(circle_at_center,#2b0000,#000)] py-28 flex justify-center",
  children: /*#__PURE__*/ (0, __TURBOPACK__imported__module__87924__16["jsxs"])("div", {
  className: "flex items-center justify-center -space-x-10 md:-space-x-16 perspective-[1440px]",
  children: [
  /*#__PURE__*/ (0, __TURBOPACK__imported__module__87924__16["jsx"])("div", {
  className: "w-[220px] h-[320px] md:w-[325px] md:h-[370px] rounded-3xl overflow-hidden shadow-[0_20px_60px_rgba(0,0,0,0.6)] transform rotate-[-15deg] translate-y-10 transition-all duration-500 hover:scale-105 hover:rotate-0 hover:-translate-y-6 hover:z-20 [transform-style:preserve-3d]",
  children: /*#__PURE__*/ (0, __TURBOPACK__imported__module__87924__16["jsx"])("img", {
  src: images[0],
  alt: "",
  className: "w-full h-full object-cover"
  })
  }),
  /*#__PURE__*/ (0, __TURBOPACK__imported__module__87924__16["jsx"])("div", {
  className: "w-[220px] h-[320px] md:w-[325px] md:h-[370px] rounded-3xl overflow-hidden shadow-[0_20px_60px_rgba(0,0,0,0.6)] transform rotate-[-5deg] -translate-y-6 transition-all duration-500 hover:scale-105 hover:rotate-0 hover:-translate-y-6 hover:z-20 [transform-style:preserve-3d]",
  children: /*#__PURE__*/ (0, __TURBOPACK__imported__module__87924__16["jsx"])("img", {
  src: images[1],
  alt: "",
  className: "w-full h-full object-cover"
  })
  }),
  /*#__PURE__*/ (0, __TURBOPACK__imported__module__87924__16["jsx"])("div", {
  className: "w-[220px] h-[320px] md:w-[325px] md:h-[370px] rounded-3xl overflow-hidden shadow-[0_20px_60px_rgba(0,0,0,0.6)] transform rotate-[5deg] translate-y-12 transition-all duration-500 hover:scale-105 hover:rotate-0 hover:-translate-y-6 hover:z-20 [transform-style:preserve-3d]",
  children: /*#__PURE__*/ (0, __TURBOPACK__imported__module__87924__16["jsx"])("img", {
  src: images[2],
  alt: "",
  className: "w-full h-full object-cover"
  })
  }),
  /*#__PURE__*/ (0, __TURBOPACK__imported__module__87924__16["jsx"])("div", {
  className: "w-[220px] h-[320px] md:w-[325px] md:h-[370px] rounded-3xl overflow-hidden shadow-[0_20px_60px_rgba(0,0,0,0.6)] transform rotate-[15deg] -translate-y-4 transition-all duration-500 hover:scale-105 hover:rotate-0 hover:-translate-y-6 hover:z-20 [transform-style:preserve-3d]",
  children: /*#__PURE__*/ (0, __TURBOPACK__imported__module__87924__16["jsx"])("img", {
  src: images[3],
  alt: "",
  className: "w-full h-full object-cover"
  })
  })
  ]
  })
  });
  };
  const __TURBOPACK__default__export__32 = MagicCards;
  "use client";
  ;
  ;
  ;
  ;
  ;
  function HorizontalScrollText() {
  const wrapperRef = (0, __TURBOPACK__imported__module__72131__34["useRef"])(null);
  const textRef = (0, __TURBOPACK__imported__module__72131__34["useRef"])(null);
  (0, __TURBOPACK__imported__module__72131__34["useEffect"])(()=>{
  __TURBOPACK__imported__module__26304__4["default"].registerPlugin(__TURBOPACK__imported__module__81783__2["default"]);
  if (!textRef.current || !wrapperRef.current) return;
  const textEl = textRef.current;
  // 🔹 Manual split (same as your HTML version)
  const originalText = textEl.innerText;
  textEl.innerHTML = originalText.split("").map((char)=>`<span class="char inline-block">${char === " " ? "&nbsp;" : char}</span>`).join("");
  const chars = textEl.querySelectorAll(".char");
  // 🔹 Horizontal scroll
  const scrollTween = __TURBOPACK__imported__module__26304__4["default"].to(textEl, {
  xPercent: -100,
  ease: "none",
  scrollTrigger: {
  trigger: wrapperRef.current,
  pin: true,
  scrub: true,
  end: "+=4000"
  }
  });
  // 🔹 Character animations
  chars.forEach((char)=>{
  __TURBOPACK__imported__module__26304__4["default"].from(char, {
  yPercent: __TURBOPACK__imported__module__26304__4["default"].utils.random(-200, 200),
  rotation: __TURBOPACK__imported__module__26304__4["default"].utils.random(-20, 20),
  ease: "back.out(1.2)",
  scrollTrigger: {
  trigger: char,
  containerAnimation: scrollTween,
  start: "left 100%",
  end: "left 30%",
  scrub: 1
  }
  });
  });
  // Cleanup (VERY IMPORTANT in Next.js)
  return ()=>{
  __TURBOPACK__imported__module__81783__2["default"].getAll().forEach((trigger)=>trigger.kill());
  __TURBOPACK__imported__module__26304__4["default"].killTweensOf("*");
  };
  }, []);
  return /*#__PURE__*/ (0, __TURBOPACK__imported__module__87924__15["jsx"])(__TURBOPACK__imported__module__87924__15["Fragment"], {
  children: /*#__PURE__*/ (0, __TURBOPACK__imported__module__87924__15["jsxs"])("section", {
  ref: wrapperRef,
  className: "overflow-hidden h-auto flex flex-col items-center",
  children: [
  /*#__PURE__*/ (0, __TURBOPACK__imported__module__87924__15["jsx"])("div", {
  className: "container mx-auto",
  children: /*#__PURE__*/ (0, __TURBOPACK__imported__module__87924__15["jsx"])("h3", {
  ref: textRef,
  className: "big-shoulders flex w-max whitespace-nowrap gap-[1vw] pt-[50px] sm:pt-[70px] pl-[50vw] font-semibold leading-tight text-[clamp(2rem,10vw,12rem)]",
  children: "Where Magic Meets Mind, Revealing What the Eyes Cannot See."
  })
  }),
  /*#__PURE__*/ (0, __TURBOPACK__imported__module__87924__15["jsxs"])("div", {
  className: "max-w-full sm:max-w-2xl mx-auto",
  children: [
  /*#__PURE__*/ (0, __TURBOPACK__imported__module__87924__15["jsx"])("p", {
  className: "geist text-center text-[13px] sm:text-[14px] md:text-[16px] lg:text-[16px] xl:text-[16px] leading-relaxed sm:leading-relaxed md:leading-relaxed lg:leading-relaxed px-[15px]",
  children: "Attention is everywhere — but true experiences are rare. We create moments that captivate minds and defy explanation."
  }),
  /*#__PURE__*/ (0, __TURBOPACK__imported__module__87924__15["jsx"])(__TURBOPACK__default__export__32, {}),
  /*#__PURE__*/ (0, __TURBOPACK__imported__module__87924__15["jsx"])("p", {
  className: "geist text-center text-[13px] sm:text-[14px] md:text-[16px] lg:text-[16px] xl:text-[16px] leading-relaxed sm:leading-relaxed md:leading-relaxed lg:leading-relaxed px-[15px]",
  children: "His signature style lies in close-up magic — intimate, interactive, and astonishing. Performing directly at tables, he makes objects vanish and reappear in impossible places, often in the very hands of his audience. Cards, cash, borrowed jewelry, strings, even phones become instruments of wonder."
  })
  ]
  })
  ]
  })
  });
  }
  var __TURBOPACK__imported__module__87924__17 = __TURBOPACK__imported__module__87924__;
  var __TURBOPACK__imported__module__72131__35 = __TURBOPACK__imported__module__72131__;
  var __TURBOPACK__imported__module__26304__5 = __TURBOPACK__imported__module__26304__;
  var __TURBOPACK__imported__module__81783__3 = __TURBOPACK__imported__module__81783__;
  ;
  const __iconNode7 = [
  [
  "circle",
  {
  cx: "12",
  cy: "12",
  r: "10",
  key: "1mglay"
  }
  ],
  [
  "path",
  {
  d: "M12 6v6l4 2",
  key: "mmk7yg"
  }
  ]
  ];
  const Clock = createLucideIcon("clock", __iconNode7);
  ;
  ;
  const __iconNode8 = [
  [
  "path",
  {
  d: "m16 11 2 2 4-4",
  key: "9rsbq5"
  }
  ],
  [
  "path",
  {
  d: "M16 21v-2a4 4 0 0 0-4-4H6a4 4 0 0 0-4 4v2",
  key: "1yyitq"
  }
  ],
  [
  "circle",
  {
  cx: "9",
  cy: "7",
  r: "4",
  key: "nufk8"
  }
  ]
  ];
  const UserCheck = createLucideIcon("user-check", __iconNode8);
  ;
  ;
  const __iconNode9 = [
  [
  "path",
  {
  d: "m11 17 2 2a1 1 0 1 0 3-3",
  key: "efffak"
  }
  ],
  [
  "path",
  {
  d: "m14 14 2.5 2.5a1 1 0 1 0 3-3l-3.88-3.88a3 3 0 0 0-4.24 0l-.88.88a1 1 0 1 1-3-3l2.81-2.81a5.79 5.79 0 0 1 7.06-.87l.47.28a2 2 0 0 0 1.42.25L21 4",
  key: "9pr0kb"
  }
  ],
  [
  "path",
  {
  d: "m21 3 1 11h-2",
  key: "1tisrp"
  }
  ],
  [
  "path",
  {
  d: "M3 3 2 14l6.5 6.5a1 1 0 1 0 3-3",
  key: "1uvwmv"
  }
  ],
  [
  "path",
  {
  d: "M3 4h8",
  key: "1ep09j"
  }
  ]
  ];
  const Handshake = createLucideIcon("handshake", __iconNode9);
  ;
  ;
  const __iconNode10 = [
  [
  "path",
  {
  d: "M16 21v-2a4 4 0 0 0-4-4H6a4 4 0 0 0-4 4v2",
  key: "1yyitq"
  }
  ],
  [
  "path",
  {
  d: "M16 3.128a4 4 0 0 1 0 7.744",
  key: "16gr8j"
  }
  ],
  [
  "path",
  {
  d: "M22 21v-2a4 4 0 0 0-3-3.87",
  key: "kshegd"
  }
  ],
  [
  "circle",
  {
  cx: "9",
  cy: "7",
  r: "4",
  key: "nufk8"
  }
  ]
  ];
  const Users = createLucideIcon("users", __iconNode10);
  ;
  // components/HorizontalGallery.tsx
  "use client";
  ;
  ;
  ;
  ;
  ;
  __TURBOPACK__imported__module__26304__5["default"].registerPlugin(__TURBOPACK__imported__module__81783__3["ScrollTrigger"]);
  const items1 = [
  {
  icon: /*#__PURE__*/ (0, __TURBOPACK__imported__module__87924__17["jsx"])(Clock, {
  size: 32
  }),
  title: "ALWAYS ON TIME",
  description: "We know that time is precious, especially in the corporate event world. Our magicians arrive promptly, allowing you to focus on other crucial aspects of your event without worrying about delays or disruptions."
  },
  {
  icon: /*#__PURE__*/ (0, __TURBOPACK__imported__module__87924__17["jsx"])(UserCheck, {
  size: 32
  }),
  title: "WELL-DRESSED",
  description: "First impressions matter, and our best corporate magicians really understand the significance of dressing to impress. They exude sophistication, elegance, and style."
  },
  {
  icon: /*#__PURE__*/ (0, __TURBOPACK__imported__module__87924__17["jsx"])(Handshake, {
  size: 32
  }),
  title: "PROFESSIONAL CONDUCT",
  description: "Our corporate magicians maintain a respectful and courteous demeanor throughout the event. They interact seamlessly with your guests."
  },
  {
  icon: /*#__PURE__*/ (0, __TURBOPACK__imported__module__87924__17["jsx"])(Users, {
  size: 32
  }),
  title: "TAILORED FOR ADULTS",
  description: "Corporate events often cater to adult audiences who have seen it all. Each magician specializes in captivating and engaging sophisticated crowds."
  }
  ];
  function HorizontalGallery() {
  const sectionRef = (0, __TURBOPACK__imported__module__72131__35["useRef"])(null);
  const stripRef = (0, __TURBOPACK__imported__module__72131__35["useRef"])(null);
  (0, __TURBOPACK__imported__module__72131__35["useEffect"])(()=>{
  if (!sectionRef.current || !stripRef.current) return;
  const strip = stripRef.current;
  let stripWidth = strip.scrollWidth;
  let scrollDistance = stripWidth - window.innerWidth;
  const horizontalScroll = __TURBOPACK__imported__module__26304__5["default"].to(strip, {
  x: ()=>-scrollDistance,
  ease: "none",
  scrollTrigger: {
  trigger: sectionRef.current,
  start: "top top",
  end: ()=>`+=${scrollDistance}`,
  scrub: true,
  pin: true,
  anticipatePin: 1
  }
  });
  const handleResize = ()=>{
  horizontalScroll.scrollTrigger?.refresh();
  };
  window.addEventListener("resize", handleResize);
  return ()=>window.removeEventListener("resize", handleResize);
  }, []);
  return /*#__PURE__*/ (0, __TURBOPACK__imported__module__87924__17["jsxs"])("section", {
  className: "relative w-full bg-black font-sans text-white overflow-hidden",
  children: [
  /*#__PURE__*/ (0, __TURBOPACK__imported__module__87924__17["jsx"])("div", {
  className: "absolute top-1/2 left-1/2 -translate-x-1/2 -translate-y-1/2 w-[900px] h-[900px] bg-[radial-gradient(circle,_#F13333_0%,_transparent_70%)] opacity-40 pointer-events-none"
  }),
  /*#__PURE__*/ (0, __TURBOPACK__imported__module__87924__17["jsxs"])("section", {
  ref: sectionRef,
  className: "relative py-16",
  children: [
  /*#__PURE__*/ (0, __TURBOPACK__imported__module__87924__17["jsx"])("h1", {
  className: "big-shoulders text-center text-[#F0EBE6] font-bold mb-12 leading-tight tracking-[0.02em] text-[48px] sm:text-[64px] lg:text-[87px]",
  children: "How am I?"
  }),
  /*#__PURE__*/ (0, __TURBOPACK__imported__module__87924__17["jsx"])("div", {
  className: "overflow-hidden",
  children: /*#__PURE__*/ (0, __TURBOPACK__imported__module__87924__17["jsx"])("div", {
  ref: stripRef,
  className: "flex flex-nowrap gap-8 px-6",
  children: items1.map((item, idx)=>/*#__PURE__*/ (0, __TURBOPACK__imported__module__87924__17["jsxs"])("div", {
  className: "flex-shrink-0 w-80 sm:w-100 p-6 rounded-3xl shadow-2xl backdrop-blur-md bg-black/50 border border-white/10 flex flex-col items-center text-center transform transition-transform hover:shadow-3xl",
  children: [
  /*#__PURE__*/ (0, __TURBOPACK__imported__module__87924__17["jsxs"])("div", {
  className: "w-16 h-16 flex items-center justify-center rounded-full bg-gradient-to-tr from-[#F13333] to-[#F13333]/10 shadow-lg relative animate-pulseHover mb-4",
  children: [
  /*#__PURE__*/ (0, __TURBOPACK__imported__module__87924__17["jsx"])("span", {
  className: "text-white",
  children: item.icon
  }),
  /*#__PURE__*/ (0, __TURBOPACK__imported__module__87924__17["jsx"])("div", {
  className: "absolute inset-0 rounded-full border border-[#F13333]/50 blur-md animate-pulseSlow"
  })
  ]
  }),
  /*#__PURE__*/ (0, __TURBOPACK__imported__module__87924__17["jsx"])("h3", {
  className: "big-shoulders text-2xl sm:text-3xl font-semibold mb-3 text-[#F0EBE6]",
  children: item.title
  }),
  /*#__PURE__*/ (0, __TURBOPACK__imported__module__87924__17["jsx"])("p", {
  className: "geist text-gray-300 text-[15px] leading-relaxed",
  children: item.description
  })
  ]
  }, idx))
  })
  })
  ]
  })
  ]
  });
  }
  "use client";
  ;
  ;
  ;
  ;
  ;
  ;
  ;
  ;
  ;
  ;
  ;
  const page = ()=>{
  return /*#__PURE__*/ (0, __TURBOPACK__imported__module__87924__["jsxs"])("div", {
  children: [
  /*#__PURE__*/ (0, __TURBOPACK__imported__module__87924__["jsx"])(MagicianPortfolio, {}),
  /*#__PURE__*/ (0, __TURBOPACK__imported__module__87924__["jsx"])(__TURBOPACK__default__export__5, {}),
  /*#__PURE__*/ (0, __TURBOPACK__imported__module__87924__["jsx"])(__TURBOPACK__default__export__7, {}),
  /*#__PURE__*/ (0, __TURBOPACK__imported__module__87924__["jsx"])(HorizontalScrollText, {}),
  /*#__PURE__*/ (0, __TURBOPACK__imported__module__87924__["jsx"])(CardFanSection, {}),
  /*#__PURE__*/ (0, __TURBOPACK__imported__module__87924__["jsx"])(HorizontalGallery, {}),
  /*#__PURE__*/ (0, __TURBOPACK__imported__module__87924__["jsx"])(__TURBOPACK__default__export__11, {}),
  /*#__PURE__*/ (0, __TURBOPACK__imported__module__87924__["jsx"])(__TURBOPACK__default__export__6, {}),
  /*#__PURE__*/ (0, __TURBOPACK__imported__module__87924__["jsx"])(BentoGallery, {}),
  /*#__PURE__*/ (0, __TURBOPACK__imported__module__87924__["jsx"])(__TURBOPACK__default__export__23, {})
  ]
  });
  };
  const __TURBOPACK__default__export__33 = page;
  __turbopack_context__.s([
  "default",
  0,
  __TURBOPACK__default__export__33
  ], 40777);
  }),
  ];
    at <unknown> (TurbopackInternalError:   x Expected ',', got 'ident') {
  type: 'TurbopackInternalError',
  location: undefined
}
